На строке 85   в файле   80-261246162
На строке 86   в файле   80-243957895
На строке 87   в файле   80-244727128
На строке 88   в файле   80-249924389
На строке 89   в файле   80-252505112
На строке 90   в файле   80-243971625
На строке 91   в файле   80-244754477
На строке 92   в файле   80-249925094
На строке 93   в файле   80-243977541
На строке 94   в файле   80-261246411
На строке 95   в файле   80-260819770
На строке 96   в файле   80-260822026
На строке 97   в файле   80-260825538
На строке 98   в файле   80-260827615
На строке 99   в файле   80-260830459
На строке 100   в файле   80-260832806
На строке 101   в файле   80-260835437
На строке 102   в файле   80-260835244
На строке 103   в файле   80-260836045
На строке 104   в файле   80-252247823
На строке 105   в файле   80-244725558
На строке 106   в файле   80-243958955
На строке 107   в файле   80-243959914
На строке 108   в файле   80-249923796
На строке 109   в файле   80-243960083
На строке 110   в файле   80-244725548
На строке 111   в файле   80-244726306
На строке 112   в файле   80-243962533
На строке 113   в файле   80-243963022
На строке 114   в файле   80-244728612
На строке 115   в файле   80-244730634
На строке 116   в файле   80-252247654
На строке 117   в файле   80-252248363
На строке 118   в файле   80-243965609
На строке 119   в файле   80-243965888
На строке 120   в файле   80-243966002
На строке 121   в файле   80-252505120
На строке 122   в файле   80-244735476
На строке 123   в файле   80-243966377
На строке 124   в файле   80-243967274
На строке 125   в файле   80-244738493
На строке 126   в файле   80-244739302
На строке 127   в файле   80-249924378
На строке 128   в файле   80-243967973
На строке 129   в файле   80-243968315
На строке 130   в файле   80-244741528
На строке 131   в файле   80-244740941
На строке 132   в файле   80-243968508
На строке 133   в файле   80-244742629
На строке 134   в файле   80-249924484
На строке 135   в файле   80-244743369
На строке 136   в файле   80-244743972
На строке 137   в файле   80-244743472
На строке 138   в файле   80-243970358
На строке 139   в файле   80-244748317
На строке 140   в файле   80-252251266
На строке 141   в файле   80-244748975
На строке 142   в файле   80-243971058
На строке 143   в файле   80-249924859
На строке 144   в файле   80-243971508
На строке 145   в файле   80-243971550
На строке 146   в файле   80-249924856
На строке 147   в файле   80-252252069
На строке 148   в файле   80-243972659
На строке 149   в файле   80-244753381
На строке 150   в файле   80-244751883
На строке 151   в файле   80-244752481
На строке 152   в файле   80-243973103
На строке 153   в файле   80-244753900
На строке 154   в файле   80-249925015
На строке 155   в файле   80-244754502
На строке 156   в файле   80-244755052
На строке 157   в файле   80-249925004
На строке 158   в файле   80-249925084
На строке 159   в файле   80-244756361
На строке 160   в файле   80-243974543
На строке 161   в файле   80-243974365
На строке 162   в файле   80-244757589
На строке 163   в файле   80-244757569
На строке 164   в файле   80-252252615
На строке 165   в файле   80-244758154
На строке 166   в файле   80-244758838
На строке 167   в файле   80-244758833
На строке 168   в файле   80-243976519
На строке 169   в файле   80-244759988
На строке 170   в файле   80-244760695
На строке 171   в файле   80-249925244
На строке 172   в файле   80-244759446
На строке 173   в файле   80-243976829
На строке 174   в файле   80-244761278
На строке 175   в файле   80-244762464
На строке 176   в файле   80-249925235
На строке 177   в файле   80-244762434
На строке 178   в файле   80-243978108
На строке 179   в файле   80-249925334
На строке 180   в файле   80-249925414
На строке 181   в файле   80-244764000
На строке 182   в файле   80-249925342
На строке 183   в файле   80-244765466
На строке 184   в файле   80-261246107
На строке 185   в файле   80-261246245
На строке 186   в файле   80-261271552
На строке 187   в файле   80-261246366
На строке 188   в файле   80-260818929
На строке 189   в файле   80-261246519
На строке 190   в файле   80-260818915
На строке 191   в файле   80-261246518
На строке 192   в файле   80-260818958
На строке 193   в файле   80-260818911
На строке 194   в файле   80-260820530
На строке 195   в файле   80-260819742
На строке 196   в файле   80-260820574
На строке 197   в файле   80-260820597
На строке 198   в файле   80-261271564
На строке 199   в файле   80-260821228
На строке 200   в файле   80-260822064
На строке 201   в файле   80-260821273
На строке 202   в файле   80-260822072
На строке 203   в файле   80-260822094
На строке 204   в файле   80-260822825
На строке 205   в файле   80-260823553
На строке 206   в файле   80-260822905
На строке 207   в файле   80-260823714
На строке 208   в файле   80-260823700
На строке 209   в файле   80-260824652
На строке 210   в файле   80-260824606
На строке 211   в файле   80-261246543
На строке 212   в файле   80-260824616
На строке 213   в файле   80-260825392
На строке 214   в файле   80-260826182
На строке 215   в файле   80-260826053
На строке 216   в файле   80-260825377
На строке 217   в файле   80-260826058
На строке 218   в файле   80-260826901
На строке 219   в файле   80-260827044
На строке 220   в файле   80-260827756
На строке 221   в файле   80-260827490
На строке 222   в файле   80-260826852
На строке 223   в файле   80-261246687
На строке 224   в файле   80-260828547
На строке 225   в файле   80-260829439
На строке 226   в файле   80-260829079
На строке 227   в файле   80-260828345
На строке 228   в файле   80-261246758
На строке 229   в файле   80-260828412
На строке 230   в файле   80-260830515
На строке 231   в файле   80-261246640
На строке 232   в файле   80-260830463
На строке 233   в файле   80-260830520
На строке 234   в файле   80-261246827
На строке 235   в файле   80-260831209
На строке 236   в файле   80-260832139
На строке 237   в файле   80-260832128
На строке 238   в файле   80-260832132
На строке 239   в файле   80-260832145
На строке 240   в файле   80-260832136
На строке 241   в файле   80-260833731
На строке 242   в файле   80-260833773
На строке 243   в файле   80-260833648
На строке 244   в файле   80-260833632
На строке 245   в файле   80-260833711
На строке 246   в файле   80-261246808
На строке 247   в файле   80-260835217
На строке 248   в файле   80-260835197
На строке 249   в файле   80-261247175
На строке 250   в файле   80-244713599
На строке 251   в файле   80-244715870
На строке 252   в файле   80-244716429
На строке 253   в файле   80-244717279
На строке 254   в файле   80-244718745
На строке 255   в файле   80-244720265
На строке 256   в файле   80-244721860
На строке 257   в файле   80-244722553
На строке 258   в файле   80-243943002
На строке 259   в файле   80-243956374
На строке 260   в файле   80-244721061
На строке 261   в файле   80-243944555
На строке 262   в файле   80-249923363
На строке 263   в файле   80-249923396
На строке 264   в файле   80-259251059
На строке 265   в файле   80-259250991
На строке 266   в файле   80-261246416
На строке 267   в файле   80-260830496
На строке 268   в файле   80-243970848
На строке 269   в файле   80-249924772
На строке 270   в файле   80-252505117
На строке 271   в файле   80-252252101
На строке 272   в файле   80-249925005
На строке 273   в файле   80-243972913
На строке 274   в файле   80-244751880
На строке 275   в файле   80-249924920
На строке 276   в файле   80-260814495
На строке 277   в файле   80-260815438
На строке 278   в файле   80-260816147
На строке 279   в файле   80-260815828
На строке 280   в файле   80-260815695
На строке 281   в файле   80-261245357
На строке 282   в файле   80-260816061
На строке 283   в файле   80-261245447
На строке 284   в файле   80-261245590
На строке 285   в файле   80-261245451
На строке 286   в файле   80-249924743
На строке 287   в файле   80-249924581
На строке 288   в файле   80-252252152
На строке 289   в файле   80-259249462
На строке 290   в файле   80-261246722
На строке 291   в файле   80-249925499
На строке 292   в файле   80-243992318
На строке 293   в файле   80-243996109
На строке 294   в файле   80-244777796
На строке 295   в файле   80-244002050
На строке 296   в файле   80-244003431
На строке 297   в файле   80-244003871
На строке 298   в файле   80-244780933
На строке 299   в файле   80-261247087
На строке 300   в файле   80-261246968
На строке 301   в файле   80-261247013
На строке 302   в файле   80-261247040
На строке 303   в файле   80-260836493
На строке 304   в файле   80-260836629
На строке 305   в файле   80-260836732
На строке 306   в файле   80-260837087
На строке 307   в файле   80-260837092
На строке 308   в файле   80-260837484
На строке 309   в файле   80-249925654
На строке 310   в файле   80-249925761
На строке 311   в файле   80-244773457
На строке 312   в файле   80-243990312
На строке 313   в файле   80-244773985
На строке 314   в файле   80-243990486
На строке 315   в файле   80-243990995
На строке 316   в файле   80-249925774
На строке 317   в файле   80-244773883
На строке 318   в файле   80-243991776
На строке 319   в файле   80-243992506
На строке 320   в файле   80-244775497
На строке 321   в файле   80-243993120
На строке 322   в файле   80-249925751
На строке 323   в файле   80-243993473
На строке 324   в файле   80-249925826
На строке 325   в файле   80-252253219
На строке 326   в файле   80-243994493
На строке 327   в файле   80-243994851
На строке 328   в файле   80-243995552
На строке 329   в файле   80-244776627
На строке 330   в файле   80-243996601
На строке 331   в файле   80-243996604
На строке 332   в файле   80-243997061
На строке 333   в файле   80-243997072
На строке 334   в файле   80-243997517
На строке 335   в файле   80-243997510
На строке 336   в файле   80-243998024
На строке 337   в файле   80-249925832
На строке 338   в файле   80-243998494
На строке 339   в файле   80-243998700
На строке 340   в файле   80-244778526
На строке 341   в файле   80-243999419
На строке 342   в файле   80-243999672
На строке 343   в файле   80-244778544
На строке 344   в файле   80-249926041
На строке 345   в файле   80-244000168
На строке 346   в файле   80-243999860
На строке 347   в файле   80-249925972
На строке 348   в файле   80-249926000
На строке 349   в файле   80-244780194
На строке 350   в файле   80-244780272
На строке 351   в файле   80-244002495
На строке 352   в файле   80-244002702
На строке 353   в файле   80-244002938
На строке 354   в файле   80-243986021
На строке 355   в файле   80-243986052
На строке 356   в файле   80-243987348
На строке 357   в файле   80-244770893
На строке 358   в файле   80-259252741
На строке 359   в файле   80-261245553
На строке 360   в файле   80-243987117
На строке 361   в файле   80-243992935
На строке 362   в файле   80-243995025
На строке 363   в файле   80-244776232
На строке 364   в файле   80-244776965
На строке 365   в файле   80-243996894
На строке 366   в файле   80-244777415
На строке 367   в файле   80-243997802
На строке 368   в файле   80-261245594
На строке 369   в файле   80-261271381
На строке 370   в файле   80-261245526
На строке 371   в файле   80-261245861
На строке 372   в файле   80-261245682
На строке 373   в файле   80-261245811
На строке 374   в файле   80-260816781
На строке 375   в файле   80-261245884
На строке 376   в файле   80-261245760
На строке 377   в файле   80-261245799
На строке 378   в файле   80-243988120
На строке 379   в файле   80-243988326
На строке 380   в файле   80-249925593
На строке 381   в файле   80-243990055
На строке 382   в файле   80-244774724
На строке 383   в файле   80-243991261
На строке 384   в файле   80-243991505
На строке 385   в файле   80-244774282
На строке 386   в файле   80-243992246
На строке 387   в файле   80-244774738
На строке 388   в файле   80-243992928
На строке 389   в файле   80-243993285
На строке 390   в файле   80-243993674
На строке 391   в файле   80-243993851
На строке 392   в файле   80-243994031
На строке 393   в файле   80-243994562
На строке 394   в файле   80-244775843
На строке 395   в файле   80-244770603
На строке 396   в файле   80-259250929
На строке 397   в файле   80-260838208
На строке 398   в файле   80-244000304
На строке 399   в файле   80-244005371
На строке 400   в файле   80-244782995
На строке 401   в файле   80-244007157
На строке 402   в файле   80-244007937
На строке 403   в файле   80-244783399
На строке 404   в файле   80-252254488
На строке 405   в файле   80-244008414
На строке 406   в файле   80-260838171
На строке 407   в файле   80-260838562
На строке 408   в файле   80-260838472
На строке 409   в файле   80-260839112
На строке 410   в файле   80-260839062
На строке 411   в файле   80-260839638
На строке 412   в файле   80-260839659
На строке 413   в файле   80-260839869
На строке 414   в файле   80-260839965
На строке 415   в файле   80-260840605
На строке 416   в файле   80-244000721
На строке 417   в файле   80-244779364
На строке 418   в файле   80-244779357
На строке 419   в файле   80-244779804
На строке 420   в файле   80-244002472
На строке 421   в файле   80-252253332
На строке 422   в файле   80-252253907
На строке 423   в файле   80-244003123
На строке 424   в файле   80-244780975
На строке 425   в файле   80-244780569
На строке 426   в файле   80-244005164
На строке 427   в файле   80-244005620
На строке 428   в файле   80-244006126
На строке 429   в файле   80-244782183
На строке 430   в файле   80-244006509
На строке 431   в файле   80-244006768
На строке 432   в файле   80-244006989
На строке 433   в файле   80-259252989
На строке 434   в файле   80-260840536
На строке 435   в файле   80-244784199
На строке 436   в файле   80-244009977
На строке 437   в файле   80-244010069
На строке 438   в файле   80-244010319
На строке 439   в файле   80-244784512
На строке 440   в файле   80-244785009
На строке 441   в файле   80-251386517
На строке 442   в файле   80-259253351
На строке 443   в файле   80-260842915
На строке 444   в файле   80-244016538
На строке 445   в файле   80-244022227
На строке 446   в файле   80-244025220
На строке 447   в файле   80-244793900
На строке 448   в файле   80-244045458
На строке 449   в файле   80-246275206
На строке 450   в файле   80-244802918
На строке 451   в файле   80-244100007
На строке 452   в файле   80-260843429
На строке 453   в файле   80-260846330
На строке 454   в файле   80-261247088
На строке 455   в файле   80-261247263
На строке 456   в файле   80-261247340
На строке 457   в файле   80-260857992
На строке 458   в файле   80-260860169
На строке 459   в файле   80-260862243
На строке 460   в файле   80-261247713
На строке 461   в файле   80-261247950
На строке 462   в файле   80-244016526
На строке 463   в файле   80-244018788
На строке 464   в файле   80-249926762
На строке 465   в файле   80-249926765
На строке 466   в файле   80-244020171
На строке 467   в файле   80-244020471
На строке 468   в файле   80-244020770
На строке 469   в файле   80-244790527
На строке 470   в файле   80-244021049
На строке 471   в файле   80-244021616
На строке 472   в файле   80-244022195
На строке 473   в файле   80-244022749
На строке 474   в файле   80-244022758
На строке 475   в файле   80-249926941
На строке 476   в файле   80-244023340
На строке 477   в файле   80-244023900
На строке 478   в файле   80-244791126
На строке 479   в файле   80-244024487
На строке 480   в файле   80-244025112
На строке 481   в файле   80-244791839
На строке 482   в файле   80-249926951
На строке 483   в файле   80-244792398
На строке 484   в файле   80-244028214
На строке 485   в файле   80-244792459
На строке 486   в файле   80-244028947
На строке 487   в файле   80-244029278
На строке 488   в файле   80-246271004
На строке 489   в файле   80-244030362
На строке 490   в файле   80-244031527
На строке 491   в файле   80-244034743
На строке 492   в файле   80-244794241
На строке 493   в файле   80-244036011
На строке 494   в файле   80-249927117
На строке 495   в файле   80-246271785
На строке 496   в файле   80-249927138
На строке 497   в файле   80-244041705
На строке 498   в файле   80-244795603
На строке 499   в файле   80-244042385
На строке 500   в файле   80-244795866
На строке 501   в файле   80-244047735
На строке 502   в файле   80-244048992
На строке 503   в файле   80-244797011
На строке 504   в файле   80-244050612
На строке 505   в файле   80-244052998
На строке 506   в файле   80-244797256
На строке 507   в файле   80-244057117
На строке 508   в файле   80-246275186
На строке 509   в файле   80-249927411
На строке 510   в файле   80-244065016
На строке 511   в файле   80-244798913
На строке 512   в файле   80-251388175
На строке 513   в файле   80-251389590
На строке 514   в файле   80-244069930
На строке 515   в файле   80-244800820
На строке 516   в файле   80-244074309
На строке 517   в файле   80-244075784
На строке 518   в файле   80-249927849
На строке 519   в файле   80-246277530
На строке 520   в файле   80-252257089
На строке 521   в файле   80-252257642
На строке 522   в файле   80-244803178
На строке 523   в файле   80-249927958
На строке 524   в файле   80-249927932
На строке 525   в файле   80-244088165
На строке 526   в файле   80-252258546
На строке 527   в файле   80-244090949
На строке 528   в файле   80-244092338
На строке 529   в файле   80-252258325
На строке 530   в файле   80-244804760
На строке 531   в файле   80-244101135
На строке 532   в файле   80-252594303
На строке 533   в файле   80-244104729
На строке 534   в файле   80-244105452
На строке 535   в файле   80-244106668
На строке 536   в файле   80-249928014
На строке 537   в файле   80-252258947
На строке 538   в файле   80-244109388
На строке 539   в файле   80-252259980
На строке 540   в файле   80-251389883
На строке 541   в файле   80-260843902
На строке 542   в файле   80-260844181
На строке 543   в файле   80-260844213
На строке 544   в файле   80-260844299
На строке 545   в файле   80-260844775
На строке 546   в файле   80-260844777
На строке 547   в файле   80-260845405
На строке 548   в файле   80-260845560
На строке 549   в файле   80-260845809
На строке 550   в файле   80-260845879
На строке 551   в файле   80-260846380
На строке 552   в файле   80-260846859
На строке 553   в файле   80-260847002
На строке 554   в файле   80-260847385
На строке 555   в файле   80-260847485
На строке 556   в файле   80-260847914
На строке 557   в файле   80-260847760
На строке 558   в файле   80-260848324
На строке 559   в файле   80-260848503
На строке 560   в файле   80-260848855
На строке 561   в файле   80-260849133
На строке 562   в файле   80-260849404
На строке 563   в файле   80-260849734
На строке 564   в файле   80-260850444
На строке 565   в файле   80-260850707
На строке 566   в файле   80-260850991
На строке 567   в файле   80-260849827
На строке 568   в файле   80-260850822
На строке 569   в файле   80-260851069
На строке 570   в файле   80-260852034
На строке 571   в файле   80-260851485
На строке 572   в файле   80-260852654
На строке 573   в файле   80-260852655
На строке 574   в файле   80-261247410
На строке 575   в файле   80-260853467
На строке 576   в файле   80-260852783
На строке 577   в файле   80-260854199
На строке 578   в файле   80-260854266
На строке 579   в файле   80-260853906
На строке 580   в файле   80-260854323
На строке 581   в файле   80-260855298
На строке 582   в файле   80-260856088
На строке 583   в файле   80-261247335
На строке 584   в файле   80-260856102
На строке 585   в файле   80-260854997
На строке 586   в файле   80-260856114
На строке 587   в файле   80-261247510
На строке 588   в файле   80-261247533
На строке 589   в файле   80-260856454
На строке 590   в файле   80-260856961
На строке 591   в файле   80-260857523
На строке 592   в файле   80-260856765
На строке 593   в файле   80-260857926
На строке 594   в файле   80-260858343
На строке 595   в файле   80-261247422
На строке 596   в файле   80-260858531
На строке 597   в файле   80-261247704
На строке 598   в файле   80-260858144
На строке 599   в файле   80-260859176
На строке 600   в файле   80-260859652
На строке 601   в файле   80-261247706
На строке 602   в файле   80-260859143
На строке 603   в файле   80-260859842
На строке 604   в файле   80-260860879
На строке 605   в файле   80-260861661
На строке 606   в файле   80-260861619
На строке 607   в файле   80-260860912
На строке 608   в файле   80-260860984
На строке 609   в файле   80-260861426
На строке 610   в файле   80-261271673
На строке 611   в файле   80-261247710
На строке 612   в файле   80-260862207
На строке 613   в файле   80-260862322
На строке 614   в файле   80-260863006
На строке 615   в файле   80-260863767
На строке 616   в файле   80-260862925
На строке 617   в файле   80-260863035
На строке 618   в файле   80-260863592
На строке 619   в файле   80-260863635
На строке 620   в файле   80-260864398
На строке 621   в файле   80-260864837
На строке 622   в файле   80-260864393
На строке 623   в файле   80-260865016
На строке 624   в файле   80-260865037
На строке 625   в файле   80-260865700
На строке 626   в файле   80-260865039
На строке 627   в файле   80-261247812
На строке 628   в файле   80-260865719
На строке 629   в файле   80-260866531
На строке 630   в файле   80-260866436
На строке 631   в файле   80-260866360
На строке 632   в файле   80-260866479
На строке 633   в файле   80-260867006
На строке 634   в файле   80-260868381
На строке 635   в файле   80-260867809
На строке 636   в файле   80-260867055
На строке 637   в файле   80-260867796
На строке 638   в файле   80-260867720
На строке 639   в файле   80-260868586
На строке 640   в файле   80-261247951
На строке 641   в файле   80-244017081
На строке 642   в файле   80-249926769
На строке 643   в файле   80-244017672
На строке 644   в файле   80-244017387
На строке 645   в файле   80-244017633
На строке 646   в файле   80-244018012
На строке 647   в файле   80-244789643
На строке 648   в файле   80-244018526
На строке 649   в файле   80-244014427
На строке 650   в файле   80-244014938
На строке 651   в файле   80-244015479
На строке 652   в файле   80-244788384
На строке 653   в файле   80-244014164
На строке 654   в файле   80-249926684
На строке 655   в файле   80-251387064
На строке 656   в файле   80-259255149
На строке 657   в файле   80-260843081
На строке 658   в файле   80-261250305
На строке 659   в файле   80-244031127
На строке 660   в файле   80-244052475
На строке 661   в файле   80-244072792
На строке 662   в файле   80-244090988
На строке 663   в файле   80-244099879
На строке 664   в файле   80-244807855
На строке 665   в файле   80-244123040
На строке 666   в файле   80-244130654
На строке 667   в файле   80-261250133
На строке 668   в файле   80-261250590
На строке 669   в файле   80-261250911
На строке 670   в файле   80-260922224
На строке 671   в файле   80-260923807
На строке 672   в файле   80-260925316
На строке 673   в файле   80-261251370
На строке 674   в файле   80-260928166
На строке 675   в файле   80-260929822
На строке 676   в файле   80-260931395
На строке 677   в файле   80-246271793
На строке 678   в файле   80-244041316
На строке 679   в файле   80-244043841
На строке 680   в файле   80-244045521
На строке 681   в файле   80-244796155
На строке 682   в файле   80-244046627
На строке 683   в файле   80-244046667
На строке 684   в файле   80-249927209
На строке 685   в файле   80-244048873
На строке 686   в файле   80-249927312
На строке 687   в файле   80-244052991
На строке 688   в файле   80-244053722
На строке 689   в файле   80-244055698
На строке 690   в файле   80-244798090
На строке 691   в файле   80-244063604
На строке 692   в файле   80-244065552
На строке 693   в файле   80-252335021
На строке 694   в файле   80-246276076
На строке 695   в файле   80-252257002
На строке 696   в файле   80-244071359
На строке 697   в файле   80-244074271
На строке 698   в файле   80-249927774
На строке 699   в файле   80-244077297
На строке 700   в файле   80-244080452
На строке 701   в файле   80-244081245
На строке 702   в файле   80-249927913
На строке 703   в файле   80-244086611
На строке 704   в файле   80-244086614
На строке 705   в файле   80-244804502
На строке 706   в файле   80-244089566
На строке 707   в файле   80-244093127
На строке 708   в файле   80-244093725
На строке 709   в файле   80-252257763
На строке 710   в файле   80-244804990
На строке 711   в файле   80-244096325
На строке 712   в файле   80-244096788
На строке 713   в файле   80-244805300
На строке 714   в файле   80-244098105
На строке 715   в файле   80-244098722
На строке 716   в файле   80-252258843
На строке 717   в файле   80-244806031
На строке 718   в файле   80-244806214
На строке 719   в файле   80-244806451
На строке 720   в файле   80-244806648
На строке 721   в файле   80-251390121
На строке 722   в файле   80-252259384
На строке 723   в файле   80-251389626
На строке 724   в файле   80-244109461
На строке 725   в файле   80-244110964
На строке 726   в файле   80-246284675
На строке 727   в файле   80-252506298
На строке 728   в файле   80-252259370
На строке 729   в файле   80-246285577
На строке 730   в файле   80-252262627
На строке 731   в файле   80-244117780
На строке 732   в файле   80-244809813
На строке 733   в файле   80-244119694
На строке 734   в файле   80-249928581
На строке 735   в файле   80-244120932
На строке 736   в файле   80-244121561
На строке 737   в файле   80-244123568
На строке 738   в файле   80-244124937
На строке 739   в файле   80-244810937
На строке 740   в файле   80-244811149
На строке 741   в файле   80-244127069
На строке 742   в файле   80-249928564
На строке 743   в файле   80-249928647
На строке 744   в файле   80-244129503
На строке 745   в файле   80-244811291
На строке 746   в файле   80-249928853
На строке 747   в файле   80-244811687
На строке 748   в файле   80-251390726
На строке 749   в файле   80-244133586
На строке 750   в файле   80-244134897
На строке 751   в файле   80-249928762
На строке 752   в файле   80-244137767
На строке 753   в файле   80-249928760
На строке 754   в файле   80-244139036
На строке 755   в файле   80-244139019
На строке 756   в файле   80-249928766
На строке 757   в файле   80-261250713
На строке 758   в файле   80-261250452
На строке 759   в файле   80-261250296
На строке 760   в файле   80-261250457
На строке 761   в файле   80-261250358
На строке 762   в файле   80-261277236
На строке 763   в файле   80-261250555
На строке 764   в файле   80-261250437
На строке 765   в файле   80-261277244
На строке 766   в файле   80-261250823
На строке 767   в файле   80-261250825
На строке 768   в файле   80-261251110
На строке 769   в файле   80-261250707
На строке 770   в файле   80-261251000
На строке 771   в файле   80-260919533
На строке 772   в файле   80-261250789
На строке 773   в файле   80-260919543
На строке 774   в файле   80-260919552
На строке 775   в файле   80-260919614
На строке 776   в файле   80-260919714
На строке 777   в файле   80-260920032
На строке 778   в файле   80-261251054
На строке 779   в файле   80-261250931
На строке 780   в файле   80-261251087
На строке 781   в файле   80-261272247
На строке 782   в файле   80-261251225
На строке 783   в файле   80-260922206
На строке 784   в файле   80-260922215
На строке 785   в файле   80-260922223
На строке 786   в файле   80-260922219
На строке 787   в файле   80-260922210
На строке 788   в файле   80-260922979
На строке 789   в файле   80-260923153
На строке 790   в файле   80-260922981
На строке 791   в файле   80-260923079
На строке 792   в файле   80-260923064
На строке 793   в файле   80-260922991
На строке 794   в файле   80-260923805
На строке 795   в файле   80-260923822
На строке 796   в файле   80-260923913
На строке 797   в файле   80-260923902
На строке 798   в файле   80-260924546
На строке 799   в файле   80-260924125
На строке 800   в файле   80-260924627
На строке 801   в файле   80-260924617
На строке 802   в файле   80-260924633
На строке 803   в файле   80-260924903
На строке 804   в файле   80-261251270
На строке 805   в файле   80-260924900
На строке 806   в файле   80-260925405
На строке 807   в файле   80-261251292
На строке 808   в файле   80-260925686
На строке 809   в файле   80-260925239
На строке 810   в файле   80-261251230
На строке 811   в файле   80-260926096
На строке 812   в файле   80-260926231
На строке 813   в файле   80-260925876
На строке 814   в файле   80-260926362
На строке 815   в файле   80-261251382
На строке 816   в файле   80-260926283
На строке 817   в файле   80-260927035
На строке 818   в файле   80-260926666
На строке 819   в файле   80-260927124
На строке 820   в файле   80-261251506
На строке 821   в файле   80-260927002
На строке 822   в файле   80-260927273
На строке 823   в файле   80-260927715
На строке 824   в файле   80-260927966
На строке 825   в файле   80-261251543
На строке 826   в файле   80-261251591
На строке 827   в файле   80-260928430
На строке 828   в файле   80-260928449
На строке 829   в файле   80-260928797
На строке 830   в файле   80-260929201
На строке 831   в файле   80-260929204
На строке 832   в файле   80-260928782
На строке 833   в файле   80-260929087
На строке 834   в файле   80-260929093
На строке 835   в файле   80-260929386
На строке 836   в файле   80-261251505
На строке 837   в файле   80-260929476
На строке 838   в файле   80-260929846
На строке 839   в файле   80-260929852
На строке 840   в файле   80-260930151
На строке 841   в файле   80-260930453
На строке 842   в файле   80-260930166
На строке 843   в файле   80-260930495
На строке 844   в файле   80-260930764
На строке 845   в файле   80-260930944
На строке 846   в файле   80-260931291
На строке 847   в файле   80-260931424
На строке 848   в файле   80-261251742
На строке 849   в файле   80-260931968
На строке 850   в файле   80-261251625
На строке 851   в файле   80-260931774
На строке 852   в файле   80-260932313
На строке 853   в файле   80-260932731
На строке 854   в файле   80-260932661
На строке 855   в файле   80-260932369
На строке 856   в файле   80-260932906
На строке 857   в файле   80-244033468
На строке 858   в файле   80-244034261
На строке 859   в файле   80-244794520
На строке 860   в файле   80-244035106
На строке 861   в файле   80-244036420
На строке 862   в файле   80-244037208
На строке 863   в файле   80-244038109
На строке 864   в файле   80-244039259
На строке 865   в файле   80-251387605
На строке 866   в файле   80-244030450
На строке 867   в файле   80-244791458
На строке 868   в файле   80-244791791
На строке 869   в файле   80-244792652
На строке 870   в файле   80-244023638
На строке 871   в файле   80-244024513
На строке 872   в файле   80-244025876
На строке 873   в файле   80-244028227
На строке 874   в файле   80-249926938
На строке 875   в файле   80-260917310
На строке 876   в файле   80-260927432
На строке 877   в файле   80-260870637
На строке 878   в файле   80-244037248
На строке 879   в файле   80-244049466
На строке 880   в файле   80-259213057
На строке 881   в файле   80-244804269
На строке 882   в файле   80-244097488
На строке 883   в файле   80-252258362
На строке 884   в файле   80-244120364
На строке 885   в файле   80-251390390
На строке 886   в файле   80-260869997
На строке 887   в файле   80-260873336
На строке 888   в файле   80-260875488
На строке 889   в файле   80-261248067
На строке 890   в файле   80-260879788
На строке 891   в файле   80-260881602
На строке 892   в файле   80-260883628
На строке 893   в файле   80-260884267
На строке 894   в файле   80-260883785
На строке 895   в файле   80-261248299
На строке 896   в файле   80-244038429
На строке 897   в файле   80-244039449
На строке 898   в файле   80-244040738
На строке 899   в файле   80-244040780
На строке 900   в файле   80-244041839
На строке 901   в файле   80-244042899
На строке 902   в файле   80-244044431
На строке 903   в файле   80-246273129
На строке 904   в файле   80-251387631
На строке 905   в файле   80-244796414
На строке 906   в файле   80-244796723
На строке 907   в файле   80-244051249
На строке 908   в файле   80-244797255
На строке 909   в файле   80-244055016
На строке 910   в файле   80-244797802
На строке 911   в файле   80-244797811
На строке 912   в файле   80-252255712
На строке 913   в файле   80-244798361
На строке 914   в файле   80-246273892
На строке 915   в файле   80-244798661
На строке 916   в файле   80-252255882
На строке 917   в файле   80-244071400
На строке 918   в файле   80-244072821
На строке 919   в файле   80-244073488
На строке 920   в файле   80-252335706
На строке 921   в файле   80-244077294
На строке 922   в файле   80-249927863
На строке 923   в файле   80-244803227
На строке 924   в файле   80-244081900
На строке 925   в файле   80-251389631
На строке 926   в файле   80-244088099
На строке 927   в файле   80-244088792
На строке 928   в файле   80-244089513
На строке 929   в файле   80-244804512
На строке 930   в файле   80-244091632
На строке 931   в файле   80-244092433
На строке 932   в файле   80-244805046
На строке 933   в файле   80-244094387
На строке 934   в файле   80-244094959
На строке 935   в файле   80-244095585
На строке 936   в файле   80-244805523
На строке 937   в файле   80-244805581
На строке 938   в файле   80-246278304
На строке 939   в файле   80-244100580
На строке 940   в файле   80-244101050
На строке 941   в файле   80-244101816
На строке 942   в файле   80-252595052
На строке 943   в файле   80-244806017
На строке 944   в файле   80-244806669
На строке 945   в файле   80-244106572
На строке 946   в файле   80-244109917
На строке 947   в файле   80-244110966
На строке 948   в файле   80-244112096
На строке 949   в файле   80-244807912
На строке 950   в файле   80-244808093
На строке 951   в файле   80-252506557
На строке 952   в файле   80-249928448
На строке 953   в файле   80-246286208
На строке 954   в файле   80-251390119
На строке 955   в файле   80-244120320
На строке 956   в файле   80-244121692
На строке 957   в файле   80-244810039
На строке 958   в файле   80-249928570
На строке 959   в файле   80-244122183
На строке 960   в файле   80-249928558
На строке 961   в файле   80-251390678
На строке 962   в файле   80-244811163
На строке 963   в файле   80-244125788
На строке 964   в файле   80-244125628
На строке 965   в файле   80-244127554
На строке 966   в файле   80-244129701
На строке 967   в файле   80-244811490
На строке 968   в файле   80-244131767
На строке 969   в файле   80-244133713
На строке 970   в файле   80-244812118
На строке 971   в файле   80-244134347
На строке 972   в файле   80-244135510
На строке 973   в файле   80-244136634
На строке 974   в файле   80-244136667
На строке 975   в файле   80-244139283
На строке 976   в файле   80-260870754
На строке 977   в файле   80-260870611
На строке 978   в файле   80-260871898
На строке 979   в файле   80-260871028
На строке 980   в файле   80-260871941
На строке 981   в файле   80-260871254
На строке 982   в файле   80-260872546
На строке 983   в файле   80-260872048
На строке 984   в файле   80-260873286
На строке 985   в файле   80-260872668
На строке 986   в файле   80-260872702
На строке 987   в файле   80-260873988
На строке 988   в файле   80-260873332
На строке 989   в файле   80-261247807
На строке 990   в файле   80-260873990
На строке 991   в файле   80-260874787
На строке 992   в файле   80-260874005
На строке 993   в файле   80-260875476
На строке 994   в файле   80-260874665
На строке 995   в файле   80-260874627
На строке 996   в файле   80-260876057
На строке 997   в файле   80-260875357
На строке 998   в файле   80-261247957
На строке 999   в файле   80-260876251
На строке 1000   в файле   80-260876039
На строке 1001   в файле   80-260876679
На строке 1002   в файле   80-261247953
На строке 1003   в файле   80-260876685
На строке 1004   в файле   80-260876647
На строке 1005   в файле   80-260877398
На строке 1006   в файле   80-260878052
На строке 1007   в файле   80-260877247
На строке 1008   в файле   80-261271684
На строке 1009   в файле   80-260877779
На строке 1010   в файле   80-260878478
На строке 1011   в файле   80-260878071
На строке 1012   в файле   80-261248202
На строке 1013   в файле   80-260878637
На строке 1014   в файле   80-260878559
На строке 1015   в файле   80-260879105
На строке 1016   в файле   80-261248060
На строке 1017   в файле   80-260879280
На строке 1018   в файле   80-260880228
На строке 1019   в файле   80-260879710
На строке 1020   в файле   80-260880409
На строке 1021   в файле   80-260880964
На строке 1022   в файле   80-260880289
На строке 1023   в файле   80-260880478
На строке 1024   в файле   80-260881369
На строке 1025   в файле   80-260880863
На строке 1026   в файле   80-260882253
На строке 1027   в файле   80-260881958
На строке 1028   в файле   80-260881962
На строке 1029   в файле   80-260882737
На строке 1030   в файле   80-260881933
На строке 1031   в файле   80-260882767
На строке 1032   в файле   80-261248222
На строке 1033   в файле   80-260883136
На строке 1034   в файле   80-260883126
На строке 1035   в файле   80-261248208
На строке 1036   в файле   80-244029626
На строке 1037   в файле   80-244030792
На строке 1038   в файле   80-244033080
На строке 1039   в файле   80-244792983
На строке 1040   в файле   80-244793231
На строке 1041   в файле   80-244028952
На строке 1042   в файле   80-244033891
На строке 1043   в файле   80-251387912
На строке 1044   в файле   80-252505458
На строке 1045   в файле   80-260841994
На строке 1046   в файле   80-260934018
На строке 1047   в файле   80-244035541
На строке 1048   в файле   80-244813167
На строке 1049   в файле   80-244155349
На строке 1050   в файле   80-244815006
На строке 1051   в файле   80-246295389
На строке 1052   в файле   80-249929597
На строке 1053   в файле   80-244819040
На строке 1054   в файле   80-249930004
На строке 1055   в файле   80-260934019
На строке 1056   в файле   80-260935600
На строке 1057   в файле   80-260936765
На строке 1058   в файле   80-261252112
На строке 1059   в файле   80-260938653
На строке 1060   в файле   80-260939533
На строке 1061   в файле   80-260940440
На строке 1062   в файле   80-260941602
На строке 1063   в файле   80-261252744
На строке 1064   в файле   80-260943273
На строке 1065   в файле   80-244036835
На строке 1066   в файле   80-244051830
На строке 1067   в файле   80-246276572
На строке 1068   в файле   80-244087284
На строке 1069   в файле   80-244108792
На строке 1070   в файле   80-244123083
На строке 1071   в файле   80-244811967
На строке 1072   в файле   80-244141963
На строке 1073   в файле   80-244145315
На строке 1074   в файле   80-244147341
На строке 1075   в файле   80-244148529
На строке 1076   в файле   80-244813339
На строке 1077   в файле   80-244149617
На строке 1078   в файле   80-244150080
На строке 1079   в файле   80-244813529
На строке 1080   в файле   80-244152174
На строке 1081   в файле   80-249928975
На строке 1082   в файле   80-244153633
На строке 1083   в файле   80-246290372
На строке 1084   в файле   80-244813846
На строке 1085   в файле   80-244814022
На строке 1086   в файле   80-244157448
На строке 1087   в файле   80-244814177
На строке 1088   в файле   80-244158227
На строке 1089   в файле   80-246290223
На строке 1090   в файле   80-244814658
На строке 1091   в файле   80-244160766
На строке 1092   в файле   80-244161187
На строке 1093   в файле   80-249929186
На строке 1094   в файле   80-244815187
На строке 1095   в файле   80-244163876
На строке 1096   в файле   80-244164521
На строке 1097   в файле   80-249929263
На строке 1098   в файле   80-249929290
На строке 1099   в файле   80-244815648
На строке 1100   в файле   80-244815646
На строке 1101   в файле   80-244168414
На строке 1102   в файле   80-251391466
На строке 1103   в файле   80-244816511
На строке 1104   в файле   80-244169309
На строке 1105   в файле   80-246295397
На строке 1106   в файле   80-244170976
На строке 1107   в файле   80-246296346
На строке 1108   в файле   80-244171894
На строке 1109   в файле   80-249929508
На строке 1110   в файле   80-249929598
На строке 1111   в файле   80-251391746
На строке 1112   в файле   80-244173634
На строке 1113   в файле   80-252263274
На строке 1114   в файле   80-251392308
На строке 1115   в файле   80-244175227
На строке 1116   в файле   80-244818706
На строке 1117   в файле   80-244176032
На строке 1118   в файле   80-246298279
На строке 1119   в файле   80-244818714
На строке 1120   в файле   80-244177667
На строке 1121   в файле   80-249929779
На строке 1122   в файле   80-244818835
На строке 1123   в файле   80-246300925
На строке 1124   в файле   80-249929690
На строке 1125   в файле   80-244180593
На строке 1126   в файле   80-244819676
На строке 1127   в файле   80-244819895
На строке 1128   в файле   80-244182065
На строке 1129   в файле   80-249929817
На строке 1130   в файле   80-244182596
На строке 1131   в файле   80-244820014
На строке 1132   в файле   80-249929989
На строке 1133   в файле   80-244183204
На строке 1134   в файле   80-246304962
На строке 1135   в файле   80-244184203
На строке 1136   в файле   80-249929914
На строке 1137   в файле   80-251394900
На строке 1138   в файле   80-244821050
На строке 1139   в файле   80-249930087
На строке 1140   в файле   80-244821256
На строке 1141   в файле   80-246312441
На строке 1142   в файле   80-251395399
На строке 1143   в файле   80-246312864
На строке 1144   в файле   80-244821595
На строке 1145   в файле   80-260934349
На строке 1146   в файле   80-261251981
На строке 1147   в файле   80-260934822
На строке 1148   в файле   80-260934803
На строке 1149   в файле   80-260934965
На строке 1150   в файле   80-260934671
На строке 1151   в файле   80-260935104
На строке 1152   в файле   80-260934909
На строке 1153   в файле   80-260935454
На строке 1154   в файле   80-260935472
На строке 1155   в файле   80-261251902
На строке 1156   в файле   80-260935620
На строке 1157   в файле   80-260935637
На строке 1158   в файле   80-260935942
На строке 1159   в файле   80-260936012
На строке 1160   в файле   80-260936101
На строке 1161   в файле   80-260935858
На строке 1162   в файле   80-260936173
На строке 1163   в файле   80-260936121
На строке 1164   в файле   80-260936471
На строке 1165   в файле   80-260936613
На строке 1166   в файле   80-260936371
На строке 1167   в файле   80-260936911
На строке 1168   в файле   80-261251978
На строке 1169   в файле   80-261252210
На строке 1170   в файле   80-261252103
На строке 1171   в файле   80-260937202
На строке 1172   в файле   80-260937482
На строке 1173   в файле   80-260937078
На строке 1174   в файле   80-260937313
На строке 1175   в файле   80-260937357
На строке 1176   в файле   80-260937845
На строке 1177   в файле   80-260937594
На строке 1178   в файле   80-260938148
На строке 1179   в файле   80-260938023
На строке 1180   в файле   80-260938013
На строке 1181   в файле   80-260937873
На строке 1182   в файле   80-261252276
На строке 1183   в файле   80-261252230
На строке 1184   в файле   80-260938763
На строке 1185   в файле   80-260938593
На строке 1186   в файле   80-260938455
На строке 1187   в файле   80-260938685
На строке 1188   в файле   80-260938831
На строке 1189   в файле   80-261252214
На строке 1190   в файле   80-261252472
На строке 1191   в файле   80-260939332
На строке 1192   в файле   80-260939057
На строке 1193   в файле   80-260939280
На строке 1194   в файле   80-261252391
На строке 1195   в файле   80-260939384
На строке 1196   в файле   80-260939946
На строке 1197   в файле   80-260939684
На строке 1198   в файле   80-260939898
На строке 1199   в файле   80-260939917
На строке 1200   в файле   80-260939938
На строке 1201   в файле   80-260940222
На строке 1202   в файле   80-260940579
На строке 1203   в файле   80-261252450
На строке 1204   в файле   80-260940459
На строке 1205   в файле   80-261252607
На строке 1206   в файле   80-260940747
На строке 1207   в файле   80-261252466
На строке 1208   в файле   80-260940668
На строке 1209   в файле   80-260941087
На строке 1210   в файле   80-260941010
На строке 1211   в файле   80-260940975
На строке 1212   в файле   80-261252552
На строке 1213   в файле   80-260941055
На строке 1214   в файле   80-260941180
На строке 1215   в файле   80-260941807
На строке 1216   в файле   80-261252786
На строке 1217   в файле   80-260941473
На строке 1218   в файле   80-260941541
На строке 1219   в файле   80-261252736
На строке 1220   в файле   80-260942330
На строке 1221   в файле   80-260942164
На строке 1222   в файле   80-260941870
На строке 1223   в файле   80-260942023
На строке 1224   в файле   80-260942101
На строке 1225   в файле   80-260942305
На строке 1226   в файле   80-260942636
На строке 1227   в файле   80-260942378
На строке 1228   в файле   80-260942556
На строке 1229   в файле   80-261272059
На строке 1230   в файле   80-260942833
На строке 1231   в файле   80-261252806
На строке 1232   в файле   80-260943315
На строке 1233   в файле   80-261252827
На строке 1234   в файле   80-260943033
На строке 1235   в файле   80-260943211
На строке 1236   в файле   80-260943439
На строке 1237   в файле   80-261272231
На строке 1238   в файле   80-260943580
На строке 1239   в файле   80-260943590
На строке 1240   в файле   80-260943844
На строке 1241   в файле   80-260943829
На строке 1242   в файле   80-260943958
На строке 1243   в файле   80-260943841
На строке 1244   в файле   80-261252995
На строке 1245   в файле   80-261272246
На строке 1246   в файле   80-244038962
На строке 1247   в файле   80-244794798
На строке 1248   в файле   80-244795381
На строке 1249   в файле   80-249927319
На строке 1250   в файле   80-249927323
На строке 1251   в файле   80-244796203
На строке 1252   в файле   80-244047150
На строке 1253   в файле   80-244048397
На строке 1254   в файле   80-244049961
На строке 1255   в файле   80-249927348
На строке 1256   в файле   80-244054300
На строке 1257   в файле   80-244797555
На строке 1258   в файле   80-244055644
На строке 1259   в файле   80-244057808
На строке 1260   в файле   80-252256337
На строке 1261   в файле   80-244059239
На строке 1262   в файле   80-244798383
На строке 1263   в файле   80-252256329
На строке 1264   в файле   80-252255839
На строке 1265   в файле   80-252335362
На строке 1266   в файле   80-252257115
На строке 1267   в файле   80-244072001
На строке 1268   в файле   80-244801090
На строке 1269   в файле   80-244075065
На строке 1270   в файле   80-252505491
На строке 1271   в файле   80-244801102
На строке 1272   в файле   80-246278329
На строке 1273   в файле   80-244082641
На строке 1274   в файле   80-244085811
На строке 1275   в файле   80-249927917
На строке 1276   в файле   80-244090275
На строке 1277   в файле   80-244093820
На строке 1278   в файле   80-244094973
На строке 1279   в файле   80-244096201
На строке 1280   в файле   80-244097491
На строке 1281   в файле   80-244098761
На строке 1282   в файле   80-244805783
На строке 1283   в файле   80-244105417
На строке 1284   в файле   80-244105979
На строке 1285   в файле   80-244107125
На строке 1286   в файле   80-244107672
На строке 1287   в файле   80-244110976
На строке 1288   в файле   80-244807650
На строке 1289   в файле   80-244112110
На строке 1290   в файле   80-251390185
На строке 1291   в файле   80-252595172
На строке 1292   в файле   80-244116590
На строке 1293   в файле   80-249928559
На строке 1294   в файле   80-244118577
На строке 1295   в файле   80-244119074
На строке 1296   в файле   80-244810041
На строке 1297   в файле   80-244124235
На строке 1298   в файле   80-244126260
На строке 1299   в файле   80-244126887
На строке 1300   в файле   80-244128296
На строке 1301   в файле   80-246286156
На строке 1302   в файле   80-244130057
На строке 1303   в файле   80-244131247
На строке 1304   в файле   80-244131191
На строке 1305   в файле   80-244132332
На строке 1306   в файле   80-249928747
На строке 1307   в файле   80-244133042
На строке 1308   в файле   80-244134976
На строке 1309   в файле   80-244811941
На строке 1310   в файле   80-244136639
На строке 1311   в файле   80-244137830
На строке 1312   в файле   80-244137770
На строке 1313   в файле   80-251390729
На строке 1314   в файле   80-244140130
На строке 1315   в файле   80-244140375
На строке 1316   в файле   80-249928846
На строке 1317   в файле   80-244141955
На строке 1318   в файле   80-244141943
На строке 1319   в файле   80-244143124
На строке 1320   в файле   80-244143071
На строке 1321   в файле   80-244143067
На строке 1322   в файле   80-244812964
На строке 1323   в файле   80-244144260
На строке 1324   в файле   80-244144218
На строке 1325   в файле   80-244144178
На строке 1326   в файле   80-249929089
На строке 1327   в файле   80-244145236
На строке 1328   в файле   80-251390909
На строке 1329   в файле   80-244813132
На строке 1330   в файле   80-244146294
На строке 1331   в файле   80-244146301
На строке 1332   в файле   80-249928967
На строке 1333   в файле   80-244147342
На строке 1334   в файле   80-244794519
На строке 1335   в файле   80-260934218
На строке 1336   в файле   80-260948237
На строке 1337   в файле   80-244147493
На строке 1338   в файле   80-244177183
На строке 1339   в файле   80-249929685
На строке 1340   в файле   80-246310470
На строке 1341   в файле   80-249930178
На строке 1342   в файле   80-244191869
На строке 1343   в файле   80-249930422
На строке 1344   в файле   80-244824198
На строке 1345   в файле   80-261253351
На строке 1346   в файле   80-260949341
На строке 1347   в файле   80-260950359
На строке 1348   в файле   80-260951379
На строке 1349   в файле   80-260952319
На строке 1350   в файле   80-261253787
На строке 1351   в файле   80-260954043
На строке 1352   в файле   80-260954579
На строке 1353   в файле   80-260955801
На строке 1354   в файле   80-260956915
На строке 1355   в файле   80-246289531
На строке 1356   в файле   80-244154493
На строке 1357   в файле   80-244160382
На строке 1358   в файле   80-252263383
На строке 1359   в файле   80-251392082
На строке 1360   в файле   80-244174187
На строке 1361   в файле   80-251392073
На строке 1362   в файле   80-252336132
На строке 1363   в файле   80-246297620
На строке 1364   в файле   80-251393144
На строке 1365   в файле   80-244178204
На строке 1366   в файле   80-252336456
На строке 1367   в файле   80-244819013
На строке 1368   в файле   80-251393638
На строке 1369   в файле   80-244179562
На строке 1370   в файле   80-251394229
На строке 1371   в файле   80-244180464
На строке 1372   в файле   80-244819511
На строке 1373   в файле   80-244180804
На строке 1374   в файле   80-244819837
На строке 1375   в файле   80-251394315
На строке 1376   в файле   80-244182795
На строке 1377   в файле   80-244820133
На строке 1378   в файле   80-246305677
На строке 1379   в файле   80-249929988
На строке 1380   в файле   80-246305543
На строке 1381   в файле   80-246307617
На строке 1382   в файле   80-244184493
На строке 1383   в файле   80-251394800
На строке 1384   в файле   80-251395088
На строке 1385   в файле   80-246311026
На строке 1386   в файле   80-246311604
На строке 1387   в файле   80-244821619
На строке 1388   в файле   80-246313771
На строке 1389   в файле   80-244821950
На строке 1390   в файле   80-251396105
На строке 1391   в файле   80-246314777
На строке 1392   в файле   80-246315524
На строке 1393   в файле   80-246316806
На строке 1394   в файле   80-246316218
На строке 1395   в файле   80-249930105
На строке 1396   в файле   80-251396270
На строке 1397   в файле   80-252336502
На строке 1398   в файле   80-246318119
На строке 1399   в файле   80-252336819
На строке 1400   в файле   80-249930281
На строке 1401   в файле   80-246319281
На строке 1402   в файле   80-244822479
На строке 1403   в файле   80-244822651
На строке 1404   в файле   80-244822883
На строке 1405   в файле   80-244823006
На строке 1406   в файле   80-244192132
На строке 1407   в файле   80-246323976
На строке 1408   в файле   80-251398189
На строке 1409   в файле   80-246325185
На строке 1410   в файле   80-244823361
На строке 1411   в файле   80-251398925
На строке 1412   в файле   80-244193821
На строке 1413   в файле   80-251398540
На строке 1414   в файле   80-249930390
На строке 1415   в файле   80-244194761
На строке 1416   в файле   80-251398943
На строке 1417   в файле   80-244195289
На строке 1418   в файле   80-249930376
На строке 1419   в файле   80-251399629
На строке 1420   в файле   80-244195950
На строке 1421   в файле   80-244824014
На строке 1422   в файле   80-252263719
На строке 1423   в файле   80-251399262
На строке 1424   в файле   80-246328791
На строке 1425   в файле   80-246329321
На строке 1426   в файле   80-244197202
На строке 1427   в файле   80-246328616
На строке 1428   в файле   80-244824749
На строке 1429   в файле   80-244197897
На строке 1430   в файле   80-251399889
На строке 1431   в файле   80-244824832
На строке 1432   в файле   80-246330564
На строке 1433   в файле   80-246330551
На строке 1434   в файле   80-249930732
На строке 1435   в файле   80-260947981
На строке 1436   в файле   80-260948128
На строке 1437   в файле   80-260948274
На строке 1438   в файле   80-260948303
На строке 1439   в файле   80-260948742
На строке 1440   в файле   80-260948523
На строке 1441   в файле   80-260948510
На строке 1442   в файле   80-260948812
На строке 1443   в файле   80-260948972
На строке 1444   в файле   80-260948779
На строке 1445   в файле   80-260949162
На строке 1446   в файле   80-260949257
На строке 1447   в файле   80-260949344
На строке 1448   в файле   80-260949702
На строке 1449   в файле   80-260949572
На строке 1450   в файле   80-260950034
На строке 1451   в файле   80-260949859
На строке 1452   в файле   80-260949901
На строке 1453   в файле   80-260949900
На строке 1454   в файле   80-260950180
На строке 1455   в файле   80-260950701
На строке 1456   в файле   80-260950471
На строке 1457   в файле   80-260950512
На строке 1458   в файле   80-260950411
На строке 1459   в файле   80-260950848
На строке 1460   в файле   80-260950902
На строке 1461   в файле   80-261253243
На строке 1462   в файле   80-260951124
На строке 1463   в файле   80-260951017
На строке 1464   в файле   80-260950961
На строке 1465   в файле   80-260951483
На строке 1466   в файле   80-260951216
На строке 1467   в файле   80-260951810
На строке 1468   в файле   80-260951816
На строке 1469   в файле   80-260951813
На строке 1470   в файле   80-261253436
На строке 1471   в файле   80-260952045
На строке 1472   в файле   80-260951812
На строке 1473   в файле   80-260952309
На строке 1474   в файле   80-260952306
На строке 1475   в файле   80-260952007
На строке 1476   в файле   80-261253363
На строке 1477   в файле   80-260952359
На строке 1478   в файле   80-260952763
На строке 1479   в файле   80-260952857
На строке 1480   в файле   80-260952883
На строке 1481   в файле   80-260952528
На строке 1482   в файле   80-260952548
На строке 1483   в файле   80-260953039
На строке 1484   в файле   80-261253785
На строке 1485   в файле   80-260953375
На строке 1486   в файле   80-260953079
На строке 1487   в файле   80-260953153
На строке 1488   в файле   80-260953536
На строке 1489   в файле   80-260953400
На строке 1490   в файле   80-260953409
На строке 1491   в файле   80-261272616
На строке 1492   в файле   80-260953669
На строке 1493   в файле   80-260953630
На строке 1494   в файле   80-261253515
На строке 1495   в файле   80-260953859
На строке 1496   в файле   80-260953869
На строке 1497   в файле   80-260954137
На строке 1498   в файле   80-260954103
На строке 1499   в файле   80-260954081
На строке 1500   в файле   80-261253699
На строке 1501   в файле   80-260954296
На строке 1502   в файле   80-260954343
На строке 1503   в файле   80-260954772
На строке 1504   в файле   80-260954760
На строке 1505   в файле   80-260954537
На строке 1506   в файле   80-260955006
На строке 1507   в файле   80-260954892
На строке 1508   в файле   80-260955349
На строке 1509   в файле   80-260955300
На строке 1510   в файле   80-260955265
На строке 1511   в файле   80-260955197
На строке 1512   в файле   80-261253716
На строке 1513   в файле   80-260955514
На строке 1514   в файле   80-260956003
На строке 1515   в файле   80-260955832
На строке 1516   в файле   80-260955846
На строке 1517   в файле   80-260955780
На строке 1518   в файле   80-260955994
На строке 1519   в файле   80-260956630
На строке 1520   в файле   80-260956358
На строке 1521   в файле   80-260956357
На строке 1522   в файле   80-260956372
На строке 1523   в файле   80-260956360
На строке 1524   в файле   80-260956641
На строке 1525   в файле   80-260956917
На строке 1526   в файле   80-260956925
На строке 1527   в файле   80-260956871
На строке 1528   в файле   80-260957108
На строке 1529   в файле   80-260957101
На строке 1530   в файле   80-260957312
На строке 1531   в файле   80-260957293
На строке 1532   в файле   80-260957404
На строке 1533   в файле   80-260957287
На строке 1534   в файле   80-260957560
На строке 1535   в файле   80-244148998
На строке 1536   в файле   80-244813518
На строке 1537   в файле   80-244149728
На строке 1538   в файле   80-246291789
На строке 1539   в файле   80-244151103
На строке 1540   в файле   80-244151208
На строке 1541   в файле   80-244813656
На строке 1542   в файле   80-244152768
На строке 1543   в файле   80-244153110
На строке 1544   в файле   80-244154069
На строке 1545   в файле   80-244154495
На строке 1546   в файле   80-244156295
На строке 1547   в файле   80-249929293
На строке 1548   в файле   80-244157410
На строке 1549   в файле   80-244158505
На строке 1550   в файле   80-244158198
На строке 1551   в файле   80-244814329
На строке 1552   в файле   80-244158946
На строке 1553   в файле   80-244159628
На строке 1554   в файле   80-244814637
На строке 1555   в файле   80-244162557
На строке 1556   в файле   80-246291767
На строке 1557   в файле   80-244163567
На строке 1558   в файле   80-244164191
На строке 1559   в файле   80-244164836
На строке 1560   в файле   80-244164888
На строке 1561   в файле   80-244165457
На строке 1562   в файле   80-244165406
На строке 1563   в файле   80-244165984
На строке 1564   в файле   80-244166673
На строке 1565   в файле   80-244168068
На строке 1566   в файле   80-244816539
На строке 1567   в файле   80-251391269
На строке 1568   в файле   80-251391789
На строке 1569   в файле   80-249929496
На строке 1570   в файле   80-244170767
На строке 1571   в файле   80-244171541
На строке 1572   в файле   80-244171810
На строке 1573   в файле   80-244172085
На строке 1574   в файле   80-244817460
На строке 1575   в файле   80-244146293
На строке 1576   в файле   80-259264404
На строке 1577   в файле   80-260932605
На строке 1578   в файле   80-249929074
На строке 1579   в файле   80-244163558
На строке 1580   в файле   80-246296838
На строке 1581   в файле   80-246301006
На строке 1582   в файле   80-251393657
На строке 1583   в файле   80-244179584
На строке 1584   в файле   80-244180074
На строке 1585   в файле   80-244819172
На строке 1586   в файле   80-261251859
На строке 1587   в файле   80-260933351
На строке 1588   в файле   80-260933054
На строке 1589   в файле   80-260933534
На строке 1590   в файле   80-260933547
На строке 1591   в файле   80-260933571
На строке 1592   в файле   80-260933377
На строке 1593   в файле   80-261251791
На строке 1594   в файле   80-260933703
На строке 1595   в файле   80-260934301
На строке 1596   в файле   80-260934169
На строке 1597   в файле   80-249929095
На строке 1598   в файле   80-244154977
На строке 1599   в файле   80-244155458
На строке 1600   в файле   80-244156652
На строке 1601   в файле   80-244156560
На строке 1602   в файле   80-244157331
На строке 1603   в файле   80-244814477
На строке 1604   в файле   80-244159978
На строке 1605   в файле   80-244161481
На строке 1606   в файле   80-244161864
На строке 1607   в файле   80-244163272
На строке 1608   в файле   80-244166479
На строке 1609   в файле   80-244166605
На строке 1610   в файле   80-249929375
На строке 1611   в файле   80-244168401
На строке 1612   в файле   80-244170207
На строке 1613   в файле   80-244170730
На строке 1614   в файле   80-249929386
На строке 1615   в файле   80-249929573
На строке 1616   в файле   80-249929486
На строке 1617   в файле   80-244174652
На строке 1618   в файле   80-244818207
На строке 1619   в файле   80-252335737
На строке 1620   в файле   80-249929717
На строке 1621   в файле   80-244818368
На строке 1622   в файле   80-251392638
На строке 1623   в файле   80-251392610
На строке 1624   в файле   80-251392877
На строке 1625   в файле   80-244818493
На строке 1626   в файле   80-244151672
На строке 1627   в файле   80-244152679
На строке 1628   в файле   80-244813842
На строке 1629   в файле   80-249928965
На строке 1630   в файле   80-259262787
На строке 1631   в файле   80-260932961
На строке 1632   в файле   80-261251684
На строке 1633   в файле   80-251391218
На строке 1634   в файле   80-244160049
На строке 1635   в файле   80-244160768
На строке 1636   в файле   80-244162228
На строке 1637   в файле   80-244162881
На строке 1638   в файле   80-260930685
На строке 1639   в файле   80-260930773
На строке 1640   в файле   80-260931207
На строке 1641   в файле   80-260931301
На строке 1642   в файле   80-260931761
На строке 1643   в файле   80-260931979
На строке 1644   в файле   80-260932036
На строке 1645   в файле   80-260932344
На строке 1646   в файле   80-261251873
На строке 1647   в файле   80-244155800
На строке 1648   в файле   80-244814331
На строке 1649   в файле   80-259263068
На строке 1650   в файле   80-261088626
На строке 1651   в файле   80-245305332
На строке 1652   в файле   80-252630812
На строке 1653   в файле   80-251229973
На строке 1654   в файле   80-259636247
На строке 1655   в файле   80-261087794
На строке 1656   в файле   80-261087938
На строке 1657   в файле   80-245307064
На строке 1658   в файле   80-251237718
На строке 1659   в файле   80-251238562
На строке 1660   в файле   80-245303965
На строке 1661   в файле   80-245304744
На строке 1662   в файле   80-252317016
На строке 1663   в файле   80-259637535
На строке 1664   в файле   80-259637552
На строке 1665   в файле   80-261088193
На строке 1666   в файле   80-261090062
На строке 1667   в файле   80-251249077
На строке 1668   в файле   80-251249905
На строке 1669   в файле   80-245359990
На строке 1670   в файле   80-252318225
На строке 1671   в файле   80-261088547
На строке 1672   в файле   80-261089470
На строке 1673   в файле   80-251219041
На строке 1674   в файле   80-251222069
На строке 1675   в файле   80-252315081
На строке 1676   в файле   80-259620379
На строке 1677   в файле   80-259621213
На строке 1678   в файле   80-259621748
На строке 1679   в файле   80-261082709
На строке 1680   в файле   80-261259686
На строке 1681   в файле   80-251220438
На строке 1682   в файле   80-252315397
На строке 1683   в файле   80-251221847
На строке 1684   в файле   80-251220789
На строке 1685   в файле   80-261084388
На строке 1686   в файле   80-261252899
На строке 1687   в файле   80-244161467
На строке 1688   в файле   80-244816367
На строке 1689   в файле   80-244174904
На строке 1690   в файле   80-251393658
На строке 1691   в файле   80-244183212
На строке 1692   в файле   80-251395403
На строке 1693   в файле   80-244190880
На строке 1694   в файле   80-246325359
На строке 1695   в файле   80-261253114
На строке 1696   в файле   80-260944813
На строке 1697   в файле   80-260945945
На строке 1698   в файле   80-260946994
На строке 1699   в файле   80-260947211
На строке 1700   в файле   80-260947353
На строке 1701   в файле   80-260947268
На строке 1702   в файле   80-261253435
На строке 1703   в файле   80-260947728
На строке 1704   в файле   80-260947441
На строке 1705   в файле   80-260947847
На строке 1706   в файле   80-244162196
На строке 1707   в файле   80-244814995
На строке 1708   в файле   80-244815314
На строке 1709   в файле   80-249929163
На строке 1710   в файле   80-244164190
На строке 1711   в файле   80-244815317
На строке 1712   в файле   80-246290872
На строке 1713   в файле   80-244165746
На строке 1714   в файле   80-244165998
На строке 1715   в файле   80-252263247
На строке 1716   в файле   80-244168677
На строке 1717   в файле   80-249929364
На строке 1718   в файле   80-251391264
На строке 1719   в файле   80-246294819
На строке 1720   в файле   80-252263240
На строке 1721   в файле   80-252335732
На строке 1722   в файле   80-244817276
На строке 1723   в файле   80-244173344
На строке 1724   в файле   80-244817466
На строке 1725   в файле   80-244174162
На строке 1726   в файле   80-251392340
На строке 1727   в файле   80-246297784
На строке 1728   в файле   80-244176733
На строке 1729   в файле   80-244818364
На строке 1730   в файле   80-251393159
На строке 1731   в файле   80-251393157
На строке 1732   в файле   80-246300352
На строке 1733   в файле   80-244178674
На строке 1734   в файле   80-251393379
На строке 1735   в файле   80-249929785
На строке 1736   в файле   80-244819342
На строке 1737   в файле   80-244819516
На строке 1738   в файле   80-246303816
На строке 1739   в файле   80-246304460
На строке 1740   в файле   80-246304435
На строке 1741   в файле   80-244820199
На строке 1742   в файле   80-244182435
На строке 1743   в файле   80-251394231
На строке 1744   в файле   80-244182817
На строке 1745   в файле   80-244182998
На строке 1746   в файле   80-251394770
На строке 1747   в файле   80-244820330
На строке 1748   в файле   80-251393959
На строке 1749   в файле   80-246306876
На строке 1750   в файле   80-246307454
На строке 1751   в файле   80-249929973
На строке 1752   в файле   80-244821249
На строке 1753   в файле   80-252336577
На строке 1754   в файле   80-246311123
На строке 1755   в файле   80-251395512
На строке 1756   в файле   80-244186495
На строке 1757   в файле   80-249930264
На строке 1758   в файле   80-246313678
На строке 1759   в файле   80-251396028
На строке 1760   в файле   80-244821787
На строке 1761   в файле   80-244821948
На строке 1762   в файле   80-251395967
На строке 1763   в файле   80-252336451
На строке 1764   в файле   80-246318070
На строке 1765   в файле   80-252337185
На строке 1766   в файле   80-244822227
На строке 1767   в файле   80-246321321
На строке 1768   в файле   80-246320509
На строке 1769   в файле   80-246321141
На строке 1770   в файле   80-244191488
На строке 1771   в файле   80-246322721
На строке 1772   в файле   80-246322726
На строке 1773   в файле   80-246323900
На строке 1774   в файле   80-251398161
На строке 1775   в файле   80-246324007
На строке 1776   в файле   80-244823007
На строке 1777   в файле   80-244823174
На строке 1778   в файле   80-244194031
На строке 1779   в файле   80-244194394
На строке 1780   в файле   80-246326747
На строке 1781   в файле   80-244823540
На строке 1782   в файле   80-244195459
На строке 1783   в файле   80-244823697
На строке 1784   в файле   80-246328006
На строке 1785   в файле   80-246327366
На строке 1786   в файле   80-244824006
На строке 1787   в файле   80-261253119
На строке 1788   в файле   80-261253002
На строке 1789   в файле   80-260944081
На строке 1790   в файле   80-260944236
На строке 1791   в файле   80-260944268
На строке 1792   в файле   80-261253147
На строке 1793   в файле   80-260944310
На строке 1794   в файле   80-260944326
На строке 1795   в файле   80-260944731
На строке 1796   в файле   80-260944770
На строке 1797   в файле   80-260944805
На строке 1798   в файле   80-260944824
На строке 1799   в файле   80-260944935
На строке 1800   в файле   80-260945342
На строке 1801   в файле   80-260945431
На строке 1802   в файле   80-260945421
На строке 1803   в файле   80-260945410
На строке 1804   в файле   80-260945527
На строке 1805   в файле   80-260945492
На строке 1806   в файле   80-260945920
На строке 1807   в файле   80-260946073
На строке 1808   в файле   80-260945946
На строке 1809   в файле   80-260946141
На строке 1810   в файле   80-260946162
На строке 1811   в файле   80-260946473
На строке 1812   в файле   80-260946441
На строке 1813   в файле   80-260946814
На строке 1814   в файле   80-260946679
На строке 1815   в файле   80-260946681
На строке 1816   в файле   80-260946713
На строке 1817   в файле   80-260947079
На строке 1818   в файле   80-261253453
На строке 1819   в файле   80-244814833
На строке 1820   в файле   80-259263885
На строке 1821   в файле   80-260947619
На строке 1822   в файле   80-260770592
На строке 1823   в файле   80-260770253
На строке 1824   в файле   80-260770514
На строке 1825   в файле   80-260770995
На строке 1826   в файле   80-260770749
На строке 1827   в файле   80-260770847
На строке 1828   в файле   80-260771194
На строке 1829   в файле   80-260770762
На строке 1830   в файле   80-260771157
На строке 1831   в файле   80-260771624
На строке 1832   в файле   80-260771294
На строке 1833   в файле   80-260771390
На строке 1834   в файле   80-261243742
На строке 1835   в файле   80-244555959
На строке 1836   в файле   80-252220514
На строке 1837   в файле   80-243727182
На строке 1838   в файле   80-244560848
На строке 1839   в файле   80-243726402
На строке 1840   в файле   80-243727937
На строке 1841   в файле   80-243737462
На строке 1842   в файле   80-243739497
На строке 1843   в файле   80-243740130
На строке 1844   в файле   80-249909176
На строке 1845   в файле   80-244568186
На строке 1846   в файле   80-243745844
На строке 1847   в файле   80-243745570
На строке 1848   в файле   80-243747898
На строке 1849   в файле   80-243750841
На строке 1850   в файле   80-243751597
На строке 1851   в файле   80-243752556
На строке 1852   в файле   80-252225897
На строке 1853   в файле   80-244573157
На строке 1854   в файле   80-244576240
На строке 1855   в файле   80-249910596
На строке 1856   в файле   80-244577452
На строке 1857   в файле   80-243799865
На строке 1858   в файле   80-243804938
На строке 1859   в файле   80-243805974
На строке 1860   в файле   80-243808111
На строке 1861   в файле   80-249912548
На строке 1862   в файле   80-246254104
На строке 1863   в файле   80-244584041
На строке 1864   в файле   80-243816819
На строке 1865   в файле   80-243817562
На строке 1866   в файле   80-243817570
На строке 1867   в файле   80-243818311
На строке 1868   в файле   80-249912762
На строке 1869   в файле   80-243819891
На строке 1870   в файле   80-243819890
На строке 1871   в файле   80-243820534
На строке 1872   в файле   80-249912981
На строке 1873   в файле   80-243822549
На строке 1874   в файле   80-249913090
На строке 1875   в файле   80-243826287
На строке 1876   в файле   80-243827323
На строке 1877   в файле   80-249913305
На строке 1878   в файле   80-243827659
На строке 1879   в файле   80-243827647
На строке 1880   в файле   80-243827953
На строке 1881   в файле   80-243828916
На строке 1882   в файле   80-244590710
На строке 1883   в файле   80-249913629
На строке 1884   в файле   80-243833915
На строке 1885   в файле   80-244590877
На строке 1886   в файле   80-244591369
На строке 1887   в файле   80-243835644
На строке 1888   в файле   80-243835830
На строке 1889   в файле   80-244591537
На строке 1890   в файле   80-243836557
На строке 1891   в файле   80-244591703
На строке 1892   в файле   80-243837550
На строке 1893   в файле   80-243837571
На строке 1894   в файле   80-244592041
На строке 1895   в файле   80-243838049
На строке 1896   в файле   80-243838107
На строке 1897   в файле   80-249913967
На строке 1898   в файле   80-252231913
На строке 1899   в файле   80-249913980
На строке 1900   в файле   80-244593277
На строке 1901   в файле   80-249914213
На строке 1902   в файле   80-249914217
На строке 1903   в файле   80-249907531
На строке 1904   в файле   80-249907612
На строке 1905   в файле   80-259227030
На строке 1906   в файле   80-249660869
На строке 1907   в файле   80-249660994
На строке 1908   в файле   80-260540850
На строке 1909   в файле   80-260541654
На строке 1910   в файле   80-260541415
На строке 1911   в файле   80-260541432
На строке 1912   в файле   80-260541815
На строке 1913   в файле   80-260541958
На строке 1914   в файле   80-260542168
На строке 1915   в файле   80-251035530
На строке 1916   в файле   80-249660876
На строке 1917   в файле   80-260539766
На строке 1918   в файле   80-260539600
На строке 1919   в файле   80-260540361
На строке 1920   в файле   80-260541018
На строке 1921   в файле   80-260543503
На строке 1922   в файле   80-249661895
На строке 1923   в файле   80-252119466
На строке 1924   в файле   80-249662036
На строке 1925   в файле   80-251036370
На строке 1926   в файле   80-251036873
На строке 1927   в файле   80-249662924
На строке 1928   в файле   80-249663130
На строке 1929   в файле   80-249663087
На строке 1930   в файле   80-260543547
На строке 1931   в файле   80-260543890
На строке 1932   в файле   80-260543854
На строке 1933   в файле   80-260543880
На строке 1934   в файле   80-260543693
На строке 1935   в файле   80-260671724
На строке 1936   в файле   80-261238889
На строке 1937   в файле   80-249867842
На строке 1938   в файле   80-249871088
На строке 1939   в файле   80-249871193
На строке 1940   в файле   80-249874919
На строке 1941   в файле   80-249878911
На строке 1942   в файле   80-249880584
На строке 1943   в файле   80-249884247
На строке 1944   в файле   80-249884023
На строке 1945   в файле   80-249887076
На строке 1946   в файле   80-252168616
На строке 1947   в файле   80-249887182
На строке 1948   в файле   80-249887372
На строке 1949   в файле   80-260672220
На строке 1950   в файле   80-260673504
На строке 1951   в файле   80-260673719
На строке 1952   в файле   80-260674453
На строке 1953   в файле   80-261239047
На строке 1954   в файле   80-260675142
На строке 1955   в файле   80-260675125
На строке 1956   в файле   80-260677749
На строке 1957   в файле   80-260677116
На строке 1958   в файле   80-260678511
На строке 1959   в файле   80-261239112
На строке 1960   в файле   80-260679429
На строке 1961   в файле   80-261239110
На строке 1962   в файле   80-260679449
На строке 1963   в файле   80-260679286
На строке 1964   в файле   80-260679922
На строке 1965   в файле   80-249868288
На строке 1966   в файле   80-249868427
На строке 1967   в файле   80-249868581
На строке 1968   в файле   80-249868719
На строке 1969   в файле   80-252147468
На строке 1970   в файле   80-249869149
На строке 1971   в файле   80-249869126
На строке 1972   в файле   80-252499688
На строке 1973   в файле   80-249869937
На строке 1974   в файле   80-249869951
На строке 1975   в файле   80-249870075
На строке 1976   в файле   80-249870235
На строке 1977   в файле   80-249870227
На строке 1978   в файле   80-249870494
На строке 1979   в файле   80-249870799
На строке 1980   в файле   80-249870804
На строке 1981   в файле   80-249871464
На строке 1982   в файле   80-249871674
На строке 1983   в файле   80-249872271
На строке 1984   в файле   80-252150862
На строке 1985   в файле   80-249872389
На строке 1986   в файле   80-249872934
На строке 1987   в файле   80-249873081
На строке 1988   в файле   80-252151973
На строке 1989   в файле   80-252152943
На строке 1990   в файле   80-249874220
На строке 1991   в файле   80-249874329
На строке 1992   в файле   80-249874228
На строке 1993   в файле   80-249874498
На строке 1994   в файле   80-249875025
На строке 1995   в файле   80-249875311
На строке 1996   в файле   80-252154071
На строке 1997   в файле   80-252154655
На строке 1998   в файле   80-249877412
На строке 1999   в файле   80-252155924
На строке 2000   в файле   80-249877698
На строке 2001   в файле   80-249877834
На строке 2002   в файле   80-252157112
На строке 2003   в файле   80-249878133
На строке 2004   в файле   80-249878099
На строке 2005   в файле   80-249878407
На строке 2006   в файле   80-249878522
На строке 2007   в файле   80-249878393
На строке 2008   в файле   80-249878628
На строке 2009   в файле   80-249878902
На строке 2010   в файле   80-249879290
На строке 2011   в файле   80-249879083
На строке 2012   в файле   80-249879173
На строке 2013   в файле   80-249879540
На строке 2014   в файле   80-249879414
На строке 2015   в файле   80-249879305
На строке 2016   в файле   80-249879541
На строке 2017   в файле   80-249879682
На строке 2018   в файле   80-249879681
На строке 2019   в файле   80-249879703
На строке 2020   в файле   80-249879961
На строке 2021   в файле   80-249880075
На строке 2022   в файле   80-249880218
На строке 2023   в файле   80-249880227
На строке 2024   в файле   80-249880358
На строке 2025   в файле   80-252159026
На строке 2026   в файле   80-249880712
На строке 2027   в файле   80-252158919
На строке 2028   в файле   80-249881013
На строке 2029   в файле   80-249881072
На строке 2030   в файле   80-249881133
На строке 2031   в файле   80-249881274
На строке 2032   в файле   80-252160485
На строке 2033   в файле   80-249881871
На строке 2034   в файле   80-252160313
На строке 2035   в файле   80-249881897
На строке 2036   в файле   80-249882132
На строке 2037   в файле   80-249882152
На строке 2038   в файле   80-252161965
На строке 2039   в файле   80-249882530
На строке 2040   в файле   80-249882544
На строке 2041   в файле   80-249882643
На строке 2042   в файле   80-249882874
На строке 2043   в файле   80-249882915
На строке 2044   в файле   80-249883393
На строке 2045   в файле   80-249884454
На строке 2046   в файле   80-249884586
На строке 2047   в файле   80-249884936
На строке 2048   в файле   80-249884851
На строке 2049   в файле   80-249884880
На строке 2050   в файле   80-249885251
На строке 2051   в файле   80-249885264
На строке 2052   в файле   80-249885481
На строке 2053   в файле   80-249885526
На строке 2054   в файле   80-252164212
На строке 2055   в файле   80-249886509
На строке 2056   в файле   80-252500150
На строке 2057   в файле   80-249886504
На строке 2058   в файле   80-249886631
На строке 2059   в файле   80-249867284
На строке 2060   в файле   80-252146523
На строке 2061   в файле   80-261238411
На строке 2062   в файле   80-249877548
На строке 2063   в файле   80-261089718
На строке 2064   в файле   80-259988942
На строке 2065   в файле   80-251775389
На строке 2066   в файле   80-247020345
На строке 2067   в файле   80-247036833
На строке 2068   в файле   80-247047018
На строке 2069   в файле   80-247051366
На строке 2070   в файле   80-251788728
На строке 2071   в файле   80-252410472
На строке 2072   в файле   80-247072674
На строке 2073   в файле   80-259989371
На строке 2074   в файле   80-259989688
На строке 2075   в файле   80-261151366
На строке 2076   в файле   80-261151018
На строке 2077   в файле   80-261151352
На строке 2078   в файле   80-259990067
На строке 2079   в файле   80-259990527
На строке 2080   в файле   80-259990650
На строке 2081   в файле   80-259990929
На строке 2082   в файле   80-259991684
На строке 2083   в файле   80-252407503
На строке 2084   в файле   80-247007859
На строке 2085   в файле   80-251776943
На строке 2086   в файле   80-247009078
На строке 2087   в файле   80-251777158
На строке 2088   в файле   80-251777685
На строке 2089   в файле   80-247012565
На строке 2090   в файле   80-247015475
На строке 2091   в файле   80-247016030
На строке 2092   в файле   80-247016976
На строке 2093   в файле   80-247020714
На строке 2094   в файле   80-247021489
На строке 2095   в файле   80-247021932
На строке 2096   в файле   80-247022701
На строке 2097   в файле   80-247023087
На строке 2098   в файле   80-251780555
На строке 2099   в файле   80-247027388
На строке 2100   в файле   80-251780871
На строке 2101   в файле   80-252408334
На строке 2102   в файле   80-247036030
На строке 2103   в файле   80-251782867
На строке 2104   в файле   80-251783331
На строке 2105   в файле   80-247044517
На строке 2106   в файле   80-247044785
На строке 2107   в файле   80-247044748
На строке 2108   в файле   80-251785074
На строке 2109   в файле   80-247044985
На строке 2110   в файле   80-247045615
На строке 2111   в файле   80-247046105
На строке 2112   в файле   80-247046505
На строке 2113   в файле   80-247047011
На строке 2114   в файле   80-251785529
На строке 2115   в файле   80-247048789
На строке 2116   в файле   80-247048996
На строке 2117   в файле   80-247049377
На строке 2118   в файле   80-251785778
На строке 2119   в файле   80-251786071
На строке 2120   в файле   80-247050548
На строке 2121   в файле   80-247050738
На строке 2122   в файле   80-251786340
На строке 2123   в файле   80-251786554
На строке 2124   в файле   80-251787049
На строке 2125   в файле   80-252612812
На строке 2126   в файле   80-251787631
На строке 2127   в файле   80-247052560
На строке 2128   в файле   80-247052853
На строке 2129   в файле   80-247053154
На строке 2130   в файле   80-251788128
На строке 2131   в файле   80-251788391
На строке 2132   в файле   80-251788873
На строке 2133   в файле   80-252409123
На строке 2134   в файле   80-247057241
На строке 2135   в файле   80-247057405
На строке 2136   в файле   80-247057394
На строке 2137   в файле   80-247057719
На строке 2138   в файле   80-252409036
На строке 2139   в файле   80-251790124
На строке 2140   в файле   80-247058524
На строке 2141   в файле   80-247058659
На строке 2142   в файле   80-252410426
На строке 2143   в файле   80-247061013
На строке 2144   в файле   80-247061333
На строке 2145   в файле   80-247061355
На строке 2146   в файле   80-247061907
На строке 2147   в файле   80-251794212
На строке 2148   в файле   80-251794197
На строке 2149   в файле   80-247070991
На строке 2150   в файле   80-247071386
На строке 2151   в файле   80-247071851
На строке 2152   в файле   80-247072271
На строке 2153   в файле   80-252411852
На строке 2154   в файле   80-246997066
На строке 2155   в файле   80-246997965
На строке 2156   в файле   80-246999487
На строке 2157   в файле   80-246999934
На строке 2158   в файле   80-247004665
На строке 2159   в файле   80-247005517
На строке 2160   в файле   80-251774087
На строке 2161   в файле   80-251773805
На строке 2162   в файле   80-251774679
На строке 2163   в файле   80-259986044
На строке 2164   в файле   80-260968167
На строке 2165   в файле   80-244217645
На строке 2166   в файле   80-244834687
На строке 2167   в файле   80-251415010
На строке 2168   в файле   80-244221757
На строке 2169   в файле   80-246639704
На строке 2170   в файле   80-246640231
На строке 2171   в файле   80-244226723
На строке 2172   в файле   80-246640366
На строке 2173   в файле   80-260967804
На строке 2174   в файле   80-260968051
На строке 2175   в файле   80-261276492
На строке 2176   в файле   80-261254217
На строке 2177   в файле   80-260968077
На строке 2178   в файле   80-260968682
На строке 2179   в файле   80-260968224
На строке 2180   в файле   80-260968477
На строке 2181   в файле   80-260968404
На строке 2182   в файле   80-260968466
На строке 2183   в файле   80-251412715
На строке 2184   в файле   80-249931677
На строке 2185   в файле   80-244217992
На строке 2186   в файле   80-244217948
На строке 2187   в файле   80-251412686
На строке 2188   в файле   80-244218596
На строке 2189   в файле   80-244218266
На строке 2190   в файле   80-244834610
На строке 2191   в файле   80-251413312
На строке 2192   в файле   80-244219080
На строке 2193   в файле   80-249931755
На строке 2194   в файле   80-244219434
На строке 2195   в файле   80-251413839
На строке 2196   в файле   80-249931827
На строке 2197   в файле   80-244219910
На строке 2198   в файле   80-244219908
На строке 2199   в файле   80-251414438
На строке 2200   в файле   80-249931855
На строке 2201   в файле   80-244836192
На строке 2202   в файле   80-246638613
На строке 2203   в файле   80-244220636
На строке 2204   в файле   80-246638812
На строке 2205   в файле   80-251414936
На строке 2206   в файле   80-251415101
На строке 2207   в файле   80-244836422
На строке 2208   в файле   80-251415689
На строке 2209   в файле   80-246638970
На строке 2210   в файле   80-244221386
На строке 2211   в файле   80-246639181
На строке 2212   в файле   80-244221776
На строке 2213   в файле   80-249931843
На строке 2214   в файле   80-244222157
На строке 2215   в файле   80-249931930
На строке 2216   в файле   80-244222331
На строке 2217   в файле   80-244222536
На строке 2218   в файле   80-244836719
На строке 2219   в файле   80-251416131
На строке 2220   в файле   80-246639516
На строке 2221   в файле   80-244223497
На строке 2222   в файле   80-244837587
На строке 2223   в файле   80-251418190
На строке 2224   в файле   80-244225331
На строке 2225   в файле   80-244225340
На строке 2226   в файле   80-244225626
На строке 2227   в файле   80-251417491
На строке 2228   в файле   80-244214857
На строке 2229   в файле   80-244215317
На строке 2230   в файле   80-244215546
На строке 2231   в файле   80-244832446
На строке 2232   в файле   80-244833627
На строке 2233   в файле   80-244832872
На строке 2234   в файле   80-244213745
На строке 2235   в файле   80-244214690
На строке 2236   в файле   80-244217014
На строке 2237   в файле   80-246634530
На строке 2238   в файле   80-246633957
На строке 2239   в файле   80-249931497
На строке 2240   в файле   80-251410705
На строке 2241   в файле   80-259268385
На строке 2242   в файле   80-251412272
На строке 2243   в файле   80-246636207
На строке 2244   в файле   80-260957820
На строке 2245   в файле   80-246314955
На строке 2246   в файле   80-246322715
На строке 2247   в файле   80-244823698
На строке 2248   в файле   80-251400256
На строке 2249   в файле   80-244824970
На строке 2250   в файле   80-244198491
На строке 2251   в файле   80-244198806
На строке 2252   в файле   80-251400337
На строке 2253   в файле   80-260958037
На строке 2254   в файле   80-260957751
На строке 2255   в файле   80-260958094
На строке 2256   в файле   80-260958336
На строке 2257   в файле   80-260958547
На строке 2258   в файле   80-260958575
На строке 2259   в файле   80-260958824
На строке 2260   в файле   80-260958313
На строке 2261   в файле   80-261253639
На строке 2262   в файле   80-260958616
На строке 2263   в файле   80-261253804
На строке 2264   в файле   80-251395685
На строке 2265   в файле   80-249930193
На строке 2266   в файле   80-246317465
На строке 2267   в файле   80-244822261
На строке 2268   в файле   80-246318620
На строке 2269   в файле   80-244822092
На строке 2270   в файле   80-251397797
На строке 2271   в файле   80-246319836
На строке 2272   в файле   80-246319826
На строке 2273   в файле   80-244822644
На строке 2274   в файле   80-244191683
На строке 2275   в файле   80-244823018
На строке 2276   в файле   80-251398175
На строке 2277   в файле   80-244193272
На строке 2278   в файле   80-249930405
На строке 2279   в файле   80-249930501
На строке 2280   в файле   80-246325306
На строке 2281   в файле   80-244823344
На строке 2282   в файле   80-244194196
На строке 2283   в файле   80-251398899
На строке 2284   в файле   80-251399585
На строке 2285   в файле   80-246327445
На строке 2286   в файле   80-244823847
На строке 2287   в файле   80-249930494
На строке 2288   в файле   80-244824410
На строке 2289   в файле   80-244824396
На строке 2290   в файле   80-244196928
На строке 2291   в файле   80-244197048
На строке 2292   в файле   80-244197546
На строке 2293   в файле   80-244824579
На строке 2294   в файле   80-246329867
На строке 2295   в файле   80-252337655
На строке 2296   в файле   80-251399604
На строке 2297   в файле   80-244821399
На строке 2298   в файле   80-246312392
На строке 2299   в файле   80-246314128
На строке 2300   в файле   80-249930203
На строке 2301   в файле   80-259264447
На строке 2302   в файле   80-259265579
На строке 2303   в файле   80-260957812
На строке 2304   в файле   80-260959026
На строке 2305   в файле   80-246316844
На строке 2306   в файле   80-261253948
На строке 2307   в файле   80-249930636
На строке 2308   в файле   80-249930625
На строке 2309   в файле   80-244826397
На строке 2310   в файле   80-244826607
На строке 2311   в файле   80-251402330
На строке 2312   в файле   80-246339874
На строке 2313   в файле   80-246339943
На строке 2314   в файле   80-244203129
На строке 2315   в файле   80-260959242
На строке 2316   в файле   80-260959117
На строке 2317   в файле   80-260959333
На строке 2318   в файле   80-260959470
На строке 2319   в файле   80-260959362
На строке 2320   в файле   80-260959400
На строке 2321   в файле   80-260959664
На строке 2322   в файле   80-260959735
На строке 2323   в файле   80-261254051
На строке 2324   в файле   80-260959790
На строке 2325   в файле   80-260959810
На строке 2326   в файле   80-251400665
На строке 2327   в файле   80-251401114
На строке 2328   в файле   80-246333295
На строке 2329   в файле   80-244825134
На строке 2330   в файле   80-251400718
На строке 2331   в файле   80-251401056
На строке 2332   в файле   80-246332638
На строке 2333   в файле   80-251401557
На строке 2334   в файле   80-249930654
На строке 2335   в файле   80-252337294
На строке 2336   в файле   80-244199810
На строке 2337   в файле   80-251401387
На строке 2338   в файле   80-249930741
На строке 2339   в файле   80-244200185
На строке 2340   в файле   80-244200523
На строке 2341   в файле   80-246336210
На строке 2342   в файле   80-246336916
На строке 2343   в файле   80-244825990
На строке 2344   в файле   80-244200706
На строке 2345   в файле   80-244826227
На строке 2346   в файле   80-244826599
На строке 2347   в файле   80-249930714
На строке 2348   в файле   80-246336798
На строке 2349   в файле   80-246337508
На строке 2350   в файле   80-244202138
На строке 2351   в файле   80-246338125
На строке 2352   в файле   80-251401941
На строке 2353   в файле   80-251402275
На строке 2354   в файле   80-244202280
На строке 2355   в файле   80-244826218
На строке 2356   в файле   80-252264354
На строке 2357   в файле   80-246338672
На строке 2358   в файле   80-251401920
На строке 2359   в файле   80-246338786
На строке 2360   в файле   80-246332096
На строке 2361   в файле   80-259265567
На строке 2362   в файле   80-260958940
На строке 2363   в файле   80-246343499
На строке 2364   в файле   80-244827963
На строке 2365   в файле   80-251403887
На строке 2366   в файле   80-244830005
На строке 2367   в файле   80-249931269
На строке 2368   в файле   80-244830849
На строке 2369   в файле   80-244830891
На строке 2370   в файле   80-260961262
На строке 2371   в файле   80-260962252
На строке 2372   в файле   80-260963222
На строке 2373   в файле   80-260963247
На строке 2374   в файле   80-260963242
На строке 2375   в файле   80-260963255
На строке 2376   в файле   80-260963306
На строке 2377   в файле   80-260963671
На строке 2378   в файле   80-260963713
На строке 2379   в файле   80-260963727
На строке 2380   в файле   80-246339916
На строке 2381   в файле   80-252337321
На строке 2382   в файле   80-246341151
На строке 2383   в файле   80-249930883
На строке 2384   в файле   80-246342357
На строке 2385   в файле   80-244204671
На строке 2386   в файле   80-244827372
На строке 2387   в файле   80-244827149
На строке 2388   в файле   80-244827725
На строке 2389   в файле   80-251402678
На строке 2390   в файле   80-251403061
На строке 2391   в файле   80-246344747
На строке 2392   в файле   80-246344715
На строке 2393   в файле   80-246346034
На строке 2394   в файле   80-246346030
На строке 2395   в файле   80-251403452
На строке 2396   в файле   80-251403025
На строке 2397   в файле   80-244828094
На строке 2398   в файле   80-246347084
На строке 2399   в файле   80-244828962
На строке 2400   в файле   80-246348341
На строке 2401   в файле   80-246348140
На строке 2402   в файле   80-244208239
На строке 2403   в файле   80-249931146
На строке 2404   в файле   80-244829160
На строке 2405   в файле   80-249931175
На строке 2406   в файле   80-246349177
На строке 2407   в файле   80-244208799
На строке 2408   в файле   80-246350381
На строке 2409   в файле   80-246351486
На строке 2410   в файле   80-244829582
На строке 2411   в файле   80-244829340
На строке 2412   в файле   80-251404620
На строке 2413   в файле   80-252337626
На строке 2414   в файле   80-244829587
На строке 2415   в файле   80-244829824
На строке 2416   в файле   80-244210159
На строке 2417   в файле   80-251405077
На строке 2418   в файле   80-251405082
На строке 2419   в файле   80-244830029
На строке 2420   в файле   80-249931199
На строке 2421   в файле   80-246354031
На строке 2422   в файле   80-244830441
На строке 2423   в файле   80-244830221
На строке 2424   в файле   80-244211012
На строке 2425   в файле   80-251405912
На строке 2426   в файле   80-251407206
На строке 2427   в файле   80-246355542
На строке 2428   в файле   80-246356093
На строке 2429   в файле   80-244211557
На строке 2430   в файле   80-244830426
На строке 2431   в файле   80-244830676
На строке 2432   в файле   80-246356414
На строке 2433   в файле   80-244211830
На строке 2434   в файле   80-244211812
На строке 2435   в файле   80-251405843
На строке 2436   в файле   80-244831333
На строке 2437   в файле   80-249931350
На строке 2438   в файле   80-252523536
На строке 2439   в файле   80-244212086
На строке 2440   в файле   80-251406329
На строке 2441   в файле   80-251406244
На строке 2442   в файле   80-244212358
На строке 2443   в файле   80-246357381
На строке 2444   в файле   80-246358126
На строке 2445   в файле   80-252523522
На строке 2446   в файле   80-249931352
На строке 2447   в файле   80-249931367
На строке 2448   в файле   80-260961465
На строке 2449   в файле   80-260961454
На строке 2450   в файле   80-260961488
На строке 2451   в файле   80-260961751
На строке 2452   в файле   80-260961644
На строке 2453   в файле   80-260961847
На строке 2454   в файле   80-260961844
На строке 2455   в файле   80-260961903
На строке 2456   в файле   80-260961905
На строке 2457   в файле   80-260962352
На строке 2458   в файле   80-260962280
На строке 2459   в файле   80-260962306
На строке 2460   в файле   80-260962346
На строке 2461   в файле   80-260962345
На строке 2462   в файле   80-260962788
На строке 2463   в файле   80-260962833
На строке 2464   в файле   80-260962785
На строке 2465   в файле   80-260962805
На строке 2466   в файле   80-260962850
На строке 2467   в файле   80-260962803
На строке 2468   в файле   80-260963251
На строке 2469   в файле   80-244826781
На строке 2470   в файле   80-244826979
На строке 2471   в файле   80-244826957
На строке 2472   в файле   80-246341109
На строке 2473   в файле   80-259265808
На строке 2474   в файле   80-260960904
На строке 2475   в файле   80-260960857
На строке 2476   в файле   80-260961075
На строке 2477   в файле   80-260961068
На строке 2478   в файле   80-260961070
На строке 2479   в файле   80-260961140
На строке 2480   в файле   80-260961255
На строке 2481   в файле   80-260961498
На строке 2482   в файле   80-260960081
На строке 2483   в файле   80-249930886
На строке 2484   в файле   80-244827798
На строке 2485   в файле   80-249931077
На строке 2486   в файле   80-251404621
На строке 2487   в файле   80-249931287
На строке 2488   в файле   80-244210726
На строке 2489   в файле   80-246355105
На строке 2490   в файле   80-246354634
На строке 2491   в файле   80-260960011
На строке 2492   в файле   80-260960265
На строке 2493   в файле   80-260960279
На строке 2494   в файле   80-260960437
На строке 2495   в файле   80-260960535
На строке 2496   в файле   80-260960501
На строке 2497   в файле   80-260960496
На строке 2498   в файле   80-260960688
На строке 2499   в файле   80-260960697
На строке 2500   в файле   80-260960787
На строке 2501   в файле   80-249930903
На строке 2502   в файле   80-251402675
На строке 2503   в файле   80-246342413
На строке 2504   в файле   80-244204429
На строке 2505   в файле   80-246342457
На строке 2506   в файле   80-244204846
На строке 2507   в файле   80-244827344
На строке 2508   в файле   80-246343579
На строке 2509   в файле   80-246343511
На строке 2510   в файле   80-244827565
На строке 2511   в файле   80-246344711
На строке 2512   в файле   80-246345867
На строке 2513   в файле   80-249930973
На строке 2514   в файле   80-249930961
На строке 2515   в файле   80-249930960
На строке 2516   в файле   80-246346972
На строке 2517   в файле   80-249931065
На строке 2518   в файле   80-246347088
На строке 2519   в файле   80-246348120
На строке 2520   в файле   80-251403436
На строке 2521   в файле   80-244208083
На строке 2522   в файле   80-249931143
На строке 2523   в файле   80-244208523
На строке 2524   в файле   80-246349310
На строке 2525   в файле   80-246349320
На строке 2526   в файле   80-246350320
На строке 2527   в файле   80-246350504
На строке 2528   в файле   80-244829169
На строке 2529   в файле   80-246351372
На строке 2530   в файле   80-251403904
На строке 2531   в файле   80-251405460
На строке 2532   в файле   80-252523309
На строке 2533   в файле   80-251405469
На строке 2534   в файле   80-246341056
На строке 2535   в файле   80-260959888
На строке 2536   в файле   80-260960147
На строке 2537   в файле   80-260963784
На строке 2538   в файле   80-246358546
На строке 2539   в файле   80-246633569
На строке 2540   в файле   80-249931585
На строке 2541   в файле   80-244833138
На строке 2542   в файле   80-244216398
На строке 2543   в файле   80-244833339
На строке 2544   в файле   80-251410747
На строке 2545   в файле   80-246634717
На строке 2546   в файле   80-260963778
На строке 2547   в файле   80-261253885
На строке 2548   в файле   80-261272445
На строке 2549   в файле   80-260964205
На строке 2550   в файле   80-260963960
На строке 2551   в файле   80-260964280
На строке 2552   в файле   80-260964256
На строке 2553   в файле   80-261254039
На строке 2554   в файле   80-260964281
На строке 2555   в файле   80-260964699
На строке 2556   в файле   80-251409299
На строке 2557   в файле   80-244831746
На строке 2558   в файле   80-244831536
На строке 2559   в файле   80-252606801
На строке 2560   в файле   80-246358969
На строке 2561   в файле   80-244213494
На строке 2562   в файле   80-244831987
На строке 2563   в файле   80-246633757
На строке 2564   в файле   80-251409804
На строке 2565   в файле   80-244214557
На строке 2566   в файле   80-252264255
На строке 2567   в файле   80-251410264
На строке 2568   в файле   80-246634155
На строке 2569   в файле   80-244832667
На строке 2570   в файле   80-244831106
На строке 2571   в файле   80-246634333
На строке 2572   в файле   80-244833631
На строке 2573   в файле   80-244834125
На строке 2574   в файле   80-251413789
На строке 2575   в файле   80-246638229
На строке 2576   в файле   80-251413834
На строке 2577   в файле   80-246638422
На строке 2578   в файле   80-249931737
На строке 2579   в файле   80-260964881
На строке 2580   в файле   80-260964871
На строке 2581   в файле   80-260965160
На строке 2582   в файле   80-260964884
На строке 2583   в файле   80-261254137
На строке 2584   в файле   80-260965149
На строке 2585   в файле   80-260965347
На строке 2586   в файле   80-260965517
На строке 2587   в файле   80-260965627
На строке 2588   в файле   80-260965333
На строке 2589   в файле   80-249931383
На строке 2590   в файле   80-244832655
На строке 2591   в файле   80-251410706
На строке 2592   в файле   80-249931580
На строке 2593   в файле   80-249931604
На строке 2594   в файле   80-251411727
На строке 2595   в файле   80-244833151
На строке 2596   в файле   80-251411297
На строке 2597   в файле   80-251411747
На строке 2598   в файле   80-246635648
На строке 2599   в файле   80-249931653
На строке 2600   в файле   80-244217331
На строке 2601   в файле   80-246635820
На строке 2602   в файле   80-244217309
На строке 2603   в файле   80-249931493
На строке 2604   в файле   80-244833834
На строке 2605   в файле   80-251411700
На строке 2606   в файле   80-246636009
На строке 2607   в файле   80-244834123
На строке 2608   в файле   80-244834363
На строке 2609   в файле   80-251412723
На строке 2610   в файле   80-246637818
На строке 2611   в файле   80-244218901
На строке 2612   в файле   80-249931765
На строке 2613   в файле   80-244219260
На строке 2614   в файле   80-246637994
На строке 2615   в файле   80-244834912
На строке 2616   в файле   80-244213206
На строке 2617   в файле   80-244831314
На строке 2618   в файле   80-244832028
На строке 2619   в файле   80-244832214
На строке 2620   в файле   80-244213085
На строке 2621   в файле   80-251409819
На строке 2622   в файле   80-251409769
На строке 2623   в файле   80-259173212
На строке 2624   в файле   80-259266389
На строке 2625   в файле   80-259266895
На строке 2626   в файле   80-261254123
На строке 2627   в файле   80-260964446
На строке 2628   в файле   80-260965186
На строке 2629   в файле   80-260964701
На строке 2630   в файле   80-260965708
На строке 2631   в файле   80-244222911
На строке 2632   в файле   80-249931967
На строке 2633   в файле   80-244224279
На строке 2634   в файле   80-246640041
На строке 2635   в файле   80-251417465
На строке 2636   в файле   80-244225944
На строке 2637   в файле   80-244837860
На строке 2638   в файле   80-244226446
На строке 2639   в файле   80-260965794
На строке 2640   в файле   80-260966050
На строке 2641   в файле   80-260966139
На строке 2642   в файле   80-260965854
На строке 2643   в файле   80-260965959
На строке 2644   в файле   80-260966120
На строке 2645   в файле   80-260966261
На строке 2646   в файле   80-261254186
На строке 2647   в файле   80-260966629
На строке 2648   в файле   80-244837020
На строке 2649   в файле   80-244222899
На строке 2650   в файле   80-244223274
На строке 2651   в файле   80-249932041
На строке 2652   в файле   80-251416158
На строке 2653   в файле   80-244836449
На строке 2654   в файле   80-246639362
На строке 2655   в файле   80-249932024
На строке 2656   в файле   80-251416194
На строке 2657   в файле   80-259267238
На строке 2658   в файле   80-260966578
На строке 2659   в файле   80-251416849
На строке 2660   в файле   80-246639875
На строке 2661   в файле   80-244224796
На строке 2662   в файле   80-244837590
На строке 2663   в файле   80-251417470
На строке 2664   в файле   80-249932052
На строке 2665   в файле   80-252264401
На строке 2666   в файле   80-244839327
На строке 2667   в файле   80-260966872
На строке 2668   в файле   80-260966455
На строке 2669   в файле   80-261254222
На строке 2670   в файле   80-260966711
На строке 2671   в файле   80-260967013
На строке 2672   в файле   80-260967049
На строке 2673   в файле   80-261254285
На строке 2674   в файле   80-260966951
На строке 2675   в файле   80-260967059
На строке 2676   в файле   80-260967174
На строке 2677   в файле   80-249932027
На строке 2678   в файле   80-244224110
На строке 2679   в файле   80-244837013
На строке 2680   в файле   80-244837272
На строке 2681   в файле   80-244223073
На строке 2682   в файле   80-259268102
На строке 2683   в файле   80-259268614
На строке 2684   в файле   80-259595893
На строке 2685   в файле   80-252294325
На строке 2686   в файле   80-245170525
На строке 2687   в файле   80-252298594
На строке 2688   в файле   80-252302341
На строке 2689   в файле   80-245193336
На строке 2690   в файле   80-252307186
На строке 2691   в файле   80-245209682
На строке 2692   в файле   80-252309767
На строке 2693   в файле   80-259596306
На строке 2694   в файле   80-261076036
На строке 2695   в файле   80-261075907
На строке 2696   в файле   80-261076562
На строке 2697   в файле   80-259599744
На строке 2698   в файле   80-259599712
На строке 2699   в файле   80-261077255
На строке 2700   в файле   80-261077850
На строке 2701   в файле   80-261078668
На строке 2702   в файле   80-261078932
На строке 2703   в файле   80-245155829
На строке 2704   в файле   80-245156268
На строке 2705   в файле   80-252294765
На строке 2706   в файле   80-245158993
На строке 2707   в файле   80-252295261
На строке 2708   в файле   80-252510463
На строке 2709   в файле   80-245167859
На строке 2710   в файле   80-252295478
На строке 2711   в файле   80-245169230
На строке 2712   в файле   80-245169859
На строке 2713   в файле   80-245171242
На строке 2714   в файле   80-252296539
На строке 2715   в файле   80-252296772
На строке 2716   в файле   80-252296814
На строке 2717   в файле   80-252510644
На строке 2718   в файле   80-252297593
На строке 2719   в файле   80-252297662
На строке 2720   в файле   80-252510821
На строке 2721   в файле   80-252298578
На строке 2722   в файле   80-245184379
На строке 2723   в файле   80-252298817
На строке 2724   в файле   80-252299138
На строке 2725   в файле   80-245185183
На строке 2726   в файле   80-252510988
На строке 2727   в файле   80-252300866
На строке 2728   в файле   80-252301016
На строке 2729   в файле   80-252301081
На строке 2730   в файле   80-252301385
На строке 2731   в файле   80-252301616
На строке 2732   в файле   80-252302000
На строке 2733   в файле   80-252302916
На строке 2734   в файле   80-252303334
На строке 2735   в файле   80-252303240
На строке 2736   в файле   80-245190697
На строке 2737   в файле   80-252303268
На строке 2738   в файле   80-245191205
На строке 2739   в файле   80-245191562
На строке 2740   в файле   80-252304165
На строке 2741   в файле   80-245192734
На строке 2742   в файле   80-252511579
На строке 2743   в файле   80-252305078
На строке 2744   в файле   80-252305309
На строке 2745   в файле   80-245195288
На строке 2746   в файле   80-245196226
На строке 2747   в файле   80-252305662
На строке 2748   в файле   80-245197120
На строке 2749   в файле   80-252306086
На строке 2750   в файле   80-252306085
На строке 2751   в файле   80-252306745
На строке 2752   в файле   80-252306742
На строке 2753   в файле   80-252307184
На строке 2754   в файле   80-245203082
На строке 2755   в файле   80-252307218
На строке 2756   в файле   80-245203864
На строке 2757   в файле   80-245204232
На строке 2758   в файле   80-252307573
На строке 2759   в файле   80-245204238
На строке 2760   в файле   80-252307959
На строке 2761   в файле   80-245207083
На строке 2762   в файле   80-252308119
На строке 2763   в файле   80-245210314
На строке 2764   в файле   80-252308953
На строке 2765   в файле   80-252309338
На строке 2766   в файле   80-252309439
На строке 2767   в файле   80-252293847
На строке 2768   в файле   80-259595225
На строке 2769   в файле   80-260533588
На строке 2770   в файле   80-249637491
На строке 2771   в файле   80-249641989
На строке 2772   в файле   80-249646284
На строке 2773   в файле   80-249649658
На строке 2774   в файле   80-249651078
На строке 2775   в файле   80-249652583
На строке 2776   в файле   80-249653736
На строке 2777   в файле   80-249653768
На строке 2778   в файле   80-260533720
На строке 2779   в файле   80-260533659
На строке 2780   в файле   80-260533782
На строке 2781   в файле   80-260533745
На строке 2782   в файле   80-260534438
На строке 2783   в файле   80-260534278
На строке 2784   в файле   80-260534295
На строке 2785   в файле   80-260535122
На строке 2786   в файле   80-260534838
На строке 2787   в файле   80-260535135
На строке 2788   в файле   80-249637489
На строке 2789   в файле   80-249637515
На строке 2790   в файле   80-249638084
На строке 2791   в файле   80-249638671
На строке 2792   в файле   80-249638735
На строке 2793   в файле   80-249639437
На строке 2794   в файле   80-249639681
На строке 2795   в файле   80-252584937
На строке 2796   в файле   80-249640241
На строке 2797   в файле   80-251029091
На строке 2798   в файле   80-249642628
На строке 2799   в файле   80-249642669
На строке 2800   в файле   80-249643143
На строке 2801   в файле   80-249643394
На строке 2802   в файле   80-249643908
На строке 2803   в файле   80-249644760
На строке 2804   в файле   80-249645091
На строке 2805   в файле   80-249645263
На строке 2806   в файле   80-249645772
На строке 2807   в файле   80-249645509
На строке 2808   в файле   80-249646333
На строке 2809   в файле   80-249646763
На строке 2810   в файле   80-249646523
На строке 2811   в файле   80-252495160
На строке 2812   в файле   80-251032505
На строке 2813   в файле   80-251031806
На строке 2814   в файле   80-249648273
На строке 2815   в файле   80-249648260
На строке 2816   в файле   80-249648873
На строке 2817   в файле   80-249649079
На строке 2818   в файле   80-249649649
На строке 2819   в файле   80-249650000
На строке 2820   в файле   80-249649996
На строке 2821   в файле   80-249650220
На строке 2822   в файле   80-249650535
На строке 2823   в файле   80-249650546
На строке 2824   в файле   80-252117954
На строке 2825   в файле   80-249651093
На строке 2826   в файле   80-249650832
На строке 2827   в файле   80-249651358
На строке 2828   в файле   80-249651647
На строке 2829   в файле   80-249651620
На строке 2830   в файле   80-249651370
На строке 2831   в файле   80-249651622
На строке 2832   в файле   80-249651605
На строке 2833   в файле   80-249652430
На строке 2834   в файле   80-249652108
На строке 2835   в файле   80-249651892
На строке 2836   в файле   80-249652153
На строке 2837   в файле   80-252495112
На строке 2838   в файле   80-249653248
На строке 2839   в файле   80-249653551
На строке 2840   в файле   80-249633958
На строке 2841   в файле   80-249636274
На строке 2842   в файле   80-249636558
На строке 2843   в файле   80-249636880
На строке 2844   в файле   80-251027009
На строке 2845   в файле   80-252117041
На строке 2846   в файле   80-260533044
На строке 2847   в файле   80-260967482
На строке 2848   в файле   80-246640519
На строке 2849   в файле   80-244839618
На строке 2850   в файле   80-251418658
На строке 2851   в файле   80-244227283
На строке 2852   в файле   80-251418683
На строке 2853   в файле   80-244839659
На строке 2854   в файле   80-249932120
На строке 2855   в файле   80-244226982
На строке 2856   в файле   80-259268731
На строке 2857   в файле   80-260967534
На строке 2858   в файле   80-251418662
На строке 2859   в файле   80-251420067
На строке 2860   в файле   80-251419974
На строке 2861   в файле   80-251420123
На строке 2862   в файле   80-244840333
На строке 2863   в файле   80-244840364
На строке 2864   в файле   80-252339786
На строке 2865   в файле   80-251419470
На строке 2866   в файле   80-259269224
На строке 2867   в файле   80-259271556
На строке 2868   в файле   80-260968703
На строке 2869   в файле   80-260968860
На строке 2870   в файле   80-252339359
На строке 2871   в файле   80-244839951
На строке 2872   в файле   80-252339727
На строке 2873   в файле   80-251423897
На строке 2874   в файле   80-251423128
На строке 2875   в файле   80-252340549
На строке 2876   в файле   80-244230718
На строке 2877   в файле   80-244230801
На строке 2878   в файле   80-244228994
На строке 2879   в файле   80-260968843
На строке 2880   в файле   80-259271878
На строке 2881   в файле   80-249932224
На строке 2882   в файле   80-249932206
На строке 2883   в файле   80-244840630
На строке 2884   в файле   80-244231524
На строке 2885   в файле   80-244231687
На строке 2886   в файле   80-246646132
На строке 2887   в файле   80-246646262
На строке 2888   в файле   80-244232306
На строке 2889   в файле   80-244841009
На строке 2890   в файле   80-244841319
На строке 2891   в файле   80-249932210
На строке 2892   в файле   80-246646429
На строке 2893   в файле   80-251423774
На строке 2894   в файле   80-251423825
На строке 2895   в файле   80-259271799
На строке 2896   в файле   80-259272092
На строке 2897   в файле   80-259272372
На строке 2898   в файле   80-261254501
На строке 2899   в файле   80-259272617
На строке 2900   в файле   80-246645975
На строке 2901   в файле   80-259271795
На строке 2902   в файле   80-259272310
На строке 2903   в файле   80-249932228
На строке 2904   в файле   80-246646570
На строке 2905   в файле   80-244842231
На строке 2906   в файле   80-251426644
На строке 2907   в файле   80-251427406
На строке 2908   в файле   80-251428113
На строке 2909   в файле   80-244842233
На строке 2910   в файле   80-251425138
На строке 2911   в файле   80-259272693
На строке 2912   в файле   80-260968908
На строке 2913   в файле   80-251425207
На строке 2914   в файле   80-244841818
На строке 2915   в файле   80-251426764
На строке 2916   в файле   80-252339697
На строке 2917   в файле   80-251428136
На строке 2918   в файле   80-251428181
На строке 2919   в файле   80-244235753
На строке 2920   в файле   80-249932209
На строке 2921   в файле   80-251429560
На строке 2922   в файле   80-244841346
На строке 2923   в файле   80-259272935
На строке 2924   в файле   80-259273123
На строке 2925   в файле   80-244234123
На строке 2926   в файле   80-251426714
На строке 2927   в файле   80-244235104
На строке 2928   в файле   80-251428924
На строке 2929   в файле   80-244842603
На строке 2930   в файле   80-246651658
На строке 2931   в файле   80-251429565
На строке 2932   в файле   80-252264309
На строке 2933   в файле   80-244842931
На строке 2934   в файле   80-251425228
На строке 2935   в файле   80-259272954
На строке 2936   в файле   80-260969338
На строке 2937   в файле   80-249932408
На строке 2938   в файле   80-251429636
На строке 2939   в файле   80-244237499
На строке 2940   в файле   80-251430402
На строке 2941   в файле   80-244237805
На строке 2942   в файле   80-252339796
На строке 2943   в файле   80-251431240
На строке 2944   в файле   80-244842955
На строке 2945   в файле   80-246651533
На строке 2946   в файле   80-259273193
На строке 2947   в файле   80-259273430
На строке 2948   в файле   80-259273856
На строке 2949   в файле   80-246652462
На строке 2950   в файле   80-244241609
На строке 2951   в файле   80-244846427
На строке 2952   в файле   80-252264739
На строке 2953   в файле   80-244258657
На строке 2954   в файле   80-244258711
На строке 2955   в файле   80-252341849
На строке 2956   в файле   80-246658346
На строке 2957   в файле   80-260969341
На строке 2958   в файле   80-259274147
На строке 2959   в файле   80-259274351
На строке 2960   в файле   80-259274108
На строке 2961   в файле   80-259274360
На строке 2962   в файле   80-259274335
На строке 2963   в файле   80-259274823
На строке 2964   в файле   80-259274831
На строке 2965   в файле   80-260969321
На строке 2966   в файле   80-259275200
На строке 2967   в файле   80-244843641
На строке 2968   в файле   80-244239493
На строке 2969   в файле   80-246652563
На строке 2970   в файле   80-244843317
На строке 2971   в файле   80-244843645
На строке 2972   в файле   80-251432661
На строке 2973   в файле   80-251431965
На строке 2974   в файле   80-244843981
На строке 2975   в файле   80-244241323
На строке 2976   в файле   80-244844371
На строке 2977   в файле   80-251434169
На строке 2978   в файле   80-244844750
На строке 2979   в файле   80-246653416
На строке 2980   в файле   80-249932403
На строке 2981   в файле   80-249932404
На строке 2982   в файле   80-251433455
На строке 2983   в файле   80-244243804
На строке 2984   в файле   80-246653540
На строке 2985   в файле   80-251435480
На строке 2986   в файле   80-251436293
На строке 2987   в файле   80-251437017
На строке 2988   в файле   80-244246684
На строке 2989   в файле   80-252340627
На строке 2990   в файле   80-246655418
На строке 2991   в файле   80-252523768
На строке 2992   в файле   80-244248762
На строке 2993   в файле   80-249932595
На строке 2994   в файле   80-244249583
На строке 2995   в файле   80-246655921
На строке 2996   в файле   80-251438906
На строке 2997   в файле   80-244850509
На строке 2998   в файле   80-244251169
На строке 2999   в файле   80-249932777
На строке 3000   в файле   80-244253681
На строке 3001   в файле   80-246656392
На строке 3002   в файле   80-251441487
На строке 3003   в файле   80-244852832
На строке 3004   в файле   80-244852703
На строке 3005   в файле   80-252341446
На строке 3006   в файле   80-246656970
На строке 3007   в файле   80-249932782
На строке 3008   в файле   80-244257701
На строке 3009   в файле   80-244853760
На строке 3010   в файле   80-246652319
На строке 3011   в файле   80-259273883
На строке 3012   в файле   80-259274828
На строке 3013   в файле   80-252340603
На строке 3014   в файле   80-244242563
На строке 3015   в файле   80-244847607
На строке 3016   в файле   80-251439560
На строке 3017   в файле   80-244256439
На строке 3018   в файле   80-246658657
На строке 3019   в файле   80-244263437
На строке 3020   в файле   80-246659262
На строке 3021   в файле   80-260969145
На строке 3022   в файле   80-259275323
На строке 3023   в файле   80-259275409
На строке 3024   в файле   80-259275123
На строке 3025   в файле   80-259275316
На строке 3026   в файле   80-259275849
На строке 3027   в файле   80-260969337
На строке 3028   в файле   80-259275616
На строке 3029   в файле   80-261254561
На строке 3030   в файле   80-260969761
На строке 3031   в файле   80-251432663
На строке 3032   в файле   80-251431248
На строке 3033   в файле   80-249932406
На строке 3034   в файле   80-246652726
На строке 3035   в файле   80-246652850
На строке 3036   в файле   80-251432662
На строке 3037   в файле   80-252340937
На строке 3038   в файле   80-249932405
На строке 3039   в файле   80-244242002
На строке 3040   в файле   80-244241980
На строке 3041   в файле   80-246652998
На строке 3042   в файле   80-244844400
На строке 3043   в файле   80-246653280
На строке 3044   в файле   80-251434121
На строке 3045   в файле   80-244845506
На строке 3046   в файле   80-251434119
На строке 3047   в файле   80-246654566
На строке 3048   в файле   80-244845131
На строке 3049   в файле   80-251436890
На строке 3050   в файле   80-244846293
На строке 3051   в файле   80-244246447
На строке 3052   в файле   80-244847178
На строке 3053   в файле   80-246655160
На строке 3054   в файле   80-246655307
На строке 3055   в файле   80-246655577
На строке 3056   в файле   80-252340918
На строке 3057   в файле   80-249932582
На строке 3058   в файле   80-246655819
На строке 3059   в файле   80-244249344
На строке 3060   в файле   80-251437692
На строке 3061   в файле   80-252341474
На строке 3062   в файле   80-244851794
На строке 3063   в файле   80-246656165
На строке 3064   в файле   80-246656046
На строке 3065   в файле   80-244851620
На строке 3066   в файле   80-244252756
На строке 3067   в файле   80-251439565
На строке 3068   в файле   80-244852149
На строке 3069   в файле   80-251441622
На строке 3070   в файле   80-244254358
На строке 3071   в файле   80-246656522
На строке 3072   в файле   80-244255551
На строке 3073   в файле   80-252341469
На строке 3074   в файле   80-246657887
На строке 3075   в файле   80-244854419
На строке 3076   в файле   80-244258935
На строке 3077   в файле   80-251443338
На строке 3078   в файле   80-249932866
На строке 3079   в файле   80-251444677
На строке 3080   в файле   80-246658167
На строке 3081   в файле   80-251445494
На строке 3082   в файле   80-244855489
На строке 3083   в файле   80-246658818
На строке 3084   в файле   80-244856965
На строке 3085   в файле   80-251447150
На строке 3086   в файле   80-251431315
На строке 3087   в файле   80-259274556
На строке 3088   в файле   80-246656694
На строке 3089   в файле   80-259278461
На строке 3090   в файле   80-259278733
На строке 3091   в файле   80-259278495
На строке 3092   в файле   80-249932767
На строке 3093   в файле   80-246656880
На строке 3094   в файле   80-251442439
На строке 3095   в файле   80-249932822
На строке 3096   в файле   80-246657798
На строке 3097   в файле   80-244854416
На строке 3098   в файле   80-246658084
На строке 3099   в файле   80-249932942
На строке 3100   в файле   80-246658967
На строке 3101   в файле   80-244856772
На строке 3102   в файле   80-251448072
На строке 3103   в файле   80-244857373
На строке 3104   в файле   80-249932955
На строке 3105   в файле   80-246659412
На строке 3106   в файле   80-244858742
На строке 3107   в файле   80-251448147
На строке 3108   в файле   80-251449667
На строке 3109   в файле   80-246660052
На строке 3110   в файле   80-244859440
На строке 3111   в файле   80-244860075
На строке 3112   в файле   80-244266901
На строке 3113   в файле   80-252265216
На строке 3114   в файле   80-251451628
На строке 3115   в файле   80-244268898
На строке 3116   в файле   80-249932944
На строке 3117   в файле   80-246661367
На строке 3118   в файле   80-246661662
На строке 3119   в файле   80-246661504
На строке 3120   в файле   80-251451635
На строке 3121   в файле   80-252265686
На строке 3122   в файле   80-246661800
На строке 3123   в файле   80-244270340
На строке 3124   в файле   80-244253101
На строке 3125   в файле   80-246656289
На строке 3126   в файле   80-249932667
На строке 3127   в файле   80-251440878
На строке 3128   в файле   80-259277552
На строке 3129   в файле   80-259277998
На строке 3130   в файле   80-249932785
На строке 3131   в файле   80-249932962
На строке 3132   в файле   80-244264791
На строке 3133   в файле   80-244268931
На строке 3134   в файле   80-252265383
На строке 3135   в файле   80-259277400
На строке 3136   в файле   80-259277550
На строке 3137   в файле   80-259277986
На строке 3138   в файле   80-259277959
На строке 3139   в файле   80-260969799
На строке 3140   в файле   80-259278277
На строке 3141   в файле   80-259278250
На строке 3142   в файле   80-259278469
На строке 3143   в файле   80-251435483
На строке 3144   в файле   80-251435546
На строке 3145   в файле   80-244845511
На строке 3146   в файле   80-244245774
На строке 3147   в файле   80-244246423
На строке 3148   в файле   80-244846353
На строке 3149   в файле   80-251437050
На строке 3150   в файле   80-244847230
На строке 3151   в файле   80-244248215
На строке 3152   в файле   80-249932483
На строке 3153   в файле   80-249932569
На строке 3154   в файле   80-251438891
На строке 3155   в файле   80-244249003
На строке 3156   в файле   80-249932596
На строке 3157   в файле   80-244849949
На строке 3158   в файле   80-244850528
На строке 3159   в файле   80-249932568
На строке 3160   в файле   80-251440685
На строке 3161   в файле   80-244853265
На строке 3162   в файле   80-252606680
На строке 3163   в файле   80-244256881
На строке 3164   в файле   80-244257866
На строке 3165   в файле   80-244258382
На строке 3166   в файле   80-244854905
На строке 3167   в файле   80-252342488
На строке 3168   в файле   80-251444807
На строке 3169   в файле   80-251446363
На строке 3170   в файле   80-244855535
На строке 3171   в файле   80-246658529
На строке 3172   в файле   80-251444665
На строке 3173   в файле   80-244856145
На строке 3174   в файле   80-246659118
На строке 3175   в файле   80-252341893
На строке 3176   в файле   80-251446327
На строке 3177   в файле   80-244263435
На строке 3178   в файле   80-246659744
На строке 3179   в файле   80-246659552
На строке 3180   в файле   80-252265678
На строке 3181   в файле   80-244857937
На строке 3182   в файле   80-251448050
На строке 3183   в файле   80-251448832
На строке 3184   в файле   80-246660359
На строке 3185   в файле   80-251449804
На строке 3186   в файле   80-246660462
На строке 3187   в файле   80-244266457
На строке 3188   в файле   80-246660923
На строке 3189   в файле   80-244860821
На строке 3190   в файле   80-251450477
На строке 3191   в файле   80-244267730
На строке 3192   в файле   80-244861556
На строке 3193   в файле   80-246661097
На строке 3194   в файле   80-244861467
На строке 3195   в файле   80-246653124
На строке 3196   в файле   80-259276397
На строке 3197   в файле   80-259276379
На строке 3198   в файле   80-259276389
На строке 3199   в файле   80-259276641
На строке 3200   в файле   80-259276648
На строке 3201   в файле   80-259276972
На строке 3202   в файле   80-259277117
На строке 3203   в файле   80-259277150
На строке 3204   в файле   80-259276879
На строке 3205   в файле   80-259277567
На строке 3206   в файле   80-259275898
На строке 3207   в файле   80-246660150
На строке 3208   в файле   80-244858733
На строке 3209   в файле   80-244860213
На строке 3210   в файле   80-251449907
На строке 3211   в файле   80-246660662
На строке 3212   в файле   80-251449669
На строке 3213   в файле   80-246660778
На строке 3214   в файле   80-251452111
На строке 3215   в файле   80-259276130
На строке 3216   в файле   80-246659827
На строке 3217   в файле   80-259275706
На строке 3218   в файле   80-259276954
На строке 3219   в файле   80-244862277
На строке 3220   в файле   80-246661951
На строке 3221   в файле   80-246662277
На строке 3222   в файле   80-251453968
На строке 3223   в файле   80-244270960
На строке 3224   в файле   80-251453332
На строке 3225   в файле   80-244862955
На строке 3226   в файле   80-244271522
На строке 3227   в файле   80-246662095
На строке 3228   в файле   80-260969784
На строке 3229   в файле   80-260969778
На строке 3230   в файле   80-244862962
На строке 3231   в файле   80-244865288
На строке 3232   в файле   80-246664129
На строке 3233   в файле   80-252343146
На строке 3234   в файле   80-249933722
На строке 3235   в файле   80-244879788
На строке 3236   в файле   80-252595098
На строке 3237   в файле   80-249934193
На строке 3238   в файле   80-259278974
На строке 3239   в файле   80-259281436
На строке 3240   в файле   80-261254572
На строке 3241   в файле   80-260971275
На строке 3242   в файле   80-259288147
На строке 3243   в файле   80-259289155
На строке 3244   в файле   80-260971709
На строке 3245   в файле   80-260972176
На строке 3246   в файле   80-259290624
На строке 3247   в файле   80-259290807
На строке 3248   в файле   80-244863682
На строке 3249   в файле   80-246662401
На строке 3250   в файле   80-251454105
На строке 3251   в файле   80-246662555
На строке 3252   в файле   80-251455796
На строке 3253   в файле   80-246662730
На строке 3254   в файле   80-244864514
На строке 3255   в файле   80-244864560
На строке 3256   в файле   80-251454922
На строке 3257   в файле   80-246663043
На строке 3258   в файле   80-251457590
На строке 3259   в файле   80-244866233
На строке 3260   в файле   80-251457509
На строке 3261   в файле   80-252506505
На строке 3262   в файле   80-251457641
На строке 3263   в файле   80-246663613
На строке 3264   в файле   80-244867060
На строке 3265   в файле   80-246663958
На строке 3266   в файле   80-251459202
На строке 3267   в файле   80-251458316
На строке 3268   в файле   80-244868800
На строке 3269   в файле   80-244870543
На строке 3270   в файле   80-252266126
На строке 3271   в файле   80-246664273
На строке 3272   в файле   80-244871381
На строке 3273   в файле   80-244279063
На строке 3274   в файле   80-251459913
На строке 3275   в файле   80-246664584
На строке 3276   в файле   80-244872249
На строке 3277   в файле   80-244280170
На строке 3278   в файле   80-249933631
На строке 3279   в файле   80-244281964
На строке 3280   в файле   80-246666141
На строке 3281   в файле   80-246666453
На строке 3282   в файле   80-244873993
На строке 3283   в файле   80-251465642
На строке 3284   в файле   80-244284112
На строке 3285   в файле   80-244284684
На строке 3286   в файле   80-244285478
На строке 3287   в файле   80-251467880
На строке 3288   в файле   80-244877322
На строке 3289   в файле   80-246667819
На строке 3290   в файле   80-249933712
На строке 3291   в файле   80-246667993
На строке 3292   в файле   80-249933701
На строке 3293   в файле   80-246668310
На строке 3294   в файле   80-244878184
На строке 3295   в файле   80-251470457
На строке 3296   в файле   80-244878826
На строке 3297   в файле   80-246668650
На строке 3298   в файле   80-251472258
На строке 3299   в файле   80-244880532
На строке 3300   в файле   80-244291213
На строке 3301   в файле   80-244291954
На строке 3302   в файле   80-244291948
На строке 3303   в файле   80-246669727
На строке 3304   в файле   80-252606909
На строке 3305   в файле   80-251473832
На строке 3306   в файле   80-252344502
На строке 3307   в файле   80-246670464
На строке 3308   в файле   80-249933863
На строке 3309   в файле   80-244883863
На строке 3310   в файле   80-244295713
На строке 3311   в файле   80-249934032
На строке 3312   в файле   80-244295916
На строке 3313   в файле   80-249934023
На строке 3314   в файле   80-249933875
На строке 3315   в файле   80-244889149
На строке 3316   в файле   80-244890012
На строке 3317   в файле   80-249934049
На строке 3318   в файле   80-249934027
На строке 3319   в файле   80-244299732
На строке 3320   в файле   80-244894446
На строке 3321   в файле   80-244302188
На строке 3322   в файле   80-246672171
На строке 3323   в файле   80-249934202
На строке 3324   в файле   80-251475981
На строке 3325   в файле   80-246672542
На строке 3326   в файле   80-249934273
На строке 3327   в файле   80-249934386
На строке 3328   в файле   80-252267750
На строке 3329   в файле   80-244302888
На строке 3330   в файле   80-246673093
На строке 3331   в файле   80-259279167
На строке 3332   в файле   80-260970204
На строке 3333   в файле   80-259279502
На строке 3334   в файле   80-259279165
На строке 3335   в файле   80-259279499
На строке 3336   в файле   80-259279733
На строке 3337   в файле   80-259279427
На строке 3338   в файле   80-260970225
На строке 3339   в файле   80-259279865
На строке 3340   в файле   80-259279960
На строке 3341   в файле   80-260970195
На строке 3342   в файле   80-261254472
На строке 3343   в файле   80-259281902
На строке 3344   в файле   80-259282174
На строке 3345   в файле   80-260970695
На строке 3346   в файле   80-259282632
На строке 3347   в файле   80-259282411
На строке 3348   в файле   80-260970901
На строке 3349   в файле   80-259282612
На строке 3350   в файле   80-259283145
На строке 3351   в файле   80-259282885
На строке 3352   в файле   80-259283137
На строке 3353   в файле   80-260970790
На строке 3354   в файле   80-260971194
На строке 3355   в файле   80-259284793
На строке 3356   в файле   80-259284811
На строке 3357   в файле   80-260971446
На строке 3358   в файле   80-259285235
На строке 3359   в файле   80-259285497
На строке 3360   в файле   80-259285344
На строке 3361   в файле   80-260971071
На строке 3362   в файле   80-260971335
На строке 3363   в файле   80-260971260
На строке 3364   в файле   80-259286880
На строке 3365   в файле   80-259286644
На строке 3366   в файле   80-259286893
На строке 3367   в файле   80-259287367
На строке 3368   в файле   80-260971667
На строке 3369   в файле   80-260971993
На строке 3370   в файле   80-259287714
На строке 3371   в файле   80-259287893
На строке 3372   в файле   80-259287913
На строке 3373   в файле   80-260971530
На строке 3374   в файле   80-259288615
На строке 3375   в файле   80-259288672
На строке 3376   в файле   80-259288636
На строке 3377   в файле   80-260971854
На строке 3378   в файле   80-260971702
На строке 3379   в файле   80-251453818
На строке 3380   в файле   80-259278723
На строке 3381   в файле   80-259283172
На строке 3382   в файле   80-244868145
На строке 3383   в файле   80-252506725
На строке 3384   в файле   80-246665950
На строке 3385   в файле   80-244876551
На строке 3386   в файле   80-251470489
На строке 3387   в файле   80-244883708
На строке 3388   в файле   80-244298655
На строке 3389   в файле   80-249934566
На строке 3390   в файле   80-260970456
На строке 3391   в файле   80-259286888
На строке 3392   в файле   80-259288899
На строке 3393   в файле   80-259292039
На строке 3394   в файле   80-260972602
На строке 3395   в файле   80-260972880
На строке 3396   в файле   80-260973370
На строке 3397   в файле   80-260973352
На строке 3398   в файле   80-260973135
На строке 3399   в файле   80-259295281
На строке 3400   в файле   80-251459640
На строке 3401   в файле   80-244867845
На строке 3402   в файле   80-244869555
На строке 3403   в файле   80-244278283
На строке 3404   в файле   80-251459472
На строке 3405   в файле   80-252506493
На строке 3406   в файле   80-246664408
На строке 3407   в файле   80-252342500
На строке 3408   в файле   80-244279635
На строке 3409   в файле   80-244871198
На строке 3410   в файле   80-246664712
На строке 3411   в файле   80-252342374
На строке 3412   в файле   80-246665034
На строке 3413   в файле   80-246664898
На строке 3414   в файле   80-244281097
На строке 3415   в файле   80-252342971
На строке 3416   в файле   80-244281344
На строке 3417   в файле   80-251464287
На строке 3418   в файле   80-249933706
На строке 3419   в файле   80-252343495
На строке 3420   в файле   80-251465276
На строке 3421   в файле   80-244874921
На строке 3422   в файле   80-251466204
На строке 3423   в файле   80-251466344
На строке 3424   в файле   80-246666625
На строке 3425   в файле   80-244876506
На строке 3426   в файле   80-246666747
На строке 3427   в файле   80-244875792
На строке 3428   в файле   80-244284960
На строке 3429   в файле   80-252343559
На строке 3430   в файле   80-252344190
На строке 3431   в файле   80-244286950
На строке 3432   в файле   80-244878143
На строке 3433   в файле   80-244287442
На строке 3434   в файле   80-251468658
На строке 3435   в файле   80-251469667
На строке 3436   в файле   80-244288694
На строке 3437   в файле   80-249933716
На строке 3438   в файле   80-246668516
На строке 3439   в файле   80-246668829
На строке 3440   в файле   80-244290299
На строке 3441   в файле   80-249933868
На строке 3442   в файле   80-251471961
На строке 3443   в файле   80-246669541
На строке 3444   в файле   80-249933865
На строке 3445   в файле   80-244292515
На строке 3446   в файле   80-252343968
На строке 3447   в файле   80-244882143
На строке 3448   в файле   80-244881237
На строке 3449   в файле   80-246670265
На строке 3450   в файле   80-244295377
На строке 3451   в файле   80-244885568
На строке 3452   в файле   80-252344675
На строке 3453   в файле   80-251474054
На строке 3454   в файле   80-249934054
На строке 3455   в файле   80-251474600
На строке 3456   в файле   80-249934052
На строке 3457   в файле   80-246670992
На строке 3458   в файле   80-244298150
На строке 3459   в файле   80-244298384
На строке 3460   в файле   80-246671572
На строке 3461   в файле   80-244299488
На строке 3462   в файле   80-251475282
На строке 3463   в файле   80-246671924
На строке 3464   в файле   80-246672343
На строке 3465   в файле   80-244301416
На строке 3466   в файле   80-244893651
На строке 3467   в файле   80-244301957
На строке 3468   в файле   80-249934208
На строке 3469   в файле   80-246672897
На строке 3470   в файле   80-244303345
На строке 3471   в файле   80-252344973
На строке 3472   в файле   80-249934690
На строке 3473   в файле   80-249934520
На строке 3474   в файле   80-249934717
На строке 3475   в файле   80-246673282
На строке 3476   в файле   80-249934698
На строке 3477   в файле   80-249934767
На строке 3478   в файле   80-249934781
На строке 3479   в файле   80-244306789
На строке 3480   в файле   80-259283420
На строке 3481   в файле   80-260970694
На строке 3482   в файле   80-259284520
На строке 3483   в файле   80-259284778
На строке 3484   в файле   80-259284774
На строке 3485   в файле   80-259285044
На строке 3486   в файле   80-259285789
На строке 3487   в файле   80-259285953
На строке 3488   в файле   80-259285977
На строке 3489   в файле   80-259286320
На строке 3490   в файле   80-259286947
На строке 3491   в файле   80-259287180
На строке 3492   в файле   80-259287368
На строке 3493   в файле   80-259287378
На строке 3494   в файле   80-259287628
На строке 3495   в файле   80-259287863
На строке 3496   в файле   80-259288167
На строке 3497   в файле   80-259288433
На строке 3498   в файле   80-259288394
На строке 3499   в файле   80-259288954
На строке 3500   в файле   80-259289195
На строке 3501   в файле   80-259290362
На строке 3502   в файле   80-259291142
На строке 3503   в файле   80-259290622
На строке 3504   в файле   80-259290626
На строке 3505   в файле   80-259291094
На строке 3506   в файле   80-259291131
На строке 3507   в файле   80-259291537
На строке 3508   в файле   80-260972245
На строке 3509   в файле   80-259292027
На строке 3510   в файле   80-259291823
На строке 3511   в файле   80-259292143
На строке 3512   в файле   80-259292507
На строке 3513   в файле   80-260972265
На строке 3514   в файле   80-259292745
На строке 3515   в файле   80-259292990
На строке 3516   в файле   80-259293891
На строке 3517   в файле   80-244273582
На строке 3518   в файле   80-244274229
На строке 3519   в файле   80-244276503
На строке 3520   в файле   80-244866327
На строке 3521   в файле   80-246662853
На строке 3522   в файле   80-246663162
На строке 3523   в файле   80-246663344
На строке 3524   в файле   80-246663468
На строке 3525   в файле   80-246663802
На строке 3526   в файле   80-249933204
На строке 3527   в файле   80-251456537
На строке 3528   в файле   80-251455769
На строке 3529   в файле   80-251455634
На строке 3530   в файле   80-252265244
На строке 3531   в файле   80-259283175
На строке 3532   в файле   80-259295537
На строке 3533   в файле   80-246668174
На строке 3534   в файле   80-249934877
На строке 3535   в файле   80-252269784
На строке 3536   в файле   80-244906786
На строке 3537   в файле   80-249935668
На строке 3538   в файле   80-249935901
На строке 3539   в файле   80-244315964
На строке 3540   в файле   80-249936531
На строке 3541   в файле   80-259295309
На строке 3542   в файле   80-259296488
На строке 3543   в файле   80-259297788
На строке 3544   в файле   80-260973825
На строке 3545   в файле   80-259305840
На строке 3546   в файле   80-259308284
На строке 3547   в файле   80-259308557
На строке 3548   в файле   80-259310811
На строке 3549   в файле   80-261254870
На строке 3550   в файле   80-244287908
На строке 3551   в файле   80-246669886
На строке 3552   в файле   80-246671389
На строке 3553   в файле   80-249934345
На строке 3554   в файле   80-244304273
На строке 3555   в файле   80-249934628
На строке 3556   в файле   80-249934714
На строке 3557   в файле   80-249934854
На строке 3558   в файле   80-244305804
На строке 3559   в файле   80-244900906
На строке 3560   в файле   80-252345618
На строке 3561   в файле   80-244307404
На строке 3562   в файле   80-249934929
На строке 3563   в файле   80-252268333
На строке 3564   в файле   80-252268347
На строке 3565   в файле   80-244903055
На строке 3566   в файле   80-249935047
На строке 3567   в файле   80-244308377
На строке 3568   в файле   80-244308560
На строке 3569   в файле   80-252345707
На строке 3570   в файле   80-244309648
На строке 3571   в файле   80-244309782
На строке 3572   в файле   80-244904497
На строке 3573   в файле   80-249935378
На строке 3574   в файле   80-244905369
На строке 3575   в файле   80-246674411
На строке 3576   в файле   80-244906047
На строке 3577   в файле   80-244310525
На строке 3578   в файле   80-249935457
На строке 3579   в файле   80-244311052
На строке 3580   в файле   80-244907482
На строке 3581   в файле   80-244908190
На строке 3582   в файле   80-244311983
На строке 3583   в файле   80-244312020
На строке 3584   в файле   80-244312336
На строке 3585   в файле   80-244908985
На строке 3586   в файле   80-244910172
На строке 3587   в файле   80-251479910
На строке 3588   в файле   80-249935610
На строке 3589   в файле   80-249935590
На строке 3590   в файле   80-249935753
На строке 3591   в файле   80-249935752
На строке 3592   в файле   80-251479817
На строке 3593   в файле   80-244914005
На строке 3594   в файле   80-249935902
На строке 3595   в файле   80-244314211
На строке 3596   в файле   80-252507065
На строке 3597   в файле   80-244314330
На строке 3598   в файле   80-244920358
На строке 3599   в файле   80-244921905
На строке 3600   в файле   80-244923222
На строке 3601   в файле   80-244314697
На строке 3602   в файле   80-249936032
На строке 3603   в файле   80-249936132
На строке 3604   в файле   80-252269772
На строке 3605   в файле   80-251481349
На строке 3606   в файле   80-244315442
На строке 3607   в файле   80-249936092
На строке 3608   в файле   80-249936125
На строке 3609   в файле   80-249936218
На строке 3610   в файле   80-249936276
На строке 3611   в файле   80-244316068
На строке 3612   в файле   80-249936290
На строке 3613   в файле   80-244946650
На строке 3614   в файле   80-246675192
На строке 3615   в файле   80-249936379
На строке 3616   в файле   80-249936358
На строке 3617   в файле   80-244947429
На строке 3618   в файле   80-249936516
На строке 3619   в файле   80-244947407
На строке 3620   в файле   80-249936669
На строке 3621   в файле   80-252507409
На строке 3622   в файле   80-252271779
На строке 3623   в файле   80-249936757
На строке 3624   в файле   80-249936771
На строке 3625   в файле   80-244318221
На строке 3626   в файле   80-251482075
На строке 3627   в файле   80-244318466
На строке 3628   в файле   80-244961766
На строке 3629   в файле   80-251482855
На строке 3630   в файле   80-259295755
На строке 3631   в файле   80-259295777
На строке 3632   в файле   80-259295795
На строке 3633   в файле   80-259296019
На строке 3634   в файле   80-259295740
На строке 3635   в файле   80-259296230
На строке 3636   в файле   80-259296263
На строке 3637   в файле   80-260973599
На строке 3638   в файле   80-260973385
На строке 3639   в файле   80-259296719
На строке 3640   в файле   80-259296792
На строке 3641   в файле   80-259296713
На строке 3642   в файле   80-259296931
На строке 3643   в файле   80-261254825
На строке 3644   в файле   80-259296935
На строке 3645   в файле   80-259297250
На строке 3646   в файле   80-259297168
На строке 3647   в файле   80-259297472
На строке 3648   в файле   80-259297184
На строке 3649   в файле   80-259297420
На строке 3650   в файле   80-259297678
На строке 3651   в файле   80-259298107
На строке 3652   в файле   80-259297931
На строке 3653   в файле   80-259297980
На строке 3654   в файле   80-260973844
На строке 3655   в файле   80-259298284
На строке 3656   в файле   80-260973608
На строке 3657   в файле   80-259298816
На строке 3658   в файле   80-260973914
На строке 3659   в файле   80-259298319
На строке 3660   в файле   80-260974337
На строке 3661   в файле   80-260974100
На строке 3662   в файле   80-259300314
На строке 3663   в файле   80-259300300
На строке 3664   в файле   80-259300527
На строке 3665   в файле   80-259300810
На строке 3666   в файле   80-260974537
На строке 3667   в файле   80-259301274
На строке 3668   в файле   80-260974341
На строке 3669   в файле   80-259302631
На строке 3670   в файле   80-259303560
На строке 3671   в файле   80-259303816
На строке 3672   в файле   80-259303800
На строке 3673   в файле   80-260974839
На строке 3674   в файле   80-259304045
На строке 3675   в файле   80-260974734
На строке 3676   в файле   80-260974992
На строке 3677   в файле   80-260975338
На строке 3678   в файле   80-259305233
На строке 3679   в файле   80-259305834
На строке 3680   в файле   80-259305838
На строке 3681   в файле   80-259305832
На строке 3682   в файле   80-259305843
На строке 3683   в файле   80-260974998
На строке 3684   в файле   80-260975345
На строке 3685   в файле   80-259307125
На строке 3686   в файле   80-259307370
На строке 3687   в файле   80-259307381
На строке 3688   в файле   80-259307516
На строке 3689   в файле   80-259307970
На строке 3690   в файле   80-259308019
На строке 3691   в файле   80-259307808
На строке 3692   в файле   80-260975815
На строке 3693   в файле   80-260975196
На строке 3694   в файле   80-260975460
На строке 3695   в файле   80-260975470
На строке 3696   в файле   80-259308301
На строке 3697   в файле   80-259308561
На строке 3698   в файле   80-259308568
На строке 3699   в файле   80-259308848
На строке 3700   в файле   80-259308831
На строке 3701   в файле   80-259309212
На строке 3702   в файле   80-259309098
На строке 3703   в файле   80-259309421
На строке 3704   в файле   80-259309808
На строке 3705   в файле   80-259309757
На строке 3706   в файле   80-259310531
На строке 3707   в файле   80-259310791
На строке 3708   в файле   80-259310574
На строке 3709   в файле   80-259310488
На строке 3710   в файле   80-260975874
На строке 3711   в файле   80-260976021
На строке 3712   в файле   80-259311171
На строке 3713   в файле   80-260975661
На строке 3714   в файле   80-259311130
На строке 3715   в файле   80-260975914
На строке 3716   в файле   80-261254950
На строке 3717   в файле   80-260976072
На строке 3718   в файле   80-259312710
На строке 3719   в файле   80-259313026
На строке 3720   в файле   80-259313043
На строке 3721   в файле   80-259313049
На строке 3722   в файле   80-259314156
На строке 3723   в файле   80-259314808
На строке 3724   в файле   80-259314831
На строке 3725   в файле   80-259314864
На строке 3726   в файле   80-260976188
На строке 3727   в файле   80-259315557
На строке 3728   в файле   80-251469889
На строке 3729   в файле   80-244289064
На строке 3730   в файле   80-246669369
На строке 3731   в файле   80-244879801
На строке 3732   в файле   80-246669008
На строке 3733   в файле   80-251472184
На строке 3734   в файле   80-246669174
На строке 3735   в файле   80-244291430
На строке 3736   в файле   80-246670071
На строке 3737   в файле   80-249933807
На строке 3738   в файле   80-244881487
На строке 3739   в файле   80-244883099
На строке 3740   в файле   80-246670808
На строке 3741   в файле   80-251473097
На строке 3742   в файле   80-244884954
На строке 3743   в файле   80-246670617
На строке 3744   в файле   80-244296297
На строке 3745   в файле   80-249933897
На строке 3746   в файле   80-252506492
На строке 3747   в файле   80-246671227
На строке 3748   в файле   80-252344577
На строке 3749   в файле   80-249934186
На строке 3750   в файле   80-246671763
На строке 3751   в файле   80-244892960
На строке 3752   в файле   80-251475985
На строке 3753   в файле   80-244892898
На строке 3754   в файле   80-251476081
На строке 3755   в файле   80-251477578
На строке 3756   в файле   80-244895149
На строке 3757   в файле   80-246672732
На строке 3758   в файле   80-244896425
На строке 3759   в файле   80-244897441
На строке 3760   в файле   80-249934562
На строке 3761   в файле   80-249934544
На строке 3762   в файле   80-251477539
На строке 3763   в файле   80-244304561
На строке 3764   в файле   80-251478979
На строке 3765   в файле   80-244873245
На строке 3766   в файле   80-244873344
На строке 3767   в файле   80-244874937
На строке 3768   в файле   80-246665807
На строке 3769   в файле   80-246666293
На строке 3770   в файле   80-246667497
На строке 3771   в файле   80-246667653
На строке 3772   в файле   80-251466961
На строке 3773   в файле   80-251468725
На строке 3774   в файле   80-252343453
На строке 3775   в файле   80-252523984
На строке 3776   в файле   80-259292982
На строке 3777   в файле   80-259291058
На строке 3778   в файле   80-249934206
На строке 3779   в файле   80-246673466
На строке 3780   в файле   80-244308217
На строке 3781   в файле   80-249935449
На строке 3782   в файле   80-244910179
На строке 3783   в файле   80-249935820
На строке 3784   в файле   80-249936210
На строке 3785   в файле   80-249936530
На строке 3786   в файле   80-259291302
На строке 3787   в файле   80-260972346
На строке 3788   в файле   80-259291554
На строке 3789   в файле   80-259291596
На строке 3790   в файле   80-259291575
На строке 3791   в файле   80-259292042
На строке 3792   в файле   80-259292531
На строке 3793   в файле   80-259292332
На строке 3794   в файле   80-261254563
На строке 3795   в файле   80-260972745
На строке 3796   в файле   80-251476750
На строке 3797   в файле   80-244301751
На строке 3798   в файле   80-251477556
На строке 3799   в файле   80-244894453
На строке 3800   в файле   80-249934380
На строке 3801   в файле   80-249934461
На строке 3802   в файле   80-249934355
На строке 3803   в файле   80-249934370
На строке 3804   в файле   80-244303057
На строке 3805   в файле   80-249934523
На строке 3806   в файле   80-252268349
На строке 3807   в файле   80-244900156
На строке 3808   в файле   80-244305806
На строке 3809   в файле   80-244305997
На строке 3810   в файле   80-249934879
На строке 3811   в файле   80-252345474
На строке 3812   в файле   80-249934930
На строке 3813   в файле   80-244307146
На строке 3814   в файле   80-244307337
На строке 3815   в файле   80-249934927
На строке 3816   в файле   80-244308424
На строке 3817   в файле   80-249935017
На строке 3818   в файле   80-252268797
На строке 3819   в файле   80-252268353
На строке 3820   в файле   80-251480584
На строке 3821   в файле   80-249935436
На строке 3822   в файле   80-244309928
На строке 3823   в файле   80-252269805
На строке 3824   в файле   80-249935435
На строке 3825   в файле   80-249935454
На строке 3826   в файле   80-244310882
На строке 3827   в файле   80-246674590
На строке 3828   в файле   80-244906781
На строке 3829   в файле   80-249935521
На строке 3830   в файле   80-244908451
На строке 3831   в файле   80-244311804
На строке 3832   в файле   80-244312335
На строке 3833   в файле   80-249935593
На строке 3834   в файле   80-251479779
На строке 3835   в файле   80-244910217
На строке 3836   в файле   80-244313223
На строке 3837   в файле   80-249935613
На строке 3838   в файле   80-244313220
На строке 3839   в файле   80-249935685
На строке 3840   в файле   80-244913285
На строке 3841   в файле   80-244314014
На строке 3842   в файле   80-249935773
На строке 3843   в файле   80-252346006
На строке 3844   в файле   80-249935823
На строке 3845   в файле   80-244919651
На строке 3846   в файле   80-244921715
На строке 3847   в файле   80-249935964
На строке 3848   в файле   80-244923139
На строке 3849   в файле   80-252507064
На строке 3850   в файле   80-249935960
На строке 3851   в файле   80-252507056
На строке 3852   в файле   80-249936027
На строке 3853   в файле   80-251481355
На строке 3854   в файле   80-249936188
На строке 3855   в файле   80-252507059
На строке 3856   в файле   80-249936353
На строке 3857   в файле   80-249936288
На строке 3858   в файле   80-246674994
На строке 3859   в файле   80-249936449
На строке 3860   в файле   80-252272277
На строке 3861   в файле   80-244945995
На строке 3862   в файле   80-249936535
На строке 3863   в файле   80-251481502
На строке 3864   в файле   80-244317421
На строке 3865   в файле   80-249936525
На строке 3866   в файле   80-244317533
На строке 3867   в файле   80-252272307
На строке 3868   в файле   80-249936685
На строке 3869   в файле   80-249936826
На строке 3870   в файле   80-244299172
На строке 3871   в файле   80-244891979
На строке 3872   в файле   80-259290600
На строке 3873   в файле   80-260790080
На строке 3874   в файле   80-261244434
На строке 3875   в файле   80-244692043
На строке 3876   в файле   80-244699381
На строке 3877   в файле   80-244705723
На строке 3878   в файле   80-243919961
На строке 3879   в файле   80-243921628
На строке 3880   в файле   80-243923281
На строке 3881   в файле   80-252245531
На строке 3882   в файле   80-243926297
На строке 3883   в файле   80-261244507
На строке 3884   в файле   80-260790585
На строке 3885   в файле   80-261244523
На строке 3886   в файле   80-260790654
На строке 3887   в файле   80-260791006
На строке 3888   в файле   80-260790969
На строке 3889   в файле   80-260790601
На строке 3890   в файле   80-261244623
На строке 3891   в файле   80-260790993
На строке 3892   в файле   80-261276110
На строке 3893   в файле   80-261244728
На строке 3894   в файле   80-243910708
На строке 3895   в файле   80-243913157
На строке 3896   в файле   80-243914450
На строке 3897   в файле   80-244696176
На строке 3898   в файле   80-243918242
На строке 3899   в файле   80-243909320
На строке 3900   в файле   80-259245729
На строке 3901   в файле   80-259706901
На строке 3902   в файле   80-252326092
На строке 3903   в файле   80-251316304
На строке 3904   в файле   80-252326068
На строке 3905   в файле   80-259706341
На строке 3906   в файле   80-261273259
На строке 3907   в файле   80-252633230
На строке 3908   в файле   80-251301399
На строке 3909   в файле   80-251302471
На строке 3910   в файле   80-261091252
На строке 3911   в файле   80-261092688
На строке 3912   в файле   80-251306704
На строке 3913   в файле   80-259163673
На строке 3914   в файле   80-261096696
На строке 3915   в файле   80-251305953
На строке 3916   в файле   80-252324788
На строке 3917   в файле   80-251306608
На строке 3918   в файле   80-252325177
На строке 3919   в файле   80-252325184
На строке 3920   в файле   80-251309457
На строке 3921   в файле   80-251311012
На строке 3922   в файле   80-251311535
На строке 3923   в файле   80-261260154
На строке 3924   в файле   80-261098026
На строке 3925   в файле   80-261098179
На строке 3926   в файле   80-259665987
На строке 3927   в файле   80-259666336
На строке 3928   в файле   80-261095611
На строке 3929   в файле   80-261094085
На строке 3930   в файле   80-251306008
На строке 3931   в файле   80-252325185
На строке 3932   в файле   80-251307204
На строке 3933   в файле   80-251308322
На строке 3934   в файле   80-251308249
На строке 3935   в файле   80-251309908
На строке 3936   в файле   80-251310547
На строке 3937   в файле   80-251311104
На строке 3938   в файле   80-261273267
На строке 3939   в файле   80-261260005
На строке 3940   в файле   80-259654738
На строке 3941   в файле   80-259655012
На строке 3942   в файле   80-259655014
На строке 3943   в файле   80-261259970
На строке 3944   в файле   80-260766989
На строке 3945   в файле   80-260767709
На строке 3946   в файле   80-260768124
На строке 3947   в файле   80-260767988
На строке 3948   в файле   80-252281491
На строке 3949   в файле   80-243697602
На строке 3950   в файле   80-243696466
На строке 3951   в файле   80-249954281
На строке 3952   в файле   80-249954566
На строке 3953   в файле   80-249954161
На строке 3954   в файле   80-243700462
На строке 3955   в файле   80-249907039
На строке 3956   в файле   80-249907051
На строке 3957   в файле   80-249907106
На строке 3958   в файле   80-249907054
На строке 3959   в файле   80-249907196
На строке 3960   в файле   80-249907328
На строке 3961   в файле   80-249907475
На строке 3962   в файле   80-260767916
На строке 3963   в файле   80-260767920
На строке 3964   в файле   80-260768166
На строке 3965   в файле   80-260768148
На строке 3966   в файле   80-260768548
На строке 3967   в файле   80-260768562
На строке 3968   в файле   80-260768597
На строке 3969   в файле   80-260768646
На строке 3970   в файле   80-260768620
На строке 3971   в файле   80-260768699
На строке 3972   в файле   80-260769038
На строке 3973   в файле   80-249954294
На строке 3974   в файле   80-252281481
На строке 3975   в файле   80-249954068
На строке 3976   в файле   80-244548005
На строке 3977   в файле   80-252281828
На строке 3978   в файле   80-243694961
На строке 3979   в файле   80-249954304
На строке 3980   в файле   80-260767664
На строке 3981   в файле   80-261149278
На строке 3982   в файле   80-251774370
На строке 3983   в файле   80-251779014
На строке 3984   в файле   80-251782537
На строке 3985   в файле   80-251782842
На строке 3986   в файле   80-251783533
На строке 3987   в файле   80-251784567
На строке 3988   в файле   80-251784834
На строке 3989   в файле   80-247045892
На строке 3990   в файле   80-259982607
На строке 3991   в файле   80-259983254
На строке 3992   в файле   80-259983052
На строке 3993   в файле   80-259983255
На строке 3994   в файле   80-259983850
На строке 3995   в файле   80-259983679
На строке 3996   в файле   80-259983823
На строке 3997   в файле   80-259983892
На строке 3998   в файле   80-261149695
На строке 3999   в файле   80-261149887
На строке 4000   в файле   80-247004035
На строке 4001   в файле   80-247004064
На строке 4002   в файле   80-247005982
На строке 4003   в файле   80-251777142
На строке 4004   в файле   80-251777184
На строке 4005   в файле   80-251777634
На строке 4006   в файле   80-251777830
На строке 4007   в файле   80-251778101
На строке 4008   в файле   80-247016492
На строке 4009   в файле   80-251778611
На строке 4010   в файле   80-251778989
На строке 4011   в файле   80-251779471
На строке 4012   в файле   80-247021436
На строке 4013   в файле   80-247022268
На строке 4014   в файле   80-247023178
На строке 4015   в файле   80-247023617
На строке 4016   в файле   80-251780357
На строке 4017   в файле   80-247027063
На строке 4018   в файле   80-247029515
На строке 4019   в файле   80-251781234
На строке 4020   в файле   80-247036257
На строке 4021   в файле   80-261149271
На строке 4022   в файле   80-259285865
На строке 4023   в файле   80-244314362
На строке 4024   в файле   80-244918789
На строке 4025   в файле   80-244920364
На строке 4026   в файле   80-249935921
На строке 4027   в файле   80-244923146
На строке 4028   в файле   80-246674786
На строке 4029   в файле   80-249935895
На строке 4030   в файле   80-252269777
На строке 4031   в файле   80-259285284
На строке 4032   в файле   80-260973485
На строке 4033   в файле   80-244318579
На строке 4034   в файле   80-244318958
На строке 4035   в файле   80-249936759
На строке 4036   в файле   80-249936923
На строке 4037   в файле   80-249936746
На строке 4038   в файле   80-249936825
На строке 4039   в файле   80-244962611
На строке 4040   в файле   80-246676418
На строке 4041   в файле   80-244963144
На строке 4042   в файле   80-244319931
На строке 4043   в файле   80-246676228
На строке 4044   в файле   80-259296302
На строке 4045   в файле   80-260976683
На строке 4046   в файле   80-244321341
На строке 4047   в файле   80-249938611
На строке 4048   в файле   80-249938742
На строке 4049   в файле   80-249938848
На строке 4050   в файле   80-244327796
На строке 4051   в файле   80-244985941
На строке 4052   в файле   80-246681273
На строке 4053   в файле   80-249940076
На строке 4054   в файле   80-259322125
На строке 4055   в файле   80-259327417
На строке 4056   в файле   80-259329617
На строке 4057   в файле   80-260977581
На строке 4058   в файле   80-260978828
На строке 4059   в файле   80-259348360
На строке 4060   в файле   80-260979724
На строке 4061   в файле   80-259358776
На строке 4062   в файле   80-259361024
На строке 4063   в файле   80-259367764
На строке 4064   в файле   80-244321340
На строке 4065   в файле   80-249937590
На строке 4066   в файле   80-249937766
На строке 4067   в файле   80-244977417
На строке 4068   в файле   80-249938493
На строке 4069   в файле   80-246679387
На строке 4070   в файле   80-249938487
На строке 4071   в файле   80-244325881
На строке 4072   в файле   80-244325610
На строке 4073   в файле   80-249938604
На строке 4074   в файле   80-249938618
На строке 4075   в файле   80-249938614
На строке 4076   в файле   80-244326163
На строке 4077   в файле   80-246679884
На строке 4078   в файле   80-246680159
На строке 4079   в файле   80-244982027
На строке 4080   в файле   80-251487608
На строке 4081   в файле   80-249938725
На строке 4082   в файле   80-251488191
На строке 4083   в файле   80-249938739
На строке 4084   в файле   80-251488822
На строке 4085   в файле   80-249938873
На строке 4086   в файле   80-249938724
На строке 4087   в файле   80-244982859
На строке 4088   в файле   80-249938889
На строке 4089   в файле   80-244326850
На строке 4090   в файле   80-249938737
На строке 4091   в файле   80-244326708
На строке 4092   в файле   80-249938855
На строке 4093   в файле   80-249938841
На строке 4094   в файле   80-249938843
На строке 4095   в файле   80-244327023
На строке 4096   в файле   80-251488122
На строке 4097   в файле   80-244327160
На строке 4098   в файле   80-249938993
На строке 4099   в файле   80-249938986
На строке 4100   в файле   80-249938987
На строке 4101   в файле   80-244327491
На строке 4102   в файле   80-244327337
На строке 4103   в файле   80-244327493
На строке 4104   в файле   80-249939007
На строке 4105   в файле   80-249939124
На строке 4106   в файле   80-244328086
На строке 4107   в файле   80-252507928
На строке 4108   в файле   80-249939139
На строке 4109   в файле   80-244328358
На строке 4110   в файле   80-249939520
На строке 4111   в файле   80-252507809
На строке 4112   в файле   80-244985734
На строке 4113   в файле   80-249939543
На строке 4114   в файле   80-249939446
На строке 4115   в файле   80-249939649
На строке 4116   в файле   80-246681086
На строке 4117   в файле   80-244329701
На строке 4118   в файле   80-244329700
На строке 4119   в файле   80-249939715
На строке 4120   в файле   80-252274014
На строке 4121   в файле   80-244329816
На строке 4122   в файле   80-249939675
На строке 4123   в файле   80-244330114
На строке 4124   в файле   80-251489232
На строке 4125   в файле   80-244986840
На строке 4126   в файле   80-252274026
На строке 4127   в файле   80-251489698
На строке 4128   в файле   80-252274321
На строке 4129   в файле   80-252274582
На строке 4130   в файле   80-252274603
На строке 4131   в файле   80-244330390
На строке 4132   в файле   80-252274685
На строке 4133   в файле   80-251489663
На строке 4134   в файле   80-244330515
На строке 4135   в файле   80-249940066
На строке 4136   в файле   80-244988295
На строке 4137   в файле   80-249940075
На строке 4138   в файле   80-249939995
На строке 4139   в файле   80-244330687
На строке 4140   в файле   80-244330833
На строке 4141   в файле   80-249940081
На строке 4142   в файле   80-252274967
На строке 4143   в файле   80-249940074
На строке 4144   в файле   80-259322134
На строке 4145   в файле   80-259324540
На строке 4146   в файле   80-259325127
На строке 4147   в файле   80-259325155
На строке 4148   в файле   80-259325044
На строке 4149   в файле   80-260976927
На строке 4150   в файле   80-259326215
На строке 4151   в файле   80-259326205
На строке 4152   в файле   80-259326266
На строке 4153   в файле   80-259327199
На строке 4154   в файле   80-259328480
На строке 4155   в файле   80-259327289
На строке 4156   в файле   80-260977168
На строке 4157   в файле   80-259327783
На строке 4158   в файле   80-259328394
На строке 4159   в файле   80-260977371
На строке 4160   в файле   80-259328543
На строке 4161   в файле   80-259328920
На строке 4162   в файле   80-259328976
На строке 4163   в файле   80-259329574
На строке 4164   в файле   80-259330150
На строке 4165   в файле   80-259330824
На строке 4166   в файле   80-259331347
На строке 4167   в файле   80-259331549
На строке 4168   в файле   80-259330693
На строке 4169   в файле   80-259331881
На строке 4170   в файле   80-260977812
На строке 4171   в файле   80-260977579
На строке 4172   в файле   80-260977392
На строке 4173   в файле   80-259335189
На строке 4174   в файле   80-259335147
На строке 4175   в файле   80-260977973
На строке 4176   в файле   80-259336414
На строке 4177   в файле   80-260978255
На строке 4178   в файле   80-260977997
На строке 4179   в файле   80-260977991
На строке 4180   в файле   80-260978454
На строке 4181   в файле   80-259339895
На строке 4182   в файле   80-261276365
На строке 4183   в файле   80-260979076
На строке 4184   в файле   80-260979081
На строке 4185   в файле   80-259345432
На строке 4186   в файле   80-259345466
На строке 4187   в файле   80-260978900
На строке 4188   в файле   80-260979162
На строке 4189   в файле   80-259346792
На строке 4190   в файле   80-260979698
На строке 4191   в файле   80-259348364
На строке 4192   в файле   80-259347363
На строке 4193   в файле   80-259349043
На строке 4194   в файле   80-259349670
На строке 4195   в файле   80-260979584
На строке 4196   в файле   80-259349654
На строке 4197   в файле   80-259351313
На строке 4198   в файле   80-259351353
На строке 4199   в файле   80-260979590
На строке 4200   в файле   80-259353399
На строке 4201   в файле   80-259352779
На строке 4202   в файле   80-259354034
На строке 4203   в файле   80-259355445
На строке 4204   в файле   80-259354734
На строке 4205   в файле   80-259355495
На строке 4206   в файле   80-260980028
На строке 4207   в файле   80-259357319
На строке 4208   в файле   80-259357426
На строке 4209   в файле   80-259357417
На строке 4210   в файле   80-259357297
На строке 4211   в файле   80-259358700
На строке 4212   в файле   80-260980222
На строке 4213   в файле   80-259358773
На строке 4214   в файле   80-259358736
На строке 4215   в файле   80-260980269
На строке 4216   в файле   80-259359627
На строке 4217   в файле   80-259360446
На строке 4218   в файле   80-260980261
На строке 4219   в файле   80-259360500
На строке 4220   в файле   80-259360443
На строке 4221   в файле   80-259361086
На строке 4222   в файле   80-260980283
На строке 4223   в файле   80-259362479
На строке 4224   в файле   80-259362521
На строке 4225   в файле   80-259362472
На строке 4226   в файле   80-259364623
На строке 4227   в файле   80-259364717
На строке 4228   в файле   80-260980691
На строке 4229   в файле   80-259366051
На строке 4230   в файле   80-259366128
На строке 4231   в файле   80-259366927
На строке 4232   в файле   80-260980705
На строке 4233   в файле   80-259369038
На строке 4234   в файле   80-259369869
На строке 4235   в файле   80-259369385
На строке 4236   в файле   80-259369155
На строке 4237   в файле   80-260980717
На строке 4238   в файле   80-259370569
На строке 4239   в файле   80-260980951
На строке 4240   в файле   80-259370740
На строке 4241   в файле   80-260980699
На строке 4242   в файле   80-259371411
На строке 4243   в файле   80-246676866
На строке 4244   в файле   80-249937446
На строке 4245   в файле   80-249937546
На строке 4246   в файле   80-249937535
На строке 4247   в файле   80-249937701
На строке 4248   в файле   80-249937595
На строке 4249   в файле   80-244321768
На строке 4250   в файле   80-244321907
На строке 4251   в файле   80-249937591
На строке 4252   в файле   80-249937589
На строке 4253   в файле   80-244974176
На строке 4254   в файле   80-244322080
На строке 4255   в файле   80-249937745
На строке 4256   в файле   80-251485069
На строке 4257   в файле   80-252595126
На строке 4258   в файле   80-249937750
На строке 4259   в файле   80-244974675
На строке 4260   в файле   80-246677912
На строке 4261   в файле   80-249937757
На строке 4262   в файле   80-246678163
На строке 4263   в файле   80-244322664
На строке 4264   в файле   80-246678409
На строке 4265   в файле   80-252507632
На строке 4266   в файле   80-252507789
На строке 4267   в файле   80-249938027
На строке 4268   в файле   80-244323249
На строке 4269   в файле   80-244976496
На строке 4270   в файле   80-244976510
На строке 4271   в файле   80-244323252
На строке 4272   в файле   80-249938113
На строке 4273   в файле   80-251485867
На строке 4274   в файле   80-244323820
На строке 4275   в файле   80-251485062
На строке 4276   в файле   80-244324118
На строке 4277   в файле   80-244977679
На строке 4278   в файле   80-249938110
На строке 4279   в файле   80-251486660
На строке 4280   в файле   80-249938345
На строке 4281   в файле   80-249938112
На строке 4282   в файле   80-249938188
На строке 4283   в файле   80-251486693
На строке 4284   в файле   80-249938256
На строке 4285   в файле   80-249938326
На строке 4286   в файле   80-251487431
На строке 4287   в файле   80-249938486
На строке 4288   в файле   80-244325189
На строке 4289   в файле   80-244325310
На строке 4290   в файле   80-244325180
На строке 4291   в файле   80-246679124
На строке 4292   в файле   80-249938483
На строке 4293   в файле   80-249938494
На строке 4294   в файле   80-244979829
На строке 4295   в файле   80-244980212
На строке 4296   в файле   80-244964778
На строке 4297   в файле   80-244965363
На строке 4298   в файле   80-244968971
На строке 4299   в файле   80-244320890
На строке 4300   в файле   80-249936902
На строке 4301   в файле   80-249936910
На строке 4302   в файле   80-249936901
На строке 4303   в файле   80-249936961
На строке 4304   в файле   80-249937383
На строке 4305   в файле   80-249937445
На строке 4306   в файле   80-251483562
На строке 4307   в файле   80-251482960
На строке 4308   в файле   80-251484328
На строке 4309   в файле   80-252272346
На строке 4310   в файле   80-252272684
На строке 4311   в файле   80-252272968
На строке 4312   в файле   80-252272971
На строке 4313   в файле   80-252273030
На строке 4314   в файле   80-259318626
На строке 4315   в файле   80-259300001
На строке 4316   в файле   80-244319988
На строке 4317   в файле   80-244320292
На строке 4318   в файле   80-244320280
На строке 4319   в файле   80-244963088
На строке 4320   в файле   80-249937043
На строке 4321   в файле   80-244963760
На строке 4322   в файле   80-249936988
На строке 4323   в файле   80-244320585
На строке 4324   в файле   80-259300290
На строке 4325   в файле   80-259300312
На строке 4326   в файле   80-260974353
На строке 4327   в файле   80-259301269
На строке 4328   в файле   80-259302073
На строке 4329   в файле   80-259301588
На строке 4330   в файле   80-260974505
На строке 4331   в файле   80-252272333
На строке 4332   в файле   80-260973868
На строке 4333   в файле   80-259315595
На строке 4334   в файле   80-252273583
На строке 4335   в файле   80-249939146
На строке 4336   в файле   80-252273974
На строке 4337   в файле   80-252274030
На строке 4338   в файле   80-249939518
На строке 4339   в файле   80-249939522
На строке 4340   в файле   80-249939579
На строке 4341   в файле   80-249939677
На строке 4342   в файле   80-259315586
На строке 4343   в файле   80-259316325
На строке 4344   в файле   80-259316371
На строке 4345   в файле   80-259316349
На строке 4346   в файле   80-259316368
На строке 4347   в файле   80-259316414
На строке 4348   в файле   80-259317014
На строке 4349   в файле   80-252507626
На строке 4350   в файле   80-259315590
На строке 4351   в файле   80-259320747
На строке 4352   в файле   80-249940327
На строке 4353   в файле   80-249940316
На строке 4354   в файле   80-244332007
На строке 4355   в файле   80-244990096
На строке 4356   в файле   80-246682291
На строке 4357   в файле   80-244332644
На строке 4358   в файле   80-246682644
На строке 4359   в файле   80-251490506
На строке 4360   в файле   80-260976540
На строке 4361   в файле   80-260976961
На строке 4362   в файле   80-260976966
На строке 4363   в файле   80-259326187
На строке 4364   в файле   80-259325641
На строке 4365   в файле   80-261254930
На строке 4366   в файле   80-259326754
На строке 4367   в файле   80-259327238
На строке 4368   в файле   80-244332289
На строке 4369   в файле   80-259320992
На строке 4370   в файле   80-259301270
На строке 4371   в файле   80-252507442
На строке 4372   в файле   80-244968315
На строке 4373   в файле   80-249937382
На строке 4374   в файле   80-244970043
На строке 4375   в файле   80-246676644
На строке 4376   в файле   80-249937443
На строке 4377   в файле   80-249937436
На строке 4378   в файле   80-244970769
На строке 4379   в файле   80-260974343
На строке 4380   в файле   80-259302369
На строке 4381   в файле   80-259302708
На строке 4382   в файле   80-260974801
На строке 4383   в файле   80-259303227
На строке 4384   в файле   80-259303172
На строке 4385   в файле   80-259303183
На строке 4386   в файле   80-251483555
На строке 4387   в файле   80-259300811
На строке 4388   в файле   80-259301072
На строке 4389   в файле   80-249937678
На строке 4390   в файле   80-244322971
На строке 4391   в файле   80-252507634
На строке 4392   в файле   80-244322793
На строке 4393   в файле   80-252273185
На строке 4394   в файле   80-246678643
На строке 4395   в файле   80-244976083
На строке 4396   в файле   80-244976836
На строке 4397   в файле   80-259302076
На строке 4398   в файле   80-259302071
На строке 4399   в файле   80-261254650
На строке 4400   в файле   80-259302362
На строке 4401   в файле   80-259302615
На строке 4402   в файле   80-259302927
На строке 4403   в файле   80-261254827
На строке 4404   в файле   80-244322478
На строке 4405   в файле   80-259301271
На строке 4406   в файле   80-259307954
На строке 4407   в файле   80-244323545
На строке 4408   в файле   80-249938176
На строке 4409   в файле   80-244324291
На строке 4410   в файле   80-244978348
На строке 4411   в файле   80-249938246
На строке 4412   в файле   80-244324855
На строке 4413   в файле   80-249938347
На строке 4414   в файле   80-244977978
На строке 4415   в файле   80-259307431
На строке 4416   в файле   80-260974787
На строке 4417   в файле   80-249938098
На строке 4418   в файле   80-244977270
На строке 4419   в файле   80-244324152
На строке 4420   в файле   80-251486008
На строке 4421   в файле   80-249938253
На строке 4422   в файле   80-246678902
На строке 4423   в файле   80-244324700
На строке 4424   в файле   80-244323551
На строке 4425   в файле   80-259303769
На строке 4426   в файле   80-259310137
На строке 4427   в файле   80-249938497
На строке 4428   в файле   80-249938628
На строке 4429   в файле   80-246679621
На строке 4430   в файле   80-249938606
На строке 4431   в файле   80-244982274
На строке 4432   в файле   80-244326466
На строке 4433   в файле   80-249938766
На строке 4434   в файле   80-244325718
На строке 4435   в файле   80-259309071
На строке 4436   в файле   80-259314129
На строке 4437   в файле   80-244985000
На строке 4438   в файле   80-244984525
На строке 4439   в файле   80-244327793
На строке 4440   в файле   80-249939131
На строке 4441   в файле   80-249939122
На строке 4442   в файле   80-246680464
На строке 4443   в файле   80-246680744
На строке 4444   в файле   80-249938992
На строке 4445   в файле   80-259313403
На строке 4446   в файле   80-261254942
На строке 4447   в файле   80-249939001
На строке 4448   в файле   80-244328346
На строке 4449   в файле   80-244328485
На строке 4450   в файле   80-244328737
На строке 4451   в файле   80-244329037
На строке 4452   в файле   80-249939516
На строке 4453   в файле   80-244329153
На строке 4454   в файле   80-244328220
На строке 4455   в файле   80-259314817
На строке 4456   в файле   80-259319483
На строке 4457   в файле   80-259319643
На строке 4458   в файле   80-260976525
На строке 4459   в файле   80-252346802
На строке 4460   в файле   80-246681636
На строке 4461   в файле   80-249940210
На строке 4462   в файле   80-249940328
На строке 4463   в файле   80-249940206
На строке 4464   в файле   80-244331655
На строке 4465   в файле   80-244331876
На строке 4466   в файле   80-244988957
На строке 4467   в файле   80-259318742
На строке 4468   в файле   80-260976269
На строке 4469   в файле   80-244330992
На строке 4470   в файле   80-249940202
На строке 4471   в файле   80-244989167
На строке 4472   в файле   80-249940212
На строке 4473   в файле   80-249940204
На строке 4474   в файле   80-249940274
На строке 4475   в файле   80-249940338
На строке 4476   в файле   80-249940323
На строке 4477   в файле   80-249940123
На строке 4478   в файле   80-260976557
На строке 4479   в файле   80-261272890
На строке 4480   в файле   80-244332278
На строке 4481   в файле   80-249940491
На строке 4482   в файле   80-244332802
На строке 4483   в файле   80-244333036
На строке 4484   в файле   80-249940494
На строке 4485   в файле   80-249940499
На строке 4486   в файле   80-244333246
На строке 4487   в файле   80-246681915
На строке 4488   в файле   80-259321563
На строке 4489   в файле   80-259688078
На строке 4490   в файле   80-259688667
На строке 4491   в файле   80-251316288
На строке 4492   в файле   80-252326147
На строке 4493   в файле   80-261101495
На строке 4494   в файле   80-261108941
На строке 4495   в файле   80-251318341
На строке 4496   в файле   80-261108993
На строке 4497   в файле   80-261108267
На строке 4498   в файле   80-261260383
На строке 4499   в файле   80-251317050
На строке 4500   в файле   80-261260396
На строке 4501   в файле   80-261077002
На строке 4502   в файле   80-245184696
На строке 4503   в файле   80-245189726
На строке 4504   в файле   80-252305684
На строке 4505   в файле   80-252307960
На строке 4506   в файле   80-252597818
На строке 4507   в файле   80-245226240
На строке 4508   в файле   80-252313132
На строке 4509   в файле   80-245256448
На строке 4510   в файле   80-261077365
На строке 4511   в файле   80-259620403
На строке 4512   в файле   80-259623410
На строке 4513   в файле   80-259627272
На строке 4514   в файле   80-261085217
На строке 4515   в файле   80-261259470
На строке 4516   в файле   80-261086612
На строке 4517   в файле   80-259635481
На строке 4518   в файле   80-259635595
На строке 4519   в файле   80-259635469
На строке 4520   в файле   80-252510833
На строке 4521   в файле   80-245185016
На строке 4522   в файле   80-252300009
На строке 4523   в файле   80-252300696
На строке 4524   в файле   80-245186685
На строке 4525   в файле   80-252301201
На строке 4526   в файле   80-252301574
На строке 4527   в файле   80-252302130
На строке 4528   в файле   80-252302327
На строке 4529   в файле   80-252302918
На строке 4530   в файле   80-245191056
На строке 4531   в файле   80-245191203
На строке 4532   в файле   80-252304080
На строке 4533   в файле   80-252511533
На строке 4534   в файле   80-252511692
На строке 4535   в файле   80-245193298
На строке 4536   в файле   80-245195290
На строке 4537   в файле   80-245195769
На строке 4538   в файле   80-252305661
На строке 4539   в файле   80-245196605
На строке 4540   в файле   80-252305674
На строке 4541   в файле   80-252306081
На строке 4542   в файле   80-252306739
На строке 4543   в файле   80-245201570
На строке 4544   в файле   80-245202294
На строке 4545   в файле   80-245202860
На строке 4546   в файле   80-245203256
На строке 4547   в файле   80-252307574
На строке 4548   в файле   80-245203442
На строке 4549   в файле   80-252307614
На строке 4550   в файле   80-245206870
На строке 4551   в файле   80-245207106
На строке 4552   в файле   80-252511970
На строке 4553   в файле   80-245207681
На строке 4554   в файле   80-252511954
На строке 4555   в файле   80-252641083
На строке 4556   в файле   80-245209387
На строке 4557   в файле   80-245210352
На строке 4558   в файле   80-245210605
На строке 4559   в файле   80-245211231
На строке 4560   в файле   80-245216507
На строке 4561   в файле   80-245216792
На строке 4562   в файле   80-252309681
На строке 4563   в файле   80-252309858
На строке 4564   в файле   80-245221631
На строке 4565   в файле   80-252512945
На строке 4566   в файле   80-245222426
На строке 4567   в файле   80-245223250
На строке 4568   в файле   80-245223961
На строке 4569   в файле   80-252310891
На строке 4570   в файле   80-252311227
На строке 4571   в файле   80-252311585
На строке 4572   в файле   80-252311717
На строке 4573   в файле   80-252311898
На строке 4574   в файле   80-245236091
На строке 4575   в файле   80-245236661
На строке 4576   в файле   80-245237124
На строке 4577   в файле   80-252512946
На строке 4578   в файле   80-245238089
На строке 4579   в файле   80-252312649
На строке 4580   в файле   80-245245780
На строке 4581   в файле   80-252313487
На строке 4582   в файле   80-245248420
На строке 4583   в файле   80-251204223
На строке 4584   в файле   80-252313484
На строке 4585   в файле   80-251203886
На строке 4586   в файле   80-245251039
На строке 4587   в файле   80-252313579
На строке 4588   в файле   80-245251652
На строке 4589   в файле   80-251204618
На строке 4590   в файле   80-245257285
На строке 4591   в файле   80-251207065
На строке 4592   в файле   80-245258694
На строке 4593   в файле   80-251208017
На строке 4594   в файле   80-251208924
На строке 4595   в файле   80-252314269
На строке 4596   в файле   80-251210480
На строке 4597   в файле   80-251212512
На строке 4598   в файле   80-251212552
На строке 4599   в файле   80-251213027
На строке 4600   в файле   80-261077903
На строке 4601   в файле   80-261079185
На строке 4602   в файле   80-261079266
На строке 4603   в файле   80-261079779
На строке 4604   в файле   80-261080152
На строке 4605   в файле   80-261080642
На строке 4606   в файле   80-261081253
На строке 4607   в файле   80-261081588
На строке 4608   в файле   80-259620073
На строке 4609   в файле   80-259620402
На строке 4610   в файле   80-261081923
На строке 4611   в файле   80-259620952
На строке 4612   в файле   80-259620988
На строке 4613   в файле   80-259621221
На строке 4614   в файле   80-259621735
На строке 4615   в файле   80-259621711
На строке 4616   в файле   80-261082477
На строке 4617   в файле   80-261082588
На строке 4618   в файле   80-261082758
На строке 4619   в файле   80-261259261
На строке 4620   в файле   80-261083070
На строке 4621   в файле   80-259623412
На строке 4622   в файле   80-259623420
На строке 4623   в файле   80-261083959
На строке 4624   в файле   80-259623656
На строке 4625   в файле   80-261083626
На строке 4626   в файле   80-259624900
На строке 4627   в файле   80-261259466
На строке 4628   в файле   80-261259469
На строке 4629   в файле   80-261084578
На строке 4630   в файле   80-259627244
На строке 4631   в файле   80-259599374
На строке 4632   в файле   80-261066180
На строке 4633   в файле   80-252300868
На строке 4634   в файле   80-252303619
На строке 4635   в файле   80-245191943
На строке 4636   в файле   80-245193087
На строке 4637   в файле   80-252305314
На строке 4638   в файле   80-245195767
На строке 4639   в файле   80-245196189
На строке 4640   в файле   80-245196591
На строке 4641   в файле   80-261065548
На строке 4642   в файле   80-261067489
На строке 4643   в файле   80-261067769
На строке 4644   в файле   80-261068754
На строке 4645   в файле   80-259571808
На строке 4646   в файле   80-259572611
На строке 4647   в файле   80-261069343
На строке 4648   в файле   80-261069844
На строке 4649   в файле   80-261070730
На строке 4650   в файле   80-259576536
На строке 4651   в файле   80-245186881
На строке 4652   в файле   80-252301577
На строке 4653   в файле   80-252301730
На строке 4654   в файле   80-252301953
На строке 4655   в файле   80-252302506
На строке 4656   в файле   80-252302526
На строке 4657   в файле   80-252302912
На строке 4658   в файле   80-245189017
На строке 4659   в файле   80-252303242
На строке 4660   в файле   80-245190023
На строке 4661   в файле   80-252303631
На строке 4662   в файле   80-252303829
На строке 4663   в файле   80-245191317
На строке 4664   в файле   80-252304012
На строке 4665   в файле   80-245185181
На строке 4666   в файле   80-252298962
На строке 4667   в файле   80-252300237
На строке 4668   в файле   80-252300242
На строке 4669   в файле   80-252299026
На строке 4670   в файле   80-252511156
На строке 4671   в файле   80-261064535
На строке 4672   в файле   80-259336391
На строке 4673   в файле   80-244336628
На строке 4674   в файле   80-251494930
На строке 4675   в файле   80-244342059
На строке 4676   в файле   80-249941548
На строке 4677   в файле   80-260978356
На строке 4678   в файле   80-259341082
На строке 4679   в файле   80-260978685
На строке 4680   в файле   80-259344696
На строке 4681   в файле   80-259345448
На строке 4682   в файле   80-259346806
На строке 4683   в файле   80-259346093
На строке 4684   в файле   80-260979271
На строке 4685   в файле   80-259348377
На строке 4686   в файле   80-259348369
На строке 4687   в файле   80-249940649
На строке 4688   в файле   80-244336064
На строке 4689   в файле   80-246685351
На строке 4690   в файле   80-244336244
На строке 4691   в файле   80-244336454
На строке 4692   в файле   80-249940692
На строке 4693   в файле   80-246685717
На строке 4694   в файле   80-249940637
На строке 4695   в файле   80-244991399
На строке 4696   в файле   80-244336835
На строке 4697   в файле   80-244337068
На строке 4698   в файле   80-244337053
На строке 4699   в файле   80-244337257
На строке 4700   в файле   80-251494149
На строке 4701   в файле   80-249940772
На строке 4702   в файле   80-244337526
На строке 4703   в файле   80-244337698
На строке 4704   в файле   80-244337906
На строке 4705   в файле   80-246686043
На строке 4706   в файле   80-246686418
На строке 4707   в файле   80-249940897
На строке 4708   в файле   80-244338810
На строке 4709   в файле   80-244339402
На строке 4710   в файле   80-244339835
На строке 4711   в файле   80-244339570
На строке 4712   в файле   80-251496351
На строке 4713   в файле   80-244340419
На строке 4714   в файле   80-249940914
На строке 4715   в файле   80-252274649
На строке 4716   в файле   80-244992202
На строке 4717   в файле   80-249941128
На строке 4718   в файле   80-244342958
На строке 4719   в файле   80-244343170
На строке 4720   в файле   80-246688276
На строке 4721   в файле   80-252275258
На строке 4722   в файле   80-249941468
На строке 4723   в файле   80-246688667
На строке 4724   в файле   80-251497773
На строке 4725   в файле   80-249941559
На строке 4726   в файле   80-246689779
На строке 4727   в файле   80-246690187
На строке 4728   в файле   80-244335879
На строке 4729   в файле   80-259335206
На строке 4730   в файле   80-260977825
На строке 4731   в файле   80-259339939
На строке 4732   в файле   80-261272562
На строке 4733   в файле   80-244992348
На строке 4734   в файле   80-260977393
На строке 4735   в файле   80-249940404
На строке 4736   в файле   80-249940568
На строке 4737   в файле   80-244991254
На строке 4738   в файле   80-244335499
На строке 4739   в файле   80-249940638
На строке 4740   в файле   80-244335482
На строке 4741   в файле   80-252348124
На строке 4742   в файле   80-252347023
На строке 4743   в файле   80-259335140
На строке 4744   в файле   80-259336307
На строке 4745   в файле   80-259336298
На строке 4746   в файле   80-260978265
На строке 4747   в файле   80-259339251
На строке 4748   в файле   80-260978457
На строке 4749   в файле   80-260978532
На строке 4750   в файле   80-259345440
На строке 4751   в файле   80-259346696
На строке 4752   в файле   80-259346747
На строке 4753   в файле   80-249940498
На строке 4754   в файле   80-252346987
На строке 4755   в файле   80-244333653
На строке 4756   в файле   80-246682885
На строке 4757   в файле   80-244334248
На строке 4758   в файле   80-244334026
На строке 4759   в файле   80-249940500
На строке 4760   в файле   80-244334247
На строке 4761   в файле   80-244334485
На строке 4762   в файле   80-252345961
На строке 4763   в файле   80-246683860
На строке 4764   в файле   80-249940644
На строке 4765   в файле   80-246683559
На строке 4766   в файле   80-249940639
На строке 4767   в файле   80-252346982
На строке 4768   в файле   80-244335053
На строке 4769   в файле   80-252346955
На строке 4770   в файле   80-244333433
На строке 4771   в файле   80-246683284
На строке 4772   в файле   80-260977181
На строке 4773   в файле   80-260977547
На строке 4774   в файле   80-259334566
На строке 4775   в файле   80-259362489
На строке 4776   в файле   80-249940768
На строке 4777   в файле   80-244341367
На строке 4778   в файле   80-244346879
На строке 4779   в файле   80-251498121
На строке 4780   в файле   80-244351153
На строке 4781   в файле   80-244355503
На строке 4782   в файле   80-249942006
На строке 4783   в файле   80-244994835
На строке 4784   в файле   80-249942205
На строке 4785   в файле   80-252607537
На строке 4786   в файле   80-260980492
На строке 4787   в файле   80-259364647
На строке 4788   в файле   80-259365508
На строке 4789   в файле   80-259365486
На строке 4790   в файле   80-259366142
На строке 4791   в файле   80-259367599
На строке 4792   в файле   80-260980704
На строке 4793   в файле   80-259367702
На строке 4794   в файле   80-259368386
На строке 4795   в файле   80-259369119
На строке 4796   в файле   80-260981183
На строке 4797   в файле   80-259370588
На строке 4798   в файле   80-251494942
На строке 4799   в файле   80-249940783
На строке 4800   в файле   80-249940773
На строке 4801   в файле   80-249940775
На строке 4802   в файле   80-244338039
На строке 4803   в файле   80-244338241
На строке 4804   в файле   80-251494896
На строке 4805   в файле   80-249940854
На строке 4806   в файле   80-244338985
На строке 4807   в файле   80-246687500
На строке 4808   в файле   80-249940918
На строке 4809   в файле   80-249940896
На строке 4810   в файле   80-249941129
На строке 4811   в файле   80-251496425
На строке 4812   в файле   80-244342210
На строке 4813   в файле   80-244342392
На строке 4814   в файле   80-244342929
На строке 4815   в файле   80-244343449
На строке 4816   в файле   80-244344017
На строке 4817   в файле   80-244992595
На строке 4818   в файле   80-252275403
На строке 4819   в файле   80-244345333
На строке 4820   в файле   80-246689030
На строке 4821   в файле   80-252507939
На строке 4822   в файле   80-246690610
На строке 4823   в файле   80-251498634
На строке 4824   в файле   80-244992925
На строке 4825   в файле   80-244348606
На строке 4826   в файле   80-246690970
На строке 4827   в файле   80-244349430
На строке 4828   в файле   80-249941697
На строке 4829   в файле   80-244350236
На строке 4830   в файле   80-249941848
На строке 4831   в файле   80-244350467
На строке 4832   в файле   80-244350717
На строке 4833   в файле   80-244351600
На строке 4834   в файле   80-249941936
На строке 4835   в файле   80-244351821
На строке 4836   в файле   80-249942004
На строке 4837   в файле   80-249941862
На строке 4838   в файле   80-244353032
На строке 4839   в файле   80-244353508
На строке 4840   в файле   80-244994656
На строке 4841   в файле   80-246692849
На строке 4842   в файле   80-249941995
На строке 4843   в файле   80-249942134
На строке 4844   в файле   80-251500651
На строке 4845   в файле   80-244355959
На строке 4846   в файле   80-259362492
На строке 4847   в файле   80-259350492
На строке 4848   в файле   80-249941125
На строке 4849   в файле   80-244346701
На строке 4850   в файле   80-244350241
На строке 4851   в файле   80-249941865
На строке 4852   в файле   80-244352540
На строке 4853   в файле   80-244352529
На строке 4854   в файле   80-244353218
На строке 4855   в файле   80-244994454
На строке 4856   в файле   80-259352118
На строке 4857   в файле   80-259352717
На строке 4858   в файле   80-259352659
На строке 4859   в файле   80-259353992
На строке 4860   в файле   80-259354061
На строке 4861   в файле   80-259354682
На строке 4862   в файле   80-260979988
На строке 4863   в файле   80-259355421
На строке 4864   в файле   80-259356097
На строке 4865   в файле   80-259356078
На строке 4866   в файле   80-244341580
На строке 4867   в файле   80-244342011
На строке 4868   в файле   80-244992426
На строке 4869   в файле   80-249941122
На строке 4870   в файле   80-244343586
На строке 4871   в файле   80-244343926
На строке 4872   в файле   80-252275342
На строке 4873   в файле   80-244345079
На строке 4874   в файле   80-249941545
На строке 4875   в файле   80-251497252
На строке 4876   в файле   80-246689419
На строке 4877   в файле   80-244347737
На строке 4878   в файле   80-249941715
На строке 4879   в файле   80-251500030
На строке 4880   в файле   80-244348584
На строке 4881   в файле   80-244993042
На строке 4882   в файле   80-244349194
На строке 4883   в файле   80-244349439
На строке 4884   в файле   80-246691524
На строке 4885   в файле   80-246691997
На строке 4886   в файле   80-249941695
На строке 4887   в файле   80-249941841
На строке 4888   в файле   80-249941787
На строке 4889   в файле   80-251501268
На строке 4890   в файле   80-246692449
На строке 4891   в файле   80-244351633
На строке 4892   в файле   80-244352125
На строке 4893   в файле   80-251500640
На строке 4894   в файле   80-244340349
На строке 4895   в файле   80-246687176
На строке 4896   в файле   80-259349645
На строке 4897   в файле   80-259373294
На строке 4898   в файле   80-246686784
На строке 4899   в файле   80-249941546
На строке 4900   в файле   80-252348096
На строке 4901   в файле   80-244352778
На строке 4902   в файле   80-244355752
На строке 4903   в файле   80-246694732
На строке 4904   в файле   80-244359303
На строке 4905   в файле   80-244360630
На строке 4906   в файле   80-260981152
На строке 4907   в файле   80-259397060
На строке 4908   в файле   80-260982881
На строке 4909   в файле   80-260984012
На строке 4910   в файле   80-260984944
На строке 4911   в файле   80-260985411
На строке 4912   в файле   80-260985680
На строке 4913   в файле   80-260985614
На строке 4914   в файле   80-260985885
На строке 4915   в файле   80-260986092
На строке 4916   в файле   80-249940904
На строке 4917   в файле   80-251495714
На строке 4918   в файле   80-249941003
На строке 4919   в файле   80-251496379
На строке 4920   в файле   80-246687906
На строке 4921   в файле   80-244342672
На строке 4922   в файле   80-252275275
На строке 4923   в файле   80-244343592
На строке 4924   в файле   80-249941126
На строке 4925   в файле   80-244345323
На строке 4926   в файле   80-244346171
На строке 4927   в файле   80-251497869
На строке 4928   в файле   80-244347126
На строке 4929   в файле   80-244992757
На строке 4930   в файле   80-249941846
На строке 4931   в файле   80-249941549
На строке 4932   в файле   80-244347745
На строке 4933   в файле   80-244348145
На строке 4934   в файле   80-251499269
На строке 4935   в файле   80-249941646
На строке 4936   в файле   80-244349019
На строке 4937   в файле   80-249941696
На строке 4938   в файле   80-244349659
На строке 4939   в файле   80-249941714
На строке 4940   в файле   80-251499906
На строке 4941   в файле   80-244350711
На строке 4942   в файле   80-244993827
На строке 4943   в файле   80-244350930
На строке 4944   в файле   80-244994088
На строке 4945   в файле   80-244352106
На строке 4946   в файле   80-244994276
На строке 4947   в файле   80-244353020
На строке 4948   в файле   80-246693298
На строке 4949   в файле   80-249942001
На строке 4950   в файле   80-244353657
На строке 4951   в файле   80-244353887
На строке 4952   в файле   80-244354188
На строке 4953   в файле   80-249941994
На строке 4954   в файле   80-249942191
На строке 4955   в файле   80-244355465
На строке 4956   в файле   80-249942187
На строке 4957   в файле   80-244356243
На строке 4958   в файле   80-246693739
На строке 4959   в файле   80-249942210
На строке 4960   в файле   80-249942189
На строке 4961   в файле   80-249942352
На строке 4962   в файле   80-244357649
На строке 4963   в файле   80-249942295
На строке 4964   в файле   80-244357947
На строке 4965   в файле   80-249942351
На строке 4966   в файле   80-244358467
На строке 4967   в файле   80-244358113
На строке 4968   в файле   80-244358391
На строке 4969   в файле   80-249942349
На строке 4970   в файле   80-244358594
На строке 4971   в файле   80-244995155
На строке 4972   в файле   80-249942376
На строке 4973   в файле   80-244359121
На строке 4974   в файле   80-246694198
На строке 4975   в файле   80-244359095
На строке 4976   в файле   80-244995307
На строке 4977   в файле   80-244359624
На строке 4978   в файле   80-244359618
На строке 4979   в файле   80-249942461
На строке 4980   в файле   80-249942538
На строке 4981   в файле   80-244360155
На строке 4982   в файле   80-244359853
На строке 4983   в файле   80-252348192
На строке 4984   в файле   80-249942348
На строке 4985   в файле   80-246695202
На строке 4986   в файле   80-246695696
На строке 4987   в файле   80-249942555
На строке 4988   в файле   80-249942530
На строке 4989   в файле   80-252349208
На строке 4990   в файле   80-252348130
На строке 4991   в файле   80-244361067
На строке 4992   в файле   80-244361495
На строке 4993   в файле   80-244361300
На строке 4994   в файле   80-252349238
На строке 4995   в файле   80-249942550
На строке 4996   в файле   80-244995785
На строке 4997   в файле   80-260981157
На строке 4998   в файле   80-260981378
На строке 4999   в файле   80-259377686
На строке 5000   в файле   80-260981625
На строке 5001   в файле   80-260981634
На строке 5002   в файле   80-260981826
На строке 5003   в файле   80-260982043
На строке 5004   в файле   80-259396328
На строке 5005   в файле   80-259395584
На строке 5006   в файле   80-259396291
На строке 5007   в файле   80-260982092
На строке 5008   в файле   80-260982231
На строке 5009   в файле   80-259399931
На строке 5010   в файле   80-260982445
На строке 5011   в файле   80-259400594
На строке 5012   в файле   80-260982678
На строке 5013   в файле   80-260982896
На строке 5014   в файле   80-259403621
На строке 5015   в файле   80-260982871
На строке 5016   в файле   80-259404992
На строке 5017   в файле   80-260983163
На строке 5018   в файле   80-259407804
На строке 5019   в файле   80-260983545
На строке 5020   в файле   80-260983507
На строке 5021   в файле   80-260983322
На строке 5022   в файле   80-259421356
На строке 5023   в файле   80-259422085
На строке 5024   в файле   80-260983739
На строке 5025   в файле   80-259421911
На строке 5026   в файле   80-260983928
На строке 5027   в файле   80-259423147
На строке 5028   в файле   80-259424479
На строке 5029   в файле   80-259424482
На строке 5030   в файле   80-259425011
На строке 5031   в файле   80-259425797
На строке 5032   в файле   80-259426192
На строке 5033   в файле   80-260984407
На строке 5034   в файле   80-260984494
На строке 5035   в файле   80-259438670
На строке 5036   в файле   80-259437654
На строке 5037   в файле   80-260984723
На строке 5038   в файле   80-259450475
На строке 5039   в файле   80-260985129
На строке 5040   в файле   80-260985127
На строке 5041   в файле   80-260985445
На строке 5042   в файле   80-244991962
На строке 5043   в файле   80-244338644
На строке 5044   в файле   80-259372035
На строке 5045   в файле   80-259422098
На строке 5046   в файле   80-259423138
На строке 5047   в файле   80-259423895
На строке 5048   в файле   80-259424579
На строке 5049   в файле   80-259425666
На строке 5050   в файле   80-259425678
На строке 5051   в файле   80-259426204
На строке 5052   в файле   80-259426900
На строке 5053   в файле   80-260984257
На строке 5054   в файле   80-260984462
На строке 5055   в файле   80-260984660
На строке 5056   в файле   80-260984192
На строке 5057   в файле   80-260984206
На строке 5058   в файле   80-244364237
На строке 5059   в файле   80-244996105
На строке 5060   в файле   80-244996107
На строке 5061   в файле   80-244362529
На строке 5062   в файле   80-244364363
На строке 5063   в файле   80-244362742
На строке 5064   в файле   80-244362982
На строке 5065   в файле   80-244363676
На строке 5066   в файле   80-244366147
На строке 5067   в файле   80-244365698
На строке 5068   в файле   80-246696167
На строке 5069   в файле   80-246697163
На строке 5070   в файле   80-249942896
На строке 5071   в файле   80-249942895
На строке 5072   в файле   80-249942717
На строке 5073   в файле   80-244367052
На строке 5074   в файле   80-244367497
На строке 5075   в файле   80-244369068
На строке 5076   в файле   80-244369505
На строке 5077   в файле   80-244366836
На строке 5078   в файле   80-244369761
На строке 5079   в файле   80-244370008
На строке 5080   в файле   80-246699774
На строке 5081   в файле   80-246698164
На строке 5082   в файле   80-249943089
На строке 5083   в файле   80-249943092
На строке 5084   в файле   80-249943107
На строке 5085   в файле   80-249943289
На строке 5086   в файле   80-249943112
На строке 5087   в файле   80-249943349
На строке 5088   в файле   80-252349347
На строке 5089   в файле   80-244995950
На строке 5090   в файле   80-244362036
На строке 5091   в файле   80-260983701
На строке 5092   в файле   80-259439272
На строке 5093   в файле   80-260985141
На строке 5094   в файле   80-261255179
На строке 5095   в файле   80-244365858
На строке 5096   в файле   80-260986523
На строке 5097   в файле   80-249942630
На строке 5098   в файле   80-244365433
На строке 5099   в файле   80-252348819
На строке 5100   в файле   80-246699319
На строке 5101   в файле   80-249943342
На строке 5102   в файле   80-244373050
На строке 5103   в файле   80-244374900
На строке 5104   в файле   80-244377268
На строке 5105   в файле   80-260986611
На строке 5106   в файле   80-260987145
На строке 5107   в файле   80-261255408
На строке 5108   в файле   80-260990035
На строке 5109   в файле   80-260990034
На строке 5110   в файле   80-259482795
На строке 5111   в файле   80-260990006
На строке 5112   в файле   80-259483406
На строке 5113   в файле   80-260990386
На строке 5114   в файле   80-259483407
На строке 5115   в файле   80-244362257
На строке 5116   в файле   80-249942699
На строке 5117   в файле   80-244362987
На строке 5118   в файле   80-249942701
На строке 5119   в файле   80-251501851
На строке 5120   в файле   80-249942732
На строке 5121   в файле   80-244363841
На строке 5122   в файле   80-244364124
На строке 5123   в файле   80-249942734
На строке 5124   в файле   80-249942817
На строке 5125   в файле   80-249942909
На строке 5126   в файле   80-249942904
На строке 5127   в файле   80-244365700
На строке 5128   в файле   80-249942912
На строке 5129   в файле   80-244366117
На строке 5130   в файле   80-244366355
На строке 5131   в файле   80-249943025
На строке 5132   в файле   80-244366558
На строке 5133   в файле   80-244366563
На строке 5134   в файле   80-244997082
На строке 5135   в файле   80-244367266
На строке 5136   в файле   80-251503134
На строке 5137   в файле   80-249943194
На строке 5138   в файле   80-244367754
На строке 5139   в файле   80-246697684
На строке 5140   в файле   80-249943146
На строке 5141   в файле   80-246698712
На строке 5142   в файле   80-244369332
На строке 5143   в файле   80-252595723
На строке 5144   в файле   80-244369764
На строке 5145   в файле   80-249943285
На строке 5146   в файле   80-244370478
На строке 5147   в файле   80-252507984
На строке 5148   в файле   80-244370675
На строке 5149   в файле   80-244371170
На строке 5150   в файле   80-251503589
На строке 5151   в файле   80-244371128
На строке 5152   в файле   80-244998103
На строке 5153   в файле   80-251505229
На строке 5154   в файле   80-249943608
На строке 5155   в файле   80-252525170
На строке 5156   в файле   80-244371608
На строке 5157   в файле   80-244372149
На строке 5158   в файле   80-244371912
На строке 5159   в файле   80-244372164
На строке 5160   в файле   80-249943365
На строке 5161   в файле   80-251502699
На строке 5162   в файле   80-244998323
На строке 5163   в файле   80-244998318
На строке 5164   в файле   80-252608402
На строке 5165   в файле   80-244998453
На строке 5166   в файле   80-244373043
На строке 5167   в файле   80-244373286
На строке 5168   в файле   80-251505185
На строке 5169   в файле   80-249943353
На строке 5170   в файле   80-244373973
На строке 5171   в файле   80-246700837
На строке 5172   в файле   80-249943445
На строке 5173   в файле   80-246701979
На строке 5174   в файле   80-249943522
На строке 5175   в файле   80-244374901
На строке 5176   в файле   80-244998744
На строке 5177   в файле   80-249943613
На строке 5178   в файле   80-244375651
На строке 5179   в файле   80-244376318
На строке 5180   в файле   80-249943681
На строке 5181   в файле   80-249943789
На строке 5182   в файле   80-246703161
На строке 5183   в файле   80-244376810
На строке 5184   в файле   80-244377286
На строке 5185   в файле   80-249943683
На строке 5186   в файле   80-244377537
На строке 5187   в файле   80-249943879
На строке 5188   в файле   80-244378291
На строке 5189   в файле   80-249943870
На строке 5190   в файле   80-245000261
На строке 5191   в файле   80-252525478
На строке 5192   в файле   80-244378870
На строке 5193   в файле   80-244379172
На строке 5194   в файле   80-244379405
На строке 5195   в файле   80-244379817
На строке 5196   в файле   80-260986575
На строке 5197   в файле   80-260986604
На строке 5198   в файле   80-259466354
На строке 5199   в файле   80-259467011
На строке 5200   в файле   80-259466538
На строке 5201   в файле   80-259467006
На строке 5202   в файле   80-259466512
На строке 5203   в файле   80-261255073
На строке 5204   в файле   80-260986943
На строке 5205   в файле   80-260986998
На строке 5206   в файле   80-260987351
На строке 5207   в файле   80-260987210
На строке 5208   в файле   80-260987750
На строке 5209   в файле   80-260988051
На строке 5210   в файле   80-260987872
На строке 5211   в файле   80-260988740
На строке 5212   в файле   80-260988596
На строке 5213   в файле   80-260988735
На строке 5214   в файле   80-261255193
На строке 5215   в файле   80-261255170
На строке 5216   в файле   80-259481612
На строке 5217   в файле   80-244362027
На строке 5218   в файле   80-246696639
На строке 5219   в файле   80-260986517
На строке 5220   в файле   80-261003501
На строке 5221   в файле   80-261003965
На строке 5222   в файле   80-261004608
На строке 5223   в файле   80-244385604
На строке 5224   в файле   80-244385186
На строке 5225   в файле   80-249944418
На строке 5226   в файле   80-244401377
На строке 5227   в файле   80-244401539
На строке 5228   в файле   80-244401245
На строке 5229   в файле   80-249946072
На строке 5230   в файле   80-244405171
На строке 5231   в файле   80-244404600
На строке 5232   в файле   80-244404725
На строке 5233   в файле   80-244405207
На строке 5234   в файле   80-244404897
На строке 5235   в файле   80-252508291
На строке 5236   в файле   80-249947271
На строке 5237   в файле   80-249947286
На строке 5238   в файле   80-252279775
На строке 5239   в файле   80-244408935
На строке 5240   в файле   80-244409046
На строке 5241   в файле   80-249947516
На строке 5242   в файле   80-244410728
На строке 5243   в файле   80-244410885
На строке 5244   в файле   80-245009763
На строке 5245   в файле   80-245009939
На строке 5246   в файле   80-244413341
На строке 5247   в файле   80-244413527
На строке 5248   в файле   80-249948611
На строке 5249   в файле   80-244416690
На строке 5250   в файле   80-252280309
На строке 5251   в файле   80-261004381
На строке 5252   в файле   80-261004475
На строке 5253   в файле   80-261006801
На строке 5254   в файле   80-261255883
На строке 5255   в файле   80-261010216
На строке 5256   в файле   80-261010883
На строке 5257   в файле   80-261015769
На строке 5258   в файле   80-261016386
На строке 5259   в файле   80-261256753
На строке 5260   в файле   80-261256817
На строке 5261   в файле   80-261023740
На строке 5262   в файле   80-261024743
На строке 5263   в файле   80-261030906
На строке 5264   в файле   80-261030053
На строке 5265   в файле   80-259532246
На строке 5266   в файле   80-261036396
На строке 5267   в файле   80-261043530
На строке 5268   в файле   80-261043511
На строке 5269   в файле   80-261052684
На строке 5270   в файле   80-261055057
На строке 5271   в файле   80-244386376
На строке 5272   в файле   80-249944420
На строке 5273   в файле   80-244389854
На строке 5274   в файле   80-249944614
На строке 5275   в файле   80-244394540
На строке 5276   в файле   80-249944777
На строке 5277   в файле   80-244399384
На строке 5278   в файле   80-244398817
На строке 5279   в файле   80-244400040
На строке 5280   в файле   80-249945753
На строке 5281   в файле   80-245004970
На строке 5282   в файле   80-249945961
На строке 5283   в файле   80-244400773
На строке 5284   в файле   80-249946090
На строке 5285   в файле   80-244401244
На строке 5286   в файле   80-249946102
На строке 5287   в файле   80-244400957
На строке 5288   в файле   80-244401086
На строке 5289   в файле   80-244400938
На строке 5290   в файле   80-249946059
На строке 5291   в файле   80-244401532
На строке 5292   в файле   80-252278063
На строке 5293   в файле   80-244401840
На строке 5294   в файле   80-252278071
На строке 5295   в файле   80-244401655
На строке 5296   в файле   80-244401836
На строке 5297   в файле   80-244402180
На строке 5298   в файле   80-244402146
На строке 5299   в файле   80-244402254
На строке 5300   в файле   80-249946291
На строке 5301   в файле   80-244402433
На строке 5302   в файле   80-249946295
На строке 5303   в файле   80-244403870
На строке 5304   в файле   80-244403408
На строке 5305   в файле   80-244404009
На строке 5306   в файле   80-252508155
На строке 5307   в файле   80-244404143
На строке 5308   в файле   80-244404332
На строке 5309   в файле   80-244404428
На строке 5310   в файле   80-244404134
На строке 5311   в файле   80-245007185
На строке 5312   в файле   80-244405482
На строке 5313   в файле   80-244405905
На строке 5314   в файле   80-244405511
На строке 5315   в файле   80-245007345
На строке 5316   в файле   80-252279768
На строке 5317   в файле   80-244406037
На строке 5318   в файле   80-244406171
На строке 5319   в файле   80-244406336
На строке 5320   в файле   80-244406324
На строке 5321   в файле   80-244406443
На строке 5322   в файле   80-249947134
На строке 5323   в файле   80-249947252
На строке 5324   в файле   80-252279422
На строке 5325   в файле   80-244406614
На строке 5326   в файле   80-244406567
На строке 5327   в файле   80-244406885
На строке 5328   в файле   80-244406735
На строке 5329   в файле   80-244406876
На строке 5330   в файле   80-244407007
На строке 5331   в файле   80-244407161
На строке 5332   в файле   80-244407132
На строке 5333   в файле   80-244407261
На строке 5334   в файле   80-244407454
На строке 5335   в файле   80-244407424
На строке 5336   в файле   80-249947272
На строке 5337   в файле   80-244407727
На строке 5338   в файле   80-249947260
На строке 5339   в файле   80-244407724
На строке 5340   в файле   80-244407733
На строке 5341   в файле   80-244408015
На строке 5342   в файле   80-244408071
На строке 5343   в файле   80-244408273
На строке 5344   в файле   80-244408020
На строке 5345   в файле   80-249947483
На строке 5346   в файле   80-249947363
На строке 5347   в файле   80-244408330
На строке 5348   в файле   80-249947596
На строке 5349   в файле   80-249947540
На строке 5350   в файле   80-249947501
На строке 5351   в файле   80-244409044
На строке 5352   в файле   80-249947604
На строке 5353   в файле   80-244409189
На строке 5354   в файле   80-249947701
На строке 5355   в файле   80-244409319
На строке 5356   в файле   80-244409347
На строке 5357   в файле   80-244409632
На строке 5358   в файле   80-244409446
На строке 5359   в файле   80-244409887
На строке 5360   в файле   80-244409730
На строке 5361   в файле   80-244409592
На строке 5362   в файле   80-249947860
На строке 5363   в файле   80-244409882
На строке 5364   в файле   80-244410034
На строке 5365   в файле   80-245009553
На строке 5366   в файле   80-249947778
На строке 5367   в файле   80-244410488
На строке 5368   в файле   80-249947774
На строке 5369   в файле   80-244410482
На строке 5370   в файле   80-249947834
На строке 5371   в файле   80-244410871
На строке 5372   в файле   80-244410999
На строке 5373   в файле   80-244411137
На строке 5374   в файле   80-245009779
На строке 5375   в файле   80-244411253
На строке 5376   в файле   80-252279800
На строке 5377   в файле   80-244411443
На строке 5378   в файле   80-244411751
На строке 5379   в файле   80-249947969
На строке 5380   в файле   80-249947853
На строке 5381   в файле   80-252280306
На строке 5382   в файле   80-252280355
На строке 5383   в файле   80-244412898
На строке 5384   в файле   80-252280034
На строке 5385   в файле   80-244413205
На строке 5386   в файле   80-249948438
На строке 5387   в файле   80-252279785
На строке 5388   в файле   80-244413522
На строке 5389   в файле   80-249948607
На строке 5390   в файле   80-249948629
На строке 5391   в файле   80-249948617
На строке 5392   в файле   80-249948609
На строке 5393   в файле   80-244415081
На строке 5394   в файле   80-244415198
На строке 5395   в файле   80-244415559
На строке 5396   в файле   80-249948887
На строке 5397   в файле   80-244416030
На строке 5398   в файле   80-244416464
На строке 5399   в файле   80-244417090
На строке 5400   в файле   80-249948923
На строке 5401   в файле   80-244418038
На строке 5402   в файле   80-244417914
На строке 5403   в файле   80-244418772
На строке 5404   в файле   80-244419111
На строке 5405   в файле   80-252280317
На строке 5406   в файле   80-244419605
На строке 5407   в файле   80-244420154
На строке 5408   в файле   80-244420785
На строке 5409   в файле   80-261004961
На строке 5410   в файле   80-261004873
На строке 5411   в файле   80-261005804
На строке 5412   в файле   80-261005355
На строке 5413   в файле   80-261005558
На строке 5414   в файле   80-261006243
На строке 5415   в файле   80-261005869
На строке 5416   в файле   80-261006408
На строке 5417   в файле   80-261006658
На строке 5418   в файле   80-261006363
На строке 5419   в файле   80-261007351
На строке 5420   в файле   80-261007754
На строке 5421   в файле   80-261007872
На строке 5422   в файле   80-261007257
На строке 5423   в файле   80-261007950
На строке 5424   в файле   80-261008730
На строке 5425   в файле   80-261255821
На строке 5426   в файле   80-261255928
На строке 5427   в файле   80-261009742
На строке 5428   в файле   80-261009875
На строке 5429   в файле   80-261010971
На строке 5430   в файле   80-261010890
На строке 5431   в файле   80-261011499
На строке 5432   в файле   80-261012212
На строке 5433   в файле   80-261012622
На строке 5434   в файле   80-261013330
На строке 5435   в файле   80-261013734
На строке 5436   в файле   80-261256149
На строке 5437   в файле   80-261015359
На строке 5438   в файле   80-261256076
На строке 5439   в файле   80-261272936
На строке 5440   в файле   80-261017021
На строке 5441   в файле   80-261017776
На строке 5442   в файле   80-261019189
На строке 5443   в файле   80-261018987
На строке 5444   в файле   80-261256434
На строке 5445   в файле   80-261256610
На строке 5446   в файле   80-261256551
На строке 5447   в файле   80-261256629
На строке 5448   в файле   80-261256624
На строке 5449   в файле   80-261257052
На строке 5450   в файле   80-261021536
На строке 5451   в файле   80-261256952
На строке 5452   в файле   80-261256985
На строке 5453   в файле   80-261257010
На строке 5454   в файле   80-261257139
На строке 5455   в файле   80-261257020
На строке 5456   в файле   80-261257207
На строке 5457   в файле   80-261023364
На строке 5458   в файле   80-261257371
На строке 5459   в файле   80-261025141
На строке 5460   в файле   80-261257476
На строке 5461   в файле   80-261257621
На строке 5462   в файле   80-261257636
На строке 5463   в файле   80-261028354
На строке 5464   в файле   80-261029603
На строке 5465   в файле   80-261257656
На строке 5466   в файле   80-261029151
На строке 5467   в файле   80-261258007
На строке 5468   в файле   80-261031457
На строке 5469   в файле   80-261258076
На строке 5470   в файле   80-261032160
На строке 5471   в файле   80-261033053
На строке 5472   в файле   80-261032782
На строке 5473   в файле   80-261258040
На строке 5474   в файле   80-261276923
На строке 5475   в файле   80-261035966
На строке 5476   в файле   80-261037078
На строке 5477   в файле   80-261258187
На строке 5478   в файле   80-261258315
На строке 5479   в файле   80-261258296
На строке 5480   в файле   80-261040142
На строке 5481   в файле   80-261040015
На строке 5482   в файле   80-261040265
На строке 5483   в файле   80-261041640
На строке 5484   в файле   80-261042196
На строке 5485   в файле   80-261042974
На строке 5486   в файле   80-261044924
На строке 5487   в файле   80-261045219
На строке 5488   в файле   80-261046797
На строке 5489   в файле   80-261045857
На строке 5490   в файле   80-261048255
На строке 5491   в файле   80-261049020
На строке 5492   в файле   80-261050124
На строке 5493   в файле   80-261049749
На строке 5494   в файле   80-261051547
На строке 5495   в файле   80-261052119
На строке 5496   в файле   80-261056024
На строке 5497   в файле   80-261056083
На строке 5498   в файле   80-261057891
На строке 5499   в файле   80-261058320
На строке 5500   в файле   80-261058201
На строке 5501   в файле   80-259539063
На строке 5502   в файле   80-261058758
На строке 5503   в файле   80-261258851
На строке 5504   в файле   80-259541472
На строке 5505   в файле   80-261060144
На строке 5506   в файле   80-244386512
На строке 5507   в файле   80-244386742
На строке 5508   в файле   80-244387239
На строке 5509   в файле   80-245002140
На строке 5510   в файле   80-244387452
На строке 5511   в файле   80-249944690
На строке 5512   в файле   80-244388708
На строке 5513   в файле   80-244388920
На строке 5514   в файле   80-249944628
На строке 5515   в файле   80-252277113
На строке 5516   в файле   80-244391259
На строке 5517   в файле   80-244391412
На строке 5518   в файле   80-244391453
На строке 5519   в файле   80-244392124
На строке 5520   в файле   80-245003152
На строке 5521   в файле   80-244392582
На строке 5522   в файле   80-244393244
На строке 5523   в файле   80-244393057
На строке 5524   в файле   80-244393436
На строке 5525   в файле   80-244394104
На строке 5526   в файле   80-249945330
На строке 5527   в файле   80-249945337
На строке 5528   в файле   80-244396223
На строке 5529   в файле   80-252353305
На строке 5530   в файле   80-245004031
На строке 5531   в файле   80-244397254
На строке 5532   в файле   80-245004289
На строке 5533   в файле   80-249945552
На строке 5534   в файле   80-244398594
На строке 5535   в файле   80-249945843
На строке 5536   в файле   80-244399305
На строке 5537   в файле   80-249945827
На строке 5538   в файле   80-244399600
На строке 5539   в файле   80-244380288
На строке 5540   в файле   80-244384788
На строке 5541   в файле   80-244372649
На строке 5542   в файле   80-245000484
На строке 5543   в файле   80-244374439
На строке 5544   в файле   80-244375388
На строке 5545   в файле   80-244373488
На строке 5546   в файле   80-244381648
На строке 5547   в файле   80-249943521
На строке 5548   в файле   80-249943787
На строке 5549   в файле   80-249944173
На строке 5550   в файле   80-249944249
На строке 5551   в файле   80-252525540
На строке 5552   в файле   80-260996353
На строке 5553   в файле   80-259166379
На строке 5554   в файле   80-259167217
На строке 5555   в файле   80-259167262
На строке 5556   в файле   80-259168039
На строке 5557   в файле   80-259173943
На строке 5558   в файле   80-259173994
На строке 5559   в файле   80-259507958
На строке 5560   в файле   80-259515934
На строке 5561   в файле   80-260765235
На строке 5562   в файле   80-259206029
На строке 5563   в файле   80-259213867
На строке 5564   в файле   80-259165783
На строке 5565   в файле   80-259166462
На строке 5566   в файле   80-259172544
На строке 5567   в файле   80-259214339
На строке 5568   в файле   80-260990922
На строке 5569   в файле   80-252350504
На строке 5570   в файле   80-245001045
На строке 5571   в файле   80-244385470
На строке 5572   в файле   80-249944498
На строке 5573   в файле   80-252353308
На строке 5574   в файле   80-245003399
На строке 5575   в файле   80-249945523
На строке 5576   в файле   80-249945528
На строке 5577   в файле   80-260990655
На строке 5578   в файле   80-259492443
На строке 5579   в файле   80-259495189
На строке 5580   в файле   80-260995157
На строке 5581   в файле   80-260995618
На строке 5582   в файле   80-260997280
На строке 5583   в файле   80-260999496
На строке 5584   в файле   80-261000558
На строке 5585   в файле   80-261000692
На строке 5586   в файле   80-261001648
На строке 5587   в файле   80-249943992
На строке 5588   в файле   80-244379855
На строке 5589   в файле   80-244380261
На строке 5590   в файле   80-249943889
На строке 5591   в файле   80-249944064
На строке 5592   в файле   80-244381353
На строке 5593   в файле   80-244382110
На строке 5594   в файле   80-245001018
На строке 5595   в файле   80-244381844
На строке 5596   в файле   80-249944056
На строке 5597   в файле   80-244382814
На строке 5598   в файле   80-252508288
На строке 5599   в файле   80-244383272
На строке 5600   в файле   80-252351866
На строке 5601   в файле   80-244383701
На строке 5602   в файле   80-249944250
На строке 5603   в файле   80-249944251
На строке 5604   в файле   80-249944413
На строке 5605   в файле   80-251525355
На строке 5606   в файле   80-244384993
На строке 5607   в файле   80-245001819
На строке 5608   в файле   80-245001972
На строке 5609   в файле   80-244385422
На строке 5610   в файле   80-244385942
На строке 5611   в файле   80-246713909
На строке 5612   в файле   80-252352616
На строке 5613   в файле   80-244386329
На строке 5614   в файле   80-249944444
На строке 5615   в файле   80-249944412
На строке 5616   в файле   80-244386816
На строке 5617   в файле   80-244387216
На строке 5618   в файле   80-244387018
На строке 5619   в файле   80-245002279
На строке 5620   в файле   80-249944620
На строке 5621   в файле   80-252275719
На строке 5622   в файле   80-244388452
На строке 5623   в файле   80-249944691
На строке 5624   в файле   80-245002408
На строке 5625   в файле   80-251525366
На строке 5626   в файле   80-244389157
На строке 5627   в файле   80-244389621
На строке 5628   в файле   80-244390030
На строке 5629   в файле   80-244390616
На строке 5630   в файле   80-244390631
На строке 5631   в файле   80-244390981
На строке 5632   в файле   80-244390989
На строке 5633   в файле   80-245002724
На строке 5634   в файле   80-244391891
На строке 5635   в файле   80-244392358
На строке 5636   в файле   80-244392809
На строке 5637   в файле   80-244393669
На строке 5638   в файле   80-252277406
На строке 5639   в файле   80-252277780
На строке 5640   в файле   80-244394685
На строке 5641   в файле   80-249945307
На строке 5642   в файле   80-249945236
На строке 5643   в файле   80-249945318
На строке 5644   в файле   80-244395767
На строке 5645   в файле   80-244395709
На строке 5646   в файле   80-244395901
На строке 5647   в файле   80-244396589
На строке 5648   в файле   80-244396851
На строке 5649   в файле   80-244397124
На строке 5650   в файле   80-244397257
На строке 5651   в файле   80-249945539
На строке 5652   в файле   80-245004278
На строке 5653   в файле   80-249945525
На строке 5654   в файле   80-244398300
На строке 5655   в файле   80-244398581
На строке 5656   в файле   80-249945634
На строке 5657   в файле   80-244399038
На строке 5658   в файле   80-244399010
На строке 5659   в файле   80-244399455
На строке 5660   в файле   80-249945733
На строке 5661   в файле   80-249945757
На строке 5662   в файле   80-244399717
На строке 5663   в файле   80-244399742
На строке 5664   в файле   80-244399901
На строке 5665   в файле   80-249945832
На строке 5666   в файле   80-244400116
На строке 5667   в файле   80-261255324
На строке 5668   в файле   80-260991227
На строке 5669   в файле   80-260991238
На строке 5670   в файле   80-260991283
На строке 5671   в файле   80-260991249
На строке 5672   в файле   80-260991512
На строке 5673   в файле   80-260991824
На строке 5674   в файле   80-260991972
На строке 5675   в файле   80-260992233
На строке 5676   в файле   80-259492440
На строке 5677   в файле   80-260992342
На строке 5678   в файле   80-259492807
На строке 5679   в файле   80-259492805
На строке 5680   в файле   80-259492653
На строке 5681   в файле   80-260992801
На строке 5682   в файле   80-260993040
На строке 5683   в файле   80-260993174
На строке 5684   в файле   80-260993235
На строке 5685   в файле   80-260993371
На строке 5686   в файле   80-260993742
На строке 5687   в файле   80-260993533
На строке 5688   в файле   80-260994021
На строке 5689   в файле   80-260994239
На строке 5690   в файле   80-260994444
На строке 5691   в файле   80-260994482
На строке 5692   в файле   80-260994615
На строке 5693   в файле   80-260994735
На строке 5694   в файле   80-260994869
На строке 5695   в файле   80-260994951
На строке 5696   в файле   80-259502866
На строке 5697   в файле   80-259503134
На строке 5698   в файле   80-260995273
На строке 5699   в файле   80-260995270
На строке 5700   в файле   80-259503141
На строке 5701   в файле   80-259503405
На строке 5702   в файле   80-260995463
На строке 5703   в файле   80-259503662
На строке 5704   в файле   80-260995540
На строке 5705   в файле   80-260995913
На строке 5706   в файле   80-260996014
На строке 5707   в файле   80-260996253
На строке 5708   в файле   80-260996343
На строке 5709   в файле   80-260997017
На строке 5710   в файле   80-260996917
На строке 5711   в файле   80-260996370
На строке 5712   в файле   80-261272917
На строке 5713   в файле   80-260997219
На строке 5714   в файле   80-260997151
На строке 5715   в файле   80-259506284
На строке 5716   в файле   80-260997808
На строке 5717   в файле   80-260998022
На строке 5718   в файле   80-260998131
На строке 5719   в файле   80-260998297
На строке 5720   в файле   80-261255476
На строке 5721   в файле   80-260998839
На строке 5722   в файле   80-261255403
На строке 5723   в файле   80-259510726
На строке 5724   в файле   80-259510721
На строке 5725   в файле   80-261272762
На строке 5726   в файле   80-260999665
На строке 5727   в файле   80-260999421
На строке 5728   в файле   80-260999682
На строке 5729   в файле   80-260999876
На строке 5730   в файле   80-261000008
На строке 5731   в файле   80-261255565
На строке 5732   в файле   80-261255636
На строке 5733   в файле   80-244378710
На строке 5734   в файле   80-259483386
На строке 5735   в файле   80-260990718
На строке 5736   в файле   80-261092840
На строке 5737   в файле   80-245085125
На строке 5738   в файле   80-245237637
На строке 5739   в файле   80-251217760
На строке 5740   в файле   80-252315411
На строке 5741   в файле   80-252315771
На строке 5742   в файле   80-252514263
На строке 5743   в файле   80-245359777
На строке 5744   в файле   80-252319244
На строке 5745   в файле   80-252321400
На строке 5746   в файле   80-259650197
На строке 5747   в файле   80-259665980
На строке 5748   в файле   80-259665576
На строке 5749   в файле   80-261260507
На строке 5750   в файле   80-259706430
На строке 5751   в файле   80-259721026
На строке 5752   в файле   80-261107036
На строке 5753   в файле   80-261109573
На строке 5754   в файле   80-259775400
На строке 5755   в файле   80-259789624
На строке 5756   в файле   80-261112214
На строке 5757   в файле   80-261112904
На строке 5758   в файле   80-245087556
На строке 5759   в файле   80-245114712
На строке 5760   в файле   80-252292549
На строке 5761   в файле   80-245167812
На строке 5762   в файле   80-252297419
На строке 5763   в файле   80-252511208
На строке 5764   в файле   80-252304175
На строке 5765   в файле   80-252307026
На строке 5766   в файле   80-245207923
На строке 5767   в файле   80-245224691
На строке 5768   в файле   80-245239241
На строке 5769   в файле   80-252513329
На строке 5770   в файле   80-245263278
На строке 5771   в файле   80-245264025
На строке 5772   в файле   80-251210405
На строке 5773   в файле   80-251210538
На строке 5774   в файле   80-245270704
На строке 5775   в файле   80-251212686
На строке 5776   в файле   80-251216029
На строке 5777   в файле   80-252314795
На строке 5778   в файле   80-251216078
На строке 5779   в файле   80-252314918
На строке 5780   в файле   80-251217717
На строке 5781   в файле   80-251218320
На строке 5782   в файле   80-251219754
На строке 5783   в файле   80-252315251
На строке 5784   в файле   80-245283482
На строке 5785   в файле   80-251222561
На строке 5786   в файле   80-251224035
На строке 5787   в файле   80-251224030
На строке 5788   в файле   80-252315605
На строке 5789   в файле   80-245291616
На строке 5790   в файле   80-245293574
На строке 5791   в файле   80-245297759
На строке 5792   в файле   80-245299150
На строке 5793   в файле   80-245301635
На строке 5794   в файле   80-251230724
На строке 5795   в файле   80-252630692
На строке 5796   в файле   80-252317028
На строке 5797   в файле   80-245306587
На строке 5798   в файле   80-252317296
На строке 5799   в файле   80-251237090
На строке 5800   в файле   80-252317465
На строке 5801   в файле   80-251241662
На строке 5802   в файле   80-251242391
На строке 5803   в файле   80-252318034
На строке 5804   в файле   80-251243054
На строке 5805   в файле   80-251243829
На строке 5806   в файле   80-252514464
На строке 5807   в файле   80-251245116
На строке 5808   в файле   80-252318459
На строке 5809   в файле   80-252318452
На строке 5810   в файле   80-251249935
На строке 5811   в файле   80-251251353
На строке 5812   в файле   80-245360136
На строке 5813   в файле   80-251252091
На строке 5814   в файле   80-251254269
На строке 5815   в файле   80-251254343
На строке 5816   в файле   80-251255877
На строке 5817   в файле   80-251257639
На строке 5818   в файле   80-251257697
На строке 5819   в файле   80-251259207
На строке 5820   в файле   80-252319195
На строке 5821   в файле   80-251263331
На строке 5822   в файле   80-252514670
На строке 5823   в файле   80-251266269
На строке 5824   в файле   80-252320183
На строке 5825   в файле   80-252320388
На строке 5826   в файле   80-251273373
На строке 5827   в файле   80-251273770
На строке 5828   в файле   80-252320777
На строке 5829   в файле   80-252320975
На строке 5830   в файле   80-251277110
На строке 5831   в файле   80-252321790
На строке 5832   в файле   80-252321989
На строке 5833   в файле   80-252322354
На строке 5834   в файле   80-245395583
На строке 5835   в файле   80-252322353
На строке 5836   в файле   80-245396867
На строке 5837   в файле   80-251284219
На строке 5838   в файле   80-251285534
На строке 5839   в файле   80-251285502
На строке 5840   в файле   80-245398123
На строке 5841   в файле   80-261093647
На строке 5842   в файле   80-261095176
На строке 5843   в файле   80-261094507
На строке 5844   в файле   80-261094687
На строке 5845   в файле   80-261095145
На строке 5846   в файле   80-261096039
На строке 5847   в файле   80-261096090
На строке 5848   в файле   80-261097030
На строке 5849   в файле   80-261097259
На строке 5850   в файле   80-261097500
На строке 5851   в файле   80-261260105
На строке 5852   в файле   80-261099253
На строке 5853   в файле   80-261098425
На строке 5854   в файле   80-261260157
На строке 5855   в файле   80-259668850
На строке 5856   в файле   80-261260174
На строке 5857   в файле   80-261099509
На строке 5858   в файле   80-261099814
На строке 5859   в файле   80-261100430
На строке 5860   в файле   80-261101235
На строке 5861   в файле   80-261102080
На строке 5862   в файле   80-259688191
На строке 5863   в файле   80-261102133
На строке 5864   в файле   80-261101348
На строке 5865   в файле   80-261102425
На строке 5866   в файле   80-261103148
На строке 5867   в файле   80-261103196
На строке 5868   в файле   80-259704330
На строке 5869   в файле   80-259704990
На строке 5870   в файле   80-261103070
На строке 5871   в файле   80-259705576
На строке 5872   в файле   80-261103405
На строке 5873   в файле   80-261104012
На строке 5874   в файле   80-261260422
На строке 5875   в файле   80-261104307
На строке 5876   в файле   80-261260387
На строке 5877   в файле   80-261104665
На строке 5878   в файле   80-261105115
На строке 5879   в файле   80-261105715
На строке 5880   в файле   80-261105523
На строке 5881   в файле   80-261106118
На строке 5882   в файле   80-259722591
На строке 5883   в файле   80-259721787
На строке 5884   в файле   80-259722881
На строке 5885   в файле   80-259723173
На строке 5886   в файле   80-259723229
На строке 5887   в файле   80-259724178
На строке 5888   в файле   80-261106554
На строке 5889   в файле   80-259724252
На строке 5890   в файле   80-261106512
На строке 5891   в файле   80-261106895
На строке 5892   в файле   80-261260662
На строке 5893   в файле   80-261107460
На строке 5894   в файле   80-261107562
На строке 5895   в файле   80-261107800
На строке 5896   в файле   80-259734682
На строке 5897   в файле   80-261107841
На строке 5898   в файле   80-261109028
На строке 5899   в файле   80-261260609
На строке 5900   в файле   80-261260837
На строке 5901   в файле   80-261260722
На строке 5902   в файле   80-261109642
На строке 5903   в файле   80-261109785
На строке 5904   в файле   80-261109900
На строке 5905   в файле   80-259771115
На строке 5906   в файле   80-259771858
На строке 5907   в файле   80-259771778
На строке 5908   в файле   80-261110232
На строке 5909   в файле   80-261110145
На строке 5910   в файле   80-261110524
На строке 5911   в файле   80-259775397
На строке 5912   в файле   80-259776575
На строке 5913   в файле   80-261110940
На строке 5914   в файле   80-261111420
На строке 5915   в файле   80-261260867
На строке 5916   в файле   80-261273507
На строке 5917   в файле   80-261111470
На строке 5918   в файле   80-259788719
На строке 5919   в файле   80-259789264
На строке 5920   в файле   80-259789247
На строке 5921   в файле   80-261112108
На строке 5922   в файле   80-261260966
На строке 5923   в файле   80-261112907
На строке 5924   в файле   80-261113062
На строке 5925   в файле   80-261113257
На строке 5926   в файле   80-259799783
На строке 5927   в файле   80-259800087
На строке 5928   в файле   80-259800003
На строке 5929   в файле   80-259800018
На строке 5930   в файле   80-261113165
На строке 5931   в файле   80-259800239
На строке 5932   в файле   80-259800794
На строке 5933   в файле   80-261260924
На строке 5934   в файле   80-259800259
На строке 5935   в файле   80-259800779
На строке 5936   в файле   80-259800780
На строке 5937   в файле   80-261113755
На строке 5938   в файле   80-261113810
На строке 5939   в файле   80-261113531
На строке 5940   в файле   80-261113873
На строке 5941   в файле   80-245088952
На строке 5942   в файле   80-252286656
На строке 5943   в файле   80-245094518
На строке 5944   в файле   80-252287495
На строке 5945   в файле   80-252287908
На строке 5946   в файле   80-252288442
На строке 5947   в файле   80-245109516
На строке 5948   в файле   80-245111025
На строке 5949   в файле   80-245112533
На строке 5950   в файле   80-252509940
На строке 5951   в файле   80-245115004
На строке 5952   в файле   80-245115554
На строке 5953   в файле   80-245116272
На строке 5954   в файле   80-245118951
На строке 5955   в файле   80-245118191
На строке 5956   в файле   80-252290598
На строке 5957   в файле   80-252510159
На строке 5958   в файле   80-252510301
На строке 5959   в файле   80-252292157
На строке 5960   в файле   80-252292536
На строке 5961   в файле   80-245139739
На строке 5962   в файле   80-252292983
На строке 5963   в файле   80-252293215
На строке 5964   в файле   80-252510456
На строке 5965   в файле   80-252293835
На строке 5966   в файле   80-252294319
На строке 5967   в файле   80-245155477
На строке 5968   в файле   80-245157619
На строке 5969   в файле   80-245158885
На строке 5970   в файле   80-252295201
На строке 5971   в файле   80-245168120
На строке 5972   в файле   80-245168435
На строке 5973   в файле   80-252295660
На строке 5974   в файле   80-245169483
На строке 5975   в файле   80-252296296
На строке 5976   в файле   80-252510461
На строке 5977   в файле   80-252296565
На строке 5978   в файле   80-252297002
На строке 5979   в файле   80-252297209
На строке 5980   в файле   80-252297218
На строке 5981   в файле   80-245183880
На строке 5982   в файле   80-252298120
На строке 5983   в файле   80-252297962
На строке 5984   в файле   80-252298151
На строке 5985   в файле   80-252298592
На строке 5986   в файле   80-252298749
На строке 5987   в файле   80-252510820
На строке 5988   в файле   80-252511149
На строке 5989   в файле   80-252300289
На строке 5990   в файле   80-245186228
На строке 5991   в файле   80-252301254
На строке 5992   в файле   80-252301976
На строке 5993   в файле   80-252302522
На строке 5994   в файле   80-252302914
На строке 5995   в файле   80-245189260
На строке 5996   в файле   80-245190024
На строке 5997   в файле   80-245190446
На строке 5998   в файле   80-252304021
На строке 5999   в файле   80-252303635
На строке 6000   в файле   80-245191737
На строке 6001   в файле   80-252511534
На строке 6002   в файле   80-245192898
На строке 6003   в файле   80-252511583
На строке 6004   в файле   80-252305301
На строке 6005   в файле   80-245195042
На строке 6006   в файле   80-252305320
На строке 6007   в файле   80-245196997
На строке 6008   в файле   80-245197179
На строке 6009   в файле   80-252306101
На строке 6010   в файле   80-245201348
На строке 6011   в файле   80-245202165
На строке 6012   в файле   80-245202113
На строке 6013   в файле   80-245202510
На строке 6014   в файле   80-245202857
На строке 6015   в файле   80-245203255
На строке 6016   в файле   80-245203862
На строке 6017   в файле   80-245204069
На строке 6018   в файле   80-252307970
На строке 6019   в файле   80-245207510
На строке 6020   в файле   80-245207513
На строке 6021   в файле   80-252597631
На строке 6022   в файле   80-252308961
На строке 6023   в файле   80-252597813
На строке 6024   в файле   80-245210942
На строке 6025   в файле   80-252309321
На строке 6026   в файле   80-252309340
На строке 6027   в файле   80-252309683
На строке 6028   в файле   80-245220303
На строке 6029   в файле   80-245223202
На строке 6030   в файле   80-245224539
На строке 6031   в файле   80-252310905
На строке 6032   в файле   80-252311237
На строке 6033   в файле   80-245226976
На строке 6034   в файле   80-252311292
На строке 6035   в файле   80-252311609
На строке 6036   в файле   80-252311885
На строке 6037   в файле   80-245232728
На строке 6038   в файле   80-252512944
На строке 6039   в файле   80-245237167
На строке 6040   в файле   80-252513119
На строке 6041   в файле   80-252513359
На строке 6042   в файле   80-252312938
На строке 6043   в файле   80-252313246
На строке 6044   в файле   80-245246413
На строке 6045   в файле   80-252313443
На строке 6046   в файле   80-245249214
На строке 6047   в файле   80-245249820
На строке 6048   в файле   80-245249815
На строке 6049   в файле   80-245250397
На строке 6050   в файле   80-251204602
На строке 6051   в файле   80-251203880
На строке 6052   в файле   80-251207072
На строке 6053   в файле   80-251207967
На строке 6054   в файле   80-245054124
На строке 6055   в файле   80-245054913
На строке 6056   в файле   80-245057417
На строке 6057   в файле   80-245070268
На строке 6058   в файле   80-245075342
На строке 6059   в файле   80-245078563
На строке 6060   в файле   80-249970489
На строке 6061   в файле   80-249971584
На строке 6062   в файле   80-249977618
На строке 6063   в файле   80-252509023
На строке 6064   в файле   80-252509056
На строке 6065   в файле   80-261089170
На строке 6066   в файле   80-261259910
На строке 6067   в файле   80-261093195
На строке 6068   в файле   80-261092740
На строке 6069   в файле   80-259648604
На строке 6070   в файле   80-259648867
На строке 6071   в файле   80-259648861
На строке 6072   в файле   80-259648875
На строке 6073   в файле   80-259649326
На строке 6074   в файле   80-259649333
На строке 6075   в файле   80-259649783
На строке 6076   в файле   80-259649792
На строке 6077   в файле   80-261093107
На строке 6078   в файле   80-259649988
На строке 6079   в файле   80-245296434
На строке 6080   в файле   80-259495144
На строке 6081   в файле   80-252508658
На строке 6082   в файле   80-244405109
На строке 6083   в файле   80-245006871
На строке 6084   в файле   80-245007164
На строке 6085   в файле   80-244405371
На строке 6086   в файле   80-244405768
На строке 6087   в файле   80-244405777
На строке 6088   в файле   80-244406067
На строке 6089   в файле   80-245007537
На строке 6090   в файле   80-260993464
На строке 6091   в файле   80-260993834
На строке 6092   в файле   80-260993818
На строке 6093   в файле   80-260994202
На строке 6094   в файле   80-252278068
На строке 6095   в файле   80-259494947
На строке 6096   в файле   80-260987736
На строке 6097   в файле   80-244389864
На строке 6098   в файле   80-244390239
На строке 6099   в файле   80-244390240
На строке 6100   в файле   80-244390468
На строке 6101   в файле   80-244390829
На строке 6102   в файле   80-245002707
На строке 6103   в файле   80-244391889
На строке 6104   в файле   80-252277397
На строке 6105   в файле   80-244392779
На строке 6106   в файле   80-244393663
На строке 6107   в файле   80-244394160
На строке 6108   в файле   80-260988097
На строке 6109   в файле   80-260988409
На строке 6110   в файле   80-260988337
На строке 6111   в файле   80-249944602
На строке 6112   в файле   80-260987248
На строке 6113   в файле   80-260987862
На строке 6114   в файле   80-261255246
На строке 6115   в файле   80-249944796
На строке 6116   в файле   80-244392348
На строке 6117   в файле   80-252277403
На строке 6118   в файле   80-252277463
На строке 6119   в файле   80-244393214
На строке 6120   в файле   80-244393828
На строке 6121   в файле   80-244394302
На строке 6122   в файле   80-244394783
На строке 6123   в файле   80-252278042
На строке 6124   в файле   80-244396167
На строке 6125   в файле   80-244395507
На строке 6126   в файле   80-249945331
На строке 6127   в файле   80-249945449
На строке 6128   в файле   80-244396861
На строке 6129   в файле   80-259482045
На строке 6130   в файле   80-260989748
На строке 6131   в файле   80-260990069
На строке 6132   в файле   80-260990054
На строке 6133   в файле   80-249944804
На строке 6134   в файле   80-260988361
На строке 6135   в файле   80-261255405
На строке 6136   в файле   80-260990992
На строке 6137   в файле   80-249946381
На строке 6138   в файле   80-245005836
На строке 6139   в файле   80-249946183
На строке 6140   в файле   80-244403145
На строке 6141   в файле   80-244403583
На строке 6142   в файле   80-246716249
На строке 6143   в файле   80-249946263
На строке 6144   в файле   80-244403708
На строке 6145   в файле   80-244401941
На строке 6146   в файле   80-260990612
На строке 6147   в файле   80-260992194
На строке 6148   в файле   80-244403257
На строке 6149   в файле   80-245006100
На строке 6150   в файле   80-244403532
На строке 6151   в файле   80-244403862
На строке 6152   в файле   80-252508572
На строке 6153   в файле   80-252508328
На строке 6154   в файле   80-252354633
На строке 6155   в файле   80-244404797
На строке 6156   в файле   80-259492234
На строке 6157   в файле   80-260992505
На строке 6158   в файле   80-259492644
На строке 6159   в файле   80-259492464
На строке 6160   в файле   80-260992467
На строке 6161   в файле   80-260992582
На строке 6162   в файле   80-260992850
На строке 6163   в файле   80-249946356
На строке 6164   в файле   80-260991594
На строке 6165   в файле   80-261061950
На строке 6166   в файле   80-244447396
На строке 6167   в файле   80-244486700
На строке 6168   в файле   80-244495403
На строке 6169   в файле   80-244503432
На строке 6170   в файле   80-244511165
На строке 6171   в файле   80-244519678
На строке 6172   в файле   80-244528363
На строке 6173   в файле   80-244537199
На строке 6174   в файле   80-261258872
На строке 6175   в файле   80-261063164
На строке 6176   в файле   80-261068042
На строке 6177   в файле   80-261072720
На строке 6178   в файле   80-259592284
На строке 6179   в файле   80-259595112
На строке 6180   в файле   80-261076536
На строке 6181   в файле   80-259620426
На строке 6182   в файле   80-261259383
На строке 6183   в файле   80-261086038
На строке 6184   в файле   80-244449236
На строке 6185   в файле   80-244461351
На строке 6186   в файле   80-244472655
На строке 6187   в файле   80-244480359
На строке 6188   в файле   80-249951039
На строке 6189   в файле   80-249951056
На строке 6190   в файле   80-244481785
На строке 6191   в файле   80-244483291
На строке 6192   в файле   80-249951406
На строке 6193   в файле   80-244486796
На строке 6194   в файле   80-244487418
На строке 6195   в файле   80-244488424
На строке 6196   в файле   80-244489174
На строке 6197   в файле   80-244491518
На строке 6198   в файле   80-244490779
На строке 6199   в файле   80-244492919
На строке 6200   в файле   80-244491541
На строке 6201   в файле   80-244493588
На строке 6202   в файле   80-244494314
На строке 6203   в файле   80-244495944
На строке 6204   в файле   80-249951631
На строке 6205   в файле   80-244497436
На строке 6206   в файле   80-244498026
На строке 6207   в файле   80-244497968
На строке 6208   в файле   80-245016869
На строке 6209   в файле   80-244498729
На строке 6210   в файле   80-244500700
На строке 6211   в файле   80-244500812
На строке 6212   в файле   80-249951706
На строке 6213   в файле   80-244502756
На строке 6214   в файле   80-244505681
На строке 6215   в файле   80-244506351
На строке 6216   в файле   80-244506345
На строке 6217   в файле   80-244507056
На строке 6218   в файле   80-244509173
На строке 6219   в файле   80-244507715
На строке 6220   в файле   80-244508553
На строке 6221   в файле   80-244509264
На строке 6222   в файле   80-244510650
На строке 6223   в файле   80-244510509
На строке 6224   в файле   80-249952970
На строке 6225   в файле   80-244511766
На строке 6226   в файле   80-249953195
На строке 6227   в файле   80-244515444
На строке 6228   в файле   80-244516186
На строке 6229   в файле   80-244516167
На строке 6230   в файле   80-244517473
На строке 6231   в файле   80-244516814
На строке 6232   в файле   80-244518323
На строке 6233   в файле   80-244518963
На строке 6234   в файле   80-244520520
На строке 6235   в файле   80-244520383
На строке 6236   в файле   80-249953476
На строке 6237   в файле   80-244523752
На строке 6238   в файле   80-244524560
На строке 6239   в файле   80-244524611
На строке 6240   в файле   80-244525299
На строке 6241   в файле   80-244526122
На строке 6242   в файле   80-244526786
На строке 6243   в файле   80-244527563
На строке 6244   в файле   80-244528902
На строке 6245   в файле   80-244530434
На строке 6246   в файле   80-244530503
На строке 6247   в файле   80-249953253
На строке 6248   в файле   80-244531514
На строке 6249   в файле   80-245017460
На строке 6250   в файле   80-244534959
На строке 6251   в файле   80-244535809
На строке 6252   в файле   80-244535700
На строке 6253   в файле   80-244537252
На строке 6254   в файле   80-244538069
На строке 6255   в файле   80-244538658
На строке 6256   в файле   80-249953743
На строке 6257   в файле   80-244540026
На строке 6258   в файле   80-244539301
На строке 6259   в файле   80-244540475
На строке 6260   в файле   80-244541380
На строке 6261   в файле   80-244542545
На строке 6262   в файле   80-244542712
На строке 6263   в файле   80-249953804
На строке 6264   в файле   80-261062009
На строке 6265   в файле   80-261062477
На строке 6266   в файле   80-261063158
На строке 6267   в файле   80-259545561
На строке 6268   в файле   80-259545693
На строке 6269   в файле   80-259547302
На строке 6270   в файле   80-259547313
На строке 6271   в файле   80-259547292
На строке 6272   в файле   80-259547321
На строке 6273   в файле   80-259548228
На строке 6274   в файле   80-259548671
На строке 6275   в файле   80-261064372
На строке 6276   в файле   80-259548665
На строке 6277   в файле   80-261063850
На строке 6278   в файле   80-261064438
На строке 6279   в файле   80-261064995
На строке 6280   в файле   80-261066997
На строке 6281   в файле   80-261259044
На строке 6282   в файле   80-261066603
На строке 6283   в файле   80-261066769
На строке 6284   в файле   80-261259070
На строке 6285   в файле   80-259572806
На строке 6286   в файле   80-261069717
На строке 6287   в файле   80-261069277
На строке 6288   в файле   80-261069957
На строке 6289   в файле   80-259575767
На строке 6290   в файле   80-261070732
На строке 6291   в файле   80-261071397
На строке 6292   в файле   80-261259150
На строке 6293   в файле   80-261071933
На строке 6294   в файле   80-261072703
На строке 6295   в файле   80-261073355
На строке 6296   в файле   80-261073297
На строке 6297   в файле   80-261072726
На строке 6298   в файле   80-259591373
На строке 6299   в файле   80-259591875
На строке 6300   в файле   80-259591893
На строке 6301   в файле   80-259591895
На строке 6302   в файле   80-259591966
На строке 6303   в файле   80-259592267
На строке 6304   в файле   80-261073270
На строке 6305   в файле   80-261073886
На строке 6306   в файле   80-261074019
На строке 6307   в файле   80-261074451
На строке 6308   в файле   80-261074469
На строке 6309   в файле   80-261073994
На строке 6310   в файле   80-259594683
На строке 6311   в файле   80-259595136
На строке 6312   в файле   80-261074570
На строке 6313   в файле   80-259595148
На строке 6314   в файле   80-259595533
На строке 6315   в файле   80-259595969
На строке 6316   в файле   80-261075046
На строке 6317   в файле   80-259596085
На строке 6318   в файле   80-259596326
На строке 6319   в файле   80-261075292
На строке 6320   в файле   80-261075712
На строке 6321   в файле   80-261075732
На строке 6322   в файле   80-259599006
На строке 6323   в файле   80-259599359
На строке 6324   в файле   80-261259249
На строке 6325   в файле   80-259600217
На строке 6326   в файле   80-261077666
На строке 6327   в файле   80-261078572
На строке 6328   в файле   80-261079084
На строке 6329   в файле   80-261080069
На строке 6330   в файле   80-261080418
На строке 6331   в файле   80-261080565
На строке 6332   в файле   80-261081377
На строке 6333   в файле   80-261081705
На строке 6334   в файле   80-259620346
На строке 6335   в файле   80-259620681
На строке 6336   в файле   80-259620984
На строке 6337   в файле   80-261081865
На строке 6338   в файле   80-259623417
На строке 6339   в файле   80-261259264
На строке 6340   в файле   80-261259265
На строке 6341   в файле   80-261259291
На строке 6342   в файле   80-261083780
На строке 6343   в файле   80-261259472
На строке 6344   в файле   80-261083980
На строке 6345   в файле   80-259627012
На строке 6346   в файле   80-259627273
На строке 6347   в файле   80-261259506
На строке 6348   в файле   80-261085273
На строке 6349   в файле   80-261085129
На строке 6350   в файле   80-261259579
На строке 6351   в файле   80-261086623
На строке 6352   в файле   80-261086658
На строке 6353   в файле   80-261086884
На строке 6354   в файле   80-259635260
На строке 6355   в файле   80-261086830
На строке 6356   в файле   80-259635521
На строке 6357   в файле   80-259635779
На строке 6358   в файле   80-259636267
На строке 6359   в файле   80-259636264
На строке 6360   в файле   80-259636244
На строке 6361   в файле   80-261087264
На строке 6362   в файле   80-244449810
На строке 6363   в файле   80-244449818
На строке 6364   в файле   80-244450976
На строке 6365   в файле   80-244452372
На строке 6366   в файле   80-244454165
На строке 6367   в файле   80-244453809
На строке 6368   в файле   80-245013474
На строке 6369   в файле   80-244457681
На строке 6370   в файле   80-244457751
На строке 6371   в файле   80-245013981
На строке 6372   в файле   80-244462024
На строке 6373   в файле   80-244463565
На строке 6374   в файле   80-244463465
На строке 6375   в файле   80-249950491
На строке 6376   в файле   80-244465162
На строке 6377   в файле   80-244467110
На строке 6378   в файле   80-244470062
На строке 6379   в файле   80-244470817
На строке 6380   в файле   80-249950644
На строке 6381   в файле   80-244471008
На строке 6382   в файле   80-244473543
На строке 6383   в файле   80-245014472
На строке 6384   в файле   80-244477872
На строке 6385   в файле   80-244478740
На строке 6386   в файле   80-244478666
На строке 6387   в файле   80-244479380
На строке 6388   в файле   80-215220541
На строке 6389   в файле   80-215222753
На строке 6390   в файле   80-215218908
На строке 6391   в файле   80-215220438
На строке 6392   в файле   80-215220456
На строке 6393   в файле   80-215254534
На строке 6394   в файле   80-215221267
На строке 6395   в файле   80-215258148
На строке 6396   в файле   80-215258795
На строке 6397   в файле   80-215258819
На строке 6398   в файле   80-215267016
На строке 6399   в файле   80-215267836
На строке 6400   в файле   80-215274629
На строке 6401   в файле   80-215219911
На строке 6402   в файле   80-215220739
На строке 6403   в файле   80-215254650
На строке 6404   в файле   80-215221985
На строке 6405   в файле   80-215222049
На строке 6406   в файле   80-215258776
На строке 6407   в файле   80-215275392
На строке 6408   в файле   80-215254314
На строке 6409   в файле   80-215254655
На строке 6410   в файле   80-215221961
На строке 6411   в файле   80-215341748
На строке 6412   в файле   80-215219799
На строке 6413   в файле   80-244411417
На строке 6414   в файле   80-244411707
На строке 6415   в файле   80-244412045
На строке 6416   в файле   80-244412735
На строке 6417   в файле   80-244414976
На строке 6418   в файле   80-244415414
На строке 6419   в файле   80-244415859
На строке 6420   в файле   80-244416376
На строке 6421   в файле   80-244417744
На строке 6422   в файле   80-244419608
На строке 6423   в файле   80-244422362
На строке 6424   в файле   80-244423372
На строке 6425   в файле   80-244423888
На строке 6426   в файле   80-244423935
На строке 6427   в файле   80-244424640
На строке 6428   в файле   80-244424804
На строке 6429   в файле   80-244424840
На строке 6430   в файле   80-244424959
На строке 6431   в файле   80-244425186
На строке 6432   в файле   80-244426807
На строке 6433   в файле   80-244426981
На строке 6434   в файле   80-244427606
На строке 6435   в файле   80-244428025
На строке 6436   в файле   80-244430465
На строке 6437   в файле   80-244430864
На строке 6438   в файле   80-244432178
На строке 6439   в файле   80-244433115
На строке 6440   в файле   80-244433346
На строке 6441   в файле   80-244433580
На строке 6442   в файле   80-244435421
На строке 6443   в файле   80-244437673
На строке 6444   в файле   80-244438399
На строке 6445   в файле   80-244438412
На строке 6446   в файле   80-244439155
На строке 6447   в файле   80-244441757
На строке 6448   в файле   80-244412150
На строке 6449   в файле   80-244412321
На строке 6450   в файле   80-244412619
На строке 6451   в файле   80-244413077
На строке 6452   в файле   80-244413489
На строке 6453   в файле   80-244413672
На строке 6454   в файле   80-244414494
На строке 6455   в файле   80-244414651
На строке 6456   в файле   80-244414784
На строке 6457   в файле   80-244415720
На строке 6458   в файле   80-244416002
На строке 6459   в файле   80-244416572
На строке 6460   в файле   80-244416949
На строке 6461   в файле   80-244417258
На строке 6462   в файле   80-244417279
На строке 6463   в файле   80-244417393
На строке 6464   в файле   80-244418068
На строке 6465   в файле   80-244418394
На строке 6466   в файле   80-244418397
На строке 6467   в файле   80-244418568
На строке 6468   в файле   80-244418739
На строке 6469   в файле   80-244418897
На строке 6470   в файле   80-244419451
На строке 6471   в файле   80-244419961
На строке 6472   в файле   80-244420239
На строке 6473   в файле   80-244420525
На строке 6474   в файле   80-244420840
На строке 6475   в файле   80-244421717
На строке 6476   в файле   80-245012145
На строке 6477   в файле   80-244422397
На строке 6478   в файле   80-244423074
На строке 6479   в файле   80-244424239
На строке 6480   в файле   80-244424450
На строке 6481   в файле   80-244425334
На строке 6482   в файле   80-244425501
На строке 6483   в файле   80-244425520
На строке 6484   в файле   80-244425669
На строке 6485   в файле   80-244425870
На строке 6486   в файле   80-244426060
На строке 6487   в файле   80-244426259
На строке 6488   в файле   80-244426672
На строке 6489   в файле   80-244426636
На строке 6490   в файле   80-244427043
На строке 6491   в файле   80-244427161
На строке 6492   в файле   80-244427619
На строке 6493   в файле   80-244428520
На строке 6494   в файле   80-244428761
На строке 6495   в файле   80-244428990
На строке 6496   в файле   80-244429003
На строке 6497   в файле   80-244429209
На строке 6498   в файле   80-244429479
На строке 6499   в файле   80-244429684
На строке 6500   в файле   80-244429936
На строке 6501   в файле   80-244430150
На строке 6502   в файле   80-244431809
На строке 6503   в файле   80-244431825
На строке 6504   в файле   80-244432864
На строке 6505   в файле   80-244432527
На строке 6506   в файле   80-244434099
На строке 6507   в файле   80-244434139
На строке 6508   в файле   80-244434825
На строке 6509   в файле   80-244436090
На строке 6510   в файле   80-244436686
На строке 6511   в файле   80-244436969
На строке 6512   в файле   80-244440324
На строке 6513   в файле   80-244440853
На строке 6514   в файле   80-244442635
На строке 6515   в файле   80-244442938
На строке 6516   в файле   80-244444513
На строке 6517   в файле   80-244448547
На строке 6518   в файле   80-244411554
На строке 6519   в файле   80-244421804
На строке 6520   в файле   80-244425861
На строке 6521   в файле   80-244427412
На строке 6522   в файле   80-244435988
На строке 6523   в файле   80-244437345
На строке 6524   в файле   80-244437692
На строке 6525   в файле   80-244440027
На строке 6526   в файле   80-249948912
На строке 6527   в файле   80-249948755
На строке 6528   в файле   80-249949118
На строке 6529   в файле   80-249949395
На строке 6530   в файле   80-249949414
На строке 6531   в файле   80-252280887
На строке 6532   в файле   80-261021222
На строке 6533   в файле   80-259623052
На строке 6534   в файле   80-243834769
На строке 6535   в файле   80-244591088
На строке 6536   в файле   80-244593675
На строке 6537   в файле   80-249914674
На строке 6538   в файле   80-244598452
На строке 6539   в файле   80-244601253
На строке 6540   в файле   80-252234621
На строке 6541   в файле   80-244606155
На строке 6542   в файле   80-244606667
На строке 6543   в файле   80-260773830
На строке 6544   в файле   80-260773771
На строке 6545   в файле   80-260774138
На строке 6546   в файле   80-260774098
На строке 6547   в файле   80-260774097
На строке 6548   в файле   80-261244008
На строке 6549   в файле   80-260774414
На строке 6550   в файле   80-261243871
На строке 6551   в файле   80-260774698
На строке 6552   в файле   80-249913968
На строке 6553   в файле   80-249913714
На строке 6554   в файле   80-243835849
На строке 6555   в файле   80-244591710
На строке 6556   в файле   80-243837071
На строке 6557   в файле   80-243837349
На строке 6558   в файле   80-243837815
На строке 6559   в файле   80-243838326
На строке 6560   в файле   80-244592266
На строке 6561   в файле   80-244593283
На строке 6562   в файле   80-244593808
На строке 6563   в файле   80-249914331
На строке 6564   в файле   80-244594176
На строке 6565   в файле   80-249914446
На строке 6566   в файле   80-244594601
На строке 6567   в файле   80-249914449
На строке 6568   в файле   80-244594882
На строке 6569   в файле   80-249914589
На строке 6570   в файле   80-249914692
На строке 6571   в файле   80-244595882
На строке 6572   в файле   80-249914706
На строке 6573   в файле   80-244596177
На строке 6574   в файле   80-249914824
На строке 6575   в файле   80-244596714
На строке 6576   в файле   80-244597034
На строке 6577   в файле   80-244597457
На строке 6578   в файле   80-244597300
На строке 6579   в файле   80-244597782
На строке 6580   в файле   80-252233300
На строке 6581   в файле   80-244598605
На строке 6582   в файле   80-249915539
На строке 6583   в файле   80-244598874
На строке 6584   в файле   80-244599181
На строке 6585   в файле   80-249915537
На строке 6586   в файле   80-244599335
На строке 6587   в файле   80-244599960
На строке 6588   в файле   80-244600204
На строке 6589   в файле   80-244600574
На строке 6590   в файле   80-249915769
На строке 6591   в файле   80-244601762
На строке 6592   в файле   80-244601758
На строке 6593   в файле   80-249916006
На строке 6594   в файле   80-249916020
На строке 6595   в файле   80-244602565
На строке 6596   в файле   80-244602846
На строке 6597   в файле   80-244602843
На строке 6598   в файле   80-244603035
На строке 6599   в файле   80-244603455
На строке 6600   в файле   80-244603595
На строке 6601   в файле   80-244603933
На строке 6602   в файле   80-244604199
На строке 6603   в файле   80-249916244
На строке 6604   в файле   80-249916596
На строке 6605   в файле   80-244604643
На строке 6606   в файле   80-249916481
На строке 6607   в файле   80-244604780
На строке 6608   в файле   80-244605604
На строке 6609   в файле   80-244606442
На строке 6610   в файле   80-243832512
На строке 6611   в файле   80-243831142
На строке 6612   в файле   80-249913663
На строке 6613   в файле   80-252231724
На строке 6614   в файле   80-259230939
На строке 6615   в файле   80-260773200
На строке 6616   в файле   80-260773512
На строке 6617   в файле   80-260773436
На строке 6618   в файле   80-260773821
На строке 6619   в файле   80-260773284
На строке 6620   в файле   80-243836894
На строке 6621   в файле   80-244596386
На строке 6622   в файле   80-260998676
На строке 6623   в файле   80-244433612
На строке 6624   в файле   80-244434783
На строке 6625   в файле   80-244435624
На строке 6626   в файле   80-244436999
На строке 6627   в файле   80-249949882
На строке 6628   в файле   80-244438810
На строке 6629   в файле   80-244439984
На строке 6630   в файле   80-249949561
На строке 6631   в файле   80-261255477
На строке 6632   в файле   80-261001387
На строке 6633   в файле   80-244443542
На строке 6634   в файле   80-245013305
На строке 6635   в файле   80-244462816
На строке 6636   в файле   80-261001552
На строке 6637   в файле   80-261001780
На строке 6638   в файле   80-261002514
На строке 6639   в файле   80-261002206
На строке 6640   в файле   80-261002885
На строке 6641   в файле   80-261002583
На строке 6642   в файле   80-261003275
На строке 6643   в файле   80-261003324
На строке 6644   в файле   80-261003988
На строке 6645   в файле   80-261004230
На строке 6646   в файле   80-244444018
На строке 6647   в файле   80-249949890
На строке 6648   в файле   80-249950093
На строке 6649   в файле   80-244446852
На строке 6650   в файле   80-244447932
На строке 6651   в файле   80-252280910
На строке 6652   в файле   80-244450372
На строке 6653   в файле   80-244451009
На строке 6654   в файле   80-244451871
На строке 6655   в файле   80-249950096
На строке 6656   в файле   80-244453798
На строке 6657   в файле   80-249950296
На строке 6658   в файле   80-244456954
На строке 6659   в файле   80-249950262
На строке 6660   в файле   80-249950471
На строке 6661   в файле   80-249950282
На строке 6662   в файле   80-245013970
На строке 6663   в файле   80-245014204
На строке 6664   в файле   80-244462201
На строке 6665   в файле   80-244464198
На строке 6666   в файле   80-244464864
На строке 6667   в файле   80-244466734
На строке 6668   в файле   80-252280879
На строке 6669   в файле   80-249950662
На строке 6670   в файле   80-244473019
На строке 6671   в файле   80-244441638
На строке 6672   в файле   80-244442587
На строке 6673   в файле   80-249949889
На строке 6674   в файле   80-249950269
На строке 6675   в файле   80-261272785
На строке 6676   в файле   80-261001577
На строке 6677   в файле   80-244500077
На строке 6678   в файле   80-244504869
На строке 6679   в файле   80-244504913
На строке 6680   в файле   80-249953192
На строке 6681   в файле   80-252281485
На строке 6682   в файле   80-244509838
На строке 6683   в файле   80-252281470
На строке 6684   в файле   80-261009545
На строке 6685   в файле   80-261010102
На строке 6686   в файле   80-261255947
На строке 6687   в файле   80-261012130
На строке 6688   в файле   80-261012133
На строке 6689   в файле   80-261011988
На строке 6690   в файле   80-261013287
На строке 6691   в файле   80-261013766
На строке 6692   в файле   80-244485947
На строке 6693   в файле   80-244488378
На строке 6694   в файле   80-249951415
На строке 6695   в файле   80-244489894
На строке 6696   в файле   80-244492195
На строке 6697   в файле   80-249951513
На строке 6698   в файле   80-244492905
На строке 6699   в файле   80-249951244
На строке 6700   в файле   80-244495064
На строке 6701   в файле   80-244496514
На строке 6702   в файле   80-244499329
На строке 6703   в файле   80-244499347
На строке 6704   в файле   80-249951843
На строке 6705   в файле   80-244501382
На строке 6706   в файле   80-249951914
На строке 6707   в файле   80-245017059
На строке 6708   в файле   80-252281256
На строке 6709   в файле   80-252280911
На строке 6710   в файле   80-244503429
На строке 6711   в файле   80-244471715
На строке 6712   в файле   80-244482535
На строке 6713   в файле   80-244467129
На строке 6714   в файле   80-244480281
На строке 6715   в файле   80-245014479
На строке 6716   в файле   80-249951081
На строке 6717   в файле   80-249951033
На строке 6718   в файле   80-261008713
На строке 6719   в файле   80-261121394
На строке 6720   в файле   80-246754327
На строке 6721   в файле   80-252528318
На строке 6722   в файле   80-251625881
На строке 6723   в файле   80-246789007
На строке 6724   в файле   80-252608938
На строке 6725   в файле   80-252379158
На строке 6726   в файле   80-251641166
На строке 6727   в файле   80-246833611
На строке 6728   в файле   80-261261608
На строке 6729   в файле   80-259857444
На строке 6730   в файле   80-261125406
На строке 6731   в файле   80-261127594
На строке 6732   в файле   80-259924704
На строке 6733   в файле   80-259932090
На строке 6734   в файле   80-259937325
На строке 6735   в файле   80-259938622
На строке 6736   в файле   80-259940337
На строке 6737   в файле   80-259940943
На строке 6738   в файле   80-246755234
На строке 6739   в файле   80-246755822
На строке 6740   в файле   80-246757848
На строке 6741   в файле   80-246756548
На строке 6742   в файле   80-251619638
На строке 6743   в файле   80-246758563
На строке 6744   в файле   80-252527287
На строке 6745   в файле   80-252527575
На строке 6746   в файле   80-251620333
На строке 6747   в файле   80-252527480
На строке 6748   в файле   80-251622122
На строке 6749   в файле   80-251622942
На строке 6750   в файле   80-246772363
На строке 6751   в файле   80-251623435
На строке 6752   в файле   80-252529108
На строке 6753   в файле   80-251623967
На строке 6754   в файле   80-251624463
На строке 6755   в файле   80-246774819
На строке 6756   в файле   80-251624915
На строке 6757   в файле   80-251625000
На строке 6758   в файле   80-252529922
На строке 6759   в файле   80-252364719
На строке 6760   в файле   80-252364855
На строке 6761   в файле   80-246784212
На строке 6762   в файле   80-251626290
На строке 6763   в файле   80-251628985
На строке 6764   в файле   80-246783782
На строке 6765   в файле   80-251629600
На строке 6766   в файле   80-252530130
На строке 6767   в файле   80-246787606
На строке 6768   в файле   80-252366945
На строке 6769   в файле   80-252368554
На строке 6770   в файле   80-252530650
На строке 6771   в файле   80-252530198
На строке 6772   в файле   80-252368997
На строке 6773   в файле   80-252370548
На строке 6774   в файле   80-252370124
На строке 6775   в файле   80-252371139
На строке 6776   в файле   80-252534037
На строке 6777   в файле   80-252372930
На строке 6778   в файле   80-252534018
На строке 6779   в файле   80-252373548
На строке 6780   в файле   80-246804258
На строке 6781   в файле   80-252533615
На строке 6782   в файле   80-251636547
На строке 6783   в файле   80-252376371
На строке 6784   в файле   80-252375367
На строке 6785   в файле   80-252376447
На строке 6786   в файле   80-251637476
На строке 6787   в файле   80-246815463
На строке 6788   в файле   80-252533997
На строке 6789   в файле   80-252534782
На строке 6790   в файле   80-252535307
На строке 6791   в файле   80-246825656
На строке 6792   в файле   80-246825265
На строке 6793   в файле   80-246825997
На строке 6794   в файле   80-252382520
На строке 6795   в файле   80-252381850
На строке 6796   в файле   80-246828042
На строке 6797   в файле   80-246827610
На строке 6798   в файле   80-252535584
На строке 6799   в файле   80-251642066
На строке 6800   в файле   80-246828652
На строке 6801   в файле   80-251643124
На строке 6802   в файле   80-251643879
На строке 6803   в файле   80-251642695
На строке 6804   в файле   80-251645388
На строке 6805   в файле   80-246830533
На строке 6806   в файле   80-252536511
На строке 6807   в файле   80-251646798
На строке 6808   в файле   80-252537452
На строке 6809   в файле   80-246834241
На строке 6810   в файле   80-252536586
На строке 6811   в файле   80-246835177
На строке 6812   в файле   80-252536464
На строке 6813   в файле   80-252384633
На строке 6814   в файле   80-246835863
На строке 6815   в файле   80-252384573
На строке 6816   в файле   80-251651706
На строке 6817   в файле   80-246836732
На строке 6818   в файле   80-261261723
На строке 6819   в файле   80-261121654
На строке 6820   в файле   80-259848484
На строке 6821   в файле   80-259848710
На строке 6822   в файле   80-259849944
На строке 6823   в файле   80-261122324
На строке 6824   в файле   80-261122537
На строке 6825   в файле   80-261122807
На строке 6826   в файле   80-261123081
На строке 6827   в файле   80-261261859
На строке 6828   в файле   80-259857403
На строке 6829   в файле   80-259857974
На строке 6830   в файле   80-261124110
На строке 6831   в файле   80-261261961
На строке 6832   в файле   80-261124751
На строке 6833   в файле   80-261262090
На строке 6834   в файле   80-261124946
На строке 6835   в файле   80-261125018
На строке 6836   в файле   80-259888248
На строке 6837   в файле   80-259889071
На строке 6838   в файле   80-261125653
На строке 6839   в файле   80-261126227
На строке 6840   в файле   80-261126439
На строке 6841   в файле   80-259901739
На строке 6842   в файле   80-259902603
На строке 6843   в файле   80-261126916
На строке 6844   в файле   80-261273875
На строке 6845   в файле   80-259918509
На строке 6846   в файле   80-259918847
На строке 6847   в файле   80-259919652
На строке 6848   в файле   80-259919743
На строке 6849   в файле   80-259920893
На строке 6850   в файле   80-261127717
На строке 6851   в файле   80-261262188
На строке 6852   в файле   80-261262371
На строке 6853   в файле   80-259923412
На строке 6854   в файле   80-259922979
На строке 6855   в файле   80-259923243
На строке 6856   в файле   80-259923847
На строке 6857   в файле   80-259923952
На строке 6858   в файле   80-259925258
На строке 6859   в файле   80-259926295
На строке 6860   в файле   80-259925809
На строке 6861   в файле   80-259925992
На строке 6862   в файле   80-261127923
На строке 6863   в файле   80-259929522
На строке 6864   в файле   80-259929983
На строке 6865   в файле   80-261128472
На строке 6866   в файле   80-259931392
На строке 6867   в файле   80-259932471
На строке 6868   в файле   80-259932697
На строке 6869   в файле   80-259934220
На строке 6870   в файле   80-259934222
На строке 6871   в файле   80-259934219
На строке 6872   в файле   80-259934794
На строке 6873   в файле   80-259936098
На строке 6874   в файле   80-259935798
На строке 6875   в файле   80-261262288
На строке 6876   в файле   80-261129599
На строке 6877   в файле   80-259938090
На строке 6878   в файле   80-246753760
На строке 6879   в файле   80-261120809
На строке 6880   в файле   80-261119466
На строке 6881   в файле   80-246794581
На строке 6882   в файле   80-246795219
На строке 6883   в файле   80-252371336
На строке 6884   в файле   80-252608409
На строке 6885   в файле   80-246798560
На строке 6886   в файле   80-252372845
На строке 6887   в файле   80-252608408
На строке 6888   в файле   80-252609944
На строке 6889   в файле   80-251635712
На строке 6890   в файле   80-251636620
На строке 6891   в файле   80-252368004
На строке 6892   в файле   80-261119168
На строке 6893   в файле   80-261261602
На строке 6894   в файле   80-261138523
На строке 6895   в файле   80-252611221
На строке 6896   в файле   80-251750495
На строке 6897   в файле   80-251752608
На строке 6898   в файле   80-251752952
На строке 6899   в файле   80-251753593
На строке 6900   в файле   80-251754231
На строке 6901   в файле   80-251754827
На строке 6902   в файле   80-251748141
На строке 6903   в файле   80-261263478
На строке 6904   в файле   80-261139570
На строке 6905   в файле   80-251762604
На строке 6906   в файле   80-251764688
На строке 6907   в файле   80-251764902
На строке 6908   в файле   80-246971377
На строке 6909   в файле   80-252406062
На строке 6910   в файле   80-251766772
На строке 6911   в файле   80-246978140
На строке 6912   в файле   80-251761969
На строке 6913   в файле   80-261139715
На строке 6914   в файле   80-261142757
На строке 6915   в файле   80-251765544
На строке 6916   в файле   80-246971434
На строке 6917   в файле   80-246973937
На строке 6918   в файле   80-252405247
На строке 6919   в файле   80-251766764
На строке 6920   в файле   80-251767884
На строке 6921   в файле   80-246980443
На строке 6922   в файле   80-246987212
На строке 6923   в файле   80-251768413
На строке 6924   в файле   80-251768848
На строке 6925   в файле   80-251768916
На строке 6926   в файле   80-261142670
На строке 6927   в файле   80-251762850
На строке 6928   в файле   80-251764097
На строке 6929   в файле   80-261142078
На строке 6930   в файле   80-261143249
На строке 6931   в файле   80-251764368
На строке 6932   в файле   80-252404561
На строке 6933   в файле   80-251765258
На строке 6934   в файле   80-246970567
На строке 6935   в файле   80-251765491
На строке 6936   в файле   80-246977092
На строке 6937   в файле   80-251766034
На строке 6938   в файле   80-251767058
На строке 6939   в файле   80-251767777
На строке 6940   в файле   80-251768621
На строке 6941   в файле   80-251769468
На строке 6942   в файле   80-251769442
На строке 6943   в файле   80-261143806
На строке 6944   в файле   80-261143577
На строке 6945   в файле   80-261143780
На строке 6946   в файле   80-261144011
На строке 6947   в файле   80-261144489
На строке 6948   в файле   80-261144273
На строке 6949   в файле   80-251761924
На строке 6950   в файле   80-261143224
На строке 6951   в файле   80-259839043
На строке 6952   в файле   80-252377875
На строке 6953   в файле   80-246814917
На строке 6954   в файле   80-252377881
На строке 6955   в файле   80-252534030
На строке 6956   в файле   80-252534460
На строке 6957   в файле   80-252535577
На строке 6958   в файле   80-252534813
На строке 6959   в файле   80-252381907
На строке 6960   в файле   80-252381066
На строке 6961   в файле   80-259838970
На строке 6962   в файле   80-259839160
На строке 6963   в файле   80-261120257
На строке 6964   в файле   80-252376343
На строке 6965   в файле   80-261120269
На строке 6966   в файле   80-259965788
На строке 6967   в файле   80-259965615
На строке 6968   в файле   80-259966949
На строке 6969   в файле   80-259967389
На строке 6970   в файле   80-251742539
На строке 6971   в файле   80-251743046
На строке 6972   в файле   80-252401913
На строке 6973   в файле   80-259964684
На строке 6974   в файле   80-259970492
На строке 6975   в файле   80-251743321
На строке 6976   в файле   80-246927133
На строке 6977   в файле   80-251744841
На строке 6978   в файле   80-251745731
На строке 6979   в файле   80-252402596
На строке 6980   в файле   80-251746520
На строке 6981   в файле   80-251746555
На строке 6982   в файле   80-251747358
На строке 6983   в файле   80-252403195
На строке 6984   в файле   80-251749845
На строке 6985   в файле   80-246938607
На строке 6986   в файле   80-261135520
На строке 6987   в файле   80-261135740
На строке 6988   в файле   80-261135596
На строке 6989   в файле   80-259971155
На строке 6990   в файле   80-261136069
На строке 6991   в файле   80-251742800
На строке 6992   в файле   80-261135137
На строке 6993   в файле   80-261136293
На строке 6994   в файле   80-252611813
На строке 6995   в файле   80-246936065
На строке 6996   в файле   80-251750855
На строке 6997   в файле   80-252403259
На строке 6998   в файле   80-251751149
На строке 6999   в файле   80-251752995
На строке 7000   в файле   80-251753577
На строке 7001   в файле   80-246945683
На строке 7002   в файле   80-261136089
На строке 7003   в файле   80-261136529
На строке 7004   в файле   80-261136776
На строке 7005   в файле   80-251748102
На строке 7006   в файле   80-261135751
На строке 7007   в файле   80-261139030
На строке 7008   в файле   80-251756676
На строке 7009   в файле   80-251757221
На строке 7010   в файле   80-251757828
На строке 7011   в файле   80-246957825
На строке 7012   в файле   80-261138582
На строке 7013   в файле   80-260044611
На строке 7014   в файле   80-247835859
На строке 7015   в файле   80-247928153
На строке 7016   в файле   80-247963175
На строке 7017   в файле   80-247967886
На строке 7018   в файле   80-247975735
На строке 7019   в файле   80-247984885
На строке 7020   в файле   80-247992734
На строке 7021   в файле   80-252548573
На строке 7022   в файле   80-248000216
На строке 7023   в файле   80-251875177
На строке 7024   в файле   80-261158444
На строке 7025   в файле   80-261264324
На строке 7026   в файле   80-260053116
На строке 7027   в файле   80-260056039
На строке 7028   в файле   80-260058411
На строке 7029   в файле   80-260061614
На строке 7030   в файле   80-260064415
На строке 7031   в файле   80-260066667
На строке 7032   в файле   80-260066930
На строке 7033   в файле   80-260070233
На строке 7034   в файле   80-251805464
На строке 7035   в файле   80-251806738
На строке 7036   в файле   80-251809292
На строке 7037   в файле   80-247894028
На строке 7038   в файле   80-247902387
На строке 7039   в файле   80-247914925
На строке 7040   в файле   80-247918203
На строке 7041   в файле   80-247924632
На строке 7042   в файле   80-247928856
На строке 7043   в файле   80-247934419
На строке 7044   в файле   80-247939068
На строке 7045   в файле   80-247941209
На строке 7046   в файле   80-252413870
На строке 7047   в файле   80-247945294
На строке 7048   в файле   80-251828281
На строке 7049   в файле   80-247947892
На строке 7050   в файле   80-251829290
На строке 7051   в файле   80-247950610
На строке 7052   в файле   80-247954304
На строке 7053   в файле   80-251833749
На строке 7054   в файле   80-247959889
На строке 7055   в файле   80-251837415
На строке 7056   в файле   80-247963747
На строке 7057   в файле   80-251837324
На строке 7058   в файле   80-247964639
На строке 7059   в файле   80-247965245
На строке 7060   в файле   80-247965239
На строке 7061   в файле   80-247966570
На строке 7062   в файле   80-247966549
На строке 7063   в файле   80-247967280
На строке 7064   в файле   80-247968965
На строке 7065   в файле   80-247969744
На строке 7066   в файле   80-247970471
На строке 7067   в файле   80-247971234
На строке 7068   в файле   80-247971137
На строке 7069   в файле   80-252414898
На строке 7070   в файле   80-247972806
На строке 7071   в файле   80-251841358
На строке 7072   в файле   80-247974005
На строке 7073   в файле   80-251841295
На строке 7074   в файле   80-247976219
На строке 7075   в файле   80-251841872
На строке 7076   в файле   80-247977214
На строке 7077   в файле   80-251842133
На строке 7078   в файле   80-247980902
На строке 7079   в файле   80-247981031
На строке 7080   в файле   80-252547371
На строке 7081   в файле   80-247982757
На строке 7082   в файле   80-247982763
На строке 7083   в файле   80-251849876
На строке 7084   в файле   80-247984372
На строке 7085   в файле   80-252549286
На строке 7086   в файле   80-247986383
На строке 7087   в файле   80-247986469
На строке 7088   в файле   80-251853138
На строке 7089   в файле   80-251855274
На строке 7090   в файле   80-247988883
На строке 7091   в файле   80-247988875
На строке 7092   в файле   80-247990354
На строке 7093   в файле   80-247990812
На строке 7094   в файле   80-247991281
На строке 7095   в файле   80-251861937
На строке 7096   в файле   80-252548836
На строке 7097   в файле   80-251867531
На строке 7098   в файле   80-251869283
На строке 7099   в файле   80-247996177
На строке 7100   в файле   80-251870331
На строке 7101   в файле   80-251870998
На строке 7102   в файле   80-251872396
На строке 7103   в файле   80-251873250
На строке 7104   в файле   80-251873959
На строке 7105   в файле   80-247999428
На строке 7106   в файле   80-247999402
На строке 7107   в файле   80-251875186
На строке 7108   в файле   80-248000972
На строке 7109   в файле   80-252418573
На строке 7110   в файле   80-252549420
На строке 7111   в файле   80-252550542
На строке 7112   в файле   80-251878617
На строке 7113   в файле   80-251879379
На строке 7114   в файле   80-252550657
На строке 7115   в файле   80-252551914
На строке 7116   в файле   80-251887222
На строке 7117   в файле   80-260044889
На строке 7118   в файле   80-260045194
На строке 7119   в файле   80-260046372
На строке 7120   в файле   80-260046605
На строке 7121   в файле   80-261158406
На строке 7122   в файле   80-260047116
На строке 7123   в файле   80-260047055
На строке 7124   в файле   80-260047294
На строке 7125   в файле   80-260047440
На строке 7126   в файле   80-260047797
На строке 7127   в файле   80-260047775
На строке 7128   в файле   80-260047962
На строке 7129   в файле   80-261158468
На строке 7130   в файле   80-260049046
На строке 7131   в файле   80-260049415
На строке 7132   в файле   80-260049578
На строке 7133   в файле   80-260049987
На строке 7134   в файле   80-260050359
На строке 7135   в файле   80-261158895
На строке 7136   в файле   80-260051103
На строке 7137   в файле   80-260052681
На строке 7138   в файле   80-260052815
На строке 7139   в файле   80-260053439
На строке 7140   в файле   80-260053537
На строке 7141   в файле   80-260054095
На строке 7142   в файле   80-260054218
На строке 7143   в файле   80-260054271
На строке 7144   в файле   80-260054600
На строке 7145   в файле   80-260055067
На строке 7146   в файле   80-260055277
На строке 7147   в файле   80-260055374
На строке 7148   в файле   80-260055779
На строке 7149   в файле   80-260056003
На строке 7150   в файле   80-260056403
На строке 7151   в файле   80-260056456
На строке 7152   в файле   80-260056889
На строке 7153   в файле   80-260056875
На строке 7154   в файле   80-260056876
На строке 7155   в файле   80-260057665
На строке 7156   в файле   80-260057763
На строке 7157   в файле   80-260057999
На строке 7158   в файле   80-260058132
На строке 7159   в файле   80-260058676
На строке 7160   в файле   80-261264336
На строке 7161   в файле   80-260058789
На строке 7162   в файле   80-260059151
На строке 7163   в файле   80-260059233
На строке 7164   в файле   80-260059382
На строке 7165   в файле   80-261159258
На строке 7166   в файле   80-260059874
На строке 7167   в файле   80-260060145
На строке 7168   в файле   80-260060501
На строке 7169   в файле   80-260060571
На строке 7170   в файле   80-260060675
На строке 7171   в файле   80-260061254
На строке 7172   в файле   80-261159542
На строке 7173   в файле   80-260061729
На строке 7174   в файле   80-260062148
На строке 7175   в файле   80-260062660
На строке 7176   в файле   80-260063193
На строке 7177   в файле   80-260063314
На строке 7178   в файле   80-260063559
На строке 7179   в файле   80-261159377
На строке 7180   в файле   80-260063720
На строке 7181   в файле   80-260064382
На строке 7182   в файле   80-260064698
На строке 7183   в файле   80-260064999
На строке 7184   в файле   80-260065033
На строке 7185   в файле   80-260065320
На строке 7186   в файле   80-260065284
На строке 7187   в файле   80-260065777
На строке 7188   в файле   80-260065825
На строке 7189   в файле   80-260066156
На строке 7190   в файле   80-260066200
На строке 7191   в файле   80-260066315
На строке 7192   в файле   80-261159839
На строке 7193   в файле   80-260067283
На строке 7194   в файле   80-260067638
На строке 7195   в файле   80-260068267
На строке 7196   в файле   80-260068413
На строке 7197   в файле   80-260068619
На строке 7198   в файле   80-260068755
На строке 7199   в файле   80-260069405
На строке 7200   в файле   80-260069893
На строке 7201   в файле   80-260070304
На строке 7202   в файле   80-260070713
На строке 7203   в файле   80-260070665
На строке 7204   в файле   80-260071036
На строке 7205   в файле   80-260071059
На строке 7206   в файле   80-260071575
На строке 7207   в файле   80-260072108
На строке 7208   в файле   80-260072160
На строке 7209   в файле   80-261160278
На строке 7210   в файле   80-260072839
На строке 7211   в файле   80-260072836
На строке 7212   в файле   80-260073294
На строке 7213   в файле   80-251805499
На строке 7214   в файле   80-251805809
На строке 7215   в файле   80-251805831
На строке 7216   в файле   80-247840144
На строке 7217   в файле   80-247842917
На строке 7218   в файле   80-247841113
На строке 7219   в файле   80-251806034
На строке 7220   в файле   80-247842604
На строке 7221   в файле   80-247841781
На строке 7222   в файле   80-247844285
На строке 7223   в файле   80-251806331
На строке 7224   в файле   80-251806913
На строке 7225   в файле   80-251807213
На строке 7226   в файле   80-251807360
На строке 7227   в файле   80-251807526
На строке 7228   в файле   80-252412544
На строке 7229   в файле   80-252412586
На строке 7230   в файле   80-247860471
На строке 7231   в файле   80-252413279
На строке 7232   в файле   80-247862055
На строке 7233   в файле   80-251809036
На строке 7234   в файле   80-247861970
На строке 7235   в файле   80-251809328
На строке 7236   в файле   80-247861947
На строке 7237   в файле   80-247863442
На строке 7238   в файле   80-247862804
На строке 7239   в файле   80-251809943
На строке 7240   в файле   80-247863526
На строке 7241   в файле   80-251811561
На строке 7242   в файле   80-251811571
На строке 7243   в файле   80-251811629
На строке 7244   в файле   80-251811882
На строке 7245   в файле   80-251812253
На строке 7246   в файле   80-251812223
На строке 7247   в файле   80-251812268
На строке 7248   в файле   80-247888060
На строке 7249   в файле   80-247888533
На строке 7250   в файле   80-247888646
На строке 7251   в файле   80-247888592
На строке 7252   в файле   80-251812593
На строке 7253   в файле   80-251812855
На строке 7254   в файле   80-251812845
На строке 7255   в файле   80-251812958
На строке 7256   в файле   80-251813489
На строке 7257   в файле   80-247895256
На строке 7258   в файле   80-251813850
На строке 7259   в файле   80-251814149
На строке 7260   в файле   80-251814581
На строке 7261   в файле   80-251814861
На строке 7262   в файле   80-247899926
На строке 7263   в файле   80-251814832
На строке 7264   в файле   80-247901345
На строке 7265   в файле   80-251815200
На строке 7266   в файле   80-247902057
На строке 7267   в файле   80-247902362
На строке 7268   в файле   80-251815457
На строке 7269   в файле   80-247903142
На строке 7270   в файле   80-251815454
На строке 7271   в файле   80-247904755
На строке 7272   в файле   80-247904959
На строке 7273   в файле   80-247904987
На строке 7274   в файле   80-251815453
На строке 7275   в файле   80-251815812
На строке 7276   в файле   80-247907445
На строке 7277   в файле   80-247907803
На строке 7278   в файле   80-247908486
На строке 7279   в файле   80-251816096
На строке 7280   в файле   80-247909162
На строке 7281   в файле   80-247909645
На строке 7282   в файле   80-247910151
На строке 7283   в файле   80-247910544
На строке 7284   в файле   80-247910927
На строке 7285   в файле   80-247910844
На строке 7286   в файле   80-251816770
На строке 7287   в файле   80-247914295
На строке 7288   в файле   80-247914990
На строке 7289   в файле   80-251818224
На строке 7290   в файле   80-251817856
На строке 7291   в файле   80-247916185
На строке 7292   в файле   80-251818168
На строке 7293   в файле   80-251818616
На строке 7294   в файле   80-251819209
На строке 7295   в файле   80-247917016
На строке 7296   в файле   80-247917018
На строке 7297   в файле   80-247917335
На строке 7298   в файле   80-247918223
На строке 7299   в файле   80-247918765
На строке 7300   в файле   80-247919420
На строке 7301   в файле   80-247919959
На строке 7302   в файле   80-247920803
На строке 7303   в файле   80-247921130
На строке 7304   в файле   80-247921722
На строке 7305   в файле   80-247922225
На строке 7306   в файле   80-247922901
На строке 7307   в файле   80-247923490
На строке 7308   в файле   80-247924053
На строке 7309   в файле   80-247925501
На строке 7310   в файле   80-247925295
На строке 7311   в файле   80-247925819
На строке 7312   в файле   80-247925826
На строке 7313   в файле   80-247926346
На строке 7314   в файле   80-247926475
На строке 7315   в файле   80-247926662
На строке 7316   в файле   80-251820058
На строке 7317   в файле   80-251820414
На строке 7318   в файле   80-247927925
На строке 7319   в файле   80-247929628
На строке 7320   в файле   80-247929303
На строке 7321   в файле   80-252413215
На строке 7322   в файле   80-247930104
На строке 7323   в файле   80-251820831
На строке 7324   в файле   80-247931132
На строке 7325   в файле   80-251821512
На строке 7326   в файле   80-247933677
На строке 7327   в файле   80-247933799
На строке 7328   в файле   80-251821848
На строке 7329   в файле   80-251822211
На строке 7330   в файле   80-247934718
На строке 7331   в файле   80-247934863
На строке 7332   в файле   80-247935258
На строке 7333   в файле   80-247935252
На строке 7334   в файле   80-247935976
На строке 7335   в файле   80-251823063
На строке 7336   в файле   80-247936512
На строке 7337   в файле   80-247936760
На строке 7338   в файле   80-247936979
На строке 7339   в файле   80-247937778
На строке 7340   в файле   80-247938553
На строке 7341   в файле   80-247938560
На строке 7342   в файле   80-247938833
На строке 7343   в файле   80-247939050
На строке 7344   в файле   80-247939499
На строке 7345   в файле   80-251823908
На строке 7346   в файле   80-247939500
На строке 7347   в файле   80-251824914
На строке 7348   в файле   80-247940386
На строке 7349   в файле   80-247940617
На строке 7350   в файле   80-247940676
На строке 7351   в файле   80-247940649
На строке 7352   в файле   80-252613457
На строке 7353   в файле   80-247941391
На строке 7354   в файле   80-247941145
На строке 7355   в файле   80-247941531
На строке 7356   в файле   80-247941724
На строке 7357   в файле   80-247942246
На строке 7358   в файле   80-247942236
На строке 7359   в файле   80-247942745
На строке 7360   в файле   80-247942803
На строке 7361   в файле   80-247942801
На строке 7362   в файле   80-252612051
На строке 7363   в файле   80-247943810
На строке 7364   в файле   80-251827824
На строке 7365   в файле   80-247945861
На строке 7366   в файле   80-247945839
На строке 7367   в файле   80-247946796
На строке 7368   в файле   80-247946516
На строке 7369   в файле   80-247947078
На строке 7370   в файле   80-247947372
На строке 7371   в файле   80-247947095
На строке 7372   в файле   80-247947618
На строке 7373   в файле   80-251828409
На строке 7374   в файле   80-247947700
На строке 7375   в файле   80-247947677
На строке 7376   в файле   80-251828762
На строке 7377   в файле   80-247948163
На строке 7378   в файле   80-247948245
На строке 7379   в файле   80-251829289
На строке 7380   в файле   80-251829478
На строке 7381   в файле   80-251829797
На строке 7382   в файле   80-247949395
На строке 7383   в файле   80-247949822
На строке 7384   в файле   80-247949858
На строке 7385   в файле   80-247950079
На строке 7386   в файле   80-251830288
На строке 7387   в файле   80-251830406
На строке 7388   в файле   80-247950601
На строке 7389   в файле   80-247950928
На строке 7390   в файле   80-251830755
На строке 7391   в файле   80-247951193
На строке 7392   в файле   80-251831380
На строке 7393   в файле   80-247951713
На строке 7394   в файле   80-247951940
На строке 7395   в файле   80-247952258
На строке 7396   в файле   80-247952242
На строке 7397   в файле   80-251831858
На строке 7398   в файле   80-247954057
На строке 7399   в файле   80-247955179
На строке 7400   в файле   80-251832517
На строке 7401   в файле   80-251832949
На строке 7402   в файле   80-247955727
На строке 7403   в файле   80-247955761
На строке 7404   в файле   80-247956259
На строке 7405   в файле   80-247955962
На строке 7406   в файле   80-247956763
На строке 7407   в файле   80-251833653
На строке 7408   в файле   80-247956795
На строке 7409   в файле   80-247957002
На строке 7410   в файле   80-251834921
На строке 7411   в файле   80-247957279
На строке 7412   в файле   80-247957374
На строке 7413   в файле   80-247957585
На строке 7414   в файле   80-247958010
На строке 7415   в файле   80-251834923
На строке 7416   в файле   80-247958496
На строке 7417   в файле   80-247958680
На строке 7418   в файле   80-247959278
На строке 7419   в файле   80-247959272
На строке 7420   в файле   80-247959884
На строке 7421   в файле   80-247960008
На строке 7422   в файле   80-247960664
На строке 7423   в файле   80-247960689
На строке 7424   в файле   80-251836079
На строке 7425   в файле   80-251836141
На строке 7426   в файле   80-247962170
На строке 7427   в файле   80-247961626
На строке 7428   в файле   80-247962584
На строке 7429   в файле   80-251837296
На строке 7430   в файле   80-247830608
На строке 7431   в файле   80-247829134
На строке 7432   в файле   80-251804959
На строке 7433   в файле   80-260043503
На строке 7434   в файле   80-260044054
На строке 7435   в файле   80-260044127
На строке 7436   в файле   80-259987163
На строке 7437   в файле   80-259987009
На строке 7438   в файле   80-251774971
На строке 7439   в файле   80-251775090
На строке 7440   в файле   80-247017424
На строке 7441   в файле   80-251778768
На строке 7442   в файле   80-251781006
На строке 7443   в файле   80-247045187
На строке 7444   в файле   80-247049466
На строке 7445   в файле   80-247053151
На строке 7446   в файле   80-247060895
На строке 7447   в файле   80-247067308
На строке 7448   в файле   80-259988385
На строке 7449   в файле   80-259992297
На строке 7450   в файле   80-259993670
На строке 7451   в файле   80-261152317
На строке 7452   в файле   80-259996733
На строке 7453   в файле   80-259999694
На строке 7454   в файле   80-260002194
На строке 7455   в файле   80-260002674
На строке 7456   в файле   80-260003131
На строке 7457   в файле   80-260003217
На строке 7458   в файле   80-260003571
На строке 7459   в файле   80-252543776
На строке 7460   в файле   80-251776465
На строке 7461   в файле   80-251776698
На строке 7462   в файле   80-247008500
На строке 7463   в файле   80-247009673
На строке 7464   в файле   80-247012060
На строке 7465   в файле   80-247012473
На строке 7466   в файле   80-251778094
На строке 7467   в файле   80-247015617
На строке 7468   в файле   80-247016887
На строке 7469   в файле   80-247017922
На строке 7470   в файле   80-247018540
На строке 7471   в файле   80-251779018
На строке 7472   в файле   80-251779493
На строке 7473   в файле   80-247020718
На строке 7474   в файле   80-247021860
На строке 7475   в файле   80-247022316
На строке 7476   в файле   80-247023606
На строке 7477   в файле   80-251780105
На строке 7478   в файле   80-251780402
На строке 7479   в файле   80-247029232
На строке 7480   в файле   80-251781658
На строке 7481   в файле   80-251781309
На строке 7482   в файле   80-252407501
На строке 7483   в файле   80-247036557
На строке 7484   в файле   80-247036881
На строке 7485   в файле   80-251782835
На строке 7486   в файле   80-251783321
На строке 7487   в файле   80-251784032
На строке 7488   в файле   80-251783786
На строке 7489   в файле   80-251784298
На строке 7490   в файле   80-251784843
На строке 7491   в файле   80-247045623
На строке 7492   в файле   80-247046085
На строке 7493   в файле   80-247046325
На строке 7494   в файле   80-247046513
На строке 7495   в файле   80-247046511
На строке 7496   в файле   80-251785068
На строке 7497   в файле   80-252544300
На строке 7498   в файле   80-251785339
На строке 7499   в файле   80-247048347
На строке 7500   в файле   80-247048572
На строке 7501   в файле   80-251785544
На строке 7502   в файле   80-247050727
На строке 7503   в файле   80-247050731
На строке 7504   в файле   80-247050926
На строке 7505   в файле   80-247051157
На строке 7506   в файле   80-251786776
На строке 7507   в файле   80-251787022
На строке 7508   в файле   80-247052434
На строке 7509   в файле   80-252408943
На строке 7510   в файле   80-247052728
На строке 7511   в файле   80-247052733
На строке 7512   в файле   80-247052859
На строке 7513   в файле   80-247053173
На строке 7514   в файле   80-251788255
На строке 7515   в файле   80-251788843
На строке 7516   в файле   80-251788862
На строке 7517   в файле   80-247057580
На строке 7518   в файле   80-247057227
На строке 7519   в файле   80-247057552
На строке 7520   в файле   80-251789930
На строке 7521   в файле   80-251790203
На строке 7522   в файле   80-251790392
На строке 7523   в файле   80-251790766
На строке 7524   в файле   80-247061726
На строке 7525   в файле   80-251791555
На строке 7526   в файле   80-247061543
На строке 7527   в файле   80-247062062
На строке 7528   в файле   80-247062097
На строке 7529   в файле   80-251792044
На строке 7530   в файле   80-251792010
На строке 7531   в файле   80-251792951
На строке 7532   в файле   80-251793065
На строке 7533   в файле   80-251793207
На строке 7534   в файле   80-247066695
На строке 7535   в файле   80-247067500
На строке 7536   в файле   80-247067966
На строке 7537   в файле   80-247068464
На строке 7538   в файле   80-247068523
На строке 7539   в файле   80-247068946
На строке 7540   в файле   80-247069280
На строке 7541   в файле   80-247069744
На строке 7542   в файле   80-251793927
На строке 7543   в файле   80-252544830
На строке 7544   в файле   80-247070759
На строке 7545   в файле   80-247071424
На строке 7546   в файле   80-247071391
На строке 7547   в файле   80-261150973
На строке 7548   в файле   80-259989268
На строке 7549   в файле   80-259989470
На строке 7550   в файле   80-261151474
На строке 7551   в файле   80-261150972
На строке 7552   в файле   80-259990147
На строке 7553   в файле   80-261152008
На строке 7554   в файле   80-259991327
На строке 7555   в файле   80-259991532
На строке 7556   в файле   80-259991602
На строке 7557   в файле   80-259992246
На строке 7558   в файле   80-259991995
На строке 7559   в файле   80-259992732
На строке 7560   в файле   80-259992691
На строке 7561   в файле   80-261152061
На строке 7562   в файле   80-259993124
На строке 7563   в файле   80-259993364
На строке 7564   в файле   80-259992866
На строке 7565   в файле   80-261152495
На строке 7566   в файле   80-259993338
На строке 7567   в файле   80-259993594
На строке 7568   в файле   80-259994295
На строке 7569   в файле   80-259994419
На строке 7570   в файле   80-259994437
На строке 7571   в файле   80-261152366
На строке 7572   в файле   80-259994261
На строке 7573   в файле   80-259994431
На строке 7574   в файле   80-259994859
На строке 7575   в файле   80-259994674
На строке 7576   в файле   80-261152603
На строке 7577   в файле   80-259994904
На строке 7578   в файле   80-259994666
На строке 7579   в файле   80-259994938
На строке 7580   в файле   80-259994869
На строке 7581   в файле   80-259995514
На строке 7582   в файле   80-259995151
На строке 7583   в файле   80-259995377
На строке 7584   в файле   80-259995715
На строке 7585   в файле   80-259995329
На строке 7586   в файле   80-259995551
На строке 7587   в файле   80-261152541
На строке 7588   в файле   80-261152664
На строке 7589   в файле   80-259996421
На строке 7590   в файле   80-261152788
На строке 7591   в файле   80-261263952
На строке 7592   в файле   80-259997907
На строке 7593   в файле   80-259997786
На строке 7594   в файле   80-259998431
На строке 7595   в файле   80-259999040
На строке 7596   в файле   80-261153067
На строке 7597   в файле   80-259999764
На строке 7598   в файле   80-260000235
На строке 7599   в файле   80-261153191
На строке 7600   в файле   80-260000766
На строке 7601   в файле   80-260001262
На строке 7602   в файле   80-260001411
На строке 7603   в файле   80-261153211
На строке 7604   в файле   80-260001689
На строке 7605   в файле   80-246997107
На строке 7606   в файле   80-251773612
На строке 7607   в файле   80-251774263
На строке 7608   в файле   80-259984500
На строке 7609   в файле   80-259984525
На строке 7610   в файле   80-259985502
На строке 7611   в файле   80-259988318
На строке 7612   в файле   80-259987995
На строке 7613   в файле   80-259991875
На строке 7614   в файле   80-261153613
На строке 7615   в файле   80-251779238
На строке 7616   в файле   80-251779942
На строке 7617   в файле   80-251780753
На строке 7618   в файле   80-259998226
На строке 7619   в файле   80-259999367
На строке 7620   в файле   80-246997894
На строке 7621   в файле   80-246999269
На строке 7622   в файле   80-247017428
На строке 7623   в файле   80-251783259
На строке 7624   в файле   80-247051186
На строке 7625   в файле   80-247058667
На строке 7626   в файле   80-252544840
На строке 7627   в файле   80-251791778
На строке 7628   в файле   80-247069048
На строке 7629   в файле   80-247069433
На строке 7630   в файле   80-247074868
На строке 7631   в файле   80-261153378
На строке 7632   в файле   80-260007342
На строке 7633   в файле   80-260008735
На строке 7634   в файле   80-260010859
На строке 7635   в файле   80-260012522
На строке 7636   в файле   80-260012853
На строке 7637   в файле   80-260012964
На строке 7638   в файле   80-260013194
На строке 7639   в файле   80-251774143
На строке 7640   в файле   80-251774807
На строке 7641   в файле   80-247003220
На строке 7642   в файле   80-247005495
На строке 7643   в файле   80-247006347
На строке 7644   в файле   80-247006345
На строке 7645   в файле   80-252407368
На строке 7646   в файле   80-247008495
На строке 7647   в файле   80-251776691
На строке 7648   в файле   80-247011524
На строке 7649   в файле   80-251777633
На строке 7650   в файле   80-247012957
На строке 7651   в файле   80-247015483
На строке 7652   в файле   80-251778282
На строке 7653   в файле   80-251778601
На строке 7654   в файле   80-247021166
На строке 7655   в файле   80-251779931
На строке 7656   в файле   80-247023915
На строке 7657   в файле   80-251780795
На строке 7658   в файле   80-251781276
На строке 7659   в файле   80-247029234
На строке 7660   в файле   80-247029737
На строке 7661   в файле   80-247036293
На строке 7662   в файле   80-251781449
На строке 7663   в файле   80-247036299
На строке 7664   в файле   80-247045197
На строке 7665   в файле   80-247045619
На строке 7666   в файле   80-247046088
На строке 7667   в файле   80-247046794
На строке 7668   в файле   80-247046953
На строке 7669   в файле   80-251785344
На строке 7670   в файле   80-247048603
На строке 7671   в файле   80-247048821
На строке 7672   в файле   80-247048998
На строке 7673   в файле   80-247049367
На строке 7674   в файле   80-247049213
На строке 7675   в файле   80-251785780
На строке 7676   в файле   80-251786057
На строке 7677   в файле   80-251786352
На строке 7678   в файле   80-247051109
На строке 7679   в файле   80-251786779
На строке 7680   в файле   80-247052255
На строке 7681   в файле   80-247052430
На строке 7682   в файле   80-247052556
На строке 7683   в файле   80-251787632
На строке 7684   в файле   80-247053159
На строке 7685   в файле   80-251787905
На строке 7686   в файле   80-247057027
На строке 7687   в файле   80-247057737
На строке 7688   в файле   80-252410413
На строке 7689   в файле   80-247058835
На строке 7690   в файле   80-251790747
На строке 7691   в файле   80-251790748
На строке 7692   в файле   80-251791038
На строке 7693   в файле   80-247060687
На строке 7694   в файле   80-247060338
На строке 7695   в файле   80-247061020
На строке 7696   в файле   80-251791265
На строке 7697   в файле   80-247061675
На строке 7698   в файле   80-251791247
На строке 7699   в файле   80-247062063
На строке 7700   в файле   80-251791811
На строке 7701   в файле   80-247064730
На строке 7702   в файле   80-251792556
На строке 7703   в файле   80-247065519
На строке 7704   в файле   80-247065748
На строке 7705   в файле   80-247065717
На строке 7706   в файле   80-252545090
На строке 7707   в файле   80-247067275
На строке 7708   в файле   80-251793504
На строке 7709   в файле   80-251793463
На строке 7710   в файле   80-251793684
На строке 7711   в файле   80-251794288
На строке 7712   в файле   80-247069862
На строке 7713   в файле   80-247071174
На строке 7714   в файле   80-251794884
На строке 7715   в файле   80-247071860
На строке 7716   в файле   80-247072656
На строке 7717   в файле   80-252411916
На строке 7718   в файле   80-251795727
На строке 7719   в файле   80-247073927
На строке 7720   в файле   80-247073909
На строке 7721   в файле   80-247074395
На строке 7722   в файле   80-247075442
На строке 7723   в файле   80-251796214
На строке 7724   в файле   80-251796251
На строке 7725   в файле   80-247076358
На строке 7726   в файле   80-247076034
На строке 7727   в файле   80-247076726
На строке 7728   в файле   80-247076923
На строке 7729   в файле   80-247077550
На строке 7730   в файле   80-247077580
На строке 7731   в файле   80-251796473
На строке 7732   в файле   80-247078199
На строке 7733   в файле   80-247078112
На строке 7734   в файле   80-247078450
На строке 7735   в файле   80-260002335
На строке 7736   в файле   80-260002711
На строке 7737   в файле   80-260002773
На строке 7738   в файле   80-260003138
На строке 7739   в файле   80-260003864
На строке 7740   в файле   80-261153624
На строке 7741   в файле   80-260004393
На строке 7742   в файле   80-260004592
На строке 7743   в файле   80-260004502
На строке 7744   в файле   80-260004542
На строке 7745   в файле   80-260004721
На строке 7746   в файле   80-260004946
На строке 7747   в файле   80-260005172
На строке 7748   в файле   80-261153981
На строке 7749   в файле   80-260005546
На строке 7750   в файле   80-260005700
На строке 7751   в файле   80-261154057
На строке 7752   в файле   80-260006132
На строке 7753   в файле   80-260006220
На строке 7754   в файле   80-260006703
На строке 7755   в файле   80-260006548
На строке 7756   в файле   80-260007032
На строке 7757   в файле   80-261154080
На строке 7758   в файле   80-260007512
На строке 7759   в файле   80-260007674
На строке 7760   в файле   80-261263854
На строке 7761   в файле   80-260008005
На строке 7762   в файле   80-260007950
На строке 7763   в файле   80-260008281
На строке 7764   в файле   80-260008347
На строке 7765   в файле   80-260008417
На строке 7766   в файле   80-260008661
На строке 7767   в файле   80-260008893
На строке 7768   в файле   80-260008900
На строке 7769   в файле   80-260009047
На строке 7770   в файле   80-260009223
На строке 7771   в файле   80-260009261
На строке 7772   в файле   80-260009365
На строке 7773   в файле   80-260009603
На строке 7774   в файле   80-260009677
На строке 7775   в файле   80-260010164
На строке 7776   в файле   80-260010850
На строке 7777   в файле   80-260011058
На строке 7778   в файле   80-260011231
На строке 7779   в файле   80-260011354
На строке 7780   в файле   80-260011382
На строке 7781   в файле   80-260011641
На строке 7782   в файле   80-260011678
На строке 7783   в файле   80-260011707
На строке 7784   в файле   80-260012090
На строке 7785   в файле   80-260011952
На строке 7786   в файле   80-260012194
На строке 7787   в файле   80-260012242
На строке 7788   в файле   80-260012465
На строке 7789   в файле   80-260012419
На строке 7790   в файле   80-260012817
На строке 7791   в файле   80-246995966
На строке 7792   в файле   80-251773026
На строке 7793   в файле   80-259997317
На строке 7794   в файле   80-259997243
На строке 7795   в файле   80-259997333
На строке 7796   в файле   80-261152994
На строке 7797   в файле   80-260000191
На строке 7798   в файле   80-260000335
На строке 7799   в файле   80-260000822
На строке 7800   в файле   80-260001327
На строке 7801   в файле   80-260000877
На строке 7802   в файле   80-260001811
На строке 7803   в файле   80-251784569
На строке 7804   в файле   80-260010124
На строке 7805   в файле   80-247095504
На строке 7806   в файле   80-251800065
На строке 7807   в файле   80-247097537
На строке 7808   в файле   80-247099616
На строке 7809   в файле   80-247101128
На строке 7810   в файле   80-247102601
На строке 7811   в файле   80-247105862
На строке 7812   в файле   80-251801393
На строке 7813   в файле   80-260010669
На строке 7814   в файле   80-260010860
На строке 7815   в файле   80-260011145
На строке 7816   в файле   80-247090899
На строке 7817   в файле   80-261154197
На строке 7818   в файле   80-261274372
На строке 7819   в файле   80-247864971
На строке 7820   в файле   80-247873910
На строке 7821   в файле   80-247876894
На строке 7822   в файле   80-247877965
На строке 7823   в файле   80-247878727
На строке 7824   в файле   80-260026724
На строке 7825   в файле   80-260027001
На строке 7826   в файле   80-260027028
На строке 7827   в файле   80-260027161
На строке 7828   в файле   80-260027338
На строке 7829   в файле   80-260027417
На строке 7830   в файле   80-260027638
На строке 7831   в файле   80-260027882
На строке 7832   в файле   80-247865175
На строке 7833   в файле   80-247864975
На строке 7834   в файле   80-247865871
На строке 7835   в файле   80-251809907
На строке 7836   в файле   80-247868832
На строке 7837   в файле   80-251810225
На строке 7838   в файле   80-251810455
На строке 7839   в файле   80-247870187
На строке 7840   в файле   80-247872438
На строке 7841   в файле   80-251810471
На строке 7842   в файле   80-251811010
На строке 7843   в файле   80-251809367
На строке 7844   в файле   80-261155867
На строке 7845   в файле   80-261067392
На строке 7846   в файле   80-252284452
На строке 7847   в файле   80-245069470
На строке 7848   в файле   80-245081084
На строке 7849   в файле   80-252286960
На строке 7850   в файле   80-252290426
На строке 7851   в файле   80-252510158
На строке 7852   в файле   80-252293655
На строке 7853   в файле   80-252294983
На строке 7854   в файле   80-261068085
На строке 7855   в файле   80-261068456
На строке 7856   в файле   80-261069321
На строке 7857   в файле   80-261259096
На строке 7858   в файле   80-261070877
На строке 7859   в файле   80-259577127
На строке 7860   в файле   80-261071488
На строке 7861   в файле   80-261071955
На строке 7862   в файле   80-261071330
На строке 7863   в файле   80-261072136
На строке 7864   в файле   80-249970390
На строке 7865   в файле   80-249969258
На строке 7866   в файле   80-252284460
На строке 7867   в файле   80-249969744
На строке 7868   в файле   80-245056527
На строке 7869   в файле   80-249970344
На строке 7870   в файле   80-245058192
На строке 7871   в файле   80-249971013
На строке 7872   в файле   80-252284475
На строке 7873   в файле   80-245067706
На строке 7874   в файле   80-252285231
На строке 7875   в файле   80-252285075
На строке 7876   в файле   80-252285528
На строке 7877   в файле   80-245070929
На строке 7878   в файле   80-245071789
На строке 7879   в файле   80-249976303
На строке 7880   в файле   80-249976220
На строке 7881   в файле   80-245078798
На строке 7882   в файле   80-245079353
На строке 7883   в файле   80-249977467
На строке 7884   в файле   80-245080896
На строке 7885   в файле   80-245082829
На строке 7886   в файле   80-245083656
На строке 7887   в файле   80-249979596
На строке 7888   в файле   80-249978901
На строке 7889   в файле   80-249978885
На строке 7890   в файле   80-245085881
На строке 7891   в файле   80-252286955
На строке 7892   в файле   80-249980882
На строке 7893   в файле   80-245093761
На строке 7894   в файле   80-252287448
На строке 7895   в файле   80-252287952
На строке 7896   в файле   80-252287971
На строке 7897   в файле   80-252288137
На строке 7898   в файле   80-252288635
На строке 7899   в файле   80-245110326
На строке 7900   в файле   80-245110159
На строке 7901   в файле   80-252289502
На строке 7902   в файле   80-245113158
На строке 7903   в файле   80-252596450
На строке 7904   в файле   80-245117329
На строке 7905   в файле   80-245117043
На строке 7906   в файле   80-252290487
На строке 7907   в файле   80-252290912
На строке 7908   в файле   80-245119672
На строке 7909   в файле   80-245120581
На строке 7910   в файле   80-245120572
На строке 7911   в файле   80-252290896
На строке 7912   в файле   80-252290957
На строке 7913   в файле   80-245121583
На строке 7914   в файле   80-252291926
На строке 7915   в файле   80-245132459
На строке 7916   в файле   80-245132965
На строке 7917   в файле   80-245133705
На строке 7918   в файле   80-252292369
На строке 7919   в файле   80-252292605
На строке 7920   в файле   80-252292967
На строке 7921   в файле   80-252293008
На строке 7922   в файле   80-252293430
На строке 7923   в файле   80-252293473
На строке 7924   в файле   80-245155437
На строке 7925   в файле   80-245156311
На строке 7926   в файле   80-252294066
На строке 7927   в файле   80-245157286
На строке 7928   в файле   80-245158095
На строке 7929   в файле   80-245158140
На строке 7930   в файле   80-245158491
На строке 7931   в файле   80-252294763
На строке 7932   в файле   80-252294561
На строке 7933   в файле   80-252295187
На строке 7934   в файле   80-252295849
На строке 7935   в файле   80-252295665
На строке 7936   в файле   80-245168512
На строке 7937   в файле   80-245169187
На строке 7938   в файле   80-252296111
На строке 7939   в файле   80-245169779
На строке 7940   в файле   80-252295885
На строке 7941   в файле   80-245170490
На строке 7942   в файле   80-252296075
На строке 7943   в файле   80-245171171
На строке 7944   в файле   80-259572551
На строке 7945   в файле   80-249966416
На строке 7946   в файле   80-249967403
На строке 7947   в файле   80-249967513
На строке 7948   в файле   80-249967590
На строке 7949   в файле   80-249968192
На строке 7950   в файле   80-261065881
На строке 7951   в файле   80-260021226
На строке 7952   в файле   80-247866559
На строке 7953   в файле   80-247869650
На строке 7954   в файле   80-247871115
На строке 7955   в файле   80-247871641
На строке 7956   в файле   80-251810462
На строке 7957   в файле   80-247873140
На строке 7958   в файле   80-247874007
На строке 7959   в файле   80-251809932
На строке 7960   в файле   80-260020744
На строке 7961   в файле   80-260025272
На строке 7962   в файле   80-247868188
На строке 7963   в файле   80-247869294
На строке 7964   в файле   80-247871701
На строке 7965   в файле   80-247873025
На строке 7966   в файле   80-247876188
На строке 7967   в файле   80-247877581
На строке 7968   в файле   80-251811061
На строке 7969   в файле   80-251811309
На строке 7970   в файле   80-260025613
На строке 7971   в файле   80-260026097
На строке 7972   в файле   80-260026442
На строке 7973   в файле   80-261155933
На строке 7974   в файле   80-260026569
На строке 7975   в файле   80-260026734
На строке 7976   в файле   80-247866618
На строке 7977   в файле   80-260024986
На строке 7978   в файле   80-261155550
На строке 7979   в файле   80-247868538
На строке 7980   в файле   80-247870226
На строке 7981   в файле   80-247870974
На строке 7982   в файле   80-247872479
На строке 7983   в файле   80-251810782
На строке 7984   в файле   80-247876274
На строке 7985   в файле   80-247876850
На строке 7986   в файле   80-251810997
На строке 7987   в файле   80-260024045
На строке 7988   в файле   80-260024346
На строке 7989   в файле   80-260024552
На строке 7990   в файле   80-247867731
На строке 7991   в файле   80-260023540
На строке 7992   в файле   80-260023889
На строке 7993   в файле   80-260028524
На строке 7994   в файле   80-247894410
На строке 7995   в файле   80-247895638
На строке 7996   в файле   80-247897389
На строке 7997   в файле   80-247898104
На строке 7998   в файле   80-247899175
На строке 7999   в файле   80-260028230
На строке 8000   в файле   80-260034249
На строке 8001   в файле   80-247895185
На строке 8002   в файле   80-247903165
На строке 8003   в файле   80-247909781
На строке 8004   в файле   80-247916096
На строке 8005   в файле   80-247921309
На строке 8006   в файле   80-247925905
На строке 8007   в файле   80-247929574
На строке 8008   в файле   80-247934570
На строке 8009   в файле   80-260034376
На строке 8010   в файле   80-261264226
На строке 8011   в файле   80-260034913
На строке 8012   в файле   80-260034901
На строке 8013   в файле   80-260035266
На строке 8014   в файле   80-260035305
На строке 8015   в файле   80-260035437
На строке 8016   в файле   80-260035641
На строке 8017   в файле   80-251813556
На строке 8018   в файле   80-247897728
На строке 8019   в файле   80-247897784
На строке 8020   в файле   80-247898519
На строке 8021   в файле   80-247898853
На строке 8022   в файле   80-247899923
На строке 8023   в файле   80-247900028
На строке 8024   в файле   80-247900755
На строке 8025   в файле   80-247900308
На строке 8026   в файле   80-247900642
На строке 8027   в файле   80-247901653
На строке 8028   в файле   80-247902380
На строке 8029   в файле   80-247903906
На строке 8030   в файле   80-247905031
На строке 8031   в файле   80-247904213
На строке 8032   в файле   80-247904207
На строке 8033   в файле   80-247905427
На строке 8034   в файле   80-247907076
На строке 8035   в файле   80-247907582
На строке 8036   в файле   80-247907524
На строке 8037   в файле   80-247908489
На строке 8038   в файле   80-247908945
На строке 8039   в файле   80-247910454
На строке 8040   в файле   80-251816102
На строке 8041   в файле   80-247912577
На строке 8042   в файле   80-251816768
На строке 8043   в файле   80-247912569
На строке 8044   в файле   80-251817174
На строке 8045   в файле   80-247914350
На строке 8046   в файле   80-247914031
На строке 8047   в файле   80-247914947
На строке 8048   в файле   80-247914622
На строке 8049   в файле   80-251817487
На строке 8050   в файле   80-247916459
На строке 8051   в файле   80-247917368
На строке 8052   в файле   80-247917966
На строке 8053   в файле   80-247918565
На строке 8054   в файле   80-247918822
На строке 8055   в файле   80-247919405
На строке 8056   в файле   80-247919739
На строке 8057   в файле   80-247920762
На строке 8058   в файле   80-247920513
На строке 8059   в файле   80-247921093
На строке 8060   в файле   80-247921901
На строке 8061   в файле   80-247922531
На строке 8062   в файле   80-247922823
На строке 8063   в файле   80-247923257
На строке 8064   в файле   80-247923526
На строке 8065   в файле   80-247924047
На строке 8066   в файле   80-247924094
На строке 8067   в файле   80-247924643
На строке 8068   в файле   80-247925273
На строке 8069   в файле   80-247925223
На строке 8070   в файле   80-247926105
На строке 8071   в файле   80-247926502
На строке 8072   в файле   80-247928284
На строке 8073   в файле   80-251819687
На строке 8074   в файле   80-247928188
На строке 8075   в файле   80-247928444
На строке 8076   в файле   80-251820440
На строке 8077   в файле   80-247929057
На строке 8078   в файле   80-247929044
На строке 8079   в файле   80-247929533
На строке 8080   в файле   80-247930083
На строке 8081   в файле   80-247930608
На строке 8082   в файле   80-247930414
На строке 8083   в файле   80-247931166
На строке 8084   в файле   80-251820816
На строке 8085   в файле   80-247931679
На строке 8086   в файле   80-247933124
На строке 8087   в файле   80-247933419
На строке 8088   в файле   80-247933429
На строке 8089   в файле   80-247935009
На строке 8090   в файле   80-247934861
На строке 8091   в файле   80-247935028
На строке 8092   в файле   80-251823040
На строке 8093   в файле   80-247935667
На строке 8094   в файле   80-247935984
На строке 8095   в файле   80-247935959
На строке 8096   в файле   80-247937535
На строке 8097   в файле   80-247937534
На строке 8098   в файле   80-247937240
На строке 8099   в файле   80-247938023
На строке 8100   в файле   80-247937993
На строке 8101   в файле   80-260034379
На строке 8102   в файле   80-247894460
На строке 8103   в файле   80-260033989
На строке 8104   в файле   80-247894453
На строке 8105   в файле   80-247898144
На строке 8106   в файле   80-247899178
На строке 8107   в файле   80-251814181
На строке 8108   в файле   80-247899232
На строке 8109   в файле   80-247899562
На строке 8110   в файле   80-251814860
На строке 8111   в файле   80-247900812
На строке 8112   в файле   80-247901697
На строке 8113   в файле   80-251813516
На строке 8114   в файле   80-261156387
На строке 8115   в файле   80-260030930
На строке 8116   в файле   80-247912323
На строке 8117   в файле   80-251817498
На строке 8118   в файле   80-247915262
На строке 8119   в файле   80-247916098
На строке 8120   в файле   80-247916758
На строке 8121   в файле   80-247917652
На строке 8122   в файле   80-251819392
На строке 8123   в файле   80-247920492
На строке 8124   в файле   80-260031289
На строке 8125   в файле   80-260031322
На строке 8126   в файле   80-260031956
На строке 8127   в файле   80-260032315
На строке 8128   в файле   80-259214616
На строке 8129   в файле   80-260030684
На строке 8130   в файле   80-260031015
На строке 8131   в файле   80-251818152
На строке 8132   в файле   80-247915891
На строке 8133   в файле   80-247916754
На строке 8134   в файле   80-251818955
На строке 8135   в файле   80-247917933
На строке 8136   в файле   80-247919458
На строке 8137   в файле   80-251818966
На строке 8138   в файле   80-247921949
На строке 8139   в файле   80-260031447
На строке 8140   в файле   80-260031628
На строке 8141   в файле   80-260031978
На строке 8142   в файле   80-247912578
На строке 8143   в файле   80-260030964
На строке 8144   в файле   80-260036028
На строке 8145   в файле   80-247933815
На строке 8146   в файле   80-247936503
На строке 8147   в файле   80-251824011
На строке 8148   в файле   80-247939030
На строке 8149   в файле   80-247939522
На строке 8150   в файле   80-247939579
На строке 8151   в файле   80-251824254
На строке 8152   в файле   80-251824909
На строке 8153   в файле   80-251824976
На строке 8154   в файле   80-260036265
На строке 8155   в файле   80-260036575
На строке 8156   в файле   80-261156837
На строке 8157   в файле   80-260037214
На строке 8158   в файле   80-260037212
На строке 8159   в файле   80-260037591
На строке 8160   в файле   80-260037608
На строке 8161   в файле   80-260037763
На строке 8162   в файле   80-247933755
На строке 8163   в файле   80-251822272
На строке 8164   в файле   80-251822621
На строке 8165   в файле   80-247935511
На строке 8166   в файле   80-247935528
На строке 8167   в файле   80-247936196
На строке 8168   в файле   80-247936508
На строке 8169   в файле   80-247936981
На строке 8170   в файле   80-247937592
На строке 8171   в файле   80-251823812
На строке 8172   в файле   80-247938548
На строке 8173   в файле   80-260036192
На строке 8174   в файле   80-247934616
На строке 8175   в файле   80-260032831
На строке 8176   в файле   80-247931450
На строке 8177   в файле   80-251821523
На строке 8178   в файле   80-247933368
На строке 8179   в файле   80-251821559
На строке 8180   в файле   80-247934603
На строке 8181   в файле   80-251822241
На строке 8182   в файле   80-251823131
На строке 8183   в файле   80-247930741
На строке 8184   в файле   80-261156553
На строке 8185   в файле   80-260036620
На строке 8186   в файле   80-247941861
На строке 8187   в файле   80-252613779
На строке 8188   в файле   80-247942235
На строке 8189   в файле   80-247942494
На строке 8190   в файле   80-247943308
На строке 8191   в файле   80-247943324
На строке 8192   в файле   80-251827418
На строке 8193   в файле   80-247940922
На строке 8194   в файле   80-260036393
На строке 8195   в файле   80-260040057
На строке 8196   в файле   80-251826891
На строке 8197   в файле   80-251827370
На строке 8198   в файле   80-247945264
На строке 8199   в файле   80-247945540
На строке 8200   в файле   80-247946113
На строке 8201   в файле   80-247946027
На строке 8202   в файле   80-247946515
На строке 8203   в файле   80-247943055
На строке 8204   в файле   80-260039972
На строке 8205   в файле   80-247943530
На строке 8206   в файле   80-251827358
На строке 8207   в файле   80-247945019
На строке 8208   в файле   80-247945314
На строке 8209   в файле   80-251828315
На строке 8210   в файле   80-247946526
На строке 8211   в файле   80-247947043
На строке 8212   в файле   80-247943351
На строке 8213   в файле   80-260038200
На строке 8214   в файле   80-260040923
На строке 8215   в файле   80-247950378
На строке 8216   в файле   80-247950913
На строке 8217   в файле   80-247951413
На строке 8218   в файле   80-247951688
На строке 8219   в файле   80-247952498
На строке 8220   в файле   80-251832459
На строке 8221   в файле   80-247954812
На строке 8222   в файле   80-247949827
На строке 8223   в файле   80-260040865
На строке 8224   в файле   80-260040851
На строке 8225   в файле   80-247950371
На строке 8226   в файле   80-247951144
На строке 8227   в файле   80-247951425
На строке 8228   в файле   80-251831325
На строке 8229   в файле   80-247952456
На строке 8230   в файле   80-247953722
На строке 8231   в файле   80-247954655
На строке 8232   в файле   80-251830240
На строке 8233   в файле   80-261157086
На строке 8234   в файле   80-261124416
На строке 8235   в файле   80-251645916
На строке 8236   в файле   80-246834571
На строке 8237   в файле   80-251653382
На строке 8238   в файле   80-251657565
На строке 8239   в файле   80-246855523
На строке 8240   в файле   80-251675269
На строке 8241   в файле   80-246857518
На строке 8242   в файле   80-246858100
На строке 8243   в файле   80-261261941
На строке 8244   в файле   80-261261958
На строке 8245   в файле   80-259889017
На строке 8246   в файле   80-261125371
На строке 8247   в файле   80-261126003
На строке 8248   в файле   80-261126598
На строке 8249   в файле   80-261262081
На строке 8250   в файле   80-261126909
На строке 8251   в файле   80-261127172
На строке 8252   в файле   80-261127407
На строке 8253   в файле   80-252383378
На строке 8254   в файле   80-251647277
На строке 8255   в файле   80-251647268
На строке 8256   в файле   80-252383548
На строке 8257   в файле   80-246832944
На строке 8258   в файле   80-246833328
На строке 8259   в файле   80-252536068
На строке 8260   в файле   80-252536490
На строке 8261   в файле   80-252383935
На строке 8262   в файле   80-246833935
На строке 8263   в файле   80-251650461
На строке 8264   в файле   80-252384654
На строке 8265   в файле   80-246834864
На строке 8266   в файле   80-246835531
На строке 8267   в файле   80-252385437
На строке 8268   в файле   80-246836118
На строке 8269   в файле   80-246836472
На строке 8270   в файле   80-252385816
На строке 8271   в файле   80-252537008
На строке 8272   в файле   80-252386531
На строке 8273   в файле   80-246837979
На строке 8274   в файле   80-246838543
На строке 8275   в файле   80-251654060
На строке 8276   в файле   80-251654079
На строке 8277   в файле   80-246839064
На строке 8278   в файле   80-251655887
На строке 8279   в файле   80-252387369
На строке 8280   в файле   80-251655062
На строке 8281   в файле   80-252386973
На строке 8282   в файле   80-246841295
На строке 8283   в файле   80-252537446
На строке 8284   в файле   80-251660063
На строке 8285   в файле   80-251660927
На строке 8286   в файле   80-246844777
На строке 8287   в файле   80-246846190
На строке 8288   в файле   80-252390215
На строке 8289   в файле   80-251668336
На строке 8290   в файле   80-251669103
На строке 8291   в файле   80-251669866
На строке 8292   в файле   80-251672217
На строке 8293   в файле   80-251672953
На строке 8294   в файле   80-246830147
На строке 8295   в файле   80-261273721
На строке 8296   в файле   80-260083943
На строке 8297   в файле   80-248118960
На строке 8298   в файле   80-251946201
На строке 8299   в файле   80-248128238
На строке 8300   в файле   80-248132146
На строке 8301   в файле   80-248135530
На строке 8302   в файле   80-248135868
На строке 8303   в файле   80-248136080
На строке 8304   в файле   80-248135883
На строке 8305   в файле   80-261161248
На строке 8306   в файле   80-261161558
На строке 8307   в файле   80-260084085
На строке 8308   в файле   80-260084348
На строке 8309   в файле   80-260084437
На строке 8310   в файле   80-260084617
На строке 8311   в файле   80-260084517
На строке 8312   в файле   80-260084708
На строке 8313   в файле   80-260084877
На строке 8314   в файле   80-260085046
На строке 8315   в файле   80-251944331
На строке 8316   в файле   80-251945024
На строке 8317   в файле   80-248120314
На строке 8318   в файле   80-248120633
На строке 8319   в файле   80-248121383
На строке 8320   в файле   80-248122045
На строке 8321   в файле   80-251945059
На строке 8322   в файле   80-248122276
На строке 8323   в файле   80-251945713
На строке 8324   в файле   80-248122637
На строке 8325   в файле   80-251947233
На строке 8326   в файле   80-248125217
На строке 8327   в файле   80-251948108
На строке 8328   в файле   80-251948172
На строке 8329   в файле   80-248127044
На строке 8330   в файле   80-248127067
На строке 8331   в файле   80-248127071
На строке 8332   в файле   80-248127612
На строке 8333   в файле   80-248127616
На строке 8334   в файле   80-248127674
На строке 8335   в файле   80-248128563
На строке 8336   в файле   80-248128920
На строке 8337   в файле   80-248129505
На строке 8338   в файле   80-248129957
На строке 8339   в файле   80-248130058
На строке 8340   в файле   80-248130294
На строке 8341   в файле   80-248130663
На строке 8342   в файле   80-248130628
На строке 8343   в файле   80-248131009
На строке 8344   в файле   80-248131553
На строке 8345   в файле   80-248132345
На строке 8346   в файле   80-252432679
На строке 8347   в файле   80-251949749
На строке 8348   в файле   80-251950280
На строке 8349   в файле   80-248133809
На строке 8350   в файле   80-248134071
На строке 8351   в файле   80-248134659
На строке 8352   в файле   80-248134763
На строке 8353   в файле   80-248134783
На строке 8354   в файле   80-251951189
На строке 8355   в файле   80-248135241
На строке 8356   в файле   80-248117859
На строке 8357   в файле   80-248118295
На строке 8358   в файле   80-260083952
На строке 8359   в файле   80-260081415
На строке 8360   в файле   80-251941223
На строке 8361   в файле   80-251944332
На строке 8362   в файле   80-248123391
На строке 8363   в файле   80-248128212
На строке 8364   в файле   80-248131757
На строке 8365   в файле   80-248134088
На строке 8366   в файле   80-248134065
На строке 8367   в файле   80-248134670
На строке 8368   в файле   80-260081671
На строке 8369   в файле   80-260081719
На строке 8370   в файле   80-260081799
На строке 8371   в файле   80-260081929
На строке 8372   в файле   80-260081990
На строке 8373   в файле   80-260081819
На строке 8374   в файле   80-260082006
На строке 8375   в файле   80-260082026
На строке 8376   в файле   80-260082134
На строке 8377   в файле   80-260082266
На строке 8378   в файле   80-248115991
На строке 8379   в файле   80-248115919
На строке 8380   в файле   80-248117044
На строке 8381   в файле   80-248116735
На строке 8382   в файле   80-248117022
На строке 8383   в файле   80-248117591
На строке 8384   в файле   80-248117516
На строке 8385   в файле   80-248118552
На строке 8386   в файле   80-248118591
На строке 8387   в файле   80-251944389
На строке 8388   в файле   80-248120645
На строке 8389   в файле   80-248121041
На строке 8390   в файле   80-248121379
На строке 8391   в файле   80-248122012
На строке 8392   в файле   80-248122059
На строке 8393   в файле   80-251945634
На строке 8394   в файле   80-251945640
На строке 8395   в файле   80-251946357
На строке 8396   в файле   80-248123433
На строке 8397   в файле   80-251947150
На строке 8398   в файле   80-248124843
На строке 8399   в файле   80-248125148
На строке 8400   в файле   80-248125297
На строке 8401   в файле   80-248125430
На строке 8402   в файле   80-251947491
На строке 8403   в файле   80-251948325
На строке 8404   в файле   80-252432637
На строке 8405   в файле   80-248127087
На строке 8406   в файле   80-248127718
На строке 8407   в файле   80-248128248
На строке 8408   в файле   80-248129103
На строке 8409   в файле   80-248128846
На строке 8410   в файле   80-248129370
На строке 8411   в файле   80-248129466
На строке 8412   в файле   80-248129692
На строке 8413   в файле   80-248130878
На строке 8414   в файле   80-248130859
На строке 8415   в файле   80-248131159
На строке 8416   в файле   80-248131204
На строке 8417   в файле   80-248132383
На строке 8418   в файле   80-251941227
На строке 8419   в файле   80-260081034
На строке 8420   в файле   80-260083818
На строке 8421   в файле   80-251885682
На строке 8422   в файле   80-248068071
На строке 8423   в файле   80-248076411
На строке 8424   в файле   80-248081495
На строке 8425   в файле   80-248085941
На строке 8426   в файле   80-251926946
На строке 8427   в файле   80-251931230
На строке 8428   в файле   80-251933695
На строке 8429   в файле   80-260084033
На строке 8430   в файле   80-260084917
На строке 8431   в файле   80-260086066
На строке 8432   в файле   80-260086782
На строке 8433   в файле   80-260087952
На строке 8434   в файле   80-260088311
На строке 8435   в файле   80-260089294
На строке 8436   в файле   80-260089948
На строке 8437   в файле   80-260090973
На строке 8438   в файле   80-260091810
На строке 8439   в файле   80-251886431
На строке 8440   в файле   80-248016490
На строке 8441   в файле   80-248027844
На строке 8442   в файле   80-248037378
На строке 8443   в файле   80-248043456
На строке 8444   в файле   80-252423893
На строке 8445   в файле   80-248051593
На строке 8446   в файле   80-248056659
На строке 8447   в файле   80-248064278
На строке 8448   в файле   80-252427142
На строке 8449   в файле   80-251906288
На строке 8450   в файле   80-251907175
На строке 8451   в файле   80-248071374
На строке 8452   в файле   80-248072786
На строке 8453   в файле   80-251908552
На строке 8454   в файле   80-251909046
На строке 8455   в файле   80-248073423
На строке 8456   в файле   80-251910827
На строке 8457   в файле   80-248075581
На строке 8458   в файле   80-251912085
На строке 8459   в файле   80-251913823
На строке 8460   в файле   80-251914611
На строке 8461   в файле   80-248077164
На строке 8462   в файле   80-251915687
На строке 8463   в файле   80-248078115
На строке 8464   в файле   80-251916496
На строке 8465   в файле   80-248078804
На строке 8466   в файле   80-251917205
На строке 8467   в файле   80-248078820
На строке 8468   в файле   80-248079757
На строке 8469   в файле   80-251917826
На строке 8470   в файле   80-248083226
На строке 8471   в файле   80-252428494
На строке 8472   в файле   80-252430061
На строке 8473   в файле   80-252429873
На строке 8474   в файле   80-251922706
На строке 8475   в файле   80-251922501
На строке 8476   в файле   80-251922598
На строке 8477   в файле   80-251924140
На строке 8478   в файле   80-251924134
На строке 8479   в файле   80-248086465
На строке 8480   в файле   80-248086429
На строке 8481   в файле   80-248086687
На строке 8482   в файле   80-251925153
На строке 8483   в файле   80-251926373
На строке 8484   в файле   80-248088250
На строке 8485   в файле   80-251925192
На строке 8486   в файле   80-248090470
На строке 8487   в файле   80-251925734
На строке 8488   в файле   80-252430130
На строке 8489   в файле   80-248091014
На строке 8490   в файле   80-251927683
На строке 8491   в файле   80-251928968
На строке 8492   в файле   80-248091700
На строке 8493   в файле   80-248092639
На строке 8494   в файле   80-248093242
На строке 8495   в файле   80-248093859
На строке 8496   в файле   80-251930263
На строке 8497   в файле   80-251930603
На строке 8498   в файле   80-251931096
На строке 8499   в файле   80-251932236
На строке 8500   в файле   80-251931569
На строке 8501   в файле   80-248095392
На строке 8502   в файле   80-248096266
На строке 8503   в файле   80-248095696
На строке 8504   в файле   80-252554814
На строке 8505   в файле   80-248097097
На строке 8506   в файле   80-248098661
На строке 8507   в файле   80-251932628
На строке 8508   в файле   80-248098554
На строке 8509   в файле   80-248101794
На строке 8510   в файле   80-251934593
На строке 8511   в файле   80-248102553
На строке 8512   в файле   80-251935692
На строке 8513   в файле   80-251934092
На строке 8514   в файле   80-248105939
На строке 8515   в файле   80-248105883
На строке 8516   в файле   80-248105887
На строке 8517   в файле   80-248106472
На строке 8518   в файле   80-248107529
На строке 8519   в файле   80-260084263
На строке 8520   в файле   80-260084318
На строке 8521   в файле   80-260084250
На строке 8522   в файле   80-260084358
На строке 8523   в файле   80-260084614
На строке 8524   в файле   80-260084650
На строке 8525   в файле   80-260084696
На строке 8526   в файле   80-261161282
На строке 8527   в файле   80-260084777
На строке 8528   в файле   80-260085019
На строке 8529   в файле   80-261161432
На строке 8530   в файле   80-260085170
На строке 8531   в файле   80-260085350
На строке 8532   в файле   80-260085472
На строке 8533   в файле   80-260085364
На строке 8534   в файле   80-261161448
На строке 8535   в файле   80-260085511
На строке 8536   в файле   80-260085657
На строке 8537   в файле   80-260085781
На строке 8538   в файле   80-260086227
На строке 8539   в файле   80-260086098
На строке 8540   в файле   80-260085986
На строке 8541   в файле   80-260086308
На строке 8542   в файле   80-260086055
На строке 8543   в файле   80-261161699
На строке 8544   в файле   80-260086329
На строке 8545   в файле   80-261161703
На строке 8546   в файле   80-260086665
На строке 8547   в файле   80-260086651
На строке 8548   в файле   80-260086632
На строке 8549   в файле   80-260087084
На строке 8550   в файле   80-260086968
На строке 8551   в файле   80-260087184
На строке 8552   в файле   80-261264584
На строке 8553   в файле   80-260087325
На строке 8554   в файле   80-260087542
На строке 8555   в файле   80-260087429
На строке 8556   в файле   80-260087637
На строке 8557   в файле   80-261161726
На строке 8558   в файле   80-260087900
На строке 8559   в файле   80-261161858
На строке 8560   в файле   80-260087868
На строке 8561   в файле   80-260088051
На строке 8562   в файле   80-260088007
На строке 8563   в файле   80-260088131
На строке 8564   в файле   80-261161890
На строке 8565   в файле   80-260088070
На строке 8566   в файле   80-260088119
На строке 8567   в файле   80-260088284
На строке 8568   в файле   80-260088236
На строке 8569   в файле   80-260088433
На строке 8570   в файле   80-260088754
На строке 8571   в файле   80-260088783
На строке 8572   в файле   80-260089065
На строке 8573   в файле   80-260089022
На строке 8574   в файле   80-260089040
На строке 8575   в файле   80-260089046
На строке 8576   в файле   80-260089106
На строке 8577   в файле   80-260089179
На строке 8578   в файле   80-260089375
На строке 8579   в файле   80-260089381
На строке 8580   в файле   80-260089664
На строке 8581   в файле   80-260089538
На строке 8582   в файле   80-260089637
На строке 8583   в файле   80-260089700
На строке 8584   в файле   80-260089842
На строке 8585   в файле   80-260089861
На строке 8586   в файле   80-260089867
На строке 8587   в файле   80-260089930
На строке 8588   в файле   80-260089963
На строке 8589   в файле   80-260090149
На строке 8590   в файле   80-260090176
На строке 8591   в файле   80-260090181
На строке 8592   в файле   80-260090402
На строке 8593   в файле   80-260090425
На строке 8594   в файле   80-260090430
На строке 8595   в файле   80-260090652
На строке 8596   в файле   80-260090666
На строке 8597   в файле   80-260090739
На строке 8598   в файле   80-260091032
На строке 8599   в файле   80-260091057
На строке 8600   в файле   80-261162002
На строке 8601   в файле   80-260091181
На строке 8602   в файле   80-260091380
На строке 8603   в файле   80-260091285
На строке 8604   в файле   80-260091455
На строке 8605   в файле   80-260091640
На строке 8606   в файле   80-261162375
На строке 8607   в файле   80-260091775
На строке 8608   в файле   80-260091893
На строке 8609   в файле   80-260091974
На строке 8610   в файле   80-261162376
На строке 8611   в файле   80-260092094
На строке 8612   в файле   80-260091965
На строке 8613   в файле   80-260092018
На строке 8614   в файле   80-260092143
На строке 8615   в файле   80-261264792
На строке 8616   в файле   80-260092196
На строке 8617   в файле   80-260092354
На строке 8618   в файле   80-260092464
На строке 8619   в файле   80-251889037
На строке 8620   в файле   80-251889707
На строке 8621   в файле   80-251890115
На строке 8622   в файле   80-248008814
На строке 8623   в файле   80-252615089
На строке 8624   в файле   80-251892641
На строке 8625   в файле   80-251893193
На строке 8626   в файле   80-248014614
На строке 8627   в файле   80-248014784
На строке 8628   в файле   80-251893700
На строке 8629   в файле   80-248018229
На строке 8630   в файле   80-248018343
На строке 8631   в файле   80-252652082
На строке 8632   в файле   80-248019133
На строке 8633   в файле   80-248021723
На строке 8634   в файле   80-248022334
На строке 8635   в файле   80-248022749
На строке 8636   в файле   80-251894820
На строке 8637   в файле   80-252552563
На строке 8638   в файле   80-248027788
На строке 8639   в файле   80-248028665
На строке 8640   в файле   80-248030055
На строке 8641   в файле   80-252553310
На строке 8642   в файле   80-252421817
На строке 8643   в файле   80-248030649
На строке 8644   в файле   80-248032028
На строке 8645   в файле   80-248032105
На строке 8646   в файле   80-248033575
На строке 8647   в файле   80-248035017
На строке 8648   в файле   80-248035390
На строке 8649   в файле   80-248037421
На строке 8650   в файле   80-248038783
На строке 8651   в файле   80-248040086
На строке 8652   в файле   80-248040252
На строке 8653   в файле   80-248041537
На строке 8654   в файле   80-248040855
На строке 8655   в файле   80-248041466
На строке 8656   в файле   80-248042257
На строке 8657   в файле   80-248042864
На строке 8658   в файле   80-248042873
На строке 8659   в файле   80-248044165
На строке 8660   в файле   80-248044282
На строке 8661   в файле   80-252423932
На строке 8662   в файле   80-248045458
На строке 8663   в файле   80-248045493
На строке 8664   в файле   80-248045450
На строке 8665   в файле   80-248046178
На строке 8666   в файле   80-248045085
На строке 8667   в файле   80-248047027
На строке 8668   в файле   80-248046788
На строке 8669   в файле   80-248046947
На строке 8670   в файле   80-251897487
На строке 8671   в файле   80-251898022
На строке 8672   в файле   80-252424147
На строке 8673   в файле   80-248049391
На строке 8674   в файле   80-248050099
На строке 8675   в файле   80-248050108
На строке 8676   в файле   80-248050190
На строке 8677   в файле   80-248051567
На строке 8678   в файле   80-248051417
На строке 8679   в файле   80-248052215
На строке 8680   в файле   80-248052751
На строке 8681   в файле   80-251898550
На строке 8682   в файле   80-248053941
На строке 8683   в файле   80-248054605
На строке 8684   в файле   80-248053949
На строке 8685   в файле   80-248055236
На строке 8686   в файле   80-252615841
На строке 8687   в файле   80-251898591
На строке 8688   в файле   80-248056706
На строке 8689   в файле   80-248058211
На строке 8690   в файле   80-248057209
На строке 8691   в файле   80-252553300
На строке 8692   в файле   80-248058822
На строке 8693   в файле   80-248059332
На строке 8694   в файле   80-251900346
На строке 8695   в файле   80-252554282
На строке 8696   в файле   80-248059976
На строке 8697   в файле   80-251900787
На строке 8698   в файле   80-252425781
На строке 8699   в файле   80-248064388
На строке 8700   в файле   80-252426490
На строке 8701   в файле   80-248065778
На строке 8702   в файле   80-252425817
На строке 8703   в файле   80-251902767
На строке 8704   в файле   80-247984804
На строке 8705   в файле   80-247991253
На строке 8706   в файле   80-247992781
На строке 8707   в файле   80-247993269
На строке 8708   в файле   80-247993358
На строке 8709   в файле   80-247964927
На строке 8710   в файле   80-247965837
На строке 8711   в файле   80-247967957
На строке 8712   в файле   80-247970399
На строке 8713   в файле   80-247970400
На строке 8714   в файле   80-247971966
На строке 8715   в файле   80-247972887
На строке 8716   в файле   80-247973655
На строке 8717   в файле   80-247974457
На строке 8718   в файле   80-247975395
На строке 8719   в файле   80-247976359
На строке 8720   в файле   80-247980413
На строке 8721   в файле   80-247981236
На строке 8722   в файле   80-247984905
На строке 8723   в файле   80-247985321
На строке 8724   в файле   80-247992184
На строке 8725   в файле   80-247995521
На строке 8726   в файле   80-247998607
На строке 8727   в файле   80-247961350
На строке 8728   в файле   80-247962816
На строке 8729   в файле   80-247979876
На строке 8730   в файле   80-247982389
На строке 8731   в файле   80-247958386
На строке 8732   в файле   80-247997321
На строке 8733   в файле   80-247963109
На строке 8734   в файле   80-247964002
На строке 8735   в файле   80-247964355
На строке 8736   в файле   80-247964677
На строке 8737   в файле   80-247965875
На строке 8738   в файле   80-247968963
На строке 8739   в файле   80-247961988
На строке 8740   в файле   80-247962216
На строке 8741   в файле   80-251850545
На строке 8742   в файле   80-251851381
На строке 8743   в файле   80-251859604
На строке 8744   в файле   80-251861870
На строке 8745   в файле   80-251866270
На строке 8746   в файле   80-251866995
На строке 8747   в файле   80-251867565
На строке 8748   в файле   80-251871005
На строке 8749   в файле   80-251873762
На строке 8750   в файле   80-251875238
На строке 8751   в файле   80-251879427
На строке 8752   в файле   80-251844158
На строке 8753   в файле   80-251860316
На строке 8754   в файле   80-251838074
На строке 8755   в файле   80-251839409
На строке 8756   в файле   80-251848646
На строке 8757   в файле   80-251848679
На строке 8758   в файле   80-251849307
На строке 8759   в файле   80-251860408
На строке 8760   в файле   80-251861063
На строке 8761   в файле   80-251868263
На строке 8762   в файле   80-251869427
На строке 8763   в файле   80-251851862
На строке 8764   в файле   80-252415206
На строке 8765   в файле   80-252416656
На строке 8766   в файле   80-252549974
На строке 8767   в файле   80-252550100
На строке 8768   в файле   80-261161019
На строке 8769   в файле   80-260043659
На строке 8770   в файле   80-251832436
На строке 8771   в файле   80-251834153
На строке 8772   в файле   80-251836008
На строке 8773   в файле   80-247965877
На строке 8774   в файле   80-247976399
На строке 8775   в файле   80-251854750
На строке 8776   в файле   80-252548591
На строке 8777   в файле   80-247991293
На строке 8778   в файле   80-260043737
На строке 8779   в файле   80-260044109
На строке 8780   в файле   80-260044265
На строке 8781   в файле   80-260044533
На строке 8782   в файле   80-261157634
На строке 8783   в файле   80-261157988
На строке 8784   в файле   80-261157879
На строке 8785   в файле   80-260045525
На строке 8786   в файле   80-261264434
На строке 8787   в файле   80-260046228
На строке 8788   в файле   80-247954006
На строке 8789   в файле   80-247954056
На строке 8790   в файле   80-247954911
На строке 8791   в файле   80-247955261
На строке 8792   в файле   80-247955436
На строке 8793   в файле   80-247955691
На строке 8794   в файле   80-247956292
На строке 8795   в файле   80-247956344
На строке 8796   в файле   80-247956542
На строке 8797   в файле   80-251833612
На строке 8798   в файле   80-251834794
На строке 8799   в файле   80-247957287
На строке 8800   в файле   80-247957824
На строке 8801   в файле   80-247957874
На строке 8802   в файле   80-247958118
На строке 8803   в файле   80-247958721
На строке 8804   в файле   80-247959440
На строке 8805   в файле   80-247959092
На строке 8806   в файле   80-251835425
На строке 8807   в файле   80-247960676
На строке 8808   в файле   80-247960986
На строке 8809   в файле   80-247961279
На строке 8810   в файле   80-247961275
На строке 8811   в файле   80-247961944
На строке 8812   в файле   80-251836743
На строке 8813   в файле   80-247962758
На строке 8814   в файле   80-247963389
На строке 8815   в файле   80-247964652
На строке 8816   в файле   80-247965243
На строке 8817   в файле   80-247965871
На строке 8818   в файле   80-247966575
На строке 8819   в файле   80-247967878
На строке 8820   в файле   80-247968960
На строке 8821   в файле   80-247970416
На строке 8822   в файле   80-247971200
На строке 8823   в файле   80-247971954
На строке 8824   в файле   80-247972846
На строке 8825   в файле   80-247973632
На строке 8826   в файле   80-247974408
На строке 8827   в файле   80-251842861
На строке 8828   в файле   80-247979422
На строке 8829   в файле   80-251842841
На строке 8830   в файле   80-247979926
На строке 8831   в файле   80-247980890
На строке 8832   в файле   80-251847939
На строке 8833   в файле   80-251851197
На строке 8834   в файле   80-251852531
На строке 8835   в файле   80-251852591
На строке 8836   в файле   80-251854014
На строке 8837   в файле   80-251856014
На строке 8838   в файле   80-247988290
На строке 8839   в файле   80-247988885
На строке 8840   в файле   80-247989356
На строке 8841   в файле   80-247989882
На строке 8842   в файле   80-251856755
На строке 8843   в файле   80-247951939
На строке 8844   в файле   80-251831482
На строке 8845   в файле   80-260042654
На строке 8846   в файле   80-259776613
На строке 8847   в файле   80-251324657
На строке 8848   в файле   80-245474260
На строке 8849   в файле   80-259775369
На строке 8850   в файле   80-259775499
На строке 8851   в файле   80-259776660
На строке 8852   в файле   80-261111144
На строке 8853   в файле   80-259776662
На строке 8854   в файле   80-259777144
На строке 8855   в файле   80-261110740
На строке 8856   в файле   80-261111121
На строке 8857   в файле   80-252326647
На строке 8858   в файле   80-261111867
На строке 8859   в файле   80-251326129
На строке 8860   в файле   80-251326514
На строке 8861   в файле   80-251327290
На строке 8862   в файле   80-251327653
На строке 8863   в файле   80-252327111
На строке 8864   в файле   80-261111778
На строке 8865   в файле   80-261111885
На строке 8866   в файле   80-261112547
На строке 8867   в файле   80-261261023
На строке 8868   в файле   80-261112585
На строке 8869   в файле   80-251326473
На строке 8870   в файле   80-259789215
На строке 8871   в файле   80-261112244
На строке 8872   в файле   80-252326854
На строке 8873   в файле   80-251328436
На строке 8874   в файле   80-260771954
На строке 8875   в файле   80-249914918
На строке 8876   в файле   80-244600838
На строке 8877   в файле   80-244603828
На строке 8878   в файле   80-249916509
На строке 8879   в файле   80-249916621
На строке 8880   в файле   80-244605806
На строке 8881   в файле   80-244605947
На строке 8882   в файле   80-244606482
На строке 8883   в файле   80-260772198
На строке 8884   в файле   80-260772301
На строке 8885   в файле   80-261275952
На строке 8886   в файле   80-260772542
На строке 8887   в файле   80-260772306
На строке 8888   в файле   80-260772536
На строке 8889   в файле   80-260772869
На строке 8890   в файле   80-260772882
На строке 8891   в файле   80-260772635
На строке 8892   в файле   80-260773171
На строке 8893   в файле   80-260773196
На строке 8894   в файле   80-244596799
На строке 8895   в файле   80-244597455
На строке 8896   в файле   80-244597634
На строке 8897   в файле   80-244598901
На строке 8898   в файле   80-244599025
На строке 8899   в файле   80-249915545
На строке 8900   в файле   80-249915637
На строке 8901   в файле   80-244599943
На строке 8902   в файле   80-244599763
На строке 8903   в файле   80-244600544
На строке 8904   в файле   80-244601138
На строке 8905   в файле   80-244601615
На строке 8906   в файле   80-249915997
На строке 8907   в файле   80-244602382
На строке 8908   в файле   80-244602534
На строке 8909   в файле   80-249915995
На строке 8910   в файле   80-249916227
На строке 8911   в файле   80-244603490
На строке 8912   в файле   80-244603325
На строке 8913   в файле   80-249916367
На строке 8914   в файле   80-244604461
На строке 8915   в файле   80-249916409
На строке 8916   в файле   80-244594040
На строке 8917   в файле   80-244594382
На строке 8918   в файле   80-244594904
На строке 8919   в файле   80-244595004
На строке 8920   в файле   80-244596024
На строке 8921   в файле   80-244594625
На строке 8922   в файле   80-244595181
На строке 8923   в файле   80-260772056
На строке 8924   в файле   80-261114945
На строке 8925   в файле   80-252332692
На строке 8926   в файле   80-259208952
На строке 8927   в файле   80-245518565
На строке 8928   в файле   80-259209591
На строке 8929   в файле   80-245518921
На строке 8930   в файле   80-261115233
На строке 8931   в файле   80-259173309
На строке 8932   в файле   80-259813052
На строке 8933   в файле   80-259813393
На строке 8934   в файле   80-261115425
На строке 8935   в файле   80-261261154
На строке 8936   в файле   80-245519998
На строке 8937   в файле   80-251356087
На строке 8938   в файле   80-251355684
На строке 8939   в файле   80-251356330
На строке 8940   в файле   80-261273505
На строке 8941   в файле   80-261260948
На строке 8942   в файле   80-259164473
На строке 8943   в файле   80-245481586
На строке 8944   в файле   80-261261045
На строке 8945   в файле   80-259802445
На строке 8946   в файле   80-261113942
На строке 8947   в файле   80-252327884
На строке 8948   в файле   80-259802103
На строке 8949   в файле   80-261114715
На строке 8950   в файле   80-251334891
На строке 8951   в файле   80-251334826
На строке 8952   в файле   80-261114631
На строке 8953   в файле   80-259810572
На строке 8954   в файле   80-245508641
На строке 8955   в файле   80-251342404
На строке 8956   в файле   80-259810264
На строке 8957   в файле   80-259810624
На строке 8958   в файле   80-259810839
На строке 8959   в файле   80-245508514
На строке 8960   в файле   80-251342010
На строке 8961   в файле   80-259810590
На строке 8962   в файле   80-259811443
На строке 8963   в файле   80-259811444
На строке 8964   в файле   80-245508639
На строке 8965   в файле   80-251343031
На строке 8966   в файле   80-261114853
На строке 8967   в файле   80-261115342
На строке 8968   в файле   80-245508416
На строке 8969   в файле   80-245508421
На строке 8970   в файле   80-261114572
На строке 8971   в файле   80-259811463
На строке 8972   в файле   80-245517142
На строке 8973   в файле   80-251349299
На строке 8974   в файле   80-251350106
На строке 8975   в файле   80-259811756
На строке 8976   в файле   80-245517408
На строке 8977   в файле   80-245518478
На строке 8978   в файле   80-251351405
На строке 8979   в файле   80-259811440
На строке 8980   в файле   80-259811445
На строке 8981   в файле   80-245516634
На строке 8982   в файле   80-245516869
На строке 8983   в файле   80-252332689
На строке 8984   в файле   80-251349524
На строке 8985   в файле   80-251349525
На строке 8986   в файле   80-251350723
На строке 8987   в файле   80-251350753
На строке 8988   в файле   80-245518278
На строке 8989   в файле   80-260044249
На строке 8990   в файле   80-247963413
На строке 8991   в файле   80-247985373
На строке 8992   в файле   80-247993910
На строке 8993   в файле   80-252551976
На строке 8994   в файле   80-252614300
На строке 8995   в файле   80-248015771
На строке 8996   в файле   80-248030015
На строке 8997   в файле   80-248035824
На строке 8998   в файле   80-261264303
На строке 8999   в файле   80-260047455
На строке 9000   в файле   80-260049860
На строке 9001   в файле   80-260055219
На строке 9002   в файле   80-260057770
На строке 9003   в файле   80-260060238
На строке 9004   в файле   80-260062593
На строке 9005   в файле   80-260066525
На строке 9006   в файле   80-260071435
На строке 9007   в файле   80-247964054
На строке 9008   в файле   80-247979964
На строке 9009   в файле   80-251843542
На строке 9010   в файле   80-247981298
На строке 9011   в файле   80-252547907
На строке 9012   в файле   80-252416693
На строке 9013   в файле   80-251848542
На строке 9014   в файле   80-247982765
На строке 9015   в файле   80-251850074
На строке 9016   в файле   80-247983849
На строке 9017   в файле   80-251855379
На строке 9018   в файле   80-251853888
На строке 9019   в файле   80-251856724
На строке 9020   в файле   80-247990389
На строке 9021   в файле   80-247990388
На строке 9022   в файле   80-251858788
На строке 9023   в файле   80-247991670
На строке 9024   в файле   80-252418107
На строке 9025   в файле   80-247992870
На строке 9026   в файле   80-251865533
На строке 9027   в файле   80-251867749
На строке 9028   в файле   80-251869262
На строке 9029   в файле   80-247996254
На строке 9030   в файле   80-247997301
На строке 9031   в файле   80-251871741
На строке 9032   в файле   80-251874698
На строке 9033   в файле   80-247999498
На строке 9034   в файле   80-248002291
На строке 9035   в файле   80-248002300
На строке 9036   в файле   80-248003087
На строке 9037   в файле   80-248003764
На строке 9038   в файле   80-251884415
На строке 9039   в файле   80-251884315
На строке 9040   в файле   80-251885922
На строке 9041   в файле   80-248004633
На строке 9042   в файле   80-251888340
На строке 9043   в файле   80-251888488
На строке 9044   в файле   80-251887211
На строке 9045   в файле   80-251889474
На строке 9046   в файле   80-248006338
На строке 9047   в файле   80-251890796
На строке 9048   в файле   80-248008617
На строке 9049   в файле   80-248008081
На строке 9050   в файле   80-251891370
На строке 9051   в файле   80-251891928
На строке 9052   в файле   80-251892652
На строке 9053   в файле   80-248013856
На строке 9054   в файле   80-248014639
На строке 9055   в файле   80-248014857
На строке 9056   в файле   80-248016508
На строке 9057   в файле   80-248018302
На строке 9058   в файле   80-248019907
На строке 9059   в файле   80-248020700
На строке 9060   в файле   80-248021759
На строке 9061   в файле   80-252552646
На строке 9062   в файле   80-248021536
На строке 9063   в файле   80-248023289
На строке 9064   в файле   80-251894789
На строке 9065   в файле   80-248027040
На строке 9066   в файле   80-248027772
На строке 9067   в файле   80-248030034
На строке 9068   в файле   80-248031506
На строке 9069   в файле   80-248031543
На строке 9070   в файле   80-248033098
На строке 9071   в файле   80-248033564
На строке 9072   в файле   80-248033188
На строке 9073   в файле   80-248034458
На строке 9074   в файле   80-248035221
На строке 9075   в файле   80-248035048
На строке 9076   в файле   80-248035951
На строке 9077   в файле   80-248036487
На строке 9078   в файле   80-252422546
На строке 9079   в файле   80-248037321
На строке 9080   в файле   80-248038803
На строке 9081   в файле   80-248038768
На строке 9082   в файле   80-252422611
На строке 9083   в файле   80-248040177
На строке 9084   в файле   80-248040062
На строке 9085   в файле   80-248041611
На строке 9086   в файле   80-252423939
На строке 9087   в файле   80-260044840
На строке 9088   в файле   80-260045023
На строке 9089   в файле   80-260045279
На строке 9090   в файле   80-260045281
На строке 9091   в файле   80-261157996
На строке 9092   в файле   80-261157873
На строке 9093   в файле   80-260046227
На строке 9094   в файле   80-260046646
На строке 9095   в файле   80-260046956
На строке 9096   в файле   80-260047124
На строке 9097   в файле   80-260047450
На строке 9098   в файле   80-260047800
На строке 9099   в файле   80-260048293
На строке 9100   в файле   80-260048296
На строке 9101   в файле   80-260048678
На строке 9102   в файле   80-260048840
На строке 9103   в файле   80-260049045
На строке 9104   в файле   80-260049112
На строке 9105   в файле   80-260049448
На строке 9106   в файле   80-260049462
На строке 9107   в файле   80-260049999
На строке 9108   в файле   80-260050246
На строке 9109   в файле   80-260050693
На строке 9110   в файле   80-260050736
На строке 9111   в файле   80-261158680
На строке 9112   в файле   80-260052626
На строке 9113   в файле   80-260052959
На строке 9114   в файле   80-260053144
На строке 9115   в файле   80-260053279
На строке 9116   в файле   80-260053503
На строке 9117   в файле   80-260053840
На строке 9118   в файле   80-260054265
На строке 9119   в файле   80-260054546
На строке 9120   в файле   80-260054669
На строке 9121   в файле   80-260055282
На строке 9122   в файле   80-260055581
На строке 9123   в файле   80-260055632
На строке 9124   в файле   80-260055918
На строке 9125   в файле   80-261159118
На строке 9126   в файле   80-260056369
На строке 9127   в файле   80-260056510
На строке 9128   в файле   80-260056818
На строке 9129   в файле   80-260057332
На строке 9130   в файле   80-260057300
На строке 9131   в файле   80-261158862
На строке 9132   в файле   80-260058006
На строке 9133   в файле   80-260058326
На строке 9134   в файле   80-260058439
На строке 9135   в файле   80-260058876
На строке 9136   в файле   80-260059265
На строке 9137   в файле   80-260059494
На строке 9138   в файле   80-260059631
На строке 9139   в файле   80-260059789
На строке 9140   в файле   80-260060177
На строке 9141   в файле   80-260060539
На строке 9142   в файле   80-260060921
На строке 9143   в файле   80-260061015
На строке 9144   в файле   80-260061325
На строке 9145   в файле   80-260061463
На строке 9146   в файле   80-260061398
На строке 9147   в файле   80-260061930
На строке 9148   в файле   80-260061940
На строке 9149   в файле   80-260061925
На строке 9150   в файле   80-260062103
На строке 9151   в файле   80-260062738
На строке 9152   в файле   80-260062685
На строке 9153   в файле   80-260062934
На строке 9154   в файле   80-260063808
На строке 9155   в файле   80-260064291
На строке 9156   в файле   80-260064590
На строке 9157   в файле   80-260064054
На строке 9158   в файле   80-260065171
На строке 9159   в файле   80-260065806
На строке 9160   в файле   80-261159794
На строке 9161   в файле   80-260065948
На строке 9162   в файле   80-261264561
На строке 9163   в файле   80-260066476
На строке 9164   в файле   80-260067034
На строке 9165   в файле   80-260067672
На строке 9166   в файле   80-260068028
На строке 9167   в файле   80-260068031
На строке 9168   в файле   80-260068275
На строке 9169   в файле   80-260068984
На строке 9170   в файле   80-260068939
На строке 9171   в файле   80-260069297
На строке 9172   в файле   80-260069768
На строке 9173   в файле   80-260070272
На строке 9174   в файле   80-260070674
На строке 9175   в файле   80-260071186
На строке 9176   в файле   80-260071593
На строке 9177   в файле   80-260071797
На строке 9178   в файле   80-260072154
На строке 9179   в файле   80-260072309
На строке 9180   в файле   80-260072765
На строке 9181   в файле   80-260072893
На строке 9182   в файле   80-260072744
На строке 9183   в файле   80-260073149
На строке 9184   в файле   80-260073120
На строке 9185   в файле   80-260073755
На строке 9186   в файле   80-260073602
На строке 9187   в файле   80-260074545
На строке 9188   в файле   80-260074539
На строке 9189   в файле   80-260074556
На строке 9190   в файле   80-260074971
На строке 9191   в файле   80-260075045
На строке 9192   в файле   80-260075367
На строке 9193   в файле   80-261264546
На строке 9194   в файле   80-260075777
На строке 9195   в файле   80-251838601
На строке 9196   в файле   80-247967228
На строке 9197   в файле   80-247967276
На строке 9198   в файле   80-247966551
На строке 9199   в файле   80-251839274
На строке 9200   в файле   80-247967946
На строке 9201   в файле   80-247967251
На строке 9202   в файле   80-247968976
На строке 9203   в файле   80-251838903
На строке 9204   в файле   80-247969708
На строке 9205   в файле   80-251839902
На строке 9206   в файле   80-247971184
На строке 9207   в файле   80-247972058
На строке 9208   в файле   80-247973708
На строке 9209   в файле   80-251840553
На строке 9210   в файле   80-252413947
На строке 9211   в файле   80-247975251
На строке 9212   в файле   80-247976620
На строке 9213   в файле   80-251843203
На строке 9214   в файле   80-247962505
На строке 9215   в файле   80-260043855
На строке 9216   в файле   80-260049048
На строке 9217   в файле   80-261158399
На строке 9218   в файле   80-261158681
На строке 9219   в файле   80-247971982
На строке 9220   в файле   80-247985314
На строке 9221   в файле   80-251860228
На строке 9222   в файле   80-248002998
На строке 9223   в файле   80-251888513
На строке 9224   в файле   80-248018102
На строке 9225   в файле   80-248027783
На строке 9226   в файле   80-248036715
На строке 9227   в файле   80-260050437
На строке 9228   в файле   80-260053707
На строке 9229   в файле   80-260057202
На строке 9230   в файле   80-260060638
На строке 9231   в файле   80-260064113
На строке 9232   в файле   80-261159765
На строке 9233   в файле   80-260069398
На строке 9234   в файле   80-260071789
На строке 9235   в файле   80-260074139
На строке 9236   в файле   80-260075783
На строке 9237   в файле   80-247973217
На строке 9238   в файле   80-247974418
На строке 9239   в файле   80-247974869
На строке 9240   в файле   80-247977287
На строке 9241   в файле   80-247979974
На строке 9242   в файле   80-247980398
На строке 9243   в файле   80-247980895
На строке 9244   в файле   80-252414524
На строке 9245   в файле   80-252548083
На строке 9246   в файле   80-252613460
На строке 9247   в файле   80-247984392
На строке 9248   в файле   80-247984432
На строке 9249   в файле   80-252614241
На строке 9250   в файле   80-247985868
На строке 9251   в файле   80-251853988
На строке 9252   в файле   80-251852617
На строке 9253   в файле   80-251855322
На строке 9254   в файле   80-251856911
На строке 9255   в файле   80-247988958
На строке 9256   в файле   80-251858796
На строке 9257   в файле   80-251857380
На строке 9258   в файле   80-247990122
На строке 9259   в файле   80-247990366
На строке 9260   в файле   80-251858288
На строке 9261   в файле   80-247992170
На строке 9262   в файле   80-247993905
На строке 9263   в файле   80-251866244
На строке 9264   в файле   80-251866178
На строке 9265   в файле   80-247996114
На строке 9266   в файле   80-251871071
На строке 9267   в файле   80-251872386
На строке 9268   в файле   80-251872431
На строке 9269   в файле   80-251873881
На строке 9270   в файле   80-247999587
На строке 9271   в файле   80-248000877
На строке 9272   в файле   80-247999417
На строке 9273   в файле   80-248000984
На строке 9274   в файле   80-248000902
На строке 9275   в файле   80-251879843
На строке 9276   в файле   80-251880747
На строке 9277   в файле   80-251880238
На строке 9278   в файле   80-251880767
На строке 9279   в файле   80-251884258
На строке 9280   в файле   80-251883727
На строке 9281   в файле   80-252551407
На строке 9282   в файле   80-251885029
На строке 9283   в файле   80-251885927
На строке 9284   в файле   80-251887105
На строке 9285   в файле   80-251887864
На строке 9286   в файле   80-248007095
На строке 9287   в файле   80-251890745
На строке 9288   в файле   80-251890317
На строке 9289   в файле   80-251891306
На строке 9290   в файле   80-251891948
На строке 9291   в файле   80-248014826
На строке 9292   в файле   80-248016386
На строке 9293   в файле   80-248016281
На строке 9294   в файле   80-248016436
На строке 9295   в файле   80-251893197
На строке 9296   в файле   80-251893697
На строке 9297   в файле   80-248020021
На строке 9298   в файле   80-248019109
На строке 9299   в файле   80-248020107
На строке 9300   в файле   80-248020911
На строке 9301   в файле   80-251894326
На строке 9302   в файле   80-248022262
На строке 9303   в файле   80-251894256
На строке 9304   в файле   80-252552066
На строке 9305   в файле   80-248027948
На строке 9306   в файле   80-248030048
На строке 9307   в файле   80-248030045
На строке 9308   в файле   80-248031397
На строке 9309   в файле   80-248031420
На строке 9310   в файле   80-248032937
На строке 9311   в файле   80-251895707
На строке 9312   в файле   80-248033804
На строке 9313   в файле   80-252422557
На строке 9314   в файле   80-248036649
На строке 9315   в файле   80-248038786
На строке 9316   в файле   80-248038790
На строке 9317   в файле   80-248040345
На строке 9318   в файле   80-251896481
На строке 9319   в файле   80-248042867
На строке 9320   в файле   80-248042943
На строке 9321   в файле   80-248042780
На строке 9322   в файле   80-248044140
На строке 9323   в файле   80-248044205
На строке 9324   в файле   80-248044254
На строке 9325   в файле   80-261158874
На строке 9326   в файле   80-260052704
На строке 9327   в файле   80-260052900
На строке 9328   в файле   80-260053099
На строке 9329   в файле   80-260053877
На строке 9330   в файле   80-260054134
На строке 9331   в файле   80-260054295
На строке 9332   в файле   80-260054774
На строке 9333   в файле   80-260054927
На строке 9334   в файле   80-260055633
На строке 9335   в файле   80-260056011
На строке 9336   в файле   80-260056144
На строке 9337   в файле   80-260056375
На строке 9338   в файле   80-260056816
На строке 9339   в файле   80-260057306
На строке 9340   в файле   80-260057679
На строке 9341   в файле   80-260058011
На строке 9342   в файле   80-260058210
На строке 9343   в файле   80-260058774
На строке 9344   в файле   80-260059029
На строке 9345   в файле   80-260059298
На строке 9346   в файле   80-260059364
На строке 9347   в файле   80-260059776
На строке 9348   в файле   80-261159301
На строке 9349   в файле   80-260060995
На строке 9350   в файле   80-260061270
На строке 9351   в файле   80-260061543
На строке 9352   в файле   80-260061681
На строке 9353   в файле   80-260062037
На строке 9354   в файле   80-260062305
На строке 9355   в файле   80-260062352
На строке 9356   в файле   80-260063009
На строке 9357   в файле   80-260063449
На строке 9358   в файле   80-260063991
На строке 9359   в файле   80-260064330
На строке 9360   в файле   80-260064373
На строке 9361   в файле   80-260064612
На строке 9362   в файле   80-260064725
На строке 9363   в файле   80-260064723
На строке 9364   в файле   80-260065125
На строке 9365   в файле   80-260064913
На строке 9366   в файле   80-260065484
На строке 9367   в файле   80-261159718
На строке 9368   в файле   80-260066150
На строке 9369   в файле   80-260066852
На строке 9370   в файле   80-260067521
На строке 9371   в файле   80-261160137
На строке 9372   в файле   80-260068026
На строке 9373   в файле   80-261160122
На строке 9374   в файле   80-260068388
На строке 9375   в файле   80-260068645
На строке 9376   в файле   80-260068801
На строке 9377   в файле   80-260069318
На строке 9378   в файле   80-260069255
На строке 9379   в файле   80-260069850
На строке 9380   в файле   80-260069907
На строке 9381   в файле   80-260069824
На строке 9382   в файле   80-260070166
На строке 9383   в файле   80-260070634
На строке 9384   в файле   80-260071009
На строке 9385   в файле   80-261160138
На строке 9386   в файле   80-260071389
На строке 9387   в файле   80-260071437
На строке 9388   в файле   80-261159949
На строке 9389   в файле   80-260071938
На строке 9390   в файле   80-260071762
На строке 9391   в файле   80-260071903
На строке 9392   в файле   80-261160197
На строке 9393   в файле   80-260072509
На строке 9394   в файле   80-260072505
На строке 9395   в файле   80-260073246
На строке 9396   в файле   80-260073222
На строке 9397   в файле   80-260073490
На строке 9398   в файле   80-260073537
На строке 9399   в файле   80-260074020
На строке 9400   в файле   80-260074110
На строке 9401   в файле   80-260074535
На строке 9402   в файле   80-260074468
На строке 9403   в файле   80-260074900
На строке 9404   в файле   80-260074904
На строке 9405   в файле   80-260075233
На строке 9406   в файле   80-260075430
На строке 9407   в файле   80-260075416
На строке 9408   в файле   80-260075687
На строке 9409   в файле   80-260075827
На строке 9410   в файле   80-247969733
На строке 9411   в файле   80-260048733
На строке 9412   в файле   80-248041485
На строке 9413   в файле   80-252423392
На строке 9414   в файле   80-260046239
На строке 9415   в файле   80-248039355
На строке 9416   в файле   80-260770372
На строке 9417   в файле   80-249915538
На строке 9418   в файле   80-244599522
На строке 9419   в файле   80-249915773
На строке 9420   в файле   80-244600205
На строке 9421   в файле   80-249915764
На строке 9422   в файле   80-249915784
На строке 9423   в файле   80-244601443
На строке 9424   в файле   80-252233995
На строке 9425   в файле   80-259226955
На строке 9426   в файле   80-260063627
На строке 9427   в файле   80-260064051
На строке 9428   в файле   80-248046790
На строке 9429   в файле   80-248055253
На строке 9430   в файле   80-251901221
На строке 9431   в файле   80-252427857
На строке 9432   в файле   80-251911638
На строке 9433   в файле   80-251917218
На строке 9434   в файле   80-248081288
На строке 9435   в файле   80-251918235
На строке 9436   в файле   80-260064136
На строке 9437   в файле   80-260064443
На строке 9438   в файле   80-260065483
На строке 9439   в файле   80-260065699
На строке 9440   в файле   80-260065935
На строке 9441   в файле   80-260066677
На строке 9442   в файле   80-260067193
На строке 9443   в файле   80-260067501
На строке 9444   в файле   80-260067908
На строке 9445   в файле   80-260067856
На строке 9446   в файле   80-251898029
На строке 9447   в файле   80-248050087
На строке 9448   в файле   80-248050131
На строке 9449   в файле   80-248050820
На строке 9450   в файле   80-248051431
На строке 9451   в файле   80-248051426
На строке 9452   в файле   80-251898940
На строке 9453   в файле   80-248052882
На строке 9454   в файле   80-248052864
На строке 9455   в файле   80-248054564
На строке 9456   в файле   80-248055193
На строке 9457   в файле   80-248056680
На строке 9458   в файле   80-248055876
На строке 9459   в файле   80-248056558
На строке 9460   в файле   80-248057337
На строке 9461   в файле   80-248058066
На строке 9462   в файле   80-248058591
На строке 9463   в файле   80-248058638
На строке 9464   в файле   80-252554065
На строке 9465   в файле   80-248060284
На строке 9466   в файле   80-248063462
На строке 9467   в файле   80-248064459
На строке 9468   в файле   80-248065790
На строке 9469   в файле   80-248065917
На строке 9470   в файле   80-248065822
На строке 9471   в файле   80-252427118
На строке 9472   в файле   80-251901702
На строке 9473   в файле   80-251902626
На строке 9474   в файле   80-252427094
На строке 9475   в файле   80-251903416
На строке 9476   в файле   80-248067904
На строке 9477   в файле   80-248069646
На строке 9478   в файле   80-248069759
На строке 9479   в файле   80-248069685
На строке 9480   в файле   80-248071192
На строке 9481   в файле   80-248071250
На строке 9482   в файле   80-251906930
На строке 9483   в файле   80-251908225
На строке 9484   в файле   80-251908868
На строке 9485   в файле   80-251910391
На строке 9486   в файле   80-248074704
На строке 9487   в файле   80-251911599
На строке 9488   в файле   80-252428586
На строке 9489   в файле   80-252428482
На строке 9490   в файле   80-248076532
На строке 9491   в файле   80-251916909
На строке 9492   в файле   80-248077963
На строке 9493   в файле   80-248045552
На строке 9494   в файле   80-248046780
На строке 9495   в файле   80-260063389
На строке 9496   в файле   80-260062695
На строке 9497   в файле   80-248060140
На строке 9498   в файле   80-248073456
На строке 9499   в файле   80-248079728
На строке 9500   в файле   80-251921901
На строке 9501   в файле   80-248087359
На строке 9502   в файле   80-251928331
На строке 9503   в файле   80-248094631
На строке 9504   в файле   80-251933199
На строке 9505   в файле   80-260077339
На строке 9506   в файле   80-260077942
На строке 9507   в файле   80-260077967
На строке 9508   в файле   80-260078068
На строке 9509   в файле   80-260078218
На строке 9510   в файле   80-260078379
На строке 9511   в файле   80-260078534
На строке 9512   в файле   80-261160571
На строке 9513   в файле   80-261160638
На строке 9514   в файле   80-261264564
На строке 9515   в файле   80-252425052
На строке 9516   в файле   80-248060112
На строке 9517   в файле   80-251900768
На строке 9518   в файле   80-248064271
На строке 9519   в файле   80-248065091
На строке 9520   в файле   80-252425912
На строке 9521   в файле   80-252425785
На строке 9522   в файле   80-248066601
На строке 9523   в файле   80-248067258
На строке 9524   в файле   80-248067318
На строке 9525   в файле   80-248069781
На строке 9526   в файле   80-251906994
На строке 9527   в файле   80-252427191
На строке 9528   в файле   80-248071296
На строке 9529   в файле   80-248071198
На строке 9530   в файле   80-251907720
На строке 9531   в файле   80-251909465
На строке 9532   в файле   80-251910117
На строке 9533   в файле   80-251910405
На строке 9534   в файле   80-251911603
На строке 9535   в файле   80-251915846
На строке 9536   в файле   80-251914494
На строке 9537   в файле   80-252428488
На строке 9538   в файле   80-251914452
На строке 9539   в файле   80-251915836
На строке 9540   в файле   80-248077950
На строке 9541   в файле   80-248078922
На строке 9542   в файле   80-248079797
На строке 9543   в файле   80-248080381
На строке 9544   в файле   80-248080512
На строке 9545   в файле   80-248081179
На строке 9546   в файле   80-248081985
На строке 9547   в файле   80-251918499
На строке 9548   в файле   80-248082761
На строке 9549   в файле   80-251918511
На строке 9550   в файле   80-251919093
На строке 9551   в файле   80-252429276
На строке 9552   в файле   80-251923238
На строке 9553   в файле   80-248084048
На строке 9554   в файле   80-248085152
На строке 9555   в файле   80-248084870
На строке 9556   в файле   80-248084805
На строке 9557   в файле   80-248085739
На строке 9558   в файле   80-252429841
На строке 9559   в файле   80-251924154
На строке 9560   в файле   80-248087481
На строке 9561   в файле   80-248087529
На строке 9562   в файле   80-248088223
На строке 9563   в файле   80-248089047
На строке 9564   в файле   80-248088904
На строке 9565   в файле   80-248088980
На строке 9566   в файле   80-251926386
На строке 9567   в файле   80-251925739
На строке 9568   в файле   80-251927012
На строке 9569   в файле   80-251927701
На строке 9570   в файле   80-251928187
На строке 9571   в файле   80-248091006
На строке 9572   в файле   80-252554699
На строке 9573   в файле   80-251929672
На строке 9574   в файле   80-251928840
На строке 9575   в файле   80-248092461
На строке 9576   в файле   80-248092691
На строке 9577   в файле   80-251930174
На строке 9578   в файле   80-251929650
На строке 9579   в файле   80-248093206
На строке 9580   в файле   80-248094718
На строке 9581   в файле   80-251930574
На строке 9582   в файле   80-251931567
На строке 9583   в файле   80-251932220
На строке 9584   в файле   80-248096329
На строке 9585   в файле   80-248095639
На строке 9586   в файле   80-248095384
На строке 9587   в файле   80-248097063
На строке 9588   в файле   80-248098110
На строке 9589   в файле   80-248097232
На строке 9590   в файле   80-248097940
На строке 9591   в файле   80-248097780
На строке 9592   в файле   80-251933677
На строке 9593   в файле   80-251933171
На строке 9594   в файле   80-251934179
На строке 9595   в файле   80-248102447
На строке 9596   в файле   80-248102490
На строке 9597   в файле   80-251934612
На строке 9598   в файле   80-252431425
На строке 9599   в файле   80-251935529
На строке 9600   в файле   80-251932744
На строке 9601   в файле   80-248105937
На строке 9602   в файле   80-260077383
На строке 9603   в файле   80-260077494
На строке 9604   в файле   80-260077536
На строке 9605   в файле   80-260077608
На строке 9606   в файле   80-260077783
На строке 9607   в файле   80-248053955
На строке 9608   в файле   80-248054601
На строке 9609   в файле   80-248058762
На строке 9610   в файле   80-251898951
На строке 9611   в файле   80-251899846
На строке 9612   в файле   80-252553366
На строке 9613   в файле   80-252554739
На строке 9614   в файле   80-260075981
На строке 9615   в файле   80-260077053
На строке 9616   в файле   80-260077232
На строке 9617   в файле   80-260078252
На строке 9618   в файле   80-260157779
На строке 9619   в файле   80-248191673
На строке 9620   в файле   80-250559842
На строке 9621   в файле   80-250665342
На строке 9622   в файле   80-252024737
На строке 9623   в файле   80-250794344
На строке 9624   в файле   80-250804810
На строке 9625   в файле   80-250816001
На строке 9626   в файле   80-250823559
На строке 9627   в файле   80-260157743
На строке 9628   в файле   80-261266036
На строке 9629   в файле   80-260160779
На строке 9630   в файле   80-260162227
На строке 9631   в файле   80-260164066
На строке 9632   в файле   80-260166340
На строке 9633   в файле   80-260170667
На строке 9634   в файле   80-260173267
На строке 9635   в файле   80-260174961
На строке 9636   в файле   80-260177692
На строке 9637   в файле   80-248191662
На строке 9638   в файле   80-248193790
На строке 9639   в файле   80-248198588
На строке 9640   в файле   80-248207258
На строке 9641   в файле   80-248227571
На строке 9642   в файле   80-251983518
На строке 9643   в файле   80-248262985
На строке 9644   в файле   80-251988303
На строке 9645   в файле   80-250538840
На строке 9646   в файле   80-251993043
На строке 9647   в файле   80-251995803
На строке 9648   в файле   80-250576808
На строке 9649   в файле   80-251998217
На строке 9650   в файле   80-251999308
На строке 9651   в файле   80-252001698
На строке 9652   в файле   80-252006016
На строке 9653   в файле   80-248772053
На строке 9654   в файле   80-248777434
На строке 9655   в файле   80-250654553
На строке 9656   в файле   80-250661217
На строке 9657   в файле   80-250666007
На строке 9658   в файле   80-250668668
На строке 9659   в файле   80-250673483
На строке 9660   в файле   80-250677848
На строке 9661   в файле   80-252018522
На строке 9662   в файле   80-250686061
На строке 9663   в файле   80-250689559
На строке 9664   в файле   80-252021749
На строке 9665   в файле   80-252022463
На строке 9666   в файле   80-250706952
На строке 9667   в файле   80-250714331
На строке 9668   в файле   80-252026030
На строке 9669   в файле   80-252027058
На строке 9670   в файле   80-250736343
На строке 9671   в файле   80-250751188
На строке 9672   в файле   80-250765161
На строке 9673   в файле   80-250776474
На строке 9674   в файле   80-250789331
На строке 9675   в файле   80-250792391
На строке 9676   в файле   80-250793669
На строке 9677   в файле   80-250794945
На строке 9678   в файле   80-252456964
На строке 9679   в файле   80-250796139
На строке 9680   в файле   80-252035385
На строке 9681   в файле   80-250797974
На строке 9682   в файле   80-252035603
На строке 9683   в файле   80-250799486
На строке 9684   в файле   80-250802563
На строке 9685   в файле   80-252036030
На строке 9686   в файле   80-250803771
На строке 9687   в файле   80-250804803
На строке 9688   в файле   80-250805494
На строке 9689   в файле   80-252036446
На строке 9690   в файле   80-252036790
На строке 9691   в файле   80-250808854
На строке 9692   в файле   80-250810204
На строке 9693   в файле   80-250811678
На строке 9694   в файле   80-250811748
На строке 9695   в файле   80-250812833
На строке 9696   в файле   80-250813903
На строке 9697   в файле   80-252564039
На строке 9698   в файле   80-250818187
На строке 9699   в файле   80-252038454
На строке 9700   в файле   80-250819505
На строке 9701   в файле   80-250820490
На строке 9702   в файле   80-250820026
На строке 9703   в файле   80-252038786
На строке 9704   в файле   80-250822369
На строке 9705   в файле   80-250822733
На строке 9706   в файле   80-252038964
На строке 9707   в файле   80-252039230
На строке 9708   в файле   80-250825655
На строке 9709   в файле   80-250826525
На строке 9710   в файле   80-252039564
На строке 9711   в файле   80-250827788
На строке 9712   в файле   80-252039633
На строке 9713   в файле   80-252564335
На строке 9714   в файле   80-250828557
На строке 9715   в файле   80-250829312
На строке 9716   в файле   80-250830055
На строке 9717   в файле   80-260157887
На строке 9718   в файле   80-260157862
На строке 9719   в файле   80-260158067
На строке 9720   в файле   80-260158168
На строке 9721   в файле   80-260158159
На строке 9722   в файле   80-260158306
На строке 9723   в файле   80-260158517
На строке 9724   в файле   80-260158579
На строке 9725   в файле   80-260158867
На строке 9726   в файле   80-260159086
На строке 9727   в файле   80-260159381
На строке 9728   в файле   80-260159475
На строке 9729   в файле   80-260159704
На строке 9730   в файле   80-260159834
На строке 9731   в файле   80-260159798
На строке 9732   в файле   80-261172747
На строке 9733   в файле   80-260160157
На строке 9734   в файле   80-260160357
На строке 9735   в файле   80-260160306
На строке 9736   в файле   80-260160674
На строке 9737   в файле   80-260161028
На строке 9738   в файле   80-260160946
На строке 9739   в файле   80-260161279
На строке 9740   в файле   80-260161309
На строке 9741   в файле   80-260161408
На строке 9742   в файле   80-260161634
На строке 9743   в файле   80-260161626
На строке 9744   в файле   80-261173031
На строке 9745   в файле   80-260161768
На строке 9746   в файле   80-260162056
На строке 9747   в файле   80-260162312
На строке 9748   в файле   80-261173005
На строке 9749   в файле   80-260162830
На строке 9750   в файле   80-260162681
На строке 9751   в файле   80-260162853
На строке 9752   в файле   80-260163160
На строке 9753   в файле   80-260163416
На строке 9754   в файле   80-260163441
На строке 9755   в файле   80-260163471
На строке 9756   в файле   80-260163765
На строке 9757   в файле   80-260164373
На строке 9758   в файле   80-260164475
На строке 9759   в файле   80-260164821
На строке 9760   в файле   80-260165140
На строке 9761   в файле   80-260165309
На строке 9762   в файле   80-260165577
На строке 9763   в файле   80-260165594
На строке 9764   в файле   80-260165947
На строке 9765   в файле   80-260165987
На строке 9766   в файле   80-260166257
На строке 9767   в файле   80-260166693
На строке 9768   в файле   80-260166703
На строке 9769   в файле   80-260167163
На строке 9770   в файле   80-260167639
На строке 9771   в файле   80-260167953
На строке 9772   в файле   80-260168510
На строке 9773   в файле   80-260168798
На строке 9774   в файле   80-260169857
На строке 9775   в файле   80-260170167
На строке 9776   в файле   80-260170398
На строке 9777   в файле   80-260170932
На строке 9778   в файле   80-260171186
На строке 9779   в файле   80-260171827
На строке 9780   в файле   80-260171762
На строке 9781   в файле   80-260171611
На строке 9782   в файле   80-260172617
На строке 9783   в файле   80-260172450
На строке 9784   в файле   80-260172571
На строке 9785   в файле   80-260173425
На строке 9786   в файле   80-260173585
На строке 9787   в файле   80-260173249
На строке 9788   в файле   80-260173350
На строке 9789   в файле   80-260173283
На строке 9790   в файле   80-261266013
На строке 9791   в файле   80-260174305
На строке 9792   в файле   80-260173945
На строке 9793   в файле   80-260174014
На строке 9794   в файле   80-260174137
На строке 9795   в файле   80-260173979
На строке 9796   в файле   80-260174681
На строке 9797   в файле   80-260175135
На строке 9798   в файле   80-260175522
На строке 9799   в файле   80-260175412
На строке 9800   в файле   80-260176194
На строке 9801   в файле   80-260176515
На строке 9802   в файле   80-260176551
На строке 9803   в файле   80-260176833
На строке 9804   в файле   80-260176970
На строке 9805   в файле   80-260177541
На строке 9806   в файле   80-260177595
На строке 9807   в файле   80-260178464
На строке 9808   в файле   80-260178582
На строке 9809   в файле   80-260179851
На строке 9810   в файле   80-260179580
На строке 9811   в файле   80-260181018
На строке 9812   в файле   80-260181713
На строке 9813   в файле   80-260181875
На строке 9814   в файле   80-260182807
На строке 9815   в файле   80-260182934
На строке 9816   в файле   80-260184399
На строке 9817   в файле   80-248192213
На строке 9818   в файле   80-248192455
На строке 9819   в файле   80-248192473
На строке 9820   в файле   80-248192088
На строке 9821   в файле   80-251977546
На строке 9822   в файле   80-248193051
На строке 9823   в файле   80-252441120
На строке 9824   в файле   80-248192874
На строке 9825   в файле   80-248193345
На строке 9826   в файле   80-248193546
На строке 9827   в файле   80-248194331
На строке 9828   в файле   80-248194124
На строке 9829   в файле   80-251978424
На строке 9830   в файле   80-248194818
На строке 9831   в файле   80-251978423
На строке 9832   в файле   80-251978834
На строке 9833   в файле   80-248197565
На строке 9834   в файле   80-248197584
На строке 9835   в файле   80-251979197
На строке 9836   в файле   80-259154249
На строке 9837   в файле   80-248198567
На строке 9838   в файле   80-251979647
На строке 9839   в файле   80-252441914
На строке 9840   в файле   80-248203118
На строке 9841   в файле   80-248203052
На строке 9842   в файле   80-248204255
На строке 9843   в файле   80-248204808
На строке 9844   в файле   80-252442440
На строке 9845   в файле   80-248206134
На строке 9846   в файле   80-248206081
На строке 9847   в файле   80-248206615
На строке 9848   в файле   80-252442471
На строке 9849   в файле   80-259199080
На строке 9850   в файле   80-248212673
На строке 9851   в файле   80-248214362
На строке 9852   в файле   80-248215840
На строке 9853   в файле   80-248216811
На строке 9854   в файле   80-259153495
На строке 9855   в файле   80-248218497
На строке 9856   в файле   80-259198248
На строке 9857   в файле   80-248220817
На строке 9858   в файле   80-248221400
На строке 9859   в файле   80-248222350
На строке 9860   в файле   80-248223819
На строке 9861   в файле   80-248229397
На строке 9862   в файле   80-251981886
На строке 9863   в файле   80-248233750
На строке 9864   в файле   80-248234712
На строке 9865   в файле   80-251982561
На строке 9866   в файле   80-248237176
На строке 9867   в файле   80-251982697
На строке 9868   в файле   80-248238639
На строке 9869   в файле   80-248240870
На строке 9870   в файле   80-251983328
На строке 9871   в файле   80-251983791
На строке 9872   в файле   80-248247085
На строке 9873   в файле   80-248247785
На строке 9874   в файле   80-248248484
На строке 9875   в файле   80-248250724
На строке 9876   в файле   80-252559058
На строке 9877   в файле   80-252444008
На строке 9878   в файле   80-248255094
На строке 9879   в файле   80-248258588
На строке 9880   в файле   80-251985980
На строке 9881   в файле   80-251986308
На строке 9882   в файле   80-248265304
На строке 9883   в файле   80-251986392
На строке 9884   в файле   80-251986668
На строке 9885   в файле   80-248274594
На строке 9886   в файле   80-250510641
На строке 9887   в файле   80-250511573
На строке 9888   в файле   80-251987657
На строке 9889   в файле   80-251987988
На строке 9890   в файле   80-248296581
На строке 9891   в файле   80-250517016
На строке 9892   в файле   80-251988589
На строке 9893   в файле   80-251989098
На строке 9894   в файле   80-248304008
На строке 9895   в файле   80-259154444
На строке 9896   в файле   80-251989851
На строке 9897   в файле   80-250531660
На строке 9898   в файле   80-251990213
На строке 9899   в файле   80-250536332
На строке 9900   в файле   80-250537414
На строке 9901   в файле   80-251991154
На строке 9902   в файле   80-250539513
На строке 9903   в файле   80-250539528
На строке 9904   в файле   80-250540979
На строке 9905   в файле   80-250541599
На строке 9906   в файле   80-252446227
На строке 9907   в файле   80-251991820
На строке 9908   в файле   80-251992331
На строке 9909   в файле   80-250546854
На строке 9910   в файле   80-248347811
На строке 9911   в файле   80-250548901
На строке 9912   в файле   80-250551155
На строке 9913   в файле   80-250552327
На строке 9914   в файле   80-251993667
На строке 9915   в файле   80-248363715
На строке 9916   в файле   80-251994292
На строке 9917   в файле   80-248367474
На строке 9918   в файле   80-251994339
На строке 9919   в файле   80-250556701
На строке 9920   в файле   80-250557383
На строке 9921   в файле   80-251995152
На строке 9922   в файле   80-251995823
На строке 9923   в файле   80-248408814
На строке 9924   в файле   80-250569224
На строке 9925   в файле   80-251995930
На строке 9926   в файле   80-250570519
На строке 9927   в файле   80-248450424
На строке 9928   в файле   80-250571187
На строке 9929   в файле   80-250572461
На строке 9930   в файле   80-248472510
На строке 9931   в файле   80-250575326
На строке 9932   в файле   80-250577026
На строке 9933   в файле   80-250584159
На строке 9934   в файле   80-248532707
На строке 9935   в файле   80-250585392
На строке 9936   в файле   80-250586214
На строке 9937   в файле   80-250587383
На строке 9938   в файле   80-251997462
На строке 9939   в файле   80-248561841
На строке 9940   в файле   80-248563964
На строке 9941   в файле   80-250606638
На строке 9942   в файле   80-248572569
На строке 9943   в файле   80-250613977
На строке 9944   в файле   80-250614743
На строке 9945   в файле   80-250615648
На строке 9946   в файле   80-250618353
На строке 9947   в файле   80-248586080
На строке 9948   в файле   80-248588691
На строке 9949   в файле   80-250621841
На строке 9950   в файле   80-250622411
На строке 9951   в файле   80-250623029
На строке 9952   в файле   80-251999448
На строке 9953   в файле   80-252446389
На строке 9954   в файле   80-248641031
На строке 9955   в файле   80-250631085
На строке 9956   в файле   80-252000684
На строке 9957   в файле   80-250632259
На строке 9958   в файле   80-252000849
На строке 9959   в файле   80-252001223
На строке 9960   в файле   80-252001543
На строке 9961   в файле   80-252002027
На строке 9962   в файле   80-252002364
На строке 9963   в файле   80-248722341
На строке 9964   в файле   80-252003009
На строке 9965   в файле   80-250638471
На строке 9966   в файле   80-252615983
На строке 9967   в файле   80-252004039
На строке 9968   в файле   80-252004154
На строке 9969   в файле   80-252004503
На строке 9970   в файле   80-250643160
На строке 9971   в файле   80-252005309
На строке 9972   в файле   80-250645322
На строке 9973   в файле   80-250645323
На строке 9974   в файле   80-250645681
На строке 9975   в файле   80-250646073
На строке 9976   в файле   80-252448543
На строке 9977   в файле   80-250648085
На строке 9978   в файле   80-248767542
На строке 9979   в файле   80-250649117
На строке 9980   в файле   80-250650096
На строке 9981   в файле   80-250650100
На строке 9982   в файле   80-248772366
На строке 9983   в файле   80-248772662
На строке 9984   в файле   80-248773501
На строке 9985   в файле   80-248773948
На строке 9986   в файле   80-250650416
На строке 9987   в файле   80-248774835
На строке 9988   в файле   80-248775264
На строке 9989   в файле   80-259199202
На строке 9990   в файле   80-248776150
На строке 9991   в файле   80-248776739
На строке 9992   в файле   80-250650367
На строке 9993   в файле   80-248778309
На строке 9994   в файле   80-248778825
На строке 9995   в файле   80-250650815
На строке 9996   в файле   80-250651052
На строке 9997   в файле   80-250651357
На строке 9998   в файле   80-250652300
На строке 9999   в файле   80-250652874
На строке 10000   в файле   80-250652903
На строке 10001   в файле   80-250653728
На строке 10002   в файле   80-250653770
На строке 10003   в файле   80-252007930
На строке 10004   в файле   80-250654804
На строке 10005   в файле   80-250655320
На строке 10006   в файле   80-252008353
На строке 10007   в файле   80-252008710
На строке 10008   в файле   80-252009088
На строке 10009   в файле   80-250659724
На строке 10010   в файле   80-250659709
На строке 10011   в файле   80-250660244
На строке 10012   в файле   80-250660733
На строке 10013   в файле   80-250661258
На строке 10014   в файле   80-250661738
На строке 10015   в файле   80-252009519
На строке 10016   в файле   80-250662321
На строке 10017   в файле   80-250662865
На строке 10018   в файле   80-250662854
На строке 10019   в файле   80-250663307
На строке 10020   в файле   80-250663308
На строке 10021   в файле   80-250664018
На строке 10022   в файле   80-252010153
На строке 10023   в файле   80-252010758
На строке 10024   в файле   80-252011210
На строке 10025   в файле   80-252449111
На строке 10026   в файле   80-252450269
На строке 10027   в файле   80-252012608
На строке 10028   в файле   80-252012833
На строке 10029   в файле   80-252450244
На строке 10030   в файле   80-250668176
На строке 10031   в файле   80-252014376
На строке 10032   в файле   80-252014209
На строке 10033   в файле   80-250669107
На строке 10034   в файле   80-252015042
На строке 10035   в файле   80-250669874
На строке 10036   в файле   80-250670048
На строке 10037   в файле   80-252015056
На строке 10038   в файле   80-250671535
На строке 10039   в файле   80-250671711
На строке 10040   в файле   80-250672169
На строке 10041   в файле   80-250672639
На строке 10042   в файле   80-250672947
На строке 10043   в файле   80-250673893
На строке 10044   в файле   80-250673963
На строке 10045   в файле   80-250674376
На строке 10046   в файле   80-252016870
На строке 10047   в файле   80-250675745
На строке 10048   в файле   80-250676130
На строке 10049   в файле   80-250676484
На строке 10050   в файле   80-250677067
На строке 10051   в файле   80-250676922
На строке 10052   в файле   80-252017261
На строке 10053   в файле   80-250678285
На строке 10054   в файле   80-252017901
На строке 10055   в файле   80-250679295
На строке 10056   в файле   80-252018071
На строке 10057   в файле   80-250679834
На строке 10058   в файле   80-250679964
На строке 10059   в файле   80-250680326
На строке 10060   в файле   80-250680581
На строке 10061   в файле   80-250680725
На строке 10062   в файле   80-252018405
На строке 10063   в файле   80-250681787
На строке 10064   в файле   80-250681914
На строке 10065   в файле   80-252019142
На строке 10066   в файле   80-250682993
На строке 10067   в файле   80-250683369
На строке 10068   в файле   80-250683521
На строке 10069   в файле   80-250683892
На строке 10070   в файле   80-250684309
На строке 10071   в файле   80-250685040
На строке 10072   в файле   80-250685635
На строке 10073   в файле   80-250686195
На строке 10074   в файле   80-250686476
На строке 10075   в файле   80-250686667
На строке 10076   в файле   80-252019801
На строке 10077   в файле   80-250687453
На строке 10078   в файле   80-252020063
На строке 10079   в файле   80-252020263
На строке 10080   в файле   80-250688781
На строке 10081   в файле   80-250688775
На строке 10082   в файле   80-250689181
На строке 10083   в файле   80-250689616
На строке 10084   в файле   80-250690030
На строке 10085   в файле   80-250690998
На строке 10086   в файле   80-250691369
На строке 10087   в файле   80-250691586
На строке 10088   в файле   80-259206761
На строке 10089   в файле   80-250692538
На строке 10090   в файле   80-259206232
На строке 10091   в файле   80-252021363
На строке 10092   в файле   80-250693974
На строке 10093   в файле   80-250694388
На строке 10094   в файле   80-250694596
На строке 10095   в файле   80-250694867
На строке 10096   в файле   80-250695836
На строке 10097   в файле   80-250696134
На строке 10098   в файле   80-250696480
На строке 10099   в файле   80-250696679
На строке 10100   в файле   80-250696885
На строке 10101   в файле   80-250698089
На строке 10102   в файле   80-250698267
На строке 10103   в файле   80-250698648
На строке 10104   в файле   80-250698880
На строке 10105   в файле   80-250700236
На строке 10106   в файле   80-250700596
На строке 10107   в файле   80-250701022
На строке 10108   в файле   80-252023069
На строке 10109   в файле   80-250701279
На строке 10110   в файле   80-250702047
На строке 10111   в файле   80-250703611
На строке 10112   в файле   80-250705001
На строке 10113   в файле   80-250704999
На строке 10114   в файле   80-252023936
На строке 10115   в файле   80-252024338
На строке 10116   в файле   80-250707594
На строке 10117   в файле   80-250708352
На строке 10118   в файле   80-252024328
На строке 10119   в файле   80-250708714
На строке 10120   в файле   80-250709067
На строке 10121   в файле   80-250709711
На строке 10122   в файле   80-250710657
На строке 10123   в файле   80-250711476
На строке 10124   в файле   80-250712251
На строке 10125   в файле   80-250714799
На строке 10126   в файле   80-252025076
На строке 10127   в файле   80-250715754
На строке 10128   в файле   80-250716214
На строке 10129   в файле   80-250717215
На строке 10130   в файле   80-250717191
На строке 10131   в файле   80-250718167
На строке 10132   в файле   80-250719209
На строке 10133   в файле   80-250719318
На строке 10134   в файле   80-250719686
На строке 10135   в файле   80-252026249
На строке 10136   в файле   80-252026431
На строке 10137   в файле   80-250723305
На строке 10138   в файле   80-250723944
На строке 10139   в файле   80-250723973
На строке 10140   в файле   80-252026859
На строке 10141   в файле   80-250725141
На строке 10142   в файле   80-250725775
На строке 10143   в файле   80-250726447
На строке 10144   в файле   80-252027020
На строке 10145   в файле   80-252027262
На строке 10146   в файле   80-250729084
На строке 10147   в файле   80-252027417
На строке 10148   в файле   80-252027424
На строке 10149   в файле   80-250731725
На строке 10150   в файле   80-250732311
На строке 10151   в файле   80-250733624
На строке 10152   в файле   80-250734910
На строке 10153   в файле   80-252028004
На строке 10154   в файле   80-252028002
На строке 10155   в файле   80-252452300
На строке 10156   в файле   80-250738959
На строке 10157   в файле   80-250739494
На строке 10158   в файле   80-250740090
На строке 10159   в файле   80-250742013
На строке 10160   в файле   80-250742701
На строке 10161   в файле   80-252028970
На строке 10162   в файле   80-252453313
На строке 10163   в файле   80-250747309
На строке 10164   в файле   80-252562219
На строке 10165   в файле   80-252454244
На строке 10166   в файле   80-250752473
На строке 10167   в файле   80-252454153
На строке 10168   в файле   80-250756348
На строке 10169   в файле   80-252454211
На строке 10170   в файле   80-250757726
На строке 10171   в файле   80-252030212
На строке 10172   в файле   80-250762235
На строке 10173   в файле   80-250763419
На строке 10174   в файле   80-250764001
На строке 10175   в файле   80-250765848
На строке 10176   в файле   80-250767105
На строке 10177   в файле   80-252456053
На строке 10178   в файле   80-252032171
На строке 10179   в файле   80-250771772
На строке 10180   в файле   80-250773419
На строке 10181   в файле   80-250774489
На строке 10182   в файле   80-250774394
На строке 10183   в файле   80-250775456
На строке 10184   в файле   80-252032544
На строке 10185   в файле   80-250778661
На строке 10186   в файле   80-252032898
На строке 10187   в файле   80-252033250
На строке 10188   в файле   80-252033498
На строке 10189   в файле   80-252033643
На строке 10190   в файле   80-250784957
На строке 10191   в файле   80-252033616
На строке 10192   в файле   80-252033968
На строке 10193   в файле   80-250788576
На строке 10194   в файле   80-252033854
На строке 10195   в файле   80-250790510
На строке 10196   в файле   80-250791762
На строке 10197   в файле   80-248107522
На строке 10198   в файле   80-248107545
На строке 10199   в файле   80-248109491
На строке 10200   в файле   80-248109498
На строке 10201   в файле   80-248109526
На строке 10202   в файле   80-248109565
На строке 10203   в файле   80-248110471
На строке 10204   в файле   80-248110515
На строке 10205   в файле   80-248110641
На строке 10206   в файле   80-248117490
На строке 10207   в файле   80-248117545
На строке 10208   в файле   80-248117777
На строке 10209   в файле   80-248118202
На строке 10210   в файле   80-248118244
На строке 10211   в файле   80-248118606
На строке 10212   в файле   80-248120631
На строке 10213   в файле   80-248120643
На строке 10214   в файле   80-248120644
На строке 10215   в файле   80-248121362
На строке 10216   в файле   80-248121987
На строке 10217   в файле   80-248122357
На строке 10218   в файле   80-248128262
На строке 10219   в файле   80-248128261
На строке 10220   в файле   80-248128816
На строке 10221   в файле   80-248128909
На строке 10222   в файле   80-248129144
На строке 10223   в файле   80-248129661
На строке 10224   в файле   80-248130289
На строке 10225   в файле   80-248131179
На строке 10226   в файле   80-248131582
На строке 10227   в файле   80-248131753
На строке 10228   в файле   80-248131784
На строке 10229   в файле   80-248132133
На строке 10230   в файле   80-248132277
На строке 10231   в файле   80-248104970
На строке 10232   в файле   80-248121696
На строке 10233   в файле   80-248187458
На строке 10234   в файле   80-248188425
На строке 10235   в файле   80-248189367
На строке 10236   в файле   80-248189715
На строке 10237   в файле   80-248190187
На строке 10238   в файле   80-248130316
На строке 10239   в файле   80-248130400
На строке 10240   в файле   80-248132214
На строке 10241   в файле   80-248138554
На строке 10242   в файле   80-248162323
На строке 10243   в файле   80-248105890
На строке 10244   в файле   80-248187752
На строке 10245   в файле   80-248188914
На строке 10246   в файле   80-248188928
На строке 10247   в файле   80-248189710
На строке 10248   в файле   80-248189770
На строке 10249   в файле   80-251935493
На строке 10250   в файле   80-251976339
На строке 10251   в файле   80-251973002
На строке 10252   в файле   80-260124543
На строке 10253   в файле   80-259144239
На строке 10254   в файле   80-260137532
На строке 10255   в файле   80-259145657
На строке 10256   в файле   80-259145022
На строке 10257   в файле   80-259145728
На строке 10258   в файле   80-259146314
На строке 10259   в файле   80-259146361
На строке 10260   в файле   80-259147033
На строке 10261   в файле   80-259147066
На строке 10262   в файле   80-260140378
На строке 10263   в файле   80-260140610
На строке 10264   в файле   80-259147670
На строке 10265   в файле   80-260142423
На строке 10266   в файле   80-259147960
На строке 10267   в файле   80-259148361
На строке 10268   в файле   80-259148713
На строке 10269   в файле   80-260144070
На строке 10270   в файле   80-259152090
На строке 10271   в файле   80-259152783
На строке 10272   в файле   80-260145549
На строке 10273   в файле   80-260146599
На строке 10274   в файле   80-259152822
На строке 10275   в файле   80-259152865
На строке 10276   в файле   80-260146784
На строке 10277   в файле   80-260147431
На строке 10278   в файле   80-259154438
На строке 10279   в файле   80-260148439
На строке 10280   в файле   80-260149029
На строке 10281   в файле   80-260148510
На строке 10282   в файле   80-260149189
На строке 10283   в файле   80-260149473
На строке 10284   в файле   80-260149479
На строке 10285   в файле   80-260149571
На строке 10286   в файле   80-260149796
На строке 10287   в файле   80-260149956
На строке 10288   в файле   80-260150445
На строке 10289   в файле   80-260151049
На строке 10290   в файле   80-260151269
На строке 10291   в файле   80-260151473
На строке 10292   в файле   80-260151542
На строке 10293   в файле   80-260151619
На строке 10294   в файле   80-260151910
На строке 10295   в файле   80-260152253
На строке 10296   в файле   80-260152298
На строке 10297   в файле   80-260152599
На строке 10298   в файле   80-260152695
На строке 10299   в файле   80-260152719
На строке 10300   в файле   80-260152728
На строке 10301   в файле   80-260152855
На строке 10302   в файле   80-260153030
На строке 10303   в файле   80-260153586
На строке 10304   в файле   80-260155236
На строке 10305   в файле   80-260155263
На строке 10306   в файле   80-260155284
На строке 10307   в файле   80-260155481
На строке 10308   в файле   80-260155589
На строке 10309   в файле   80-260155664
На строке 10310   в файле   80-260155901
На строке 10311   в файле   80-260156163
На строке 10312   в файле   80-260156070
На строке 10313   в файле   80-260156309
На строке 10314   в файле   80-260157433
На строке 10315   в файле   80-260157557
На строке 10316   в файле   80-259168515
На строке 10317   в файле   80-259169185
На строке 10318   в файле   80-259170008
На строке 10319   в файле   80-259170586
На строке 10320   в файле   80-259170581
На строке 10321   в файле   80-259170603
На строке 10322   в файле   80-259171326
На строке 10323   в файле   80-259171932
На строке 10324   в файле   80-259174626
На строке 10325   в файле   80-259174758
На строке 10326   в файле   80-259176093
На строке 10327   в файле   80-259176708
На строке 10328   в файле   80-259177282
На строке 10329   в файле   80-259177908
На строке 10330   в файле   80-259178625
На строке 10331   в файле   80-259179142
На строке 10332   в файле   80-259179266
На строке 10333   в файле   80-259179255
На строке 10334   в файле   80-259179852
На строке 10335   в файле   80-259182701
На строке 10336   в файле   80-259187826
На строке 10337   в файле   80-259187844
На строке 10338   в файле   80-259187918
На строке 10339   в файле   80-259187979
На строке 10340   в файле   80-259188581
На строке 10341   в файле   80-259189202
На строке 10342   в файле   80-259189213
На строке 10343   в файле   80-259189963
На строке 10344   в файле   80-259190044
На строке 10345   в файле   80-259190576
На строке 10346   в файле   80-259190568
На строке 10347   в файле   80-259190583
На строке 10348   в файле   80-259191227
На строке 10349   в файле   80-259191831
На строке 10350   в файле   80-259191858
На строке 10351   в файле   80-259192761
На строке 10352   в файле   80-259192874
На строке 10353   в файле   80-259193229
На строке 10354   в файле   80-261166422
На строке 10355   в файле   80-259193611
На строке 10356   в файле   80-261167641
На строке 10357   в файле   80-259194163
На строке 10358   в файле   80-261167652
На строке 10359   в файле   80-259194671
На строке 10360   в файле   80-259194943
На строке 10361   в файле   80-261168505
На строке 10362   в файле   80-261170341
На строке 10363   в файле   80-261171580
На строке 10364   в файле   80-260762363
На строке 10365   в файле   80-260762603
На строке 10366   в файле   80-260762852
На строке 10367   в файле   80-260762626
На строке 10368   в файле   80-260762895
На строке 10369   в файле   80-260765677
На строке 10370   в файле   80-260765248
На строке 10371   в файле   80-260765711
На строке 10372   в файле   80-259217939
На строке 10373   в файле   80-259218755
На строке 10374   в файле   80-259218713
На строке 10375   в файле   80-259218690
На строке 10376   в файле   80-259218817
На строке 10377   в файле   80-259219398
На строке 10378   в файле   80-259220000
На строке 10379   в файле   80-259220018
На строке 10380   в файле   80-259220013
На строке 10381   в файле   80-259220044
На строке 10382   в файле   80-259220682
На строке 10383   в файле   80-259221287
На строке 10384   в файле   80-259221307
На строке 10385   в файле   80-259221356
На строке 10386   в файле   80-259221496
На строке 10387   в файле   80-259221928
На строке 10388   в файле   80-259222571
На строке 10389   в файле   80-259222762
На строке 10390   в файле   80-259223263
На строке 10391   в файле   80-259223978
На строке 10392   в файле   80-259223960
На строке 10393   в файле   80-259224604
На строке 10394   в файле   80-259225206
На строке 10395   в файле   80-259225313
На строке 10396   в файле   80-259225253
На строке 10397   в файле   80-259225738
На строке 10398   в файле   80-259225778
На строке 10399   в файле   80-259113750
На строке 10400   в файле   80-259125877
На строке 10401   в файле   80-259125791
На строке 10402   в файле   80-259125917
На строке 10403   в файле   80-259126972
На строке 10404   в файле   80-259128042
На строке 10405   в файле   80-259128254
На строке 10406   в файле   80-259132916
На строке 10407   в файле   80-259134223
На строке 10408   в файле   80-259134329
На строке 10409   в файле   80-259135351
На строке 10410   в файле   80-259136349
На строке 10411   в файле   80-259136430
На строке 10412   в файле   80-259135374
На строке 10413   в файле   80-260126165
На строке 10414   в файле   80-259137638
На строке 10415   в файле   80-259137735
На строке 10416   в файле   80-259138492
На строке 10417   в файле   80-259138633
На строке 10418   в файле   80-260127898
На строке 10419   в файле   80-260128157
На строке 10420   в файле   80-259139762
На строке 10421   в файле   80-259140446
На строке 10422   в файле   80-259140606
На строке 10423   в файле   80-260132661
На строке 10424   в файле   80-259140705
На строке 10425   в файле   80-260132996
На строке 10426   в файле   80-259141676
На строке 10427   в файле   80-259141633
На строке 10428   в файле   80-259142762
На строке 10429   в файле   80-259142881
На строке 10430   в файле   80-259142972
На строке 10431   в файле   80-260135724
На строке 10432   в файле   80-259143623
На строке 10433   в файле   80-260135935
На строке 10434   в файле   80-259143649
На строке 10435   в файле   80-259144168
На строке 10436   в файле   80-259144205
На строке 10437   в файле   80-259144908
На строке 10438   в файле   80-259145717
На строке 10439   в файле   80-260140113
На строке 10440   в файле   80-260144713
На строке 10441   в файле   80-260147024
На строке 10442   в файле   80-260150707
На строке 10443   в файле   80-260152092
На строке 10444   в файле   80-260152364
На строке 10445   в файле   80-260153660
На строке 10446   в файле   80-259168724
На строке 10447   в файле   80-259175351
На строке 10448   в файле   80-259175436
На строке 10449   в файле   80-259176088
На строке 10450   в файле   80-259177904
На строке 10451   в файле   80-259177918
На строке 10452   в файле   80-259178575
На строке 10453   в файле   80-259183284
На строке 10454   в файле   80-259183370
На строке 10455   в файле   80-259184144
На строке 10456   в файле   80-259187222
На строке 10457   в файле   80-259191452
На строке 10458   в файле   80-259193281
На строке 10459   в файле   80-259194676
На строке 10460   в файле   80-259198952
На строке 10461   в файле   80-260762552
На строке 10462   в файле   80-260765946
На строке 10463   в файле   80-260765935
На строке 10464   в файле   80-259214431
На строке 10465   в файле   80-259214523
На строке 10466   в файле   80-259222519
На строке 10467   в файле   80-259223327
На строке 10468   в файле   80-259224003
На строке 10469   в файле   80-259224620
На строке 10470   в файле   80-259126791
На строке 10471   в файле   80-259127955
На строке 10472   в файле   80-259134280
На строке 10473   в файле   80-260128763
На строке 10474   в файле   80-259138972
На строке 10475   в файле   80-260134272
На строке 10476   в файле   80-259154247
На строке 10477   в файле   80-260147860
На строке 10478   в файле   80-260149733
На строке 10479   в файле   80-260149799
На строке 10480   в файле   80-259169161
На строке 10481   в файле   80-259174648
На строке 10482   в файле   80-259183327
На строке 10483   в файле   80-259183637
На строке 10484   в файле   80-259189294
На строке 10485   в файле   80-259191841
На строке 10486   в файле   80-260129515
На строке 10487   в файле   80-259139583
На строке 10488   в файле   80-260132846
На строке 10489   в файле   80-259996693
На строке 10490   в файле   80-247058830
На строке 10491   в файле   80-251792735
На строке 10492   в файле   80-247068680
На строке 10493   в файле   80-251795711
На строке 10494   в файле   80-247077482
На строке 10495   в файле   80-251796958
На строке 10496   в файле   80-247084925
На строке 10497   в файле   80-247084917
На строке 10498   в файле   80-259997513
На строке 10499   в файле   80-261152735
На строке 10500   в файле   80-259997965
На строке 10501   в файле   80-259998440
На строке 10502   в файле   80-259998885
На строке 10503   в файле   80-261152929
На строке 10504   в файле   80-259999790
На строке 10505   в файле   80-260000135
На строке 10506   в файле   80-261153171
На строке 10507   в файле   80-260001410
На строке 10508   в файле   80-247060177
На строке 10509   в файле   80-247060340
На строке 10510   в файле   80-247060542
На строке 10511   в файле   80-247060912
На строке 10512   в файле   80-247061215
На строке 10513   в файле   80-247061186
На строке 10514   в файле   80-247061682
На строке 10515   в файле   80-251791514
На строке 10516   в файле   80-251792260
На строке 10517   в файле   80-251792245
На строке 10518   в файле   80-247065701
На строке 10519   в файле   80-251793701
На строке 10520   в файле   80-247066878
На строке 10521   в файле   80-247066886
На строке 10522   в файле   80-247067104
На строке 10523   в файле   80-247067261
На строке 10524   в файле   80-247067687
На строке 10525   в файле   80-247067694
На строке 10526   в файле   80-247068086
На строке 10527   в файле   80-247068074
На строке 10528   в файле   80-247068872
На строке 10529   в файле   80-247069046
На строке 10530   в файле   80-247069842
На строке 10531   в файле   80-251794677
На строке 10532   в файле   80-247070974
На строке 10533   в файле   80-251794772
На строке 10534   в файле   80-247071812
На строке 10535   в файле   80-247072245
На строке 10536   в файле   80-247072264
На строке 10537   в файле   80-247072760
На строке 10538   в файле   80-247074133
На строке 10539   в файле   80-251795956
На строке 10540   в файле   80-247074376
На строке 10541   в файле   80-247074899
На строке 10542   в файле   80-247074621
На строке 10543   в файле   80-247075127
На строке 10544   в файле   80-247075683
На строке 10545   в файле   80-247076040
На строке 10546   в файле   80-247076350
На строке 10547   в файле   80-247076619
На строке 10548   в файле   80-247078228
На строке 10549   в файле   80-247077818
На строке 10550   в файле   80-247078804
На строке 10551   в файле   80-247078820
На строке 10552   в файле   80-247079391
На строке 10553   в файле   80-247079327
На строке 10554   в файле   80-247079422
На строке 10555   в файле   80-247079384
На строке 10556   в файле   80-247080112
На строке 10557   в файле   80-247080088
На строке 10558   в файле   80-251796971
На строке 10559   в файле   80-251797207
На строке 10560   в файле   80-251797445
На строке 10561   в файле   80-247082552
На строке 10562   в файле   80-251797485
На строке 10563   в файле   80-251797927
На строке 10564   в файле   80-247082856
На строке 10565   в файле   80-251797903
На строке 10566   в файле   80-259996735
На строке 10567   в файле   80-260000421
На строке 10568   в файле   80-251792983
На строке 10569   в файле   80-247072752
На строке 10570   в файле   80-247078700
На строке 10571   в файле   80-247084444
На строке 10572   в файле   80-247085711
На строке 10573   в файле   80-247085319
На строке 10574   в файле   80-247084872
На строке 10575   в файле   80-247085689
На строке 10576   в файле   80-260000704
На строке 10577   в файле   80-260001937
На строке 10578   в файле   80-260001945
На строке 10579   в файле   80-260002280
На строке 10580   в файле   80-260002967
На строке 10581   в файле   80-260002907
На строке 10582   в файле   80-260003389
На строке 10583   в файле   80-260003624
На строке 10584   в файле   80-260004057
На строке 10585   в файле   80-247067857
На строке 10586   в файле   80-247068274
На строке 10587   в файле   80-247068453
На строке 10588   в файле   80-247069428
На строке 10589   в файле   80-247069509
На строке 10590   в файле   80-247069873
На строке 10591   в файле   80-247070997
На строке 10592   в файле   80-251794414
На строке 10593   в файле   80-247071636
На строке 10594   в файле   80-247072238
На строке 10595   в файле   80-251794987
На строке 10596   в файле   80-247073719
На строке 10597   в файле   80-247073965
На строке 10598   в файле   80-247074417
На строке 10599   в файле   80-247074869
На строке 10600   в файле   80-247075434
На строке 10601   в файле   80-247075405
На строке 10602   в файле   80-251796471
На строке 10603   в файле   80-247076918
На строке 10604   в файле   80-247077276
На строке 10605   в файле   80-251796671
На строке 10606   в файле   80-247080343
На строке 10607   в файле   80-247080324
На строке 10608   в файле   80-251797012
На строке 10609   в файле   80-247080697
На строке 10610   в файле   80-251797478
На строке 10611   в файле   80-247082137
На строке 10612   в файле   80-247082560
На строке 10613   в файле   80-247082485
На строке 10614   в файле   80-251797752
На строке 10615   в файле   80-251792490
На строке 10616   в файле   80-252634007
На строке 10617   в файле   80-259999493
На строке 10618   в файле   80-260083564
На строке 10619   в файле   80-248138029
На строке 10620   в файле   80-252556162
На строке 10621   в файле   80-248138549
На строке 10622   в файле   80-248138559
На строке 10623   в файле   80-248139088
На строке 10624   в файле   80-248140008
На строке 10625   в файле   80-252433263
На строке 10626   в файле   80-248137998
На строке 10627   в файле   80-260083210
На строке 10628   в файле   80-260084017
На строке 10629   в файле   80-260083951
На строке 10630   в файле   80-248140007
На строке 10631   в файле   80-248140551
На строке 10632   в файле   80-248140544
На строке 10633   в файле   80-251956092
На строке 10634   в файле   80-251956307
На строке 10635   в файле   80-248142380
На строке 10636   в файле   80-248142842
На строке 10637   в файле   80-248138852
На строке 10638   в файле   80-260083759
На строке 10639   в файле   80-260085199
На строке 10640   в файле   80-260085343
На строке 10641   в файле   80-248145478
На строке 10642   в файле   80-248145964
На строке 10643   в файле   80-248146153
На строке 10644   в файле   80-248146482
На строке 10645   в файле   80-248146888
На строке 10646   в файле   80-248146956
На строке 10647   в файле   80-248147396
На строке 10648   в файле   80-251957705
На строке 10649   в файле   80-248147732
На строке 10650   в файле   80-251957998
На строке 10651   в файле   80-248148209
На строке 10652   в файле   80-260085490
На строке 10653   в файле   80-260085628
На строке 10654   в файле   80-260085772
На строке 10655   в файле   80-260085862
На строке 10656   в файле   80-260085796
На строке 10657   в файле   80-260085908
На строке 10658   в файле   80-248145402
На строке 10659   в файле   80-260085167
На строке 10660   в файле   80-260086452
На строке 10661   в файле   80-248150712
На строке 10662   в файле   80-248150816
На строке 10663   в файле   80-248151026
На строке 10664   в файле   80-251960522
На строке 10665   в файле   80-251961077
На строке 10666   в файле   80-248155240
На строке 10667   в файле   80-251961542
На строке 10668   в файле   80-251961813
На строке 10669   в файле   80-248155243
На строке 10670   в файле   80-248155687
На строке 10671   в файле   80-248150264
На строке 10672   в файле   80-260086359
На строке 10673   в файле   80-260088478
На строке 10674   в файле   80-248165085
На строке 10675   в файле   80-248165062
На строке 10676   в файле   80-251969813
На строке 10677   в файле   80-248166500
На строке 10678   в файле   80-248166913
На строке 10679   в файле   80-248167113
На строке 10680   в файле   80-248167415
На строке 10681   в файле   80-248168000
На строке 10682   в файле   80-251970212
На строке 10683   в файле   80-248169181
На строке 10684   в файле   80-248169913
На строке 10685   в файле   80-248170091
На строке 10686   в файле   80-260088591
На строке 10687   в файле   80-260088677
На строке 10688   в файле   80-260088931
На строке 10689   в файле   80-248164729
На строке 10690   в файле   80-261162374
На строке 10691   в файле   80-248168991
На строке 10692   в файле   80-260088447
На строке 10693   в файле   80-248173092
На строке 10694   в файле   80-248173369
На строке 10695   в файле   80-248173580
На строке 10696   в файле   80-251973064
На строке 10697   в файле   80-248175687
На строке 10698   в файле   80-248176309
На строке 10699   в файле   80-251973787
На строке 10700   в файле   80-248177145
На строке 10701   в файле   80-260088688
На строке 10702   в файле   80-260088753
На строке 10703   в файле   80-260088870
На строке 10704   в файле   80-248172554
На строке 10705   в файле   80-260088348
На строке 10706   в файле   80-260089435
На строке 10707   в файле   80-248173397
На строке 10708   в файле   80-251972767
На строке 10709   в файле   80-251973233
На строке 10710   в файле   80-248176594
На строке 10711   в файле   80-248176816
На строке 10712   в файле   80-248177001
На строке 10713   в файле   80-248177670
На строке 10714   в файле   80-251973999
На строке 10715   в файле   80-260089545
На строке 10716   в файле   80-260089628
На строке 10717   в файле   80-261162157
На строке 10718   в файле   80-248172910
На строке 10719   в файле   80-260089336
На строке 10720   в файле   80-260092569
На строке 10721   в файле   80-248182815
На строке 10722   в файле   80-248184337
На строке 10723   в файле   80-251975655
На строке 10724   в файле   80-248186059
На строке 10725   в файле   80-248186551
На строке 10726   в файле   80-248187360
На строке 10727   в файле   80-251976102
На строке 10728   в файле   80-248188152
На строке 10729   в файле   80-248182084
На строке 10730   в файле   80-260092408
На строке 10731   в файле   80-260792720
На строке 10732   в файле   80-244612859
На строке 10733   в файле   80-243858272
На строке 10734   в файле   80-243863330
На строке 10735   в файле   80-244655868
На строке 10736   в файле   80-249921057
На строке 10737   в файле   80-252240561
На строке 10738   в файле   80-243894474
На строке 10739   в файле   80-249921691
На строке 10740   в файле   80-243909422
На строке 10741   в файле   80-252239931
На строке 10742   в файле   80-243926498
На строке 10743   в файле   80-249922134
На строке 10744   в файле   80-244712899
На строке 10745   в файле   80-249923182
На строке 10746   в файле   80-243958437
На строке 10747   в файле   80-244719441
На строке 10748   в файле   80-260792361
На строке 10749   в файле   80-260812779
На строке 10750   в файле   80-260794527
На строке 10751   в файле   80-260796292
На строке 10752   в файле   80-260812788
На строке 10753   в файле   80-260797394
На строке 10754   в файле   80-260813034
На строке 10755   в файле   80-260798912
На строке 10756   в файле   80-260813132
На строке 10757   в файле   80-260800682
На строке 10758   в файле   80-260802766
На строке 10759   в файле   80-261245172
На строке 10760   в файле   80-260804971
На строке 10761   в файле   80-260814197
На строке 10762   в файле   80-261245337
На строке 10763   в файле   80-260807314
На строке 10764   в файле   80-260814867
На строке 10765   в файле   80-260809075
На строке 10766   в файле   80-260814359
На строке 10767   в файле   80-244613397
На строке 10768   в файле   80-244633679
На строке 10769   в файле   80-243858035
На строке 10770   в файле   80-244616241
На строке 10771   в файле   80-244618191
На строке 10772   в файле   80-244619493
На строке 10773   в файле   80-244621752
На строке 10774   в файле   80-244633685
На строке 10775   в файле   80-249918771
На строке 10776   в файле   80-244635066
На строке 10777   в файле   80-249919005
На строке 10778   в файле   80-243839252
На строке 10779   в файле   80-244629739
На строке 10780   в файле   80-243862368
На строке 10781   в файле   80-244635110
На строке 10782   в файле   80-249919221
На строке 10783   в файле   80-244655778
На строке 10784   в файле   80-249919444
На строке 10785   в файле   80-243883261
На строке 10786   в файле   80-252503666
На строке 10787   в файле   80-244644915
На строке 10788   в файле   80-244659089
На строке 10789   в файле   80-244657519
На строке 10790   в файле   80-243884569
На строке 10791   в файле   80-249920241
На строке 10792   в файле   80-244653296
На строке 10793   в файле   80-244658379
На строке 10794   в файле   80-249920473
На строке 10795   в файле   80-249920444
На строке 10796   в файле   80-252239247
На строке 10797   в файле   80-243881830
На строке 10798   в файле   80-249920475
На строке 10799   в файле   80-243881217
На строке 10800   в файле   80-243885350
На строке 10801   в файле   80-252239300
На строке 10802   в файле   80-243887348
На строке 10803   в файле   80-243887992
На строке 10804   в файле   80-244669672
На строке 10805   в файле   80-244667979
На строке 10806   в файле   80-244660671
На строке 10807   в файле   80-244662077
На строке 10808   в файле   80-244667936
На строке 10809   в файле   80-249921047
На строке 10810   в файле   80-244661535
На строке 10811   в файле   80-252503617
На строке 10812   в файле   80-249920931
На строке 10813   в файле   80-249921064
На строке 10814   в файле   80-244670656
На строке 10815   в файле   80-249921051
На строке 10816   в файле   80-249921043
На строке 10817   в файле   80-243894442
На строке 10818   в файле   80-243900833
На строке 10819   в файле   80-243900851
На строке 10820   в файле   80-244673137
На строке 10821   в файле   80-244674211
На строке 10822   в файле   80-244682138
На строке 10823   в файле   80-243901434
На строке 10824   в файле   80-249921463
На строке 10825   в файле   80-243896942
На строке 10826   в файле   80-244674950
На строке 10827   в файле   80-249921689
На строке 10828   в файле   80-249921286
На строке 10829   в файле   80-249921707
На строке 10830   в файле   80-243902680
На строке 10831   в файле   80-244680623
На строке 10832   в файле   80-243903826
На строке 10833   в файле   80-244678893
На строке 10834   в файле   80-249921480
На строке 10835   в файле   80-249921803
На строке 10836   в файле   80-243904995
На строке 10837   в файле   80-243910571
На строке 10838   в файле   80-244686959
На строке 10839   в файле   80-244692343
На строке 10840   в файле   80-243907016
На строке 10841   в файле   80-249922100
На строке 10842   в файле   80-244688635
На строке 10843   в файле   80-249922220
На строке 10844   в файле   80-243912304
На строке 10845   в файле   80-244689139
На строке 10846   в файле   80-243907160
На строке 10847   в файле   80-243913755
На строке 10848   в файле   80-243913152
На строке 10849   в файле   80-244690010
На строке 10850   в файле   80-243908421
На строке 10851   в файле   80-243915000
На строке 10852   в файле   80-243916707
На строке 10853   в файле   80-244690557
На строке 10854   в файле   80-244697740
На строке 10855   в файле   80-243917419
На строке 10856   в файле   80-243927786
На строке 10857   в файле   80-243918209
На строке 10858   в файле   80-244708196
На строке 10859   в файле   80-244708925
На строке 10860   в файле   80-244706646
На строке 10861   в файле   80-243919927
На строке 10862   в файле   80-243929318
На строке 10863   в файле   80-243930082
На строке 10864   в файле   80-243920896
На строке 10865   в файле   80-244709741
На строке 10866   в файле   80-249923031
На строке 10867   в файле   80-243923253
На строке 10868   в файле   80-243925437
На строке 10869   в файле   80-243924825
На строке 10870   в файле   80-243930979
На строке 10871   в файле   80-244711233
На строке 10872   в файле   80-249923170
На строке 10873   в файле   80-244710454
На строке 10874   в файле   80-243939982
На строке 10875   в файле   80-243933378
На строке 10876   в файле   80-243940084
На строке 10877   в файле   80-243934066
На строке 10878   в файле   80-243941421
На строке 10879   в файле   80-244711384
На строке 10880   в файле   80-244714501
На строке 10881   в файле   80-243942987
На строке 10882   в файле   80-249923166
На строке 10883   в файле   80-243934700
На строке 10884   в файле   80-243944671
На строке 10885   в файле   80-243935447
На строке 10886   в файле   80-249923257
На строке 10887   в файле   80-244712096
На строке 10888   в файле   80-244716420
На строке 10889   в файле   80-244717862
На строке 10890   в файле   80-243937881
На строке 10891   в файле   80-244712915
На строке 10892   в файле   80-249923379
На строке 10893   в файле   80-244724050
На строке 10894   в файле   80-243953696
На строке 10895   в файле   80-243959405
На строке 10896   в файле   80-252246360
На строке 10897   в файле   80-243960398
На строке 10898   в файле   80-243954839
На строке 10899   в файле   80-252247117
На строке 10900   в файле   80-244727079
На строке 10901   в файле   80-243955451
На строке 10902   в файле   80-244728635
На строке 10903   в файле   80-243955419
На строке 10904   в файле   80-243963445
На строке 10905   в файле   80-243955932
На строке 10906   в файле   80-243963027
На строке 10907   в файле   80-252246309
На строке 10908   в файле   80-252246364
На строке 10909   в файле   80-252246964
На строке 10910   в файле   80-244730241
На строке 10911   в файле   80-252247649
На строке 10912   в файле   80-244723287
На строке 10913   в файле   80-261271331
На строке 10914   в файле   80-261244799
На строке 10915   в файле   80-260792956
На строке 10916   в файле   80-260793608
На строке 10917   в файле   80-260793669
На строке 10918   в файле   80-260793287
На строке 10919   в файле   80-260793979
На строке 10920   в файле   80-260793694
На строке 10921   в файле   80-260794033
На строке 10922   в файле   80-260794503
На строке 10923   в файле   80-260794150
На строке 10924   в файле   80-260795234
На строке 10925   в файле   80-260794876
На строке 10926   в файле   80-260794936
На строке 10927   в файле   80-260795408
На строке 10928   в файле   80-260795345
На строке 10929   в файле   80-260795362
На строке 10930   в файле   80-260796153
На строке 10931   в файле   80-260795790
На строке 10932   в файле   80-260796141
На строке 10933   в файле   80-260796248
На строке 10934   в файле   80-260796256
На строке 10935   в файле   80-261244834
На строке 10936   в файле   80-260796608
На строке 10937   в файле   80-261245042
На строке 10938   в файле   80-261244816
На строке 10939   в файле   80-260797132
На строке 10940   в файле   80-261244813
На строке 10941   в файле   80-260797145
На строке 10942   в файле   80-260797744
На строке 10943   в файле   80-260797975
На строке 10944   в файле   80-260797694
На строке 10945   в файле   80-260798243
На строке 10946   в файле   80-260798853
На строке 10947   в файле   80-260798026
На строке 10948   в файле   80-260799197
На строке 10949   в файле   80-260798779
На строке 10950   в файле   80-260799411
На строке 10951   в файле   80-261244934
На строке 10952   в файле   80-260799326
На строке 10953   в файле   80-260799812
На строке 10954   в файле   80-261245071
На строке 10955   в файле   80-260799720
На строке 10956   в файле   80-260799964
На строке 10957   в файле   80-260800191
На строке 10958   в файле   80-261245092
На строке 10959   в файле   80-260800701
На строке 10960   в файле   80-260800400
На строке 10961   в файле   80-260800899
На строке 10962   в файле   80-260801304
На строке 10963   в файле   80-260801165
На строке 10964   в файле   80-260801745
На строке 10965   в файле   80-260801722
На строке 10966   в файле   80-260801852
На строке 10967   в файле   80-260802182
На строке 10968   в файле   80-260802242
На строке 10969   в файле   80-260802390
На строке 10970   в файле   80-260802723
На строке 10971   в файле   80-260802832
На строке 10972   в файле   80-260803242
На строке 10973   в файле   80-260803356
На строке 10974   в файле   80-260803441
На строке 10975   в файле   80-260803799
На строке 10976   в файле   80-260803871
На строке 10977   в файле   80-260804409
На строке 10978   в файле   80-260804849
На строке 10979   в файле   80-260804507
На строке 10980   в файле   80-260805089
На строке 10981   в файле   80-260805015
На строке 10982   в файле   80-260805668
На строке 10983   в файле   80-260806179
На строке 10984   в файле   80-260806053
На строке 10985   в файле   80-260806190
На строке 10986   в файле   80-260806196
На строке 10987   в файле   80-260806427
На строке 10988   в файле   80-260807117
На строке 10989   в файле   80-261245149
На строке 10990   в файле   80-260807374
На строке 10991   в файле   80-260807390
На строке 10992   в файле   80-260807604
На строке 10993   в файле   80-260808320
На строке 10994   в файле   80-260808625
На строке 10995   в файле   80-260808599
На строке 10996   в файле   80-260808707
На строке 10997   в файле   80-260809088
На строке 10998   в файле   80-261245168
На строке 10999   в файле   80-260809797
На строке 11000   в файле   80-260809948
На строке 11001   в файле   80-260810143
На строке 11002   в файле   80-260809794
На строке 11003   в файле   80-260810432
На строке 11004   в файле   80-260811165
На строке 11005   в файле   80-261245336
На строке 11006   в файле   80-260811430
На строке 11007   в файле   80-260811630
На строке 11008   в файле   80-260811544
На строке 11009   в файле   80-249917674
На строке 11010   в файле   80-252236109
На строке 11011   в файле   80-244613921
На строке 11012   в файле   80-244615082
На строке 11013   в файле   80-244614769
На строке 11014   в файле   80-252236121
На строке 11015   в файле   80-249918284
На строке 11016   в файле   80-244615727
На строке 11017   в файле   80-244615336
На строке 11018   в файле   80-249918289
На строке 11019   в файле   80-244616648
На строке 11020   в файле   80-244616885
На строке 11021   в файле   80-244616517
На строке 11022   в файле   80-249918286
На строке 11023   в файле   80-249918291
На строке 11024   в файле   80-244617187
На строке 11025   в файле   80-244617189
На строке 11026   в файле   80-244617556
На строке 11027   в файле   80-244617808
На строке 11028   в файле   80-244617805
На строке 11029   в файле   80-244618498
На строке 11030   в файле   80-244618481
На строке 11031   в файле   80-249918539
На строке 11032   в файле   80-249918450
На строке 11033   в файле   80-249918520
На строке 11034   в файле   80-244618812
На строке 11035   в файле   80-244619267
На строке 11036   в файле   80-249918543
На строке 11037   в файле   80-244619167
На строке 11038   в файле   80-244620225
На строке 11039   в файле   80-244619903
На строке 11040   в файле   80-249918546
На строке 11041   в файле   80-244620392
На строке 11042   в файле   80-244620702
На строке 11043   в файле   80-244621068
На строке 11044   в файле   80-249918643
На строке 11045   в файле   80-252236785
На строке 11046   в файле   80-249918756
На строке 11047   в файле   80-244621417
На строке 11048   в файле   80-244621436
На строке 11049   в файле   80-249918522
На строке 11050   в файле   80-249918755
На строке 11051   в файле   80-249918773
На строке 11052   в файле   80-244622132
На строке 11053   в файле   80-244622144
На строке 11054   в файле   80-244622557
На строке 11055   в файле   80-244623007
На строке 11056   в файле   80-244623477
На строке 11057   в файле   80-249918783
На строке 11058   в файле   80-249918855
На строке 11059   в файле   80-244623875
На строке 11060   в файле   80-244623854
На строке 11061   в файле   80-244624303
На строке 11062   в файле   80-244624735
На строке 11063   в файле   80-244624711
На строке 11064   в файле   80-244625212
На строке 11065   в файле   80-249918960
На строке 11066   в файле   80-244625653
На строке 11067   в файле   80-249918973
На строке 11068   в файле   80-244625631
На строке 11069   в файле   80-244626221
На строке 11070   в файле   80-244626653
На строке 11071   в файле   80-244626578
На строке 11072   в файле   80-244627154
На строке 11073   в файле   80-249919011
На строке 11074   в файле   80-249919122
На строке 11075   в файле   80-249919082
На строке 11076   в файле   80-244627653
На строке 11077   в файле   80-244627648
На строке 11078   в файле   80-244628139
На строке 11079   в файле   80-243840958
На строке 11080   в файле   80-246270446
На строке 11081   в файле   80-244628740
На строке 11082   в файле   80-243839803
На строке 11083   в файле   80-243841167
На строке 11084   в файле   80-243840377
На строке 11085   в файле   80-244628703
На строке 11086   в файле   80-244629179
На строке 11087   в файле   80-243841562
На строке 11088   в файле   80-244629732
На строке 11089   в файле   80-249919251
На строке 11090   в файле   80-243844459
На строке 11091   в файле   80-243845209
На строке 11092   в файле   80-243845203
На строке 11093   в файле   80-243845822
На строке 11094   в файле   80-249919196
На строке 11095   в файле   80-244630776
На строке 11096   в файле   80-244630267
На строке 11097   в файле   80-244630782
На строке 11098   в файле   80-243846511
На строке 11099   в файле   80-243849506
На строке 11100   в файле   80-243850174
На строке 11101   в файле   80-243850203
На строке 11102   в файле   80-244632031
На строке 11103   в файле   80-249919338
На строке 11104   в файле   80-243850880
На строке 11105   в файле   80-244631435
На строке 11106   в файле   80-243854913
На строке 11107   в файле   80-249919243
На строке 11108   в файле   80-244632513
На строке 11109   в файле   80-243864957
На строке 11110   в файле   80-244636516
На строке 11111   в файле   80-243866320
На строке 11112   в файле   80-243866481
На строке 11113   в файле   80-244635775
На строке 11114   в файле   80-244638255
На строке 11115   в файле   80-252237947
На строке 11116   в файле   80-244638016
На строке 11117   в файле   80-244638716
На строке 11118   в файле   80-243867805
На строке 11119   в файле   80-243868989
На строке 11120   в файле   80-252503682
На строке 11121   в файле   80-252236963
На строке 11122   в файле   80-252238456
На строке 11123   в файле   80-249920014
На строке 11124   в файле   80-244641911
На строке 11125   в файле   80-243870714
На строке 11126   в файле   80-249920013
На строке 11127   в файле   80-244642716
На строке 11128   в файле   80-249920030
На строке 11129   в файле   80-244644126
На строке 11130   в файле   80-244645647
На строке 11131   в файле   80-249920169
На строке 11132   в файле   80-244647192
На строке 11133   в файле   80-244648118
На строке 11134   в файле   80-243874544
На строке 11135   в файле   80-244647928
На строке 11136   в файле   80-249920228
На строке 11137   в файле   80-243875443
На строке 11138   в файле   80-243875938
На строке 11139   в файле   80-244648888
На строке 11140   в файле   80-243876845
На строке 11141   в файле   80-243876646
На строке 11142   в файле   80-249920244
На строке 11143   в файле   80-244650769
На строке 11144   в файле   80-243878052
На строке 11145   в файле   80-243878747
На строке 11146   в файле   80-249920445
На строке 11147   в файле   80-243879468
На строке 11148   в файле   80-243879916
На строке 11149   в файле   80-249920380
На строке 11150   в файле   80-244654072
На строке 11151   в файле   80-244606302
На строке 11152   в файле   80-244606836
На строке 11153   в файле   80-244607234
На строке 11154   в файле   80-244607241
На строке 11155   в файле   80-244607398
На строке 11156   в файле   80-244607621
На строке 11157   в файле   80-244607929
На строке 11158   в файле   80-244608288
На строке 11159   в файле   80-244608299
На строке 11160   в файле   80-244608537
На строке 11161   в файле   80-244609121
На строке 11162   в файле   80-244609278
На строке 11163   в файле   80-244611020
На строке 11164   в файле   80-244611848
На строке 11165   в файле   80-244610617
На строке 11166   в файле   80-244612344
На строке 11167   в файле   80-249917107
На строке 11168   в файле   80-249917207
На строке 11169   в файле   80-249917285
На строке 11170   в файле   80-249917284
На строке 11171   в файле   80-249917525
На строке 11172   в файле   80-249917221
На строке 11173   в файле   80-252234872
На строке 11174   в файле   80-252503304
На строке 11175   в файле   80-259246388
На строке 11176   в файле   80-259246784
На строке 11177   в файле   80-259247065
На строке 11178   в файле   80-260811865
На строке 11179   в файле   80-260812347
На строке 11180   в файле   80-260811981
На строке 11181   в файле   80-243892556
На строке 11182   в файле   80-244671519
На строке 11183   в файле   80-243893804
На строке 11184   в файле   80-243932661
На строке 11185   в файле   80-243938562
На строке 11186   в файле   80-260885535
На строке 11187   в файле   80-249920019
На строке 11188   в файле   80-243957888
На строке 11189   в файле   80-243984917
На строке 11190   в файле   80-244012421
На строке 11191   в файле   80-244023385
На строке 11192   в файле   80-244793049
На строке 11193   в файле   80-244038060
На строке 11194   в файле   80-244051837
На строке 11195   в файле   80-260886282
На строке 11196   в файле   80-260887978
На строке 11197   в файле   80-260890476
На строке 11198   в файле   80-261248734
На строке 11199   в файле   80-261248848
На строке 11200   в файле   80-261248965
На строке 11201   в файле   80-261248994
На строке 11202   в файле   80-261249280
На строке 11203   в файле   80-260904457
На строке 11204   в файле   80-260906547
На строке 11205   в файле   80-244646454
На строке 11206   в файле   80-243879869
На строке 11207   в файле   80-249920577
На строке 11208   в файле   80-244663269
На строке 11209   в файле   80-249921272
На строке 11210   в файле   80-244686969
На строке 11211   в файле   80-244695524
На строке 11212   в файле   80-243927183
На строке 11213   в файле   80-243936953
На строке 11214   в файле   80-244717868
На строке 11215   в файле   80-244724030
На строке 11216   в файле   80-252505109
На строке 11217   в файле   80-244739220
На строке 11218   в файле   80-249924571
На строке 11219   в файле   80-243972714
На строке 11220   в файле   80-243975427
На строке 11221   в файле   80-244762934
На строке 11222   в файле   80-243979913
На строке 11223   в файле   80-243981765
На строке 11224   в файле   80-243983573
На строке 11225   в файле   80-249925591
На строке 11226   в файле   80-243987079
На строке 11227   в файле   80-243990799
На строке 11228   в файле   80-243994086
На строке 11229   в файле   80-249926001
На строке 11230   в файле   80-244778216
На строке 11231   в файле   80-244003878
На строке 11232   в файле   80-244782559
На строке 11233   в файле   80-244008380
На строке 11234   в файле   80-244784129
На строке 11235   в файле   80-244012657
На строке 11236   в файле   80-244788050
На строке 11237   в файле   80-244015984
На строке 11238   в файле   80-244789916
На строке 11239   в файле   80-244021637
На строке 11240   в файле   80-244021864
На строке 11241   в файле   80-249926766
На строке 11242   в файле   80-244022473
На строке 11243   в файле   80-249926892
На строке 11244   в файле   80-244023031
На строке 11245   в файле   80-244791120
На строке 11246   в файле   80-251387804
На строке 11247   в файле   80-244024480
На строке 11248   в файле   80-244025141
На строке 11249   в файле   80-244025842
На строке 11250   в файле   80-244026169
На строке 11251   в файле   80-249926942
На строке 11252   в файле   80-244027921
На строке 11253   в файле   80-244792102
На строке 11254   в файле   80-251387416
На строке 11255   в файле   80-244030020
На строке 11256   в файле   80-244031108
На строке 11257   в файле   80-252255096
На строке 11258   в файле   80-249926953
На строке 11259   в файле   80-249927119
На строке 11260   в файле   80-244033084
На строке 11261   в файле   80-244793576
На строке 11262   в файле   80-244793868
На строке 11263   в файле   80-244033909
На строке 11264   в файле   80-244034703
На строке 11265   в файле   80-249927114
На строке 11266   в файле   80-246272434
На строке 11267   в файле   80-244795070
На строке 11268   в файле   80-249927057
На строке 11269   в файле   80-244042827
На строке 11270   в файле   80-244044407
На строке 11271   в файле   80-244795562
На строке 11272   в файле   80-244044912
На строке 11273   в файле   80-244047704
На строке 11274   в файле   80-244050583
На строке 11275   в файле   80-244796716
На строке 11276   в файле   80-244054362
На строке 11277   в файле   80-249927308
На строке 11278   в файле   80-244056359
На строке 11279   в файле   80-244057207
На строке 11280   в файле   80-244058625
На строке 11281   в файле   80-246274579
На строке 11282   в файле   80-244063641
На строке 11283   в файле   80-244798914
На строке 11284   в файле   80-252335736
На строке 11285   в файле   80-260885967
На строке 11286   в файле   80-260886434
На строке 11287   в файле   80-261248295
На строке 11288   в файле   80-261248560
На строке 11289   в файле   80-261248499
На строке 11290   в файле   80-261248657
На строке 11291   в файле   80-261248204
На строке 11292   в файле   80-261248410
На строке 11293   в файле   80-260888586
На строке 11294   в файле   80-261248459
На строке 11295   в файле   80-260888697
На строке 11296   в файле   80-260888964
На строке 11297   в файле   80-260889037
На строке 11298   в файле   80-261248715
На строке 11299   в файле   80-260890335
На строке 11300   в файле   80-261248655
На строке 11301   в файле   80-261271871
На строке 11302   в файле   80-260890286
На строке 11303   в файле   80-260890844
На строке 11304   в файле   80-261248755
На строке 11305   в файле   80-260891080
На строке 11306   в файле   80-260891337
На строке 11307   в файле   80-260891525
На строке 11308   в файле   80-261248996
На строке 11309   в файле   80-260892105
На строке 11310   в файле   80-260891676
На строке 11311   в файле   80-260892639
На строке 11312   в файле   80-260892820
На строке 11313   в файле   80-261271878
На строке 11314   в файле   80-260893385
На строке 11315   в файле   80-260892881
На строке 11316   в файле   80-260894334
На строке 11317   в файле   80-260894313
На строке 11318   в файле   80-260893464
На строке 11319   в файле   80-260893498
На строке 11320   в файле   80-260895001
На строке 11321   в файле   80-260894278
На строке 11322   в файле   80-261248972
На строке 11323   в файле   80-260894938
На строке 11324   в файле   80-260895070
На строке 11325   в файле   80-261248980
На строке 11326   в файле   80-260896089
На строке 11327   в файле   80-260896096
На строке 11328   в файле   80-260896137
На строке 11329   в файле   80-260896654
На строке 11330   в файле   80-260896431
На строке 11331   в файле   80-260896736
На строке 11332   в файле   80-260897680
На строке 11333   в файле   80-260898125
На строке 11334   в файле   80-260898061
На строке 11335   в файле   80-260898113
На строке 11336   в файле   80-260898179
На строке 11337   в файле   80-260899147
На строке 11338   в файле   80-260898785
На строке 11339   в файле   80-260899565
На строке 11340   в файле   80-260899591
На строке 11341   в файле   80-260899761
На строке 11342   в файле   80-260900113
На строке 11343   в файле   80-260900320
На строке 11344   в файле   80-261249327
На строке 11345   в файле   80-260900799
На строке 11346   в файле   80-260901379
На строке 11347   в файле   80-261249225
На строке 11348   в файле   80-260900657
На строке 11349   в файле   80-260901557
На строке 11350   в файле   80-261249105
На строке 11351   в файле   80-260901936
На строке 11352   в файле   80-261249247
На строке 11353   в файле   80-260902244
На строке 11354   в файле   80-261249279
На строке 11355   в файле   80-260902582
На строке 11356   в файле   80-260903531
На строке 11357   в файле   80-261249449
На строке 11358   в файле   80-260903526
На строке 11359   в файле   80-260903968
На строке 11360   в файле   80-260904040
На строке 11361   в файле   80-260904142
На строке 11362   в файле   80-261249339
На строке 11363   в файле   80-261249557
На строке 11364   в файле   80-261271863
На строке 11365   в файле   80-260905467
На строке 11366   в файле   80-261249538
На строке 11367   в файле   80-260905148
На строке 11368   в файле   80-261249596
На строке 11369   в файле   80-260905694
На строке 11370   в файле   80-260906010
На строке 11371   в файле   80-260906790
На строке 11372   в файле   80-260906205
На строке 11373   в файле   80-260906660
На строке 11374   в файле   80-260906938
На строке 11375   в файле   80-260907578
На строке 11376   в файле   80-261249584
На строке 11377   в файле   80-260907400
На строке 11378   в файле   80-261249680
На строке 11379   в файле   80-261249665
На строке 11380   в файле   80-261249777
На строке 11381   в файле   80-261249780
На строке 11382   в файле   80-261276362
На строке 11383   в файле   80-249920257
На строке 11384   в файле   80-249920231
На строке 11385   в файле   80-243875316
На строке 11386   в файле   80-244649920
На строке 11387   в файле   80-243877370
На строке 11388   в файле   80-244652387
На строке 11389   в файле   80-243878142
На строке 11390   в файле   80-249920456
На строке 11391   в файле   80-244650772
На строке 11392   в файле   80-244651647
На строке 11393   в файле   80-244652375
На строке 11394   в файле   80-243880545
На строке 11395   в файле   80-244654091
На строке 11396   в файле   80-243881258
На строке 11397   в файле   80-244656830
На строке 11398   в файле   80-244655006
На строке 11399   в файле   80-243882545
На строке 11400   в файле   80-244657530
На строке 11401   в файле   80-243884099
На строке 11402   в файле   80-243883985
На строке 11403   в файле   80-244659091
На строке 11404   в файле   80-244659918
На строке 11405   в файле   80-243885848
На строке 11406   в файле   80-243886003
На строке 11407   в файле   80-244660666
На строке 11408   в файле   80-243886600
На строке 11409   в файле   80-243887366
На строке 11410   в файле   80-252240036
На строке 11411   в файле   80-252239237
На строке 11412   в файле   80-243888883
На строке 11413   в файле   80-243890826
На строке 11414   в файле   80-243891507
На строке 11415   в файле   80-243891636
На строке 11416   в файле   80-244667133
На строке 11417   в файле   80-249921267
На строке 11418   в файле   80-244668721
На строке 11419   в файле   80-249921269
На строке 11420   в файле   80-244669729
На строке 11421   в файле   80-244671590
На строке 11422   в файле   80-249921298
На строке 11423   в файле   80-244673163
На строке 11424   в файле   80-249921473
На строке 11425   в файле   80-249921528
На строке 11426   в файле   80-249921524
На строке 11427   в файле   80-244679805
На строке 11428   в файле   80-249921681
На строке 11429   в файле   80-244681528
На строке 11430   в файле   80-244681517
На строке 11431   в файле   80-243902765
На строке 11432   в файле   80-243903785
На строке 11433   в файле   80-244687737
На строке 11434   в файле   80-243905677
На строке 11435   в файле   80-249922025
На строке 11436   в файле   80-243905810
На строке 11437   в файле   80-249921895
На строке 11438   в файле   80-243908783
На строке 11439   в файле   80-249921899
На строке 11440   в файле   80-249922099
На строке 11441   в файле   80-243910002
На строке 11442   в файле   80-244692126
На строке 11443   в файле   80-243914547
На строке 11444   в файле   80-243915600
На строке 11445   в файле   80-244697628
На строке 11446   в файле   80-244696927
На строке 11447   в файле   80-244706661
На строке 11448   в файле   80-243921624
На строке 11449   в файле   80-244707424
На строке 11450   в файле   80-243923139
На строке 11451   в файле   80-243924806
На строке 11452   в файле   80-244708324
На строке 11453   в файле   80-243928506
На строке 11454   в файле   80-243929321
На строке 11455   в файле   80-243930955
На строке 11456   в файле   80-249923186
На строке 11457   в файле   80-243931813
На строке 11458   в файле   80-244709847
На строке 11459   в файле   80-243933398
На строке 11460   в файле   80-243934800
На строке 11461   в файле   80-243936278
На строке 11462   в файле   80-243936285
На строке 11463   в файле   80-243937895
На строке 11464   в файле   80-243939488
На строке 11465   в файле   80-249923287
На строке 11466   в файле   80-243941431
На строке 11467   в файле   80-243941450
На строке 11468   в файле   80-244714276
На строке 11469   в файле   80-243943088
На строке 11470   в файле   80-243944696
На строке 11471   в файле   80-244715020
На строке 11472   в файле   80-243948077
На строке 11473   в файле   80-249923378
На строке 11474   в файле   80-244719585
На строке 11475   в файле   80-243952413
На строке 11476   в файле   80-243953181
На строке 11477   в файле   80-243953160
На строке 11478   в файле   80-243954351
На строке 11479   в файле   80-243954313
На строке 11480   в файле   80-244721129
На строке 11481   в файле   80-243956882
На строке 11482   в файле   80-243957410
На строке 11483   в файле   80-243958959
На строке 11484   в файле   80-244724847
На строке 11485   в файле   80-249923893
На строке 11486   в файле   80-249923907
На строке 11487   в файле   80-249923905
На строке 11488   в файле   80-244727903
На строке 11489   в файле   80-249923908
На строке 11490   в файле   80-252504861
На строке 11491   в файле   80-244733976
На строке 11492   в файле   80-243966178
На строке 11493   в файле   80-244736470
На строке 11494   в файле   80-244734791
На строке 11495   в файле   80-249924296
На строке 11496   в файле   80-244734944
На строке 11497   в файле   80-243966631
На строке 11498   в файле   80-244736317
На строке 11499   в файле   80-244737068
На строке 11500   в файле   80-244737886
На строке 11501   в файле   80-244737765
На строке 11502   в файле   80-249924385
На строке 11503   в файле   80-244740772
На строке 11504   в файле   80-249924391
На строке 11505   в файле   80-249924582
На строке 11506   в файле   80-249924387
На строке 11507   в файле   80-243968821
На строке 11508   в файле   80-244742126
На строке 11509   в файле   80-244742265
На строке 11510   в файле   80-249924573
На строке 11511   в файле   80-244744992
На строке 11512   в файле   80-244744657
На строке 11513   в файле   80-249924671
На строке 11514   в файле   80-249924670
На строке 11515   в файле   80-244748972
На строке 11516   в файле   80-243971241
На строке 11517   в файле   80-244749888
На строке 11518   в файле   80-249924875
На строке 11519   в файле   80-249924923
На строке 11520   в файле   80-244751231
На строке 11521   в файле   80-243972421
На строке 11522   в файле   80-243973157
На строке 11523   в файле   80-244753194
На строке 11524   в файле   80-252252070
На строке 11525   в файле   80-243973762
На строке 11526   в файле   80-243974089
На строке 11527   в файле   80-244755767
На строке 11528   в файле   80-249925076
На строке 11529   в файле   80-249925177
На строке 11530   в файле   80-244756986
На строке 11531   в файле   80-243974905
На строке 11532   в файле   80-243975121
На строке 11533   в файле   80-243975635
На строке 11534   в файле   80-243975629
На строке 11535   в файле   80-252505234
На строке 11536   в файле   80-243976063
На строке 11537   в файле   80-249925245
На строке 11538   в файле   80-244760018
На строке 11539   в файле   80-249925170
На строке 11540   в файле   80-244761327
На строке 11541   в файле   80-249925345
На строке 11542   в файле   80-244761833
На строке 11543   в файле   80-244763417
На строке 11544   в файле   80-244764457
На строке 11545   в файле   80-244763513
На строке 11546   в файле   80-244764475
На строке 11547   в файле   80-244765013
На строке 11548   в файле   80-243979509
На строке 11549   в файле   80-244765535
На строке 11550   в файле   80-249925407
На строке 11551   в файле   80-243980255
На строке 11552   в файле   80-243979916
На строке 11553   в файле   80-252253246
На строке 11554   в файле   80-243980542
На строке 11555   в файле   80-243980543
На строке 11556   в файле   80-243980832
На строке 11557   в файле   80-249925425
На строке 11558   в файле   80-243981075
На строке 11559   в файле   80-243981376
На строке 11560   в файле   80-243981089
На строке 11561   в файле   80-243981691
На строке 11562   в файле   80-249925497
На строке 11563   в файле   80-243982327
На строке 11564   в файле   80-243981999
На строке 11565   в файле   80-243982331
На строке 11566   в файле   80-244767840
На строке 11567   в файле   80-243982567
На строке 11568   в файле   80-243982938
На строке 11569   в файле   80-243982943
На строке 11570   в файле   80-244769455
На строке 11571   в файле   80-244768501
На строке 11572   в файле   80-243983173
На строке 11573   в файле   80-243983449
На строке 11574   в файле   80-243983763
На строке 11575   в файле   80-244768449
На строке 11576   в файле   80-243984089
На строке 11577   в файле   80-244769658
На строке 11578   в файле   80-243984337
На строке 11579   в файле   80-244768904
На строке 11580   в файле   80-243984363
На строке 11581   в файле   80-243984920
На строке 11582   в файле   80-243984602
На строке 11583   в файле   80-243985240
На строке 11584   в файле   80-243985461
На строке 11585   в файле   80-243985464
На строке 11586   в файле   80-243985810
На строке 11587   в файле   80-249925598
На строке 11588   в файле   80-243986312
На строке 11589   в файле   80-244769962
На строке 11590   в файле   80-243986792
На строке 11591   в файле   80-243986557
На строке 11592   в файле   80-243986546
На строке 11593   в файле   80-244770911
На строке 11594   в файле   80-244771446
На строке 11595   в файле   80-243987647
На строке 11596   в файле   80-243987605
На строке 11597   в файле   80-243987833
На строке 11598   в файле   80-243988336
На строке 11599   в файле   80-243988615
На строке 11600   в файле   80-243988813
На строке 11601   в файле   80-243988864
На строке 11602   в файле   80-249925779
На строке 11603   в файле   80-243990270
На строке 11604   в файле   80-243990816
На строке 11605   в файле   80-243991281
На строке 11606   в файле   80-249925671
На строке 11607   в файле   80-243991766
На строке 11608   в файле   80-243992001
На строке 11609   в файле   80-243992755
На строке 11610   в файле   80-244775090
На строке 11611   в файле   80-243993280
На строке 11612   в файле   80-243993672
На строке 11613   в файле   80-244775512
На строке 11614   в файле   80-243994217
На строке 11615   в файле   80-244776213
На строке 11616   в файле   80-243995022
На строке 11617   в файле   80-243995525
На строке 11618   в файле   80-243995306
На строке 11619   в файле   80-243996110
На строке 11620   в файле   80-244776986
На строке 11621   в файле   80-243995759
На строке 11622   в файле   80-243996334
На строке 11623   в файле   80-249926003
На строке 11624   в файле   80-243997304
На строке 11625   в файле   80-244777715
На строке 11626   в файле   80-243998002
На строке 11627   в файле   80-243998480
На строке 11628   в файле   80-243998233
На строке 11629   в файле   80-243998892
На строке 11630   в файле   80-243999005
На строке 11631   в файле   80-243999160
На строке 11632   в файле   80-243999642
На строке 11633   в файле   80-244000083
На строке 11634   в файле   80-244000614
На строке 11635   в файле   80-244000753
На строке 11636   в файле   80-244778918
На строке 11637   в файле   80-244001838
На строке 11638   в файле   80-244002021
На строке 11639   в файле   80-244002242
На строке 11640   в файле   80-244002964
На строке 11641   в файле   80-244003447
На строке 11642   в файле   80-244003671
На строке 11643   в файле   80-249926124
На строке 11644   в файле   80-244781768
На строке 11645   в файле   80-244004882
На строке 11646   в файле   80-244005196
На строке 11647   в файле   80-244005629
На строке 11648   в файле   80-244781397
На строке 11649   в файле   80-244781790
На строке 11650   в файле   80-244782500
На строке 11651   в файле   80-244005864
На строке 11652   в файле   80-244006093
На строке 11653   в файле   80-252253859
На строке 11654   в файле   80-244006324
На строке 11655   в файле   80-244006505
На строке 11656   в файле   80-244006993
На строке 11657   в файле   80-244783392
На строке 11658   в файле   80-244007490
На строке 11659   в файле   80-244007498
На строке 11660   в файле   80-244007748
На строке 11661   в файле   80-244007938
На строке 11662   в файле   80-244008226
На строке 11663   в файле   80-244008715
На строке 11664   в файле   80-244008866
На строке 11665   в файле   80-252254631
На строке 11666   в файле   80-244008984
На строке 11667   в файле   80-244009449
На строке 11668   в файле   80-244009330
На строке 11669   в файле   80-252255169
На строке 11670   в файле   80-244783764
На строке 11671   в файле   80-244009590
На строке 11672   в файле   80-244009825
На строке 11673   в файле   80-244784964
На строке 11674   в файле   80-249926535
На строке 11675   в файле   80-251387029
На строке 11676   в файле   80-251386521
На строке 11677   в файле   80-249926597
На строке 11678   в файле   80-244785872
На строке 11679   в файле   80-244785359
На строке 11680   в файле   80-244011912
На строке 11681   в файле   80-244012203
На строке 11682   в файле   80-251386868
На строке 11683   в файле   80-244785824
На строке 11684   в файле   80-249926614
На строке 11685   в файле   80-249926596
На строке 11686   в файле   80-244012628
На строке 11687   в файле   80-244012881
На строке 11688   в файле   80-244013187
На строке 11689   в файле   80-244013121
На строке 11690   в файле   80-244013411
На строке 11691   в файле   80-249926612
На строке 11692   в файле   80-244787689
На строке 11693   в файле   80-244013674
На строке 11694   в файле   80-244013922
На строке 11695   в файле   80-244788100
На строке 11696   в файле   80-249926609
На строке 11697   в файле   80-244014963
На строке 11698   в файле   80-244014705
На строке 11699   в файле   80-244015738
На строке 11700   в файле   80-244788799
На строке 11701   в файле   80-244015992
На строке 11702   в файле   80-244788749
На строке 11703   в файле   80-244016254
На строке 11704   в файле   80-251387048
На строке 11705   в файле   80-244016826
На строке 11706   в файле   80-249926759
На строке 11707   в файле   80-244789065
На строке 11708   в файле   80-244018223
На строке 11709   в файле   80-244789348
На строке 11710   в файле   80-244789376
На строке 11711   в файле   80-244018249
На строке 11712   в файле   80-244018871
На строке 11713   в файле   80-244789970
На строке 11714   в файле   80-244020481
На строке 11715   в файле   80-244790246
На строке 11716   в файле   80-244790566
На строке 11717   в файле   80-244021074
На строке 11718   в файле   80-244021287
На строке 11719   в файле   80-243854190
На строке 11720   в файле   80-243856595
На строке 11721   в файле   80-243857352
На строке 11722   в файле   80-243858788
На строке 11723   в файле   80-243861734
На строке 11724   в файле   80-243867206
На строке 11725   в файле   80-244633122
На строке 11726   в файле   80-244634523
На строке 11727   в файле   80-244636409
На строке 11728   в файле   80-244637341
На строке 11729   в файле   80-244642622
На строке 11730   в файле   80-244643360
На строке 11731   в файле   80-244644979
На строке 11732   в файле   80-244646449
На строке 11733   в файле   80-243854898
На строке 11734   в файле   80-243856435
На строке 11735   в файле   80-243864013
На строке 11736   в файле   80-243864040
На строке 11737   в файле   80-243865858
На строке 11738   в файле   80-243867723
На строке 11739   в файле   80-243868330
На строке 11740   в файле   80-243869782
На строке 11741   в файле   80-243871189
На строке 11742   в файле   80-244631958
На строке 11743   в файле   80-246269905
На строке 11744   в файле   80-249919406
На строке 11745   в файле   80-249919428
На строке 11746   в файле   80-249919458
На строке 11747   в файле   80-249919920
На строке 11748   в файле   80-249920016
На строке 11749   в файле   80-249919412
На строке 11750   в файле   80-252237567
На строке 11751   в файле   80-259253969
На строке 11752   в файле   80-260886494
На строке 11753   в файле   80-260788585
На строке 11754   в файле   80-244613637
На строке 11755   в файле   80-244614177
На строке 11756   в файле   80-244614442
На строке 11757   в файле   80-244614434
На строке 11758   в файле   80-249918180
На строке 11759   в файле   80-244615011
На строке 11760   в файле   80-244615598
На строке 11761   в файле   80-244615947
На строке 11762   в файле   80-249918293
На строке 11763   в файле   80-244613164
На строке 11764   в файле   80-252235490
На строке 11765   в файле   80-259245692
На строке 11766   в файле   80-245049222
На строке 11767   в файле   д. 40, кв. 7"
На строке 11768   в файле   80-261256346
На строке 11769   в файле   80-249963137
На строке 11770   в файле   80-261256435
На строке 11771   в файле   80-261257393
На строке 11772   в файле   80-261023916
На строке 11773   в файле   80-249961209
На строке 11774   в файле   80-249962130
На строке 11775   в файле   80-245032938
На строке 11776   в файле   80-249960894
На строке 11777   в файле   80-261016423
На строке 11778   в файле   80-261019199
На строке 11779   в файле   80-261024568
На строке 11780   в файле   80-245034131
На строке 11781   в файле   80-252283729
На строке 11782   в файле   80-245036553
На строке 11783   в файле   80-249963634
На строке 11784   в файле   80-249962237
На строке 11785   в файле   80-252283953
На строке 11786   в файле   80-249963759
На строке 11787   в файле   80-249964338
На строке 11788   в файле   80-249964117
На строке 11789   в файле   80-249963599
На строке 11790   в файле   80-249964874
На строке 11791   в файле   80-249965397
На строке 11792   в файле   80-249966540
На строке 11793   в файле   80-260093315
На строке 11794   в файле   80-248186869
На строке 11795   в файле   80-251977135
На строке 11796   в файле   80-251977530
На строке 11797   в файле   80-248192080
На строке 11798   в файле   80-248192102
На строке 11799   в файле   80-252441129
На строке 11800   в файле   80-248192935
На строке 11801   в файле   80-248193991
На строке 11802   в файле   80-260093870
На строке 11803   в файле   80-260093944
На строке 11804   в файле   80-260094179
На строке 11805   в файле   80-260094121
На строке 11806   в файле   80-260094128
На строке 11807   в файле   80-261162838
На строке 11808   в файле   80-260094367
На строке 11809   в файле   80-260094420
На строке 11810   в файле   80-260094520
На строке 11811   в файле   80-261162766
На строке 11812   в файле   80-260094914
На строке 11813   в файле   80-248187511
На строке 11814   в файле   80-248188145
На строке 11815   в файле   80-251976073
На строке 11816   в файле   80-251976259
На строке 11817   в файле   80-248188933
На строке 11818   в файле   80-248189327
На строке 11819   в файле   80-248189680
На строке 11820   в файле   80-248190603
На строке 11821   в файле   80-248190615
На строке 11822   в файле   80-248191319
На строке 11823   в файле   80-251977152
На строке 11824   в файле   80-252440474
На строке 11825   в файле   80-248186558
На строке 11826   в файле   80-248186884
На строке 11827   в файле   80-251975724
На строке 11828   в файле   80-260092943
На строке 11829   в файле   80-260093161
На строке 11830   в файле   80-260093425
На строке 11831   в файле   80-260103878
На строке 11832   в файле   80-251978764
На строке 11833   в файле   80-250571838
На строке 11834   в файле   80-250668822
На строке 11835   в файле   80-252451358
На строке 11836   в файле   80-250687702
На строке 11837   в файле   80-252020904
На строке 11838   в файле   80-250696890
На строке 11839   в файле   80-250701054
На строке 11840   в файле   80-250708356
На строке 11841   в файле   80-260104847
На строке 11842   в файле   80-260107561
На строке 11843   в файле   80-260111034
На строке 11844   в файле   80-261164847
На строке 11845   в файле   80-260113920
На строке 11846   в файле   80-260114838
На строке 11847   в файле   80-260116014
На строке 11848   в файле   80-260118021
На строке 11849   в файле   80-260120406
На строке 11850   в файле   80-260122326
На строке 11851   в файле   80-260125530
На строке 11852   в файле   80-248197474
На строке 11853   в файле   80-248206130
На строке 11854   в файле   80-248214365
На строке 11855   в файле   80-251981418
На строке 11856   в файле   80-248240107
На строке 11857   в файле   80-251985505
На строке 11858   в файле   80-251988046
На строке 11859   в файле   80-251990945
На строке 11860   в файле   80-251992659
На строке 11861   в файле   80-250554051
На строке 11862   в файле   80-248468253
На строке 11863   в файле   80-250587378
На строке 11864   в файле   80-250620490
На строке 11865   в файле   80-252000355
На строке 11866   в файле   80-248722732
На строке 11867   в файле   80-250645335
На строке 11868   в файле   80-248771859
На строке 11869   в файле   80-248779257
На строке 11870   в файле   80-250656966
На строке 11871   в файле   80-252009992
На строке 11872   в файле   80-250669465
На строке 11873   в файле   80-252014676
На строке 11874   в файле   80-250673063
На строке 11875   в файле   80-250679077
На строке 11876   в файле   80-250685486
На строке 11877   в файле   80-250686057
На строке 11878   в файле   80-250686227
На строке 11879   в файле   80-250686441
На строке 11880   в файле   80-250686858
На строке 11881   в файле   80-250687270
На строке 11882   в файле   80-250688794
На строке 11883   в файле   80-250689010
На строке 11884   в файле   80-250689200
На строке 11885   в файле   80-250689624
На строке 11886   в файле   80-250689967
На строке 11887   в файле   80-250690388
На строке 11888   в файле   80-250690453
На строке 11889   в файле   80-250691575
На строке 11890   в файле   80-250691622
На строке 11891   в файле   80-250692021
На строке 11892   в файле   80-250692303
На строке 11893   в файле   80-252021276
На строке 11894   в файле   80-250693679
На строке 11895   в файле   80-250693912
На строке 11896   в файле   80-250694001
На строке 11897   в файле   80-250694566
На строке 11898   в файле   80-250694452
На строке 11899   в файле   80-252021752
На строке 11900   в файле   80-252022243
На строке 11901   в файле   80-250696144
На строке 11902   в файле   80-250696268
На строке 11903   в файле   80-250697393
На строке 11904   в файле   80-250697693
На строке 11905   в файле   80-250697866
На строке 11906   в файле   80-250698275
На строке 11907   в файле   80-250698451
На строке 11908   в файле   80-252022630
На строке 11909   в файле   80-252022689
На строке 11910   в файле   80-252022889
На строке 11911   в файле   80-250700549
На строке 11912   в файле   80-252023090
На строке 11913   в файле   80-250702286
На строке 11914   в файле   80-252023492
На строке 11915   в файле   80-250702584
На строке 11916   в файле   80-252023735
На строке 11917   в файле   80-250704410
На строке 11918   в файле   80-250705014
На строке 11919   в файле   80-250705100
На строке 11920   в файле   80-250705720
На строке 11921   в файле   80-250706314
На строке 11922   в файле   80-250706379
На строке 11923   в файле   80-250707991
На строке 11924   в файле   80-250709048
На строке 11925   в файле   80-252024523
На строке 11926   в файле   80-250709719
На строке 11927   в файле   80-250709786
На строке 11928   в файле   80-250710341
На строке 11929   в файле   80-250710447
На строке 11930   в файле   80-250711042
На строке 11931   в файле   80-250711065
На строке 11932   в файле   80-250712128
На строке 11933   в файле   80-250712621
На строке 11934   в файле   80-250712974
На строке 11935   в файле   80-260105205
На строке 11936   в файле   80-261164360
На строке 11937   в файле   80-261164528
На строке 11938   в файле   80-260105899
На строке 11939   в файле   80-260106113
На строке 11940   в файле   80-260106357
На строке 11941   в файле   80-260106740
На строке 11942   в файле   80-260107072
На строке 11943   в файле   80-260107220
На строке 11944   в файле   80-260107484
На строке 11945   в файле   80-260107736
На строке 11946   в файле   80-260107904
На строке 11947   в файле   80-260108075
На строке 11948   в файле   80-260108329
На строке 11949   в файле   80-260108593
На строке 11950   в файле   80-260108709
На строке 11951   в файле   80-260108993
На строке 11952   в файле   80-260109415
На строке 11953   в файле   80-260109695
На строке 11954   в файле   80-260109796
На строке 11955   в файле   80-260110041
На строке 11956   в файле   80-260111259
На строке 11957   в файле   80-260111625
На строке 11958   в файле   80-260111895
На строке 11959   в файле   80-261164957
На строке 11960   в файле   80-260112587
На строке 11961   в файле   80-260112657
На строке 11962   в файле   80-260112895
На строке 11963   в файле   80-261164946
На строке 11964   в файле   80-260113638
На строке 11965   в файле   80-260113642
На строке 11966   в файле   80-260113927
На строке 11967   в файле   80-260114321
На строке 11968   в файле   80-260114207
На строке 11969   в файле   80-260114232
На строке 11970   в файле   80-260114406
На строке 11971   в файле   80-260114603
На строке 11972   в файле   80-260114493
На строке 11973   в файле   80-260114581
На строке 11974   в файле   80-260114656
На строке 11975   в файле   80-260114796
На строке 11976   в файле   80-260114947
На строке 11977   в файле   80-261164987
На строке 11978   в файле   80-260115175
На строке 11979   в файле   80-260115465
На строке 11980   в файле   80-260115443
На строке 11981   в файле   80-260115502
На строке 11982   в файле   80-261164997
На строке 11983   в файле   80-261165331
На строке 11984   в файле   80-260115755
На строке 11985   в файле   80-260115862
На строке 11986   в файле   80-260116005
На строке 11987   в файле   80-261165395
На строке 11988   в файле   80-260116228
На строке 11989   в файле   80-260116277
На строке 11990   в файле   80-260116362
На строке 11991   в файле   80-260116809
На строке 11992   в файле   80-260117025
На строке 11993   в файле   80-260117117
На строке 11994   в файле   80-260117289
На строке 11995   в файле   80-260117436
На строке 11996   в файле   80-260118000
На строке 11997   в файле   80-261165397
На строке 11998   в файле   80-260118127
На строке 11999   в файле   80-260118712
На строке 12000   в файле   80-260118730
На строке 12001   в файле   80-260118737
На строке 12002   в файле   80-261165435
На строке 12003   в файле   80-260119925
На строке 12004   в файле   80-260120192
На строке 12005   в файле   80-261165834
На строке 12006   в файле   80-260120445
На строке 12007   в файле   80-260120407
На строке 12008   в файле   80-260120692
На строке 12009   в файле   80-260120646
На строке 12010   в файле   80-260120846
На строке 12011   в файле   80-261165879
На строке 12012   в файле   80-260121372
На строке 12013   в файле   80-260121328
На строке 12014   в файле   80-260121949
На строке 12015   в файле   80-260122361
На строке 12016   в файле   80-260122762
На строке 12017   в файле   80-260122658
На строке 12018   в файле   80-261165989
На строке 12019   в файле   80-260123326
На строке 12020   в файле   80-260123996
На строке 12021   в файле   80-260124239
На строке 12022   в файле   80-260124504
На строке 12023   в файле   80-260124815
На строке 12024   в файле   80-260125076
На строке 12025   в файле   80-260125340
На строке 12026   в файле   80-260125431
На строке 12027   в файле   80-260125811
На строке 12028   в файле   80-261166714
На строке 12029   в файле   80-260125935
На строке 12030   в файле   80-260126166
На строке 12031   в файле   80-260126321
На строке 12032   в файле   80-260126431
На строке 12033   в файле   80-260126740
На строке 12034   в файле   80-260127028
На строке 12035   в файле   80-260127306
На строке 12036   в файле   80-251979023
На строке 12037   в файле   80-248198104
На строке 12038   в файле   80-251979144
На строке 12039   в файле   80-251979332
На строке 12040   в файле   80-251979540
На строке 12041   в файле   80-251979176
На строке 12042   в файле   80-248199213
На строке 12043   в файле   80-248202338
На строке 12044   в файле   80-248203053
На строке 12045   в файле   80-248204790
На строке 12046   в файле   80-248205660
На строке 12047   в файле   80-248206039
На строке 12048   в файле   80-248207601
На строке 12049   в файле   80-248207434
На строке 12050   в файле   80-252558392
На строке 12051   в файле   80-251980642
На строке 12052   в файле   80-248212601
На строке 12053   в файле   80-248212809
На строке 12054   в файле   80-248214287
На строке 12055   в файле   80-248215098
На строке 12056   в файле   80-248216083
На строке 12057   в файле   80-251980955
На строке 12058   в файле   80-251980942
На строке 12059   в файле   80-248217714
На строке 12060   в файле   80-248219248
На строке 12061   в файле   80-248220590
На строке 12062   в файле   80-248223064
На строке 12063   в файле   80-248223253
На строке 12064   в файле   80-248223031
На строке 12065   в файле   80-251981240
На строке 12066   в файле   80-248228424
На строке 12067   в файле   80-248229143
На строке 12068   в файле   80-252443282
На строке 12069   в файле   80-248232959
На строке 12070   в файле   80-248233748
На строке 12071   в файле   80-248233742
На строке 12072   в файле   80-248236460
На строке 12073   в файле   80-248237884
На строке 12074   в файле   80-248238725
На строке 12075   в файле   80-248239321
На строке 12076   в файле   80-251982672
На строке 12077   в файле   80-251983083
На строке 12078   в файле   80-251983453
На строке 12079   в файле   80-248245567
На строке 12080   в файле   80-248247789
На строке 12081   в файле   80-251983671
На строке 12082   в файле   80-248249160
На строке 12083   в файле   80-248249074
На строке 12084   в файле   80-248250735
На строке 12085   в файле   80-252445723
На строке 12086   в файле   80-248257842
На строке 12087   в файле   80-248259338
На строке 12088   в файле   80-251985996
На строке 12089   в файле   80-248264547
На строке 12090   в файле   80-251986701
На строке 12091   в файле   80-250510338
На строке 12092   в файле   80-248275909
На строке 12093   в файле   80-248276018
На строке 12094   в файле   80-251987370
На строке 12095   в файле   80-250511574
На строке 12096   в файле   80-251987645
На строке 12097   в файле   80-250517561
На строке 12098   в файле   80-251988550
На строке 12099   в файле   80-251989037
На строке 12100   в файле   80-251989395
На строке 12101   в файле   80-251989645
На строке 12102   в файле   80-250530925
На строке 12103   в файле   80-250531777
На строке 12104   в файле   80-251990389
На строке 12105   в файле   80-251990496
На строке 12106   в файле   80-250537309
На строке 12107   в файле   80-250538106
На строке 12108   в файле   80-250538164
На строке 12109   в файле   80-250539530
На строке 12110   в файле   80-248316535
На строке 12111   в файле   80-250541049
На строке 12112   в файле   80-248320722
На строке 12113   в файле   80-251991968
На строке 12114   в файле   80-251991989
На строке 12115   в файле   80-251992354
На строке 12116   в файле   80-250546058
На строке 12117   в файле   80-250547527
На строке 12118   в файле   80-250549079
На строке 12119   в файле   80-251993017
На строке 12120   в файле   80-250549140
На строке 12121   в файле   80-251992679
На строке 12122   в файле   80-251993148
На строке 12123   в файле   80-251993327
На строке 12124   в файле   80-251993475
На строке 12125   в файле   80-251993948
На строке 12126   в файле   80-251993802
На строке 12127   в файле   80-251995011
На строке 12128   в файле   80-251994835
На строке 12129   в файле   80-248377351
На строке 12130   в файле   80-248380977
На строке 12131   в файле   80-250558750
На строке 12132   в файле   80-251995486
На строке 12133   в файле   80-248397150
На строке 12134   в файле   80-248409759
На строке 12135   в файле   80-250569184
На строке 12136   в файле   80-248417953
На строке 12137   в файле   80-251996597
На строке 12138   в файле   80-250574558
На строке 12139   в файле   80-250576133
На строке 12140   в файле   80-250575979
На строке 12141   в файле   80-251996482
На строке 12142   в файле   80-248510166
На строке 12143   в файле   80-251996501
На строке 12144   в файле   80-250583361
На строке 12145   в файле   80-251997093
На строке 12146   в файле   80-250586837
На строке 12147   в файле   80-251997308
На строке 12148   в файле   80-248561165
На строке 12149   в файле   80-250605825
На строке 12150   в файле   80-251997808
На строке 12151   в файле   80-251998418
На строке 12152   в файле   80-251998397
На строке 12153   в файле   80-251998674
На строке 12154   в файле   80-250615645
На строке 12155   в файле   80-251998987
На строке 12156   в файле   80-250617754
На строке 12157   в файле   80-251999041
На строке 12158   в файле   80-248587707
На строке 12159   в файле   80-250621215
На строке 12160   в файле   80-251999127
На строке 12161   в файле   80-250622890
На строке 12162   в файле   80-250623020
На строке 12163   в файле   80-250624332
На строке 12164   в файле   80-251999355
На строке 12165   в файле   80-252000169
На строке 12166   в файле   80-250630986
На строке 12167   в файле   80-248661934
На строке 12168   в файле   80-252001352
На строке 12169   в файле   80-250633585
На строке 12170   в файле   80-250633487
На строке 12171   в файле   80-250634089
На строке 12172   в файле   80-252001324
На строке 12173   в файле   80-250634757
На строке 12174   в файле   80-248700756
На строке 12175   в файле   80-250635664
На строке 12176   в файле   80-252001881
На строке 12177   в файле   80-252002519
На строке 12178   в файле   80-252002656
На строке 12179   в файле   80-252448148
На строке 12180   в файле   80-252004161
На строке 12181   в файле   80-252004486
На строке 12182   в файле   80-252004853
На строке 12183   в файле   80-250643601
На строке 12184   в файле   80-250643605
На строке 12185   в файле   80-252005938
На строке 12186   в файле   80-248756059
На строке 12187   в файле   80-248757188
На строке 12188   в файле   80-252006268
На строке 12189   в файле   80-250646076
На строке 12190   в файле   80-250646293
На строке 12191   в файле   80-252006425
На строке 12192   в файле   80-250648050
На строке 12193   в файле   80-250648700
На строке 12194   в файле   80-250648757
На строке 12195   в файле   80-250649385
На строке 12196   в файле   80-250650087
На строке 12197   в файле   80-250650195
На строке 12198   в файле   80-248774140
На строке 12199   в файле   80-248775431
На строке 12200   в файле   80-248775988
На строке 12201   в файле   80-248776419
На строке 12202   в файле   80-252007335
На строке 12203   в файле   80-248777269
На строке 12204   в файле   80-248777804
На строке 12205   в файле   80-248778167
На строке 12206   в файле   80-248778664
На строке 12207   в файле   80-250651058
На строке 12208   в файле   80-250651420
На строке 12209   в файле   80-250651798
На строке 12210   в файле   80-252007498
На строке 12211   в файле   80-250652617
На строке 12212   в файле   80-250652574
На строке 12213   в файле   80-250653207
На строке 12214   в файле   80-250653705
На строке 12215   в файле   80-252008134
На строке 12216   в файле   80-250656660
На строке 12217   в файле   80-250658013
На строке 12218   в файле   80-250657469
На строке 12219   в файле   80-250657988
На строке 12220   в файле   80-252009093
На строке 12221   в файле   80-250659695
На строке 12222   в файле   80-250660232
На строке 12223   в файле   80-250661753
На строке 12224   в файле   80-250662382
На строке 12225   в файле   80-250663092
На строке 12226   в файле   80-250663561
На строке 12227   в файле   80-250663778
На строке 12228   в файле   80-252010125
На строке 12229   в файле   80-250665357
На строке 12230   в файле   80-250665855
На строке 12231   в файле   80-250665830
На строке 12232   в файле   80-252010546
На строке 12233   в файле   80-252010959
На строке 12234   в файле   80-252449699
На строке 12235   в файле   80-252449710
На строке 12236   в файле   80-252012363
На строке 12237   в файле   80-250667710
На строке 12238   в файле   80-250669125
На строке 12239   в файле   80-250669327
На строке 12240   в файле   80-250669803
На строке 12241   в файле   80-250670311
На строке 12242   в файле   80-252451307
На строке 12243   в файле   80-250671574
На строке 12244   в файле   80-250672016
На строке 12245   в файле   80-250672501
На строке 12246   в файле   80-250672483
На строке 12247   в файле   80-250672632
На строке 12248   в файле   80-250673060
На строке 12249   в файле   80-250673472
На строке 12250   в файле   80-250674131
На строке 12251   в файле   80-250674607
На строке 12252   в файле   80-252016435
На строке 12253   в файле   80-250675783
На строке 12254   в файле   80-250676131
На строке 12255   в файле   80-250676469
На строке 12256   в файле   80-250677035
На строке 12257   в файле   80-250677041
На строке 12258   в файле   80-250678032
На строке 12259   в файле   80-250679315
На строке 12260   в файле   80-250679336
На строке 12261   в файле   80-250679339
На строке 12262   в файле   80-250679598
На строке 12263   в файле   80-250680181
На строке 12264   в файле   80-250680358
На строке 12265   в файле   80-250680907
На строке 12266   в файле   80-250681097
На строке 12267   в файле   80-250681107
На строке 12268   в файле   80-250682148
На строке 12269   в файле   80-252018933
На строке 12270   в файле   80-250683199
На строке 12271   в файле   80-250683211
На строке 12272   в файле   80-250683933
На строке 12273   в файле   80-250684468
На строке 12274   в файле   80-250684314
На строке 12275   в файле   80-250684701
На строке 12276   в файле   80-252019581
На строке 12277   в файле   80-252019513
На строке 12278   в файле   80-250685254
На строке 12279   в файле   80-250686075
На строке 12280   в файле   80-248194213
На строке 12281   в файле   80-248193285
На строке 12282   в файле   80-251978297
На строке 12283   в файле   80-251978437
На строке 12284   в файле   80-259176111
На строке 12285   в файле   80-260101821
На строке 12286   в файле   80-260104040
На строке 12287   в файле   80-260104305
На строке 12288   в файле   80-260104618
На строке 12289   в файле   80-260117414
На строке 12290   в файле   80-248198151
На строке 12291   в файле   80-250618474
На строке 12292   в файле   80-252012396
На строке 12293   в файле   80-250714334
На строке 12294   в файле   80-250783157
На строке 12295   в файле   80-250794928
На строке 12296   в файле   80-252036361
На строке 12297   в файле   80-250812863
На строке 12298   в файле   80-260117677
На строке 12299   в файле   80-260119458
На строке 12300   в файле   80-260121213
На строке 12301   в файле   80-260122760
На строке 12302   в файле   80-260124606
На строке 12303   в файле   80-260127035
На строке 12304   в файле   80-260128353
На строке 12305   в файле   80-260129214
На строке 12306   в файле   80-260130594
На строке 12307   в файле   80-260131605
На строке 12308   в файле   80-251979504
На строке 12309   в файле   80-251980636
На строке 12310   в файле   80-248221484
На строке 12311   в файле   80-248221415
На строке 12312   в файле   80-251982826
На строке 12313   в файле   80-248255099
На строке 12314   в файле   80-250511853
На строке 12315   в файле   80-251991469
На строке 12316   в файле   80-251993990
На строке 12317   в файле   80-250568347
На строке 12318   в файле   80-252560702
На строке 12319   в файле   80-251999047
На строке 12320   в файле   80-252000671
На строке 12321   в файле   80-252001664
На строке 12322   в файле   80-252005477
На строке 12323   в файле   80-250649730
На строке 12324   в файле   80-248774960
На строке 12325   в файле   80-250651760
На строке 12326   в файле   80-250654556
На строке 12327   в файле   80-250659970
На строке 12328   в файле   80-250662822
На строке 12329   в файле   80-252450247
На строке 12330   в файле   80-250671573
На строке 12331   в файле   80-252016695
На строке 12332   в файле   80-250679810
На строке 12333   в файле   80-250683871
На строке 12334   в файле   80-250687544
На строке 12335   в файле   80-250690692
На строке 12336   в файле   80-250692720
На строке 12337   в файле   80-250698410
На строке 12338   в файле   80-250704434
На строке 12339   в файле   80-250715217
На строке 12340   в файле   80-252026657
На строке 12341   в файле   80-250731689
На строке 12342   в файле   80-250740082
На строке 12343   в файле   80-250749266
На строке 12344   в файле   80-250764521
На строке 12345   в файле   80-250776410
На строке 12346   в файле   80-250778078
На строке 12347   в файле   80-250782643
На строке 12348   в файле   80-252033263
На строке 12349   в файле   80-252033613
На строке 12350   в файле   80-250784978
На строке 12351   в файле   80-250786150
На строке 12352   в файле   80-250787375
На строке 12353   в файле   80-250786841
На строке 12354   в файле   80-250788735
На строке 12355   в файле   80-250789935
На строке 12356   в файле   80-252034005
На строке 12357   в файле   80-250791101
На строке 12358   в файле   80-252034376
На строке 12359   в файле   80-250796178
На строке 12360   в файле   80-252035210
На строке 12361   в файле   80-250798417
На строке 12362   в файле   80-252035368
На строке 12363   в файле   80-252035711
На строке 12364   в файле   80-252035923
На строке 12365   в файле   80-250802612
На строке 12366   в файле   80-252036268
На строке 12367   в файле   80-252036047
На строке 12368   в файле   80-250804384
На строке 12369   в файле   80-250806603
На строке 12370   в файле   80-250806543
На строке 12371   в файле   80-252036611
На строке 12372   в файле   80-250807249
На строке 12373   в файле   80-250808284
На строке 12374   в файле   80-252036845
На строке 12375   в файле   80-250809439
На строке 12376   в файле   80-252036979
На строке 12377   в файле   80-250810504
На строке 12378   в файле   80-252037148
На строке 12379   в файле   80-250814027
На строке 12380   в файле   80-250813372
На строке 12381   в файле   80-250815032
На строке 12382   в файле   80-252037320
На строке 12383   в файле   80-252038083
На строке 12384   в файле   80-250816027
На строке 12385   в файле   80-252038215
На строке 12386   в файле   80-250817655
На строке 12387   в файле   80-252038217
На строке 12388   в файле   80-250819109
На строке 12389   в файле   80-260117573
На строке 12390   в файле   80-260117717
На строке 12391   в файле   80-260117721
На строке 12392   в файле   80-260118325
На строке 12393   в файле   80-260118595
На строке 12394   в файле   80-260118596
На строке 12395   в файле   80-260119006
На строке 12396   в файле   80-260118977
На строке 12397   в файле   80-260119320
На строке 12398   в файле   80-260119318
На строке 12399   в файле   80-260119821
На строке 12400   в файле   80-260119796
На строке 12401   в файле   80-260119948
На строке 12402   в файле   80-260120040
На строке 12403   в файле   80-260120291
На строке 12404   в файле   80-260120489
На строке 12405   в файле   80-260120694
На строке 12406   в файле   80-260120932
На строке 12407   в файле   80-260121071
На строке 12408   в файле   80-260121081
На строке 12409   в файле   80-260121323
На строке 12410   в файле   80-260121583
На строке 12411   в файле   80-260121650
На строке 12412   в файле   80-260121680
На строке 12413   в файле   80-260121935
На строке 12414   в файле   80-260123015
На строке 12415   в файле   80-260122321
На строке 12416   в файле   80-260122380
На строке 12417   в файле   80-260122204
На строке 12418   в файле   80-260123857
На строке 12419   в файле   80-260123034
На строке 12420   в файле   80-261166342
На строке 12421   в файле   80-260124130
На строке 12422   в файле   80-260123454
На строке 12423   в файле   80-260123468
На строке 12424   в файле   80-260123633
На строке 12425   в файле   80-260123731
На строке 12426   в файле   80-260124240
На строке 12427   в файле   80-260125316
На строке 12428   в файле   80-260124926
На строке 12429   в файле   80-260125060
На строке 12430   в файле   80-260125635
На строке 12431   в файле   80-260125607
На строке 12432   в файле   80-260126038
На строке 12433   в файле   80-260126189
На строке 12434   в файле   80-260126557
На строке 12435   в файле   80-260126695
На строке 12436   в файле   80-260126608
На строке 12437   в файле   80-260126840
На строке 12438   в файле   80-260127302
На строке 12439   в файле   80-260127666
На строке 12440   в файле   80-260127404
На строке 12441   в файле   80-260127510
На строке 12442   в файле   80-260127644
На строке 12443   в файле   80-260128102
На строке 12444   в файле   80-260128070
На строке 12445   в файле   80-260128117
На строке 12446   в файле   80-260128212
На строке 12447   в файле   80-260128420
На строке 12448   в файле   80-260128506
На строке 12449   в файле   80-260128543
На строке 12450   в файле   80-260128626
На строке 12451   в файле   80-260128786
На строке 12452   в файле   80-260128787
На строке 12453   в файле   80-260128923
На строке 12454   в файле   80-260128906
На строке 12455   в файле   80-260129024
На строке 12456   в файле   80-260129190
На строке 12457   в файле   80-260129457
На строке 12458   в файле   80-260129340
На строке 12459   в файле   80-260129729
На строке 12460   в файле   80-260129898
На строке 12461   в файле   80-260129727
На строке 12462   в файле   80-260129776
На строке 12463   в файле   80-260130000
На строке 12464   в файле   80-260130020
На строке 12465   в файле   80-260130161
На строке 12466   в файле   80-260130315
На строке 12467   в файле   80-260130444
На строке 12468   в файле   80-260130582
На строке 12469   в файле   80-260130642
На строке 12470   в файле   80-260130701
На строке 12471   в файле   80-260130860
На строке 12472   в файле   80-260130829
На строке 12473   в файле   80-260131229
На строке 12474   в файле   80-260131208
На строке 12475   в файле   80-260131136
На строке 12476   в файле   80-260131430
На строке 12477   в файле   80-260131365
На строке 12478   в файле   80-260131844
На строке 12479   в файле   80-260132016
На строке 12480   в файле   80-260132054
На строке 12481   в файле   80-260131869
На строке 12482   в файле   80-260132129
На строке 12483   в файле   80-260132301
На строке 12484   в файле   80-260132392
На строке 12485   в файле   80-260132528
На строке 12486   в файле   80-260132714
На строке 12487   в файле   80-260132958
На строке 12488   в файле   80-260132872
На строке 12489   в файле   80-260133272
На строке 12490   в файле   80-251979539
На строке 12491   в файле   80-248202973
На строке 12492   в файле   80-248203044
На строке 12493   в файле   80-248203548
На строке 12494   в файле   80-248204162
На строке 12495   в файле   80-248204293
На строке 12496   в файле   80-248205406
На строке 12497   в файле   80-248207562
На строке 12498   в файле   80-248207410
На строке 12499   в файле   80-251980409
На строке 12500   в файле   80-251980643
На строке 12501   в файле   80-248212589
На строке 12502   в файле   80-248212765
На строке 12503   в файле   80-248213682
На строке 12504   в файле   80-248214330
На строке 12505   в файле   80-248216832
На строке 12506   в файле   80-248217794
На строке 12507   в файле   80-248217664
На строке 12508   в файле   80-251980951
На строке 12509   в файле   80-251981220
На строке 12510   в файле   80-248223044
На строке 12511   в файле   80-251981554
На строке 12512   в файле   80-248227425
На строке 12513   в файле   80-248227629
На строке 12514   в файле   80-251981853
На строке 12515   в файле   80-252443253
На строке 12516   в файле   80-252443128
На строке 12517   в файле   80-248235596
На строке 12518   в файле   80-248237266
На строке 12519   в файле   80-248239388
На строке 12520   в файле   80-252443915
На строке 12521   в файле   80-251982671
На строке 12522   в файле   80-248240863
На строке 12523   в файле   80-251982983
На строке 12524   в файле   80-248246440
На строке 12525   в файле   80-248247763
На строке 12526   в файле   80-251983798
На строке 12527   в файле   80-248248451
На строке 12528   в файле   80-248249822
На строке 12529   в файле   80-252444451
На строке 12530   в файле   80-248254416
На строке 12531   в файле   80-252445091
На строке 12532   в файле   80-248258487
На строке 12533   в файле   80-251985823
На строке 12534   в файле   80-248262899
На строке 12535   в файле   80-251986303
На строке 12536   в файле   80-248265160
На строке 12537   в файле   80-251986698
На строке 12538   в файле   80-248275297
На строке 12539   в файле   80-248275223
На строке 12540   в файле   80-248276004
На строке 12541   в файле   80-250511839
На строке 12542   в файле   80-250516690
На строке 12543   в файле   80-251988754
На строке 12544   в файле   80-251989336
На строке 12545   в файле   80-248310240
На строке 12546   в файле   80-251989871
На строке 12547   в файле   80-251990080
На строке 12548   в файле   80-251990386
На строке 12549   в файле   80-251990731
На строке 12550   в файле   80-250540215
На строке 12551   в файле   80-250540245
На строке 12552   в файле   80-250541651
На строке 12553   в файле   80-251991224
На строке 12554   в файле   80-248325767
На строке 12555   в файле   80-251991639
На строке 12556   в файле   80-251992311
На строке 12557   в файле   80-251992180
На строке 12558   в файле   80-250546757
На строке 12559   в файле   80-250546931
На строке 12560   в файле   80-250547504
На строке 12561   в файле   80-251993003
На строке 12562   в файле   80-250551149
На строке 12563   в файле   80-251993388
На строке 12564   в файле   80-248364009
На строке 12565   в файле   80-248364952
На строке 12566   в файле   80-251994501
На строке 12567   в файле   80-252560676
На строке 12568   в файле   80-251995135
На строке 12569   в файле   80-248376736
На строке 12570   в файле   80-250557360
На строке 12571   в файле   80-250557531
На строке 12572   в файле   80-251995327
На строке 12573   в файле   80-248396382
На строке 12574   в файле   80-252560630
На строке 12575   в файле   80-248423969
На строке 12576   в файле   80-248436053
На строке 12577   в файле   80-251996177
На строке 12578   в файле   80-248448831
На строке 12579   в файле   80-250571171
На строке 12580   в файле   80-251996336
На строке 12581   в файле   80-250574572
На строке 12582   в файле   80-251996147
На строке 12583   в файле   80-250576239
На строке 12584   в файле   80-250577586
На строке 12585   в файле   80-248522091
На строке 12586   в файле   80-248532213
На строке 12587   в файле   80-250584760
На строке 12588   в файле   80-250585683
На строке 12589   в файле   80-250586039
На строке 12590   в файле   80-251997283
На строке 12591   в файле   80-251997456
На строке 12592   в файле   80-251997788
На строке 12593   в файле   80-250606779
На строке 12594   в файле   80-251998394
На строке 12595   в файле   80-250620281
На строке 12596   в файле   80-250620481
На строке 12597   в файле   80-250621786
На строке 12598   в файле   80-248594207
На строке 12599   в файле   80-250621715
На строке 12600   в файле   80-250623660
На строке 12601   в файле   80-250624817
На строке 12602   в файле   80-250625026
На строке 12603   в файле   80-248620379
На строке 12604   в файле   80-252446897
На строке 12605   в файле   80-252000378
На строке 12606   в файле   80-250631010
На строке 12607   в файле   80-248662580
На строке 12608   в файле   80-248666686
На строке 12609   в файле   80-250633558
На строке 12610   в файле   80-250632884
На строке 12611   в файле   80-250634577
На строке 12612   в файле   80-248697940
На строке 12613   в файле   80-252001372
На строке 12614   в файле   80-252001653
На строке 12615   в файле   80-248721945
На строке 12616   в файле   80-252002362
На строке 12617   в файле   80-252002672
На строке 12618   в файле   80-252003132
На строке 12619   в файле   80-252003226
На строке 12620   в файле   80-252004394
На строке 12621   в файле   80-248745549
На строке 12622   в файле   80-252005462
На строке 12623   в файле   80-252005647
На строке 12624   в файле   80-252005875
На строке 12625   в файле   80-250644919
На строке 12626   в файле   80-248756920
На строке 12627   в файле   80-250646018
На строке 12628   в файле   80-250646024
На строке 12629   в файле   80-252006342
На строке 12630   в файле   80-252562248
На строке 12631   в файле   80-250648487
На строке 12632   в файле   80-250648699
На строке 12633   в файле   80-250649067
На строке 12634   в файле   80-250649445
На строке 12635   в файле   80-248770397
На строке 12636   в файле   80-248771504
На строке 12637   в файле   80-248772227
На строке 12638   в файле   80-248772546
На строке 12639   в файле   80-248772798
На строке 12640   в файле   80-248773098
На строке 12641   в файле   80-248773338
На строке 12642   в файле   80-248773802
На строке 12643   в файле   80-248774469
На строке 12644   в файле   80-248774708
На строке 12645   в файле   80-248775113
На строке 12646   в файле   80-248775808
На строке 12647   в файле   80-248776302
На строке 12648   в файле   80-248776594
На строке 12649   в файле   80-248776990
На строке 12650   в файле   80-248777597
На строке 12651   в файле   80-248778009
На строке 12652   в файле   80-248778489
На строке 12653   в файле   80-248779054
На строке 12654   в файле   80-250651074
На строке 12655   в файле   80-250651783
На строке 12656   в файле   80-250651767
На строке 12657   в файле   80-250652408
На строке 12658   в файле   80-250652363
На строке 12659   в файле   80-252007531
На строке 12660   в файле   80-250653135
На строке 12661   в файле   80-250653147
На строке 12662   в файле   80-250653445
На строке 12663   в файле   80-250654257
На строке 12664   в файле   80-250654362
На строке 12665   в файле   80-250654836
На строке 12666   в файле   80-250655219
На строке 12667   в файле   80-250655349
На строке 12668   в файле   80-252008563
На строке 12669   в файле   80-250656991
На строке 12670   в файле   80-250656999
На строке 12671   в файле   80-250657226
На строке 12672   в файле   80-250657471
На строке 12673   в файле   80-250657566
На строке 12674   в файле   80-250658061
На строке 12675   в файле   80-250660250
На строке 12676   в файле   80-250660697
На строке 12677   в файле   80-250660762
На строке 12678   в файле   80-250661226
На строке 12679   в файле   80-250661242
На строке 12680   в файле   80-252449144
На строке 12681   в файле   80-252009297
На строке 12682   в файле   80-250662204
На строке 12683   в файле   80-250662339
На строке 12684   в файле   80-250662641
На строке 12685   в файле   80-250663279
На строке 12686   в файле   80-250663317
На строке 12687   в файле   80-250663766
На строке 12688   в файле   80-250663812
На строке 12689   в файле   80-250665110
На строке 12690   в файле   80-250665359
На строке 12691   в файле   80-250665864
На строке 12692   в файле   80-250665875
На строке 12693   в файле   80-252010568
На строке 12694   в файле   80-252010801
На строке 12695   в файле   80-250667393
На строке 12696   в файле   80-250667862
На строке 12697   в файле   80-252012991
На строке 12698   в файле   80-252013954
На строке 12699   в файле   80-250668356
На строке 12700   в файле   80-250668528
На строке 12701   в файле   80-252014847
На строке 12702   в файле   80-250668852
На строке 12703   в файле   80-250669632
На строке 12704   в файле   80-250669804
На строке 12705   в файле   80-252450822
На строке 12706   в файле   80-252016192
На строке 12707   в файле   80-250672167
На строке 12708   в файле   80-250672437
На строке 12709   в файле   80-250672619
На строке 12710   в файле   80-250673590
На строке 12711   в файле   80-250674008
На строке 12712   в файле   80-250673909
На строке 12713   в файле   80-252016444
На строке 12714   в файле   80-250674347
На строке 12715   в файле   80-250674739
На строке 12716   в файле   80-250674757
На строке 12717   в файле   80-252016857
На строке 12718   в файле   80-250675790
На строке 12719   в файле   80-250675939
На строке 12720   в файле   80-250676107
На строке 12721   в файле   80-250676565
На строке 12722   в файле   80-252017042
На строке 12723   в файле   80-250678030
На строке 12724   в файле   80-250678115
На строке 12725   в файле   80-252017985
На строке 12726   в файле   80-250679613
На строке 12727   в файле   80-250679984
На строке 12728   в файле   80-250680174
На строке 12729   в файле   80-252018320
На строке 12730   в файле   80-250680537
На строке 12731   в файле   80-250681396
На строке 12732   в файле   80-250681569
На строке 12733   в файле   80-250681981
На строке 12734   в файле   80-250682113
На строке 12735   в файле   80-252019193
На строке 12736   в файле   80-250683212
На строке 12737   в файле   80-250683534
На строке 12738   в файле   80-250683524
На строке 12739   в файле   80-250684086
На строке 12740   в файле   80-252019336
На строке 12741   в файле   80-252019644
На строке 12742   в файле   80-250685658
На строке 12743   в файле   80-250685867
На строке 12744   в файле   80-250686040
На строке 12745   в файле   80-250686475
На строке 12746   в файле   80-250687029
На строке 12747   в файле   80-250686881
На строке 12748   в файле   80-250687350
На строке 12749   в файле   80-252019966
На строке 12750   в файле   80-252020442
На строке 12751   в файле   80-250688805
На строке 12752   в файле   80-250689162
На строке 12753   в файле   80-250689161
На строке 12754   в файле   80-250689399
На строке 12755   в файле   80-250689575
На строке 12756   в файле   80-250690067
На строке 12757   в файле   80-250690387
На строке 12758   в файле   80-252020477
На строке 12759   в файле   80-250690699
На строке 12760   в файле   80-250691167
На строке 12761   в файле   80-252020714
На строке 12762   в файле   80-250691433
На строке 12763   в файле   80-252020854
На строке 12764   в файле   80-250691906
На строке 12765   в файле   80-250691815
На строке 12766   в файле   80-250692213
На строке 12767   в файле   80-250692507
На строке 12768   в файле   80-250692688
На строке 12769   в файле   80-250694160
На строке 12770   в файле   80-250694371
На строке 12771   в файле   80-252021856
На строке 12772   в файле   80-252022035
На строке 12773   в файле   80-252022289
На строке 12774   в файле   80-250696088
На строке 12775   в файле   80-250696458
На строке 12776   в файле   80-250696861
На строке 12777   в файле   80-250697039
На строке 12778   в файле   80-250697217
На строке 12779   в файле   80-250697297
На строке 12780   в файле   80-250698067
На строке 12781   в файле   80-250698846
На строке 12782   в файле   80-250700517
На строке 12783   в файле   80-252023035
На строке 12784   в файле   80-250701539
На строке 12785   в файле   80-250701773
На строке 12786   в файле   80-250701871
На строке 12787   в файле   80-250702417
На строке 12788   в файле   80-250702591
На строке 12789   в файле   80-252023521
На строке 12790   в файле   80-250704412
На строке 12791   в файле   80-250703614
На строке 12792   в файле   80-250705690
На строке 12793   в файле   80-250706319
На строке 12794   в файле   80-250706928
На строке 12795   в файле   80-252024129
На строке 12796   в файле   80-250707700
На строке 12797   в файле   80-250708379
На строке 12798   в файле   80-252024307
На строке 12799   в файле   80-250709076
На строке 12800   в файле   80-250710321
На строке 12801   в файле   80-252024687
На строке 12802   в файле   80-250715214
На строке 12803   в файле   80-250716169
На строке 12804   в файле   80-250716174
На строке 12805   в файле   80-250717181
На строке 12806   в файле   80-250717258
На строке 12807   в файле   80-250718713
На строке 12808   в файле   80-250719368
На строке 12809   в файле   80-250720282
На строке 12810   в файле   80-252026632
На строке 12811   в файле   80-250723945
На строке 12812   в файле   80-250725126
На строке 12813   в файле   80-250726417
На строке 12814   в файле   80-250727121
На строке 12815   в файле   80-250728371
На строке 12816   в файле   80-250727759
На строке 12817   в файле   80-250727732
На строке 12818   в файле   80-250729132
На строке 12819   в файле   80-250730426
На строке 12820   в файле   80-250730392
На строке 12821   в файле   80-250731772
На строке 12822   в файле   80-250732987
На строке 12823   в файле   80-250733222
На строке 12824   в файле   80-250734440
На строке 12825   в файле   80-252027997
На строке 12826   в файле   80-250736970
На строке 12827   в файле   80-252452297
На строке 12828   в файле   80-250738241
На строке 12829   в файле   80-250738297
На строке 12830   в файле   80-250738689
На строке 12831   в файле   80-250739507
На строке 12832   в файле   80-252452738
На строке 12833   в файле   80-250741415
На строке 12834   в файле   80-250743297
На строке 12835   в файле   80-250744247
На строке 12836   в файле   80-250743949
На строке 12837   в файле   80-252562964
На строке 12838   в файле   80-250745921
На строке 12839   в файле   80-250746146
На строке 12840   в файле   80-250747362
На строке 12841   в файле   80-250748723
На строке 12842   в файле   80-250748678
На строке 12843   в файле   80-250748695
На строке 12844   в файле   80-250751273
На строке 12845   в файле   80-250753758
На строке 12846   в файле   80-250753215
На строке 12847   в файле   80-250756454
На строке 12848   в файле   80-250756537
На строке 12849   в файле   80-250757986
На строке 12850   в файле   80-252455216
На строке 12851   в файле   80-250762146
На строке 12852   в файле   80-250763385
На строке 12853   в файле   80-250764692
На строке 12854   в файле   80-250765681
На строке 12855   в файле   80-250766884
На строке 12856   в файле   80-252455605
На строке 12857   в файле   80-252031629
На строке 12858   в файле   80-252031818
На строке 12859   в файле   80-250770729
На строке 12860   в файле   80-250772316
На строке 12861   в файле   80-252032392
На строке 12862   в файле   80-250774049
На строке 12863   в файле   80-250775555
На строке 12864   в файле   80-252032593
На строке 12865   в файле   80-248197002
На строке 12866   в файле   80-251978621
На строке 12867   в файле   80-260117039
На строке 12868   в файле   80-260095520
На строке 12869   в файле   80-248216129
На строке 12870   в файле   80-250551345
На строке 12871   в файле   80-251995837
На строке 12872   в файле   80-250577650
На строке 12873   в файле   80-251998525
На строке 12874   в файле   80-248637574
На строке 12875   в файле   80-252002419
На строке 12876   в файле   80-250646300
На строке 12877   в файле   80-260095554
На строке 12878   в файле   80-260097169
На строке 12879   в файле   80-260098324
На строке 12880   в файле   80-260099160
На строке 12881   в файле   80-260100584
На строке 12882   в файле   80-260102037
На строке 12883   в файле   80-260104742
На строке 12884   в файле   80-260106392
На строке 12885   в файле   80-260109205
На строке 12886   в файле   80-260111075
На строке 12887   в файле   80-248216060
На строке 12888   в файле   80-248235460
На строке 12889   в файле   80-251983992
На строке 12890   в файле   80-251987037
На строке 12891   в файле   80-251989307
На строке 12892   в файле   80-251991633
На строке 12893   в файле   80-250547540
На строке 12894   в файле   80-248347396
На строке 12895   в файле   80-248349121
На строке 12896   в файле   80-250548881
На строке 12897   в файле   80-251993364
На строке 12898   в файле   80-251993720
На строке 12899   в файле   80-251994013
На строке 12900   в файле   80-251994500
На строке 12901   в файле   80-250554981
На строке 12902   в файле   80-250558046
На строке 12903   в файле   80-248380466
На строке 12904   в файле   80-251995151
На строке 12905   в файле   80-250558835
На строке 12906   в файле   80-251996169
На строке 12907   в файле   80-250569121
На строке 12908   в файле   80-248416862
На строке 12909   в файле   80-248421609
На строке 12910   в файле   80-248433720
На строке 12911   в файле   80-250570787
На строке 12912   в файле   80-248449609
На строке 12913   в файле   80-250571817
На строке 12914   в файле   80-250572738
На строке 12915   в файле   80-250574538
На строке 12916   в файле   80-251996821
На строке 12917   в файле   80-251996951
На строке 12918   в файле   80-250584175
На строке 12919   в файле   80-250585535
На строке 12920   в файле   80-250586099
На строке 12921   в файле   80-250586875
На строке 12922   в файле   80-248553752
На строке 12923   в файле   80-251997628
На строке 12924   в файле   80-251997888
На строке 12925   в файле   80-251998120
На строке 12926   в файле   80-250616768
На строке 12927   в файле   80-251998741
На строке 12928   в файле   80-250618892
На строке 12929   в файле   80-250619147
На строке 12930   в файле   80-250619706
На строке 12931   в файле   80-250621773
На строке 12932   в файле   80-250624456
На строке 12933   в файле   80-250624814
На строке 12934   в файле   80-251999358
На строке 12935   в файле   80-248636103
На строке 12936   в файле   80-252000686
На строке 12937   в файле   80-250631004
На строке 12938   в файле   80-248661192
На строке 12939   в файле   80-250632246
На строке 12940   в файле   80-250632320
На строке 12941   в файле   80-250632874
На строке 12942   в файле   80-250633669
На строке 12943   в файле   80-248698558
На строке 12944   в файле   80-252002200
На строке 12945   в файле   80-250636115
На строке 12946   в файле   80-252003006
На строке 12947   в файле   80-252448073
На строке 12948   в файле   80-252004163
На строке 12949   в файле   80-252004500
На строке 12950   в файле   80-252005248
На строке 12951   в файле   80-252004879
На строке 12952   в файле   80-252006426
На строке 12953   в файле   80-250645374
На строке 12954   в файле   80-248757498
На строке 12955   в файле   80-248757907
На строке 12956   в файле   80-250648066
На строке 12957   в файле   80-248767409
На строке 12958   в файле   80-248768759
На строке 12959   в файле   80-250649755
На строке 12960   в файле   80-248770583
На строке 12961   в файле   80-248771706
На строке 12962   в файле   80-248772927
На строке 12963   в файле   80-248773215
На строке 12964   в файле   80-248773615
На строке 12965   в файле   80-248774351
На строке 12966   в файле   80-261163041
На строке 12967   в файле   80-260095802
На строке 12968   в файле   80-260095832
На строке 12969   в файле   80-261163174
На строке 12970   в файле   80-260096147
На строке 12971   в файле   80-260096317
На строке 12972   в файле   80-260096468
На строке 12973   в файле   80-260096627
На строке 12974   в файле   80-260096853
На строке 12975   в файле   80-260096995
На строке 12976   в файле   80-260097190
На строке 12977   в файле   80-260097549
На строке 12978   в файле   80-260097745
На строке 12979   в файле   80-260097911
На строке 12980   в файле   80-260097908
На строке 12981   в файле   80-260098080
На строке 12982   в файле   80-260098137
На строке 12983   в файле   80-260098228
На строке 12984   в файле   80-260098194
На строке 12985   в файле   80-260098377
На строке 12986   в файле   80-260098459
На строке 12987   в файле   80-260098500
На строке 12988   в файле   80-260098560
На строке 12989   в файле   80-260098638
На строке 12990   в файле   80-260098892
На строке 12991   в файле   80-260098900
На строке 12992   в файле   80-260098918
На строке 12993   в файле   80-260099103
На строке 12994   в файле   80-260099139
На строке 12995   в файле   80-260099363
На строке 12996   в файле   80-260099391
На строке 12997   в файле   80-260099545
На строке 12998   в файле   80-260099641
На строке 12999   в файле   80-260099837
На строке 13000   в файле   80-260100055
На строке 13001   в файле   80-260100112
На строке 13002   в файле   80-260100177
На строке 13003   в файле   80-260100299
На строке 13004   в файле   80-260100494
На строке 13005   в файле   80-260100821
На строке 13006   в файле   80-260100979
На строке 13007   в файле   80-260101208
На строке 13008   в файле   80-260101332
На строке 13009   в файле   80-260101499
На строке 13010   в файле   80-260101557
На строке 13011   в файле   80-260101744
На строке 13012   в файле   80-260101825
На строке 13013   в файле   80-260101818
На строке 13014   в файле   80-260102032
На строке 13015   в файле   80-260102462
На строке 13016   в файле   80-260102685
На строке 13017   в файле   80-260102810
На строке 13018   в файле   80-260103081
На строке 13019   в файле   80-260103550
На строке 13020   в файле   80-260103713
На строке 13021   в файле   80-260103660
На строке 13022   в файле   80-260104113
На строке 13023   в файле   80-260104651
На строке 13024   в файле   80-260104997
На строке 13025   в файле   80-260105002
На строке 13026   в файле   80-260105320
На строке 13027   в файле   80-260105395
На строке 13028   в файле   80-260105403
На строке 13029   в файле   80-260105818
На строке 13030   в файле   80-260105896
На строке 13031   в файле   80-261164474
На строке 13032   в файле   80-260106105
На строке 13033   в файле   80-260106260
На строке 13034   в файле   80-260106487
На строке 13035   в файле   80-260106672
На строке 13036   в файле   80-260106878
На строке 13037   в файле   80-260106963
На строке 13038   в файле   80-260107221
На строке 13039   в файле   80-260107454
На строке 13040   в файле   80-260107615
На строке 13041   в файле   80-260107892
На строке 13042   в файле   80-260108154
На строке 13043   в файле   80-260108832
На строке 13044   в файле   80-260109240
На строке 13045   в файле   80-260109427
На строке 13046   в файле   80-260109523
На строке 13047   в файле   80-260109767
На строке 13048   в файле   80-260109947
На строке 13049   в файле   80-260110071
На строке 13050   в файле   80-260110394
На строке 13051   в файле   80-260110616
На строке 13052   в файле   80-260110617
На строке 13053   в файле   80-260110886
На строке 13054   в файле   80-260111173
На строке 13055   в файле   80-260111383
На строке 13056   в файле   80-260111585
На строке 13057   в файле   80-260111962
На строке 13058   в файле   80-260111926
На строке 13059   в файле   80-260112067
На строке 13060   в файле   80-260112334
На строке 13061   в файле   80-260112632
На строке 13062   в файле   80-260112636
На строке 13063   в файле   80-260112855
На строке 13064   в файле   80-248217655
На строке 13065   в файле   80-248219139
На строке 13066   в файле   80-248219882
На строке 13067   в файле   80-248220660
На строке 13068   в файле   80-251981544
На строке 13069   в файле   80-251981791
На строке 13070   в файле   80-248227545
На строке 13071   в файле   80-248229310
На строке 13072   в файле   80-251981871
На строке 13073   в файле   80-252559227
На строке 13074   в файле   80-248237183
На строке 13075   в файле   80-248237190
На строке 13076   в файле   80-248240046
На строке 13077   в файле   80-248240187
На строке 13078   в файле   80-251982956
На строке 13079   в файле   80-251983084
На строке 13080   в файле   80-248245442
На строке 13081   в файле   80-248246384
На строке 13082   в файле   80-251983855
На строке 13083   в файле   80-248249091
На строке 13084   в файле   80-252444594
На строке 13085   в файле   80-248255143
На строке 13086   в файле   80-252445217
На строке 13087   в файле   80-251985694
На строке 13088   в файле   80-251985696
На строке 13089   в файле   80-248262213
На строке 13090   в файле   80-248264564
На строке 13091   в файле   80-248265119
На строке 13092   в файле   80-251986535
На строке 13093   в файле   80-251986865
На строке 13094   в файле   80-251987210
На строке 13095   в файле   80-251987323
На строке 13096   в файле   80-250510673
На строке 13097   в файле   80-250511849
На строке 13098   в файле   80-251987701
На строке 13099   в файле   80-251988011
На строке 13100   в файле   80-251988150
На строке 13101   в файле   80-251988252
На строке 13102   в файле   80-251988551
На строке 13103   в файле   80-251988933
На строке 13104   в файле   80-251989975
На строке 13105   в файле   80-250532359
На строке 13106   в файле   80-251990594
На строке 13107   в файле   80-251990829
На строке 13108   в файле   80-250538887
На строке 13109   в файле   80-250538956
На строке 13110   в файле   80-251991156
На строке 13111   в файле   80-248316170
На строке 13112   в файле   80-250540852
На строке 13113   в файле   80-250541595
На строке 13114   в файле   80-250544719
На строке 13115   в файле   80-251992657
На строке 13116   в файле   80-260094840
На строке 13117   в файле   80-260095111
На строке 13118   в файле   80-248219954
На строке 13119   в файле   80-252559957
На строке 13120   в файле   80-250575331
На строке 13121   в файле   80-251997911
На строке 13122   в файле   80-250619585
На строке 13123   в файле   80-252000503
На строке 13124   в файле   80-252002074
На строке 13125   в файле   80-250645373
На строке 13126   в файле   80-261163043
На строке 13127   в файле   80-260096964
На строке 13128   в файле   80-261163484
На строке 13129   в файле   80-260099394
На строке 13130   в файле   80-260100757
На строке 13131   в файле   80-260102412
На строке 13132   в файле   80-260104381
На строке 13133   в файле   80-260106269
На строке 13134   в файле   80-260109140
На строке 13135   в файле   80-260111901
На строке 13136   в файле   80-248222515
На строке 13137   в файле   80-248244733
На строке 13138   в файле   80-251986010
На строке 13139   в файле   80-250517009
На строке 13140   в файле   80-251991655
На строке 13141   в файле   80-250552057
На строке 13142   в файле   80-251994639
На строке 13143   в файле   80-251994681
На строке 13144   в файле   80-251994853
На строке 13145   в файле   80-251995501
На строке 13146   в файле   80-251995476
На строке 13147   в файле   80-251995643
На строке 13148   в файле   80-250569278
На строке 13149   в файле   80-250569782
На строке 13150   в файле   80-248434473
На строке 13151   в файле   80-250570512
На строке 13152   в файле   80-248442046
На строке 13153   в файле   80-250614833
На строке 13154   в файле   80-250572175
На строке 13155   в файле   80-250572565
На строке 13156   в файле   80-250575531
На строке 13157   в файле   80-251996758
На строке 13158   в файле   80-251996947
На строке 13159   в файле   80-251997144
На строке 13160   в файле   80-250584144
На строке 13161   в файле   80-250584269
На строке 13162   в файле   80-250584811
На строке 13163   в файле   80-250587403
На строке 13164   в файле   80-250587507
На строке 13165   в файле   80-251997618
На строке 13166   в файле   80-251998090
На строке 13167   в файле   80-250606655
На строке 13168   в файле   80-250606592
На строке 13169   в файле   80-248571574
На строке 13170   в файле   80-252447507
На строке 13171   в файле   80-250614885
На строке 13172   в файле   80-251998699
На строке 13173   в файле   80-250616176
На строке 13174   в файле   80-250616960
На строке 13175   в файле   80-250617772
На строке 13176   в файле   80-250620415
На строке 13177   в файле   80-250620950
На строке 13178   в файле   80-248594502
На строке 13179   в файле   80-248594767
На строке 13180   в файле   80-250623520
На строке 13181   в файле   80-250623062
На строке 13182   в файле   80-250624934
На строке 13183   в файле   80-252446767
На строке 13184   в файле   80-252446811
На строке 13185   в файле   80-252000363
На строке 13186   в файле   80-250630373
На строке 13187   в файле   80-250631619
На строке 13188   в файле   80-250632311
На строке 13189   в файле   80-252001009
На строке 13190   в файле   80-252000996
На строке 13191   в файле   80-252001020
На строке 13192   в файле   80-248697287
На строке 13193   в файле   80-248699658
На строке 13194   в файле   80-250635136
На строке 13195   в файле   80-250635173
На строке 13196   в файле   80-252002020
На строке 13197   в файле   80-250637779
На строке 13198   в файле   80-252002868
На строке 13199   в файле   80-252002781
На строке 13200   в файле   80-250639184
На строке 13201   в файле   80-252448185
На строке 13202   в файле   80-252004696
На строке 13203   в файле   80-252004939
На строке 13204   в файле   80-252005065
На строке 13205   в файле   80-252005870
На строке 13206   в файле   80-248757658
На строке 13207   в файле   80-248758067
На строке 13208   в файле   80-252448095
На строке 13209   в файле   80-250647750
На строке 13210   в файле   80-250648025
На строке 13211   в файле   80-252449167
На строке 13212   в файле   80-248768373
На строке 13213   в файле   80-250648753
На строке 13214   в файле   80-248769176
На строке 13215   в файле   80-250649418
На строке 13216   в файле   80-260095436
На строке 13217   в файле   80-260095604
На строке 13218   в файле   80-260095786
На строке 13219   в файле   80-260096033
На строке 13220   в файле   80-260096070
На строке 13221   в файле   80-261163184
На строке 13222   в файле   80-260096376
На строке 13223   в файле   80-260096536
На строке 13224   в файле   80-260096651
На строке 13225   в файле   80-260096746
На строке 13226   в файле   80-260096965
На строке 13227   в файле   80-260096991
На строке 13228   в файле   80-260097268
На строке 13229   в файле   80-260097399
На строке 13230   в файле   80-260097422
На строке 13231   в файле   80-260097668
На строке 13232   в файле   80-260097783
На строке 13233   в файле   80-260097744
На строке 13234   в файле   80-260097661
На строке 13235   в файле   80-260097981
На строке 13236   в файле   80-260098098
На строке 13237   в файле   80-260098259
На строке 13238   в файле   80-260098433
На строке 13239   в файле   80-260098637
На строке 13240   в файле   80-260098594
На строке 13241   в файле   80-260098715
На строке 13242   в файле   80-260098738
На строке 13243   в файле   80-260098815
На строке 13244   в файле   80-260099161
На строке 13245   в файле   80-260099436
На строке 13246   в файле   80-260099613
На строке 13247   в файле   80-260099676
На строке 13248   в файле   80-260099887
На строке 13249   в файле   80-260099897
На строке 13250   в файле   80-260100092
На строке 13251   в файле   80-260100115
На строке 13252   в файле   80-260100364
На строке 13253   в файле   80-260100384
На строке 13254   в файле   80-260100587
На строке 13255   в файле   80-260100629
На строке 13256   в файле   80-260100875
На строке 13257   в файле   80-260100996
На строке 13258   в файле   80-260101101
На строке 13259   в файле   80-260101235
На строке 13260   в файле   80-260101365
На строке 13261   в файле   80-260101548
На строке 13262   в файле   80-260101735
На строке 13263   в файле   80-260101724
На строке 13264   в файле   80-260101966
На строке 13265   в файле   80-260102186
На строке 13266   в файле   80-260102473
На строке 13267   в файле   80-260102514
На строке 13268   в файле   80-260102895
На строке 13269   в файле   80-260102963
На строке 13270   в файле   80-261163633
На строке 13271   в файле   80-260103220
На строке 13272   в файле   80-260103307
На строке 13273   в файле   80-260103608
На строке 13274   в файле   80-261163901
На строке 13275   в файле   80-260104184
На строке 13276   в файле   80-260104395
На строке 13277   в файле   80-260104622
На строке 13278   в файле   80-261164021
На строке 13279   в файле   80-261164037
На строке 13280   в файле   80-260105007
На строке 13281   в файле   80-260105187
На строке 13282   в файле   80-260105662
На строке 13283   в файле   80-260105811
На строке 13284   в файле   80-260106013
На строке 13285   в файле   80-260106143
На строке 13286   в файле   80-260106490
На строке 13287   в файле   80-260106723
На строке 13288   в файле   80-260106945
На строке 13289   в файле   80-260107090
На строке 13290   в файле   80-260107210
На строке 13291   в файле   80-260107322
На строке 13292   в файле   80-260107642
На строке 13293   в файле   80-260108149
На строке 13294   в файле   80-260108535
На строке 13295   в файле   80-260108865
На строке 13296   в файле   80-260109393
На строке 13297   в файле   80-260109539
На строке 13298   в файле   80-260109709
На строке 13299   в файле   80-260110181
На строке 13300   в файле   80-260110389
На строке 13301   в файле   80-260110382
На строке 13302   в файле   80-260110641
На строке 13303   в файле   80-260110774
На строке 13304   в файле   80-260111293
На строке 13305   в файле   80-260111739
На строке 13306   в файле   80-260111978
На строке 13307   в файле   80-260112291
На строке 13308   в файле   80-260112645
На строке 13309   в файле   80-260112950
На строке 13310   в файле   80-260112976
На строке 13311   в файле   80-260113250
На строке 13312   в файле   80-260113283
На строке 13313   в файле   80-260113548
На строке 13314   в файле   80-260113837
На строке 13315   в файле   80-260113873
На строке 13316   в файле   80-251981228
На строке 13317   в файле   80-251981564
На строке 13318   в файле   80-248226612
На строке 13319   в файле   80-248227560
На строке 13320   в файле   80-248233753
На строке 13321   в файле   80-248234766
На строке 13322   в файле   80-248237247
На строке 13323   в файле   80-248238726
На строке 13324   в файле   80-248238583
На строке 13325   в файле   80-248240169
На строке 13326   в файле   80-251983447
На строке 13327   в файле   80-248246271
На строке 13328   в файле   80-248246322
На строке 13329   в файле   80-248247177
На строке 13330   в файле   80-248249081
На строке 13331   в файле   80-248250720
На строке 13332   в файле   80-251984780
На строке 13333   в файле   80-252445363
На строке 13334   в файле   80-251985687
На строке 13335   в файле   80-248258480
На строке 13336   в файле   80-251986178
На строке 13337   в файле   80-248265177
На строке 13338   в файле   80-251986998
На строке 13339   в файле   80-251987032
На строке 13340   в файле   80-248275345
На строке 13341   в файле   80-251987363
На строке 13342   в файле   80-251987460
На строке 13343   в файле   80-248288570
На строке 13344   в файле   80-251987821
На строке 13345   в файле   80-251988250
На строке 13346   в файле   80-251988456
На строке 13347   в файле   80-251988941
На строке 13348   в файле   80-248307311
На строке 13349   в файле   80-251990188
На строке 13350   в файле   80-250531637
На строке 13351   в файле   80-248312903
На строке 13352   в файле   80-251990737
На строке 13353   в файле   80-251991061
На строке 13354   в файле   80-250538185
На строке 13355   в файле   80-250540226
На строке 13356   в файле   80-251992055
На строке 13357   в файле   80-250545434
На строке 13358   в файле   80-250545389
На строке 13359   в файле   80-251992540
На строке 13360   в файле   80-248341567
На строке 13361   в файле   80-250548317
На строке 13362   в файле   80-248348890
На строке 13363   в файле   80-250550164
На строке 13364   в файле   80-251992867
На строке 13365   в файле   80-250551836
На строке 13366   в файле   80-251993666
На строке 13367   в файле   80-251994182
На строке 13368   в файле   80-248215246
На строке 13369   в файле   80-248218383
На строке 13370   в файле   80-251980748
На строке 13371   в файле   80-260094291
На строке 13372   в файле   80-260099364
На строке 13373   в файле   80-252007501
На строке 13374   в файле   80-250656959
На строке 13375   в файле   80-250661733
На строке 13376   в файле   80-252011029
На строке 13377   в файле   80-250670127
На строке 13378   в файле   80-250674508
На строке 13379   в файле   80-250679597
На строке 13380   в файле   80-250683218
На строке 13381   в файле   80-260099381
На строке 13382   в файле   80-260100521
На строке 13383   в файле   80-260101942
На строке 13384   в файле   80-260103482
На строке 13385   в файле   80-260104739
На строке 13386   в файле   80-260105415
На строке 13387   в файле   80-261164031
На строке 13388   в файле   80-260105671
На строке 13389   в файле   80-260105809
На строке 13390   в файле   80-261164469
На строке 13391   в файле   80-250652040
На строке 13392   в файле   80-250652077
На строке 13393   в файле   80-250652310
На строке 13394   в файле   80-252007710
На строке 13395   в файле   80-250653968
На строке 13396   в файле   80-252007940
На строке 13397   в файле   80-250654303
На строке 13398   в файле   80-250654693
На строке 13399   в файле   80-250655088
На строке 13400   в файле   80-252008321
На строке 13401   в файле   80-250657773
На строке 13402   в файле   80-250658200
На строке 13403   в файле   80-252008886
На строке 13404   в файле   80-250659406
На строке 13405   в файле   80-250659718
На строке 13406   в файле   80-250660188
На строке 13407   в файле   80-250660192
На строке 13408   в файле   80-250660712
На строке 13409   в файле   80-250660788
На строке 13410   в файле   80-250661481
На строке 13411   в файле   80-252009597
На строке 13412   в файле   80-252009515
На строке 13413   в файле   80-250662329
На строке 13414   в файле   80-250662798
На строке 13415   в файле   80-250663869
На строке 13416   в файле   80-252009909
На строке 13417   в файле   80-252010336
На строке 13418   в файле   80-252010384
На строке 13419   в файле   80-252012152
На строке 13420   в файле   80-252012765
На строке 13421   в файле   80-252561396
На строке 13422   в файле   80-250668019
На строке 13423   в файле   80-250668150
На строке 13424   в файле   80-252014167
На строке 13425   в файле   80-252014247
На строке 13426   в файле   80-252014592
На строке 13427   в файле   80-252014703
На строке 13428   в файле   80-250669141
На строке 13429   в файле   80-252451326
На строке 13430   в файле   80-252450857
На строке 13431   в файле   80-250671534
На строке 13432   в файле   80-250671584
На строке 13433   в файле   80-250672046
На строке 13434   в файле   80-250673097
На строке 13435   в файле   80-250673092
На строке 13436   в файле   80-250673498
На строке 13437   в файле   80-250673935
На строке 13438   в файле   80-250674296
На строке 13439   в файле   80-252016460
На строке 13440   в файле   80-250675794
На строке 13441   в файле   80-250676105
На строке 13442   в файле   80-250676318
На строке 13443   в файле   80-250676678
На строке 13444   в файле   80-250677042
На строке 13445   в файле   80-252017247
На строке 13446   в файле   80-252017622
На строке 13447   в файле   80-252017617
На строке 13448   в файле   80-250678279
На строке 13449   в файле   80-250679836
На строке 13450   в файле   80-250680182
На строке 13451   в файле   80-250680722
На строке 13452   в файле   80-250680909
На строке 13453   в файле   80-250680906
На строке 13454   в файле   80-250681093
На строке 13455   в файле   80-250681750
На строке 13456   в файле   80-250681911
На строке 13457   в файле   80-250681937
На строке 13458   в файле   80-252018861
На строке 13459   в файле   80-250683575
На строке 13460   в файле   80-250683925
На строке 13461   в файле   80-250684287
На строке 13462   в файле   80-250684896
На строке 13463   в файле   80-250684666
На строке 13464   в файле   80-250684856
На строке 13465   в файле   80-250685029
На строке 13466   в файле   80-250685270
На строке 13467   в файле   80-250685474
На строке 13468   в файле   80-250685886
На строке 13469   в файле   80-261163438
На строке 13470   в файле   80-260099648
На строке 13471   в файле   80-260099679
На строке 13472   в файле   80-260099823
На строке 13473   в файле   80-260099885
На строке 13474   в файле   80-260100006
На строке 13475   в файле   80-260100132
На строке 13476   в файле   80-260100285
На строке 13477   в файле   80-260100389
На строке 13478   в файле   80-260100427
На строке 13479   в файле   80-260100663
На строке 13480   в файле   80-260100870
На строке 13481   в файле   80-260101056
На строке 13482   в файле   80-260101179
На строке 13483   в файле   80-260101255
На строке 13484   в файле   80-260101425
На строке 13485   в файле   80-260101503
На строке 13486   в файле   80-260101509
На строке 13487   в файле   80-261163610
На строке 13488   в файле   80-260101916
На строке 13489   в файле   80-260102060
На строке 13490   в файле   80-260102262
На строке 13491   в файле   80-260102380
На строке 13492   в файле   80-260102257
На строке 13493   в файле   80-260102606
На строке 13494   в файле   80-260102744
На строке 13495   в файле   80-260102715
На строке 13496   в файле   80-260102808
На строке 13497   в файле   80-260103143
На строке 13498   в файле   80-260103324
На строке 13499   в файле   80-260103544
На строке 13500   в файле   80-260103646
На строке 13501   в файле   80-260103772
На строке 13502   в файле   80-260103828
На строке 13503   в файле   80-260103943
На строке 13504   в файле   80-260103874
На строке 13505   в файле   80-260104086
На строке 13506   в файле   80-261163893
На строке 13507   в файле   80-260104494
На строке 13508   в файле   80-260104505
На строке 13509   в файле   80-260104830
На строке 13510   в файле   80-260105065
На строке 13511   в файле   80-260105186
На строке 13512   в файле   80-260105330
На строке 13513   в файле   80-248779429
На строке 13514   в файле   80-250650764
На строке 13515   в файле   80-250650760
На строке 13516   в файле   80-260098891
На строке 13517   в файле   80-250665659
На строке 13518   в файле   80-260016040
На строке 13519   в файле   80-247086883
На строке 13520   в файле   80-251799557
На строке 13521   в файле   80-247100450
На строке 13522   в файле   80-247110710
На строке 13523   в файле   80-247121779
На строке 13524   в файле   80-247124821
На строке 13525   в файле   80-247125549
На строке 13526   в файле   80-247127422
На строке 13527   в файле   80-260016302
На строке 13528   в файле   80-260016346
На строке 13529   в файле   80-260016403
На строке 13530   в файле   80-260016729
На строке 13531   в файле   80-260017012
На строке 13532   в файле   80-260016992
На строке 13533   в файле   80-260017284
На строке 13534   в файле   80-260017624
На строке 13535   в файле   80-260017892
На строке 13536   в файле   80-247087250
На строке 13537   в файле   80-247087637
На строке 13538   в файле   80-247088132
На строке 13539   в файле   80-251798952
На строке 13540   в файле   80-251799319
На строке 13541   в файле   80-247089532
На строке 13542   в файле   80-247089615
На строке 13543   в файле   80-247089936
На строке 13544   в файле   80-251799561
На строке 13545   в файле   80-247090016
На строке 13546   в файле   80-251800089
На строке 13547   в файле   80-247093628
На строке 13548   в файле   80-251800063
На строке 13549   в файле   80-247094948
На строке 13550   в файле   80-247096234
На строке 13551   в файле   80-251800347
На строке 13552   в файле   80-251800568
На строке 13553   в файле   80-247098898
На строке 13554   в файле   80-247099764
На строке 13555   в файле   80-247099717
На строке 13556   в файле   80-247102716
На строке 13557   в файле   80-247102750
На строке 13558   в файле   80-247103504
На строке 13559   в файле   80-247105154
На строке 13560   в файле   80-251801157
На строке 13561   в файле   80-247106625
На строке 13562   в файле   80-247107571
На строке 13563   в файле   80-247108374
На строке 13564   в файле   80-247108457
На строке 13565   в файле   80-251801673
На строке 13566   в файле   80-247111629
На строке 13567   в файле   80-247112363
На строке 13568   в файле   80-251801970
На строке 13569   в файле   80-251802748
На строке 13570   в файле   80-247113971
На строке 13571   в файле   80-247115153
На строке 13572   в файле   80-247115668
На строке 13573   в файле   80-247116770
На строке 13574   в файле   80-247119893
На строке 13575   в файле   80-247120079
На строке 13576   в файле   80-247086527
На строке 13577   в файле   80-247085723
На строке 13578   в файле   80-247086504
На строке 13579   в файле   80-247086532
На строке 13580   в файле   80-251797942
На строке 13581   в файле   80-247088989
На строке 13582   в файле   80-247109216
На строке 13583   в файле   80-251802198
На строке 13584   в файле   80-251803301
На строке 13585   в файле   80-247133480
На строке 13586   в файле   80-247836034
На строке 13587   в файле   80-247834441
На строке 13588   в файле   80-251807499
На строке 13589   в файле   80-252413201
На строке 13590   в файле   80-247861304
На строке 13591   в файле   80-260023970
На строке 13592   в файле   80-260024194
На строке 13593   в файле   80-260024309
На строке 13594   в файле   80-260024409
На строке 13595   в файле   80-260024905
На строке 13596   в файле   80-260024906
На строке 13597   в файле   80-260024794
На строке 13598   в файле   80-260025535
На строке 13599   в файле   80-260025597
На строке 13600   в файле   80-261264217
На строке 13601   в файле   80-261155936
На строке 13602   в файле   80-261155982
На строке 13603   в файле   80-260026403
На строке 13604   в файле   80-251799550
На строке 13605   в файле   80-247090908
На строке 13606   в файле   80-251799784
На строке 13607   в файле   80-247096283
На строке 13608   в файле   80-247096069
На строке 13609   в файле   80-247096835
На строке 13610   в файле   80-247098200
На строке 13611   в файле   80-247101170
На строке 13612   в файле   80-251800642
На строке 13613   в файле   80-247104578
На строке 13614   в файле   80-251801689
На строке 13615   в файле   80-251801091
На строке 13616   в файле   80-247110787
На строке 13617   в файле   80-247112372
На строке 13618   в файле   80-247113202
На строке 13619   в файле   80-247113995
На строке 13620   в файле   80-251802240
На строке 13621   в файле   80-251802823
На строке 13622   в файле   80-247117399
На строке 13623   в файле   80-247118455
На строке 13624   в файле   80-247121519
На строке 13625   в файле   80-251803303
На строке 13626   в файле   80-247123415
На строке 13627   в файле   80-247123977
На строке 13628   в файле   80-247126517
На строке 13629   в файле   80-247128250
На строке 13630   в файле   80-247129001
На строке 13631   в файле   80-247129874
На строке 13632   в файле   80-247130913
На строке 13633   в файле   80-247134321
На строке 13634   в файле   80-247134314
На строке 13635   в файле   80-251803958
На строке 13636   в файле   80-247827629
На строке 13637   в файле   80-247829036
На строке 13638   в файле   80-247829059
На строке 13639   в файле   80-247830649
На строке 13640   в файле   80-247831277
На строке 13641   в файле   80-247832141
На строке 13642   в файле   80-251805182
На строке 13643   в файле   80-247835116
На строке 13644   в файле   80-247836598
На строке 13645   в файле   80-247836762
На строке 13646   в файле   80-251806083
На строке 13647   в файле   80-247841150
На строке 13648   в файле   80-247842762
На строке 13649   в файле   80-247844510
На строке 13650   в файле   80-247844215
На строке 13651   в файле   80-251806314
На строке 13652   в файле   80-251806610
На строке 13653   в файле   80-251807750
На строке 13654   в файле   80-247086118
На строке 13655   в файле   80-247088570
На строке 13656   в файле   80-247089000
На строке 13657   в файле   80-247087291
На строке 13658   в файле   80-251798534
На строке 13659   в файле   80-251798264
На строке 13660   в файле   80-251798439
На строке 13661   в файле   80-251798463
На строке 13662   в файле   80-251798830
На строке 13663   в файле   80-251798920
На строке 13664   в файле   80-260022761
На строке 13665   в файле   80-261155522
На строке 13666   в файле   80-251800834
На строке 13667   в файле   80-247109236
На строке 13668   в файле   80-251802216
На строке 13669   в файле   80-247118262
На строке 13670   в файле   80-247129205
На строке 13671   в файле   80-251803917
На строке 13672   в файле   80-247827635
На строке 13673   в файле   80-247833675
На строке 13674   в файле   80-247841143
На строке 13675   в файле   80-251806885
На строке 13676   в файле   80-260103008
На строке 13677   в файле   80-250653761
На строке 13678   в файле   80-250683214
На строке 13679   в файле   80-250686477
На строке 13680   в файле   80-250689182
На строке 13681   в файле   80-250692019
На строке 13682   в файле   80-250697269
На строке 13683   в файле   80-250702912
На строке 13684   в файле   80-250710936
На строке 13685   в файле   80-260103240
На строке 13686   в файле   80-260105084
На строке 13687   в файле   80-260106987
На строке 13688   в файле   80-260109942
На строке 13689   в файле   80-260112908
На строке 13690   в файле   80-261165425
На строке 13691   в файле   80-260119611
На строке 13692   в файле   80-260121815
На строке 13693   в файле   80-260123704
На строке 13694   в файле   80-260126426
На строке 13695   в файле   80-250653998
На строке 13696   в файле   80-250660990
На строке 13697   в файле   80-250667423
На строке 13698   в файле   80-252015275
На строке 13699   в файле   80-250676697
На строке 13700   в файле   80-250680555
На строке 13701   в файле   80-250680754
На строке 13702   в файле   80-250681372
На строке 13703   в файле   80-252018441
На строке 13704   в файле   80-252018746
На строке 13705   в файле   80-250683523
На строке 13706   в файле   80-250683695
На строке 13707   в файле   80-250683935
На строке 13708   в файле   80-250684302
На строке 13709   в файле   80-250684487
На строке 13710   в файле   80-250684686
На строке 13711   в файле   80-250685056
На строке 13712   в файле   80-250685458
На строке 13713   в файле   80-250685647
На строке 13714   в файле   80-250686598
На строке 13715   в файле   80-250686869
На строке 13716   в файле   80-250687049
На строке 13717   в файле   80-250687115
На строке 13718   в файле   80-250687224
На строке 13719   в файле   80-250687445
На строке 13720   в файле   80-252019961
На строке 13721   в файле   80-252020444
На строке 13722   в файле   80-250688536
На строке 13723   в файле   80-250688806
На строке 13724   в файле   80-250689556
На строке 13725   в файле   80-250689840
На строке 13726   в файле   80-250690178
На строке 13727   в файле   80-250690232
На строке 13728   в файле   80-250690478
На строке 13729   в файле   80-250690876
На строке 13730   в файле   80-250690991
На строке 13731   в файле   80-250690941
На строке 13732   в файле   80-250691152
На строке 13733   в файле   80-250691445
На строке 13734   в файле   80-250692206
На строке 13735   в файле   80-252021074
На строке 13736   в файле   80-252021274
На строке 13737   в файле   80-250694024
На строке 13738   в файле   80-250694398
На строке 13739   в файле   80-252021540
На строке 13740   в файле   80-250696098
На строке 13741   в файле   80-250696452
На строке 13742   в файле   80-250696463
На строке 13743   в файле   80-250696503
На строке 13744   в файле   80-250697632
На строке 13745   в файле   80-250697659
На строке 13746   в файле   80-250697813
На строке 13747   в файле   80-250698100
На строке 13748   в файле   80-250698445
На строке 13749   в файле   80-250698887
На строке 13750   в файле   80-252022280
На строке 13751   в файле   80-250700540
На строке 13752   в файле   80-250701037
На строке 13753   в файле   80-250701621
На строке 13754   в файле   80-252023572
На строке 13755   в файле   80-252023935
На строке 13756   в файле   80-250704414
На строке 13757   в файле   80-250705713
На строке 13758   в файле   80-250706494
На строке 13759   в файле   80-250706976
На строке 13760   в файле   80-250707339
На строке 13761   в файле   80-250708417
На строке 13762   в файле   80-250709135
На строке 13763   в файле   80-250709771
На строке 13764   в файле   80-250711761
На строке 13765   в файле   80-250711804
На строке 13766   в файле   80-250712957
На строке 13767   в файле   80-250713530
На строке 13768   в файле   80-252024925
На строке 13769   в файле   80-250714322
На строке 13770   в файле   80-250714327
На строке 13771   в файле   80-252562240
На строке 13772   в файле   80-250717176
На строке 13773   в файле   80-250718155
На строке 13774   в файле   80-260103381
На строке 13775   в файле   80-261163622
На строке 13776   в файле   80-260103880
На строке 13777   в файле   80-260104069
На строке 13778   в файле   80-261164039
На строке 13779   в файле   80-260104303
На строке 13780   в файле   80-260104354
На строке 13781   в файле   80-260104508
На строке 13782   в файле   80-260104729
На строке 13783   в файле   80-260104845
На строке 13784   в файле   80-260105449
На строке 13785   в файле   80-260105543
На строке 13786   в файле   80-260105661
На строке 13787   в файле   80-260105564
На строке 13788   в файле   80-260105856
На строке 13789   в файле   80-260106020
На строке 13790   в файле   80-260106459
На строке 13791   в файле   80-260106581
На строке 13792   в файле   80-260106637
На строке 13793   в файле   80-260106703
На строке 13794   в файле   80-260106810
На строке 13795   в файле   80-260107229
На строке 13796   в файле   80-260107430
На строке 13797   в файле   80-260107794
На строке 13798   в файле   80-261164482
На строке 13799   в файле   80-260107989
На строке 13800   в файле   80-260108109
На строке 13801   в файле   80-260108442
На строке 13802   в файле   80-260108449
На строке 13803   в файле   80-260108572
На строке 13804   в файле   80-260108871
На строке 13805   в файле   80-260109080
На строке 13806   в файле   80-260109137
На строке 13807   в файле   80-260109426
На строке 13808   в файле   80-260110040
На строке 13809   в файле   80-260110069
На строке 13810   в файле   80-260110387
На строке 13811   в файле   80-260110383
На строке 13812   в файле   80-260110919
На строке 13813   в файле   80-260110638
На строке 13814   в файле   80-260110911
На строке 13815   в файле   80-260111322
На строке 13816   в файле   80-260111549
На строке 13817   в файле   80-260112189
На строке 13818   в файле   80-260112359
На строке 13819   в файле   80-260113209
На строке 13820   в файле   80-260113213
На строке 13821   в файле   80-260116580
На строке 13822   в файле   80-260116816
На строке 13823   в файле   80-260116852
На строке 13824   в файле   80-260116884
На строке 13825   в файле   80-260117165
На строке 13826   в файле   80-260117279
На строке 13827   в файле   80-260118002
На строке 13828   в файле   80-260118257
На строке 13829   в файле   80-260118410
На строке 13830   в файле   80-260118678
На строке 13831   в файле   80-260118952
На строке 13832   в файле   80-260119281
На строке 13833   в файле   80-260119547
На строке 13834   в файле   80-261165998
На строке 13835   в файле   80-260120048
На строке 13836   в файле   80-261165570
На строке 13837   в файле   80-260120655
На строке 13838   в файле   80-261165861
На строке 13839   в файле   80-260120945
На строке 13840   в файле   80-260120970
На строке 13841   в файле   80-260121290
На строке 13842   в файле   80-260121437
На строке 13843   в файле   80-260121747
На строке 13844   в файле   80-260121832
На строке 13845   в файле   80-260122073
На строке 13846   в файле   80-260122285
На строке 13847   в файле   80-260122603
На строке 13848   в файле   80-261166257
На строке 13849   в файле   80-260123048
На строке 13850   в файле   80-260123156
На строке 13851   в файле   80-260123233
На строке 13852   в файле   80-261166181
На строке 13853   в файле   80-260123615
На строке 13854   в файле   80-260123958
На строке 13855   в файле   80-261166668
На строке 13856   в файле   80-260124549
На строке 13857   в файле   80-260124783
На строке 13858   в файле   80-260124917
На строке 13859   в файле   80-261166592
На строке 13860   в файле   80-260125159
На строке 13861   в файле   80-260125309
На строке 13862   в файле   80-260125948
На строке 13863   в файле   80-260126310
На строке 13864   в файле   80-261167009
На строке 13865   в файле   80-261166732
На строке 13866   в файле   80-260126706
На строке 13867   в файле   80-260127110
На строке 13868   в файле   80-261264979
На строке 13869   в файле   80-260126979
На строке 13870   в файле   80-260127020
На строке 13871   в файле   80-260127390
На строке 13872   в файле   80-260127413
На строке 13873   в файле   80-260127704
На строке 13874   в файле   80-250655096
На строке 13875   в файле   80-252007972
На строке 13876   в файле   80-252008332
На строке 13877   в файле   80-250656954
На строке 13878   в файле   80-250657473
На строке 13879   в файле   80-250657541
На строке 13880   в файле   80-252008708
На строке 13881   в файле   80-252008793
На строке 13882   в файле   80-250659729
На строке 13883   в файле   80-250660502
На строке 13884   в файле   80-250661484
На строке 13885   в файле   80-252009178
На строке 13886   в файле   80-250662363
На строке 13887   в файле   80-250663271
На строке 13888   в файле   80-250663797
На строке 13889   в файле   80-252560746
На строке 13890   в файле   80-250665376
На строке 13891   в файле   80-250665349
На строке 13892   в файле   80-250666171
На строке 13893   в файле   80-250667201
На строке 13894   в файле   80-252012359
На строке 13895   в файле   80-252012947
На строке 13896   в файле   80-250668047
На строке 13897   в файле   80-250668484
На строке 13898   в файле   80-250668496
На строке 13899   в файле   80-252015040
На строке 13900   в файле   80-250668860
На строке 13901   в файле   80-250669336
На строке 13902   в файле   80-250669601
На строке 13903   в файле   80-250670196
На строке 13904   в файле   80-250671319
На строке 13905   в файле   80-250672003
На строке 13906   в файле   80-250672895
На строке 13907   в файле   80-250673373
На строке 13908   в файле   80-250673549
На строке 13909   в файле   80-250674526
На строке 13910   в файле   80-252016834
На строке 13911   в файле   80-250675592
На строке 13912   в файле   80-250675797
На строке 13913   в файле   80-250676477
На строке 13914   в файле   80-250677053
На строке 13915   в файле   80-252017242
На строке 13916   в файле   80-252017486
На строке 13917   в файле   80-250678027
На строке 13918   в файле   80-252017649
На строке 13919   в файле   80-252018053
На строке 13920   в файле   80-250679976
На строке 13921   в файле   80-260102325
На строке 13922   в файле   80-260102585
На строке 13923   в файле   80-260106962
На строке 13924   в файле   80-250694854
На строке 13925   в файле   80-250709381
На строке 13926   в файле   80-250718274
На строке 13927   в файле   80-250725216
На строке 13928   в файле   80-250735686
На строке 13929   в файле   80-250748046
На строке 13930   в файле   80-250763421
На строке 13931   в файле   80-250774915
На строке 13932   в файле   80-260107325
На строке 13933   в файле   80-261164496
На строке 13934   в файле   80-260113015
На строке 13935   в файле   80-260114585
На строке 13936   в файле   80-260115746
На строке 13937   в файле   80-260116877
На строке 13938   в файле   80-260118446
На строке 13939   в файле   80-260120169
На строке 13940   в файле   80-261274755
На строке 13941   в файле   80-260124796
На строке 13942   в файле   80-250696129
На строке 13943   в файле   80-252022677
На строке 13944   в файле   80-252023932
На строке 13945   в файле   80-250704450
На строке 13946   в файле   80-250704996
На строке 13947   в файле   80-250705653
На строке 13948   в файле   80-250706322
На строке 13949   в файле   80-250706949
На строке 13950   в файле   80-250707586
На строке 13951   в файле   80-250707615
На строке 13952   в файле   80-250710015
На строке 13953   в файле   80-250710424
На строке 13954   в файле   80-250711017
На строке 13955   в файле   80-250711742
На строке 13956   в файле   80-250712499
На строке 13957   в файле   80-250712859
На строке 13958   в файле   80-252024753
На строке 13959   в файле   80-250715235
На строке 13960   в файле   80-250715259
На строке 13961   в файле   80-250716234
На строке 13962   в файле   80-252451803
На строке 13963   в файле   80-252452288
На строке 13964   в файле   80-250720223
На строке 13965   в файле   80-252451835
На строке 13966   в файле   80-250720718
На строке 13967   в файле   80-250720722
На строке 13968   в файле   80-252026273
На строке 13969   в файле   80-252026262
На строке 13970   в файле   80-250724499
На строке 13971   в файле   80-252026693
На строке 13972   в файле   80-250726333
На строке 13973   в файле   80-250727582
На строке 13974   в файле   80-252027087
На строке 13975   в файле   80-250729134
На строке 13976   в файле   80-250729744
На строке 13977   в файле   80-250730373
На строке 13978   в файле   80-250731002
На строке 13979   в файле   80-250732981
На строке 13980   в файле   80-252027679
На строке 13981   в файле   80-250734354
На строке 13982   в файле   80-250735740
На строке 13983   в файле   80-250737036
На строке 13984   в файле   80-250737539
На строке 13985   в файле   80-252453222
На строке 13986   в файле   80-250740770
На строке 13987   в файле   80-250741363
На строке 13988   в файле   80-250742754
На строке 13989   в файле   80-252453692
На строке 13990   в файле   80-250744588
На строке 13991   в файле   80-250746078
На строке 13992   в файле   80-250749994
На строке 13993   в файле   80-250750018
На строке 13994   в файле   80-250751840
На строке 13995   в файле   80-252454604
На строке 13996   в файле   80-252029718
На строке 13997   в файле   80-250755040
На строке 13998   в файле   80-250755108
На строке 13999   в файле   80-250757649
На строке 14000   в файле   80-250758339
На строке 14001   в файле   80-250762128
На строке 14002   в файле   80-252030724
На строке 14003   в файле   80-252030799
На строке 14004   в файле   80-250765693
На строке 14005   в файле   80-252031820
На строке 14006   в файле   80-250770083
На строке 14007   в файле   80-250771266
На строке 14008   в файле   80-252031995
На строке 14009   в файле   80-250771794
На строке 14010   в файле   80-250771997
На строке 14011   в файле   80-250772934
На строке 14012   в файле   80-252032572
На строке 14013   в файле   80-250777561
На строке 14014   в файле   80-250779211
На строке 14015   в файле   80-252033074
На строке 14016   в файле   80-250782609
На строке 14017   в файле   80-250783860
На строке 14018   в файле   80-250785544
На строке 14019   в файле   80-250786173
На строке 14020   в файле   80-252455566
На строке 14021   в файле   80-250787364
На строке 14022   в файле   80-260107473
На строке 14023   в файле   80-260107833
На строке 14024   в файле   80-260107761
На строке 14025   в файле   80-260108086
На строке 14026   в файле   80-260108321
На строке 14027   в файле   80-260108378
На строке 14028   в файле   80-260108611
На строке 14029   в файле   80-260108790
На строке 14030   в файле   80-260108873
На строке 14031   в файле   80-260109139
На строке 14032   в файле   80-260109696
На строке 14033   в файле   80-260109797
На строке 14034   в файле   80-261164972
На строке 14035   в файле   80-260110970
На строке 14036   в файле   80-260111231
На строке 14037   в файле   80-260111693
На строке 14038   в файле   80-260111607
На строке 14039   в файле   80-260112240
На строке 14040   в файле   80-260112341
На строке 14041   в файле   80-260112681
На строке 14042   в файле   80-260113245
На строке 14043   в файле   80-260113542
На строке 14044   в файле   80-260113587
На строке 14045   в файле   80-260113590
На строке 14046   в файле   80-260114021
На строке 14047   в файле   80-260113866
На строке 14048   в файле   80-260114133
На строке 14049   в файле   80-260114234
На строке 14050   в файле   80-260114291
На строке 14051   в файле   80-260114526
На строке 14052   в файле   80-260114912
На строке 14053   в файле   80-260114825
На строке 14054   в файле   80-260114876
На строке 14055   в файле   80-260115178
На строке 14056   в файле   80-260115084
На строке 14057   в файле   80-260115140
На строке 14058   в файле   80-260115191
На строке 14059   в файле   80-260115388
На строке 14060   в файле   80-260115448
На строке 14061   в файле   80-260115488
На строке 14062   в файле   80-260115703
На строке 14063   в файле   80-260115749
На строке 14064   в файле   80-260116034
На строке 14065   в файле   80-260116008
На строке 14066   в файле   80-260116018
На строке 14067   в файле   80-260116152
На строке 14068   в файле   80-260116226
На строке 14069   в файле   80-260116276
На строке 14070   в файле   80-260116507
На строке 14071   в файле   80-260116525
На строке 14072   в файле   80-260116612
На строке 14073   в файле   80-260116758
На строке 14074   в файле   80-260117170
На строке 14075   в файле   80-260117322
На строке 14076   в файле   80-260117559
На строке 14077   в файле   80-260117737
На строке 14078   в файле   80-260117829
На строке 14079   в файле   80-260117991
На строке 14080   в файле   80-260118164
На строке 14081   в файле   80-260118342
На строке 14082   в файле   80-260118400
На строке 14083   в файле   80-260118979
На строке 14084   в файле   80-260119061
На строке 14085   в файле   80-260119282
На строке 14086   в файле   80-260119242
На строке 14087   в файле   80-261264814
На строке 14088   в файле   80-260119586
На строке 14089   в файле   80-260119673
На строке 14090   в файле   80-260119717
На строке 14091   в файле   80-260119912
На строке 14092   в файле   80-260120164
На строке 14093   в файле   80-260120322
На строке 14094   в файле   80-260120546
На строке 14095   в файле   80-260120564
На строке 14096   в файле   80-260120980
На строке 14097   в файле   80-261264813
На строке 14098   в файле   80-260121230
На строке 14099   в файле   80-260121465
На строке 14100   в файле   80-260122062
На строке 14101   в файле   80-260122015
На строке 14102   в файле   80-260122072
На строке 14103   в файле   80-260122663
На строке 14104   в файле   80-260122908
На строке 14105   в файле   80-260123152
На строке 14106   в файле   80-260123695
На строке 14107   в файле   80-260123971
На строке 14108   в файле   80-260123983
На строке 14109   в файле   80-260124226
На строке 14110   в файле   80-260124247
На строке 14111   в файле   80-260124412
На строке 14112   в файле   80-260124561
На строке 14113   в файле   80-260124914
На строке 14114   в файле   80-260125055
На строке 14115   в файле   80-260125209
На строке 14116   в файле   80-260125451
На строке 14117   в файле   80-260125614
На строке 14118   в файле   80-261166805
На строке 14119   в файле   80-260125814
На строке 14120   в файле   80-260126060
На строке 14121   в файле   80-260126334
На строке 14122   в файле   80-260126560
На строке 14123   в файле   80-250696842
На строке 14124   в файле   80-250697114
На строке 14125   в файле   80-250697264
На строке 14126   в файле   80-250697465
На строке 14127   в файле   80-250697646
На строке 14128   в файле   80-250698035
На строке 14129   в файле   80-250698447
На строке 14130   в файле   80-250698724
На строке 14131   в файле   80-250698905
На строке 14132   в файле   80-250699068
На строке 14133   в файле   80-250700514
На строке 14134   в файле   80-250700806
На строке 14135   в файле   80-250701031
На строке 14136   в файле   80-250701556
На строке 14137   в файле   80-252023291
На строке 14138   в файле   80-250702031
На строке 14139   в файле   80-250702608
На строке 14140   в файле   80-250693916
На строке 14141   в файле   80-252020851
На строке 14142   в файле   80-260106463
На строке 14143   в файле   80-260134842
На строке 14144   в файле   80-250737077
На строке 14145   в файле   80-250740817
На строке 14146   в файле   80-250742686
На строке 14147   в файле   80-252452756
На строке 14148   в файле   80-252038269
На строке 14149   в файле   80-250826986
На строке 14150   в файле   80-252040726
На строке 14151   в файле   80-252042000
На строке 14152   в файле   80-250844366
На строке 14153   в файле   80-250846855
На строке 14154   в файле   80-250851286
На строке 14155   в файле   80-260134912
На строке 14156   в файле   80-260136557
На строке 14157   в файле   80-260138545
На строке 14158   в файле   80-260140685
На строке 14159   в файле   80-260142304
На строке 14160   в файле   80-260143812
На строке 14161   в файле   80-260145674
На строке 14162   в файле   80-260147211
На строке 14163   в файле   80-260148566
На строке 14164   в файле   80-260149887
На строке 14165   в файле   80-250744575
На строке 14166   в файле   80-252030207
На строке 14167   в файле   80-250776607
На строке 14168   в файле   80-250791138
На строке 14169   в файле   80-250802609
На строке 14170   в файле   80-252037152
На строке 14171   в файле   80-250813930
На строке 14172   в файле   80-250815474
На строке 14173   в файле   80-250816593
На строке 14174   в файле   80-250817068
На строке 14175   в файле   80-250820515
На строке 14176   в файле   80-252038576
На строке 14177   в файле   80-252038640
На строке 14178   в файле   80-250821434
На строке 14179   в файле   80-250822261
На строке 14180   в файле   80-250822263
На строке 14181   в файле   80-250823206
На строке 14182   в файле   80-250823675
На строке 14183   в файле   80-250826135
На строке 14184   в файле   80-250826143
На строке 14185   в файле   80-250826989
На строке 14186   в файле   80-250827336
На строке 14187   в файле   80-252457387
На строке 14188   в файле   80-250828145
На строке 14189   в файле   80-250828990
На строке 14190   в файле   80-250830174
На строке 14191   в файле   80-252040454
На строке 14192   в файле   80-250831817
На строке 14193   в файле   80-252040620
На строке 14194   в файле   80-250832897
На строке 14195   в файле   80-250834100
На строке 14196   в файле   80-250834407
На строке 14197   в файле   80-250835396
На строке 14198   в файле   80-252040964
На строке 14199   в файле   80-250836272
На строке 14200   в файле   80-252041273
На строке 14201   в файле   80-252041798
На строке 14202   в файле   80-252041547
На строке 14203   в файле   80-250838130
На строке 14204   в файле   80-252041817
На строке 14205   в файле   80-252042294
На строке 14206   в файле   80-250840580
На строке 14207   в файле   80-250840588
На строке 14208   в файле   80-250840909
На строке 14209   в файле   80-252042762
На строке 14210   в файле   80-252042860
На строке 14211   в файле   80-250841912
На строке 14212   в файле   80-250841869
На строке 14213   в файле   80-252043223
На строке 14214   в файле   80-250842451
На строке 14215   в файле   80-250842182
На строке 14216   в файле   80-252043194
На строке 14217   в файле   80-252043512
На строке 14218   в файле   80-250844387
На строке 14219   в файле   80-252044050
На строке 14220   в файле   80-250844990
На строке 14221   в файле   80-250845632
На строке 14222   в файле   80-252043766
На строке 14223   в файле   80-250845590
На строке 14224   в файле   80-252044180
На строке 14225   в файле   80-250846195
На строке 14226   в файле   80-250845847
На строке 14227   в файле   80-250846752
На строке 14228   в файле   80-252044782
На строке 14229   в файле   80-252045379
На строке 14230   в файле   80-250848298
На строке 14231   в файле   80-252458444
На строке 14232   в файле   80-250848539
На строке 14233   в файле   80-250849203
На строке 14234   в файле   80-250849595
На строке 14235   в файле   80-250849916
На строке 14236   в файле   80-252048012
На строке 14237   в файле   80-252617371
На строке 14238   в файле   80-252459762
На строке 14239   в файле   80-252049198
На строке 14240   в файле   80-250850447
На строке 14241   в файле   80-250851595
На строке 14242   в файле   80-252049972
На строке 14243   в файле   80-252460128
На строке 14244   в файле   80-250853999
На строке 14245   в файле   80-250854544
На строке 14246   в файле   80-250855040
На строке 14247   в файле   80-250855047
На строке 14248   в файле   80-250855741
На строке 14249   в файле   80-250855692
На строке 14250   в файле   80-250856225
На строке 14251   в файле   80-260135094
На строке 14252   в файле   80-260135195
На строке 14253   в файле   80-260135315
На строке 14254   в файле   80-260135558
На строке 14255   в файле   80-260135852
На строке 14256   в файле   80-260135803
На строке 14257   в файле   80-260135910
На строке 14258   в файле   80-260136048
На строке 14259   в файле   80-260136074
На строке 14260   в файле   80-260136474
На строке 14261   в файле   80-260136697
На строке 14262   в файле   80-260137202
На строке 14263   в файле   80-260137199
На строке 14264   в файле   80-260137410
На строке 14265   в файле   80-260137568
На строке 14266   в файле   80-260137847
На строке 14267   в файле   80-260138043
На строке 14268   в файле   80-260137952
На строке 14269   в файле   80-260137982
На строке 14270   в файле   80-260138511
На строке 14271   в файле   80-260138644
На строке 14272   в файле   80-260138514
На строке 14273   в файле   80-260138938
На строке 14274   в файле   80-260139374
На строке 14275   в файле   80-260139632
На строке 14276   в файле   80-260139208
На строке 14277   в файле   80-260139504
На строке 14278   в файле   80-260139869
На строке 14279   в файле   80-260139914
На строке 14280   в файле   80-260140059
На строке 14281   в файле   80-260140200
На строке 14282   в файле   80-260140438
На строке 14283   в файле   80-260140494
На строке 14284   в файле   80-260140748
На строке 14285   в файле   80-260140932
На строке 14286   в файле   80-260141071
На строке 14287   в файле   80-260141340
На строке 14288   в файле   80-260141453
На строке 14289   в файле   80-260141490
На строке 14290   в файле   80-260141720
На строке 14291   в файле   80-260141766
На строке 14292   в файле   80-260141879
На строке 14293   в файле   80-260142018
На строке 14294   в файле   80-260142532
На строке 14295   в файле   80-260142792
На строке 14296   в файле   80-260143095
На строке 14297   в файле   80-260143010
На строке 14298   в файле   80-260143318
На строке 14299   в файле   80-261168949
На строке 14300   в файле   80-260143492
На строке 14301   в файле   80-260143608
На строке 14302   в файле   80-260143840
На строке 14303   в файле   80-260143772
На строке 14304   в файле   80-260144283
На строке 14305   в файле   80-260143911
На строке 14306   в файле   80-260144362
На строке 14307   в файле   80-260144680
На строке 14308   в файле   80-260144869
На строке 14309   в файле   80-260144943
На строке 14310   в файле   80-260145101
На строке 14311   в файле   80-260145425
На строке 14312   в файле   80-261169614
На строке 14313   в файле   80-260145681
На строке 14314   в файле   80-260145924
На строке 14315   в файле   80-260146000
На строке 14316   в файле   80-260146039
На строке 14317   в файле   80-260146194
На строке 14318   в файле   80-260146527
На строке 14319   в файле   80-260146635
На строке 14320   в файле   80-260146515
На строке 14321   в файле   80-260146688
На строке 14322   в файле   80-260147064
На строке 14323   в файле   80-260146913
На строке 14324   в файле   80-260147263
На строке 14325   в файле   80-260147484
На строке 14326   в файле   80-260147564
На строке 14327   в файле   80-260147708
На строке 14328   в файле   80-260147717
На строке 14329   в файле   80-260148128
На строке 14330   в файле   80-260148109
На строке 14331   в файле   80-260148117
На строке 14332   в файле   80-260148311
На строке 14333   в файле   80-260148310
На строке 14334   в файле   80-260148562
На строке 14335   в файле   80-260148660
На строке 14336   в файле   80-260148751
На строке 14337   в файле   80-260148974
На строке 14338   в файле   80-260149068
На строке 14339   в файле   80-260149297
На строке 14340   в файле   80-260149402
На строке 14341   в файле   80-260149368
На строке 14342   в файле   80-260149521
На строке 14343   в файле   80-260149575
На строке 14344   в файле   80-260149657
На строке 14345   в файле   80-260149825
На строке 14346   в файле   80-260150110
На строке 14347   в файле   80-260149955
На строке 14348   в файле   80-260150173
На строке 14349   в файле   80-260150313
На строке 14350   в файле   80-260150227
На строке 14351   в файле   80-260150359
На строке 14352   в файле   80-260150480
На строке 14353   в файле   80-260150667
На строке 14354   в файле   80-252453266
На строке 14355   в файле   80-250745485
На строке 14356   в файле   80-252562101
На строке 14357   в файле   80-250749957
На строке 14358   в файле   80-250751277
На строке 14359   в файле   80-250753716
На строке 14360   в файле   80-250753738
На строке 14361   в файле   80-250755126
На строке 14362   в файле   80-250756362
На строке 14363   в файле   80-252030048
На строке 14364   в файле   80-250761367
На строке 14365   в файле   80-250762707
На строке 14366   в файле   80-252455101
На строке 14367   в файле   80-250767032
На строке 14368   в файле   80-252030781
На строке 14369   в файле   80-252563745
На строке 14370   в файле   80-250770660
На строке 14371   в файле   80-252031807
На строке 14372   в файле   80-250773136
На строке 14373   в файле   80-252032193
На строке 14374   в файле   80-250777789
На строке 14375   в файле   80-252032932
На строке 14376   в файле   80-250779203
На строке 14377   в файле   80-250781934
На строке 14378   в файле   80-250782615
На строке 14379   в файле   80-250783750
На строке 14380   в файле   80-250783708
На строке 14381   в файле   80-250786155
На строке 14382   в файле   80-250788586
На строке 14383   в файле   80-252034028
На строке 14384   в файле   80-250792407
На строке 14385   в файле   80-252456491
На строке 14386   в файле   80-250792993
На строке 14387   в файле   80-250793630
На строке 14388   в файле   80-250795600
На строке 14389   в файле   80-250796130
На строке 14390   в файле   80-250797283
На строке 14391   в файле   80-252035370
На строке 14392   в файле   80-250797269
На строке 14393   в файле   80-250799539
На строке 14394   в файле   80-252035712
На строке 14395   в файле   80-250801984
На строке 14396   в файле   80-250803117
На строке 14397   в файле   80-250804928
На строке 14398   в файле   80-252036360
На строке 14399   в файле   80-250806016
На строке 14400   в файле   80-250807125
На строке 14401   в файле   80-250807774
На строке 14402   в файле   80-250808919
На строке 14403   в файле   80-250809928
На строке 14404   в файле   80-250811078
На строке 14405   в файле   80-250810557
На строке 14406   в файле   80-250812165
На строке 14407   в файле   80-252037243
На строке 14408   в файле   80-252456980
На строке 14409   в файле   80-250734399
На строке 14410   в файле   80-250735915
На строке 14411   в файле   80-252027427
На строке 14412   в файле   80-260134386
На строке 14413   в файле   80-260134650
На строке 14414   в файле   80-261167653
На строке 14415   в файле   80-260135123
На строке 14416   в файле   80-260134371
На строке 14417   в файле   80-250750652
На строке 14418   в файле   80-250772992
На строке 14419   в файле   80-250784975
На строке 14420   в файле   80-250797311
На строке 14421   в файле   80-250808978
На строке 14422   в файле   80-252039292
На строке 14423   в файле   80-252040714
На строке 14424   в файле   80-250835989
На строке 14425   в файле   80-260134652
На строке 14426   в файле   80-260136161
На строке 14427   в файле   80-260138064
На строке 14428   в файле   80-260140176
На строке 14429   в файле   80-260141851
На строке 14430   в файле   80-261168912
На строке 14431   в файле   80-260145433
На строке 14432   в файле   80-260147720
На строке 14433   в файле   80-261170148
На строке 14434   в файле   80-261170353
На строке 14435   в файле   80-250752543
На строке 14436   в файле   80-250752417
На строке 14437   в файле   80-252454569
На строке 14438   в файле   80-252030215
На строке 14439   в файле   80-252563641
На строке 14440   в файле   80-250764553
На строке 14441   в файле   80-250766376
На строке 14442   в файле   80-252563789
На строке 14443   в файле   80-250767560
На строке 14444   в файле   80-250770640
На строке 14445   в файле   80-250773921
На строке 14446   в файле   80-250775351
На строке 14447   в файле   80-250775864
На строке 14448   в файле   80-250776976
На строке 14449   в файле   80-250778029
На строке 14450   в файле   80-252032747
На строке 14451   в файле   80-250779172
На строке 14452   в файле   80-252032939
На строке 14453   в файле   80-252033274
На строке 14454   в файле   80-250784363
На строке 14455   в файле   80-250787370
На строке 14456   в файле   80-250789870
На строке 14457   в файле   80-250790026
На строке 14458   в файле   80-250791788
На строке 14459   в файле   80-252034314
На строке 14460   в файле   80-252455639
На строке 14461   в файле   80-250793009
На строке 14462   в файле   80-250794254
На строке 14463   в файле   80-252456494
На строке 14464   в файле   80-250796728
На строке 14465   в файле   80-250798407
На строке 14466   в файле   80-250798631
На строке 14467   в файле   80-250798947
На строке 14468   в файле   80-252035691
На строке 14469   в файле   80-252036028
На строке 14470   в файле   80-250803697
На строке 14471   в файле   80-250803855
На строке 14472   в файле   80-250806089
На строке 14473   в файле   80-250807731
На строке 14474   в файле   80-252036786
На строке 14475   в файле   80-250811636
На строке 14476   в файле   80-250812790
На строке 14477   в файле   80-250815088
На строке 14478   в файле   80-250815470
На строке 14479   в файле   80-250816572
На строке 14480   в файле   80-250819145
На строке 14481   в файле   80-250821354
На строке 14482   в файле   80-250820945
На строке 14483   в файле   80-250821908
На строке 14484   в файле   80-250823097
На строке 14485   в файле   80-250826133
На строке 14486   в файле   80-252039584
На строке 14487   в файле   80-250826982
На строке 14488   в файле   80-250827731
На строке 14489   в файле   80-250828545
На строке 14490   в файле   80-250829406
На строке 14491   в файле   80-252457427
На строке 14492   в файле   80-252040456
На строке 14493   в файле   80-250832162
На строке 14494   в файле   80-250832231
На строке 14495   в файле   80-250832806
На строке 14496   в файле   80-250833198
На строке 14497   в файле   80-250833531
На строке 14498   в файле   80-252040713
На строке 14499   в файле   80-250834347
На строке 14500   в файле   80-250835030
На строке 14501   в файле   80-250835414
На строке 14502   в файле   80-250835685
На строке 14503   в файле   80-250835654
На строке 14504   в файле   80-250836126
На строке 14505   в файле   80-252041550
На строке 14506   в файле   80-250838122
На строке 14507   в файле   80-250838157
На строке 14508   в файле   80-250838842
На строке 14509   в файле   80-252042284
На строке 14510   в файле   80-250840593
На строке 14511   в файле   80-250841198
На строке 14512   в файле   80-250841201
На строке 14513   в файле   80-250841561
На строке 14514   в файле   80-252043032
На строке 14515   в файле   80-260134796
На строке 14516   в файле   80-260135057
На строке 14517   в файле   80-260135440
На строке 14518   в файле   80-260135281
На строке 14519   в файле   80-260135330
На строке 14520   в файле   80-260135572
На строке 14521   в файле   80-260135581
На строке 14522   в файле   80-260135533
На строке 14523   в файле   80-261168074
На строке 14524   в файле   80-260135926
На строке 14525   в файле   80-260136330
На строке 14526   в файле   80-260136450
На строке 14527   в файле   80-260136621
На строке 14528   в файле   80-260136847
На строке 14529   в файле   80-260137191
На строке 14530   в файле   80-260137287
На строке 14531   в файле   80-260137439
На строке 14532   в файле   80-261274629
На строке 14533   в файле   80-260137919
На строке 14534   в файле   80-260138112
На строке 14535   в файле   80-260138291
На строке 14536   в файле   80-260138242
На строке 14537   в файле   80-261168106
На строке 14538   в файле   80-260138903
На строке 14539   в файле   80-260138905
На строке 14540   в файле   80-261168361
На строке 14541   в файле   80-260139192
На строке 14542   в файле   80-260139222
На строке 14543   в файле   80-260139342
На строке 14544   в файле   80-260139754
На строке 14545   в файле   80-260140303
На строке 14546   в файле   80-261274738
На строке 14547   в файле   80-261168310
На строке 14548   в файле   80-260140651
На строке 14549   в файле   80-260140776
На строке 14550   в файле   80-261168501
На строке 14551   в файле   80-260140914
На строке 14552   в файле   80-260141214
На строке 14553   в файле   80-260141429
На строке 14554   в файле   80-260141744
На строке 14555   в файле   80-260142053
На строке 14556   в файле   80-260142309
На строке 14557   в файле   80-260142208
На строке 14558   в файле   80-260142463
На строке 14559   в файле   80-260142595
На строке 14560   в файле   80-260142971
На строке 14561   в файле   80-260143013
На строке 14562   в файле   80-260143078
На строке 14563   в файле   80-260143262
На строке 14564   в файле   80-260143213
На строке 14565   в файле   80-260143681
На строке 14566   в файле   80-260144078
На строке 14567   в файле   80-260144135
На строке 14568   в файле   80-260144276
На строке 14569   в файле   80-261265373
На строке 14570   в файле   80-260144569
На строке 14571   в файле   80-261169591
На строке 14572   в файле   80-261265196
На строке 14573   в файле   80-260145330
На строке 14574   в файле   80-260145354
На строке 14575   в файле   80-260145777
На строке 14576   в файле   80-261169593
На строке 14577   в файле   80-260146282
На строке 14578   в файле   80-260146494
На строке 14579   в файле   80-260146856
На строке 14580   в файле   80-260146995
На строке 14581   в файле   80-260147245
На строке 14582   в файле   80-260147144
На строке 14583   в файле   80-261170000
На строке 14584   в файле   80-261169938
На строке 14585   в файле   80-260147665
На строке 14586   в файле   80-260147890
На строке 14587   в файле   80-260147934
На строке 14588   в файле   80-260148160
На строке 14589   в файле   80-260148204
На строке 14590   в файле   80-260148363
На строке 14591   в файле   80-261265233
На строке 14592   в файле   80-261265267
На строке 14593   в файле   80-260148953
На строке 14594   в файле   80-261265485
На строке 14595   в файле   80-260149149
На строке 14596   в файле   80-260149270
На строке 14597   в файле   80-260149263
На строке 14598   в файле   80-250746705
На строке 14599   в файле   80-250747451
На строке 14600   в файле   80-252029309
На строке 14601   в файле   80-260134201
На строке 14602   в файле   80-260136997
На строке 14603   в файле   80-250817170
На строке 14604   в файле   80-252039422
На строке 14605   в файле   80-250833888
На строке 14606   в файле   80-250837748
На строке 14607   в файле   80-252043287
На строке 14608   в файле   80-252044652
На строке 14609   в файле   80-252049229
На строке 14610   в файле   80-250854513
На строке 14611   в файле   80-261167889
На строке 14612   в файле   80-261168054
На строке 14613   в файле   80-260141209
На строке 14614   в файле   80-260143129
На строке 14615   в файле   80-260145770
На строке 14616   в файле   80-260148724
На строке 14617   в файле   80-261170552
На строке 14618   в файле   80-260151291
На строке 14619   в файле   80-260151877
На строке 14620   в файле   80-260152100
На строке 14621   в файле   80-250817560
На строке 14622   в файле   80-250818620
На строке 14623   в файле   80-250819043
На строке 14624   в файле   80-250820205
На строке 14625   в файле   80-252038573
На строке 14626   в файле   80-250821408
На строке 14627   в файле   80-252038898
На строке 14628   в файле   80-252038919
На строке 14629   в файле   80-252039057
На строке 14630   в файле   80-252039241
На строке 14631   в файле   80-250827768
На строке 14632   в файле   80-250828518
На строке 14633   в файле   80-250829315
На строке 14634   в файле   80-252457876
На строке 14635   в файле   80-250830062
На строке 14636   в файле   80-252040345
На строке 14637   в файле   80-252040455
На строке 14638   в файле   80-250832166
На строке 14639   в файле   80-250833161
На строке 14640   в файле   80-250832482
На строке 14641   в файле   80-250833547
На строке 14642   в файле   80-250833866
На строке 14643   в файле   80-250834173
На строке 14644   в файле   80-250834746
На строке 14645   в файле   80-250834743
На строке 14646   в файле   80-250835054
На строке 14647   в файле   80-252041061
На строке 14648   в файле   80-252040863
На строке 14649   в файле   80-252041024
На строке 14650   в файле   80-250836253
На строке 14651   в файле   80-252457428
На строке 14652   в файле   80-250838835
На строке 14653   в файле   80-250838339
На строке 14654   в файле   80-252042247
На строке 14655   в файле   80-250840260
На строке 14656   в файле   80-252042771
На строке 14657   в файле   80-250841269
На строке 14658   в файле   80-250841846
На строке 14659   в файле   80-250842627
На строке 14660   в файле   80-250842469
На строке 14661   в файле   80-252043756
На строке 14662   в файле   80-250844084
На строке 14663   в файле   80-250844380
На строке 14664   в файле   80-252043769
На строке 14665   в файле   80-250844690
На строке 14666   в файле   80-250844972
На строке 14667   в файле   80-250845263
На строке 14668   в файле   80-252044326
На строке 14669   в файле   80-250845603
На строке 14670   в файле   80-250846241
На строке 14671   в файле   80-252045025
На строке 14672   в файле   80-252045169
На строке 14673   в файле   80-250848307
На строке 14674   в файле   80-250848777
На строке 14675   в файле   80-250848778
На строке 14676   в файле   80-252457817
На строке 14677   в файле   80-252458372
На строке 14678   в файле   80-250849233
На строке 14679   в файле   80-252047528
На строке 14680   в файле   80-252047773
На строке 14681   в файле   80-250849918
На строке 14682   в файле   80-252049055
На строке 14683   в файле   80-252459318
На строке 14684   в файле   80-250850988
На строке 14685   в файле   80-252459514
На строке 14686   в файле   80-252459757
На строке 14687   в файле   80-250851880
На строке 14688   в файле   80-250853147
На строке 14689   в файле   80-250853441
На строке 14690   в файле   80-250853988
На строке 14691   в файле   80-250855070
На строке 14692   в файле   80-252460524
На строке 14693   в файле   80-250856246
На строке 14694   в файле   80-250856982
На строке 14695   в файле   80-252050847
На строке 14696   в файле   80-250857879
На строке 14697   в файле   80-250858476
На строке 14698   в файле   80-250859347
На строке 14699   в файле   80-250859369
На строке 14700   в файле   80-250859521
На строке 14701   в файле   80-260137676
На строке 14702   в файле   80-260137696
На строке 14703   в файле   80-260137802
На строке 14704   в файле   80-260138273
На строке 14705   в файле   80-260138201
На строке 14706   в файле   80-260138400
На строке 14707   в файле   80-260138577
На строке 14708   в файле   80-260138887
На строке 14709   в файле   80-260138917
На строке 14710   в файле   80-260139313
На строке 14711   в файле   80-260139468
На строке 14712   в файле   80-260139510
На строке 14713   в файле   80-260139900
На строке 14714   в файле   80-260139952
На строке 14715   в файле   80-260140275
На строке 14716   в файле   80-260140734
На строке 14717   в файле   80-260140948
На строке 14718   в файле   80-260141074
На строке 14719   в файле   80-260141019
На строке 14720   в файле   80-260141175
На строке 14721   в файле   80-261168569
На строке 14722   в файле   80-260141621
На строке 14723   в файле   80-260142087
На строке 14724   в файле   80-260142179
На строке 14725   в файле   80-260142332
На строке 14726   в файле   80-260142417
На строке 14727   в файле   80-261168760
На строке 14728   в файле   80-260142708
На строке 14729   в файле   80-260142743
На строке 14730   в файле   80-261168608
На строке 14731   в файле   80-260143350
На строке 14732   в файле   80-261169115
На строке 14733   в файле   80-260144098
На строке 14734   в файле   80-260144175
На строке 14735   в файле   80-260144420
На строке 14736   в файле   80-260144436
На строке 14737   в файле   80-260144951
На строке 14738   в файле   80-260145175
На строке 14739   в файле   80-260145594
На строке 14740   в файле   80-261169403
На строке 14741   в файле   80-260145887
На строке 14742   в файле   80-260146828
На строке 14743   в файле   80-260147037
На строке 14744   в файле   80-260147472
На строке 14745   в файле   80-260147341
На строке 14746   в файле   80-260147565
На строке 14747   в файле   80-260147806
На строке 14748   в файле   80-261170034
На строке 14749   в файле   80-261169886
На строке 14750   в файле   80-260148547
На строке 14751   в файле   80-261169912
На строке 14752   в файле   80-260149693
На строке 14753   в файле   80-260149878
На строке 14754   в файле   80-260149995
На строке 14755   в файле   80-261265432
На строке 14756   в файле   80-260150080
На строке 14757   в файле   80-260150165
На строке 14758   в файле   80-260150550
На строке 14759   в файле   80-260150509
На строке 14760   в файле   80-260150539
На строке 14761   в файле   80-260150653
На строке 14762   в файле   80-260150878
На строке 14763   в файле   80-260150908
На строке 14764   в файле   80-260151021
На строке 14765   в файле   80-260151108
На строке 14766   в файле   80-260151056
На строке 14767   в файле   80-260151178
На строке 14768   в файле   80-260151068
На строке 14769   в файле   80-261265730
На строке 14770   в файле   80-260151234
На строке 14771   в файле   80-260151487
На строке 14772   в файле   80-260151467
На строке 14773   в файле   80-260151558
На строке 14774   в файле   80-260151633
На строке 14775   в файле   80-260151640
На строке 14776   в файле   80-260151727
На строке 14777   в файле   80-261170742
На строке 14778   в файле   80-260151736
На строке 14779   в файле   80-260151751
На строке 14780   в файле   80-260151831
На строке 14781   в файле   80-260151999
На строке 14782   в файле   80-261170894
На строке 14783   в файле   80-261170857
На строке 14784   в файле   80-250814428
На строке 14785   в файле   80-252456526
На строке 14786   в файле   80-252617398
На строке 14787   в файле   80-260136419
На строке 14788   в файле   80-260152896
На строке 14789   в файле   80-252044534
На строке 14790   в файле   80-252047282
На строке 14791   в файле   80-250855041
На строке 14792   в файле   80-250860299
На строке 14793   в файле   80-250864111
На строке 14794   в файле   80-250866907
На строке 14795   в файле   80-250868455
На строке 14796   в файле   80-250870908
На строке 14797   в файле   80-260152935
На строке 14798   в файле   80-260153582
На строке 14799   в файле   80-260154217
На строке 14800   в файле   80-260154957
На строке 14801   в файле   80-260155041
На строке 14802   в файле   80-261171997
На строке 14803   в файле   80-260154975
На строке 14804   в файле   80-260155169
На строке 14805   в файле   80-261171820
На строке 14806   в файле   80-260155433
На строке 14807   в файле   80-250846141
На строке 14808   в файле   80-250846538
На строке 14809   в файле   80-250846836
На строке 14810   в файле   80-252044715
На строке 14811   в файле   80-252045410
На строке 14812   в файле   80-252045594
На строке 14813   в файле   80-252047041
На строке 14814   в файле   80-252045656
На строке 14815   в файле   80-250849071
На строке 14816   в файле   80-252047307
На строке 14817   в файле   80-252047902
На строке 14818   в файле   80-252458296
На строке 14819   в файле   80-250849741
На строке 14820   в файле   80-252049237
На строке 14821   в файле   80-252049564
На строке 14822   в файле   80-250850743
На строке 14823   в файле   80-252049562
На строке 14824   в файле   80-250851521
На строке 14825   в файле   80-250851856
На строке 14826   в файле   80-250853993
На строке 14827   в файле   80-252050856
На строке 14828   в файле   80-250856989
На строке 14829   в файле   80-250857330
На строке 14830   в файле   80-252051491
На строке 14831   в файле   80-252051724
На строке 14832   в файле   80-250858945
На строке 14833   в файле   80-250859348
На строке 14834   в файле   80-250859743
На строке 14835   в файле   80-250860098
На строке 14836   в файле   80-252052055
На строке 14837   в файле   80-250860950
На строке 14838   в файле   80-250861326
На строке 14839   в файле   80-252052492
На строке 14840   в файле   80-252052683
На строке 14841   в файле   80-250862176
На строке 14842   в файле   80-250862543
На строке 14843   в файле   80-250862938
На строке 14844   в файле   80-252052832
На строке 14845   в файле   80-250863076
На строке 14846   в файле   80-252053026
На строке 14847   в файле   80-250864505
На строке 14848   в файле   80-252053326
На строке 14849   в файле   80-250865758
На строке 14850   в файле   80-250865621
На строке 14851   в файле   80-250865785
На строке 14852   в файле   80-250866004
На строке 14853   в файле   80-250866529
На строке 14854   в файле   80-252053633
На строке 14855   в файле   80-250866697
На строке 14856   в файле   80-250866531
На строке 14857   в файле   80-250866875
На строке 14858   в файле   80-250866986
На строке 14859   в файле   80-250867351
На строке 14860   в файле   80-250867353
На строке 14861   в файле   80-252053781
На строке 14862   в файле   80-252053900
На строке 14863   в файле   80-252053975
На строке 14864   в файле   80-252054086
На строке 14865   в файле   80-252054088
На строке 14866   в файле   80-250868441
На строке 14867   в файле   80-250868770
На строке 14868   в файле   80-252054202
На строке 14869   в файле   80-250869083
На строке 14870   в файле   80-250869085
На строке 14871   в файле   80-250869536
На строке 14872   в файле   80-250869883
На строке 14873   в файле   80-252054292
На строке 14874   в файле   80-250870195
На строке 14875   в файле   80-252054570
На строке 14876   в файле   80-250870518
На строке 14877   в файле   80-250870973
На строке 14878   в файле   80-252054914
На строке 14879   в файле   80-252054911
На строке 14880   в файле   80-252055151
На строке 14881   в файле   80-250872182
На строке 14882   в файле   80-252055127
На строке 14883   в файле   80-250872470
На строке 14884   в файле   80-250872765
На строке 14885   в файле   80-250873369
На строке 14886   в файле   80-250873358
На строке 14887   в файле   80-260152961
На строке 14888   в файле   80-260153118
На строке 14889   в файле   80-261171296
На строке 14890   в файле   80-260153102
На строке 14891   в файле   80-261171198
На строке 14892   в файле   80-260153107
На строке 14893   в файле   80-260153250
На строке 14894   в файле   80-260153196
На строке 14895   в файле   80-260153479
На строке 14896   в файле   80-261275232
На строке 14897   в файле   80-260153663
На строке 14898   в файле   80-260153732
На строке 14899   в файле   80-260153857
На строке 14900   в файле   80-260154008
На строке 14901   в файле   80-260153921
На строке 14902   в файле   80-260154105
На строке 14903   в файле   80-260154293
На строке 14904   в файле   80-260154258
На строке 14905   в файле   80-261171513
На строке 14906   в файле   80-260154310
На строке 14907   в файле   80-260154290
На строке 14908   в файле   80-261171576
На строке 14909   в файле   80-260154451
На строке 14910   в файле   80-260154495
На строке 14911   в файле   80-260154379
На строке 14912   в файле   80-260154479
На строке 14913   в файле   80-260154471
На строке 14914   в файле   80-260154670
На строке 14915   в файле   80-260154735
На строке 14916   в файле   80-260154734
На строке 14917   в файле   80-261265719
На строке 14918   в файле   80-250844966
На строке 14919   в файле   80-252044182
На строке 14920   в файле   80-260152943
На строке 14921   в файле   80-261097512
На строке 14922   в файле   80-245252943
На строке 14923   в файле   80-251216046
На строке 14924   в файле   80-245297094
На строке 14925   в файле   80-245305934
На строке 14926   в файле   80-251245754
На строке 14927   в файле   80-251262529
На строке 14928   в файле   80-251284123
На строке 14929   в файле   80-245403396
На строке 14930   в файле   80-259665961
На строке 14931   в файле   80-261100412
На строке 14932   в файле   80-259704986
На строке 14933   в файле   80-261260634
На строке 14934   в файле   80-259771852
На строке 14935   в файле   80-259771835
На строке 14936   в файле   80-261110345
На строке 14937   в файле   80-261110431
На строке 14938   в файле   80-259774706
На строке 14939   в файле   80-252313781
На строке 14940   в файле   80-245257118
На строке 14941   в файле   80-252314130
На строке 14942   в файле   80-245257909
На строке 14943   в файле   80-251208108
На строке 14944   в файле   80-251211092
На строке 14945   в файле   80-252314468
На строке 14946   в файле   80-252314613
На строке 14947   в файле   80-252314615
На строке 14948   в файле   80-245275381
На строке 14949   в файле   80-251216678
На строке 14950   в файле   80-251217721
На строке 14951   в файле   80-251218978
На строке 14952   в файле   80-252315226
На строке 14953   в файле   80-251221834
На строке 14954   в файле   80-252315446
На строке 14955   в файле   80-252513288
На строке 14956   в файле   80-251228356
На строке 14957   в файле   80-252629621
На строке 14958   в файле   80-251228372
На строке 14959   в файле   80-245298276
На строке 14960   в файле   80-251229179
На строке 14961   в файле   80-245299642
На строке 14962   в файле   80-252598206
На строке 14963   в файле   80-252316498
На строке 14964   в файле   80-245301602
На строке 14965   в файле   80-251231235
На строке 14966   в файле   80-245302161
На строке 14967   в файле   80-252317074
На строке 14968   в файле   80-252317625
На строке 14969   в файле   80-251238382
На строке 14970   в файле   80-252631475
На строке 14971   в файле   80-245332523
На строке 14972   в файле   80-245332998
На строке 14973   в файле   80-251242294
На строке 14974   в файле   80-252317832
На строке 14975   в файле   80-252317846
На строке 14976   в файле   80-252318233
На строке 14977   в файле   80-251249890
На строке 14978   в файле   80-252318851
На строке 14979   в файле   80-245359973
На строке 14980   в файле   80-252514465
На строке 14981   в файле   80-251252753
На строке 14982   в файле   80-251252774
На строке 14983   в файле   80-251256209
На строке 14984   в файле   80-251255933
На строке 14985   в файле   80-251257956
На строке 14986   в файле   80-251263307
На строке 14987   в файле   80-252514845
На строке 14988   в файле   80-252514871
На строке 14989   в файле   80-251267617
На строке 14990   в файле   80-252320575
На строке 14991   в файле   80-252320959
На строке 14992   в файле   80-251273752
На строке 14993   в файле   80-252321213
На строке 14994   в файле   80-251277634
На строке 14995   в файле   80-252321776
На строке 14996   в файле   80-251284115
На строке 14997   в файле   80-245398285
На строке 14998   в файле   80-251286080
На строке 14999   в файле   80-251286744
На строке 15000   в файле   80-245398391
На строке 15001   в файле   80-251288187
На строке 15002   в файле   80-251288841
На строке 15003   в файле   80-252322734
На строке 15004   в файле   80-252322775
На строке 15005   в файле   80-252323156
На строке 15006   в файле   80-245403587
На строке 15007   в файле   80-245403961
На строке 15008   в файле   80-245404537
На строке 15009   в файле   80-252323152
На строке 15010   в файле   80-245404882
На строке 15011   в файле   80-245404720
На строке 15012   в файле   80-252323173
На строке 15013   в файле   80-245405281
На строке 15014   в файле   80-252323576
На строке 15015   в файле   80-259666003
На строке 15016   в файле   80-259666353
На строке 15017   в файле   80-261260216
На строке 15018   в файле   80-259666738
На строке 15019   в файле   80-261098547
На строке 15020   в файле   80-259668457
На строке 15021   в файле   80-261260193
На строке 15022   в файле   80-261099264
На строке 15023   в файле   80-259668867
На строке 15024   в файле   80-261099798
На строке 15025   в файле   80-261100267
На строке 15026   в файле   80-261100975
На строке 15027   в файле   80-259687429
На строке 15028   в файле   80-259688288
На строке 15029   в файле   80-259688735
На строке 15030   в файле   80-261101634
На строке 15031   в файле   80-261101836
На строке 15032   в файле   80-261102501
На строке 15033   в файле   80-261102649
На строке 15034   в файле   80-259703547
На строке 15035   в файле   80-261103374
На строке 15036   в файле   80-259706391
На строке 15037   в файле   80-261104050
На строке 15038   в файле   80-261103621
На строке 15039   в файле   80-261260424
На строке 15040   в файле   80-261104901
На строке 15041   в файле   80-261104888
На строке 15042   в файле   80-259717944
На строке 15043   в файле   80-261260619
На строке 15044   в файле   80-261105365
На строке 15045   в файле   80-259721607
На строке 15046   в файле   80-259721572
На строке 15047   в файле   80-259722438
На строке 15048   в файле   80-259722876
На строке 15049   в файле   80-261273355
На строке 15050   в файле   80-259723640
На строке 15051   в файле   80-261106669
На строке 15052   в файле   80-261106557
На строке 15053   в файле   80-261107402
На строке 15054   в файле   80-259734013
На строке 15055   в файле   80-261108148
На строке 15056   в файле   80-261108154
На строке 15057   в файле   80-261260629
На строке 15058   в файле   80-261108738
На строке 15059   в файле   80-245221627
На строке 15060   в файле   80-245223248
На строке 15061   в файле   80-245223866
На строке 15062   в файле   80-245224679
На строке 15063   в файле   80-245227030
На строке 15064   в файле   80-245245208
На строке 15065   в файле   80-245247220
На строке 15066   в файле   80-245222434
На строке 15067   в файле   80-252312808
На строке 15068   в файле   80-252312802
На строке 15069   в файле   80-252313137
На строке 15070   в файле   80-252310900
На строке 15071   в файле   80-252311088
На строке 15072   в файле   80-252311439
На строке 15073   в файле   80-252311621
На строке 15074   в файле   80-252312810
На строке 15075   в файле   80-252313131
На строке 15076   в файле   80-252512811
На строке 15077   в файле   80-252512933
На строке 15078   в файле   80-252598276
На строке 15079   в файле   80-261095126
На строке 15080   в файле   80-261260839
На строке 15081   в файле   80-261109578
На строке 15082   в файле   80-252314119
На строке 15083   в файле   80-251210015
На строке 15084   в файле   80-252315630
На строке 15085   в файле   80-245291725
На строке 15086   в файле   80-251244339
На строке 15087   в файле   80-252318435
На строке 15088   в файле   80-251284777
На строке 15089   в файле   80-251285414
На строке 15090   в файле   80-245403823
На строке 15091   в файле   80-245404142
На строке 15092   в файле   80-260530336
На строке 15093   в файле   80-249623214
На строке 15094   в файле   80-249626552
На строке 15095   в файле   80-249632971
На строке 15096   в файле   80-249638187
На строке 15097   в файле   80-252117524
На строке 15098   в файле   80-249648285
На строке 15099   в файле   80-249649412
На строке 15100   в файле   80-249649439
На строке 15101   в файле   80-260530762
На строке 15102   в файле   80-260530536
На строке 15103   в файле   80-260530847
На строке 15104   в файле   80-260530827
На строке 15105   в файле   80-260531296
На строке 15106   в файле   80-260530988
На строке 15107   в файле   80-260531104
На строке 15108   в файле   80-260531442
На строке 15109   в файле   80-260531923
На строке 15110   в файле   80-260532053
На строке 15111   в файле   80-249623225
На строке 15112   в файле   80-249623703
На строке 15113   в файле   80-249623743
На строке 15114   в файле   80-251023759
На строке 15115   в файле   80-249624220
На строке 15116   в файле   80-249624585
На строке 15117   в файле   80-249624984
На строке 15118   в файле   80-249625081
На строке 15119   в файле   80-249625512
На строке 15120   в файле   80-249625400
На строке 15121   в файле   80-259163785
На строке 15122   в файле   80-249628028
На строке 15123   в файле   80-249628479
На строке 15124   в файле   80-251024324
На строке 15125   в файле   80-249630548
На строке 15126   в файле   80-249630509
На строке 15127   в файле   80-249631202
На строке 15128   в файле   80-251026030
На строке 15129   в файле   80-251025736
На строке 15130   в файле   80-249632666
На строке 15131   в файле   80-249633004
На строке 15132   в файле   80-252584136
На строке 15133   в файле   80-249634134
На строке 15134   в файле   80-249634365
На строке 15135   в файле   80-252494748
На строке 15136   в файле   80-249636266
На строке 15137   в файле   80-249636262
На строке 15138   в файле   80-249636311
На строке 15139   в файле   80-249636864
На строке 15140   в файле   80-249637539
На строке 15141   в файле   80-249639009
На строке 15142   в файле   80-249639179
На строке 15143   в файле   80-251027648
На строке 15144   в файле   80-249639350
На строке 15145   в файле   80-252117172
На строке 15146   в файле   80-249640254
На строке 15147   в файле   80-249642016
На строке 15148   в файле   80-249642671
На строке 15149   в файле   80-249642879
На строке 15150   в файле   80-249643171
На строке 15151   в файле   80-251030505
На строке 15152   в файле   80-252117833
На строке 15153   в файле   80-249644596
На строке 15154   в файле   80-249644790
На строке 15155   в файле   80-252117780
На строке 15156   в файле   80-249645355
На строке 15157   в файле   80-249646012
На строке 15158   в файле   80-249646342
На строке 15159   в файле   80-249646827
На строке 15160   в файле   80-249648537
На строке 15161   в файле   80-249648911
На строке 15162   в файле   80-261228327
На строке 15163   в файле   80-252117671
На строке 15164   в файле   80-260529640
На строке 15165   в файле   80-259206729
На строке 15166   в файле   80-249627725
На строке 15167   в файле   80-249632279
На строке 15168   в файле   80-249637863
На строке 15169   в файле   80-249642610
На строке 15170   в файле   80-249645787
На строке 15171   в файле   80-249648261
На строке 15172   в файле   80-249648871
На строке 15173   в файле   80-261228081
На строке 15174   в файле   80-260529942
На строке 15175   в файле   80-260529560
На строке 15176   в файле   80-260529711
На строке 15177   в файле   80-260530128
На строке 15178   в файле   80-260530255
На строке 15179   в файле   80-260530069
На строке 15180   в файле   80-260530272
На строке 15181   в файле   80-260530712
На строке 15182   в файле   80-261228259
На строке 15183   в файле   80-249623338
На строке 15184   в файле   80-249624200
На строке 15185   в файле   80-249624114
На строке 15186   в файле   80-249624141
На строке 15187   в файле   80-249625137
На строке 15188   в файле   80-249624621
На строке 15189   в файле   80-249625026
На строке 15190   в файле   80-249625943
На строке 15191   в файле   80-249626554
На строке 15192   в файле   80-260764991
На строке 15193   в файле   80-249628125
На строке 15194   в файле   80-252116424
На строке 15195   в файле   80-251025219
На строке 15196   в файле   80-249630495
На строке 15197   в файле   80-249630508
На строке 15198   в файле   80-249631201
На строке 15199   в файле   80-249631238
На строке 15200   в файле   80-249631926
На строке 15201   в файле   80-249631916
На строке 15202   в файле   80-249632284
На строке 15203   в файле   80-249632593
На строке 15204   в файле   80-249633342
На строке 15205   в файле   80-249633709
На строке 15206   в файле   80-249634319
На строке 15207   в файле   80-249634299
На строке 15208   в файле   80-252117085
На строке 15209   в файле   80-251028423
На строке 15210   в файле   80-249635935
На строке 15211   в файле   80-249636895
На строке 15212   в файле   80-249637178
На строке 15213   в файле   80-249638110
На строке 15214   в файле   80-249638516
На строке 15215   в файле   80-249638718
На строке 15216   в файле   80-249639340
На строке 15217   в файле   80-249639386
На строке 15218   в файле   80-249639961
На строке 15219   в файле   80-249639954
На строке 15220   в файле   80-251029088
На строке 15221   в файле   80-249641658
На строке 15222   в файле   80-249642005
На строке 15223   в файле   80-251029996
На строке 15224   в файле   80-249643180
На строке 15225   в файле   80-249643389
На строке 15226   в файле   80-249643692
На строке 15227   в файле   80-249643695
На строке 15228   в файле   80-249643955
На строке 15229   в файле   80-249644208
На строке 15230   в файле   80-249644574
На строке 15231   в файле   80-249644761
На строке 15232   в файле   80-249645358
На строке 15233   в файле   80-249645854
На строке 15234   в файле   80-249646617
На строке 15235   в файле   80-251031723
На строке 15236   в файле   80-260529406
На строке 15237   в файле   80-260531580
На строке 15238   в файле   80-252116590
На строке 15239   в файле   80-249631282
На строке 15240   в файле   80-249636903
На строке 15241   в файле   80-249642631
На строке 15242   в файле   80-249646892
На строке 15243   в файле   80-249650530
На строке 15244   в файле   80-249651080
На строке 15245   в файле   80-249651076
На строке 15246   в файле   80-260531687
На строке 15247   в файле   80-260531863
На строке 15248   в файле   80-260531848
На строке 15249   в файле   80-260532092
На строке 15250   в файле   80-260532551
На строке 15251   в файле   80-260532411
На строке 15252   в файле   80-260532485
На строке 15253   в файле   80-260532498
На строке 15254   в файле   80-260532616
На строке 15255   в файле   80-260532605
На строке 15256   в файле   80-249625938
На строке 15257   в файле   80-249626566
На строке 15258   в файле   80-249626987
На строке 15259   в файле   80-249627306
На строке 15260   в файле   80-249627329
На строке 15261   в файле   80-249628032
На строке 15262   в файле   80-251024967
На строке 15263   в файле   80-249630019
На строке 15264   в файле   80-249630487
На строке 15265   в файле   80-249630872
На строке 15266   в файле   80-251027048
На строке 15267   в файле   80-251026365
На строке 15268   в файле   80-249632643
На строке 15269   в файле   80-249633032
На строке 15270   в файле   80-249633408
На строке 15271   в файле   80-249634390
На строке 15272   в файле   80-251027406
На строке 15273   в файле   80-249634596
На строке 15274   в файле   80-249636258
На строке 15275   в файле   80-249636883
На строке 15276   в файле   80-249637527
На строке 15277   в файле   80-249638112
На строке 15278   в файле   80-249638089
На строке 15279   в файле   80-249638712
На строке 15280   в файле   80-249639781
На строке 15281   в файле   80-251028612
На строке 15282   в файле   80-249640055
На строке 15283   в файле   80-251029968
На строке 15284   в файле   80-249642003
На строке 15285   в файле   80-249642289
На строке 15286   в файле   80-249643173
На строке 15287   в файле   80-249643693
На строке 15288   в файле   80-249643974
На строке 15289   в файле   80-252117341
На строке 15290   в файле   80-251031201
На строке 15291   в файле   80-252117450
На строке 15292   в файле   80-249645297
На строке 15293   в файле   80-249645847
На строке 15294   в файле   80-249646027
На строке 15295   в файле   80-249646379
На строке 15296   в файле   80-251031876
На строке 15297   в файле   80-249648013
На строке 15298   в файле   80-249648298
На строке 15299   в файле   80-249648868
На строке 15300   в файле   80-249648858
На строке 15301   в файле   80-249649451
На строке 15302   в файле   80-249649436
На строке 15303   в файле   80-249649991
На строке 15304   в файле   80-252119174
На строке 15305   в файле   80-249649922
На строке 15306   в файле   80-249650524
На строке 15307   в файле   80-249650214
На строке 15308   в файле   80-249650821
На строке 15309   в файле   80-260531326
На строке 15310   в файле   80-261169005
На строке 15311   в файле   80-252047302
На строке 15312   в файле   80-250855630
На строке 15313   в файле   80-252052191
На строке 15314   в файле   80-250862329
На строке 15315   в файле   80-252053299
На строке 15316   в файле   80-250864882
На строке 15317   в файле   80-250865245
На строке 15318   в файле   80-250865376
На строке 15319   в файле   80-260144455
На строке 15320   в файле   80-260144523
На строке 15321   в файле   80-260144658
На строке 15322   в файле   80-260144673
На строке 15323   в файле   80-260145198
На строке 15324   в файле   80-260145799
На строке 15325   в файле   80-260146305
На строке 15326   в файле   80-260147092
На строке 15327   в файле   80-260147227
На строке 15328   в файле   80-261169726
На строке 15329   в файле   80-252047775
На строке 15330   в файле   80-252458801
На строке 15331   в файле   80-250850123
На строке 15332   в файле   80-250850122
На строке 15333   в файле   80-250850439
На строке 15334   в файле   80-250851000
На строке 15335   в файле   80-252459695
На строке 15336   в файле   80-252616603
На строке 15337   в файле   80-252460558
На строке 15338   в файле   80-250853979
На строке 15339   в файле   80-250856318
На строке 15340   в файле   80-250856781
На строке 15341   в файле   80-250856796
На строке 15342   в файле   80-250857605
На строке 15343   в файле   80-250858119
На строке 15344   в файле   80-250858477
На строке 15345   в файле   80-250858982
На строке 15346   в файле   80-250859144
На строке 15347   в файле   80-252051949
На строке 15348   в файле   80-252051898
На строке 15349   в файле   80-250860100
На строке 15350   в файле   80-250860490
На строке 15351   в файле   80-252052320
На строке 15352   в файле   80-250860635
На строке 15353   в файле   80-250860817
На строке 15354   в файле   80-250861330
На строке 15355   в файле   80-250861195
На строке 15356   в файле   80-252052469
На строке 15357   в файле   80-250861361
На строке 15358   в файле   80-252052749
На строке 15359   в файле   80-250862693
На строке 15360   в файле   80-250863086
На строке 15361   в файле   80-250863259
На строке 15362   в файле   80-250863596
На строке 15363   в файле   80-250863741
На строке 15364   в файле   80-252053125
На строке 15365   в файле   80-250863726
На строке 15366   в файле   80-250864204
На строке 15367   в файле   80-252053223
На строке 15368   в файле   80-250864686
На строке 15369   в файле   80-252458813
На строке 15370   в файле   80-260143575
На строке 15371   в файле   80-261170522
На строке 15372   в файле   80-250848301
На строке 15373   в файле   80-250855694
На строке 15374   в файле   80-250859736
На строке 15375   в файле   80-252052713
На строке 15376   в файле   80-250864889
На строке 15377   в файле   80-250865609
На строке 15378   в файле   80-252053605
На строке 15379   в файле   80-250866253
На строке 15380   в файле   80-260150588
На строке 15381   в файле   80-260150639
На строке 15382   в файле   80-260150688
На строке 15383   в файле   80-260150719
На строке 15384   в файле   80-260150828
На строке 15385   в файле   80-260150892
На строке 15386   в файле   80-260150909
На строке 15387   в файле   80-260150989
На строке 15388   в файле   80-261170654
На строке 15389   в файле   80-260151255
На строке 15390   в файле   80-252045867
На строке 15391   в файле   80-250849521
На строке 15392   в файле   80-250850733
На строке 15393   в файле   80-250851291
На строке 15394   в файле   80-252049809
На строке 15395   в файле   80-250853438
На строке 15396   в файле   80-250853410
На строке 15397   в файле   80-250854509
На строке 15398   в файле   80-250854519
На строке 15399   в файле   80-252460528
На строке 15400   в файле   80-250856482
На строке 15401   в файле   80-252050619
На строке 15402   в файле   80-252050843
На строке 15403   в файле   80-250857433
На строке 15404   в файле   80-250857583
На строке 15405   в файле   80-250858102
На строке 15406   в файле   80-252051489
На строке 15407   в файле   80-252051488
На строке 15408   в файле   80-250858943
На строке 15409   в файле   80-252051896
На строке 15410   в файле   80-250859729
На строке 15411   в файле   80-250859915
На строке 15412   в файле   80-250860141
На строке 15413   в файле   80-252052163
На строке 15414   в файле   80-250860604
На строке 15415   в файле   80-250860463
На строке 15416   в файле   80-252052236
На строке 15417   в файле   80-250860847
На строке 15418   в файле   80-250860962
На строке 15419   в файле   80-252052435
На строке 15420   в файле   80-250862331
На строке 15421   в файле   80-250862710
На строке 15422   в файле   80-250862723
На строке 15423   в файле   80-250863070
На строке 15424   в файле   80-250863449
На строке 15425   в файле   80-252053032
На строке 15426   в файле   80-250863935
На строке 15427   в файле   80-250864115
На строке 15428   в файле   80-250864325
На строке 15429   в файле   80-250864469
На строке 15430   в файле   80-250864598
На строке 15431   в файле   80-250865050
На строке 15432   в файле   80-250848080
На строке 15433   в файле   80-260150349
На строке 15434   в файле   80-260137062
На строке 15435   в файле   80-252052579
На строке 15436   в файле   80-260136843
На строке 15437   в файле   80-260152178
На строке 15438   в файле   80-250863450
На строке 15439   в файле   80-252461450
На строке 15440   в файле   80-252054093
На строке 15441   в файле   80-250870165
На строке 15442   в файле   80-250872298
На строке 15443   в файле   80-252055161
На строке 15444   в файле   80-250872585
На строке 15445   в файле   80-250872912
На строке 15446   в файле   80-261170892
На строке 15447   в файле   80-260152344
На строке 15448   в файле   80-261265668
На строке 15449   в файле   80-261171054
На строке 15450   в файле   80-260152362
На строке 15451   в файле   80-260152542
На строке 15452   в файле   80-260152550
На строке 15453   в файле   80-260152478
На строке 15454   в файле   80-260152515
На строке 15455   в файле   80-260152772
На строке 15456   в файле   80-250863438
На строке 15457   в файле   80-250863737
На строке 15458   в файле   80-250864947
На строке 15459   в файле   80-250865238
На строке 15460   в файле   80-250865268
На строке 15461   в файле   80-252053452
На строке 15462   в файле   80-252053639
На строке 15463   в файле   80-250865976
На строке 15464   в файле   80-250866245
На строке 15465   в файле   80-250866576
На строке 15466   в файле   80-252461288
На строке 15467   в файле   80-252460614
На строке 15468   в файле   80-250866991
На строке 15469   в файле   80-250867316
На строке 15470   в файле   80-250867264
На строке 15471   в файле   80-252460946
На строке 15472   в файле   80-252053899
На строке 15473   в файле   80-252053904
На строке 15474   в файле   80-250868119
На строке 15475   в файле   80-250868278
На строке 15476   в файле   80-250868279
На строке 15477   в файле   80-250868768
На строке 15478   в файле   80-250868765
На строке 15479   в файле   80-250868780
На строке 15480   в файле   80-252054290
На строке 15481   в файле   80-250869105
На строке 15482   в файле   80-250869544
На строке 15483   в файле   80-250869534
На строке 15484   в файле   80-250869893
На строке 15485   в файле   80-250869862
На строке 15486   в файле   80-250870166
На строке 15487   в файле   80-250870170
На строке 15488   в файле   80-250870511
На строке 15489   в файле   80-250870871
На строке 15490   в файле   80-250871203
На строке 15491   в файле   80-250871242
На строке 15492   в файле   80-252054673
На строке 15493   в файле   80-250862336
На строке 15494   в файле   80-252052924
На строке 15495   в файле   80-260152033
На строке 15496   в файле   80-260152088
На строке 15497   в файле   80-260155772
На строке 15498   в файле   80-252054291
На строке 15499   в файле   80-252055396
На строке 15500   в файле   80-250875458
На строке 15501   в файле   80-252057099
На строке 15502   в файле   80-252057553
На строке 15503   в файле   80-250881173
На строке 15504   в файле   80-250882616
На строке 15505   в файле   80-250884236
На строке 15506   в файле   80-261171940
На строке 15507   в файле   80-260157079
На строке 15508   в файле   80-260157093
На строке 15509   в файле   80-260157258
На строке 15510   в файле   80-260157322
На строке 15511   в файле   80-260157403
На строке 15512   в файле   80-261172333
На строке 15513   в файле   80-260157609
На строке 15514   в файле   80-261172150
На строке 15515   в файле   80-260157635
На строке 15516   в файле   80-250869532
На строке 15517   в файле   80-250869855
На строке 15518   в файле   80-252054443
На строке 15519   в файле   80-252054566
На строке 15520   в файле   80-250870521
На строке 15521   в файле   80-250870544
На строке 15522   в файле   80-250870842
На строке 15523   в файле   80-252054569
На строке 15524   в файле   80-250871303
На строке 15525   в файле   80-250871988
На строке 15526   в файле   80-252055448
На строке 15527   в файле   80-252461737
На строке 15528   в файле   80-250873786
На строке 15529   в файле   80-250873662
На строке 15530   в файле   80-252462097
На строке 15531   в файле   80-250874169
На строке 15532   в файле   80-250873901
На строке 15533   в файле   80-250874361
На строке 15534   в файле   80-250874478
На строке 15535   в файле   80-252056393
На строке 15536   в файле   80-252056385
На строке 15537   в файле   80-250874907
На строке 15538   в файле   80-250875778
На строке 15539   в файле   80-250876089
На строке 15540   в файле   80-250876229
На строке 15541   в файле   80-252056705
На строке 15542   в файле   80-250876361
На строке 15543   в файле   80-250876552
На строке 15544   в файле   80-250876814
На строке 15545   в файле   80-250877108
На строке 15546   в файле   80-250877106
На строке 15547   в файле   80-250876964
На строке 15548   в файле   80-250877537
На строке 15549   в файле   80-250877847
На строке 15550   в файле   80-250878267
На строке 15551   в файле   80-250878270
На строке 15552   в файле   80-250878544
На строке 15553   в файле   80-250878570
На строке 15554   в файле   80-250878829
На строке 15555   в файле   80-250878863
На строке 15556   в файле   80-250879149
На строке 15557   в файле   80-250879443
На строке 15558   в файле   80-250879447
На строке 15559   в файле   80-250879574
На строке 15560   в файле   80-250879702
На строке 15561   в файле   80-250879877
На строке 15562   в файле   80-252057653
На строке 15563   в файле   80-250880178
На строке 15564   в файле   80-250880311
На строке 15565   в файле   80-250880586
На строке 15566   в файле   80-250880749
На строке 15567   в файле   80-252057872
На строке 15568   в файле   80-250881042
На строке 15569   в файле   80-250881720
На строке 15570   в файле   80-250881987
На строке 15571   в файле   80-250881967
На строке 15572   в файле   80-250881900
На строке 15573   в файле   80-252058235
На строке 15574   в файле   80-252058333
На строке 15575   в файле   80-250882326
На строке 15576   в файле   80-250882509
На строке 15577   в файле   80-252462496
На строке 15578   в файле   80-250882624
На строке 15579   в файле   80-252058622
На строке 15580   в файле   80-252058639
На строке 15581   в файле   80-252058736
На строке 15582   в файле   80-250883575
На строке 15583   в файле   80-252058847
На строке 15584   в файле   80-250883581
На строке 15585   в файле   80-250883876
На строке 15586   в файле   80-250883702
На строке 15587   в файле   80-250883848
На строке 15588   в файле   80-252058952
На строке 15589   в файле   80-252462960
На строке 15590   в файле   80-250884244
На строке 15591   в файле   80-250884886
На строке 15592   в файле   80-250885064
На строке 15593   в файле   80-250885195
На строке 15594   в файле   80-252059535
На строке 15595   в файле   80-250885355
На строке 15596   в файле   80-252059510
На строке 15597   в файле   80-250885354
На строке 15598   в файле   80-250885347
На строке 15599   в файле   80-260156057
На строке 15600   в файле   80-260156095
На строке 15601   в файле   80-260156395
На строке 15602   в файле   80-260156260
На строке 15603   в файле   80-261171943
На строке 15604   в файле   80-260156627
На строке 15605   в файле   80-260156784
На строке 15606   в файле   80-261265756
На строке 15607   в файле   80-260156873
На строке 15608   в файле   80-261171774
На строке 15609   в файле   80-260154846
На строке 15610   в файле   80-252054913
На строке 15611   в файле   80-252056133
На строке 15612   в файле   80-250875804
На строке 15613   в файле   80-250877393
На строке 15614   в файле   80-250879254
На строке 15615   в файле   80-252057970
На строке 15616   в файле   80-250882223
На строке 15617   в файле   80-250883857
На строке 15618   в файле   80-260154944
На строке 15619   в файле   80-260155860
На строке 15620   в файле   80-260157912
На строке 15621   в файле   80-261172543
На строке 15622   в файле   80-260161581
На строке 15623   в файле   80-260163169
На строке 15624   в файле   80-260164815
На строке 15625   в файле   80-260167645
На строке 15626   в файле   80-260169889
На строке 15627   в файле   80-260170993
На строке 15628   в файле   80-250872174
На строке 15629   в файле   80-252055128
На строке 15630   в файле   80-250872434
На строке 15631   в файле   80-250872756
На строке 15632   в файле   80-252461739
На строке 15633   в файле   80-250873055
На строке 15634   в файле   80-250873212
На строке 15635   в файле   80-250873498
На строке 15636   в файле   80-250873681
На строке 15637   в файле   80-252056007
На строке 15638   в файле   80-250874339
На строке 15639   в файле   80-250874620
На строке 15640   в файле   80-250874774
На строке 15641   в файле   80-250874784
На строке 15642   в файле   80-250874905
На строке 15643   в файле   80-250875169
На строке 15644   в файле   80-250875179
На строке 15645   в файле   80-252056469
На строке 15646   в файле   80-250875456
На строке 15647   в файле   80-250875321
На строке 15648   в файле   80-250875786
На строке 15649   в файле   80-250875943
На строке 15650   в файле   80-250876350
На строке 15651   в файле   80-252056865
На строке 15652   в файле   80-252056855
На строке 15653   в файле   80-250876685
На строке 15654   в файле   80-252056969
На строке 15655   в файле   80-250877301
На строке 15656   в файле   80-250877405
На строке 15657   в файле   80-250877253
На строке 15658   в файле   80-250877590
На строке 15659   в файле   80-250877652
На строке 15660   в файле   80-250877970
На строке 15661   в файле   80-252057215
На строке 15662   в файле   80-252057320
На строке 15663   в файле   80-250878539
На строке 15664   в файле   80-250878827
На строке 15665   в файле   80-250878850
На строке 15666   в файле   80-250879147
На строке 15667   в файле   80-252057414
На строке 15668   в файле   80-252462205
На строке 15669   в файле   80-250879896
На строке 15670   в файле   80-250880036
На строке 15671   в файле   80-250880343
На строке 15672   в файле   80-250880466
На строке 15673   в файле   80-250880624
На строке 15674   в файле   80-252057683
На строке 15675   в файле   80-252058059
На строке 15676   в файле   80-250880882
На строке 15677   в файле   80-250881168
На строке 15678   в файле   80-252058112
На строке 15679   в файле   80-250881297
На строке 15680   в файле   80-250881453
На строке 15681   в файле   80-250881290
На строке 15682   в файле   80-250881436
На строке 15683   в файле   80-250881632
На строке 15684   в файле   80-250881576
На строке 15685   в файле   80-250881757
На строке 15686   в файле   80-252058105
На строке 15687   в файле   80-250881965
На строке 15688   в файле   80-250882381
На строке 15689   в файле   80-250882322
На строке 15690   в файле   80-250882662
На строке 15691   в файле   80-252058357
На строке 15692   в файле   80-252058534
На строке 15693   в файле   80-252058562
На строке 15694   в файле   80-250882795
На строке 15695   в файле   80-250883442
На строке 15696   в файле   80-250883584
На строке 15697   в файле   80-252058750
На строке 15698   в файле   80-252058855
На строке 15699   в файле   80-250883951
На строке 15700   в файле   80-250884124
На строке 15701   в файле   80-252462598
На строке 15702   в файле   80-250884102
На строке 15703   в файле   80-252462989
На строке 15704   в файле   80-252463071
На строке 15705   в файле   80-252059410
На строке 15706   в файле   80-250885089
На строке 15707   в файле   80-250885090
На строке 15708   в файле   80-260155035
На строке 15709   в файле   80-260155173
На строке 15710   в файле   80-260155166
На строке 15711   в файле   80-260155333
На строке 15712   в файле   80-260155408
На строке 15713   в файле   80-260155371
На строке 15714   в файле   80-260155513
На строке 15715   в файле   80-260155657
На строке 15716   в файле   80-260155586
На строке 15717   в файле   80-260155810
На строке 15718   в файле   80-260155888
На строке 15719   в файле   80-260156022
На строке 15720   в файле   80-260156066
На строке 15721   в файле   80-261265617
На строке 15722   в файле   80-260156287
На строке 15723   в файле   80-260156327
На строке 15724   в файле   80-260156552
На строке 15725   в файле   80-260156560
На строке 15726   в файле   80-260156617
На строке 15727   в файле   80-260156820
На строке 15728   в файле   80-260157914
На строке 15729   в файле   80-260157983
На строке 15730   в файле   80-260158253
На строке 15731   в файле   80-260158255
На строке 15732   в файле   80-260158254
На строке 15733   в файле   80-261172358
На строке 15734   в файле   80-260158422
На строке 15735   в файле   80-260158576
На строке 15736   в файле   80-260158808
На строке 15737   в файле   80-260159084
На строке 15738   в файле   80-260159308
На строке 15739   в файле   80-260159657
На строке 15740   в файле   80-261172502
На строке 15741   в файле   80-260160316
На строке 15742   в файле   80-260160472
На строке 15743   в файле   80-260160620
На строке 15744   в файле   80-261172625
На строке 15745   в файле   80-260160616
На строке 15746   в файле   80-260161199
На строке 15747   в файле   80-261172875
На строке 15748   в файле   80-260161716
На строке 15749   в файле   80-261172938
На строке 15750   в файле   80-260162089
На строке 15751   в файле   80-260162027
На строке 15752   в файле   80-260162514
На строке 15753   в файле   80-260162361
На строке 15754   в файле   80-260162511
На строке 15755   в файле   80-260162739
На строке 15756   в файле   80-260163095
На строке 15757   в файле   80-260163120
На строке 15758   в файле   80-260163521
На строке 15759   в файле   80-260163472
На строке 15760   в файле   80-260163805
На строке 15761   в файле   80-261173098
На строке 15762   в файле   80-260164071
На строке 15763   в файле   80-260164108
На строке 15764   в файле   80-260164221
На строке 15765   в файле   80-261172926
На строке 15766   в файле   80-260164538
На строке 15767   в файле   80-260164754
На строке 15768   в файле   80-260164796
На строке 15769   в файле   80-260165192
На строке 15770   в файле   80-260165274
На строке 15771   в файле   80-260165556
На строке 15772   в файле   80-260165700
На строке 15773   в файле   80-260166304
На строке 15774   в файле   80-260166705
На строке 15775   в файле   80-260166897
На строке 15776   в файле   80-260167271
На строке 15777   в файле   80-260167642
На строке 15778   в файле   80-260168183
На строке 15779   в файле   80-260168166
На строке 15780   в файле   80-260168176
На строке 15781   в файле   80-260168728
На строке 15782   в файле   80-260168683
На строке 15783   в файле   80-260168701
На строке 15784   в файле   80-260169322
На строке 15785   в файле   80-260169318
На строке 15786   в файле   80-260169325
На строке 15787   в файле   80-260169575
На строке 15788   в файле   80-260170097
На строке 15789   в файле   80-250871143
На строке 15790   в файле   80-252054912
На строке 15791   в файле   80-260154638
На строке 15792   в файле   80-260153340
На строке 15793   в файле   80-250872461
На строке 15794   в файле   80-252056381
На строке 15795   в файле   80-252056852
На строке 15796   в файле   80-250878246
На строке 15797   в файле   80-250880173
На строке 15798   в файле   80-250880801
На строке 15799   в файле   80-250880942
На строке 15800   в файле   80-252057878
На строке 15801   в файле   80-260153389
На строке 15802   в файле   80-261171324
На строке 15803   в файле   80-260153470
На строке 15804   в файле   80-260153604
На строке 15805   в файле   80-260153768
На строке 15806   в файле   80-260153784
На строке 15807   в файле   80-260153843
На строке 15808   в файле   80-260154033
На строке 15809   в файле   80-260154069
На строке 15810   в файле   80-260154084
На строке 15811   в файле   80-261171452
На строке 15812   в файле   80-260154129
На строке 15813   в файле   80-252461437
На строке 15814   в файле   80-250872758
На строке 15815   в файле   80-250873073
На строке 15816   в файле   80-250873375
На строке 15817   в файле   80-250873640
На строке 15818   в файле   80-252056135
На строке 15819   в файле   80-250873903
На строке 15820   в файле   80-252056132
На строке 15821   в файле   80-250874466
На строке 15822   в файле   80-252056249
На строке 15823   в файле   80-250874627
На строке 15824   в файле   80-250875046
На строке 15825   в файле   80-250875168
На строке 15826   в файле   80-250875460
На строке 15827   в файле   80-252056633
На строке 15828   в файле   80-252056649
На строке 15829   в файле   80-252056661
На строке 15830   в файле   80-250875629
На строке 15831   в файле   80-250876055
На строке 15832   в файле   80-250876129
На строке 15833   в файле   80-250876540
На строке 15834   в файле   80-250876694
На строке 15835   в файле   80-250877004
На строке 15836   в файле   80-250876822
На строке 15837   в файле   80-252057101
На строке 15838   в файле   80-252057103
На строке 15839   в файле   80-250877687
На строке 15840   в файле   80-250877978
На строке 15841   в файле   80-250877981
На строке 15842   в файле   80-250878157
На строке 15843   в файле   80-252057313
На строке 15844   в файле   80-250878547
На строке 15845   в файле   80-252057315
На строке 15846   в файле   80-250879146
На строке 15847   в файле   80-250879485
На строке 15848   в файле   80-252057585
На строке 15849   в файле   80-250879766
На строке 15850   в файле   80-252057775
На строке 15851   в файле   80-252462325
На строке 15852   в файле   80-250880067
На строке 15853   в файле   80-250880480
На строке 15854   в файле   80-250872160
На строке 15855   в файле   80-261171232
На строке 15856   в файле   80-260535941
На строке 15857   в файле   80-260540843
На строке 15858   в файле   80-260541737
На строке 15859   в файле   80-260536761
На строке 15860   в файле   80-260544374
На строке 15861   в файле   80-261228667
На строке 15862   в файле   80-249652972
На строке 15863   в файле   80-249653603
На строке 15864   в файле   80-249654037
На строке 15865   в файле   80-249658676
На строке 15866   в файле   80-249661701
На строке 15867   в файле   80-252119172
На строке 15868   в файле   80-249654045
На строке 15869   в файле   80-249657068
На строке 15870   в файле   80-249660461
На строке 15871   в файле   80-249662047
На строке 15872   в файле   80-249655083
На строке 15873   в файле   80-249660216
На строке 15874   в файле   80-249654074
На строке 15875   в файле   80-249657894
На строке 15876   в файле   80-249660460
На строке 15877   в файле   80-249660466
На строке 15878   в файле   80-251036898
На строке 15879   в файле   80-252495179
На строке 15880   в файле   80-249654565
На строке 15881   в файле   80-249655672
На строке 15882   в файле   80-249658370
На строке 15883   в файле   80-249660465
На строке 15884   в файле   80-249660825
На строке 15885   в файле   80-251036406
На строке 15886   в файле   80-249654763
На строке 15887   в файле   80-249658228
На строке 15888   в файле   80-249660815
На строке 15889   в файле   80-249661018
На строке 15890   в файле   80-249663154
На строке 15891   в файле   80-252118638
На строке 15892   в файле   80-249655160
На строке 15893   в файле   80-249658392
На строке 15894   в файле   80-249661212
На строке 15895   в файле   80-249661208
На строке 15896   в файле   80-249663164
На строке 15897   в файле   80-251033138
На строке 15898   в файле   80-249655088
На строке 15899   в файле   80-249658868
На строке 15900   в файле   80-249661192
На строке 15901   в файле   80-249661237
На строке 15902   в файле   80-249663563
На строке 15903   в файле   80-251033177
На строке 15904   в файле   80-249655636
На строке 15905   в файле   80-249657092
На строке 15906   в файле   80-249661382
На строке 15907   в файле   80-249661522
На строке 15908   в файле   80-251037791
На строке 15909   в файле   80-252119447
На строке 15910   в файле   80-260536222
На строке 15911   в файле   80-260536378
На строке 15912   в файле   80-260538999
На строке 15913   в файле   80-260541243
На строке 15914   в файле   80-260541920
На строке 15915   в файле   80-261228579
На строке 15916   в файле   80-260536573
На строке 15917   в файле   80-260537341
На строке 15918   в файле   80-260538774
На строке 15919   в файле   80-260541489
На строке 15920   в файле   80-260542221
На строке 15921   в файле   80-260544420
На строке 15922   в файле   80-260536630
На строке 15923   в файле   80-260542401
На строке 15924   в файле   80-260544598
На строке 15925   в файле   80-260537358
На строке 15926   в файле   80-260538984
На строке 15927   в файле   80-261228776
На строке 15928   в файле   80-260537092
На строке 15929   в файле   80-260537377
На строке 15930   в файле   80-260539227
На строке 15931   в файле   80-260542109
На строке 15932   в файле   80-260542532
На строке 15933   в файле   80-261228494
На строке 15934   в файле   80-260537097
На строке 15935   в файле   80-260539236
На строке 15936   в файле   80-260542107
На строке 15937   в файле   80-260544807
На строке 15938   в файле   80-260542875
На строке 15939   в файле   80-260537624
На строке 15940   в файле   80-260537316
На строке 15941   в файле   80-260537656
На строке 15942   в файле   80-260538996
На строке 15943   в файле   80-260542539
На строке 15944   в файле   80-260544855
На строке 15945   в файле   80-260542880
На строке 15946   в файле   80-260537887
На строке 15947   в файле   80-260537902
На строке 15948   в файле   80-260542576
На строке 15949   в файле   80-260542936
На строке 15950   в файле   80-260544708
На строке 15951   в файле   80-261228503
На строке 15952   в файле   80-260537922
На строке 15953   в файле   80-260538466
На строке 15954   в файле   80-260539311
На строке 15955   в файле   80-260542725
На строке 15956   в файле   80-260542979
На строке 15957   в файле   80-260544812
На строке 15958   в файле   80-260538198
На строке 15959   в файле   80-260539598
На строке 15960   в файле   80-260542980
На строке 15961   в файле   80-260543400
На строке 15962   в файле   80-260545141
На строке 15963   в файле   80-260537928
На строке 15964   в файле   80-260538486
На строке 15965   в файле   80-260539781
На строке 15966   в файле   80-260543331
На строке 15967   в файле   80-260544999
На строке 15968   в файле   80-249653930
На строке 15969   в файле   80-249654515
На строке 15970   в файле   80-249661864
На строке 15971   в файле   80-251035537
На строке 15972   в файле   80-249654189
На строке 15973   в файле   80-249655046
На строке 15974   в файле   80-249658956
На строке 15975   в файле   80-249661682
На строке 15976   в файле   80-251034764
На строке 15977   в файле   80-249654408
На строке 15978   в файле   80-249655061
На строке 15979   в файле   80-252119446
На строке 15980   в файле   80-252621897
На строке 15981   в файле   80-249654520
На строке 15982   в файле   80-249655310
На строке 15983   в файле   80-249662004
На строке 15984   в файле   80-251034851
На строке 15985   в файле   80-249654561
На строке 15986   в файле   80-249655616
На строке 15987   в файле   80-249662041
На строке 15988   в файле   80-249655645
На строке 15989   в файле   80-252119175
На строке 15990   в файле   80-251033185
На строке 15991   в файле   80-249656887
На строке 15992   в файле   80-249657116
На строке 15993   в файле   80-249657118
На строке 15994   в файле   80-249657071
На строке 15995   в файле   80-249657375
На строке 15996   в файле   80-249657887
На строке 15997   в файле   80-249657696
На строке 15998   в файле   80-249657659
На строке 15999   в файле   80-249657626
На строке 16000   в файле   80-249657674
На строке 16001   в файле   80-249652119
На строке 16002   в файле   80-249652641
На строке 16003   в файле   80-249652664
На строке 16004   в файле   80-249652728
На строке 16005   в файле   80-249652971
На строке 16006   в файле   80-249653210
На строке 16007   в файле   80-249653306
На строке 16008   в файле   80-249653217
На строке 16009   в файле   80-249658192
На строке 16010   в файле   80-249658366
На строке 16011   в файле   80-249658604
На строке 16012   в файле   80-249658873
На строке 16013   в файле   80-249658892
На строке 16014   в файле   80-249659115
На строке 16015   в файле   80-249661350
На строке 16016   в файле   80-249661579
На строке 16017   в файле   80-249661550
На строке 16018   в файле   80-249661732
На строке 16019   в файле   80-249658187
На строке 16020   в файле   80-251034037
На строке 16021   в файле   80-252495110
На строке 16022   в файле   80-260534310
На строке 16023   в файле   80-260535060
На строке 16024   в файле   80-260538645
На строке 16025   в файле   80-260544208
На строке 16026   в файле   80-260539821
На строке 16027   в файле   80-260540142
На строке 16028   в файле   80-260543320
На строке 16029   в файле   80-260788844
На строке 16030   в файле   80-260789404
На строке 16031   в файле   80-243897873
На строке 16032   в файле   80-249921882
На строке 16033   в файле   80-249921985
На строке 16034   в файле   80-244690768
На строке 16035   в файле   80-249922097
На строке 16036   в файле   80-244696173
На строке 16037   в файле   80-249922437
На строке 16038   в файле   80-260789241
На строке 16039   в файле   80-260789377
На строке 16040   в файле   80-260789397
На строке 16041   в файле   80-260789596
На строке 16042   в файле   80-260790074
На строке 16043   в файле   80-260789935
На строке 16044   в файле   80-260789955
На строке 16045   в файле   80-261244424
На строке 16046   в файле   80-249921602
На строке 16047   в файле   80-244679771
На строке 16048   в файле   80-243900277
На строке 16049   в файле   80-243902065
На строке 16050   в файле   80-249921714
На строке 16051   в файле   80-244685978
На строке 16052   в файле   80-243903348
На строке 16053   в файле   80-243904494
На строке 16054   в файле   80-249921892
На строке 16055   в файле   80-243906320
На строке 16056   в файле   80-244688366
На строке 16057   в файле   80-243908162
На строке 16058   в файле   80-244672328
На строке 16059   в файле   80-249921388
На строке 16060   в файле   80-259245727
На строке 16061   в файле   80-260789385
На строке 16062   в файле   80-252195942
На строке 16063   в файле   80-249901289
На строке 16064   в файле   80-252204027
На строке 16065   в файле   80-249902678
На строке 16066   в файле   80-249902792
На строке 16067   в файле   80-252204714
На строке 16068   в файле   80-252635748
На строке 16069   в файле   80-252207693
На строке 16070   в файле   80-260748360
На строке 16071   в файле   80-260748395
На строке 16072   в файле   80-261242539
На строке 16073   в файле   80-260748615
На строке 16074   в файле   80-260748834
На строке 16075   в файле   80-260749114
На строке 16076   в файле   80-261242441
На строке 16077   в файле   80-260749353
На строке 16078   в файле   80-260749550
На строке 16079   в файле   80-260749617
На строке 16080   в файле   80-249899794
На строке 16081   в файле   80-249899786
На строке 16082   в файле   80-252197434
На строке 16083   в файле   80-252501490
На строке 16084   в файле   80-249900369
На строке 16085   в файле   80-249900528
На строке 16086   в файле   80-249900371
На строке 16087   в файле   80-252199675
На строке 16088   в файле   80-249900964
На строке 16089   в файле   80-249900954
На строке 16090   в файле   80-249901092
На строке 16091   в файле   80-252201426
На строке 16092   в файле   80-249901710
На строке 16093   в файле   80-249901895
На строке 16094   в файле   80-249902027
На строке 16095   в файле   80-252203454
На строке 16096   в файле   80-249902449
На строке 16097   в файле   80-249899408
На строке 16098   в файле   80-249899473
На строке 16099   в файле   80-252195313
На строке 16100   в файле   80-260743986
На строке 16101   в файле   80-260744253
На строке 16102   в файле   80-260744530
На строке 16103   в файле   80-260745208
На строке 16104   в файле   80-260745826
На строке 16105   в файле   80-260744789
На строке 16106   в файле   80-260745040
На строке 16107   в файле   80-260745462
На строке 16108   в файле   80-260746293
На строке 16109   в файле   80-260746809
На строке 16110   в файле   80-260745206
На строке 16111   в файле   80-249899969
На строке 16112   в файле   80-249902610
На строке 16113   в файле   80-249902668
На строке 16114   в файле   80-249902788
На строке 16115   в файле   80-252588881
На строке 16116   в файле   80-249903335
На строке 16117   в файле   80-249903390
На строке 16118   в файле   80-260745063
На строке 16119   в файле   80-260745529
На строке 16120   в файле   80-260745705
На строке 16121   в файле   80-260746336
На строке 16122   в файле   80-260746766
На строке 16123   в файле   80-260746515
На строке 16124   в файле   80-261242317
На строке 16125   в файле   80-260748359
На строке 16126   в файле   80-260748829
На строке 16127   в файле   80-261242417
На строке 16128   в файле   80-260748952
На строке 16129   в файле   80-252198126
На строке 16130   в файле   80-249900360
На строке 16131   в файле   80-249900527
На строке 16132   в файле   80-249900525
На строке 16133   в файле   80-252198870
На строке 16134   в файле   80-249900957
На строке 16135   в файле   80-249901083
На строке 16136   в файле   80-249901117
На строке 16137   в файле   80-249901222
На строке 16138   в файле   80-249901236
На строке 16139   в файле   80-249901254
На строке 16140   в файле   80-252501919
На строке 16141   в файле   80-252201297
На строке 16142   в файле   80-249901858
На строке 16143   в файле   80-249902023
На строке 16144   в файле   80-249902025
На строке 16145   в файле   80-252202854
На строке 16146   в файле   80-252203447
На строке 16147   в файле   80-249902443
На строке 16148   в файле   80-249899859
На строке 16149   в файле   80-260744502
На строке 16150   в файле   80-260744660
На строке 16151   в файле   80-260743713
На строке 16152   в файле   80-261242030
На строке 16153   в файле   80-249901849
На строке 16154   в файле   80-249902000
На строке 16155   в файле   80-252202175
На строке 16156   в файле   80-249902461
На строке 16157   в файле   80-249902601
На строке 16158   в файле   80-249902823
На строке 16159   в файле   80-252502421
На строке 16160   в файле   80-260743215
На строке 16161   в файле   80-260743582
На строке 16162   в файле   80-260743611
На строке 16163   в файле   80-261242029
На строке 16164   в файле   80-252501924
На строке 16165   в файле   80-260743056
На строке 16166   в файле   80-260745741
На строке 16167   в файле   80-249903482
На строке 16168   в файле   80-249904050
На строке 16169   в файле   80-249904501
На строке 16170   в файле   80-249904528
На строке 16171   в файле   80-249904716
На строке 16172   в файле   80-249904668
На строке 16173   в файле   80-249904710
На строке 16174   в файле   80-249904816
На строке 16175   в файле   80-260746074
На строке 16176   в файле   80-260746270
На строке 16177   в файле   80-261242085
На строке 16178   в файле   80-260746841
На строке 16179   в файле   80-260747020
На строке 16180   в файле   80-261270819
На строке 16181   в файле   80-260747303
На строке 16182   в файле   80-260747094
На строке 16183   в файле   80-260747401
На строке 16184   в файле   80-252208463
На строке 16185   в файле   80-249903620
На строке 16186   в файле   80-252208530
На строке 16187   в файле   80-249903752
На строке 16188   в файле   80-249903742
На строке 16189   в файле   80-249903810
На строке 16190   в файле   80-249903822
На строке 16191   в файле   80-249903877
На строке 16192   в файле   80-249904012
На строке 16193   в файле   80-249904001
На строке 16194   в файле   80-252208988
На строке 16195   в файле   80-252209875
На строке 16196   в файле   80-249904203
На строке 16197   в файле   80-249904247
На строке 16198   в файле   80-249904371
На строке 16199   в файле   80-252209821
На строке 16200   в файле   80-249904355
На строке 16201   в файле   80-249904532
На строке 16202   в файле   80-249903400
На строке 16203   в файле   80-260744736
На строке 16204   в файле   80-260745589
На строке 16205   в файле   80-260725888
На строке 16206   в файле   80-249892432
На строке 16207   в файле   80-249894815
На строке 16208   в файле   80-249896237
На строке 16209   в файле   80-249896333
На строке 16210   в файле   80-249896501
На строке 16211   в файле   80-249896530
На строке 16212   в файле   80-249896881
На строке 16213   в файле   80-249897057
На строке 16214   в файле   80-249897313
На строке 16215   в файле   80-260726571
На строке 16216   в файле   80-260726811
На строке 16217   в файле   80-260727174
На строке 16218   в файле   80-260727098
На строке 16219   в файле   80-260728394
На строке 16220   в файле   80-260728704
На строке 16221   в файле   80-260729406
На строке 16222   в файле   80-260729565
На строке 16223   в файле   80-260729976
На строке 16224   в файле   80-260730121
На строке 16225   в файле   80-260730575
На строке 16226   в файле   80-260730848
На строке 16227   в файле   80-260731286
На строке 16228   в файле   80-249892650
На строке 16229   в файле   80-249892730
На строке 16230   в файле   80-249893452
На строке 16231   в файле   80-249893656
На строке 16232   в файле   80-252178259
На строке 16233   в файле   80-252500661
На строке 16234   в файле   80-252181642
На строке 16235   в файле   80-249894261
На строке 16236   в файле   80-252182291
На строке 16237   в файле   80-252183177
На строке 16238   в файле   80-249894645
На строке 16239   в файле   80-249894968
На строке 16240   в файле   80-249895126
На строке 16241   в файле   80-249895306
На строке 16242   в файле   80-249895371
На строке 16243   в файле   80-249895662
На строке 16244   в файле   80-252185238
На строке 16245   в файле   80-252501003
На строке 16246   в файле   80-249896133
На строке 16247   в файле   80-249891899
На строке 16248   в файле   80-260724701
На строке 16249   в файле   80-260724987
На строке 16250   в файле   80-260725233
На строке 16251   в файле   80-260735149
На строке 16252   в файле   80-252190138
На строке 16253   в файле   80-249898462
На строке 16254   в файле   80-249898542
На строке 16255   в файле   80-249898690
На строке 16256   в файле   80-249898753
На строке 16257   в файле   80-249898917
На строке 16258   в файле   80-249899007
На строке 16259   в файле   80-249899089
На строке 16260   в файле   80-249899168
На строке 16261   в файле   80-260735346
На строке 16262   в файле   80-260736217
На строке 16263   в файле   80-261241226
На строке 16264   в файле   80-261241108
На строке 16265   в файле   80-261241221
На строке 16266   в файле   80-261241357
На строке 16267   в файле   80-261241255
На строке 16268   в файле   80-260736928
На строке 16269   в файле   80-261270817
На строке 16270   в файле   80-261241616
На строке 16271   в файле   80-261270959
На строке 16272   в файле   80-249897379
На строке 16273   в файле   80-249897511
На строке 16274   в файле   80-249897559
На строке 16275   в файле   80-252501158
На строке 16276   в файле   80-252192487
На строке 16277   в файле   80-249898053
На строке 16278   в файле   80-249898047
На строке 16279   в файле   80-249898065
На строке 16280   в файле   80-249898048
На строке 16281   в файле   80-252501492
На строке 16282   в файле   80-249898380
На строке 16283   в файле   80-252194168
На строке 16284   в файле   80-249897289
На строке 16285   в файле   80-252500830
На строке 16286   в файле   80-261240306
На строке 16287   в файле   80-260740361
На строке 16288   в файле   80-249898676
На строке 16289   в файле   80-252194194
На строке 16290   в файле   80-249898843
На строке 16291   в файле   80-249898915
На строке 16292   в файле   80-252195980
На строке 16293   в файле   80-249899083
На строке 16294   в файле   80-249899309
На строке 16295   в файле   80-249898386
На строке 16296   в файле   80-249898537
На строке 16297   в файле   80-249898620
На строке 16298   в файле   80-260738589
На строке 16299   в файле   80-260739197
На строке 16300   в файле   80-249899854
На строке 16301   в файле   80-249901300
На строке 16302   в файле   80-249901312
На строке 16303   в файле   80-249901606
На строке 16304   в файле   80-249901691
На строке 16305   в файле   80-249901845
На строке 16306   в файле   80-249901835
На строке 16307   в файле   80-249901982
На строке 16308   в файле   80-252202698
На строке 16309   в файле   80-249902456
На строке 16310   в файле   80-260740937
На строке 16311   в файле   80-261241900
На строке 16312   в файле   80-260741064
На строке 16313   в файле   80-260741523
На строке 16314   в файле   80-260741276
На строке 16315   в файле   80-260741595
На строке 16316   в файле   80-260742308
На строке 16317   в файле   80-252501648
На строке 16318   в файле   80-249899955
На строке 16319   в файле   80-252197498
На строке 16320   в файле   80-249900273
На строке 16321   в файле   80-249900367
На строке 16322   в файле   80-252198736
На строке 16323   в файле   80-249900531
На строке 16324   в файле   80-252198814
На строке 16325   в файле   80-249900950
На строке 16326   в файле   80-249901179
На строке 16327   в файле   80-252200193
На строке 16328   в файле   80-249899470
На строке 16329   в файле   80-249899646
На строке 16330   в файле   80-249899628
На строке 16331   в файле   80-249899828
На строке 16332   в файле   80-260738581
На строке 16333   в файле   80-261242113
На строке 16334   в файле   80-260740890
На строке 16335   в файле   80-261116000
На строке 16336   в файле   80-252333392
На строке 16337   в файле   80-251359569
На строке 16338   в файле   80-251360105
На строке 16339   в файле   80-252333380
На строке 16340   в файле   80-259813336
На строке 16341   в файле   80-261115502
На строке 16342   в файле   80-251362444
На строке 16343   в файле   80-251362605
На строке 16344   в файле   80-251362783
На строке 16345   в файле   80-251362023
На строке 16346   в файле   80-259813405
На строке 16347   в файле   80-260293131
На строке 16348   в файле   80-252060371
На строке 16349   в файле   80-248849661
На строке 16350   в файле   80-248863551
На строке 16351   в файле   80-252070119
На строке 16352   в файле   80-252077214
На строке 16353   в файле   80-249003603
На строке 16354   в файле   80-249022757
На строке 16355   в файле   80-250946566
На строке 16356   в файле   80-260293548
На строке 16357   в файле   80-260296372
На строке 16358   в файле   80-260298209
На строке 16359   в файле   80-260301549
На строке 16360   в файле   80-260306269
На строке 16361   в файле   80-261181751
На строке 16362   в файле   80-260315218
На строке 16363   в файле   80-260319768
На строке 16364   в файле   80-260322533
На строке 16365   в файле   80-260327978
На строке 16366   в файле   80-252060500
На строке 16367   в файле   80-250888487
На строке 16368   в файле   80-250889653
На строке 16369   в файле   80-248839673
На строке 16370   в файле   80-250893609
На строке 16371   в файле   80-248842250
На строке 16372   в файле   80-248843691
На строке 16373   в файле   80-248844809
На строке 16374   в файле   80-248846516
На строке 16375   в файле   80-250900129
На строке 16376   в файле   80-250900862
На строке 16377   в файле   80-252063784
На строке 16378   в файле   80-252064131
На строке 16379   в файле   80-248853547
На строке 16380   в файле   80-248855241
На строке 16381   в файле   80-250909051
На строке 16382   в файле   80-250910924
На строке 16383   в файле   80-248860088
На строке 16384   в файле   80-252065933
На строке 16385   в файле   80-250913888
На строке 16386   в файле   80-250915177
На строке 16387   в файле   80-252066504
На строке 16388   в файле   80-250917627
На строке 16389   в файле   80-250920234
На строке 16390   в файле   80-248870684
На строке 16391   в файле   80-248873245
На строке 16392   в файле   80-248875693
На строке 16393   в файле   80-250925048
На строке 16394   в файле   80-248878610
На строке 16395   в файле   80-250926550
На строке 16396   в файле   80-252570358
На строке 16397   в файле   80-250928039
На строке 16398   в файле   80-248884088
На строке 16399   в файле   80-252071663
На строке 16400   в файле   80-250932553
На строке 16401   в файле   80-250934539
На строке 16402   в файле   80-248895331
На строке 16403   в файле   80-248897778
На строке 16404   в файле   80-250937718
На строке 16405   в файле   80-250937984
На строке 16406   в файле   80-252076835
На строке 16407   в файле   80-250939525
На строке 16408   в файле   80-248919452
На строке 16409   в файле   80-250940191
На строке 16410   в файле   80-250940529
На строке 16411   в файле   80-250940988
На строке 16412   в файле   80-250941418
На строке 16413   в файле   80-250942312
На строке 16414   в файле   80-252082128
На строке 16415   в файле   80-250944011
На строке 16416   в файле   80-250944989
На строке 16417   в файле   80-249008922
На строке 16418   в файле   80-250946120
На строке 16419   в файле   80-249017568
На строке 16420   в файле   80-249018181
На строке 16421   в файле   80-252084103
На строке 16422   в файле   80-250945921
На строке 16423   в файле   80-249020486
На строке 16424   в файле   80-249021190
На строке 16425   в файле   80-249021271
На строке 16426   в файле   80-249023545
На строке 16427   в файле   80-249024159
На строке 16428   в файле   80-250946294
На строке 16429   в файле   80-249025520
На строке 16430   в файле   80-249024992
На строке 16431   в файле   80-250946238
На строке 16432   в файле   80-249026835
На строке 16433   в файле   80-249027432
На строке 16434   в файле   80-249028968
На строке 16435   в файле   80-250946506
На строке 16436   в файле   80-249032360
На строке 16437   в файле   80-249033686
На строке 16438   в файле   80-249032969
На строке 16439   в файле   80-249034707
На строке 16440   в файле   80-249035474
На строке 16441   в файле   80-252084577
На строке 16442   в файле   80-252084380
На строке 16443   в файле   80-249037212
На строке 16444   в файле   80-249037765
На строке 16445   в файле   80-249039060
На строке 16446   в файле   80-260294080
На строке 16447   в файле   80-260294095
На строке 16448   в файле   80-260294555
На строке 16449   в файле   80-260295012
На строке 16450   в файле   80-260295031
На строке 16451   в файле   80-261180830
На строке 16452   в файле   80-260295959
На строке 16453   в файле   80-260296011
На строке 16454   в файле   80-260295962
На строке 16455   в файле   80-260296129
На строке 16456   в файле   80-260296458
На строке 16457   в файле   80-260296918
На строке 16458   в файле   80-260296876
На строке 16459   в файле   80-260296978
На строке 16460   в файле   80-260297069
На строке 16461   в файле   80-260297341
На строке 16462   в файле   80-260297821
На строке 16463   в файле   80-260297742
На строке 16464   в файле   80-260297878
На строке 16465   в файле   80-260298000
На строке 16466   в файле   80-260298303
На строке 16467   в файле   80-260298559
На строке 16468   в файле   80-260298618
На строке 16469   в файле   80-260298687
На строке 16470   в файле   80-260299403
На строке 16471   в файле   80-260299569
На строке 16472   в файле   80-260299794
На строке 16473   в файле   80-260300360
На строке 16474   в файле   80-260300527
На строке 16475   в файле   80-260301560
На строке 16476   в файле   80-260302257
На строке 16477   в файле   80-260302346
На строке 16478   в файле   80-260303017
На строке 16479   в файле   80-260302968
На строке 16480   в файле   80-260303951
На строке 16481   в файле   80-260304451
На строке 16482   в файле   80-260304709
На строке 16483   в файле   80-260305409
На строке 16484   в файле   80-260305416
На строке 16485   в файле   80-260305973
На строке 16486   в файле   80-260306926
На строке 16487   в файле   80-260307619
На строке 16488   в файле   80-260308079
На строке 16489   в файле   80-260308744
На строке 16490   в файле   80-260309213
На строке 16491   в файле   80-261181307
На строке 16492   в файле   80-260310001
На строке 16493   в файле   80-260309866
На строке 16494   в файле   80-260310446
На строке 16495   в файле   80-260310406
На строке 16496   в файле   80-260311271
На строке 16497   в файле   80-260311776
На строке 16498   в файле   80-260311955
На строке 16499   в файле   80-260312612
На строке 16500   в файле   80-260313921
На строке 16501   в файле   80-260314160
На строке 16502   в файле   80-260314590
На строке 16503   в файле   80-260314492
На строке 16504   в файле   80-260314828
На строке 16505   в файле   80-260315455
На строке 16506   в файле   80-260315536
На строке 16507   в файле   80-260316095
На строке 16508   в файле   80-260316162
На строке 16509   в файле   80-260316809
На строке 16510   в файле   80-260316825
На строке 16511   в файле   80-260317362
На строке 16512   в файле   80-260318371
На строке 16513   в файле   80-260318533
На строке 16514   в файле   80-260319179
На строке 16515   в файле   80-260319235
На строке 16516   в файле   80-260319778
На строке 16517   в файле   80-260319856
На строке 16518   в файле   80-260320589
На строке 16519   в файле   80-260320383
На строке 16520   в файле   80-261182720
На строке 16521   в файле   80-260321088
На строке 16522   в файле   80-260321271
На строке 16523   в файле   80-260321757
На строке 16524   в файле   80-261182596
На строке 16525   в файле   80-260322265
На строке 16526   в файле   80-260323107
На строке 16527   в файле   80-260323609
На строке 16528   в файле   80-260323989
На строке 16529   в файле   80-260324213
На строке 16530   в файле   80-260324838
На строке 16531   в файле   80-260325712
На строке 16532   в файле   80-260325998
На строке 16533   в файле   80-260326461
На строке 16534   в файле   80-260327068
На строке 16535   в файле   80-260327718
На строке 16536   в файле   80-260328550
На строке 16537   в файле   80-260328960
На строке 16538   в файле   80-260329267
На строке 16539   в файле   80-260329827
На строке 16540   в файле   80-260330471
На строке 16541   в файле   80-260330577
На строке 16542   в файле   80-260331453
На строке 16543   в файле   80-260331272
На строке 16544   в файле   80-260331919
На строке 16545   в файле   80-260332283
На строке 16546   в файле   80-250888332
На строке 16547   в файле   80-250888262
На строке 16548   в файле   80-250888205
На строке 16549   в файле   80-250888236
На строке 16550   в файле   80-252060491
На строке 16551   в файле   80-252060677
На строке 16552   в файле   80-252060501
На строке 16553   в файле   80-250888543
На строке 16554   в файле   80-252060766
На строке 16555   в файле   80-250888558
На строке 16556   в файле   80-252060819
На строке 16557   в файле   80-252060607
На строке 16558   в файле   80-252060653
На строке 16559   в файле   80-252060655
На строке 16560   в файле   80-250888963
На строке 16561   в файле   80-250889102
На строке 16562   в файле   80-250889088
На строке 16563   в файле   80-250889087
На строке 16564   в файле   80-252060909
На строке 16565   в файле   80-250889657
На строке 16566   в файле   80-252060998
На строке 16567   в файле   80-252061203
На строке 16568   в файле   80-252061171
На строке 16569   в файле   80-250890221
На строке 16570   в файле   80-252061875
На строке 16571   в файле   80-250890746
На строке 16572   в файле   80-248838960
На строке 16573   в файле   80-250890967
На строке 16574   в файле   80-252061752
На строке 16575   в файле   80-248839555
На строке 16576   в файле   80-248839896
На строке 16577   в файле   80-250891607
На строке 16578   в файле   80-250891639
На строке 16579   в файле   80-250891967
На строке 16580   в файле   80-248840203
На строке 16581   в файле   80-252463783
На строке 16582   в файле   80-248840741
На строке 16583   в файле   80-252463774
На строке 16584   в файле   80-252062332
На строке 16585   в файле   80-252062505
На строке 16586   в файле   80-250893563
На строке 16587   в файле   80-248841274
На строке 16588   в файле   80-248841394
На строке 16589   в файле   80-252062577
На строке 16590   в файле   80-252062516
На строке 16591   в файле   80-248841582
На строке 16592   в файле   80-248841663
На строке 16593   в файле   80-250894059
На строке 16594   в файле   80-250894220
На строке 16595   в файле   80-250894550
На строке 16596   в файле   80-250894912
На строке 16597   в файле   80-248842372
На строке 16598   в файле   80-250895198
На строке 16599   в файле   80-252062704
На строке 16600   в файле   80-250895545
На строке 16601   в файле   80-248842882
На строке 16602   в файле   80-250895862
На строке 16603   в файле   80-252062709
На строке 16604   в файле   80-248843257
На строке 16605   в файле   80-248843460
На строке 16606   в файле   80-248843607
На строке 16607   в файле   80-248843835
На строке 16608   в файле   80-248843826
На строке 16609   в файле   80-248843936
На строке 16610   в файле   80-248844307
На строке 16611   в файле   80-248844298
На строке 16612   в файле   80-250897000
На строке 16613   в файле   80-248844588
На строке 16614   в файле   80-248844565
На строке 16615   в файле   80-250897483
На строке 16616   в файле   80-248844813
На строке 16617   в файле   80-252063033
На строке 16618   в файле   80-248845344
На строке 16619   в файле   80-252062938
На строке 16620   в файле   80-248845737
На строке 16621   в файле   80-248845723
На строке 16622   в файле   80-248845841
На строке 16623   в файле   80-250898052
На строке 16624   в файле   80-252464092
На строке 16625   в файле   80-250898400
На строке 16626   в файле   80-248846702
На строке 16627   в файле   80-248846728
На строке 16628   в файле   80-250899400
На строке 16629   в файле   80-248847036
На строке 16630   в файле   80-248847188
На строке 16631   в файле   80-252063204
На строке 16632   в файле   80-252063313
На строке 16633   в файле   80-248847890
На строке 16634   в файле   80-250899979
На строке 16635   в файле   80-250900518
На строке 16636   в файле   80-250900515
На строке 16637   в файле   80-250900355
На строке 16638   в файле   80-248848774
На строке 16639   в файле   80-248848900
На строке 16640   в файле   80-248848930
На строке 16641   в файле   80-248849117
На строке 16642   в файле   80-248849260
На строке 16643   в файле   80-252464221
На строке 16644   в файле   80-248849303
На строке 16645   в файле   80-248849639
На строке 16646   в файле   80-250901110
На строке 16647   в файле   80-248850331
На строке 16648   в файле   80-248850226
На строке 16649   в файле   80-252063546
На строке 16650   в файле   80-248850650
На строке 16651   в файле   80-252063645
На строке 16652   в файле   80-248850883
На строке 16653   в файле   80-252063730
На строке 16654   в файле   80-250902052
На строке 16655   в файле   80-250902241
На строке 16656   в файле   80-248851055
На строке 16657   в файле   80-250902606
На строке 16658   в файле   80-250902890
На строке 16659   в файле   80-252063878
На строке 16660   в файле   80-250903086
На строке 16661   в файле   80-248851507
На строке 16662   в файле   80-248851518
На строке 16663   в файле   80-248851733
На строке 16664   в файле   80-250903862
На строке 16665   в файле   80-250904061
На строке 16666   в файле   80-250904436
На строке 16667   в файле   80-252064148
На строке 16668   в файле   80-250904755
На строке 16669   в файле   80-250905139
На строке 16670   в файле   80-252064296
На строке 16671   в файле   80-250905477
На строке 16672   в файле   80-252064294
На строке 16673   в файле   80-250905865
На строке 16674   в файле   80-250905730
На строке 16675   в файле   80-250906190
На строке 16676   в файле   80-248853947
На строке 16677   в файле   80-248853816
На строке 16678   в файле   80-248854258
На строке 16679   в файле   80-248854382
На строке 16680   в файле   80-248854618
На строке 16681   в файле   80-250906879
На строке 16682   в файле   80-250906538
На строке 16683   в файле   80-250906906
На строке 16684   в файле   80-250907266
На строке 16685   в файле   80-248855116
На строке 16686   в файле   80-248855711
На строке 16687   в файле   80-250907681
На строке 16688   в файле   80-250907484
На строке 16689   в файле   80-250908160
На строке 16690   в файле   80-248856390
На строке 16691   в файле   80-250908189
На строке 16692   в файле   80-248856670
На строке 16693   в файле   80-250908504
На строке 16694   в файле   80-250909056
На строке 16695   в файле   80-252065178
На строке 16696   в файле   80-248857104
На строке 16697   в файле   80-250909571
На строке 16698   в файле   80-252567611
На строке 16699   в файле   80-248857819
На строке 16700   в файле   80-250909754
На строке 16701   в файле   80-250910099
На строке 16702   в файле   80-252465503
На строке 16703   в файле   80-250910457
На строке 16704   в файле   80-250910595
На строке 16705   в файле   80-250910967
На строке 16706   в файле   80-250911121
На строке 16707   в файле   80-250911286
На строке 16708   в файле   80-248859143
На строке 16709   в файле   80-248859293
На строке 16710   в файле   80-250911466
На строке 16711   в файле   80-250911477
На строке 16712   в файле   80-248859519
На строке 16713   в файле   80-250911613
На строке 16714   в файле   80-248859837
На строке 16715   в файле   80-248859916
На строке 16716   в файле   80-250912326
На строке 16717   в файле   80-250912434
На строке 16718   в файле   80-248860400
На строке 16719   в файле   80-248860449
На строке 16720   в файле   80-248860642
На строке 16721   в файле   80-248860541
На строке 16722   в файле   80-248860783
На строке 16723   в файле   80-252065785
На строке 16724   в файле   80-250912778
На строке 16725   в файле   80-250912798
На строке 16726   в файле   80-248861124
На строке 16727   в файле   80-252568439
На строке 16728   в файле   80-248861462
На строке 16729   в файле   80-250913572
На строке 16730   в файле   80-250913740
На строке 16731   в файле   80-250913728
На строке 16732   в файле   80-248861951
На строке 16733   в файле   80-248862085
На строке 16734   в файле   80-248862102
На строке 16735   в файле   80-252066012
На строке 16736   в файле   80-252066173
На строке 16737   в файле   80-248862792
На строке 16738   в файле   80-248862902
На строке 16739   в файле   80-248862917
На строке 16740   в файле   80-248863144
На строке 16741   в файле   80-248863189
На строке 16742   в файле   80-248863420
На строке 16743   в файле   80-250915168
На строке 16744   в файле   80-248863400
На строке 16745   в файле   80-248863300
На строке 16746   в файле   80-252066333
На строке 16747   в файле   80-248864251
На строке 16748   в файле   80-248864432
На строке 16749   в файле   80-248864390
На строке 16750   в файле   80-250915502
На строке 16751   в файле   80-248864665
На строке 16752   в файле   80-248864733
На строке 16753   в файле   80-248864962
На строке 16754   в файле   80-248864969
На строке 16755   в файле   80-250915904
На строке 16756   в файле   80-248865410
На строке 16757   в файле   80-248865436
На строке 16758   в файле   80-248865639
На строке 16759   в файле   80-248865806
На строке 16760   в файле   80-250916064
На строке 16761   в файле   80-248866028
На строке 16762   в файле   80-250916837
На строке 16763   в файле   80-248866258
На строке 16764   в файле   80-250917282
На строке 16765   в файле   80-248866952
На строке 16766   в файле   80-248867271
На строке 16767   в файле   80-248867484
На строке 16768   в файле   80-250917655
На строке 16769   в файле   80-248867650
На строке 16770   в файле   80-250917989
На строке 16771   в файле   80-252066912
На строке 16772   в файле   80-248868561
На строке 16773   в файле   80-248868873
На строке 16774   в файле   80-248869062
На строке 16775   в файле   80-252067180
На строке 16776   в файле   80-250920871
На строке 16777   в файле   80-252067328
На строке 16778   в файле   80-248869557
На строке 16779   в файле   80-250920344
На строке 16780   в файле   80-252067407
На строке 16781   в файле   80-250921000
На строке 16782   в файле   80-248870322
На строке 16783   в файле   80-250921404
На строке 16784   в файле   80-250921239
На строке 16785   в файле   80-248870892
На строке 16786   в файле   80-252067736
На строке 16787   в файле   80-252067739
На строке 16788   в файле   80-248871772
На строке 16789   в файле   80-250921805
На строке 16790   в файле   80-248872067
На строке 16791   в файле   80-248872065
На строке 16792   в файле   80-248872349
На строке 16793   в файле   80-248872359
На строке 16794   в файле   80-248872772
На строке 16795   в файле   80-250922623
На строке 16796   в файле   80-248873491
На строке 16797   в файле   80-250923106
На строке 16798   в файле   80-250923346
На строке 16799   в файле   80-248874305
На строке 16800   в файле   80-250923592
На строке 16801   в файле   80-250923588
На строке 16802   в файле   80-250923613
На строке 16803   в файле   80-250923839
На строке 16804   в файле   80-252068140
На строке 16805   в файле   80-248875357
На строке 16806   в файле   80-248876187
На строке 16807   в файле   80-252068416
На строке 16808   в файле   80-252068987
На строке 16809   в файле   80-248876289
На строке 16810   в файле   80-252068968
На строке 16811   в файле   80-252069115
На строке 16812   в файле   80-252069063
На строке 16813   в файле   80-248877435
На строке 16814   в файле   80-248877631
На строке 16815   в файле   80-248877781
На строке 16816   в файле   80-250925183
На строке 16817   в файле   80-250925291
На строке 16818   в файле   80-250925290
На строке 16819   в файле   80-250925413
На строке 16820   в файле   80-248878121
На строке 16821   в файле   80-252466287
На строке 16822   в файле   80-252069553
На строке 16823   в файле   80-252570394
На строке 16824   в файле   80-250925994
На строке 16825   в файле   80-250926239
На строке 16826   в файле   80-250926236
На строке 16827   в файле   80-250926132
На строке 16828   в файле   80-250926031
На строке 16829   в файле   80-250926323
На строке 16830   в файле   80-252618822
На строке 16831   в файле   80-252069894
На строке 16832   в файле   80-250926460
На строке 16833   в файле   80-248879787
На строке 16834   в файле   80-250926479
На строке 16835   в файле   80-252069990
На строке 16836   в файле   80-250926668
На строке 16837   в файле   80-248880285
На строке 16838   в файле   80-252070008
На строке 16839   в файле   80-250926854
На строке 16840   в файле   80-250926958
На строке 16841   в файле   80-248880759
На строке 16842   в файле   80-248880600
На строке 16843   в файле   80-250926919
На строке 16844   в файле   80-250926993
На строке 16845   в файле   80-252466974
На строке 16846   в файле   80-252467021
На строке 16847   в файле   80-250927503
На строке 16848   в файле   80-250927641
На строке 16849   в файле   80-252070189
На строке 16850   в файле   80-252466972
На строке 16851   в файле   80-248881288
На строке 16852   в файле   80-250927854
На строке 16853   в файле   80-250927737
На строке 16854   в файле   80-248881690
На строке 16855   в файле   80-252467313
На строке 16856   в файле   80-250928171
На строке 16857   в файле   80-250928282
На строке 16858   в файле   80-252070613
На строке 16859   в файле   80-252070709
На строке 16860   в файле   80-252070759
На строке 16861   в файле   80-248883086
На строке 16862   в файле   80-250928953
На строке 16863   в файле   80-252070831
На строке 16864   в файле   80-252070989
На строке 16865   в файле   80-252070928
На строке 16866   в файле   80-250929511
На строке 16867   в файле   80-252071085
На строке 16868   в файле   80-248884762
На строке 16869   в файле   80-250929956
На строке 16870   в файле   80-250930109
На строке 16871   в файле   80-250930339
На строке 16872   в файле   80-248885626
На строке 16873   в файле   80-248885795
На строке 16874   в файле   80-248886463
На строке 16875   в файле   80-248886235
На строке 16876   в файле   80-248886754
На строке 16877   в файле   80-252468029
На строке 16878   в файле   80-250931569
На строке 16879   в файле   80-252072049
На строке 16880   в файле   80-252468928
На строке 16881   в файле   80-248888774
На строке 16882   в файле   80-248888793
На строке 16883   в файле   80-250932345
На строке 16884   в файле   80-248889529
На строке 16885   в файле   80-250932545
На строке 16886   в файле   80-248890363
На строке 16887   в файле   80-252072454
На строке 16888   в файле   80-252469007
На строке 16889   в файле   80-252072586
На строке 16890   в файле   80-248890951
На строке 16891   в файле   80-252072708
На строке 16892   в файле   80-248891711
На строке 16893   в файле   80-248892072
На строке 16894   в файле   80-252469686
На строке 16895   в файле   80-252073416
На строке 16896   в файле   80-252073294
На строке 16897   в файле   80-248892475
На строке 16898   в файле   80-252073355
На строке 16899   в файле   80-250935141
На строке 16900   в файле   80-248893841
На строке 16901   в файле   80-252073511
На строке 16902   в файле   80-250935483
На строке 16903   в файле   80-250935613
На строке 16904   в файле   80-248895145
На строке 16905   в файле   80-250935734
На строке 16906   в файле   80-252470397
На строке 16907   в файле   80-248895769
На строке 16908   в файле   80-250935971
На строке 16909   в файле   80-250936103
На строке 16910   в файле   80-250936220
На строке 16911   в файле   80-252073845
На строке 16912   в файле   80-250936617
На строке 16913   в файле   80-250936435
На строке 16914   в файле   80-248897402
На строке 16915   в файле   80-252074176
На строке 16916   в файле   80-248898215
На строке 16917   в файле   80-250936999
На строке 16918   в файле   80-250937026
На строке 16919   в файле   80-248899070
На строке 16920   в файле   80-248899228
На строке 16921   в файле   80-252074570
На строке 16922   в файле   80-248899664
На строке 16923   в файле   80-252074780
На строке 16924   в файле   80-252074775
На строке 16925   в файле   80-248900493
На строке 16926   в файле   80-248901103
На строке 16927   в файле   80-250937914
На строке 16928   в файле   80-248900787
На строке 16929   в файле   80-250937873
На строке 16930   в файле   80-250937915
На строке 16931   в файле   80-248901372
На строке 16932   в файле   80-252074860
На строке 16933   в файле   80-250937986
На строке 16934   в файле   80-248902085
На строке 16935   в файле   80-250938013
На строке 16936   в файле   80-250938081
На строке 16937   в файле   80-252075234
На строке 16938   в файле   80-250938217
На строке 16939   в файле   80-250938079
На строке 16940   в файле   80-250938121
На строке 16941   в файле   80-250938253
На строке 16942   в файле   80-252075492
На строке 16943   в файле   80-248904484
На строке 16944   в файле   80-252471264
На строке 16945   в файле   80-248904913
На строке 16946   в файле   80-248908765
На строке 16947   в файле   80-250938784
На строке 16948   в файле   80-248910278
На строке 16949   в файле   80-250939003
На строке 16950   в файле   80-248911077
На строке 16951   в файле   80-248911415
На строке 16952   в файле   80-250939328
На строке 16953   в файле   80-252472421
На строке 16954   в файле   80-250939210
На строке 16955   в файле   80-250939558
На строке 16956   в файле   80-250939560
На строке 16957   в файле   80-250939649
На строке 16958   в файле   80-252077921
На строке 16959   в файле   80-250939586
На строке 16960   в файле   80-252078018
На строке 16961   в файле   80-250939736
На строке 16962   в файле   80-250939735
На строке 16963   в файле   80-248918388
На строке 16964   в файле   80-250939818
На строке 16965   в файле   80-250939815
На строке 16966   в файле   80-248919604
На строке 16967   в файле   80-252078280
На строке 16968   в файле   80-252078502
На строке 16969   в файле   80-252618732
На строке 16970   в файле   80-252078506
На строке 16971   в файле   80-248920515
На строке 16972   в файле   80-250940147
На строке 16973   в файле   80-250940152
На строке 16974   в файле   80-248921214
На строке 16975   в файле   80-250940141
На строке 16976   в файле   80-252078700
На строке 16977   в файле   80-252078828
На строке 16978   в файле   80-252078949
На строке 16979   в файле   80-252473350
На строке 16980   в файле   80-248924911
На строке 16981   в файле   80-250940418
На строке 16982   в файле   80-250940419
На строке 16983   в файле   80-250940501
На строке 16984   в файле   80-250940441
На строке 16985   в файле   80-250940504
На строке 16986   в файле   80-252079208
На строке 16987   в файле   80-248931889
На строке 16988   в файле   80-250940657
На строке 16989   в файле   80-248933302
На строке 16990   в файле   80-250940698
На строке 16991   в файле   80-250940721
На строке 16992   в файле   80-250940734
На строке 16993   в файле   80-250940781
На строке 16994   в файле   80-250940874
На строке 16995   в файле   80-250940868
На строке 16996   в файле   80-252079724
На строке 16997   в файле   80-250941037
На строке 16998   в файле   80-250941093
На строке 16999   в файле   80-250941165
На строке 17000   в файле   80-252574531
На строке 17001   в файле   80-250941315
На строке 17002   в файле   80-250941266
На строке 17003   в файле   80-248951045
На строке 17004   в файле   80-248952811
На строке 17005   в файле   80-248954740
На строке 17006   в файле   80-252079944
На строке 17007   в файле   80-252574500
На строке 17008   в файле   80-250941539
На строке 17009   в файле   80-252474914
На строке 17010   в файле   80-252475283
На строке 17011   в файле   80-250942015
На строке 17012   в файле   80-250942007
На строке 17013   в файле   80-250942131
На строке 17014   в файле   80-252081495
На строке 17015   в файле   80-252081593
На строке 17016   в файле   80-250942410
На строке 17017   в файле   80-252081354
На строке 17018   в файле   80-250942647
На строке 17019   в файле   80-250942787
На строке 17020   в файле   80-252081715
На строке 17021   в файле   80-250942783
На строке 17022   в файле   80-250942773
На строке 17023   в файле   80-248970947
На строке 17024   в файле   80-248971896
На строке 17025   в файле   80-250943126
На строке 17026   в файле   80-248975416
На строке 17027   в файле   80-252574513
На строке 17028   в файле   80-250943592
На строке 17029   в файле   80-252476027
На строке 17030   в файле   80-250943594
На строке 17031   в файле   80-250943748
На строке 17032   в файле   80-248983839
На строке 17033   в файле   80-248984600
На строке 17034   в файле   80-248986523
На строке 17035   в файле   80-252082589
На строке 17036   в файле   80-248988642
На строке 17037   в файле   80-248989091
На строке 17038   в файле   80-250944341
На строке 17039   в файле   80-248993937
На строке 17040   в файле   80-250944548
На строке 17041   в файле   80-250944431
На строке 17042   в файле   80-250944722
На строке 17043   в файле   80-248997771
На строке 17044   в файле   80-248999061
На строке 17045   в файле   80-249004668
На строке 17046   в файле   80-250945180
На строке 17047   в файле   80-250945246
На строке 17048   в файле   80-250945358
На строке 17049   в файле   80-249006028
На строке 17050   в файле   80-249006681
На строке 17051   в файле   80-249007405
На строке 17052   в файле   80-249007402
На строке 17053   в файле   80-249008226
На строке 17054   в файле   80-249008908
На строке 17055   в файле   80-249008831
На строке 17056   в файле   80-249009776
На строке 17057   в файле   80-250945409
На строке 17058   в файле   80-252083691
На строке 17059   в файле   80-252575992
На строке 17060   в файле   80-252083935
На строке 17061   в файле   80-250885633
На строке 17062   в файле   80-250885621
На строке 17063   в файле   80-250886249
На строке 17064   в файле   80-250886619
На строке 17065   в файле   80-250886622
На строке 17066   в файле   80-250886623
На строке 17067   в файле   80-250887790
На строке 17068   в файле   80-250888043
На строке 17069   в файле   80-250885473
На строке 17070   в файле   80-250885634
На строке 17071   в файле   80-252059519
На строке 17072   в файле   80-252059616
На строке 17073   в файле   80-252059697
На строке 17074   в файле   80-252059700
На строке 17075   в файле   80-252059733
На строке 17076   в файле   80-252059837
На строке 17077   в файле   80-252059917
На строке 17078   в файле   80-252059923
На строке 17079   в файле   80-252059925
На строке 17080   в файле   80-252060026
На строке 17081   в файле   80-252060116
На строке 17082   в файле   80-252060110
На строке 17083   в файле   80-252060120
На строке 17084   в файле   80-252060202
На строке 17085   в файле   80-252060287
На строке 17086   в файле   80-252060288
На строке 17087   в файле   80-252060305
На строке 17088   в файле   80-260290783
На строке 17089   в файле   80-260290903
На строке 17090   в файле   80-260291568
На строке 17091   в файле   80-260291592
На строке 17092   в файле   80-260155688
На строке 17093   в файле   80-260158681
На строке 17094   в файле   80-252060977
На строке 17095   в файле   80-252463319
На строке 17096   в файле   80-250893221
На строке 17097   в файле   80-248841395
На строке 17098   в файле   80-250893742
На строке 17099   в файле   80-250893938
На строке 17100   в файле   80-248841902
На строке 17101   в файле   80-250894884
На строке 17102   в файле   80-260158807
На строке 17103   в файле   80-260159015
На строке 17104   в файле   80-260159247
На строке 17105   в файле   80-260159131
На строке 17106   в файле   80-261172504
На строке 17107   в файле   80-260159380
На строке 17108   в файле   80-260159501
На строке 17109   в файле   80-260159820
На строке 17110   в файле   80-260160027
На строке 17111   в файле   80-260160139
На строке 17112   в файле   80-250889381
На строке 17113   в файле   80-252060817
На строке 17114   в файле   80-252060981
На строке 17115   в файле   80-250889982
На строке 17116   в файле   80-250890335
На строке 17117   в файле   80-250890476
На строке 17118   в файле   80-252061334
На строке 17119   в файле   80-252061562
На строке 17120   в файле   80-248838846
На строке 17121   в файле   80-248838968
На строке 17122   в файле   80-248839556
На строке 17123   в файле   80-248839678
На строке 17124   в файле   80-248839947
На строке 17125   в файле   80-248839866
На строке 17126   в файле   80-252463476
На строке 17127   в файле   80-250892160
На строке 17128   в файле   80-248840309
На строке 17129   в файле   80-248840434
На строке 17130   в файле   80-248840437
На строке 17131   в файле   80-248840636
На строке 17132   в файле   80-250893389
На строке 17133   в файле   80-260158524
На строке 17134   в файле   80-260162039
На строке 17135   в файле   80-250889659
На строке 17136   в файле   80-250891320
На строке 17137   в файле   80-250893227
На строке 17138   в файле   80-250895045
На строке 17139   в файле   80-248843687
На строке 17140   в файле   80-248844795
На строке 17141   в файле   80-252063052
На строке 17142   в файле   80-250899805
На строке 17143   в файле   80-260162480
На строке 17144   в файле   80-260164615
На строке 17145   в файле   80-260166879
На строке 17146   в файле   80-260168975
На строке 17147   в файле   80-260169320
На строке 17148   в файле   80-260169568
На строке 17149   в файле   80-260169851
На строке 17150   в файле   80-260170364
На строке 17151   в файле   80-260170393
На строке 17152   в файле   80-260170957
На строке 17153   в файле   80-252061167
На строке 17154   в файле   80-252061257
На строке 17155   в файле   80-252061335
На строке 17156   в файле   80-248838518
На строке 17157   в файле   80-250890495
На строке 17158   в файле   80-248838682
На строке 17159   в файле   80-248838771
На строке 17160   в файле   80-252061637
На строке 17161   в файле   80-248838848
На строке 17162   в файле   80-248838977
На строке 17163   в файле   80-250891304
На строке 17164   в файле   80-248839667
На строке 17165   в файле   80-248839770
На строке 17166   в файле   80-248839943
На строке 17167   в файле   80-250891673
На строке 17168   в файле   80-250892110
На строке 17169   в файле   80-250892260
На строке 17170   в файле   80-250892263
На строке 17171   в файле   80-248840737
На строке 17172   в файле   80-248840305
На строке 17173   в файле   80-248840639
На строке 17174   в файле   80-248841400
На строке 17175   в файле   80-248841479
На строке 17176   в файле   80-248841399
На строке 17177   в файле   80-248841596
На строке 17178   в файле   80-248841668
На строке 17179   в файле   80-250894208
На строке 17180   в файле   80-248841819
На строке 17181   в файле   80-250894221
На строке 17182   в файле   80-250894370
На строке 17183   в файле   80-250894860
На строке 17184   в файле   80-250894706
На строке 17185   в файле   80-250895205
На строке 17186   в файле   80-250895542
На строке 17187   в файле   80-248842895
На строке 17188   в файле   80-250895364
На строке 17189   в файле   80-250895861
На строке 17190   в файле   80-250896193
На строке 17191   в файле   80-248843337
На строке 17192   в файле   80-248843579
На строке 17193   в файле   80-250896016
На строке 17194   в файле   80-248843451
На строке 17195   в файле   80-250896424
На строке 17196   в файле   80-248843827
На строке 17197   в файле   80-248843928
На строке 17198   в файле   80-248843937
На строке 17199   в файле   80-250896940
На строке 17200   в файле   80-248844154
На строке 17201   в файле   80-248844284
На строке 17202   в файле   80-248844432
На строке 17203   в файле   80-248844690
На строке 17204   в файле   80-248844537
На строке 17205   в файле   80-248845063
На строке 17206   в файле   80-248845072
На строке 17207   в файле   80-248845180
На строке 17208   в файле   80-248845321
На строке 17209   в файле   80-248845336
На строке 17210   в файле   80-248845463
На строке 17211   в файле   80-248845597
На строке 17212   в файле   80-250897631
На строке 17213   в файле   80-250897688
На строке 17214   в файле   80-248845720
На строке 17215   в файле   80-248846094
На строке 17216   в файле   80-248846527
На строке 17217   в файле   80-250898169
На строке 17218   в файле   80-248846225
На строке 17219   в файле   80-250898500
На строке 17220   в файле   80-248846848
На строке 17221   в файле   80-250899641
На строке 17222   в файле   80-248847211
На строке 17223   в файле   80-248847009
На строке 17224   в файле   80-250899632
На строке 17225   в файле   80-248848093
На строке 17226   в файле   80-250900122
На строке 17227   в файле   80-248848231
На строке 17228   в файле   80-248848241
На строке 17229   в файле   80-248848573
На строке 17230   в файле   80-248848739
На строке 17231   в файле   80-250900521
На строке 17232   в файле   80-250900740
На строке 17233   в файле   80-248848764
На строке 17234   в файле   80-248848906
На строке 17235   в файле   80-260162661
На строке 17236   в файле   80-260162846
На строке 17237   в файле   80-260163324
На строке 17238   в файле   80-260163181
На строке 17239   в файле   80-260163635
На строке 17240   в файле   80-260163723
На строке 17241   в файле   80-260163907
На строке 17242   в файле   80-260163810
На строке 17243   в файле   80-260164271
На строке 17244   в файле   80-260164425
На строке 17245   в файле   80-260164397
На строке 17246   в файле   80-260164938
На строке 17247   в файле   80-260164922
На строке 17248   в файле   80-260165249
На строке 17249   в файле   80-260165834
На строке 17250   в файле   80-260165765
На строке 17251   в файле   80-260166036
На строке 17252   в файле   80-260166303
На строке 17253   в файле   80-260166436
На строке 17254   в файле   80-260166434
На строке 17255   в файле   80-260166778
На строке 17256   в файле   80-260167274
На строке 17257   в файле   80-260167146
На строке 17258   в файле   80-260167321
На строке 17259   в файле   80-260167686
На строке 17260   в файле   80-260167684
На строке 17261   в файле   80-260168142
На строке 17262   в файле   80-260168920
На строке 17263   в файле   80-250889378
На строке 17264   в файле   80-260161706
На строке 17265   в файле   80-260161912
На строке 17266   в файле   80-260159038
На строке 17267   в файле   80-250889666
На строке 17268   в файле   80-248839753
На строке 17269   в файле   80-250893044
На строке 17270   в файле   80-252062710
На строке 17271   в файле   80-250896634
На строке 17272   в файле   80-248845455
На строке 17273   в файле   80-248846846
На строке 17274   в файле   80-248847226
На строке 17275   в файле   80-260159422
На строке 17276   в файле   80-260159670
На строке 17277   в файле   80-260160012
На строке 17278   в файле   80-260159997
На строке 17279   в файле   80-260160274
На строке 17280   в файле   80-260160473
На строке 17281   в файле   80-260160901
На строке 17282   в файле   80-260160947
На строке 17283   в файле   80-260160793
На строке 17284   в файле   80-260161339
На строке 17285   в файле   80-250889882
На строке 17286   в файле   80-250890153
На строке 17287   в файле   80-250890171
На строке 17288   в файле   80-252061436
На строке 17289   в файле   80-250890633
На строке 17290   в файле   80-248838765
На строке 17291   в файле   80-248838948
На строке 17292   в файле   80-250890949
На строке 17293   в файле   80-252061678
На строке 17294   в файле   80-248839461
На строке 17295   в файле   80-248839891
На строке 17296   в файле   80-252061783
На строке 17297   в файле   80-250891337
На строке 17298   в файле   80-250891429
На строке 17299   в файле   80-250891748
На строке 17300   в файле   80-248840113
На строке 17301   в файле   80-248840433
На строке 17302   в файле   80-248840560
На строке 17303   в файле   80-248840645
На строке 17304   в файле   80-252062247
На строке 17305   в файле   80-250893219
На строке 17306   в файле   80-252062334
На строке 17307   в файле   80-250893540
На строке 17308   в файле   80-248841382
На строке 17309   в файле   80-248841675
На строке 17310   в файле   80-250893909
На строке 17311   в файле   80-250893949
На строке 17312   в файле   80-248842137
На строке 17313   в файле   80-252062503
На строке 17314   в файле   80-250894549
На строке 17315   в файле   80-252463905
На строке 17316   в файле   80-248842797
На строке 17317   в файле   80-250895520
На строке 17318   в файле   80-248842898
На строке 17319   в файле   80-250895694
На строке 17320   в файле   80-252062870
На строке 17321   в файле   80-250896192
На строке 17322   в файле   80-250896594
На строке 17323   в файле   80-248843597
На строке 17324   в файле   80-250896569
На строке 17325   в файле   80-252062763
На строке 17326   в файле   80-252062855
На строке 17327   в файле   80-252062856
На строке 17328   в файле   80-248844289
На строке 17329   в файле   80-250897107
На строке 17330   в файле   80-250897311
На строке 17331   в файле   80-248844539
На строке 17332   в файле   80-250897335
На строке 17333   в файле   80-250897453
На строке 17334   в файле   80-248844838
На строке 17335   в файле   80-252063045
На строке 17336   в файле   80-248845960
На строке 17337   в файле   80-250897824
На строке 17338   в файле   80-250898004
На строке 17339   в файле   80-248845980
На строке 17340   в файле   80-252063141
На строке 17341   в файле   80-248846371
На строке 17342   в файле   80-250898234
На строке 17343   в файле   80-250898351
На строке 17344   в файле   80-248846489
На строке 17345   в файле   80-252063220
На строке 17346   в файле   80-260158897
На строке 17347   в файле   80-260181778
На строке 17348   в файле   80-252464467
На строке 17349   в файле   80-248850652
На строке 17350   в файле   80-248851655
На строке 17351   в файле   80-250906193
На строке 17352   в файле   80-250907828
На строке 17353   в файле   80-250910070
На строке 17354   в файле   80-248859638
На строке 17355   в файле   80-248860378
На строке 17356   в файле   80-260181973
На строке 17357   в файле   80-260185302
На строке 17358   в файле   80-260187210
На строке 17359   в файле   80-260188865
На строке 17360   в файле   80-260188942
На строке 17361   в файле   80-260189674
На строке 17362   в файле   80-260189675
На строке 17363   в файле   80-260189640
На строке 17364   в файле   80-260190267
На строке 17365   в файле   80-260190604
На строке 17366   в файле   80-250901232
На строке 17367   в файле   80-248849499
На строке 17368   в файле   80-248849645
На строке 17369   в файле   80-250900858
На строке 17370   в файле   80-248849684
На строке 17371   в файле   80-248850032
На строке 17372   в файле   80-250900977
На строке 17373   в файле   80-252063540
На строке 17374   в файле   80-248850228
На строке 17375   в файле   80-248850410
На строке 17376   в файле   80-248850648
На строке 17377   в файле   80-248850571
На строке 17378   в файле   80-248850900
На строке 17379   в файле   80-250902593
На строке 17380   в файле   80-250902891
На строке 17381   в файле   80-250902884
На строке 17382   в файле   80-252063955
На строке 17383   в файле   80-250903282
На строке 17384   в файле   80-250903283
На строке 17385   в файле   80-248851634
На строке 17386   в файле   80-252064056
На строке 17387   в файле   80-250903634
На строке 17388   в файле   80-250904048
На строке 17389   в файле   80-252064246
На строке 17390   в файле   80-250904814
На строке 17391   в файле   80-250905130
На строке 17392   в файле   80-250905475
На строке 17393   в файле   80-252064256
На строке 17394   в файле   80-248853117
На строке 17395   в файле   80-250905849
На строке 17396   в файле   80-248853535
На строке 17397   в файле   80-248853955
На строке 17398   в файле   80-252464524
На строке 17399   в файле   80-248854249
На строке 17400   в файле   80-250906556
На строке 17401   в файле   80-248854507
На строке 17402   в файле   80-248854825
На строке 17403   в файле   80-250907495
На строке 17404   в файле   80-250907069
На строке 17405   в файле   80-248855412
На строке 17406   в файле   80-250907818
На строке 17407   в файле   80-248856110
На строке 17408   в файле   80-252064945
На строке 17409   в файле   80-248856552
На строке 17410   в файле   80-248856817
На строке 17411   в файле   80-248857210
На строке 17412   в файле   80-248857125
На строке 17413   в файле   80-248857463
На строке 17414   в файле   80-252941754
На строке 17415   в файле   80-250909396
На строке 17416   в файле   80-252465237
На строке 17417   в файле   80-248857692
На строке 17418   в файле   80-248857800
На строке 17419   в файле   80-250909923
На строке 17420   в файле   80-248858110
На строке 17421   в файле   80-248858153
На строке 17422   в файле   80-250910784
На строке 17423   в файле   80-250910788
На строке 17424   в файле   80-252464847
На строке 17425   в файле   80-248859304
На строке 17426   в файле   80-252065628
На строке 17427   в файле   80-250911612
На строке 17428   в файле   80-250911779
На строке 17429   в файле   80-248859773
На строке 17430   в файле   80-248859908
На строке 17431   в файле   80-248860041
На строке 17432   в файле   80-248860071
На строке 17433   в файле   80-250912110
На строке 17434   в файле   80-252065787
На строке 17435   в файле   80-250912445
На строке 17436   в файле   80-248860398
На строке 17437   в файле   80-252065776
На строке 17438   в файле   80-248860752
На строке 17439   в файле   80-248860766
На строке 17440   в файле   80-248860891
На строке 17441   в файле   80-250912661
На строке 17442   в файле   80-248861012
На строке 17443   в файле   80-248861125
На строке 17444   в файле   80-248861249
На строке 17445   в файле   80-252066020
На строке 17446   в файле   80-260183375
На строке 17447   в файле   80-260182851
На строке 17448   в файле   80-260183227
На строке 17449   в файле   80-260184481
На строке 17450   в файле   80-260184083
На строке 17451   в файле   80-260184314
На строке 17452   в файле   80-260184317
На строке 17453   в файле   80-260184444
На строке 17454   в файле   80-261265950
На строке 17455   в файле   80-261173307
На строке 17456   в файле   80-261173370
На строке 17457   в файле   80-260185457
На строке 17458   в файле   80-260185494
На строке 17459   в файле   80-260185499
На строке 17460   в файле   80-260185747
На строке 17461   в файле   80-260186476
На строке 17462   в файле   80-260186144
На строке 17463   в файле   80-260186766
На строке 17464   в файле   80-260186908
На строке 17465   в файле   80-260187028
На строке 17466   в файле   80-260187708
На строке 17467   в файле   80-260187604
На строке 17468   в файле   80-260187808
На строке 17469   в файле   80-260187949
На строке 17470   в файле   80-260188277
На строке 17471   в файле   80-260188424
На строке 17472   в файле   80-261173326
На строке 17473   в файле   80-248849288
На строке 17474   в файле   80-260180775
На строке 17475   в файле   80-260189642
На строке 17476   в файле   80-260169847
На строке 17477   в файле   80-248850245
На строке 17478   в файле   80-252063856
На строке 17479   в файле   80-250905514
На строке 17480   в файле   80-248854523
На строке 17481   в файле   80-252064969
На строке 17482   в файле   80-250908528
На строке 17483   в файле   80-248856810
На строке 17484   в файле   80-250908725
На строке 17485   в файле   80-260170372
На строке 17486   в файле   80-260170680
На строке 17487   в файле   80-260170963
На строке 17488   в файле   80-260171238
На строке 17489   в файле   80-260171545
На строке 17490   в файле   80-260171793
На строке 17491   в файле   80-260171883
На строке 17492   в файле   80-260172693
На строке 17493   в файле   80-260172471
На строке 17494   в файле   80-260172485
На строке 17495   в файле   80-252063629
На строке 17496   в файле   80-248850352
На строке 17497   в файле   80-248850549
На строке 17498   в файле   80-248850820
На строке 17499   в файле   80-248850821
На строке 17500   в файле   80-252063693
На строке 17501   в файле   80-250902236
На строке 17502   в файле   80-250902598
На строке 17503   в файле   80-250902246
На строке 17504   в файле   80-250902423
На строке 17505   в файле   80-250902767
На строке 17506   в файле   80-248851389
На строке 17507   в файле   80-248851737
На строке 17508   в файле   80-248851751
На строке 17509   в файле   80-252064072
На строке 17510   в файле   80-250903673
На строке 17511   в файле   80-250904420
На строке 17512   в файле   80-250904587
На строке 17513   в файле   80-248852776
На строке 17514   в файле   80-250905155
На строке 17515   в файле   80-248853261
На строке 17516   в файле   80-248853696
На строке 17517   в файле   80-250906027
На строке 17518   в файле   80-248853671
На строке 17519   в файле   80-248853822
На строке 17520   в файле   80-252064417
На строке 17521   в файле   80-248854139
На строке 17522   в файле   80-248854247
На строке 17523   в файле   80-248854500
На строке 17524   в файле   80-248854696
На строке 17525   в файле   80-250906723
На строке 17526   в файле   80-248855077
На строке 17527   в файле   80-248855379
На строке 17528   в файле   80-248855262
На строке 17529   в файле   80-248855511
На строке 17530   в файле   80-248855709
На строке 17531   в файле   80-248855828
На строке 17532   в файле   80-250908010
На строке 17533   в файле   80-252064973
На строке 17534   в файле   80-248855992
На строке 17535   в файле   80-250908600
На строке 17536   в файле   80-260168149
На строке 17537   в файле   80-260176742
На строке 17538   в файле   80-252063969
На строке 17539   в файле   80-248853418
На строке 17540   в файле   80-252634157
На строке 17541   в файле   80-248856549
На строке 17542   в файле   80-250910477
На строке 17543   в файле   80-250911969
На строке 17544   в файле   80-250912810
На строке 17545   в файле   80-248861002
На строке 17546   в файле   80-260178734
На строке 17547   в файле   80-260178535
На строке 17548   в файле   80-260179843
На строке 17549   в файле   80-260179395
На строке 17550   в файле   80-260180898
На строке 17551   в файле   80-260180513
На строке 17552   в файле   80-260180767
На строке 17553   в файле   80-260181904
На строке 17554   в файле   80-260182200
На строке 17555   в файле   80-260183291
На строке 17556   в файле   80-250903236
На строке 17557   в файле   80-250903659
На строке 17558   в файле   80-250903450
На строке 17559   в файле   80-250904066
На строке 17560   в файле   80-250904449
На строке 17561   в файле   80-250904257
На строке 17562   в файле   80-250904781
На строке 17563   в файле   80-250904941
На строке 17564   в файле   80-248852928
На строке 17565   в файле   80-250905326
На строке 17566   в файле   80-248853445
На строке 17567   в файле   80-250905873
На строке 17568   в файле   80-250906186
На строке 17569   в файле   80-248853582
На строке 17570   в файле   80-248853859
На строке 17571   в файле   80-248854158
На строке 17572   в файле   80-248854120
На строке 17573   в файле   80-250906395
На строке 17574   в файле   80-250906542
На строке 17575   в файле   80-252464580
На строке 17576   в файле   80-248854954
На строке 17577   в файле   80-248855235
На строке 17578   в файле   80-248855380
На строке 17579   в файле   80-248855535
На строке 17580   в файле   80-252617346
На строке 17581   в файле   80-248855984
На строке 17582   в файле   80-250907829
На строке 17583   в файле   80-248856114
На строке 17584   в файле   80-248856121
На строке 17585   в файле   80-250908147
На строке 17586   в файле   80-248856384
На строке 17587   в файле   80-248856850
На строке 17588   в файле   80-252065148
На строке 17589   в файле   80-250908874
На строке 17590   в файле   80-248857083
На строке 17591   в файле   80-252065176
На строке 17592   в файле   80-248857346
На строке 17593   в файле   80-250909391
На строке 17594   в файле   80-248857482
На строке 17595   в файле   80-248857604
На строке 17596   в файле   80-248857700
На строке 17597   в файле   80-248858106
На строке 17598   в файле   80-250910253
На строке 17599   в файле   80-248858805
На строке 17600   в файле   80-250911147
На строке 17601   в файле   80-252065539
На строке 17602   в файле   80-252065615
На строке 17603   в файле   80-248859339
На строке 17604   в файле   80-252065633
На строке 17605   в файле   80-252065722
На строке 17606   в файле   80-250911824
На строке 17607   в файле   80-248859782
На строке 17608   в файле   80-248859826
На строке 17609   в файле   80-250912109
На строке 17610   в файле   80-250912140
На строке 17611   в файле   80-248860141
На строке 17612   в файле   80-250912458
На строке 17613   в файле   80-248860159
На строке 17614   в файле   80-248860428
На строке 17615   в файле   80-248860305
На строке 17616   в файле   80-248860762
На строке 17617   в файле   80-248860918
На строке 17618   в файле   80-260175367
На строке 17619   в файле   80-260175944
На строке 17620   в файле   80-260177332
На строке 17621   в файле   80-260177714
На строке 17622   в файле   80-260174811
На строке 17623   в файле   80-248854726
На строке 17624   в файле   80-248856950
На строке 17625   в файле   80-248857989
На строке 17626   в файле   80-250910448
На строке 17627   в файле   80-248858243
На строке 17628   в файле   80-250911283
На строке 17629   в файле   80-248859403
На строке 17630   в файле   80-248859642
На строке 17631   в файле   80-260174705
На строке 17632   в файле   80-260175031
На строке 17633   в файле   80-260175700
На строке 17634   в файле   80-260175863
На строке 17635   в файле   80-260176333
На строке 17636   в файле   80-260177688
На строке 17637   в файле   80-260178644
На строке 17638   в файле   80-260178595
На строке 17639   в файле   80-260179504
На строке 17640   в файле   80-260179673
На строке 17641   в файле   80-248854720
На строке 17642   в файле   80-248854911
На строке 17643   в файле   80-250906955
На строке 17644   в файле   80-250907333
На строке 17645   в файле   80-248855707
На строке 17646   в файле   80-252064865
На строке 17647   в файле   80-248856109
На строке 17648   в файле   80-248856251
На строке 17649   в файле   80-252065028
На строке 17650   в файле   80-250908342
На строке 17651   в файле   80-248856818
На строке 17652   в файле   80-250908917
На строке 17653   в файле   80-248857107
На строке 17654   в файле   80-252065142
На строке 17655   в файле   80-248857512
На строке 17656   в файле   80-250909222
На строке 17657   в файле   80-250909392
На строке 17658   в файле   80-248857591
На строке 17659   в файле   80-250909766
На строке 17660   в файле   80-250910149
На строке 17661   в файле   80-248853854
На строке 17662   в файле   80-261173301
На строке 17663   в файле   80-260202040
На строке 17664   в файле   80-260203411
На строке 17665   в файле   80-248861131
На строке 17666   в файле   80-248861441
На строке 17667   в файле   80-250915022
На строке 17668   в файле   80-250914997
На строке 17669   в файле   80-248866029
На строке 17670   в файле   80-250916513
На строке 17671   в файле   80-252067384
На строке 17672   в файле   80-252067505
На строке 17673   в файле   80-248874436
На строке 17674   в файле   80-250924003
На строке 17675   в файле   80-250930026
На строке 17676   в файле   80-252071318
На строке 17677   в файле   80-250932352
На строке 17678   в файле   80-252468914
На строке 17679   в файле   80-250936106
На строке 17680   в файле   80-250936233
На строке 17681   в файле   80-260203566
На строке 17682   в файле   80-260204792
На строке 17683   в файле   80-260227839
На строке 17684   в файле   80-260227874
На строке 17685   в файле   80-260239928
На строке 17686   в файле   80-260239951
На строке 17687   в файле   80-260257941
На строке 17688   в файле   80-260258870
На строке 17689   в файле   80-261178272
На строке 17690   в файле   80-260266424
На строке 17691   в файле   80-261179334
На строке 17692   в файле   80-261179628
На строке 17693   в файле   80-260272139
На строке 17694   в файле   80-260272322
На строке 17695   в файле   80-260275796
На строке 17696   в файле   80-261180127
На строке 17697   в файле   80-260276512
На строке 17698   в файле   80-261180334
На строке 17699   в файле   80-260276647
На строке 17700   в файле   80-260277639
На строке 17701   в файле   80-260277673
На строке 17702   в файле   80-261180243
На строке 17703   в файле   80-248861387
На строке 17704   в файле   80-250913726
На строке 17705   в файле   80-248862164
На строке 17706   в файле   80-252065944
На строке 17707   в файле   80-248862141
На строке 17708   в файле   80-248862122
На строке 17709   в файле   80-248862213
На строке 17710   в файле   80-252066162
На строке 17711   в файле   80-252066120
На строке 17712   в файле   80-252066163
На строке 17713   в файле   80-248862894
На строке 17714   в файле   80-252066274
На строке 17715   в файле   80-248862910
На строке 17716   в файле   80-248863019
На строке 17717   в файле   80-250914677
На строке 17718   в файле   80-250914828
На строке 17719   в файле   80-248863378
На строке 17720   в файле   80-252066328
На строке 17721   в файле   80-250914852
На строке 17722   в файле   80-252066329
На строке 17723   в файле   80-248863634
На строке 17724   в файле   80-252066433
На строке 17725   в файле   80-248864387
На строке 17726   в файле   80-250915433
На строке 17727   в файле   80-248864394
На строке 17728   в файле   80-250915347
На строке 17729   в файле   80-248864525
На строке 17730   в файле   80-248864502
На строке 17731   в файле   80-248864734
На строке 17732   в файле   80-248864861
На строке 17733   в файле   80-248864972
На строке 17734   в файле   80-250915645
На строке 17735   в файле   80-248865180
На строке 17736   в файле   80-248865290
На строке 17737   в файле   80-248865518
На строке 17738   в файле   80-248865599
На строке 17739   в файле   80-248865648
На строке 17740   в файле   80-250916569
На строке 17741   в файле   80-248865904
На строке 17742   в файле   80-250916247
На строке 17743   в файле   80-248866202
На строке 17744   в файле   80-250916681
На строке 17745   в файле   80-248866265
На строке 17746   в файле   80-250917183
На строке 17747   в файле   80-248867133
На строке 17748   в файле   80-252066663
На строке 17749   в файле   80-248867337
На строке 17750   в файле   80-252066736
На строке 17751   в файле   80-248867652
На строке 17752   в файле   80-252569742
На строке 17753   в файле   80-250918127
На строке 17754   в файле   80-250918103
На строке 17755   в файле   80-248868716
На строке 17756   в файле   80-250918293
На строке 17757   в файле   80-248868898
На строке 17758   в файле   80-248869207
На строке 17759   в файле   80-250920350
На строке 17760   в файле   80-252067255
На строке 17761   в файле   80-248869510
На строке 17762   в файле   80-252067256
На строке 17763   в файле   80-248870273
На строке 17764   в файле   80-250920992
На строке 17765   в файле   80-250921485
На строке 17766   в файле   80-250921492
На строке 17767   в файле   80-248871641
На строке 17768   в файле   80-252067668
На строке 17769   в файле   80-248871885
На строке 17770   в файле   80-250921731
На строке 17771   в файле   80-248872338
На строке 17772   в файле   80-250921974
На строке 17773   в файле   80-248872229
На строке 17774   в файле   80-250922203
На строке 17775   в файле   80-250922063
На строке 17776   в файле   80-250922398
На строке 17777   в файле   80-248872774
На строке 17778   в файле   80-250922621
На строке 17779   в файле   80-250922846
На строке 17780   в файле   80-252067904
На строке 17781   в файле   80-250923114
На строке 17782   в файле   80-250923605
На строке 17783   в файле   80-252068279
На строке 17784   в файле   80-252068285
На строке 17785   в файле   80-248875546
На строке 17786   в файле   80-250927960
На строке 17787   в файле   80-248881873
На строке 17788   в файле   80-250928082
На строке 17789   в файле   80-248882689
На строке 17790   в файле   80-252070609
На строке 17791   в файле   80-248882829
На строке 17792   в файле   80-252070770
На строке 17793   в файле   80-248883076
На строке 17794   в файле   80-250928927
На строке 17795   в файле   80-250928963
На строке 17796   в файле   80-250929132
На строке 17797   в файле   80-250929121
На строке 17798   в файле   80-250929307
На строке 17799   в файле   80-250929708
На строке 17800   в файле   80-252070903
На строке 17801   в файле   80-252070918
На строке 17802   в файле   80-252071064
На строке 17803   в файле   80-248885262
На строке 17804   в файле   80-250930193
На строке 17805   в файле   80-250930486
На строке 17806   в файле   80-250930215
На строке 17807   в файле   80-250930490
На строке 17808   в файле   80-252467711
На строке 17809   в файле   80-248886065
На строке 17810   в файле   80-250930656
На строке 17811   в файле   80-250930737
На строке 17812   в файле   80-250930863
На строке 17813   в файле   80-248886625
На строке 17814   в файле   80-252071736
На строке 17815   в файле   80-248886974
На строке 17816   в файле   80-252071733
На строке 17817   в файле   80-250931481
На строке 17818   в файле   80-250931579
На строке 17819   в файле   80-248887857
На строке 17820   в файле   80-250931768
На строке 17821   в файле   80-248888240
На строке 17822   в файле   80-250931775
На строке 17823   в файле   80-250932541
На строке 17824   в файле   80-250932722
На строке 17825   в файле   80-252072351
На строке 17826   в файле   80-252072587
На строке 17827   в файле   80-252072854
На строке 17828   в файле   80-248891140
На строке 17829   в файле   80-248891333
На строке 17830   в файле   80-248891522
На строке 17831   в файле   80-250934184
На строке 17832   в файле   80-250934198
На строке 17833   в файле   80-252469802
На строке 17834   в файле   80-250934767
На строке 17835   в файле   80-252073209
На строке 17836   в файле   80-250935238
На строке 17837   в файле   80-252073567
На строке 17838   в файле   80-248894505
На строке 17839   в файле   80-250935735
На строке 17840   в файле   80-248895345
На строке 17841   в файле   80-250935840
На строке 17842   в файле   80-250935859
На строке 17843   в файле   80-252470580
На строке 17844   в файле   80-248896772
На строке 17845   в файле   80-248896444
На строке 17846   в файле   80-248897190
На строке 17847   в файле   80-250936436
На строке 17848   в файле   80-248897617
На строке 17849   в файле   80-250936441
На строке 17850   в файле   80-250936616
На строке 17851   в файле   80-252074082
На строке 17852   в файле   80-248898010
На строке 17853   в файле   80-250936947
На строке 17854   в файле   80-250937065
На строке 17855   в файле   80-252074309
На строке 17856   в файле   80-250937214
На строке 17857   в файле   80-250937267
На строке 17858   в файле   80-250937340
На строке 17859   в файле   80-252074563
На строке 17860   в файле   80-248899672
На строке 17861   в файле   80-248900268
На строке 17862   в файле   80-250937726
На строке 17863   в файле   80-252075010
На строке 17864   в файле   80-260204883
На строке 17865   в файле   80-260205799
На строке 17866   в файле   80-261174141
На строке 17867   в файле   80-260207104
На строке 17868   в файле   80-261174959
На строке 17869   в файле   80-261174406
На строке 17870   в файле   80-261174582
На строке 17871   в файле   80-261174744
На строке 17872   в файле   80-261174750
На строке 17873   в файле   80-260208621
На строке 17874   в файле   80-261174819
На строке 17875   в файле   80-260210192
На строке 17876   в файле   80-260210035
На строке 17877   в файле   80-260211457
На строке 17878   в файле   80-260210724
На строке 17879   в файле   80-260213083
На строке 17880   в файле   80-261175054
На строке 17881   в файле   80-260213676
На строке 17882   в файле   80-260215214
На строке 17883   в файле   80-260226445
На строке 17884   в файле   80-260227055
На строке 17885   в файле   80-260229238
На строке 17886   в файле   80-260230504
На строке 17887   в файле   80-260231035
На строке 17888   в файле   80-260231151
На строке 17889   в файле   80-260231978
На строке 17890   в файле   80-261176240
На строке 17891   в файле   80-260232359
На строке 17892   в файле   80-260232416
На строке 17893   в файле   80-260233917
На строке 17894   в файле   80-261176611
На строке 17895   в файле   80-261176211
На строке 17896   в файле   80-261176579
На строке 17897   в файле   80-261176490
На строке 17898   в файле   80-261176706
На строке 17899   в файле   80-260235486
На строке 17900   в файле   80-260235549
На строке 17901   в файле   80-261177083
На строке 17902   в файле   80-261177058
На строке 17903   в файле   80-260239258
На строке 17904   в файле   80-261177206
На строке 17905   в файле   80-260241144
На строке 17906   в файле   80-260241308
На строке 17907   в файле   80-260242572
На строке 17908   в файле   80-260242999
На строке 17909   в файле   80-260243946
На строке 17910   в файле   80-260243983
На строке 17911   в файле   80-260245454
На строке 17912   в файле   80-260245942
На строке 17913   в файле   80-260248329
На строке 17914   в файле   80-260248830
На строке 17915   в файле   80-260249927
На строке 17916   в файле   80-260249826
На строке 17917   в файле   80-260251377
На строке 17918   в файле   80-260251472
На строке 17919   в файле   80-260252328
На строке 17920   в файле   80-261178044
На строке 17921   в файле   80-260254072
На строке 17922   в файле   80-260253700
На строке 17923   в файле   80-260255017
На строке 17924   в файле   80-261177793
На строке 17925   в файле   80-260260489
На строке 17926   в файле   80-260261579
На строке 17927   в файле   80-261178465
На строке 17928   в файле   80-260262442
На строке 17929   в файле   80-260263041
На строке 17930   в файле   80-260263053
На строке 17931   в файле   80-261179362
На строке 17932   в файле   80-260263848
На строке 17933   в файле   80-260264778
На строке 17934   в файле   80-260264560
На строке 17935   в файле   80-261178709
На строке 17936   в файле   80-261178378
На строке 17937   в файле   80-261179001
На строке 17938   в файле   80-261179298
На строке 17939   в файле   80-261179111
На строке 17940   в файле   80-260265674
На строке 17941   в файле   80-261179188
На строке 17942   в файле   80-260266190
На строке 17943   в файле   80-260266527
На строке 17944   в файле   80-260267031
На строке 17945   в файле   80-261179504
На строке 17946   в файле   80-260267182
На строке 17947   в файле   80-260268552
На строке 17948   в файле   80-260268481
На строке 17949   в файле   80-260267844
На строке 17950   в файле   80-260269247
На строке 17951   в файле   80-260268046
На строке 17952   в файле   80-260268666
На строке 17953   в файле   80-260269756
На строке 17954   в файле   80-260269183
На строке 17955   в файле   80-260269792
На строке 17956   в файле   80-260269315
На строке 17957   в файле   80-260270918
На строке 17958   в файле   80-260270531
На строке 17959   в файле   80-261179840
На строке 17960   в файле   80-260270471
На строке 17961   в файле   80-260271540
На строке 17962   в файле   80-260270552
На строке 17963   в файле   80-261179734
На строке 17964   в файле   80-260271780
На строке 17965   в файле   80-260271174
На строке 17966   в файле   80-260272438
На строке 17967   в файле   80-260272740
На строке 17968   в файле   80-260273898
На строке 17969   в файле   80-260273050
На строке 17970   в файле   80-260273377
На строке 17971   в файле   80-260274844
На строке 17972   в файле   80-260273841
На строке 17973   в файле   80-260274444
На строке 17974   в файле   80-260274521
На строке 17975   в файле   80-261179816
На строке 17976   в файле   80-261179797
На строке 17977   в файле   80-260275147
На строке 17978   в файле   80-260275283
На строке 17979   в файле   80-260276328
На строке 17980   в файле   80-260276308
На строке 17981   в файле   80-260197698
На строке 17982   в файле   80-261173879
На строке 17983   в файле   80-260243787
На строке 17984   в файле   80-260267028
На строке 17985   в файле   80-260275018
На строке 17986   в файле   80-250935466
На строке 17987   в файле   80-260194908
На строке 17988   в файле   80-248864621
На строке 17989   в файле   80-248879789
На строке 17990   в файле   80-248881048
На строке 17991   в файле   80-252467310
На строке 17992   в файле   80-250929500
На строке 17993   в файле   80-248886489
На строке 17994   в файле   80-250932149
На строке 17995   в файле   80-250934120
На строке 17996   в файле   80-260196720
На строке 17997   в файле   80-260206047
На строке 17998   в файле   80-260211340
На строке 17999   в файле   80-261175434
На строке 18000   в файле   80-261175485
На строке 18001   в файле   80-261176358
На строке 18002   в файле   80-260225859
На строке 18003   в файле   80-260231153
На строке 18004   в файле   80-260235497
На строке 18005   в файле   80-261177243
На строке 18006   в файле   80-248864884
На строке 18007   в файле   80-248865905
На строке 18008   в файле   80-252066914
На строке 18009   в файле   80-250921015
На строке 18010   в файле   80-250922062
На строке 18011   в файле   80-248873468
На строке 18012   в файле   80-252068317
На строке 18013   в файле   80-250924370
На строке 18014   в файле   80-252069458
На строке 18015   в файле   80-248879593
На строке 18016   в файле   80-252069989
На строке 18017   в файле   80-248879994
На строке 18018   в файле   80-250926566
На строке 18019   в файле   80-250926702
На строке 18020   в файле   80-248880460
На строке 18021   в файле   80-250926764
На строке 18022   в файле   80-248880594
На строке 18023   в файле   80-252070060
На строке 18024   в файле   80-248880940
На строке 18025   в файле   80-248880918
На строке 18026   в файле   80-250927069
На строке 18027   в файле   80-248881189
На строке 18028   в файле   80-248881171
На строке 18029   в файле   80-252070145
На строке 18030   в файле   80-250927631
На строке 18031   в файле   80-250927847
На строке 18032   в файле   80-250927647
На строке 18033   в файле   80-248881483
На строке 18034   в файле   80-248881430
На строке 18035   в файле   80-250927850
На строке 18036   в файле   80-248881534
На строке 18037   в файле   80-250928267
На строке 18038   в файле   80-248882583
На строке 18039   в файле   80-248882704
На строке 18040   в файле   80-250929046
На строке 18041   в файле   80-250928831
На строке 18042   в файле   80-252070769
На строке 18043   в файле   80-250929259
На строке 18044   в файле   80-250929126
На строке 18045   в файле   80-250929305
На строке 18046   в файле   80-250929591
На строке 18047   в файле   80-250929713
На строке 18048   в файле   80-252071155
На строке 18049   в файле   80-250929937
На строке 18050   в файле   80-250929816
На строке 18051   в файле   80-252071325
На строке 18052   в файле   80-248885856
На строке 18053   в файле   80-250930672
На строке 18054   в файле   80-252468058
На строке 18055   в файле   80-250930543
На строке 18056   в файле   80-250930856
На строке 18057   в файле   80-252071886
На строке 18058   в файле   80-248886781
На строке 18059   в файле   80-252071744
На строке 18060   в файле   80-252071800
На строке 18061   в файле   80-248887468
На строке 18062   в файле   80-250931647
На строке 18063   в файле   80-252071961
На строке 18064   в файле   80-248888033
На строке 18065   в файле   80-250931980
На строке 18066   в файле   80-250932147
На строке 18067   в файле   80-248889170
На строке 18068   в файле   80-250932480
На строке 18069   в файле   80-250932731
На строке 18070   в файле   80-248889735
На строке 18071   в файле   80-248890006
На строке 18072   в файле   80-250932707
На строке 18073   в файле   80-252469695
На строке 18074   в файле   80-252072498
На строке 18075   в файле   80-252072636
На строке 18076   в файле   80-248891139
На строке 18077   в файле   80-248891892
На строке 18078   в файле   80-250934244
На строке 18079   в файле   80-252073041
На строке 18080   в файле   80-248892729
На строке 18081   в файле   80-248892894
На строке 18082   в файле   80-252073436
На строке 18083   в файле   80-252469848
На строке 18084   в файле   80-250935138
На строке 18085   в файле   80-250935318
На строке 18086   в файле   80-250935478
На строке 18087   в файле   80-260197277
На строке 18088   в файле   80-260198482
На строке 18089   в файле   80-261173677
На строке 18090   в файле   80-260200265
На строке 18091   в файле   80-260200237
На строке 18092   в файле   80-260202030
На строке 18093   в файле   80-260203487
На строке 18094   в файле   80-260204039
На строке 18095   в файле   80-260204739
На строке 18096   в файле   80-261174192
На строке 18097   в файле   80-260206272
На строке 18098   в файле   80-260207916
На строке 18099   в файле   80-260206936
На строке 18100   в файле   80-261174413
На строке 18101   в файле   80-261174739
На строке 18102   в файле   80-261174655
На строке 18103   в файле   80-260208592
На строке 18104   в файле   80-260208899
На строке 18105   в файле   80-260210028
На строке 18106   в файле   80-260211346
На строке 18107   в файле   80-260212235
На строке 18108   в файле   80-261175056
На строке 18109   в файле   80-260212857
На строке 18110   в файле   80-261175028
На строке 18111   в файле   80-261175383
На строке 18112   в файле   80-261175111
На строке 18113   в файле   80-260214180
На строке 18114   в файле   80-260214312
На строке 18115   в файле   80-261175316
На строке 18116   в файле   80-260214756
На строке 18117   в файле   80-260215540
На строке 18118   в файле   80-260215379
На строке 18119   в файле   80-260215667
На строке 18120   в файле   80-260215805
На строке 18121   в файле   80-260216482
На строке 18122   в файле   80-260216876
На строке 18123   в файле   80-260216906
На строке 18124   в файле   80-260216962
На строке 18125   в файле   80-261175782
На строке 18126   в файле   80-261175785
На строке 18127   в файле   80-260218051
На строке 18128   в файле   80-261175808
На строке 18129   в файле   80-260218541
На строке 18130   в файле   80-260218737
На строке 18131   в файле   80-260220182
На строке 18132   в файле   80-260219673
На строке 18133   в файле   80-261266326
На строке 18134   в файле   80-260221035
На строке 18135   в файле   80-260220150
На строке 18136   в файле   80-260220315
На строке 18137   в файле   80-261175825
На строке 18138   в файле   80-260220834
На строке 18139   в файле   80-260221702
На строке 18140   в файле   80-261175826
На строке 18141   в файле   80-260221718
На строке 18142   в файле   80-260221549
На строке 18143   в файле   80-260222495
На строке 18144   в файле   80-261176195
На строке 18145   в файле   80-260223086
На строке 18146   в файле   80-260223116
На строке 18147   в файле   80-260223793
На строке 18148   в файле   80-260225000
На строке 18149   в файле   80-260226494
На строке 18150   в файле   80-260226411
На строке 18151   в файле   80-260227817
На строке 18152   в файле   80-260227824
На строке 18153   в файле   80-260227997
На строке 18154   в файле   80-260228564
На строке 18155   в файле   80-260230635
На строке 18156   в файле   80-260229796
На строке 18157   в файле   80-260230425
На строке 18158   в файле   80-260232079
На строке 18159   в файле   80-260231644
На строке 18160   в файле   80-260232685
На строке 18161   в файле   80-260233352
На строке 18162   в файле   80-260233561
На строке 18163   в файле   80-260234058
На строке 18164   в файле   80-260233825
На строке 18165   в файле   80-260233900
На строке 18166   в файле   80-260234650
На строке 18167   в файле   80-261266315
На строке 18168   в файле   80-261176711
На строке 18169   в файле   80-261176715
На строке 18170   в файле   80-261266324
На строке 18171   в файле   80-260235977
На строке 18172   в файле   80-260237984
На строке 18173   в файле   80-260238634
На строке 18174   в файле   80-260238663
На строке 18175   в файле   80-261177041
На строке 18176   в файле   80-260240205
На строке 18177   в файле   80-260241132
На строке 18178   в файле   80-260241179
На строке 18179   в файле   80-260242778
На строке 18180   в файле   80-260244389
На строке 18181   в файле   80-261177541
На строке 18182   в файле   80-260246060
На строке 18183   в файле   80-260248366
На строке 18184   в файле   80-260249828
На строке 18185   в файле   80-260252136
На строке 18186   в файле   80-260252743
На строке 18187   в файле   80-260255158
На строке 18188   в файле   80-261178154
На строке 18189   в файле   80-260257290
На строке 18190   в файле   80-250915548
На строке 18191   в файле   80-252066476
На строке 18192   в файле   80-248865071
На строке 18193   в файле   80-248865174
На строке 18194   в файле   80-252066478
На строке 18195   в файле   80-248865409
На строке 18196   в файле   80-248865465
На строке 18197   в файле   80-248865442
На строке 18198   в файле   80-248865707
На строке 18199   в файле   80-252066673
На строке 18200   в файле   80-250916531
На строке 18201   в файле   80-250916804
На строке 18202   в файле   80-250917013
На строке 18203   в файле   80-250916885
На строке 18204   в файле   80-250917152
На строке 18205   в файле   80-250917336
На строке 18206   в файле   80-252066650
На строке 18207   в файле   80-248867277
На строке 18208   в файле   80-248867316
На строке 18209   в файле   80-250917457
На строке 18210   в файле   80-250917616
На строке 18211   в файле   80-248868359
На строке 18212   в файле   80-250918321
На строке 18213   в файле   80-248868717
На строке 18214   в файле   80-252066925
На строке 18215   в файле   80-248869221
На строке 18216   в файле   80-248869030
На строке 18217   в файле   80-252067262
На строке 18218   в файле   80-248869377
На строке 18219   в файле   80-248869554
На строке 18220   в файле   80-252067385
На строке 18221   в файле   80-252067549
На строке 18222   в файле   80-248870523
На строке 18223   в файле   80-250921247
На строке 18224   в файле   80-252067749
На строке 18225   в файле   80-248870889
На строке 18226   в файле   80-248871097
На строке 18227   в файле   80-250921481
На строке 18228   в файле   80-248871768
На строке 18229   в файле   80-250921982
На строке 18230   в файле   80-250921806
На строке 18231   в файле   80-250921983
На строке 18232   в файле   80-252067964
На строке 18233   в файле   80-248872592
На строке 18234   в файле   80-248872445
На строке 18235   в файле   80-248872409
На строке 18236   в файле   80-250922194
На строке 18237   в файле   80-252067896
На строке 18238   в файле   80-248872770
На строке 18239   в файле   80-250922625
На строке 18240   в файле   80-248873244
На строке 18241   в файле   80-250922866
На строке 18242   в файле   80-248873516
На строке 18243   в файле   80-250922851
На строке 18244   в файле   80-250923121
На строке 18245   в файле   80-248874116
На строке 18246   в файле   80-250923343
На строке 18247   в файле   80-250923344
На строке 18248   в файле   80-248874442
На строке 18249   в файле   80-252068201
На строке 18250   в файле   80-250923806
На строке 18251   в файле   80-248875052
На строке 18252   в файле   80-252068296
На строке 18253   в файле   80-248875740
На строке 18254   в файле   80-252068442
На строке 18255   в файле   80-252568445
На строке 18256   в файле   80-248876014
На строке 18257   в файле   80-248875854
На строке 18258   в файле   80-250924298
На строке 18259   в файле   80-252068815
На строке 18260   в файле   80-252068915
На строке 18261   в файле   80-250924594
На строке 18262   в файле   80-248876599
На строке 18263   в файле   80-252069126
На строке 18264   в файле   80-252569086
На строке 18265   в файле   80-250924702
На строке 18266   в файле   80-252634829
На строке 18267   в файле   80-250924708
На строке 18268   в файле   80-252466252
На строке 18269   в файле   80-250924944
На строке 18270   в файле   80-250924960
На строке 18271   в файле   80-250924948
На строке 18272   в файле   80-248877959
На строке 18273   в файле   80-252466631
На строке 18274   в файле   80-250925162
На строке 18275   в файле   80-252069545
На строке 18276   в файле   80-248878158
На строке 18277   в файле   80-250925405
На строке 18278   в файле   80-252569727
На строке 18279   в файле   80-252069528
На строке 18280   в файле   80-250925917
На строке 18281   в файле   80-250926216
На строке 18282   в файле   80-250926035
На строке 18283   в файле   80-248862914
На строке 18284   в файле   80-248863137
На строке 18285   в файле   80-248863153
На строке 18286   в файле   80-248863524
На строке 18287   в файле   80-248863501
На строке 18288   в файле   80-260194329
На строке 18289   в файле   80-260194700
На строке 18290   в файле   80-261265987
На строке 18291   в файле   80-260196008
На строке 18292   в файле   80-260190848
На строке 18293   в файле   80-250915903
На строке 18294   в файле   80-248867482
На строке 18295   в файле   80-248869938
На строке 18296   в файле   80-248871871
На строке 18297   в файле   80-250922854
На строке 18298   в файле   80-252465937
На строке 18299   в файле   80-250924713
На строке 18300   в файле   80-250924850
На строке 18301   в файле   80-261173476
На строке 18302   в файле   80-260191813
На строке 18303   в файле   80-260191820
На строке 18304   в файле   80-261173673
На строке 18305   в файле   80-260192129
На строке 18306   в файле   80-260192123
На строке 18307   в файле   80-260191403
На строке 18308   в файле   80-260193343
На строке 18309   в файле   80-260192384
На строке 18310   в файле   80-260193500
На строке 18311   в файле   80-248864984
На строке 18312   в файле   80-250915896
На строке 18313   в файле   80-250916244
На строке 18314   в файле   80-248865623
На строке 18315   в файле   80-248865715
На строке 18316   в файле   80-250916215
На строке 18317   в файле   80-252066582
На строке 18318   в файле   80-248866157
На строке 18319   в файле   80-248866027
На строке 18320   в файле   80-250916378
На строке 18321   в файле   80-250917777
На строке 18322   в файле   80-250917950
На строке 18323   в файле   80-248868534
На строке 18324   в файле   80-252067013
На строке 18325   в файле   80-252067095
На строке 18326   в файле   80-252067081
На строке 18327   в файле   80-252067099
На строке 18328   в файле   80-248869216
На строке 18329   в файле   80-248869426
На строке 18330   в файле   80-250920318
На строке 18331   в файле   80-248870119
На строке 18332   в файле   80-248870106
На строке 18333   в файле   80-252067547
На строке 18334   в файле   80-248870430
На строке 18335   в файле   80-252067551
На строке 18336   в файле   80-250921145
На строке 18337   в файле   80-250921243
На строке 18338   в файле   80-248870917
На строке 18339   в файле   80-250921606
На строке 18340   в файле   80-250921734
На строке 18341   в файле   80-252067850
На строке 18342   в файле   80-248872223
На строке 18343   в файле   80-250922298
На строке 18344   в файле   80-250922313
На строке 18345   в файле   80-250922391
На строке 18346   в файле   80-248872795
На строке 18347   в файле   80-250922620
На строке 18348   в файле   80-250922624
На строке 18349   в файле   80-248873116
На строке 18350   в файле   80-248873267
На строке 18351   в файле   80-252068008
На строке 18352   в файле   80-250923090
На строке 18353   в файле   80-248874728
На строке 18354   в файле   80-252068134
На строке 18355   в файле   80-248874881
На строке 18356   в файле   80-248875222
На строке 18357   в файле   80-252068133
На строке 18358   в файле   80-252568465
На строке 18359   в файле   80-252618109
На строке 18360   в файле   80-252068771
На строке 18361   в файле   80-252568451
На строке 18362   в файле   80-250924212
На строке 18363   в файле   80-252068825
На строке 18364   в файле   80-252068830
На строке 18365   в файле   80-248876637
На строке 18366   в файле   80-252068955
На строке 18367   в файле   80-248877243
На строке 18368   в файле   80-248864626
На строке 18369   в файле   80-260190836
На строке 18370   в файле   80-260195168
На строке 18371   в файле   80-250923339
На строке 18372   в файле   80-250929490
На строке 18373   в файле   80-250930485
На строке 18374   в файле   80-250932143
На строке 18375   в файле   80-250934062
На строке 18376   в файле   80-250935607
На строке 18377   в файле   80-252073897
На строке 18378   в файле   80-250937288
На строке 18379   в файле   80-260195543
На строке 18380   в файле   80-260197025
На строке 18381   в файле   80-260197282
На строке 18382   в файле   80-260198327
На строке 18383   в файле   80-260199233
На строке 18384   в файле   80-261173799
На строке 18385   в файле   80-260199634
На строке 18386   в файле   80-260202033
На строке 18387   в файле   80-260203347
На строке 18388   в файле   80-260204299
На строке 18389   в файле   80-252068054
На строке 18390   в файле   80-248874415
На строке 18391   в файле   80-248874705
На строке 18392   в файле   80-250923844
На строке 18393   в файле   80-250923815
На строке 18394   в файле   80-248881825
На строке 18395   в файле   80-248875240
На строке 18396   в файле   80-250924117
На строке 18397   в файле   80-250928038
На строке 18398   в файле   80-252070605
На строке 18399   в файле   80-252070553
На строке 18400   в файле   80-248882944
На строке 18401   в файле   80-250929322
На строке 18402   в файле   80-252071042
На строке 18403   в файле   80-248884093
На строке 18404   в файле   80-250929417
На строке 18405   в файле   80-248884407
На строке 18406   в файле   80-250929736
На строке 18407   в файле   80-250929935
На строке 18408   в файле   80-252071319
На строке 18409   в файле   80-252467773
На строке 18410   в файле   80-250930220
На строке 18411   в файле   80-252467657
На строке 18412   в файле   80-250930670
На строке 18413   в файле   80-250930837
На строке 18414   в файле   80-250930915
На строке 18415   в файле   80-250931036
На строке 18416   в файле   80-248887086
На строке 18417   в файле   80-248887651
На строке 18418   в файле   80-250931568
На строке 18419   в файле   80-252071989
На строке 18420   в файле   80-248888387
На строке 18421   в файле   80-250931982
На строке 18422   в файле   80-248888989
На строке 18423   в файле   80-248889348
На строке 18424   в файле   80-252468932
На строке 18425   в файле   80-248889516
На строке 18426   в файле   80-250932732
На строке 18427   в файле   80-248890587
На строке 18428   в файле   80-248890712
На строке 18429   в файле   80-252072706
На строке 18430   в файле   80-250933984
На строке 18431   в файле   80-252072852
На строке 18432   в файле   80-252072987
На строке 18433   в файле   80-248891912
На строке 18434   в файле   80-252073151
На строке 18435   в файле   80-248892319
На строке 18436   в файле   80-248892723
На строке 18437   в файле   80-252073290
На строке 18438   в файле   80-250934968
На строке 18439   в файле   80-248893549
На строке 18440   в файле   80-250935316
На строке 18441   в файле   80-250935536
На строке 18442   в файле   80-250935660
На строке 18443   в файле   80-248894932
На строке 18444   в файле   80-248894818
На строке 18445   в файле   80-252073683
На строке 18446   в файле   80-252470470
На строке 18447   в файле   80-252073575
На строке 18448   в файле   80-250935893
На строке 18449   в файле   80-250935921
На строке 18450   в файле   80-250936107
На строке 18451   в файле   80-250936235
На строке 18452   в файле   80-248897167
На строке 18453   в файле   80-252073989
На строке 18454   в файле   80-250936612
На строке 18455   в файле   80-252470483
На строке 18456   в файле   80-248898277
На строке 18457   в файле   80-250937120
На строке 18458   в файле   80-250937000
На строке 18459   в файле   80-248898771
На строке 18460   в файле   80-252074485
На строке 18461   в файле   80-250937126
На строке 18462   в файле   80-252074671
На строке 18463   в файле   80-248873266
На строке 18464   в файле   80-261173560
На строке 18465   в файле   80-260197243
На строке 18466   в файле   80-248887862
На строке 18467   в файле   80-248890769
На строке 18468   в файле   80-248894735
На строке 18469   в файле   80-252074152
На строке 18470   в файле   80-250937714
На строке 18471   в файле   80-252075075
На строке 18472   в файле   80-252076669
На строке 18473   в файле   80-250939002
На строке 18474   в файле   80-260198677
На строке 18475   в файле   80-261274883
На строке 18476   в файле   80-260199103
На строке 18477   в файле   80-260202036
На строке 18478   в файле   80-261173845
На строке 18479   в файле   80-261174049
На строке 18480   в файле   80-260202897
На строке 18481   в файле   80-260204812
На строке 18482   в файле   80-260205360
На строке 18483   в файле   80-260206328
На строке 18484   в файле   80-261266002
На строке 18485   в файле   80-260206065
На строке 18486   в файле   80-261174343
На строке 18487   в файле   80-250931763
На строке 18488   в файле   80-248888219
На строке 18489   в файле   80-250931855
На строке 18490   в файле   80-250931976
На строке 18491   в файле   80-250932065
На строке 18492   в файле   80-250932278
На строке 18493   в файле   80-250932355
На строке 18494   в файле   80-252468934
На строке 18495   в файле   80-248889963
На строке 18496   в файле   80-252072446
На строке 18497   в файле   80-252072791
На строке 18498   в файле   80-252469672
На строке 18499   в файле   80-250935072
На строке 18500   в файле   80-252072990
На строке 18501   в файле   80-252073139
На строке 18502   в файле   80-248893107
На строке 18503   в файле   80-250935074
На строке 18504   в файле   80-250935252
На строке 18505   в файле   80-248893768
На строке 18506   в файле   80-250935407
На строке 18507   в файле   80-248894340
На строке 18508   в файле   80-250935606
На строке 18509   в файле   80-250935732
На строке 18510   в файле   80-250935801
На строке 18511   в файле   80-252073730
На строке 18512   в файле   80-252073748
На строке 18513   в файле   80-250936149
На строке 18514   в файле   80-250936278
На строке 18515   в файле   80-248896789
На строке 18516   в файле   80-248896974
На строке 18517   в файле   80-250936437
На строке 18518   в файле   80-248897611
На строке 18519   в файле   80-252073988
На строке 18520   в файле   80-252470543
На строке 18521   в файле   80-252074380
На строке 18522   в файле   80-248898496
На строке 18523   в файле   80-252074392
На строке 18524   в файле   80-250937131
На строке 18525   в файле   80-248899262
На строке 18526   в файле   80-248899480
На строке 18527   в файле   80-250937269
На строке 18528   в файле   80-248899950
На строке 18529   в файле   80-250937618
На строке 18530   в файле   80-252471154
На строке 18531   в файле   80-252075021
На строке 18532   в файле   80-250937764
На строке 18533   в файле   80-250937874
На строке 18534   в файле   80-252471214
На строке 18535   в файле   80-248901441
На строке 18536   в файле   80-248901659
На строке 18537   в файле   80-250938015
На строке 18538   в файле   80-248902250
На строке 18539   в файле   80-252075253
На строке 18540   в файле   80-250938130
На строке 18541   в файле   80-250938256
На строке 18542   в файле   80-252075445
На строке 18543   в файле   80-250938331
На строке 18544   в файле   80-252075678
На строке 18545   в файле   80-248905287
На строке 18546   в файле   80-248905887
На строке 18547   в файле   80-248906186
На строке 18548   в файле   80-252618283
На строке 18549   в файле   80-252076079
На строке 18550   в файле   80-252076588
На строке 18551   в файле   80-252634681
На строке 18552   в файле   80-250938609
На строке 18553   в файле   80-250938610
На строке 18554   в файле   80-248907773
На строке 18555   в файле   80-252076942
На строке 18556   в файле   80-250938692
На строке 18557   в файле   80-248909099
На строке 18558   в файле   80-250938693
На строке 18559   в файле   80-250939124
На строке 18560   в файле   80-248909930
На строке 18561   в файле   80-248911114
На строке 18562   в файле   80-248887444
На строке 18563   в файле   80-260196425
На строке 18564   в файле   80-260198189
На строке 18565   в файле   80-250938641
На строке 18566   в файле   80-252077543
На строке 18567   в файле   80-252078948
На строке 18568   в файле   80-248945297
На строке 18569   в файле   80-252081217
На строке 18570   в файле   80-248975541
На строке 18571   в файле   80-250944086
На строке 18572   в файле   80-250944745
На строке 18573   в файле   80-260254552
На строке 18574   в файле   80-260263069
На строке 18575   в файле   80-260263023
На строке 18576   в файле   80-260263748
На строке 18577   в файле   80-260264373
На строке 18578   в файле   80-260265140
На строке 18579   в файле   80-261178888
На строке 18580   в файле   80-261178771
На строке 18581   в файле   80-261178750
На строке 18582   в файле   80-260265618
На строке 18583   в файле   80-248908471
На строке 18584   в файле   80-252076948
На строке 18585   в файле   80-252077436
На строке 18586   в файле   80-250938777
На строке 18587   в файле   80-250938810
На строке 18588   в файле   80-250938898
На строке 18589   в файле   80-250938913
На строке 18590   в файле   80-250939018
На строке 18591   в файле   80-250939060
На строке 18592   в файле   80-250939122
На строке 18593   в файле   80-252077679
На строке 18594   в файле   80-248912142
На строке 18595   в файле   80-248912540
На строке 18596   в файле   80-252472842
На строке 18597   в файле   80-252473039
На строке 18598   в файле   80-250939639
На строке 18599   в файле   80-248917719
На строке 18600   в файле   80-250939771
На строке 18601   в файле   80-248918458
На строке 18602   в файле   80-250940368
На строке 18603   в файле   80-250940500
На строке 18604   в файле   80-252079076
На строке 18605   в файле   80-250940587
На строке 18606   в файле   80-248931026
На строке 18607   в файле   80-248931834
На строке 18608   в файле   80-250940620
На строке 18609   в файле   80-250940660
На строке 18610   в файле   80-252620458
На строке 18611   в файле   80-252079453
На строке 18612   в файле   80-248940957
На строке 18613   в файле   80-250941036
На строке 18614   в файле   80-248947282
На строке 18615   в файле   80-248948687
На строке 18616   в файле   80-248951060
На строке 18617   в файле   80-252079967
На строке 18618   в файле   80-248952830
На строке 18619   в файле   80-250941367
На строке 18620   в файле   80-252079841
На строке 18621   в файле   80-250941518
На строке 18622   в файле   80-250941609
На строке 18623   в файле   80-252475280
На строке 18624   в файле   80-250942124
На строке 18625   в файле   80-252081767
На строке 18626   в файле   80-250942511
На строке 18627   в файле   80-250942582
На строке 18628   в файле   80-252475755
На строке 18629   в файле   80-250942929
На строке 18630   в файле   80-250943069
На строке 18631   в файле   80-250943113
На строке 18632   в файле   80-250943173
На строке 18633   в файле   80-250943261
На строке 18634   в файле   80-248978287
На строке 18635   в файле   80-250943440
На строке 18636   в файле   80-248980034
На строке 18637   в файле   80-250943735
На строке 18638   в файле   80-252082449
На строке 18639   в файле   80-250943661
На строке 18640   в файле   80-248985510
На строке 18641   в файле   80-250943903
На строке 18642   в файле   80-250943890
На строке 18643   в файле   80-252082714
На строке 18644   в файле   80-248987099
На строке 18645   в файле   80-248987701
На строке 18646   в файле   80-248987756
На строке 18647   в файле   80-248989443
На строке 18648   в файле   80-250944173
На строке 18649   в файле   80-252082715
На строке 18650   в файле   80-248993730
На строке 18651   в файле   80-248993607
На строке 18652   в файле   80-250944650
На строке 18653   в файле   80-248998385
На строке 18654   в файле   80-248999491
На строке 18655   в файле   80-248999508
На строке 18656   в файле   80-249000195
На строке 18657   в файле   80-249000231
На строке 18658   в файле   80-250944724
На строке 18659   в файле   80-252083517
На строке 18660   в файле   80-249002858
На строке 18661   в файле   80-249003625
На строке 18662   в файле   80-250944878
На строке 18663   в файле   80-261177932
На строке 18664   в файле   80-260255977
На строке 18665   в файле   80-260255943
На строке 18666   в файле   80-260258737
На строке 18667   в файле   80-260259179
На строке 18668   в файле   80-260259611
На строке 18669   в файле   80-260259374
На строке 18670   в файле   80-260261508
На строке 18671   в файле   80-261178359
На строке 18672   в файле   80-248905225
На строке 18673   в файле   80-248905863
На строке 18674   в файле   80-248906448
На строке 18675   в файле   80-248907192
На строке 18676   в файле   80-250938215
На строке 18677   в файле   80-252075667
На строке 18678   в файле   80-252075867
На строке 18679   в файле   80-252075956
На строке 18680   в файле   80-252075955
На строке 18681   в файле   80-252471231
На строке 18682   в файле   80-252471581
На строке 18683   в файле   80-260242429
На строке 18684   в файле   80-260235326
На строке 18685   в файле   80-261177435
На строке 18686   в файле   80-261177838
На строке 18687   в файле   80-260253284
На строке 18688   в файле   80-260222398
На строке 18689   в файле   80-252076668
На строке 18690   в файле   80-252077702
На строке 18691   в файле   80-252079233
На строке 18692   в файле   80-252079588
На строке 18693   в файле   80-250941579
На строке 18694   в файле   80-248969187
На строке 18695   в файле   80-250942985
На строке 18696   в файле   80-248977246
На строке 18697   в файле   80-260223110
На строке 18698   в файле   80-260223797
На строке 18699   в файле   80-260224991
На строке 18700   в файле   80-260225108
На строке 18701   в файле   80-260226554
На строке 18702   в файле   80-260226499
На строке 18703   в файле   80-260229210
На строке 18704   в файле   80-261176182
На строке 18705   в файле   80-260229738
На строке 18706   в файле   80-260229173
На строке 18707   в файле   80-248908597
На строке 18708   в файле   80-252077089
На строке 18709   в файле   80-248909526
На строке 18710   в файле   80-252077247
На строке 18711   в файле   80-250938866
На строке 18712   в файле   80-250938778
На строке 18713   в файле   80-250938959
На строке 18714   в файле   80-248910331
На строке 18715   в файле   80-248910738
На строке 18716   в файле   80-248911769
На строке 18717   в файле   80-250939329
На строке 18718   в файле   80-252077791
На строке 18719   в файле   80-248913847
На строке 18720   в файле   80-250939556
На строке 18721   в файле   80-250939645
На строке 18722   в файле   80-252078275
На строке 18723   в файле   80-250939679
На строке 18724   в файле   80-250939729
На строке 18725   в файле   80-248918859
На строке 18726   в файле   80-250939819
На строке 18727   в файле   80-250940592
На строке 18728   в файле   80-250940588
На строке 18729   в файле   80-248933312
На строке 18730   в файле   80-250940663
На строке 18731   в файле   80-252079478
На строке 18732   в файле   80-250940775
На строке 18733   в файле   80-250940858
На строке 18734   в файле   80-250940815
На строке 18735   в файле   80-250940958
На строке 18736   в файле   80-252079709
На строке 18737   в файле   80-250941099
На строке 18738   в файле   80-252573545
На строке 18739   в файле   80-248948295
На строке 18740   в файле   80-250941202
На строке 18741   в файле   80-250941270
На строке 18742   в файле   80-248951743
На строке 18743   в файле   80-250941354
На строке 18744   в файле   80-248953705
На строке 18745   в файле   80-248954519
На строке 18746   в файле   80-248958813
На строке 18747   в файле   80-250941675
На строке 18748   в файле   80-248960775
На строке 18749   в файле   80-248961675
На строке 18750   в файле   80-250941956
На строке 18751   в файле   80-252081260
На строке 18752   в файле   80-250942273
На строке 18753   в файле   80-250942398
На строке 18754   в файле   80-250942385
На строке 18755   в файле   80-250942516
На строке 18756   в файле   80-250942852
На строке 18757   в файле   80-260221620
На строке 18758   в файле   80-261266188
На строке 18759   в файле   80-252472036
На строке 18760   в файле   80-250938728
На строке 18761   в файле   80-250938914
На строке 18762   в файле   80-252077327
На строке 18763   в файле   80-252077462
На строке 18764   в файле   80-250939117
На строке 18765   в файле   80-248911798
На строке 18766   в файле   80-252077869
На строке 18767   в файле   80-260208614
На строке 18768   в файле   80-260209234
На строке 18769   в файле   80-260209949
На строке 18770   в файле   80-260210659
На строке 18771   в файле   80-260211309
На строке 18772   в файле   80-260212194
На строке 18773   в файле   80-260212687
На строке 18774   в файле   80-260212923
На строке 18775   в файле   80-261175418
На строке 18776   в файле   80-260213991
На строке 18777   в файле   80-248906445
На строке 18778   в файле   80-252472049
На строке 18779   в файле   80-250938543
На строке 18780   в файле   80-252472274
На строке 18781   в файле   80-248907527
На строке 18782   в файле   80-248907542
На строке 18783   в файле   80-250938690
На строке 18784   в файле   80-252075587
На строке 18785   в файле   80-252471882
На строке 18786   в файле   80-260208678
На строке 18787   в файле   80-261180758
На строке 18788   в файле   80-249024869
На строке 18789   в файле   80-249034064
На строке 18790   в файле   80-249041793
На строке 18791   в файле   80-249048252
На строке 18792   в файле   80-249057516
На строке 18793   в файле   80-249064435
На строке 18794   в файле   80-252086088
На строке 18795   в файле   80-249071246
На строке 18796   в файле   80-261181070
На строке 18797   в файле   80-261180773
На строке 18798   в файле   80-260293135
На строке 18799   в файле   80-260293129
На строке 18800   в файле   80-260294072
На строке 18801   в файле   80-260294242
На строке 18802   в файле   80-260294431
На строке 18803   в файле   80-260295017
На строке 18804   в файле   80-260295225
На строке 18805   в файле   80-260295447
На строке 18806   в файле   80-249026226
На строке 18807   в файле   80-249026230
На строке 18808   в файле   80-249027468
На строке 18809   в файле   80-249028985
На строке 18810   в файле   80-252084224
На строке 18811   в файле   80-249030983
На строке 18812   в файле   80-249030381
На строке 18813   в файле   80-249032016
На строке 18814   в файле   80-249031743
На строке 18815   в файле   80-250946500
На строке 18816   в файле   80-249034652
На строке 18817   в файле   80-249035232
На строке 18818   в файле   80-250946696
На строке 18819   в файле   80-249036560
На строке 18820   в файле   80-249036539
На строке 18821   в файле   80-250946764
На строке 18822   в файле   80-250946877
На строке 18823   в файле   80-249038482
На строке 18824   в файле   80-249039656
На строке 18825   в файле   80-249040518
На строке 18826   в файле   80-249041843
На строке 18827   в файле   80-252084673
На строке 18828   в файле   80-249042329
На строке 18829   в файле   80-250947042
На строке 18830   в файле   80-249045123
На строке 18831   в файле   80-249045835
На строке 18832   в файле   80-249046882
На строке 18833   в файле   80-249046932
На строке 18834   в файле   80-249047708
На строке 18835   в файле   80-249048112
На строке 18836   в файле   80-250947133
На строке 18837   в файле   80-249051006
На строке 18838   в файле   80-249051141
На строке 18839   в файле   80-249052021
На строке 18840   в файле   80-249054980
На строке 18841   в файле   80-249055117
На строке 18842   в файле   80-249055060
На строке 18843   в файле   80-250947616
На строке 18844   в файле   80-249055941
На строке 18845   в файле   80-249056732
На строке 18846   в файле   80-249057882
На строке 18847   в файле   80-252085133
На строке 18848   в файле   80-249059598
На строке 18849   в файле   80-249059952
На строке 18850   в файле   80-249060943
На строке 18851   в файле   80-249061432
На строке 18852   в файле   80-249061937
На строке 18853   в файле   80-252085373
На строке 18854   в файле   80-252085110
На строке 18855   в файле   80-252085488
На строке 18856   в файле   80-249064409
На строке 18857   в файле   80-250948313
На строке 18858   в файле   80-249065731
На строке 18859   в файле   80-249066041
На строке 18860   в файле   80-249066051
На строке 18861   в файле   80-249066538
На строке 18862   в файле   80-249066573
На строке 18863   в файле   80-250948532
На строке 18864   в файле   80-252086257
На строке 18865   в файле   80-250948641
На строке 18866   в файле   80-250948852
На строке 18867   в файле   80-250948946
На строке 18868   в файле   80-249069369
На строке 18869   в файле   80-249069632
На строке 18870   в файле   80-249069559
На строке 18871   в файле   80-249069546
На строке 18872   в файле   80-249069844
На строке 18873   в файле   80-249070177
На строке 18874   в файле   80-249070178
На строке 18875   в файле   80-252086636
На строке 18876   в файле   80-249071490
На строке 18877   в файле   80-249024251
На строке 18878   в файле   80-260291331
На строке 18879   в файле   80-261175467
На строке 18880   в файле   80-252078362
На строке 18881   в файле   80-252078591
На строке 18882   в файле   80-248921243
На строке 18883   в файле   80-250940119
На строке 18884   в файле   80-252078731
На строке 18885   в файле   80-252472984
На строке 18886   в файле   80-250940416
На строке 18887   в файле   80-250939912
На строке 18888   в файле   80-260218346
На строке 18889   в файле   80-260246516
На строке 18890   в файле   80-252079372
На строке 18891   в файле   80-252081073
На строке 18892   в файле   80-252081844
На строке 18893   в файле   80-250943811
На строке 18894   в файле   80-252082837
На строке 18895   в файле   80-250944978
На строке 18896   в файле   80-249005522
На строке 18897   в файле   80-250945166
На строке 18898   в файле   80-260248346
На строке 18899   в файле   80-260249769
На строке 18900   в файле   80-260251400
На строке 18901   в файле   80-260256631
На строке 18902   в файле   80-260257271
На строке 18903   в файле   80-260257281
На строке 18904   в файле   80-260258676
На строке 18905   в файле   80-260260269
На строке 18906   в файле   80-260260752
На строке 18907   в файле   80-260261742
На строке 18908   в файле   80-248939889
На строке 18909   в файле   80-250940957
На строке 18910   в файле   80-250940915
На строке 18911   в файле   80-250941003
На строке 18912   в файле   80-250941162
На строке 18913   в файле   80-248949162
На строке 18914   в файле   80-250941209
На строке 18915   в файле   80-250941322
На строке 18916   в файле   80-250941431
На строке 18917   в файле   80-250941655
На строке 18918   в файле   80-252080101
На строке 18919   в файле   80-250941466
На строке 18920   в файле   80-252080373
На строке 18921   в файле   80-250942005
На строке 18922   в файле   80-250942053
На строке 18923   в файле   80-250942189
На строке 18924   в файле   80-250942502
На строке 18925   в файле   80-248966545
На строке 18926   в файле   80-250942651
На строке 18927   в файле   80-248968373
На строке 18928   в файле   80-250942717
На строке 18929   в файле   80-248970120
На строке 18930   в файле   80-250942931
На строке 18931   в файле   80-250943064
На строке 18932   в файле   80-252081981
На строке 18933   в файле   80-250943186
На строке 18934   в файле   80-252082221
На строке 18935   в файле   80-250943305
На строке 18936   в файле   80-250943442
На строке 18937   в файле   80-248979186
На строке 18938   в файле   80-250943509
На строке 18939   в файле   80-250943750
На строке 18940   в файле   80-252082462
На строке 18941   в файле   80-250943952
На строке 18942   в файле   80-248987086
На строке 18943   в файле   80-248987103
На строке 18944   в файле   80-248989100
На строке 18945   в файле   80-248989049
На строке 18946   в файле   80-250944265
На строке 18947   в файле   80-250944174
На строке 18948   в файле   80-248992917
На строке 18949   в файле   80-250944343
На строке 18950   в файле   80-250944555
На строке 18951   в файле   80-248997071
На строке 18952   в файле   80-248997769
На строке 18953   в файле   80-248998410
На строке 18954   в файле   80-248999649
На строке 18955   в файле   80-252574481
На строке 18956   в файле   80-252575408
На строке 18957   в файле   80-250944817
На строке 18958   в файле   80-249003579
На строке 18959   в файле   80-248932470
На строке 18960   в файле   80-260245236
На строке 18961   в файле   80-216981387
На строке 18962   в файле   80-260249041
На строке 18963   в файле   80-252475344
На строке 18964   в файле   80-248971873
На строке 18965   в файле   80-250943904
На строке 18966   в файле   80-248998374
На строке 18967   в файле   80-249006833
На строке 18968   в файле   80-249007509
На строке 18969   в файле   80-249008109
На строке 18970   в файле   80-249009263
На строке 18971   в файле   80-249009634
На строке 18972   в файле   80-250945349
На строке 18973   в файле   80-261177798
На строке 18974   в файле   80-260252767
На строке 18975   в файле   80-260253713
На строке 18976   в файле   80-260255092
На строке 18977   в файле   80-260256267
На строке 18978   в файле   80-260258023
На строке 18979   в файле   80-260260066
На строке 18980   в файле   80-261178377
На строке 18981   в файле   80-260261793
На строке 18982   в файле   80-261178516
На строке 18983   в файле   80-248962627
На строке 18984   в файле   80-250942125
На строке 18985   в файле   80-250942259
На строке 18986   в файле   80-248963594
На строке 18987   в файле   80-250942261
На строке 18988   в файле   80-250942441
На строке 18989   в файле   80-250942653
На строке 18990   в файле   80-252475305
На строке 18991   в файле   80-250942980
На строке 18992   в файле   80-252081984
На строке 18993   в файле   80-252082227
На строке 18994   в файле   80-248974430
На строке 18995   в файле   80-250943246
На строке 18996   в файле   80-250943310
На строке 18997   в файле   80-250943438
На строке 18998   в файле   80-250943388
На строке 18999   в файле   80-250943605
На строке 19000   в файле   80-248981815
На строке 19001   в файле   80-248982818
На строке 19002   в файле   80-252082381
На строке 19003   в файле   80-252475989
На строке 19004   в файле   80-250944021
На строке 19005   в файле   80-248987246
На строке 19006   в файле   80-248988640
На строке 19007   в файле   80-250944087
На строке 19008   в файле   80-248990003
На строке 19009   в файле   80-248993550
На строке 19010   в файле   80-250944361
На строке 19011   в файле   80-250944543
На строке 19012   в файле   80-252476024
На строке 19013   в файле   80-248998861
На строке 19014   в файле   80-248999063
На строке 19015   в файле   80-250944917
На строке 19016   в файле   80-249003470
На строке 19017   в файле   80-250945076
На строке 19018   в файле   80-250945049
На строке 19019   в файле   80-250945347
На строке 19020   в файле   80-249005370
На строке 19021   в файле   80-249006044
На строке 19022   в файле   80-249006031
На строке 19023   в файле   80-249007398
На строке 19024   в файле   80-250941462
На строке 19025   в файле   80-260246850
На строке 19026   в файле   80-260278672
На строке 19027   в файле   80-252083823
На строке 19028   в файле   80-249025708
На строке 19029   в файле   80-249036547
На строке 19030   в файле   80-249046500
На строке 19031   в файле   80-249052096
На строке 19032   в файле   80-249059592
На строке 19033   в файле   80-249066032
На строке 19034   в файле   80-250948447
На строке 19035   в файле   80-260280065
На строке 19036   в файле   80-260280712
На строке 19037   в файле   80-260281841
На строке 19038   в файле   80-260281521
На строке 19039   в файле   80-260282665
На строке 19040   в файле   80-260282999
На строке 19041   в файле   80-260282988
На строке 19042   в файле   80-260284306
На строке 19043   в файле   80-260283592
На строке 19044   в файле   80-260284283
На строке 19045   в файле   80-250945858
На строке 19046   в файле   80-249016692
На строке 19047   в файле   80-249017574
На строке 19048   в файле   80-249018146
На строке 19049   в файле   80-249018196
На строке 19050   в файле   80-250945927
На строке 19051   в файле   80-250946121
На строке 19052   в файле   80-249021182
На строке 19053   в файле   80-249022678
На строке 19054   в файле   80-249022717
На строке 19055   в файле   80-249024120
На строке 19056   в файле   80-249024292
На строке 19057   в файле   80-250946382
На строке 19058   в файле   80-249027103
На строке 19059   в файле   80-252084219
На строке 19060   в файле   80-249028117
На строке 19061   в файле   80-249029642
На строке 19062   в файле   80-249030330
На строке 19063   в файле   80-249032635
На строке 19064   в файле   80-249032384
На строке 19065   в файле   80-250946565
На строке 19066   в файле   80-249035856
На строке 19067   в файле   80-249038014
На строке 19068   в файле   80-249037887
На строке 19069   в файле   80-249039123
На строке 19070   в файле   80-249040309
На строке 19071   в файле   80-249040497
На строке 19072   в файле   80-249040922
На строке 19073   в файле   80-249041078
На строке 19074   в файле   80-249042284
На строке 19075   в файле   80-250946964
На строке 19076   в файле   80-252477976
На строке 19077   в файле   80-249046853
На строке 19078   в файле   80-249047211
На строке 19079   в файле   80-249048214
На строке 19080   в файле   80-250947207
На строке 19081   в файле   80-250947411
На строке 19082   в файле   80-249050466
На строке 19083   в файле   80-249051102
На строке 19084   в файле   80-249051608
На строке 19085   в файле   80-250947330
На строке 19086   в файле   80-249051940
На строке 19087   в файле   80-249052396
На строке 19088   в файле   80-249052946
На строке 19089   в файле   80-252084842
На строке 19090   в файле   80-249054530
На строке 19091   в файле   80-249054971
На строке 19092   в файле   80-249055029
На строке 19093   в файле   80-249055883
На строке 19094   в файле   80-249056843
На строке 19095   в файле   80-249055888
На строке 19096   в файле   80-249056260
На строке 19097   в файле   80-249057540
На строке 19098   в файле   80-250947722
На строке 19099   в файле   80-249059964
На строке 19100   в файле   80-249060319
На строке 19101   в файле   80-249060306
На строке 19102   в файле   80-249061103
На строке 19103   в файле   80-252085222
На строке 19104   в файле   80-249061731
На строке 19105   в файле   80-250947813
На строке 19106   в файле   80-252085664
На строке 19107   в файле   80-249064627
На строке 19108   в файле   80-250948426
На строке 19109   в файле   80-249066542
На строке 19110   в файле   80-216983979
На строке 19111   в файле   80-252083681
На строке 19112   в файле   80-260279459
На строке 19113   в файле   80-260280373
На строке 19114   в файле   80-252083933
На строке 19115   в файле   80-250946314
На строке 19116   в файле   80-249039142
На строке 19117   в файле   80-249046934
На строке 19118   в файле   80-249055501
На строке 19119   в файле   80-252085361
На строке 19120   в файле   80-252085952
На строке 19121   в файле   80-249068326
На строке 19122   в файле   80-260280599
На строке 19123   в файле   80-260280824
На строке 19124   в файле   80-260281818
На строке 19125   в файле   80-260282697
На строке 19126   в файле   80-261180257
На строке 19127   в файле   80-261180600
На строке 19128   в файле   80-260283819
На строке 19129   в файле   80-260285841
На строке 19130   в файле   80-260284726
На строке 19131   в файле   80-260285411
На строке 19132   в файле   80-249017481
На строке 19133   в файле   80-250945925
На строке 19134   в файле   80-252477644
На строке 19135   в файле   80-250946123
На строке 19136   в файле   80-250946038
На строке 19137   в файле   80-249021343
На строке 19138   в файле   80-249021366
На строке 19139   в файле   80-249021964
На строке 19140   в файле   80-249022682
На строке 19141   в файле   80-249022773
На строке 19142   в файле   80-249025704
На строке 19143   в файле   80-250946289
На строке 19144   в файле   80-249027590
На строке 19145   в файле   80-249028860
На строке 19146   в файле   80-249030529
На строке 19147   в файле   80-249030981
На строке 19148   в файле   80-249033769
На строке 19149   в файле   80-250946687
На строке 19150   в файле   80-250946889
На строке 19151   в файле   80-249037807
На строке 19152   в файле   80-249039299
На строке 19153   в файле   80-252084519
На строке 19154   в файле   80-249040889
На строке 19155   в файле   80-249041717
На строке 19156   в файле   80-250946945
На строке 19157   в файле   80-250947035
На строке 19158   в файле   80-250947150
На строке 19159   в файле   80-249045872
На строке 19160   в файле   80-249045878
На строке 19161   в файле   80-249045752
На строке 19162   в файле   80-249045889
На строке 19163   в файле   80-249047970
На строке 19164   в файле   80-249048034
На строке 19165   в файле   80-250947206
На строке 19166   в файле   80-252478061
На строке 19167   в файле   80-250947405
На строке 19168   в файле   80-249051072
На строке 19169   в файле   80-249051029
На строке 19170   в файле   80-249052029
На строке 19171   в файле   80-249052721
На строке 19172   в файле   80-250947530
На строке 19173   в файле   80-249056357
На строке 19174   в файле   80-249057143
На строке 19175   в файле   80-249057157
На строке 19176   в файле   80-249058559
На строке 19177   в файле   80-252084958
На строке 19178   в файле   80-249059305
На строке 19179   в файле   80-249060279
На строке 19180   в файле   80-249060594
На строке 19181   в файле   80-249061101
На строке 19182   в файле   80-249061663
На строке 19183   в файле   80-249063656
На строке 19184   в файле   80-249063907
На строке 19185   в файле   80-249063910
На строке 19186   в файле   80-249064363
На строке 19187   в файле   80-249064433
На строке 19188   в файле   80-252085769
На строке 19189   в файле   80-250948433
На строке 19190   в файле   80-249065992
На строке 19191   в файле   80-249066540
На строке 19192   в файле   80-249066796
На строке 19193   в файле   80-249068039
На строке 19194   в файле   80-252575999
На строке 19195   в файле   80-260280505
На строке 19196   в файле   80-260273239
На строке 19197   в файле   80-249030659
На строке 19198   в файле   80-249032388
На строке 19199   в файле   80-249033986
На строке 19200   в файле   80-249035093
На строке 19201   в файле   80-249036586
На строке 19202   в файле   80-250946769
На строке 19203   в файле   80-249037907
На строке 19204   в файле   80-249029024
На строке 19205   в файле   80-261180007
На строке 19206   в файле   80-249055880
На строке 19207   в файле   80-250948989
На строке 19208   в файле   80-249071967
На строке 19209   в файле   80-249072995
На строке 19210   в файле   80-249075435
На строке 19211   в файле   80-249077599
На строке 19212   в файле   80-249080479
На строке 19213   в файле   80-249084646
На строке 19214   в файле   80-260304002
На строке 19215   в файле   80-260308646
На строке 19216   в файле   80-260312778
На строке 19217   в файле   80-260316164
На строке 19218   в файле   80-260318601
На строке 19219   в файле   80-260322395
На строке 19220   в файле   80-260326936
На строке 19221   в файле   80-260332183
На строке 19222   в файле   80-260335687
На строке 19223   в файле   80-260339268
На строке 19224   в файле   80-249056689
На строке 19225   в файле   80-249061690
На строке 19226   в файле   80-250948638
На строке 19227   в файле   80-249068030
На строке 19228   в файле   80-249068118
На строке 19229   в файле   80-252478087
На строке 19230   в файле   80-252477986
На строке 19231   в файле   80-249068338
На строке 19232   в файле   80-250948948
На строке 19233   в файле   80-249069628
На строке 19234   в файле   80-249070173
На строке 19235   в файле   80-252086224
На строке 19236   в файле   80-249070172
На строке 19237   в файле   80-252086380
На строке 19238   в файле   80-250949059
На строке 19239   в файле   80-250949177
На строке 19240   в файле   80-249071555
На строке 19241   в файле   80-249071577
На строке 19242   в файле   80-249071557
На строке 19243   в файле   80-249071716
На строке 19244   в файле   80-249071952
На строке 19245   в файле   80-249072050
На строке 19246   в файле   80-249072009
На строке 19247   в файле   80-249072253
На строке 19248   в файле   80-249072473
На строке 19249   в файле   80-249072754
На строке 19250   в файле   80-249072532
На строке 19251   в файле   80-249072673
На строке 19252   в файле   80-249072956
На строке 19253   в файле   80-250949164
На строке 19254   в файле   80-249073142
На строке 19255   в файле   80-250949289
На строке 19256   в файле   80-250949386
На строке 19257   в файле   80-249074059
На строке 19258   в файле   80-249074374
На строке 19259   в файле   80-249074336
На строке 19260   в файле   80-249074550
На строке 19261   в файле   80-249074984
На строке 19262   в файле   80-249074826
На строке 19263   в файле   80-249074828
На строке 19264   в файле   80-249075311
На строке 19265   в файле   80-250949595
На строке 19266   в файле   80-249076007
На строке 19267   в файле   80-249075912
На строке 19268   в файле   80-250949478
На строке 19269   в файле   80-249076505
На строке 19270   в файле   80-249076674
На строке 19271   в файле   80-250949739
На строке 19272   в файле   80-249077130
На строке 19273   в файле   80-249076877
На строке 19274   в файле   80-252086637
На строке 19275   в файле   80-249078074
На строке 19276   в файле   80-249078141
На строке 19277   в файле   80-249078725
На строке 19278   в файле   80-249079198
На строке 19279   в файле   80-249078911
На строке 19280   в файле   80-249079105
На строке 19281   в файле   80-249079450
На строке 19282   в файле   80-249079654
На строке 19283   в файле   80-249079841
На строке 19284   в файле   80-249080081
На строке 19285   в файле   80-250950068
На строке 19286   в файле   80-249081229
На строке 19287   в файле   80-249081426
На строке 19288   в файле   80-249081698
На строке 19289   в файле   80-249081860
На строке 19290   в файле   80-249082072
На строке 19291   в файле   80-249082250
На строке 19292   в файле   80-249083519
На строке 19293   в файле   80-249083486
На строке 19294   в файле   80-249083907
На строке 19295   в файле   80-250950634
На строке 19296   в файле   80-250950847
На строке 19297   в файле   80-249086355
На строке 19298   в файле   80-250951084
На строке 19299   в файле   80-249086762
На строке 19300   в файле   80-249086900
На строке 19301   в файле   80-249087027
На строке 19302   в файле   80-250951309
На строке 19303   в файле   80-250951189
На строке 19304   в файле   80-252087407
На строке 19305   в файле   80-260303956
На строке 19306   в файле   80-260304671
На строке 19307   в файле   80-260305293
На строке 19308   в файле   80-260306011
На строке 19309   в файле   80-260306071
На строке 19310   в файле   80-260306759
На строке 19311   в файле   80-260307309
На строке 19312   в файле   80-260307462
На строке 19313   в файле   80-260307989
На строке 19314   в файле   80-260308036
На строке 19315   в файле   80-260308663
На строке 19316   в файле   80-260309340
На строке 19317   в файле   80-261266301
На строке 19318   в файле   80-260310011
На строке 19319   в файле   80-260310592
На строке 19320   в файле   80-260310704
На строке 19321   в файле   80-260311200
На строке 19322   в файле   80-261181694
На строке 19323   в файле   80-260312068
На строке 19324   в файле   80-261182084
На строке 19325   в файле   80-260312605
На строке 19326   в файле   80-260312914
На строке 19327   в файле   80-261182154
На строке 19328   в файле   80-260313405
На строке 19329   в файле   80-261181979
На строке 19330   в файле   80-260313865
На строке 19331   в файле   80-260314252
На строке 19332   в файле   80-260314887
На строке 19333   в файле   80-260314935
На строке 19334   в файле   80-260316200
На строке 19335   в файле   80-260316212
На строке 19336   в файле   80-260316805
На строке 19337   в файле   80-260316797
На строке 19338   в файле   80-260316869
На строке 19339   в файле   80-260317377
На строке 19340   в файле   80-260317641
На строке 19341   в файле   80-260317904
На строке 19342   в файле   80-260318022
На строке 19343   в файле   80-260318243
На строке 19344   в файле   80-260318592
На строке 19345   в файле   80-260319008
На строке 19346   в файле   80-260319180
На строке 19347   в файле   80-260319852
На строке 19348   в файле   80-260320309
На строке 19349   в файле   80-260320418
На строке 19350   в файле   80-260320863
На строке 19351   в файле   80-261182246
На строке 19352   в файле   80-261182389
На строке 19353   в файле   80-260321346
На строке 19354   в файле   80-260321810
На строке 19355   в файле   80-260322918
На строке 19356   в файле   80-260322993
На строке 19357   в файле   80-260323541
На строке 19358   в файле   80-260324196
На строке 19359   в файле   80-260324614
На строке 19360   в файле   80-260324914
На строке 19361   в файле   80-260324900
На строке 19362   в файле   80-260325180
На строке 19363   в файле   80-260326282
На строке 19364   в файле   80-260326651
На строке 19365   в файле   80-260327204
На строке 19366   в файле   80-260327681
На строке 19367   в файле   80-260328206
На строке 19368   в файле   80-260328584
На строке 19369   в файле   80-260329370
На строке 19370   в файле   80-260329775
На строке 19371   в файле   80-260329932
На строке 19372   в файле   80-260330689
На строке 19373   в файле   80-260331096
На строке 19374   в файле   80-260331252
На строке 19375   в файле   80-260332570
На строке 19376   в файле   80-260333070
На строке 19377   в файле   80-260333231
На строке 19378   в файле   80-260333567
На строке 19379   в файле   80-260333809
На строке 19380   в файле   80-260334154
На строке 19381   в файле   80-261183178
На строке 19382   в файле   80-261183053
На строке 19383   в файле   80-260334853
На строке 19384   в файле   80-260335384
На строке 19385   в файле   80-260335953
На строке 19386   в файле   80-260336028
На строке 19387   в файле   80-260336253
На строке 19388   в файле   80-260336826
На строке 19389   в файле   80-260337185
На строке 19390   в файле   80-260337519
На строке 19391   в файле   80-260338044
На строке 19392   в файле   80-260338558
На строке 19393   в файле   80-260338747
На строке 19394   в файле   80-260339155
На строке 19395   в файле   80-260339871
На строке 19396   в файле   80-260340173
На строке 19397   в файле   80-260340779
На строке 19398   в файле   80-260341105
На строке 19399   в файле   80-260341258
На строке 19400   в файле   80-260341847
На строке 19401   в файле   80-260342384
На строке 19402   в файле   80-260342325
На строке 19403   в файле   80-260343376
На строке 19404   в файле   80-260343944
На строке 19405   в файле   80-249057154
На строке 19406   в файле   80-249057896
На строке 19407   в файле   80-250947629
На строке 19408   в файле   80-249057869
На строке 19409   в файле   80-249059312
На строке 19410   в файле   80-249059737
На строке 19411   в файле   80-249061145
На строке 19412   в файле   80-249060888
На строке 19413   в файле   80-249061527
На строке 19414   в файле   80-249061826
На строке 19415   в файле   80-249062257
На строке 19416   в файле   80-249062347
На строке 19417   в файле   80-249063898
На строке 19418   в файле   80-249064165
На строке 19419   в файле   80-249064362
На строке 19420   в файле   80-252085649
На строке 19421   в файле   80-252085953
На строке 19422   в файле   80-249066034
На строке 19423   в файле   80-249066324
На строке 19424   в файле   80-249066575
На строке 19425   в файле   80-249067811
На строке 19426   в файле   80-249068119
На строке 19427   в файле   80-250947327
На строке 19428   в файле   80-250947519
На строке 19429   в файле   80-252084831
На строке 19430   в файле   80-260300367
На строке 19431   в файле   80-260302547
На строке 19432   в файле   80-260300252
На строке 19433   в файле   80-260301545
На строке 19434   в файле   80-260303292
На строке 19435   в файле   80-260277789
На строке 19436   в файле   80-249057694
На строке 19437   в файле   80-250947723
На строке 19438   в файле   80-249059676
На строке 19439   в файле   80-249060501
На строке 19440   в файле   80-249060505
На строке 19441   в файле   80-249061193
На строке 19442   в файле   80-249062074
На строке 19443   в файле   80-249062298
На строке 19444   в файле   80-249063920
На строке 19445   в файле   80-249062224
На строке 19446   в файле   80-249063904
На строке 19447   в файле   80-260276704
На строке 19448   в файле   80-249072038
На строке 19449   в файле   80-260299572
На строке 19450   в файле   80-250949271
На строке 19451   в файле   80-249075745
На строке 19452   в файле   80-249077349
На строке 19453   в файле   80-249080477
На строке 19454   в файле   80-252087152
На строке 19455   в файле   80-249087867
На строке 19456   в файле   80-252087648
На строке 19457   в файле   80-249091050
На строке 19458   в файле   80-261181308
На строке 19459   в файле   80-260303261
На строке 19460   в файле   80-260303704
На строке 19461   в файле   80-260304727
На строке 19462   в файле   80-260304699
На строке 19463   в файле   80-260305237
На строке 19464   в файле   80-261181294
На строке 19465   в файле   80-260306133
На строке 19466   в файле   80-260306743
На строке 19467   в файле   80-260307407
На строке 19468   в файле   80-252086524
На строке 19469   в файле   80-250949501
На строке 19470   в файле   80-249074363
На строке 19471   в файле   80-249074337
На строке 19472   в файле   80-249074365
На строке 19473   в файле   80-249074791
На строке 19474   в файле   80-249074852
На строке 19475   в файле   80-249074958
На строке 19476   в файле   80-249075450
На строке 19477   в файле   80-249075292
На строке 19478   в файле   80-249075470
На строке 19479   в файле   80-249075954
На строке 19480   в файле   80-249075743
На строке 19481   в файле   80-249076165
На строке 19482   в файле   80-249076163
На строке 19483   в файле   80-249076628
На строке 19484   в файле   80-249076420
На строке 19485   в файле   80-249076623
На строке 19486   в файле   42, кв.37"
На строке 19487   в файле   80-252478440
На строке 19488   в файле   80-249077178
На строке 19489   в файле   80-249077659
На строке 19490   в файле   80-249077806
На строке 19491   в файле   80-249077815
На строке 19492   в файле   80-249078050
На строке 19493   в файле   80-249078529
На строке 19494   в файле   80-249078522
На строке 19495   в файле   80-249078715
На строке 19496   в файле   80-249079141
На строке 19497   в файле   80-249079461
На строке 19498   в файле   80-249080076
На строке 19499   в файле   80-249081474
На строке 19500   в файле   80-249081866
На строке 19501   в файле   80-249081865
На строке 19502   в файле   80-252086903
На строке 19503   в файле   80-250950289
На строке 19504   в файле   80-249083291
На строке 19505   в файле   80-249083457
На строке 19506   в файле   80-249083888
На строке 19507   в файле   80-249084267
На строке 19508   в файле   80-249084474
На строке 19509   в файле   80-249085406
На строке 19510   в файле   80-252087170
На строке 19511   в файле   80-249086077
На строке 19512   в файле   80-249086174
На строке 19513   в файле   80-250950984
На строке 19514   в файле   80-249086360
На строке 19515   в файле   80-250951169
На строке 19516   в файле   80-249086607
На строке 19517   в файле   80-249086933
На строке 19518   в файле   80-250951289
На строке 19519   в файле   80-249088199
На строке 19520   в файле   80-249088300
На строке 19521   в файле   80-249088469
На строке 19522   в файле   80-249088522
На строке 19523   в файле   80-249089263
На строке 19524   в файле   80-249089270
На строке 19525   в файле   80-249089228
На строке 19526   в файле   80-249089246
На строке 19527   в файле   80-249089426
На строке 19528   в файле   80-252478787
На строке 19529   в файле   80-252087250
На строке 19530   в файле   80-249090437
На строке 19531   в файле   80-249090434
На строке 19532   в файле   80-249090427
На строке 19533   в файле   80-249090431
На строке 19534   в файле   80-249090560
На строке 19535   в файле   80-249090763
На строке 19536   в файле   80-249090738
На строке 19537   в файле   80-249090864
На строке 19538   в файле   80-249091086
На строке 19539   в файле   80-249091160
На строке 19540   в файле   80-249091336
На строке 19541   в файле   80-249091338
На строке 19542   в файле   80-249091201
На строке 19543   в файле   80-249091399
На строке 19544   в файле   80-249091630
На строке 19545   в файле   80-249091536
На строке 19546   в файле   80-249091789
На строке 19547   в файле   80-249091992
На строке 19548   в файле   80-250952237
На строке 19549   в файле   80-261181324
На строке 19550   в файле   80-260301870
На строке 19551   в файле   80-260302279
На строке 19552   в файле   80-260302561
На строке 19553   в файле   80-260303025
На строке 19554   в файле   80-260303010
На строке 19555   в файле   80-249072536
На строке 19556   в файле   80-249072991
На строке 19557   в файле   80-260299064
На строке 19558   в файле   80-260300012
На строке 19559   в файле   80-260300420
На строке 19560   в файле   80-260303750
На строке 19561   в файле   80-249077140
На строке 19562   в файле   80-260309266
На строке 19563   в файле   80-249076172
На строке 19564   в файле   80-249079662
На строке 19565   в файле   80-249083911
На строке 19566   в файле   80-249087041
На строке 19567   в файле   80-249092750
На строке 19568   в файле   80-249095314
На строке 19569   в файле   80-249097370
На строке 19570   в файле   80-249097621
На строке 19571   в файле   80-260309512
На строке 19572   в файле   80-261181729
На строке 19573   в файле   80-260310112
На строке 19574   в файле   80-260311204
На строке 19575   в файле   80-260311336
На строке 19576   в файле   80-260311973
На строке 19577   в файле   80-260313223
На строке 19578   в файле   80-261181867
На строке 19579   в файле   80-260313073
На строке 19580   в файле   80-260313636
На строке 19581   в файле   80-249076398
На строке 19582   в файле   80-249076924
На строке 19583   в файле   80-249077104
На строке 19584   в файле   80-249077395
На строке 19585   в файле   80-249077605
На строке 19586   в файле   80-249078255
На строке 19587   в файле   80-249078327
На строке 19588   в файле   80-249078570
На строке 19589   в файле   80-250949973
На строке 19590   в файле   80-249079291
На строке 19591   в файле   80-250949815
На строке 19592   в файле   80-250949970
На строке 19593   в файле   80-249079843
На строке 19594   в файле   80-249080250
На строке 19595   в файле   80-249080298
На строке 19596   в файле   80-249080679
На строке 19597   в файле   80-250950164
На строке 19598   в файле   80-249081810
На строке 19599   в файле   80-249082264
На строке 19600   в файле   80-252086924
На строке 19601   в файле   80-249084323
На строке 19602   в файле   80-249084723
На строке 19603   в файле   80-249084722
На строке 19604   в файле   80-249085045
На строке 19605   в файле   80-250950405
На строке 19606   в файле   80-250950719
На строке 19607   в файле   80-249086175
На строке 19608   в файле   80-250950964
На строке 19609   в файле   80-249086450
На строке 19610   в файле   80-249086830
На строке 19611   в файле   80-249087861
На строке 19612   в файле   80-249088162
На строке 19613   в файле   80-249088627
На строке 19614   в файле   80-249088613
На строке 19615   в файле   80-249088977
На строке 19616   в файле   80-249088919
На строке 19617   в файле   80-249088923
На строке 19618   в файле   80-249092402
На строке 19619   в файле   80-249092593
На строке 19620   в файле   80-249092606
На строке 19621   в файле   80-249092904
На строке 19622   в файле   80-249093012
На строке 19623   в файле   80-249093223
На строке 19624   в файле   80-250952056
На строке 19625   в файле   80-249093898
На строке 19626   в файле   80-249094054
На строке 19627   в файле   80-249094051
На строке 19628   в файле   80-249094378
На строке 19629   в файле   80-249094371
На строке 19630   в файле   80-249094663
На строке 19631   в файле   80-252088064
На строке 19632   в файле   80-252088168
На строке 19633   в файле   80-249096132
На строке 19634   в файле   80-249096124
На строке 19635   в файле   80-249096274
На строке 19636   в файле   80-249096473
На строке 19637   в файле   80-249096688
На строке 19638   в файле   80-249096718
На строке 19639   в файле   80-249096923
На строке 19640   в файле   80-249097120
На строке 19641   в файле   80-249097515
На строке 19642   в файле   80-249075244
На строке 19643   в файле   80-250949413
На строке 19644   в файле   80-261181292
На строке 19645   в файле   80-251363607
На строке 19646   в файле   80-261115220
На строке 19647   в файле   80-260327206
На строке 19648   в файле   80-249079844
На строке 19649   в файле   80-249102314
На строке 19650   в файле   80-252088958
На строке 19651   в файле   80-249109962
На строке 19652   в файле   80-249117300
На строке 19653   в файле   80-249127332
На строке 19654   в файле   80-249137001
На строке 19655   в файле   80-249143581
На строке 19656   в файле   80-260332902
На строке 19657   в файле   80-260336331
На строке 19658   в файле   80-260341791
На строке 19659   в файле   80-260345168
На строке 19660   в файле   80-260346626
На строке 19661   в файле   80-260347991
На строке 19662   в файле   80-260350105
На строке 19663   в файле   80-260350965
На строке 19664   в файле   80-260351776
На строке 19665   в файле   80-249080259
На строке 19666   в файле   80-249084916
На строке 19667   в файле   80-249087993
На строке 19668   в файле   80-249093024
На строке 19669   в файле   80-249094955
На строке 19670   в файле   80-249097023
На строке 19671   в файле   80-249098252
На строке 19672   в файле   80-249099598
На строке 19673   в файле   80-249100843
На строке 19674   в файле   80-249102292
На строке 19675   в файле   80-250952660
На строке 19676   в файле   80-249103449
На строке 19677   в файле   80-249103429
На строке 19678   в файле   80-249103402
На строке 19679   в файле   80-249103783
На строке 19680   в файле   80-249104053
На строке 19681   в файле   80-249104097
На строке 19682   в файле   80-249104460
На строке 19683   в файле   80-249104945
На строке 19684   в файле   80-249104819
На строке 19685   в файле   80-250952830
На строке 19686   в файле   80-249105903
На строке 19687   в файле   80-249106183
На строке 19688   в файле   80-249106372
На строке 19689   в файле   80-249106627
На строке 19690   в файле   80-252479823
На строке 19691   в файле   80-249108061
На строке 19692   в файле   80-249108821
На строке 19693   в файле   80-249109133
На строке 19694   в файле   80-249109348
На строке 19695   в файле   80-249110222
На строке 19696   в файле   80-249110604
На строке 19697   в файле   80-249111392
На строке 19698   в файле   80-249112008
На строке 19699   в файле   80-250953432
На строке 19700   в файле   80-249114019
На строке 19701   в файле   80-249113943
На строке 19702   в файле   80-249114838
На строке 19703   в файле   80-249115836
На строке 19704   в файле   80-249116280
На строке 19705   в файле   80-250953630
На строке 19706   в файле   80-250953834
На строке 19707   в файле   80-249121180
На строке 19708   в файле   80-250954043
На строке 19709   в файле   80-249122032
На строке 19710   в файле   80-250954156
На строке 19711   в файле   80-249124981
На строке 19712   в файле   80-249125007
На строке 19713   в файле   80-249126001
На строке 19714   в файле   80-249126212
На строке 19715   в файле   80-249128257
На строке 19716   в файле   80-249129276
На строке 19717   в файле   80-252480169
На строке 19718   в файле   80-252089428
На строке 19719   в файле   80-249131297
На строке 19720   в файле   80-249132204
На строке 19721   в файле   80-249133436
На строке 19722   в файле   80-249132931
На строке 19723   в файле   80-249133896
На строке 19724   в файле   80-250954448
На строке 19725   в файле   80-249137664
На строке 19726   в файле   80-249137691
На строке 19727   в файле   80-249138297
На строке 19728   в файле   80-249139079
На строке 19729   в файле   80-250954544
На строке 19730   в файле   80-249140613
На строке 19731   в файле   80-249140502
На строке 19732   в файле   80-249141939
На строке 19733   в файле   80-249142619
На строке 19734   в файле   80-249145025
На строке 19735   в файле   80-250954920
На строке 19736   в файле   80-249150033
На строке 19737   в файле   80-250955029
На строке 19738   в файле   80-250955112
На строке 19739   в файле   80-250955248
На строке 19740   в файле   80-252089952
На строке 19741   в файле   80-249154319
На строке 19742   в файле   80-249154579
На строке 19743   в файле   80-249155881
На строке 19744   в файле   80-260328352
На строке 19745   в файле   80-260328904
На строке 19746   в файле   80-260329604
На строке 19747   в файле   80-260330018
На строке 19748   в файле   80-260330537
На строке 19749   в файле   80-260331261
На строке 19750   в файле   80-260331697
На строке 19751   в файле   80-260332026
На строке 19752   в файле   80-260332547
На строке 19753   в файле   80-260332742
На строке 19754   в файле   80-260333241
На строке 19755   в файле   80-261266635
На строке 19756   в файле   80-260334038
На строке 19757   в файле   80-260334439
На строке 19758   в файле   80-260334567
На строке 19759   в файле   80-260334675
На строке 19760   в файле   80-260335057
На строке 19761   в файле   80-260335709
На строке 19762   в файле   80-260335779
На строке 19763   в файле   80-260336079
На строке 19764   в файле   80-260336950
На строке 19765   в файле   80-260337570
На строке 19766   в файле   80-260338160
На строке 19767   в файле   80-260338298
На строке 19768   в файле   80-260338658
На строке 19769   в файле   80-260339107
На строке 19770   в файле   80-260339270
На строке 19771   в файле   80-260339646
На строке 19772   в файле   80-260340498
На строке 19773   в файле   80-260341048
На строке 19774   в файле   80-260342331
На строке 19775   в файле   80-260343246
На строке 19776   в файле   80-260343730
На строке 19777   в файле   80-260343766
На строке 19778   в файле   80-260343804
На строке 19779   в файле   80-260344422
На строке 19780   в файле   80-260344289
На строке 19781   в файле   80-260344366
На строке 19782   в файле   80-260344753
На строке 19783   в файле   80-260344856
На строке 19784   в файле   80-260345298
На строке 19785   в файле   80-260345316
На строке 19786   в файле   80-260345455
На строке 19787   в файле   80-260345752
На строке 19788   в файле   80-260345823
На строке 19789   в файле   80-260345796
На строке 19790   в файле   80-260345900
На строке 19791   в файле   80-260346199
На строке 19792   в файле   80-260346200
На строке 19793   в файле   80-260346312
На строке 19794   в файле   80-261183476
На строке 19795   в файле   80-260346934
На строке 19796   в файле   80-260347188
На строке 19797   в файле   80-260346999
На строке 19798   в файле   80-260347423
На строке 19799   в файле   80-260347510
На строке 19800   в файле   80-260347425
На строке 19801   в файле   80-260347896
На строке 19802   в файле   80-260347900
На строке 19803   в файле   80-260348222
На строке 19804   в файле   80-260348365
На строке 19805   в файле   80-260348351
На строке 19806   в файле   80-260348578
На строке 19807   в файле   80-260348706
На строке 19808   в файле   80-260348753
На строке 19809   в файле   80-260349017
На строке 19810   в файле   80-260349144
На строке 19811   в файле   80-260349189
На строке 19812   в файле   80-260349414
На строке 19813   в файле   80-260349508
На строке 19814   в файле   80-260349576
На строке 19815   в файле   80-260350050
На строке 19816   в файле   80-260350047
На строке 19817   в файле   80-260350115
На строке 19818   в файле   80-260350543
На строке 19819   в файле   80-260350479
На строке 19820   в файле   80-260350515
На строке 19821   в файле   80-260350534
На строке 19822   в файле   80-260350513
На строке 19823   в файле   80-261183300
На строке 19824   в файле   80-260350968
На строке 19825   в файле   80-260350920
На строке 19826   в файле   80-260350921
На строке 19827   в файле   80-260350961
На строке 19828   в файле   80-260351110
На строке 19829   в файле   80-260351373
На строке 19830   в файле   80-260351385
На строке 19831   в файле   80-260351521
На строке 19832   в файле   80-260351674
На строке 19833   в файле   80-260351800
На строке 19834   в файле   80-260352120
На строке 19835   в файле   80-260327052
На строке 19836   в файле   80-260352212
На строке 19837   в файле   80-260352679
На строке 19838   в файле   80-260352629
На строке 19839   в файле   80-260352783
На строке 19840   в файле   80-260353109
На строке 19841   в файле   80-260353196
На строке 19842   в файле   80-260353486
На строке 19843   в файле   80-260353657
На строке 19844   в файле   80-252086789
На строке 19845   в файле   80-249080659
На строке 19846   в файле   80-249081424
На строке 19847   в файле   80-249081726
На строке 19848   в файле   80-249082255
На строке 19849   в файле   80-250950421
На строке 19850   в файле   80-249083479
На строке 19851   в файле   80-249083703
На строке 19852   в файле   80-249083933
На строке 19853   в файле   80-249084095
На строке 19854   в файле   80-249084313
На строке 19855   в файле   80-249085034
На строке 19856   в файле   80-250950524
На строке 19857   в файле   80-250950754
На строке 19858   в файле   80-249086352
На строке 19859   в файле   80-249086494
На строке 19860   в файле   80-252478734
На строке 19861   в файле   80-249086449
На строке 19862   в файле   80-250951088
На строке 19863   в файле   80-250951443
На строке 19864   в файле   80-249087873
На строке 19865   в файле   80-249088158
На строке 19866   в файле   80-250951396
На строке 19867   в файле   80-249088499
На строке 19868   в файле   80-249088785
На строке 19869   в файле   80-249092304
На строке 19870   в файле   80-249092396
На строке 19871   в файле   80-249092604
На строке 19872   в файле   80-249092885
На строке 19873   в файле   80-249092897
На строке 19874   в файле   80-250952054
На строке 19875   в файле   80-249093157
На строке 19876   в файле   80-252088311
На строке 19877   в файле   80-249094047
На строке 19878   в файле   80-249094079
На строке 19879   в файле   80-249094243
На строке 19880   в файле   80-249094393
На строке 19881   в файле   80-249094540
На строке 19882   в файле   80-249094646
На строке 19883   в файле   80-249094687
На строке 19884   в файле   80-249094993
На строке 19885   в файле   80-249095155
На строке 19886   в файле   80-249095289
На строке 19887   в файле   80-252087926
На строке 19888   в файле   80-249096131
На строке 19889   в файле   80-250952211
На строке 19890   в файле   80-249096164
На строке 19891   в файле   80-249096387
На строке 19892   в файле   80-249096412
На строке 19893   в файле   80-249096656
На строке 19894   в файле   80-249096791
На строке 19895   в файле   80-252088756
На строке 19896   в файле   80-249097271
На строке 19897   в файле   80-249097285
На строке 19898   в файле   80-250952327
На строке 19899   в файле   80-249097646
На строке 19900   в файле   80-249097813
На строке 19901   в файле   80-249097812
На строке 19902   в файле   80-249097949
На строке 19903   в файле   80-249098119
На строке 19904   в файле   80-249098238
На строке 19905   в файле   80-249098243
На строке 19906   в файле   80-249098532
На строке 19907   в файле   80-249098560
На строке 19908   в файле   80-249098539
На строке 19909   в файле   80-249098868
На строке 19910   в файле   80-249098902
На строке 19911   в файле   80-249099147
На строке 19912   в файле   80-249099288
На строке 19913   в файле   80-249099321
На строке 19914   в файле   80-250952414
На строке 19915   в файле   80-249099613
На строке 19916   в файле   80-249099714
На строке 19917   в файле   80-249099859
На строке 19918   в файле   80-249100052
На строке 19919   в файле   80-252088186
На строке 19920   в файле   80-250952409
На строке 19921   в файле   80-252088385
На строке 19922   в файле   80-252088651
На строке 19923   в файле   80-250952590
На строке 19924   в файле   80-249100688
На строке 19925   в файле   80-249100836
На строке 19926   в файле   80-249100876
На строке 19927   в файле   80-249101140
На строке 19928   в файле   80-249101131
На строке 19929   в файле   80-249101484
На строке 19930   в файле   80-249101446
На строке 19931   в файле   80-249101743
На строке 19932   в файле   80-249101939
На строке 19933   в файле   80-249102099
На строке 19934   в файле   80-250949947
На строке 19935   в файле   80-260326494
На строке 19936   в файле   80-260327844
На строке 19937   в файле   80-260305333
На строке 19938   в файле   80-249078272
На строке 19939   в файле   80-249082354
На строке 19940   в файле   80-250950866
На строке 19941   в файле   80-249088601
На строке 19942   в файле   80-249090429
На строке 19943   в файле   80-249091810
На строке 19944   в файле   80-249093221
На строке 19945   в файле   80-249094987
На строке 19946   в файле   80-260305345
На строке 19947   в файле   80-261181522
На строке 19948   в файле   80-260312234
На строке 19949   в файле   80-260316187
На строке 19950   в файле   80-260319794
На строке 19951   в файле   80-261277274
На строке 19952   в файле   80-261182411
На строке 19953   в файле   80-260321111
На строке 19954   в файле   80-260321851
На строке 19955   в файле   80-260321624
На строке 19956   в файле   80-249078744
На строке 19957   в файле   80-249078915
На строке 19958   в файле   80-249079309
На строке 19959   в файле   80-249079674
На строке 19960   в файле   80-249080075
На строке 19961   в файле   80-249080474
На строке 19962   в файле   80-250950143
На строке 19963   в файле   80-249081231
На строке 19964   в файле   80-249081440
На строке 19965   в файле   80-250950169
На строке 19966   в файле   80-250950435
На строке 19967   в файле   80-252087027
На строке 19968   в файле   80-249083511
На строке 19969   в файле   80-249083935
На строке 19970   в файле   80-249084361
На строке 19971   в файле   80-249084356
На строке 19972   в файле   80-249084691
На строке 19973   в файле   80-249084862
На строке 19974   в файле   80-249085079
На строке 19975   в файле   80-250950644
На строке 19976   в файле   80-249086189
На строке 19977   в файле   80-252478739
На строке 19978   в файле   80-249086610
На строке 19979   в файле   80-249086734
На строке 19980   в файле   80-252087410
На строке 19981   в файле   80-249087694
На строке 19982   в файле   80-249087868
На строке 19983   в файле   80-249087884
На строке 19984   в файле   80-249088184
На строке 19985   в файле   80-249088185
На строке 19986   в файле   80-249088904
На строке 19987   в файле   80-249088926
На строке 19988   в файле   80-249089110
На строке 19989   в файле   80-249089304
На строке 19990   в файле   80-250951511
На строке 19991   в файле   80-249089551
На строке 19992   в файле   80-249089557
На строке 19993   в файле   80-252087510
На строке 19994   в файле   80-252087623
На строке 19995   в файле   80-249090247
На строке 19996   в файле   80-249090760
На строке 19997   в файле   80-249090737
На строке 19998   в файле   80-249090765
На строке 19999   в файле   80-249091026
На строке 20000   в файле   80-249091045
На строке 20001   в файле   80-250951971
На строке 20002   в файле   80-249091474
На строке 20003   в файле   80-249091461
На строке 20004   в файле   80-249091801
На строке 20005   в файле   80-249091616
На строке 20006   в файле   80-249091944
На строке 20007   в файле   80-250952055
На строке 20008   в файле   80-249092100
На строке 20009   в файле   80-249092125
На строке 20010   в файле   80-249092291
На строке 20011   в файле   80-249092122
На строке 20012   в файле   80-249092255
На строке 20013   в файле   80-249092415
На строке 20014   в файле   80-249092710
На строке 20015   в файле   80-249092869
На строке 20016   в файле   80-249093232
На строке 20017   в файле   80-250952131
На строке 20018   в файле   80-252087778
На строке 20019   в файле   80-250952226
На строке 20020   в файле   80-249094086
На строке 20021   в файле   80-249094376
На строке 20022   в файле   80-249094436
На строке 20023   в файле   80-249094668
На строке 20024   в файле   80-249094713
На строке 20025   в файле   80-249094855
На строке 20026   в файле   80-249095016
На строке 20027   в файле   80-249095379
На строке 20028   в файле   80-252087912
На строке 20029   в файле   80-250952412
На строке 20030   в файле   80-249096166
На строке 20031   в файле   80-249096530
На строке 20032   в файле   80-249096826
На строке 20033   в файле   80-249096934
На строке 20034   в файле   80-249097047
На строке 20035   в файле   80-249097442
На строке 20036   в файле   80-260306007
На строке 20037   в файле   80-260306658
На строке 20038   в файле   80-260306815
На строке 20039   в файле   80-260307023
На строке 20040   в файле   80-260307431
На строке 20041   в файле   80-260307692
На строке 20042   в файле   80-260308025
На строке 20043   в файле   80-260308359
На строке 20044   в файле   80-260308923
На строке 20045   в файле   80-260309258
На строке 20046   в файле   80-260309841
На строке 20047   в файле   80-260309646
На строке 20048   в файле   80-261181704
На строке 20049   в файле   80-260310626
На строке 20050   в файле   80-260310764
На строке 20051   в файле   80-260311338
На строке 20052   в файле   80-260311045
На строке 20053   в файле   80-260311885
На строке 20054   в файле   80-260311615
На строке 20055   в файле   80-260312367
На строке 20056   в файле   80-260312504
На строке 20057   в файле   80-260313588
На строке 20058   в файле   80-260313235
На строке 20059   в файле   80-260313656
На строке 20060   в файле   80-260314222
На строке 20061   в файле   80-260314249
На строке 20062   в файле   80-260314880
На строке 20063   в файле   80-260315516
На строке 20064   в файле   80-260315476
На строке 20065   в файле   80-260315547
На строке 20066   в файле   80-260316827
На строке 20067   в файле   80-260317395
На строке 20068   в файле   80-260317380
На строке 20069   в файле   80-260317500
На строке 20070   в файле   80-260317911
На строке 20071   в файле   80-260317985
На строке 20072   в файле   80-260318575
На строке 20073   в файле   80-260319176
На строке 20074   в файле   80-260319212
На строке 20075   в файле   80-260319820
На строке 20076   в файле   80-260320305
На строке 20077   в файле   80-260320339
На строке 20078   в файле   80-261182877
На строке 20079   в файле   80-260320854
На строке 20080   в файле   80-261182388
На строке 20081   в файле   80-250949708
На строке 20082   в файле   80-260303870
На строке 20083   в файле   80-260322318
На строке 20084   в файле   80-249095293
На строке 20085   в файле   80-249097954
На строке 20086   в файле   80-249099311
На строке 20087   в файле   80-249100812
На строке 20088   в файле   80-249101804
На строке 20089   в файле   80-249103730
На строке 20090   в файле   80-252480126
На строке 20091   в файле   80-249112096
На строке 20092   в файле   80-260323358
На строке 20093   в файле   80-260328334
На строке 20094   в файле   80-260331925
На строке 20095   в файле   80-260334671
На строке 20096   в файле   80-260339897
На строке 20097   в файле   80-260342228
На строке 20098   в файле   80-260342925
На строке 20099   в файле   80-260342847
На строке 20100   в файле   80-260342897
На строке 20101   в файле   80-260343408
На строке 20102   в файле   80-249096048
На строке 20103   в файле   80-249096390
На строке 20104   в файле   80-249096398
На строке 20105   в файле   80-249096681
На строке 20106   в файле   80-249097026
На строке 20107   в файле   80-249097182
На строке 20108   в файле   80-249097327
На строке 20109   в файле   80-249097541
На строке 20110   в файле   80-249097559
На строке 20111   в файле   80-249097841
На строке 20112   в файле   80-249097958
На строке 20113   в файле   80-249098085
На строке 20114   в файле   80-249098227
На строке 20115   в файле   80-249098381
На строке 20116   в файле   80-249098536
На строке 20117   в файле   80-249098528
На строке 20118   в файле   80-249098684
На строке 20119   в файле   80-249098865
На строке 20120   в файле   80-249098896
На строке 20121   в файле   80-249099326
На строке 20122   в файле   80-249099291
На строке 20123   в файле   80-249099443
На строке 20124   в файле   80-249099554
На строке 20125   в файле   80-249099572
На строке 20126   в файле   80-249099715
На строке 20127   в файле   80-249099872
На строке 20128   в файле   80-249099908
На строке 20129   в файле   80-249099929
На строке 20130   в файле   80-249100014
На строке 20131   в файле   80-252088491
На строке 20132   в файле   80-249100816
На строке 20133   в файле   80-252478773
На строке 20134   в файле   80-249101115
На строке 20135   в файле   80-249101128
На строке 20136   в файле   80-249101288
На строке 20137   в файле   80-249101450
На строке 20138   в файле   80-249101589
На строке 20139   в файле   80-249101493
На строке 20140   в файле   80-249101586
На строке 20141   в файле   80-249101814
На строке 20142   в файле   80-249101927
На строке 20143   в файле   80-249101938
На строке 20144   в файле   80-249102316
На строке 20145   в файле   80-249102140
На строке 20146   в файле   80-249102279
На строке 20147   в файле   80-249102473
На строке 20148   в файле   80-252479446
На строке 20149   в файле   80-250952842
На строке 20150   в файле   80-252088874
На строке 20151   в файле   80-249103426
На строке 20152   в файле   80-249104077
На строке 20153   в файле   80-249104233
На строке 20154   в файле   80-249104406
На строке 20155   в файле   80-249104441
На строке 20156   в файле   80-249104447
На строке 20157   в файле   80-249104435
На строке 20158   в файле   80-249104776
На строке 20159   в файле   80-249104921
На строке 20160   в файле   80-252479118
На строке 20161   в файле   80-252479401
На строке 20162   в файле   80-250953146
На строке 20163   в файле   80-250953041
На строке 20164   в файле   80-249106884
На строке 20165   в файле   80-250953245
На строке 20166   в файле   80-249108276
На строке 20167   в файле   80-249108825
На строке 20168   в файле   80-249109426
На строке 20169   в файле   80-250953240
На строке 20170   в файле   80-249110796
На строке 20171   в файле   80-249111809
На строке 20172   в файле   80-250953346
На строке 20173   в файле   80-249113915
На строке 20174   в файле   80-249114823
На строке 20175   в файле   80-249115088
На строке 20176   в файле   80-249115441
На строке 20177   в файле   80-249116531
На строке 20178   в файле   80-249116597
На строке 20179   в файле   80-252480125
На строке 20180   в файле   80-249120037
На строке 20181   в файле   80-249120041
На строке 20182   в файле   80-260324624
На строке 20183   в файле   80-260325195
На строке 20184   в файле   80-260325514
На строке 20185   в файле   80-260325814
На строке 20186   в файле   80-260326451
На строке 20187   в файле   80-260326400
На строке 20188   в файле   80-261182879
На строке 20189   в файле   80-260327148
На строке 20190   в файле   80-260327619
На строке 20191   в файле   80-260327809
На строке 20192   в файле   80-260328448
На строке 20193   в файле   80-260328816
На строке 20194   в файле   80-260329192
На строке 20195   в файле   80-260329362
На строке 20196   в файле   80-260330039
На строке 20197   в файле   80-260330307
На строке 20198   в файле   80-260330548
На строке 20199   в файле   80-260331102
На строке 20200   в файле   80-261266595
На строке 20201   в файле   80-260331868
На строке 20202   в файле   80-261182892
На строке 20203   в файле   80-260332716
На строке 20204   в файле   80-260332797
На строке 20205   в файле   80-260333348
На строке 20206   в файле   80-260333487
На строке 20207   в файле   80-260333859
На строке 20208   в файле   80-260334054
На строке 20209   в файле   80-260333607
На строке 20210   в файле   80-260334340
На строке 20211   в файле   80-260334315
На строке 20212   в файле   80-260335154
На строке 20213   в файле   80-260335461
На строке 20214   в файле   80-260336294
На строке 20215   в файле   80-260336563
На строке 20216   в файле   80-260336763
На строке 20217   в файле   80-260337571
На строке 20218   в файле   80-260338117
На строке 20219   в файле   80-260339144
На строке 20220   в файле   80-260339259
На строке 20221   в файле   80-260339665
На строке 20222   в файле   80-260340077
На строке 20223   в файле   80-260340563
На строке 20224   в файле   80-260341144
На строке 20225   в файле   80-260341249
На строке 20226   в файле   80-260341695
На строке 20227   в файле   80-249094971
На строке 20228   в файле   80-260321682
На строке 20229   в файле   80-260338698
На строке 20230   в файле   80-249104576
На строке 20231   в файле   80-249108291
На строке 20232   в файле   80-249116201
На строке 20233   в файле   80-249127154
На строке 20234   в файле   80-249137658
На строке 20235   в файле   80-249145124
На строке 20236   в файле   80-249155078
На строке 20237   в файле   80-252480816
На строке 20238   в файле   80-260338821
На строке 20239   в файле   80-260343806
На строке 20240   в файле   80-260345339
На строке 20241   в файле   80-260346474
На строке 20242   в файле   80-260346272
На строке 20243   в файле   80-260346572
На строке 20244   в файле   80-260346731
На строке 20245   в файле   80-260346780
На строке 20246   в файле   80-260347029
На строке 20247   в файле   80-260347074
На строке 20248   в файле   80-249104786
На строке 20249   в файле   80-249104815
На строке 20250   в файле   80-252479469
На строке 20251   в файле   80-250952764
На строке 20252   в файле   80-249105744
На строке 20253   в файле   80-249105916
На строке 20254   в файле   80-249105919
На строке 20255   в файле   80-250952867
На строке 20256   в файле   80-249106467
На строке 20257   в файле   80-250953042
На строке 20258   в файле   80-249108287
На строке 20259   в файле   80-249108816
На строке 20260   в файле   80-252480070
На строке 20261   в файле   80-249110549
На строке 20262   в файле   80-249111128
На строке 20263   в файле   80-249111499
На строке 20264   в файле   80-250953530
На строке 20265   в файле   80-249114292
На строке 20266   в файле   80-249114697
На строке 20267   в файле   80-249115599
На строке 20268   в файле   80-249116964
На строке 20269   в файле   80-249117127
На строке 20270   в файле   80-250953534
На строке 20271   в файле   80-252089302
На строке 20272   в файле   80-249120529
На строке 20273   в файле   80-249121042
На строке 20274   в файле   80-249121420
На строке 20275   в файле   80-250953851
На строке 20276   в файле   80-249124958
На строке 20277   в файле   80-249124907
На строке 20278   в файле   80-249127716
На строке 20279   в файле   80-249128440
На строке 20280   в файле   80-249129379
На строке 20281   в файле   80-249131513
На строке 20282   в файле   80-249132150
На строке 20283   в файле   80-249132275
На строке 20284   в файле   80-249133567
На строке 20285   в файле   80-250954246
На строке 20286   в файле   80-250954264
На строке 20287   в файле   80-252089519
На строке 20288   в файле   80-249137654
На строке 20289   в файле   80-249137645
На строке 20290   в файле   80-249139065
На строке 20291   в файле   80-249140490
На строке 20292   в файле   80-249140444
На строке 20293   в файле   80-249141987
На строке 20294   в файле   80-252480594
На строке 20295   в файле   80-249141281
На строке 20296   в файле   80-249143616
На строке 20297   в файле   80-249144336
На строке 20298   в файле   80-250954839
На строке 20299   в файле   80-250954827
На строке 20300   в файле   80-252576049
На строке 20301   в файле   80-249150927
На строке 20302   в файле   80-250954922
На строке 20303   в файле   80-249152330
На строке 20304   в файле   80-249152349
На строке 20305   в файле   80-249152247
На строке 20306   в файле   80-249152948
На строке 20307   в файле   80-249153166
На строке 20308   в файле   80-249155048
На строке 20309   в файле   80-249156606
На строке 20310   в файле   80-249156694
На строке 20311   в файле   80-249157415
На строке 20312   в файле   80-249158289
На строке 20313   в файле   80-249158296
На строке 20314   в файле   80-249159176
На строке 20315   в файле   80-249159805
На строке 20316   в файле   80-249159902
На строке 20317   в файле   80-249160668
На строке 20318   в файле   80-249162095
На строке 20319   в файле   80-250955435
На строке 20320   в файле   80-249165526
На строке 20321   в файле   80-249166273
На строке 20322   в файле   80-249168591
На строке 20323   в файле   80-249168056
На строке 20324   в файле   80-249169539
На строке 20325   в файле   80-249170254
На строке 20326   в файле   80-249171991
На строке 20327   в файле   80-249171840
На строке 20328   в файле   80-260339506
На строке 20329   в файле   80-260340152
На строке 20330   в файле   80-260340788
На строке 20331   в файле   80-260341310
На строке 20332   в файле   80-260341714
На строке 20333   в файле   80-260341863
На строке 20334   в файле   80-260342322
На строке 20335   в файле   80-260342764
На строке 20336   в файле   80-260343433
На строке 20337   в файле   80-260343266
На строке 20338   в файле   80-260343862
На строке 20339   в файле   80-260344236
На строке 20340   в файле   80-260344267
На строке 20341   в файле   80-260344286
На строке 20342   в файле   80-261183125
На строке 20343   в файле   80-260344745
На строке 20344   в файле   80-260344772
На строке 20345   в файле   80-260344875
На строке 20346   в файле   80-260344940
На строке 20347   в файле   80-260345275
На строке 20348   в файле   80-260345612
На строке 20349   в файле   80-260345765
На строке 20350   в файле   80-260346061
На строке 20351   в файле   80-249103214
На строке 20352   в файле   80-249103421
На строке 20353   в файле   80-249103723
На строке 20354   в файле   80-249103719
На строке 20355   в файле   80-249103745
На строке 20356   в файле   80-249103898
На строке 20357   в файле   80-249104046
На строке 20358   в файле   80-249104088
На строке 20359   в файле   80-250952684
На строке 20360   в файле   80-252479429
На строке 20361   в файле   80-260337723
На строке 20362   в файле   80-260358703
На строке 20363   в файле   80-252480756
На строке 20364   в файле   80-249161250
На строке 20365   в файле   80-249170342
На строке 20366   в файле   80-250955848
На строке 20367   в файле   80-249185357
На строке 20368   в файле   80-249188062
На строке 20369   в файле   80-252090873
На строке 20370   в файле   80-249193188
На строке 20371   в файле   80-260359061
На строке 20372   в файле   80-260360303
На строке 20373   в файле   80-260361805
На строке 20374   в файле   80-260362692
На строке 20375   в файле   80-260363831
На строке 20376   в файле   80-260363773
На строке 20377   в файле   80-260363741
На строке 20378   в файле   80-260363917
На строке 20379   в файле   80-260364482
На строке 20380   в файле   80-260364261
На строке 20381   в файле   80-252089825
На строке 20382   в файле   80-249151425
На строке 20383   в файле   80-250955022
На строке 20384   в файле   80-250955313
На строке 20385   в файле   80-249153591
На строке 20386   в файле   80-249155061
На строке 20387   в файле   80-249156062
На строке 20388   в файле   80-249156560
На строке 20389   в файле   80-249157639
На строке 20390   в файле   80-249158342
На строке 20391   в файле   80-249161958
На строке 20392   в файле   80-249161884
На строке 20393   в файле   80-250955445
На строке 20394   в файле   80-250955554
На строке 20395   в файле   80-250955639
На строке 20396   в файле   80-249166315
На строке 20397   в файле   80-249166358
На строке 20398   в файле   80-249166239
На строке 20399   в файле   80-249167885
На строке 20400   в файле   80-249167932
На строке 20401   в файле   80-249171974
На строке 20402   в файле   80-249170985
На строке 20403   в файле   80-249171756
На строке 20404   в файле   80-249173368
На строке 20405   в файле   80-249172402
На строке 20406   в файле   80-249173431
На строке 20407   в файле   80-250955841
На строке 20408   в файле   80-249174011
На строке 20409   в файле   80-249174580
На строке 20410   в файле   80-250955629
На строке 20411   в файле   80-250955861
На строке 20412   в файле   80-250956040
На строке 20413   в файле   80-250956044
На строке 20414   в файле   80-249179871
На строке 20415   в файле   80-249179820
На строке 20416   в файле   80-249181247
На строке 20417   в файле   80-249181309
На строке 20418   в файле   80-249182687
На строке 20419   в файле   80-249182619
На строке 20420   в файле   80-249184016
На строке 20421   в файле   80-249185443
На строке 20422   в файле   80-249185464
На строке 20423   в файле   80-249186186
На строке 20424   в файле   80-249186839
На строке 20425   в файле   80-249186047
На строке 20426   в файле   80-249186739
На строке 20427   в файле   80-249187987
На строке 20428   в файле   80-249188068
На строке 20429   в файле   80-249187452
На строке 20430   в файле   80-249188281
На строке 20431   в файле   80-252576768
На строке 20432   в файле   80-250956191
На строке 20433   в файле   80-250956247
На строке 20434   в файле   80-250956243
На строке 20435   в файле   80-252090310
На строке 20436   в файле   80-250956244
На строке 20437   в файле   80-252090518
На строке 20438   в файле   80-252090527
На строке 20439   в файле   80-252090543
На строке 20440   в файле   80-250956751
На строке 20441   в файле   80-252090846
На строке 20442   в файле   80-252090858
На строке 20443   в файле   80-249192256
На строке 20444   в файле   80-249192083
На строке 20445   в файле   80-249191996
На строке 20446   в файле   80-249192849
На строке 20447   в файле   80-249191896
На строке 20448   в файле   80-249192540
На строке 20449   в файле   80-252577410
На строке 20450   в файле   80-250956867
На строке 20451   в файле   80-250956948
На строке 20452   в файле   80-249196041
На строке 20453   в файле   80-249196828
На строке 20454   в файле   80-249196886
На строке 20455   в файле   80-249197381
На строке 20456   в файле   80-249198007
На строке 20457   в файле   80-249198054
На строке 20458   в файле   80-249198112
На строке 20459   в файле   80-249198716
На строке 20460   в файле   80-249199186
На строке 20461   в файле   80-260359001
На строке 20462   в файле   80-260359197
На строке 20463   в файле   80-260359717
На строке 20464   в файле   80-260359533
На строке 20465   в файле   80-260359757
На строке 20466   в файле   80-260360233
На строке 20467   в файле   80-260360107
На строке 20468   в файле   80-260360171
На строке 20469   в файле   80-260360211
На строке 20470   в файле   80-260360461
На строке 20471   в файле   80-260360927
На строке 20472   в файле   80-260360692
На строке 20473   в файле   80-260360802
На строке 20474   в файле   80-260360765
На строке 20475   в файле   80-260361080
На строке 20476   в файле   80-260360967
На строке 20477   в файле   80-260361496
На строке 20478   в файле   80-260361310
На строке 20479   в файле   80-260361335
На строке 20480   в файле   80-260361447
На строке 20481   в файле   80-260361637
На строке 20482   в файле   80-260362122
На строке 20483   в файле   80-260361881
На строке 20484   в файле   80-260361979
На строке 20485   в файле   80-260362079
На строке 20486   в файле   80-261183550
На строке 20487   в файле   80-260362312
На строке 20488   в файле   80-260362738
На строке 20489   в файле   80-260362611
На строке 20490   в файле   80-260362671
На строке 20491   в файле   80-260362605
На строке 20492   в файле   80-260362824
На строке 20493   в файле   80-260363232
На строке 20494   в файле   80-260363130
На строке 20495   в файле   80-260363192
На строке 20496   в файле   80-260363212
На строке 20497   в файле   80-260363221
На строке 20498   в файле   80-260363378
На строке 20499   в файле   80-260363884
На строке 20500   в файле   80-260363676
На строке 20501   в файле   80-216539774
На строке 20502   в файле   80-216541412
На строке 20503   в файле   80-216541432
На строке 20504   в файле   80-216543245
На строке 20505   в файле   80-216543954
На строке 20506   в файле   80-216544206
На строке 20507   в файле   80-216540051
На строке 20508   в файле   80-216540212
На строке 20509   в файле   80-216540215
На строке 20510   в файле   80-216540452
На строке 20511   в файле   80-216540696
На строке 20512   в файле   80-216540967
На строке 20513   в файле   80-216540933
На строке 20514   в файле   80-216541151
На строке 20515   в файле   80-216541152
На строке 20516   в файле   80-216541382
На строке 20517   в файле   80-216541458
На строке 20518   в файле   80-216542740
На строке 20519   в файле   80-216542770
На строке 20520   в файле   80-216543522
На строке 20521   в файле   80-216543566
На строке 20522   в файле   80-216544281
На строке 20523   в файле   80-216544209
На строке 20524   в файле   80-216544476
На строке 20525   в файле   80-216544486
На строке 20526   в файле   80-216545373
На строке 20527   в файле   80-216539563
На строке 20528   в файле   80-216539582
На строке 20529   в файле   80-216540488
На строке 20530   в файле   80-216542433
На строке 20531   в файле   80-216543265
На строке 20532   в файле   80-216544781
На строке 20533   в файле   80-216539526
На строке 20534   в файле   80-216689633
На строке 20535   в файле   80-216693177
На строке 20536   в файле   80-216693333
На строке 20537   в файле   80-216693404
На строке 20538   в файле   80-216693612
На строке 20539   в файле   80-216693615
На строке 20540   в файле   80-216693955
На строке 20541   в файле   80-216694406
На строке 20542   в файле   80-216694590
На строке 20543   в файле   80-216694644
На строке 20544   в файле   80-216696234
На строке 20545   в файле   80-216696149
На строке 20546   в файле   80-216696799
На строке 20547   в файле   80-216697124
На строке 20548   в файле   80-216837033
На строке 20549   в файле   80-216837237
На строке 20550   в файле   80-216837362
На строке 20551   в файле   80-216837946
На строке 20552   в файле   80-216823653
На строке 20553   в файле   80-216823656
На строке 20554   в файле   80-216824200
На строке 20555   в файле   80-216824293
На строке 20556   в файле   80-216837418
На строке 20557   в файле   80-216837571
На строке 20558   в файле   80-216837909
На строке 20559   в файле   80-216823628
На строке 20560   в файле   80-216823737
На строке 20561   в файле   80-216868494
На строке 20562   в файле   80-216868756
На строке 20563   в файле   80-216868596
На строке 20564   в файле   80-216868662
На строке 20565   в файле   80-260356625
На строке 20566   в файле   80-260769157
На строке 20567   в файле   80-243734332
На строке 20568   в файле   80-243753068
На строке 20569   в файле   80-243803484
На строке 20570   в файле   80-243814867
На строке 20571   в файле   80-249912644
На строке 20572   в файле   80-243817160
На строке 20573   в файле   80-243818006
На строке 20574   в файле   80-243819148
На строке 20575   в файле   80-260769058
На строке 20576   в файле   80-260769154
На строке 20577   в файле   80-261243739
На строке 20578   в файле   80-260769584
На строке 20579   в файле   80-260769298
На строке 20580   в файле   80-261275972
На строке 20581   в файле   80-260769700
На строке 20582   в файле   80-260769751
На строке 20583   в файле   80-260769570
На строке 20584   в файле   80-260770038
На строке 20585   в файле   80-243735178
На строке 20586   в файле   80-244564902
На строке 20587   в файле   80-249909081
На строке 20588   в файле   80-252223620
На строке 20589   в файле   80-243743570
На строке 20590   в файле   80-249909285
На строке 20591   в файле   80-243745060
На строке 20592   в файле   80-249909275
На строке 20593   в файле   80-243750077
На строке 20594   в файле   80-243752338
На строке 20595   в файле   80-243753814
На строке 20596   в файле   80-243756038
На строке 20597   в файле   80-243757350
На строке 20598   в файле   80-243768456
На строке 20599   в файле   80-243772477
На строке 20600   в файле   80-243788720
На строке 20601   в файле   80-249911233
На строке 20602   в файле   80-243799358
На строке 20603   в файле   80-243804578
На строке 20604   в файле   80-249911593
На строке 20605   в файле   80-252503293
На строке 20606   в файле   80-249911750
На строке 20607   в файле   80-243806930
На строке 20608   в файле   80-252230369
На строке 20609   в файле   80-243811173
На строке 20610   в файле   80-244583357
На строке 20611   в файле   80-244583567
На строке 20612   в файле   80-243814459
На строке 20613   в файле   80-243727137
На строке 20614   в файле   80-247094818
На строке 20615   в файле   80-247094812
На строке 20616   в файле   80-247098151
На строке 20617   в файле   80-247110012
На строке 20618   в файле   80-251801668
На строке 20619   в файле   80-247121673
На строке 20620   в файле   80-251803834
На строке 20621   в файле   80-247827620
На строке 20622   в файле   80-247834449
На строке 20623   в файле   80-251805277
На строке 20624   в файле   80-247835149
На строке 20625   в файле   80-260019676
На строке 20626   в файле   80-260019964
На строке 20627   в файле   80-260020293
На строке 20628   в файле   80-260020341
На строке 20629   в файле   80-260020614
На строке 20630   в файле   80-260020823
На строке 20631   в файле   80-247098251
На строке 20632   в файле   80-247101149
На строке 20633   в файле   80-251800633
На строке 20634   в файле   80-247101951
На строке 20635   в файле   80-247104272
На строке 20636   в файле   80-247104375
На строке 20637   в файле   80-247105903
На строке 20638   в файле   80-247106684
На строке 20639   в файле   80-251801179
На строке 20640   в файле   80-247107684
На строке 20641   в файле   80-247113330
На строке 20642   в файле   80-247114806
На строке 20643   в файле   80-247116760
На строке 20644   в файле   80-247116651
На строке 20645   в файле   80-247118360
На строке 20646   в файле   80-251802818
На строке 20647   в файле   80-251803305
На строке 20648   в файле   80-247119096
На строке 20649   в файле   80-247120047
На строке 20650   в файле   80-247120771
На строке 20651   в файле   80-247122322
На строке 20652   в файле   80-247123213
На строке 20653   в файле   80-247123984
На строке 20654   в файле   80-247125111
На строке 20655   в файле   80-247125647
На строке 20656   в файле   80-247127635
На строке 20657   в файле   80-247127327
На строке 20658   в файле   80-251803299
На строке 20659   в файле   80-252411803
На строке 20660   в файле   80-247130208
На строке 20661   в файле   80-247131946
На строке 20662   в файле   80-247131718
На строке 20663   в файле   80-247132624
На строке 20664   в файле   80-247132531
На строке 20665   в файле   80-247133504
На строке 20666   в файле   80-251804380
На строке 20667   в файле   80-251804138
На строке 20668   в файле   80-251804407
На строке 20669   в файле   80-251804539
На строке 20670   в файле   80-247827665
На строке 20671   в файле   80-251804768
На строке 20672   в файле   80-247829178
На строке 20673   в файле   80-247830786
На строке 20674   в файле   80-251804941
На строке 20675   в файле   80-247832073
На строке 20676   в файле   80-247832860
На строке 20677   в файле   80-247832877
На строке 20678   в файле   80-247833739
На строке 20679   в файле   80-247090441
На строке 20680   в файле   80-251799054
На строке 20681   в файле   80-260019159
На строке 20682   в файле   80-247110713
На строке 20683   в файле   80-251802534
На строке 20684   в файле   80-260322358
На строке 20685   в файле   80-252089218
На строке 20686   в файле   80-252089079
На строке 20687   в файле   80-249116387
На строке 20688   в файле   80-249127205
На строке 20689   в файле   80-249129324
На строке 20690   в файле   80-249130662
На строке 20691   в файле   80-249134027
На строке 20692   в файле   80-249139086
На строке 20693   в файле   80-249140529
На строке 20694   в файле   80-260322747
На строке 20695   в файле   80-260322990
На строке 20696   в файле   80-260323533
На строке 20697   в файле   80-260323961
На строке 20698   в файле   80-260324188
На строке 20699   в файле   80-260324788
На строке 20700   в файле   80-260325390
На строке 20701   в файле   80-260325565
На строке 20702   в файле   80-249108304
На строке 20703   в файле   80-249108595
На строке 20704   в файле   80-249109917
На строке 20705   в файле   80-249109990
На строке 20706   в файле   80-249111359
На строке 20707   в файле   80-252089191
На строке 20708   в файле   80-249113583
На строке 20709   в файле   80-249114727
На строке 20710   в файле   80-249115528
На строке 20711   в файле   80-249115481
На строке 20712   в файле   80-249117384
На строке 20713   в файле   80-250953643
На строке 20714   в файле   80-249120128
На строке 20715   в файле   80-249121466
На строке 20716   в файле   80-250953931
На строке 20717   в файле   80-250954032
На строке 20718   в файле   80-250954118
На строке 20719   в файле   80-249124943
На строке 20720   в файле   80-249126028
На строке 20721   в файле   80-249128184
На строке 20722   в файле   80-249105912
На строке 20723   в файле   80-249106394
На строке 20724   в файле   80-250952940
На строке 20725   в файле   80-260321274
На строке 20726   в файле   80-260323320
На строке 20727   в файле   80-260323731
На строке 20728   в файле   80-260324292
На строке 20729   в файле   80-249110831
На строке 20730   в файле   80-249115564
На строке 20731   в файле   80-249128313
На строке 20732   в файле   80-249129537
На строке 20733   в файле   80-252089517
На строке 20734   в файле   80-249132703
На строке 20735   в файле   80-250954428
На строке 20736   в файле   80-249139131
На строке 20737   в файле   80-250954638
На строке 20738   в файле   80-260338922
На строке 20739   в файле   80-249150804
На строке 20740   в файле   80-252090057
На строке 20741   в файле   80-249173048
На строке 20742   в файле   80-249179032
На строке 20743   в файле   80-249182717
На строке 20744   в файле   80-249184029
На строке 20745   в файле   80-249184700
На строке 20746   в файле   80-249184673
На строке 20747   в файле   80-260339484
На строке 20748   в файле   80-260339508
На строке 20749   в файле   80-260339701
На строке 20750   в файле   80-260340200
На строке 20751   в файле   80-260340509
На строке 20752   в файле   80-260340803
На строке 20753   в файле   80-260341845
На строке 20754   в файле   80-260342330
На строке 20755   в файле   80-260342820
На строке 20756   в файле   80-260342841
На строке 20757   в файле   80-260343374
На строке 20758   в файле   80-250955317
На строке 20759   в файле   80-250955119
На строке 20760   в файле   80-249155089
На строке 20761   в файле   80-249156669
На строке 20762   в файле   80-249158017
На строке 20763   в файле   80-249158875
На строке 20764   в файле   80-249159609
На строке 20765   в файле   80-249159807
На строке 20766   в файле   80-249160333
На строке 20767   в файле   80-250955241
На строке 20768   в файле   80-249161207
На строке 20769   в файле   80-249166388
На строке 20770   в файле   80-249167085
На строке 20771   в файле   80-249168595
На строке 20772   в файле   80-249168606
На строке 20773   в файле   80-249170275
На строке 20774   в файле   80-249169559
На строке 20775   в файле   80-249170260
На строке 20776   в файле   80-249171264
На строке 20777   в файле   80-250955508
На строке 20778   в файле   80-249173822
На строке 20779   в файле   80-249173338
На строке 20780   в файле   80-252090208
На строке 20781   в файле   80-249174790
На строке 20782   в файле   80-249174778
На строке 20783   в файле   80-249174635
На строке 20784   в файле   80-249175477
На строке 20785   в файле   80-252090283
На строке 20786   в файле   80-250955740
На строке 20787   в файле   80-250955947
На строке 20788   в файле   80-250956045
На строке 20789   в файле   80-249179816
На строке 20790   в файле   80-249180612
На строке 20791   в файле   80-249181261
На строке 20792   в файле   80-249146664
На строке 20793   в файле   80-261183274
На строке 20794   в файле   80-249181995
На строке 20795   в файле   80-249182593
На строке 20796   в файле   80-260348624
На строке 20797   в файле   80-249182606
На строке 20798   в файле   80-249184100
На строке 20799   в файле   80-249184106
На строке 20800   в файле   80-249185424
На строке 20801   в файле   80-252090059
На строке 20802   в файле   80-249186734
На строке 20803   в файле   80-249186825
На строке 20804   в файле   80-249187441
На строке 20805   в файле   80-260348782
На строке 20806   в файле   80-260349115
На строке 20807   в файле   80-260349039
На строке 20808   в файле   80-260349202
На строке 20809   в файле   80-260349684
На строке 20810   в файле   80-260349632
На строке 20811   в файле   80-260349628
На строке 20812   в файле   80-260349915
На строке 20813   в файле   80-260350017
На строке 20814   в файле   80-260350558
На строке 20815   в файле   80-249183336
На строке 20816   в файле   80-249179920
На строке 20817   в файле   80-249179915
На строке 20818   в файле   80-249181240
На строке 20819   в файле   80-249181294
На строке 20820   в файле   80-260347436
На строке 20821   в файле   80-260348452
На строке 20822   в файле   80-249201173
На строке 20823   в файле   80-249208504
На строке 20824   в файле   80-249211719
На строке 20825   в файле   80-249212356
На строке 20826   в файле   80-249213774
На строке 20827   в файле   80-252093229
На строке 20828   в файле   80-260357797
На строке 20829   в файле   80-260358746
На строке 20830   в файле   80-260359010
На строке 20831   в файле   80-260359190
На строке 20832   в файле   80-260359468
На строке 20833   в файле   80-260359680
На строке 20834   в файле   80-260359732
На строке 20835   в файле   80-252091123
На строке 20836   в файле   80-249198164
На строке 20837   в файле   80-250957425
На строке 20838   в файле   80-252091518
На строке 20839   в файле   80-249199847
На строке 20840   в файле   80-252577339
На строке 20841   в файле   80-250957510
На строке 20842   в файле   80-250957530
На строке 20843   в файле   80-252091396
На строке 20844   в файле   80-250957607
На строке 20845   в файле   80-249199719
На строке 20846   в файле   80-252091393
На строке 20847   в файле   80-250957700
На строке 20848   в файле   80-250957868
На строке 20849   в файле   80-252091685
На строке 20850   в файле   80-252091764
На строке 20851   в файле   80-252620161
На строке 20852   в файле   80-249202133
На строке 20853   в файле   80-249201920
На строке 20854   в файле   80-249202187
На строке 20855   в файле   80-249203521
На строке 20856   в файле   80-249203603
На строке 20857   в файле   80-249204402
На строке 20858   в файле   80-249204945
На строке 20859   в файле   80-249205884
На строке 20860   в файле   80-249206649
На строке 20861   в файле   80-249206555
На строке 20862   в файле   80-249209301
На строке 20863   в файле   80-252092268
На строке 20864   в файле   80-249210185
На строке 20865   в файле   80-249210305
На строке 20866   в файле   80-249210729
На строке 20867   в файле   80-249211662
На строке 20868   в файле   80-249214777
На строке 20869   в файле   80-249220354
На строке 20870   в файле   80-260356486
На строке 20871   в файле   80-261183754
На строке 20872   в файле   80-260356727
На строке 20873   в файле   80-260357109
На строке 20874   в файле   80-260357247
На строке 20875   в файле   80-260357205
На строке 20876   в файле   80-260357782
На строке 20877   в файле   80-260358468
На строке 20878   в файле   80-260358512
На строке 20879   в файле   80-260358727
На строке 20880   в файле   80-250956850
На строке 20881   в файле   80-249196730
На строке 20882   в файле   80-249196813
На строке 20883   в файле   80-249196874
На строке 20884   в файле   80-249197992
На строке 20885   в файле   80-252091122
На строке 20886   в файле   80-252091142
На строке 20887   в файле   80-249193449
На строке 20888   в файле   80-250956848
На строке 20889   в файле   80-260356284
На строке 20890   в файле   80-260359258
На строке 20891   в файле   80-250957521
На строке 20892   в файле   80-252091635
На строке 20893   в файле   80-252482438
На строке 20894   в файле   80-249202998
На строке 20895   в файле   80-249210121
На строке 20896   в файле   80-249220456
На строке 20897   в файле   80-260347791
На строке 20898   в файле   80-260365872
На строке 20899   в файле   80-249213169
На строке 20900   в файле   80-250960727
На строке 20901   в файле   80-252096000
На строке 20902   в файле   80-250962608
На строке 20903   в файле   80-250963659
На строке 20904   в файле   80-250964700
На строке 20905   в файле   80-250966001
На строке 20906   в файле   80-252099235
На строке 20907   в файле   80-260366203
На строке 20908   в файле   80-260367514
На строке 20909   в файле   80-260369970
На строке 20910   в файле   80-260375440
На строке 20911   в файле   80-260379659
На строке 20912   в файле   80-260382474
На строке 20913   в файле   80-260386121
На строке 20914   в файле   80-261186222
На строке 20915   в файле   80-261188985
На строке 20916   в файле   80-261190642
На строке 20917   в файле   80-249213668
На строке 20918   в файле   80-252619626
На строке 20919   в файле   80-249240098
На строке 20920   в файле   80-252483095
На строке 20921   в файле   80-250960175
На строке 20922   в файле   80-250960343
На строке 20923   в файле   80-252095058
На строке 20924   в файле   80-250960537
На строке 20925   в файле   80-250960519
На строке 20926   в файле   80-250960698
На строке 20927   в файле   80-252095381
На строке 20928   в файле   80-250960890
На строке 20929   в файле   80-252095380
На строке 20930   в файле   80-250961078
На строке 20931   в файле   80-250961137
На строке 20932   в файле   80-250961204
На строке 20933   в файле   80-252095754
На строке 20934   в файле   80-250961688
На строке 20935   в файле   80-250961779
На строке 20936   в файле   80-250961854
На строке 20937   в файле   80-252483780
На строке 20938   в файле   80-250962167
На строке 20939   в файле   80-250962134
На строке 20940   в файле   80-250962257
На строке 20941   в файле   80-250962343
На строке 20942   в файле   80-250962451
На строке 20943   в файле   80-250962505
На строке 20944   в файле   80-252483713
На строке 20945   в файле   80-250962648
На строке 20946   в файле   80-250962641
На строке 20947   в файле   80-252096445
На строке 20948   в файле   80-250962831
На строке 20949   в файле   80-250963025
На строке 20950   в файле   80-250963082
На строке 20951   в файле   80-250963182
На строке 20952   в файле   80-250963294
На строке 20953   в файле   80-252096699
На строке 20954   в файле   80-252096605
На строке 20955   в файле   80-250963486
На строке 20956   в файле   80-250963593
На строке 20957   в файле   80-252097077
На строке 20958   в файле   80-250963774
На строке 20959   в файле   80-250963968
На строке 20960   в файле   80-250963973
На строке 20961   в файле   80-252097214
На строке 20962   в файле   80-250964286
На строке 20963   в файле   80-250964289
На строке 20964   в файле   80-252097237
На строке 20965   в файле   80-250964527
На строке 20966   в файле   80-250964495
На строке 20967   в файле   80-252097475
На строке 20968   в файле   80-252097341
На строке 20969   в файле   80-250964954
На строке 20970   в файле   80-252097751
На строке 20971   в файле   80-252483783
На строке 20972   в файле   80-250965560
На строке 20973   в файле   80-252097842
На строке 20974   в файле   80-250965639
На строке 20975   в файле   80-250965769
На строке 20976   в файле   80-250965892
На строке 20977   в файле   80-250965983
На строке 20978   в файле   80-252098268
На строке 20979   в файле   80-252484187
На строке 20980   в файле   80-250966122
На строке 20981   в файле   80-250966410
На строке 20982   в файле   80-252484332
На строке 20983   в файле   80-250966628
На строке 20984   в файле   80-250966952
На строке 20985   в файле   80-250966910
На строке 20986   в файле   80-250967751
На строке 20987   в файле   80-250967805
На строке 20988   в файле   80-250967982
На строке 20989   в файле   80-252099589
На строке 20990   в файле   80-250968259
На строке 20991   в файле   80-250968347
На строке 20992   в файле   80-250968513
На строке 20993   в файле   80-250968689
На строке 20994   в файле   80-250968864
На строке 20995   в файле   80-250968892
На строке 20996   в файле   80-250968957
На строке 20997   в файле   80-260366297
На строке 20998   в файле   80-261184194
На строке 20999   в файле   80-260366505
На строке 21000   в файле   80-260366806
На строке 21001   в файле   80-260366931
На строке 21002   в файле   80-260366840
На строке 21003   в файле   80-260366808
На строке 21004   в файле   80-260367376
На строке 21005   в файле   80-260367043
На строке 21006   в файле   80-260367430
На строке 21007   в файле   80-260367588
На строке 21008   в файле   80-260367378
На строке 21009   в файле   80-260368416
На строке 21010   в файле   80-260367904
На строке 21011   в файле   80-260368423
На строке 21012   в файле   80-261184462
На строке 21013   в файле   80-260369121
На строке 21014   в файле   80-260369296
На строке 21015   в файле   80-260369710
На строке 21016   в файле   80-260369721
На строке 21017   в файле   80-260370173
На строке 21018   в файле   80-260370983
На строке 21019   в файле   80-260371288
На строке 21020   в файле   80-260371817
На строке 21021   в файле   80-260372248
На строке 21022   в файле   80-261184372
На строке 21023   в файле   80-261184425
На строке 21024   в файле   80-261184898
На строке 21025   в файле   80-260374548
На строке 21026   в файле   80-260375234
На строке 21027   в файле   80-260375766
На строке 21028   в файле   80-260376394
На строке 21029   в файле   80-260376868
На строке 21030   в файле   80-260377600
На строке 21031   в файле   80-261185095
На строке 21032   в файле   80-260377629
На строке 21033   в файле   80-260377959
На строке 21034   в файле   80-260378449
На строке 21035   в файле   80-260378998
На строке 21036   в файле   80-260378835
На строке 21037   в файле   80-261185174
На строке 21038   в файле   80-260380398
На строке 21039   в файле   80-260380029
На строке 21040   в файле   80-260380205
На строке 21041   в файле   80-260381449
На строке 21042   в файле   80-261185331
На строке 21043   в файле   80-260381243
На строке 21044   в файле   80-261185266
На строке 21045   в файле   80-260382149
На строке 21046   в файле   80-260382556
На строке 21047   в файле   80-260383530
На строке 21048   в файле   80-260383913
На строке 21049   в файле   80-260383524
На строке 21050   в файле   80-260384800
На строке 21051   в файле   80-261266926
На строке 21052   в файле   80-260384456
На строке 21053   в файле   80-261185672
На строке 21054   в файле   80-260385048
На строке 21055   в файле   80-260385901
На строке 21056   в файле   80-260385483
На строке 21057   в файле   80-260386056
На строке 21058   в файле   80-261185825
На строке 21059   в файле   80-261185604
На строке 21060   в файле   80-261185737
На строке 21061   в файле   80-260387964
На строке 21062   в файле   80-261185878
На строке 21063   в файле   80-261186005
На строке 21064   в файле   80-260389170
На строке 21065   в файле   80-261186070
На строке 21066   в файле   80-261186141
На строке 21067   в файле   80-261186292
На строке 21068   в файле   80-261186530
На строке 21069   в файле   80-261186556
На строке 21070   в файле   80-261186733
На строке 21071   в файле   80-261187453
На строке 21072   в файле   80-261187549
На строке 21073   в файле   80-261187956
На строке 21074   в файле   80-261267193
На строке 21075   в файле   80-261188349
На строке 21076   в файле   80-261188367
На строке 21077   в файле   80-261189431
На строке 21078   в файле   80-261189459
На строке 21079   в файле   80-261189616
На строке 21080   в файле   80-261189690
На строке 21081   в файле   80-261189855
На строке 21082   в файле   80-261190184
На строке 21083   в файле   80-260413343
На строке 21084   в файле   80-260413655
На строке 21085   в файле   80-260413994
На строке 21086   в файле   80-260415077
На строке 21087   в файле   80-261191025
На строке 21088   в файле   80-261191216
На строке 21089   в файле   80-260422070
На строке 21090   в файле   80-260422234
На строке 21091   в файле   80-260423493
На строке 21092   в файле   80-260426800
На строке 21093   в файле   80-260427978
На строке 21094   в файле   80-260428634
На строке 21095   в файле   80-260430381
На строке 21096   в файле   80-260431714
На строке 21097   в файле   80-250958222
На строке 21098   в файле   80-252092480
На строке 21099   в файле   80-252092727
На строке 21100   в файле   80-249219533
На строке 21101   в файле   80-252092660
На строке 21102   в файле   80-249220298
На строке 21103   в файле   80-252093098
На строке 21104   в файле   80-252092873
На строке 21105   в файле   80-252092953
На строке 21106   в файле   80-252093321
На строке 21107   в файле   80-252577428
На строке 21108   в файле   80-249233392
На строке 21109   в файле   80-252093464
На строке 21110   в файле   80-252093232
На строке 21111   в файле   80-250958532
На строке 21112   в файле   80-252093730
На строке 21113   в файле   80-249238980
На строке 21114   в файле   80-252093840
На строке 21115   в файле   80-249239543
На строке 21116   в файле   80-249240149
На строке 21117   в файле   80-249240754
На строке 21118   в файле   80-249241419
На строке 21119   в файле   80-252093827
На строке 21120   в файле   80-249241602
На строке 21121   в файле   80-250958816
На строке 21122   в файле   80-250958841
На строке 21123   в файле   80-250959067
На строке 21124   в файле   80-252094085
На строке 21125   в файле   80-250959057
На строке 21126   в файле   80-250959144
На строке 21127   в файле   80-250959260
На строке 21128   в файле   80-250959335
На строке 21129   в файле   80-250959434
На строке 21130   в файле   80-252094531
На строке 21131   в файле   80-252094775
На строке 21132   в файле   80-252094641
На строке 21133   в файле   80-250959867
На строке 21134   в файле   80-250959985
На строке 21135   в файле   80-250959984
На строке 21136   в файле   80-250960191
На строке 21137   в файле   80-250960250
На строке 21138   в файле   80-249202106
На строке 21139   в файле   80-249202145
На строке 21140   в файле   80-249203570
На строке 21141   в файле   80-249203584
На строке 21142   в файле   80-249204160
На строке 21143   в файле   80-249205149
На строке 21144   в файле   80-249205613
На строке 21145   в файле   80-249206344
На строке 21146   в файле   80-249207054
На строке 21147   в файле   80-249208492
На строке 21148   в файле   80-249208572
На строке 21149   в файле   80-249210025
На строке 21150   в файле   80-249210739
На строке 21151   в файле   80-249204952
На строке 21152   в файле   80-249207787
На строке 21153   в файле   80-252091875
На строке 21154   в файле   80-252091904
На строке 21155   в файле   80-252092261
На строке 21156   в файле   80-252577358
На строке 21157   в файле   80-260365605
На строке 21158   в файле   80-260368725
На строке 21159   в файле   80-249211843
На строке 21160   в файле   80-250963218
На строке 21161   в файле   80-250964284
На строке 21162   в файле   80-250965059
На строке 21163   в файле   80-252098103
На строке 21164   в файле   80-252099369
На строке 21165   в файле   80-250969194
На строке 21166   в файле   80-252101799
На строке 21167   в файле   80-260368760
На строке 21168   в файле   80-260373579
На строке 21169   в файле   80-260378015
На строке 21170   в файле   80-260381534
На строке 21171   в файле   80-260385052
На строке 21172   в файле   80-260389053
На строке 21173   в файле   80-261187176
На строке 21174   в файле   80-261189148
На строке 21175   в файле   80-261190812
На строке 21176   в файле   80-261191798
На строке 21177   в файле   80-249212153
На строке 21178   в файле   80-250958374
На строке 21179   в файле   80-249239550
На строке 21180   в файле   80-250959231
На строке 21181   в файле   80-252095051
На строке 21182   в файле   80-250961128
На строке 21183   в файле   80-250961965
На строке 21184   в файле   80-250962810
На строке 21185   в файле   80-250963021
На строке 21186   в файле   80-252096861
На строке 21187   в файле   80-250963215
На строке 21188   в файле   80-250963384
На строке 21189   в файле   80-250963386
На строке 21190   в файле   80-250963387
На строке 21191   в файле   80-252096707
На строке 21192   в файле   80-250963581
На строке 21193   в файле   80-250963575
На строке 21194   в файле   80-252096948
На строке 21195   в файле   80-250963773
На строке 21196   в файле   80-252096988
На строке 21197   в файле   80-250964283
На строке 21198   в файле   80-252483756
На строке 21199   в файле   80-250964505
На строке 21200   в файле   80-250964494
На строке 21201   в файле   80-250964717
На строке 21202   в файле   80-250964751
На строке 21203   в файле   80-250964735
На строке 21204   в файле   80-252097500
На строке 21205   в файле   80-250964929
На строке 21206   в файле   80-250964923
На строке 21207   в файле   80-252097602
На строке 21208   в файле   80-252097747
На строке 21209   в файле   80-250965467
На строке 21210   в файле   80-250965569
На строке 21211   в файле   80-250965582
На строке 21212   в файле   80-250965798
На строке 21213   в файле   80-250965804
На строке 21214   в файле   80-252098015
На строке 21215   в файле   80-252098013
На строке 21216   в файле   80-250966004
На строке 21217   в файле   80-250966203
На строке 21218   в файле   80-250966195
На строке 21219   в файле   80-250966315
На строке 21220   в файле   80-250966418
На строке 21221   в файле   80-250966502
На строке 21222   в файле   80-250966762
На строке 21223   в файле   80-250966814
На строке 21224   в файле   80-252098990
На строке 21225   в файле   80-252099132
На строке 21226   в файле   80-252099367
На строке 21227   в файле   80-250967728
На строке 21228   в файле   80-250967814
На строке 21229   в файле   80-250968167
На строке 21230   в файле   80-252099588
На строке 21231   в файле   80-250968354
На строке 21232   в файле   80-250968439
На строке 21233   в файле   80-250968517
На строке 21234   в файле   80-250968712
На строке 21235   в файле   80-252100090
На строке 21236   в файле   80-252100094
На строке 21237   в файле   80-250969404
На строке 21238   в файле   80-252100665
На строке 21239   в файле   80-250969567
На строке 21240   в файле   80-250969772
На строке 21241   в файле   80-252100937
На строке 21242   в файле   80-252486772
На строке 21243   в файле   80-250970328
На строке 21244   в файле   80-252486719
На строке 21245   в файле   80-252101386
На строке 21246   в файле   80-250970919
На строке 21247   в файле   80-250971007
На строке 21248   в файле   80-252486757
На строке 21249   в файле   80-250971437
На строке 21250   в файле   80-250971521
На строке 21251   в файле   80-252102039
На строке 21252   в файле   80-250971691
На строке 21253   в файле   80-252102190
На строке 21254   в файле   80-250971879
На строке 21255   в файле   80-252102411
На строке 21256   в файле   80-250972107
На строке 21257   в файле   80-260369044
На строке 21258   в файле   80-260369427
На строке 21259   в файле   80-260370137
На строке 21260   в файле   80-260370361
На строке 21261   в файле   80-260370547
На строке 21262   в файле   80-260370875
На строке 21263   в файле   80-260371502
На строке 21264   в файле   80-260372361
На строке 21265   в файле   80-261266751
На строке 21266   в файле   80-260372817
На строке 21267   в файле   80-260374005
На строке 21268   в файле   80-260374909
На строке 21269   в файле   80-260375596
На строке 21270   в файле   80-260375942
На строке 21271   в файле   80-260376485
На строке 21272   в файле   80-260376806
На строке 21273   в файле   80-261184684
На строке 21274   в файле   80-260377290
На строке 21275   в файле   80-261185044
На строке 21276   в файле   80-260378438
На строке 21277   в файле   80-261185380
На строке 21278   в файле   80-260378532
На строке 21279   в файле   80-260379358
На строке 21280   в файле   80-260378891
На строке 21281   в файле   80-260379657
На строке 21282   в файле   80-260379774
На строке 21283   в файле   80-260380658
На строке 21284   в файле   80-260380503
На строке 21285   в файле   80-260380742
На строке 21286   в файле   80-260381288
На строке 21287   в файле   80-261266718
На строке 21288   в файле   80-260381856
На строке 21289   в файле   80-260382054
На строке 21290   в файле   80-260382423
На строке 21291   в файле   80-260383176
На строке 21292   в файле   80-260383525
На строке 21293   в файле   80-260383521
На строке 21294   в файле   80-261185572
На строке 21295   в файле   80-260384466
На строке 21296   в файле   80-260384765
На строке 21297   в файле   80-260386491
На строке 21298   в файле   80-260386423
На строке 21299   в файле   80-260387372
На строке 21300   в файле   80-260387501
На строке 21301   в файле   80-260387069
На строке 21302   в файле   80-260387539
На строке 21303   в файле   80-260387933
На строке 21304   в файле   80-260389319
На строке 21305   в файле   80-260388522
На строке 21306   в файле   80-260389223
На строке 21307   в файле   80-260389666
На строке 21308   в файле   80-260390318
На строке 21309   в файле   80-260390188
На строке 21310   в файле   80-261186233
На строке 21311   в файле   80-261186731
На строке 21312   в файле   80-261186717
На строке 21313   в файле   80-261186974
На строке 21314   в файле   80-261186915
На строке 21315   в файле   80-261267187
На строке 21316   в файле   80-261186956
На строке 21317   в файле   80-261187331
На строке 21318   в файле   80-261187568
На строке 21319   в файле   80-261188001
На строке 21320   в файле   80-261188115
На строке 21321   в файле   80-261188446
На строке 21322   в файле   80-260404632
На строке 21323   в файле   80-261189082
На строке 21324   в файле   80-261188536
На строке 21325   в файле   80-261189428
На строке 21326   в файле   80-261188933
На строке 21327   в файле   80-261189745
На строке 21328   в файле   80-261189805
На строке 21329   в файле   80-261189992
На строке 21330   в файле   80-261190121
На строке 21331   в файле   80-260413355
На строке 21332   в файле   80-260413373
На строке 21333   в файле   80-260414789
На строке 21334   в файле   80-260414348
На строке 21335   в файле   80-261190620
На строке 21336   в файле   80-261190686
На строке 21337   в файле   80-261190955
На строке 21338   в файле   80-261190997
На строке 21339   в файле   80-261191074
На строке 21340   в файле   80-261191385
На строке 21341   в файле   80-261191401
На строке 21342   в файле   80-260422077
На строке 21343   в файле   80-260422542
На строке 21344   в файле   80-260423434
На строке 21345   в файле   80-260423455
На строке 21346   в файле   80-260423685
На строке 21347   в файле   80-260425217
На строке 21348   в файле   80-260428233
На строке 21349   в файле   80-261191825
На строке 21350   в файле   80-261191962
На строке 21351   в файле   80-260429707
На строке 21352   в файле   80-260429881
На строке 21353   в файле   80-260430853
На строке 21354   в файле   80-260432261
На строке 21355   в файле   80-260433126
На строке 21356   в файле   80-260434984
На строке 21357   в файле   80-249212149
На строке 21358   в файле   80-249213004
На строке 21359   в файле   80-249213298
На строке 21360   в файле   80-249213560
На строке 21361   в файле   80-249214696
На строке 21362   в файле   80-252092476
На строке 21363   в файле   80-250958308
На строке 21364   в файле   80-252092730
На строке 21365   в файле   80-249220362
На строке 21366   в файле   80-252092971
На строке 21367   в файле   80-252093477
На строке 21368   в файле   80-249232687
На строке 21369   в файле   80-249233352
На строке 21370   в файле   80-249233568
На строке 21371   в файле   80-249233315
На строке 21372   в файле   80-252619386
На строке 21373   в файле   80-252093562
На строке 21374   в файле   80-249238263
На строке 21375   в файле   80-249238940
На строке 21376   в файле   80-249238995
На строке 21377   в файле   80-249240494
На строке 21378   в файле   80-249240120
На строке 21379   в файле   80-249240729
На строке 21380   в файле   80-250958738
На строке 21381   в файле   80-252093952
На строке 21382   в файле   80-250958939
На строке 21383   в файле   80-250958838
На строке 21384   в файле   80-250959044
На строке 21385   в файле   80-252094083
На строке 21386   в файле   80-250959288
На строке 21387   в файле   80-252482834
На строке 21388   в файле   80-252094221
На строке 21389   в файле   80-252094523
На строке 21390   в файле   80-252483096
На строке 21391   в файле   80-250960065
На строке 21392   в файле   80-250959981
На строке 21393   в файле   80-252094902
На строке 21394   в файле   80-250960179
На строке 21395   в файле   80-250960377
На строке 21396   в файле   80-250960365
На строке 21397   в файле   80-252483101
На строке 21398   в файле   80-250960518
На строке 21399   в файле   80-250960461
На строке 21400   в файле   80-250960685
На строке 21401   в файле   80-250960640
На строке 21402   в файле   80-250960866
На строке 21403   в файле   80-250960960
На строке 21404   в файле   80-250960882
На строке 21405   в файле   80-252095217
На строке 21406   в файле   80-250961034
На строке 21407   в файле   80-252483405
На строке 21408   в файле   80-252095500
На строке 21409   в файле   80-252095619
На строке 21410   в файле   80-252483109
На строке 21411   в файле   80-252095656
На строке 21412   в файле   80-252095855
На строке 21413   в файле   80-250961772
На строке 21414   в файле   80-250961787
На строке 21415   в файле   80-252095872
На строке 21416   в файле   80-250961947
На строке 21417   в файле   80-250961945
На строке 21418   в файле   80-250962031
На строке 21419   в файле   80-250962158
На строке 21420   в файле   80-250962429
На строке 21421   в файле   80-250962374
На строке 21422   в файле   80-252096139
На строке 21423   в файле   80-252096114
На строке 21424   в файле   80-252096446
На строке 21425   в файле   80-250962718
На строке 21426   в файле   80-250962811
На строке 21427   в файле   80-250962913
На строке 21428   в файле   80-250963012
На строке 21429   в файле   80-249207025
На строке 21430   в файле   80-249208061
На строке 21431   в файле   80-249208756
На строке 21432   в файле   80-252092020
На строке 21433   в файле   80-252092429
На строке 21434   в файле   80-252092174
На строке 21435   в файле   80-261183965
На строке 21436   в файле   80-260371954
На строке 21437   в файле   80-252484398
На строке 21438   в файле   80-252099713
На строке 21439   в файле   80-250969383
На строке 21440   в файле   80-250970912
На строке 21441   в файле   80-250972175
На строке 21442   в файле   80-249244051
На строке 21443   в файле   80-249244422
На строке 21444   в файле   80-250973010
На строке 21445   в файле   80-260372150
На строке 21446   в файле   80-260372912
На строке 21447   в файле   80-260373167
На строке 21448   в файле   80-260373148
На строке 21449   в файле   80-260373335
На строке 21450   в файле   80-260373524
На строке 21451   в файле   80-260374243
На строке 21452   в файле   80-260375062
На строке 21453   в файле   80-261184812
На строке 21454   в файле   80-260377227
На строке 21455   в файле   80-252484832
На строке 21456   в файле   80-250967547
На строке 21457   в файле   80-250967630
На строке 21458   в файле   80-250967538
На строке 21459   в файле   80-252578934
На строке 21460   в файле   80-252099456
На строке 21461   в файле   80-250968057
На строке 21462   в файле   80-250968173
На строке 21463   в файле   80-250968153
На строке 21464   в файле   80-250968350
На строке 21465   в файле   80-252099854
На строке 21466   в файле   80-250968630
На строке 21467   в файле   80-250968866
На строке 21468   в файле   80-252099841
На строке 21469   в файле   80-252620170
На строке 21470   в файле   80-252579005
На строке 21471   в файле   80-250969200
На строке 21472   в файле   80-250969215
На строке 21473   в файле   80-252579830
На строке 21474   в файле   80-250969364
На строке 21475   в файле   80-250969578
На строке 21476   в файле   80-252100804
На строке 21477   в файле   80-252100816
На строке 21478   в файле   80-252486770
На строке 21479   в файле   80-250970202
На строке 21480   в файле   80-250970294
На строке 21481   в файле   80-252101264
На строке 21482   в файле   80-252101420
На строке 21483   в файле   80-252101540
На строке 21484   в файле   80-250970827
На строке 21485   в файле   80-252101710
На строке 21486   в файле   80-252101696
На строке 21487   в файле   80-250971101
На строке 21488   в файле   80-250971088
На строке 21489   в файле   80-252101945
На строке 21490   в файле   80-250971693
На строке 21491   в файле   80-250971525
На строке 21492   в файле   80-250971539
На строке 21493   в файле   80-250971596
На строке 21494   в файле   80-252102289
На строке 21495   в файле   80-250972372
На строке 21496   в файле   80-252102648
На строке 21497   в файле   80-252487740
На строке 21498   в файле   80-250972838
На строке 21499   в файле   80-250972839
На строке 21500   в файле   80-250966429
На строке 21501   в файле   80-250966812
На строке 21502   в файле   80-252484335
На строке 21503   в файле   80-260369113
На строке 21504   в файле   80-260370402
На строке 21505   в файле   80-250966625
На строке 21506   в файле   80-250966714
На строке 21507   в файле   80-252099128
На строке 21508   в файле   80-250967436
На строке 21509   в файле   80-250967559
На строке 21510   в файле   80-250967970
На строке 21511   в файле   80-250967973
На строке 21512   в файле   80-250968528
На строке 21513   в файле   80-250968691
На строке 21514   в файле   80-250968777
На строке 21515   в файле   80-252099994
На строке 21516   в файле   80-250969124
На строке 21517   в файле   80-250969481
На строке 21518   в файле   80-250969584
На строке 21519   в файле   80-250969283
На строке 21520   в файле   80-252486444
На строке 21521   в файле   80-250969641
На строке 21522   в файле   80-250969767
На строке 21523   в файле   80-250970293
На строке 21524   в файле   80-250969756
На строке 21525   в файле   80-252101100
На строке 21526   в файле   80-252101087
На строке 21527   в файле   80-250970412
На строке 21528   в файле   80-250970915
На строке 21529   в файле   80-250971106
На строке 21530   в файле   80-252102290
На строке 21531   в файле   80-250971941
На строке 21532   в файле   80-250972174
На строке 21533   в файле   80-250972359
На строке 21534   в файле   80-250971845
На строке 21535   в файле   80-252487166
На строке 21536   в файле   80-252102563
На строке 21537   в файле   80-252102861
На строке 21538   в файле   80-250972832
На строке 21539   в файле   80-252102957
На строке 21540   в файле   80-252103100
На строке 21541   в файле   80-249244405
На строке 21542   в файле   80-249244525
На строке 21543   в файле   80-250966215
На строке 21544   в файле   80-260366731
На строке 21545   в файле   80-261184580
На строке 21546   в файле   80-250972370
На строке 21547   в файле   80-252487417
На строке 21548   в файле   80-250973012
На строке 21549   в файле   80-250972923
На строке 21550   в файле   80-250972996
На строке 21551   в файле   80-249246272
На строке 21552   в файле   80-250971777
На строке 21553   в файле   80-250972285
На строке 21554   в файле   80-260376431
На строке 21555   в файле   80-261266783
На строке 21556   в файле   80-260372147
На строке 21557   в файле   80-250971860
На строке 21558   в файле   80-250972121
На строке 21559   в файле   80-252102535
На строке 21560   в файле   80-250972740
На строке 21561   в файле   80-252102860
На строке 21562   в файле   80-249244610
На строке 21563   в файле   80-252103099
На строке 21564   в файле   80-250973091
На строке 21565   в файле   80-260372773
На строке 21566   в файле   80-260374363
На строке 21567   в файле   80-260375965
На строке 21568   в файле   80-259155190
На строке 21569   в файле   80-260371414
На строке 21570   в файле   80-260481985
На строке 21571   в файле   80-249257625
На строке 21572   в файле   80-249305224
На строке 21573   в файле   80-249402906
На строке 21574   в файле   80-249446553
На строке 21575   в файле   80-249461240
На строке 21576   в файле   80-249463727
На строке 21577   в файле   80-249465934
На строке 21578   в файле   80-249469041
На строке 21579   в файле   80-261203644
На строке 21580   в файле   80-260484005
На строке 21581   в файле   80-261207856
На строке 21582   в файле   80-261208838
На строке 21583   в файле   80-261210651
На строке 21584   в файле   80-260499893
На строке 21585   в файле   80-260503593
На строке 21586   в файле   80-261214790
На строке 21587   в файле   80-260508788
На строке 21588   в файле   80-260510026
На строке 21589   в файле   80-249257764
На строке 21590   в файле   80-249262518
На строке 21591   в файле   80-249266414
На строке 21592   в файле   80-249269135
На строке 21593   в файле   80-249271983
На строке 21594   в файле   80-250976139
На строке 21595   в файле   80-249278272
На строке 21596   в файле   80-249285024
На строке 21597   в файле   80-249291204
На строке 21598   в файле   80-249297737
На строке 21599   в файле   80-249305197
На строке 21600   в файле   80-249310903
На строке 21601   в файле   80-249315053
На строке 21602   в файле   80-249319638
На строке 21603   в файле   80-252107263
На строке 21604   в файле   80-249363369
На строке 21605   в файле   80-249374341
На строке 21606   в файле   80-249386425
На строке 21607   в файле   80-249397098
На строке 21608   в файле   80-249402801
На строке 21609   в файле   80-249406443
На строке 21610   в файле   80-249409262
На строке 21611   в файле   80-250986042
На строке 21612   в файле   80-249422833
На строке 21613   в файле   80-249429308
На строке 21614   в файле   80-249434112
На строке 21615   в файле   80-249437737
На строке 21616   в файле   80-249440465
На строке 21617   в файле   80-250989704
На строке 21618   в файле   80-249446607
На строке 21619   в файле   80-249449431
На строке 21620   в файле   80-249452010
На строке 21621   в файле   80-249454426
На строке 21622   в файле   80-249456743
На строке 21623   в файле   80-249459141
На строке 21624   в файле   80-249459892
На строке 21625   в файле   80-249460187
На строке 21626   в файле   80-249460623
На строке 21627   в файле   80-249460821
На строке 21628   в файле   80-249461245
На строке 21629   в файле   80-250992342
На строке 21630   в файле   80-252491110
На строке 21631   в файле   80-249462069
На строке 21632   в файле   80-249462416
На строке 21633   в файле   80-249462806
На строке 21634   в файле   80-249462977
На строке 21635   в файле   80-249462996
На строке 21636   в файле   80-249463166
На строке 21637   в файле   80-249463342
На строке 21638   в файле   80-249464091
На строке 21639   в файле   80-249464135
На строке 21640   в файле   80-250992925
На строке 21641   в файле   80-250993657
На строке 21642   в файле   80-250993459
На строке 21643   в файле   80-250993386
На строке 21644   в файле   80-249465218
На строке 21645   в файле   80-249465253
На строке 21646   в файле   80-249465634
На строке 21647   в файле   80-249465929
На строке 21648   в файле   80-249466257
На строке 21649   в файле   80-249466625
На строке 21650   в файле   80-249466787
На строке 21651   в файле   80-249467314
На строке 21652   в файле   80-249467348
На строке 21653   в файле   80-249467533
На строке 21654   в файле   80-249468009
На строке 21655   в файле   80-250993956
На строке 21656   в файле   80-250993675
На строке 21657   в файле   80-249469167
На строке 21658   в файле   80-249469333
На строке 21659   в файле   80-249469679
На строке 21660   в файле   80-249469855
На строке 21661   в файле   80-249470034
На строке 21662   в файле   80-249470391
На строке 21663   в файле   80-250995525
На строке 21664   в файле   80-250995609
На строке 21665   в файле   80-250996087
На строке 21666   в файле   80-249473149
На строке 21667   в файле   80-261203973
На строке 21668   в файле   80-261203984
На строке 21669   в файле   80-261204878
На строке 21670   в файле   80-261204822
На строке 21671   в файле   80-261205640
На строке 21672   в файле   80-261205638
На строке 21673   в файле   80-261206011
На строке 21674   в файле   80-261206277
На строке 21675   в файле   80-261206695
На строке 21676   в файле   80-261206577
На строке 21677   в файле   80-260484794
На строке 21678   в файле   80-261207055
На строке 21679   в файле   80-260486137
На строке 21680   в файле   80-260486388
На строке 21681   в файле   80-260486589
На строке 21682   в файле   80-261207582
На строке 21683   в файле   80-261207586
На строке 21684   в файле   80-260487323
На строке 21685   в файле   80-260487353
На строке 21686   в файле   80-261207921
На строке 21687   в файле   80-260490400
На строке 21688   в файле   80-260490208
На строке 21689   в файле   80-260490299
На строке 21690   в файле   80-260490290
На строке 21691   в файле   80-260491394
На строке 21692   в файле   80-261208387
На строке 21693   в файле   80-260492606
На строке 21694   в файле   80-260492082
На строке 21695   в файле   80-260493129
На строке 21696   в файле   80-261209083
На строке 21697   в файле   80-261209343
На строке 21698   в файле   80-261209757
На строке 21699   в файле   80-261209522
На строке 21700   в файле   80-261209946
На строке 21701   в файле   80-261209924
На строке 21702   в файле   80-261210346
На строке 21703   в файле   80-261210526
На строке 21704   в файле   80-261211068
На строке 21705   в файле   80-261211145
На строке 21706   в файле   80-260494715
На строке 21707   в файле   80-260495796
На строке 21708   в файле   80-261211612
На строке 21709   в файле   80-260495842
На строке 21710   в файле   80-261211851
На строке 21711   в файле   80-261212185
На строке 21712   в файле   80-260498038
На строке 21713   в файле   80-261212237
На строке 21714   в файле   80-261212520
На строке 21715   в файле   80-260497813
На строке 21716   в файле   80-260501102
На строке 21717   в файле   80-260501865
На строке 21718   в файле   80-261212586
На строке 21719   в файле   80-260499638
На строке 21720   в файле   80-260501198
На строке 21721   в файле   80-260502613
На строке 21722   в файле   80-260502943
На строке 21723   в файле   80-260502763
На строке 21724   в файле   80-260503443
На строке 21725   в файле   80-261212978
На строке 21726   в файле   80-261213851
На строке 21727   в файле   80-260505429
На строке 21728   в файле   80-260504821
На строке 21729   в файле   80-261213594
На строке 21730   в файле   80-260505045
На строке 21731   в файле   80-260506656
На строке 21732   в файле   80-261214630
На строке 21733   в файле   80-260505436
На строке 21734   в файле   80-261213973
На строке 21735   в файле   80-261214409
На строке 21736   в файле   80-261214961
На строке 21737   в файле   80-260508121
На строке 21738   в файле   80-260506931
На строке 21739   в файле   80-260508478
На строке 21740   в файле   80-261215270
На строке 21741   в файле   80-260507688
На строке 21742   в файле   80-260507717
На строке 21743   в файле   80-260507674
На строке 21744   в файле   80-260508245
На строке 21745   в файле   80-261215390
На строке 21746   в файле   80-260509379
На строке 21747   в файле   80-260508991
На строке 21748   в файле   80-261215310
На строке 21749   в файле   80-261215591
На строке 21750   в файле   80-260509080
На строке 21751   в файле   80-261215580
На строке 21752   в файле   80-261215625
На строке 21753   в файле   80-261215965
На строке 21754   в файле   80-261215976
На строке 21755   в файле   80-260509669
На строке 21756   в файле   80-260510259
На строке 21757   в файле   80-260510677
На строке 21758   в файле   80-260510438
На строке 21759   в файле   80-260511298
На строке 21760   в файле   80-261216784
На строке 21761   в файле   80-261217280
На строке 21762   в файле   80-260510859
На строке 21763   в файле   80-260511716
На строке 21764   в файле   80-260511844
На строке 21765   в файле   80-249259199
На строке 21766   в файле   80-249259535
На строке 21767   в файле   80-249259576
На строке 21768   в файле   80-249260072
На строке 21769   в файле   80-249260089
На строке 21770   в файле   80-249260479
На строке 21771   в файле   80-249260528
На строке 21772   в файле   80-249261515
На строке 21773   в файле   80-250974126
На строке 21774   в файле   80-249261700
На строке 21775   в файле   80-252103698
На строке 21776   в файле   80-252103841
На строке 21777   в файле   80-249264030
На строке 21778   в файле   80-249264046
На строке 21779   в файле   80-249264440
На строке 21780   в файле   80-249265067
На строке 21781   в файле   80-249265602
На строке 21782   в файле   80-249265805
На строке 21783   в файле   80-249266011
На строке 21784   в файле   80-249266190
На строке 21785   в файле   80-249266418
На строке 21786   в файле   80-249266808
На строке 21787   в файле   80-249266746
На строке 21788   в файле   80-249267091
На строке 21789   в файле   80-249267300
На строке 21790   в файле   80-249267581
На строке 21791   в файле   80-252103977
На строке 21792   в файле   80-249268496
На строке 21793   в файле   80-249268771
На строке 21794   в файле   80-252488093
На строке 21795   в файле   80-249269541
На строке 21796   в файле   80-249269739
На строке 21797   в файле   80-249269927
На строке 21798   в файле   80-249270101
На строке 21799   в файле   80-249270325
На строке 21800   в файле   80-249270517
На строке 21801   в файле   80-249270944
На строке 21802   в файле   80-249271232
На строке 21803   в файле   80-249271400
На строке 21804   в файле   80-249271444
На строке 21805   в файле   80-249272207
На строке 21806   в файле   80-249272367
На строке 21807   в файле   80-250974979
На строке 21808   в файле   80-249272835
На строке 21809   в файле   80-250975329
На строке 21810   в файле   80-252104331
На строке 21811   в файле   80-249274054
На строке 21812   в файле   80-249274212
На строке 21813   в файле   80-252104618
На строке 21814   в файле   80-250975504
На строке 21815   в файле   80-250975993
На строке 21816   в файле   80-250976490
На строке 21817   в файле   80-252104480
На строке 21818   в файле   80-250976635
На строке 21819   в файле   80-249275207
На строке 21820   в файле   80-249275559
На строке 21821   в файле   80-250976787
На строке 21822   в файле   80-250977875
На строке 21823   в файле   80-250978050
На строке 21824   в файле   80-250978174
На строке 21825   в файле   80-250978368
На строке 21826   в файле   80-250978626
На строке 21827   в файле   80-252105799
На строке 21828   в файле   80-250979911
На строке 21829   в файле   80-250979785
На строке 21830   в файле   80-249281695
На строке 21831   в файле   80-250979920
На строке 21832   в файле   80-249282456
На строке 21833   в файле   80-252106058
На строке 21834   в файле   80-252488916
На строке 21835   в файле   80-249285056
На строке 21836   в файле   80-250980565
На строке 21837   в файле   80-249287313
На строке 21838   в файле   80-249287909
На строке 21839   в файле   80-249287838
На строке 21840   в файле   80-249288946
На строке 21841   в файле   80-249288838
На строке 21842   в файле   80-249289328
На строке 21843   в файле   80-249289930
На строке 21844   в файле   80-250980942
На строке 21845   в файле   80-249291287
На строке 21846   в файле   80-249291733
На строке 21847   в файле   80-249292304
На строке 21848   в файле   80-249292323
На строке 21849   в файле   80-249294005
На строке 21850   в файле   80-249293616
На строке 21851   в файле   80-249294646
На строке 21852   в файле   80-249294676
На строке 21853   в файле   80-252106560
На строке 21854   в файле   80-249297729
На строке 21855   в файле   80-249298754
На строке 21856   в файле   80-249298945
На строке 21857   в файле   80-249299911
На строке 21858   в файле   80-249299935
На строке 21859   в файле   80-249300019
На строке 21860   в файле   80-249300085
На строке 21861   в файле   80-249300554
На строке 21862   в файле   80-249301223
На строке 21863   в файле   80-249301284
На строке 21864   в файле   80-249302413
На строке 21865   в файле   80-249305289
На строке 21866   в файле   80-249306513
На строке 21867   в файле   80-249307911
На строке 21868   в файле   80-249308133
На строке 21869   в файле   80-249308082
На строке 21870   в файле   80-249309402
На строке 21871   в файле   80-250981801
На строке 21872   в файле   80-249309586
На строке 21873   в файле   80-249310177
На строке 21874   в файле   80-249310742
На строке 21875   в файле   80-249311009
На строке 21876   в файле   80-249311632
На строке 21877   в файле   80-249312169
На строке 21878   в файле   80-249312270
На строке 21879   в файле   80-249313016
На строке 21880   в файле   80-249313010
На строке 21881   в файле   80-249313571
На строке 21882   в файле   80-249313690
На строке 21883   в файле   80-249314374
На строке 21884   в файле   80-249314547
На строке 21885   в файле   80-249315191
На строке 21886   в файле   80-249316052
На строке 21887   в файле   80-249316095
На строке 21888   в файле   80-249316541
На строке 21889   в файле   80-249316631
На строке 21890   в файле   80-249317660
На строке 21891   в файле   80-249318087
На строке 21892   в файле   80-249318091
На строке 21893   в файле   80-249319089
На строке 21894   в файле   80-249319029
На строке 21895   в файле   80-249320610
На строке 21896   в файле   80-252488894
На строке 21897   в файле   80-252489603
На строке 21898   в файле   80-249325667
На строке 21899   в файле   80-249325607
На строке 21900   в файле   80-249327000
На строке 21901   в файле   80-249327807
На строке 21902   в файле   80-249327682
На строке 21903   в файле   80-249328679
На строке 21904   в файле   80-249329862
На строке 21905   в файле   80-249337732
На строке 21906   в файле   80-249339275
На строке 21907   в файле   80-252107488
На строке 21908   в файле   80-250982687
На строке 21909   в файле   80-249345503
На строке 21910   в файле   80-249347012
На строке 21911   в файле   80-249348450
На строке 21912   в файле   80-252489260
На строке 21913   в файле   80-249349912
На строке 21914   в файле   80-252108037
На строке 21915   в файле   80-252107955
На строке 21916   в файле   80-252489651
На строке 21917   в файле   80-249354633
На строке 21918   в файле   80-249355341
На строке 21919   в файле   80-252490213
На строке 21920   в файле   80-252108377
На строке 21921   в файле   80-249359758
На строке 21922   в файле   80-249360469
На строке 21923   в файле   80-249361187
На строке 21924   в файле   80-249361983
На строке 21925   в файле   80-249363209
На строке 21926   в файле   80-249363903
На строке 21927   в файле   80-249366016
На строке 21928   в файле   80-250983523
На строке 21929   в файле   80-252490217
На строке 21930   в файле   80-249370741
На строке 21931   в файле   80-249371434
На строке 21932   в файле   80-249372814
На строке 21933   в файле   80-249372912
На строке 21934   в файле   80-249374198
На строке 21935   в файле   80-249374821
На строке 21936   в файле   80-249375571
На строке 21937   в файле   80-249376926
На строке 21938   в файле   80-249377078
На строке 21939   в файле   80-249379089
На строке 21940   в файле   80-249378563
На строке 21941   в файле   80-249378663
На строке 21942   в файле   80-249380041
На строке 21943   в файле   80-250984034
На строке 21944   в файле   80-249384271
На строке 21945   в файле   80-249387800
На строке 21946   в файле   80-249388751
На строке 21947   в файле   80-249389410
На строке 21948   в файле   80-249390983
На строке 21949   в файле   80-249391766
На строке 21950   в файле   80-250984201
На строке 21951   в файле   80-252109707
На строке 21952   в файле   80-249395650
На строке 21953   в файле   80-249395597
На строке 21954   в файле   80-249396950
На строке 21955   в файле   80-249398383
На строке 21956   в файле   80-249398474
На строке 21957   в файле   80-249399095
На строке 21958   в файле   80-250985003
На строке 21959   в файле   80-249399830
На строке 21960   в файле   80-249399643
На строке 21961   в файле   80-249401587
На строке 21962   в файле   80-252490153
На строке 21963   в файле   80-249400867
На строке 21964   в файле   80-250985350
На строке 21965   в файле   80-249402959
На строке 21966   в файле   80-250985729
На строке 21967   в файле   80-250985359
На строке 21968   в файле   80-249404559
На строке 21969   в файле   80-249405126
На строке 21970   в файле   80-249405265
На строке 21971   в файле   80-249405146
На строке 21972   в файле   80-249405961
На строке 21973   в файле   80-249406415
На строке 21974   в файле   80-249406592
На строке 21975   в файле   80-249406620
На строке 21976   в файле   80-249406508
На строке 21977   в файле   80-249407218
На строке 21978   в файле   80-249407664
На строке 21979   в файле   80-249407787
На строке 21980   в файле   80-249407774
На строке 21981   в файле   80-249407943
На строке 21982   в файле   80-249407991
На строке 21983   в файле   80-249408570
На строке 21984   в файле   80-249409111
На строке 21985   в файле   80-249409217
На строке 21986   в файле   80-249410531
На строке 21987   в файле   80-250985710
На строке 21988   в файле   80-252109999
На строке 21989   в файле   80-249413143
На строке 21990   в файле   80-249413851
На строке 21991   в файле   80-249415079
На строке 21992   в файле   80-249416164
На строке 21993   в файле   80-249416208
На строке 21994   в файле   80-249416155
На строке 21995   в файле   80-250986053
На строке 21996   в файле   80-249419378
На строке 21997   в файле   80-249420015
На строке 21998   в файле   80-249420362
На строке 21999   в файле   80-249421285
На строке 22000   в файле   80-249421381
На строке 22001   в файле   80-249422246
На строке 22002   в файле   80-249422228
На строке 22003   в файле   80-252490801
На строке 22004   в файле   80-249423219
На строке 22005   в файле   80-249424311
На строке 22006   в файле   80-252110235
На строке 22007   в файле   80-249425186
На строке 22008   в файле   80-249426037
На строке 22009   в файле   80-249426045
На строке 22010   в файле   80-249426927
На строке 22011   в файле   80-249427373
На строке 22012   в файле   80-249427788
На строке 22013   в файле   80-249428566
На строке 22014   в файле   80-249429285
На строке 22015   в файле   80-249429634
На строке 22016   в файле   80-249430731
На строке 22017   в файле   80-249430773
На строке 22018   в файле   80-249431356
На строке 22019   в файле   80-249431723
На строке 22020   в файле   80-250988072
На строке 22021   в файле   80-249432061
На строке 22022   в файле   80-249432063
На строке 22023   в файле   80-250988052
На строке 22024   в файле   80-252110595
На строке 22025   в файле   80-249434721
На строке 22026   в файле   80-249434844
На строке 22027   в файле   80-249435304
На строке 22028   в файле   80-250988631
На строке 22029   в файле   80-250989076
На строке 22030   в файле   80-249436937
На строке 22031   в файле   80-249436961
На строке 22032   в файле   80-249437558
На строке 22033   в файле   80-249437520
На строке 22034   в файле   80-249437545
На строке 22035   в файле   80-249438098
На строке 22036   в файле   80-249438116
На строке 22037   в файле   80-249438354
На строке 22038   в файле   80-249438695
На строке 22039   в файле   80-249438930
На строке 22040   в файле   80-249439206
На строке 22041   в файле   80-249439204
На строке 22042   в файле   80-249439735
На строке 22043   в файле   80-249439977
На строке 22044   в файле   80-249440234
На строке 22045   в файле   80-250989096
На строке 22046   в файле   80-252491039
На строке 22047   в файле   80-250989321
На строке 22048   в файле   80-252110749
На строке 22049   в файле   80-249442415
На строке 22050   в файле   80-249442726
На строке 22051   в файле   80-249443208
На строке 22052   в файле   80-249442958
На строке 22053   в файле   80-249443510
На строке 22054   в файле   80-249443725
На строке 22055   в файле   80-249444332
На строке 22056   в файле   80-249444234
На строке 22057   в файле   80-249444557
На строке 22058   в файле   80-249444809
На строке 22059   в файле   80-249444916
На строке 22060   в файле   80-249445091
На строке 22061   в файле   80-250989504
На строке 22062   в файле   80-250989732
На строке 22063   в файле   80-250989960
На строке 22064   в файле   80-250990125
На строке 22065   в файле   80-249447104
На строке 22066   в файле   80-249447618
На строке 22067   в файле   80-250990131
На строке 22068   в файле   80-249447610
На строке 22069   в файле   80-249448092
На строке 22070   в файле   80-249448080
На строке 22071   в файле   80-249448300
На строке 22072   в файле   80-249448569
На строке 22073   в файле   80-249448831
На строке 22074   в файле   80-249449119
На строке 22075   в файле   80-249449508
На строке 22076   в файле   80-249449562
На строке 22077   в файле   80-249450057
На строке 22078   в файле   80-249449682
На строке 22079   в файле   80-249450053
На строке 22080   в файле   80-249450216
На строке 22081   в файле   80-249450567
На строке 22082   в файле   80-249450787
На строке 22083   в файле   80-250990587
На строке 22084   в файле   80-249451018
На строке 22085   в файле   80-249452318
На строке 22086   в файле   80-249452262
На строке 22087   в файле   80-249452584
На строке 22088   в файле   80-249452950
На строке 22089   в файле   80-252583325
На строке 22090   в файле   80-250991124
На строке 22091   в файле   80-250991372
На строке 22092   в файле   80-249453966
На строке 22093   в файле   80-249454185
На строке 22094   в файле   80-249454200
На строке 22095   в файле   80-249454620
На строке 22096   в файле   80-249454612
На строке 22097   в файле   80-250991762
На строке 22098   в файле   80-252111211
На строке 22099   в файле   80-249455930
На строке 22100   в файле   80-249455916
На строке 22101   в файле   80-249456279
На строке 22102   в файле   80-249456293
На строке 22103   в файле   80-249456424
На строке 22104   в файле   80-249456536
На строке 22105   в файле   80-249457023
На строке 22106   в файле   80-249457427
На строке 22107   в файле   80-249457423
На строке 22108   в файле   80-249457422
На строке 22109   в файле   80-249457820
На строке 22110   в файле   80-249458249
На строке 22111   в файле   80-250991956
На строке 22112   в файле   80-249458718
На строке 22113   в файле   80-249458708
На строке 22114   в файле   80-249458892
На строке 22115   в файле   80-249459317
На строке 22116   в файле   80-249256085
На строке 22117   в файле   80-249256299
На строке 22118   в файле   80-261202853
На строке 22119   в файле   80-249262113
На строке 22120   в файле   80-260086750
На строке 22121   в файле   80-248146421
На строке 22122   в файле   80-248150077
На строке 22123   в файле   80-252555450
На строке 22124   в файле   80-248157808
На строке 22125   в файле   80-248160489
На строке 22126   в файле   80-248160920
На строке 22127   в файле   80-251966819
На строке 22128   в файле   80-248162137
На строке 22129   в файле   80-260086989
На строке 22130   в файле   80-260087022
На строке 22131   в файле   80-260087111
На строке 22132   в файле   80-260087271
На строке 22133   в файле   80-260087365
На строке 22134   в файле   80-260087474
На строке 22135   в файле   80-260087574
На строке 22136   в файле   80-260087741
На строке 22137   в файле   80-260087797
На строке 22138   в файле   80-260087682
На строке 22139   в файле   80-248146631
На строке 22140   в файле   80-248146979
На строке 22141   в файле   80-251957767
На строке 22142   в файле   80-248147981
На строке 22143   в файле   80-248148396
На строке 22144   в файле   80-248149142
На строке 22145   в файле   80-248148853
На строке 22146   в файле   80-248149447
На строке 22147   в файле   80-248149585
На строке 22148   в файле   80-251959004
На строке 22149   в файле   80-251959421
На строке 22150   в файле   80-248150333
На строке 22151   в файле   80-248150676
На строке 22152   в файле   80-248150424
На строке 22153   в файле   80-248150959
На строке 22154   в файле   80-252434452
На строке 22155   в файле   80-251960798
На строке 22156   в файле   80-248153753
На строке 22157   в файле   80-251961288
На строке 22158   в файле   80-248154013
На строке 22159   в файле   80-248155228
На строке 22160   в файле   80-248155682
На строке 22161   в файле   80-248155677
На строке 22162   в файле   80-251963077
На строке 22163   в файле   80-251962386
На строке 22164   в файле   80-248156125
На строке 22165   в файле   80-251962841
На строке 22166   в файле   80-251963079
На строке 22167   в файле   80-252556166
На строке 22168   в файле   80-251963402
На строке 22169   в файле   80-248158067
На строке 22170   в файле   80-252436316
На строке 22171   в файле   80-248158693
На строке 22172   в файле   80-248159117
На строке 22173   в файле   80-248159152
На строке 22174   в файле   80-248159161
На строке 22175   в файле   80-248159587
На строке 22176   в файле   80-248159589
На строке 22177   в файле   80-248159993
На строке 22178   в файле   80-248160012
На строке 22179   в файле   80-251966353
На строке 22180   в файле   80-248145643
На строке 22181   в файле   80-260086672
На строке 22182   в файле   80-251363175
На строке 22183   в файле   80-261116004
На строке 22184   в файле   80-261193810
На строке 22185   в файле   80-249285028
На строке 22186   в файле   80-249293435
На строке 22187   в файле   80-249301156
На строке 22188   в файле   80-249305136
На строке 22189   в файле   80-249312224
На строке 22190   в файле   80-249318724
На строке 22191   в файле   80-249335484
На строке 22192   в файле   80-252108182
На строке 22193   в файле   80-261193920
На строке 22194   в файле   80-260456725
На строке 22195   в файле   80-260461926
На строке 22196   в файле   80-261196266
На строке 22197   в файле   80-261198245
На строке 22198   в файле   80-261277428
На строке 22199   в файле   80-260468720
На строке 22200   в файле   80-261198288
На строке 22201   в файле   80-260468422
На строке 22202   в файле   80-261198627
На строке 22203   в файле   80-250980528
На строке 22204   в файле   80-250980516
На строке 22205   в файле   80-252488941
На строке 22206   в файле   80-249287847
На строке 22207   в файле   80-249288839
На строке 22208   в файле   80-249289848
На строке 22209   в файле   80-249290799
На строке 22210   в файле   80-249291237
На строке 22211   в файле   80-249291242
На строке 22212   в файле   80-249292397
На строке 22213   в файле   80-249293642
На строке 22214   в файле   80-252106421
На строке 22215   в файле   80-252106284
На строке 22216   в файле   80-250981809
На строке 22217   в файле   80-249297665
На строке 22218   в файле   80-249298215
На строке 22219   в файле   80-249298803
На строке 22220   в файле   80-249298859
На строке 22221   в файле   80-249299368
На строке 22222   в файле   80-249299879
На строке 22223   в файле   80-249301206
На строке 22224   в файле   80-249301310
На строке 22225   в файле   80-249302434
На строке 22226   в файле   80-249302460
На строке 22227   в файле   80-249302513
На строке 22228   в файле   80-249303775
На строке 22229   в файле   80-249303760
На строке 22230   в файле   80-249303803
На строке 22231   в файле   80-249303875
На строке 22232   в файле   80-249304530
На строке 22233   в файле   80-249305901
На строке 22234   в файле   80-249306657
На строке 22235   в файле   80-249306762
На строке 22236   в файле   80-249307279
На строке 22237   в файле   80-249308045
На строке 22238   в файле   80-249308778
На строке 22239   в файле   80-249309580
На строке 22240   в файле   80-249309508
На строке 22241   в файле   80-249310249
На строке 22242   в файле   80-249310809
На строке 22243   в файле   80-249312460
На строке 22244   в файле   80-249313606
На строке 22245   в файле   80-249314639
На строке 22246   в файле   80-249315057
На строке 22247   в файле   80-249316123
На строке 22248   в файле   80-249316552
На строке 22249   в файле   80-249317585
На строке 22250   в файле   80-249317536
На строке 22251   в файле   80-252106673
На строке 22252   в файле   80-249319061
На строке 22253   в файле   80-249320570
На строке 22254   в файле   80-249320470
На строке 22255   в файле   80-252106811
На строке 22256   в файле   80-249325628
На строке 22257   в файле   80-249326340
На строке 22258   в файле   80-249327235
На строке 22259   в файле   80-249329086
На строке 22260   в файле   80-249330116
На строке 22261   в файле   80-249330590
На строке 22262   в файле   80-249331615
На строке 22263   в файле   80-249336365
На строке 22264   в файле   80-249337101
На строке 22265   в файле   80-252489622
На строке 22266   в файле   80-250982562
На строке 22267   в файле   80-252107348
На строке 22268   в файле   80-249345287
На строке 22269   в файле   80-249345384
На строке 22270   в файле   80-249348285
На строке 22271   в файле   80-249347738
На строке 22272   в файле   80-252107722
На строке 22273   в файле   80-252108145
На строке 22274   в файле   80-249355247
На строке 22275   в файле   80-249356632
На строке 22276   в файле   80-249356667
На строке 22277   в файле   80-250983364
На строке 22278   в файле   80-249360396
На строке 22279   в файле   80-249362422
На строке 22280   в файле   80-252109196
На строке 22281   в файле   80-249363750
На строке 22282   в файле   80-249365100
На строке 22283   в файле   80-261193997
На строке 22284   в файле   80-261194055
На строке 22285   в файле   80-260455906
На строке 22286   в файле   80-261194136
На строке 22287   в файле   80-261194267
На строке 22288   в файле   80-261194396
На строке 22289   в файле   80-261194449
На строке 22290   в файле   80-260456299
На строке 22291   в файле   80-261194912
На строке 22292   в файле   80-261194760
На строке 22293   в файле   80-261194810
На строке 22294   в файле   80-260458068
На строке 22295   в файле   80-260458564
На строке 22296   в файле   80-260459059
На строке 22297   в файле   80-261194919
На строке 22298   в файле   80-260459776
На строке 22299   в файле   80-260460566
На строке 22300   в файле   80-261195325
На строке 22301   в файле   80-261195278
На строке 22302   в файле   80-260461857
На строке 22303   в файле   80-260461936
На строке 22304   в файле   80-261195355
На строке 22305   в файле   80-260463749
На строке 22306   в файле   80-260463576
На строке 22307   в файле   80-260464969
На строке 22308   в файле   80-261195672
На строке 22309   в файле   80-261196745
На строке 22310   в файле   80-261267199
На строке 22311   в файле   80-261196097
На строке 22312   в файле   80-261196924
На строке 22313   в файле   80-261197243
На строке 22314   в файле   80-260467194
На строке 22315   в файле   80-261197662
На строке 22316   в файле   80-261198101
На строке 22317   в файле   80-261197791
На строке 22318   в файле   80-249280817
На строке 22319   в файле   80-249281219
На строке 22320   в файле   80-249282189
На строке 22321   в файле   80-250979605
На строке 22322   в файле   80-250980211
На строке 22323   в файле   80-250980215
На строке 22324   в файле   80-252105248
На строке 22325   в файле   80-252105492
На строке 22326   в файле   80-252488655
На строке 22327   в файле   80-260454636
На строке 22328   в файле   80-261192577
На строке 22329   в файле   80-252103599
На строке 22330   в файле   80-252487442
На строке 22331   в файле   80-249262547
На строке 22332   в файле   80-249266940
На строке 22333   в файле   80-250974897
На строке 22334   в файле   80-252104743
На строке 22335   в файле   80-249282479
На строке 22336   в файле   80-249292250
На строке 22337   в файле   80-260438036
На строке 22338   в файле   80-260441363
На строке 22339   в файле   80-260442479
На строке 22340   в файле   80-260446975
На строке 22341   в файле   80-261193692
На строке 22342   в файле   80-260453331
На строке 22343   в файле   80-260453665
На строке 22344   в файле   80-260454335
На строке 22345   в файле   80-260454947
На строке 22346   в файле   80-261194213
На строке 22347   в файле   80-249254543
На строке 22348   в файле   80-249254790
На строке 22349   в файле   80-249255152
На строке 22350   в файле   80-249255604
На строке 22351   в файле   80-249255893
На строке 22352   в файле   80-249256125
На строке 22353   в файле   80-249256121
На строке 22354   в файле   80-250973887
На строке 22355   в файле   80-249256742
На строке 22356   в файле   80-249257188
На строке 22357   в файле   80-249258986
На строке 22358   в файле   80-249259170
На строке 22359   в файле   80-249259611
На строке 22360   в файле   80-249260073
На строке 22361   в файле   80-249260476
На строке 22362   в файле   80-249260500
На строке 22363   в файле   80-249260866
На строке 22364   в файле   80-249261584
На строке 22365   в файле   80-249262000
На строке 22366   в файле   80-249262168
На строке 22367   в файле   80-249262946
На строке 22368   в файле   80-250974207
На строке 22369   в файле   80-249264027
На строке 22370   в файле   80-249264404
На строке 22371   в файле   80-249264826
На строке 22372   в файле   80-249265208
На строке 22373   в файле   80-249265609
На строке 22374   в файле   80-249266007
На строке 22375   в файле   80-249266391
На строке 22376   в файле   80-249266399
На строке 22377   в файле   80-249267098
На строке 22378   в файле   80-249267162
На строке 22379   в файле   80-250974775
На строке 22380   в файле   80-249268751
На строке 22381   в файле   80-249269160
На строке 22382   в файле   80-249269532
На строке 22383   в файле   80-249269963
На строке 22384   в файле   80-249269921
На строке 22385   в файле   80-249270206
На строке 22386   в файле   80-249270750
На строке 22387   в файле   80-249272339
На строке 22388   в файле   80-249272402
На строке 22389   в файле   80-249272923
На строке 22390   в файле   80-250975044
На строке 22391   в файле   80-250975328
На строке 22392   в файле   80-249274194
На строке 22393   в файле   80-249274481
На строке 22394   в файле   80-249274494
На строке 22395   в файле   80-250976344
На строке 22396   в файле   80-252488150
На строке 22397   в файле   80-252488070
На строке 22398   в файле   80-250976978
На строке 22399   в файле   80-252104992
На строке 22400   в файле   80-249277922
На строке 22401   в файле   80-249278327
На строке 22402   в файле   80-252105525
На строке 22403   в файле   80-250979417
На строке 22404   в файле   80-252105763
На строке 22405   в файле   80-249280801
На строке 22406   в файле   80-250979912
На строке 22407   в файле   80-250980214
На строке 22408   в файле   80-249284615
На строке 22409   в файле   80-249285180
На строке 22410   в файле   80-250980355
На строке 22411   в файле   80-249287884
На строке 22412   в файле   80-249288935
На строке 22413   в файле   80-249290262
На строке 22414   в файле   80-249289920
На строке 22415   в файле   80-249290266
На строке 22416   в файле   80-249291203
На строке 22417   в файле   80-249292355
На строке 22418   в файле   80-249292771
На строке 22419   в файле   80-249293485
На строке 22420   в файле   80-249293917
На строке 22421   в файле   80-252106550
На строке 22422   в файле   80-250981694
На строке 22423   в файле   80-249297121
На строке 22424   в файле   80-249297732
На строке 22425   в файле   80-249297657
На строке 22426   в файле   80-249298874
На строке 22427   в файле   80-261192846
На строке 22428   в файле   80-260439648
На строке 22429   в файле   80-260438804
На строке 22430   в файле   80-260439656
На строке 22431   в файле   80-260439773
На строке 22432   в файле   80-260439624
На строке 22433   в файле   80-261193080
На строке 22434   в файле   80-260440387
На строке 22435   в файле   80-260440532
На строке 22436   в файле   80-260441186
На строке 22437   в файле   80-260441513
На строке 22438   в файле   80-260441171
На строке 22439   в файле   80-260441900
На строке 22440   в файле   80-261193023
На строке 22441   в файле   80-261192881
На строке 22442   в файле   80-260442689
На строке 22443   в файле   80-261193182
На строке 22444   в файле   80-260442889
На строке 22445   в файле   80-261193107
На строке 22446   в файле   80-260442456
На строке 22447   в файле   80-260443942
На строке 22448   в файле   80-260443250
На строке 22449   в файле   80-260444573
На строке 22450   в файле   80-260443292
На строке 22451   в файле   80-260444213
На строке 22452   в файле   80-260443938
На строке 22453   в файле   80-260445275
На строке 22454   в файле   80-260445129
На строке 22455   в файле   80-261193327
На строке 22456   в файле   80-260445587
На строке 22457   в файле   80-260445974
На строке 22458   в файле   80-260447107
На строке 22459   в файле   80-260448408
На строке 22460   в файле   80-260447527
На строке 22461   в файле   80-260448505
На строке 22462   в файле   80-261193602
На строке 22463   в файле   80-260448124
На строке 22464   в файле   80-260448963
На строке 22465   в файле   80-260449128
На строке 22466   в файле   80-260450131
На строке 22467   в файле   80-261193749
На строке 22468   в файле   80-260451429
На строке 22469   в файле   80-260451660
На строке 22470   в файле   80-260452410
На строке 22471   в файле   80-260452320
На строке 22472   в файле   80-249248917
На строке 22473   в файле   80-249249165
На строке 22474   в файле   80-249249379
На строке 22475   в файле   80-249249906
На строке 22476   в файле   80-249250054
На строке 22477   в файле   80-249250408
На строке 22478   в файле   80-250973174
На строке 22479   в файле   80-250973176
На строке 22480   в файле   80-250973192
На строке 22481   в файле   80-252103190
На строке 22482   в файле   80-260437360
На строке 22483   в файле   80-261191910
На строке 22484   в файле   80-252487433
На строке 22485   в файле   80-249258022
На строке 22486   в файле   80-249264042
На строке 22487   в файле   80-249267317
На строке 22488   в файле   80-249270829
На строке 22489   в файле   80-250975822
На строке 22490   в файле   80-249278321
На строке 22491   в файле   80-250980071
На строке 22492   в файле   80-261191830
На строке 22493   в файле   80-260429668
На строке 22494   в файле   80-260430141
На строке 22495   в файле   80-260431029
На строке 22496   в файле   80-261192275
На строке 22497   в файле   80-261192413
На строке 22498   в файле   80-260432480
На строке 22499   в файле   80-260433142
На строке 22500   в файле   80-260434067
На строке 22501   в файле   80-260435117
На строке 22502   в файле   80-249254515
На строке 22503   в файле   80-249255619
На строке 22504   в файле   80-249255596
На строке 22505   в файле   80-249255826
На строке 22506   в файле   80-249256536
На строке 22507   в файле   80-249256504
На строке 22508   в файле   80-249257016
На строке 22509   в файле   80-249257142
На строке 22510   в файле   80-249257145
На строке 22511   в файле   80-249257290
На строке 22512   в файле   80-250974057
На строке 22513   в файле   80-249259179
На строке 22514   в файле   80-249259605
На строке 22515   в файле   80-249260070
На строке 22516   в файле   80-249260962
На строке 22517   в файле   80-249261310
На строке 22518   в файле   80-249262286
На строке 22519   в файле   80-252103566
На строке 22520   в файле   80-249262961
На строке 22521   в файле   80-249263775
На строке 22522   в файле   80-249264469
На строке 22523   в файле   80-249264829
На строке 22524   в файле   80-249265209
На строке 22525   в файле   80-249265233
На строке 22526   в файле   80-249265467
На строке 22527   в файле   80-249265603
На строке 22528   в файле   80-249266040
На строке 22529   в файле   80-249266410
На строке 22530   в файле   80-249266720
На строке 22531   в файле   80-249266776
На строке 22532   в файле   80-252579623
На строке 22533   в файле   80-250974696
На строке 22534   в файле   80-250974765
На строке 22535   в файле   80-249269105
На строке 22536   в файле   80-252104079
На строке 22537   в файле   80-249269557
На строке 22538   в файле   80-249269716
На строке 22539   в файле   80-252104096
На строке 22540   в файле   80-250974915
На строке 22541   в файле   80-249270367
На строке 22542   в файле   80-249271420
На строке 22543   в файле   80-249271359
На строке 22544   в файле   80-249271984
На строке 22545   в файле   80-249271988
На строке 22546   в файле   80-252104356
На строке 22547   в файле   80-249272780
На строке 22548   в файле   80-252104201
На строке 22549   в файле   80-250975207
На строке 22550   в файле   80-250975498
На строке 22551   в файле   80-250975047
На строке 22552   в файле   80-249274196
На строке 22553   в файле   80-249274347
На строке 22554   в файле   80-250975671
На строке 22555   в файле   80-250976151
На строке 22556   в файле   80-252104612
На строке 22557   в файле   80-250976641
На строке 22558   в файле   80-252104875
На строке 22559   в файле   80-249275806
На строке 22560   в файле   80-250976934
На строке 22561   в файле   80-250978063
На строке 22562   в файле   80-252105390
На строке 22563   в файле   80-250978493
На строке 22564   в файле   80-252105678
На строке 22565   в файле   80-250979603
На строке 22566   в файле   80-249281519
На строке 22567   в файле   80-249249396
На строке 22568   в файле   80-250973355
На строке 22569   в файле   80-250973516
На строке 22570   в файле   80-261191534
На строке 22571   в файле   80-261191076
На строке 22572   в файле   80-249254530
На строке 22573   в файле   80-249256901
На строке 22574   в файле   80-249260267
На строке 22575   в файле   80-249264202
На строке 22576   в файле   80-249267378
На строке 22577   в файле   80-249269953
На строке 22578   в файле   80-249272342
На строке 22579   в файле   80-249272719
На строке 22580   в файле   80-260422051
На строке 22581   в файле   80-261191664
На строке 22582   в файле   80-260424214
На строке 22583   в файле   80-260424276
На строке 22584   в файле   80-260426709
На строке 22585   в файле   80-260427182
На строке 22586   в файле   80-260428046
На строке 22587   в файле   80-260428303
На строке 22588   в файле   80-261192190
На строке 22589   в файле   80-260431696
На строке 22590   в файле   80-249255184
На строке 22591   в файле   80-249254991
На строке 22592   в файле   80-249254996
На строке 22593   в файле   80-249255183
На строке 22594   в файле   80-249255428
На строке 22595   в файле   80-249255607
На строке 22596   в файле   80-249256079
На строке 22597   в файле   80-249256297
На строке 22598   в файле   80-249256594
На строке 22599   в файле   80-249256704
На строке 22600   в файле   80-249257636
На строке 22601   в файле   80-249257591
На строке 22602   в файле   80-249257560
На строке 22603   в файле   80-250974087
На строке 22604   в файле   80-249258032
На строке 22605   в файле   80-252103454
На строке 22606   в файле   80-249259175
На строке 22607   в файле   80-250974048
На строке 22608   в файле   80-249259575
На строке 22609   в файле   80-249259737
На строке 22610   в файле   80-249260947
На строке 22611   в файле   80-249260833
На строке 22612   в файле   80-249261319
На строке 22613   в файле   80-249261277
На строке 22614   в файле   80-249261704
На строке 22615   в файле   80-249262122
На строке 22616   в файле   80-249261855
На строке 22617   в файле   80-249262563
На строке 22618   в файле   80-249262712
На строке 22619   в файле   80-250974245
На строке 22620   в файле   80-249264476
На строке 22621   в файле   80-249264633
На строке 22622   в файле   80-249264806
На строке 22623   в файле   80-249264835
На строке 22624   в файле   80-249265218
На строке 22625   в файле   80-249265629
На строке 22626   в файле   80-249266018
На строке 22627   в файле   80-249266006
На строке 22628   в файле   80-249266577
На строке 22629   в файле   80-249266729
На строке 22630   в файле   80-249267526
На строке 22631   в файле   80-249267586
На строке 22632   в файле   80-250974778
На строке 22633   в файле   80-249268761
На строке 22634   в файле   80-249268749
На строке 22635   в файле   80-249268747
На строке 22636   в файле   80-249269110
На строке 22637   в файле   80-249269344
На строке 22638   в файле   80-249269330
На строке 22639   в файле   80-249269531
На строке 22640   в файле   80-249270538
На строке 22641   в файле   80-249270413
На строке 22642   в файле   80-249270772
На строке 22643   в файле   80-249270930
На строке 22644   в файле   80-249271371
На строке 22645   в файле   80-249271986
На строке 22646   в файле   80-249248841
На строке 22647   в файле   80-249249397
На строке 22648   в файле   80-249249607
На строке 22649   в файле   80-249248922
На строке 22650   в файле   80-249249618
На строке 22651   в файле   80-249249905
На строке 22652   в файле   80-250973454
На строке 22653   в файле   80-250973507
На строке 22654   в файле   80-250973633
На строке 22655   в файле   80-250973727
На строке 22656   в файле   80-250973882
На строке 22657   в файле   80-250973351
На строке 22658   в файле   80-252103351
На строке 22659   в файле   80-261187904
На строке 22660   в файле   80-260393274
На строке 22661   в файле   80-250973358
На строке 22662   в файле   80-249254797
На строке 22663   в файле   80-249259182
На строке 22664   в файле   80-249264019
На строке 22665   в файле   80-249264435
На строке 22666   в файле   80-249264811
На строке 22667   в файле   80-249265230
На строке 22668   в файле   80-249265606
На строке 22669   в файле   80-261187132
На строке 22670   в файле   80-261187198
На строке 22671   в файле   80-261187496
На строке 22672   в файле   80-261187382
На строке 22673   в файле   80-261187921
На строке 22674   в файле   80-261187974
На строке 22675   в файле   80-261188868
На строке 22676   в файле   80-261189294
На строке 22677   в файле   80-261188906
На строке 22678   в файле   80-261189832
На строке 22679   в файле   80-249248630
На строке 22680   в файле   80-249248919
На строке 22681   в файле   80-250973289
На строке 22682   в файле   80-249249394
На строке 22683   в файле   80-249249909
На строке 22684   в файле   80-250973495
На строке 22685   в файле   80-250973712
На строке 22686   в файле   80-250973725
На строке 22687   в файле   80-249254314
На строке 22688   в файле   80-249254557
На строке 22689   в файле   80-249254949
На строке 22690   в файле   80-249255383
На строке 22691   в файле   80-250973895
На строке 22692   в файле   80-249256563
На строке 22693   в файле   80-250973801
На строке 22694   в файле   80-249257159
На строке 22695   в файле   80-249257657
На строке 22696   в файле   80-249258011
На строке 22697   в файле   80-250973960
На строке 22698   в файле   80-252487832
На строке 22699   в файле   80-249260071
На строке 22700   в файле   80-249260485
На строке 22701   в файле   80-249260813
На строке 22702   в файле   80-249261082
На строке 22703   в файле   80-249261516
На строке 22704   в файле   80-249261757
На строке 22705   в файле   80-249262118
На строке 22706   в файле   80-249262517
На строке 22707   в файле   80-249262776
На строке 22708   в файле   80-252103823
На строке 22709   в файле   80-249246495
На строке 22710   в файле   80-252103347
На строке 22711   в файле   80-261186559
На строке 22712   в файле   80-260433195
На строке 22713   в файле   80-250975682
На строке 22714   в файле   80-250978331
На строке 22715   в файле   80-252106281
На строке 22716   в файле   80-249288355
На строке 22717   в файле   80-249288884
На строке 22718   в файле   80-250980713
На строке 22719   в файле   80-249290249
На строке 22720   в файле   80-260433771
На строке 22721   в файле   80-261192320
На строке 22722   в файле   80-260434932
На строке 22723   в файле   80-260434533
На строке 22724   в файле   80-260435193
На строке 22725   в файле   80-260436593
На строке 22726   в файле   80-260436460
На строке 22727   в файле   80-260437278
На строке 22728   в файле   80-261192659
На строке 22729   в файле   80-250975809
На строке 22730   в файле   80-250975990
На строке 22731   в файле   80-250976327
На строке 22732   в файле   80-250976481
На строке 22733   в файле   80-249275640
На строке 22734   в файле   80-250976932
На строке 22735   в файле   80-252105151
На строке 22736   в файле   80-252104900
На строке 22737   в файле   80-250978059
На строке 22738   в файле   80-252105129
На строке 22739   в файле   80-250978325
На строке 22740   в файле   80-252488574
На строке 22741   в файле   80-249279572
На строке 22742   в файле   80-250979596
На строке 22743   в файле   80-249280445
На строке 22744   в файле   80-252105943
На строке 22745   в файле   80-252106035
На строке 22746   в файле   80-249281522
На строке 22747   в файле   80-249282445
На строке 22748   в файле   80-252106179
На строке 22749   в файле   80-249287864
На строке 22750   в файле   80-249270931
На строке 22751   в файле   80-249271982
На строке 22752   в файле   80-249272533
На строке 22753   в файле   80-249272913
На строке 22754   в файле   80-249272925
На строке 22755   в файле   80-249273182
На строке 22756   в файле   80-250974893
На строке 22757   в файле   80-250974839
На строке 22758   в файле   80-250975028
На строке 22759   в файле   80-260425002
На строке 22760   в файле   80-260446714
На строке 22761   в файле   80-249303236
На строке 22762   в файле   80-249303872
На строке 22763   в файле   80-249305140
На строке 22764   в файле   80-249306600
На строке 22765   в файле   80-249308678
На строке 22766   в файле   80-249301830
На строке 22767   в файле   80-249302391
На строке 22768   в файле   80-260445384
На строке 22769   в файле   80-260448262
На строке 22770   в файле   80-249321403
На строке 22771   в файле   80-249339248
На строке 22772   в файле   80-252107830
На строке 22773   в файле   80-249348308
На строке 22774   в файле   80-249349672
На строке 22775   в файле   80-249351475
На строке 22776   в файле   80-249355286
На строке 22777   в файле   80-252489860
На строке 22778   в файле   80-261193482
На строке 22779   в файле   80-260449562
На строке 22780   в файле   80-260449788
На строке 22781   в файле   80-260450225
На строке 22782   в файле   80-260449785
На строке 22783   в файле   80-261193587
На строке 22784   в файле   80-260450417
На строке 22785   в файле   80-260451149
На строке 22786   в файле   80-260450941
На строке 22787   в файле   80-260451931
На строке 22788   в файле   80-252106798
На строке 22789   в файле   80-249326964
На строке 22790   в файле   80-250982131
На строке 22791   в файле   80-249331255
На строке 22792   в файле   80-249332161
На строке 22793   в файле   80-252107126
На строке 22794   в файле   80-249336186
На строке 22795   в файле   80-249336391
На строке 22796   в файле   80-249337783
На строке 22797   в файле   80-249338428
На строке 22798   в файле   80-249340860
На строке 22799   в файле   80-252107616
На строке 22800   в файле   80-249345351
На строке 22801   в файле   80-249319802
На строке 22802   в файле   80-261193369
На строке 22803   в файле   80-260457082
На строке 22804   в файле   80-250982008
На строке 22805   в файле   80-249337742
На строке 22806   в файле   80-252108255
На строке 22807   в файле   80-252108868
На строке 22808   в файле   80-249374124
На строке 22809   в файле   80-249390219
На строке 22810   в файле   80-250984204
На строке 22811   в файле   80-249395728
На строке 22812   в файле   80-261194941
На строке 22813   в файле   80-260457654
На строке 22814   в файле   80-260458244
На строке 22815   в файле   80-260458729
На строке 22816   в файле   80-260458933
На строке 22817   в файле   80-260460669
На строке 22818   в файле   80-261195307
На строке 22819   в файле   80-260461317
На строке 22820   в файле   80-261195306
На строке 22821   в файле   80-260463462
На строке 22822   в файле   80-252620982
На строке 22823   в файле   80-249325612
На строке 22824   в файле   80-252634803
На строке 22825   в файле   80-249328495
На строке 22826   в файле   80-249330131
На строке 22827   в файле   80-249331644
На строке 22828   в файле   80-249331982
На строке 22829   в файле   80-252107146
На строке 22830   в файле   80-250982292
На строке 22831   в файле   80-249336344
На строке 22832   в файле   80-249337772
На строке 22833   в файле   80-249339292
На строке 22834   в файле   80-249340746
На строке 22835   в файле   80-252107467
На строке 22836   в файле   80-249345414
На строке 22837   в файле   80-249346082
На строке 22838   в файле   80-249346900
На строке 22839   в файле   80-249349114
На строке 22840   в файле   80-249349072
На строке 22841   в файле   80-249349766
На строке 22842   в файле   80-249355357
На строке 22843   в файле   80-249356690
На строке 22844   в файле   80-252108503
На строке 22845   в файле   80-249360513
На строке 22846   в файле   80-249360437
На строке 22847   в файле   80-249361768
На строке 22848   в файле   80-249361854
На строке 22849   в файле   80-249362417
На строке 22850   в файле   80-249364653
На строке 22851   в файле   80-249365022
На строке 22852   в файле   80-252109197
На строке 22853   в файле   80-249369041
На строке 22854   в файле   80-249369788
На строке 22855   в файле   80-249369721
На строке 22856   в файле   80-249369680
На строке 22857   в файле   80-249371424
На строке 22858   в файле   80-249371440
На строке 22859   в файле   80-249371430
На строке 22860   в файле   80-249372855
На строке 22861   в файле   80-249372862
На строке 22862   в файле   80-249375579
На строке 22863   в файле   80-249375618
На строке 22864   в файле   80-249376223
На строке 22865   в файле   80-249378776
На строке 22866   в файле   80-249383458
На строке 22867   в файле   80-249384377
На строке 22868   в файле   80-249385752
На строке 22869   в файле   80-249385722
На строке 22870   в файле   80-249388936
На строке 22871   в файле   80-249390231
На строке 22872   в файле   80-249321011
На строке 22873   в файле   80-260456799
На строке 22874   в файле   80-260457413
На строке 22875   в файле   80-261115779
На строке 22876   в файле   80-245523562
На строке 22877   в файле   80-245523738
На строке 22878   в файле   80-251369849
На строке 22879   в файле   80-245523412
На строке 22880   в файле   80-259814229
На строке 22881   в файле   80-261127069
На строке 22882   в файле   80-251694706
На строке 22883   в файле   80-251695574
На строке 22884   в файле   80-246869946
На строке 22885   в файле   80-246870412
На строке 22886   в файле   80-246871534
На строке 22887   в файле   80-246872416
На строке 22888   в файле   80-246873056
На строке 22889   в файле   80-246867009
На строке 22890   в файле   80-261126698
На строке 22891   в файле   80-261132724
На строке 22892   в файле   80-251725266
На строке 22893   в файле   80-246895560
На строке 22894   в файле   80-251726542
На строке 22895   в файле   80-251731568
На строке 22896   в файле   80-251733181
На строке 22897   в файле   80-251735709
На строке 22898   в файле   80-246906989
На строке 22899   в файле   80-252400544
На строке 22900   в файле   80-261132909
На строке 22901   в файле   80-244594311
На строке 22902   в файле   80-244596698
На строке 22903   в файле   80-244599222
На строке 22904   в файле   80-244602713
На строке 22905   в файле   80-249916967
На строке 22906   в файле   80-244607961
На строке 22907   в файле   80-249917348
На строке 22908   в файле   80-244611846
На строке 22909   в файле   80-260776228
На строке 22910   в файле   80-261244040
На строке 22911   в файле   80-261244070
На строке 22912   в файле   80-260779783
На строке 22913   в файле   80-260780693
На строке 22914   в файле   80-260782115
На строке 22915   в файле   80-261244140
На строке 22916   в файле   80-260784454
На строке 22917   в файле   80-260785945
На строке 22918   в файле   80-260787285
На строке 22919   в файле   80-244594470
На строке 22920   в файле   80-244594757
На строке 22921   в файле   80-249914475
На строке 22922   в файле   80-249914465
На строке 22923   в файле   80-249914455
На строке 22924   в файле   80-249914720
На строке 22925   в файле   80-244596014
На строке 22926   в файле   80-249914700
На строке 22927   в файле   80-244596396
На строке 22928   в файле   80-244596528
На строке 22929   в файле   80-249914905
На строке 22930   в файле   80-244597158
На строке 22931   в файле   80-249914939
На строке 22932   в файле   80-252232710
На строке 22933   в файле   80-244597757
На строке 22934   в файле   80-252234815
На строке 22935   в файле   80-249915408
На строке 22936   в файле   80-244598617
На строке 22937   в файле   80-249915534
На строке 22938   в файле   80-244598730
На строке 22939   в файле   80-244599474
На строке 22940   в файле   80-244599634
На строке 22941   в файле   80-249915768
На строке 22942   в файле   80-244600525
На строке 22943   в файле   80-244600832
На строке 22944   в файле   80-244600974
На строке 22945   в файле   80-244601141
На строке 22946   в файле   80-244601474
На строке 22947   в файле   80-249915882
На строке 22948   в файле   80-249916008
На строке 22949   в файле   80-249916123
На строке 22950   в файле   80-244603175
На строке 22951   в файле   80-244603160
На строке 22952   в файле   80-249916230
На строке 22953   в файле   80-244603787
На строке 22954   в файле   80-244604126
На строке 22955   в файле   80-244604285
На строке 22956   в файле   80-244604546
На строке 22957   в файле   80-249916506
На строке 22958   в файле   80-244605812
На строке 22959   в файле   80-249916648
На строке 22960   в файле   80-249916816
На строке 22961   в файле   80-244606116
На строке 22962   в файле   80-249916833
На строке 22963   в файле   80-244606868
На строке 22964   в файле   80-249917002
На строке 22965   в файле   80-244607030
На строке 22966   в файле   80-252503296
На строке 22967   в файле   80-249916969
На строке 22968   в файле   80-244607622
На строке 22969   в файле   80-244607764
На строке 22970   в файле   80-249917134
На строке 22971   в файле   80-244608155
На строке 22972   в файле   80-249917085
На строке 22973   в файле   80-252234679
На строке 22974   в файле   80-244608687
На строке 22975   в файле   80-244608684
На строке 22976   в файле   80-244608908
На строке 22977   в файле   80-244609092
На строке 22978   в файле   80-249917297
На строке 22979   в файле   80-244609504
На строке 22980   в файле   80-244610393
На строке 22981   в файле   80-244610621
На строке 22982   в файле   80-249917446
На строке 22983   в файле   80-249917519
На строке 22984   в файле   80-244610838
На строке 22985   в файле   80-244611022
На строке 22986   в файле   80-244611409
На строке 22987   в файле   80-244611418
На строке 22988   в файле   80-244611621
На строке 22989   в файле   80-252503259
На строке 22990   в файле   80-244612355
На строке 22991   в файле   80-244612128
На строке 22992   в файле   80-249917531
На строке 22993   в файле   80-249917679
На строке 22994   в файле   80-252236215
На строке 22995   в файле   80-244612646
На строке 22996   в файле   80-244612829
На строке 22997   в файле   80-244613401
На строке 22998   в файле   80-244613950
На строке 22999   в файле   80-260776427
На строке 23000   в файле   80-261276065
На строке 23001   в файле   80-260776962
На строке 23002   в файле   80-260776807
На строке 23003   в файле   80-260777145
На строке 23004   в файле   80-260777234
На строке 23005   в файле   80-260777097
На строке 23006   в файле   80-260777653
На строке 23007   в файле   80-260777666
На строке 23008   в файле   80-260778008
На строке 23009   в файле   80-260777962
На строке 23010   в файле   80-260778281
На строке 23011   в файле   80-260778318
На строке 23012   в файле   80-261244052
На строке 23013   в файле   80-260778560
На строке 23014   в файле   80-260778291
На строке 23015   в файле   80-260778705
На строке 23016   в файле   80-260778945
На строке 23017   в файле   80-260778720
На строке 23018   в файле   80-260779241
На строке 23019   в файле   80-260778978
На строке 23020   в файле   80-260779535
На строке 23021   в файле   80-260779566
На строке 23022   в файле   80-260779306
На строке 23023   в файле   80-260779897
На строке 23024   в файле   80-260779782
На строке 23025   в файле   80-260780135
На строке 23026   в файле   80-260780139
На строке 23027   в файле   80-261244136
На строке 23028   в файле   80-260780410
На строке 23029   в файле   80-260780510
На строке 23030   в файле   80-260780979
На строке 23031   в файле   80-260780742
На строке 23032   в файле   80-260780758
На строке 23033   в файле   80-260781027
На строке 23034   в файле   80-261244261
На строке 23035   в файле   80-260781524
На строке 23036   в файле   80-260781285
На строке 23037   в файле   80-260781712
На строке 23038   в файле   80-260781768
На строке 23039   в файле   80-260782077
На строке 23040   в файле   80-260782303
На строке 23041   в файле   80-260782376
На строке 23042   в файле   80-260782467
На строке 23043   в файле   80-260782928
На строке 23044   в файле   80-260782749
На строке 23045   в файле   80-260782822
На строке 23046   в файле   80-260782994
На строке 23047   в файле   80-260783053
На строке 23048   в файле   80-260783462
На строке 23049   в файле   80-260783597
На строке 23050   в файле   80-260783710
На строке 23051   в файле   80-260783686
На строке 23052   в файле   80-260783714
На строке 23053   в файле   80-260784313
На строке 23054   в файле   80-260784444
На строке 23055   в файле   80-260784377
На строке 23056   в файле   80-260784449
На строке 23057   в файле   80-260784608
На строке 23058   в файле   80-260784988
На строке 23059   в файле   80-260785501
На строке 23060   в файле   80-260785145
На строке 23061   в файле   80-260785088
На строке 23062   в файле   80-260785201
На строке 23063   в файле   80-260785289
На строке 23064   в файле   80-260785953
На строке 23065   в файле   80-261244348
На строке 23066   в файле   80-260785942
На строке 23067   в файле   80-260785950
На строке 23068   в файле   80-260786622
На строке 23069   в файле   80-260786264
На строке 23070   в файле   80-260786646
На строке 23071   в файле   80-260786618
На строке 23072   в файле   80-260786638
На строке 23073   в файле   80-260786578
На строке 23074   в файле   80-261244426
На строке 23075   в файле   80-260786923
На строке 23076   в файле   80-260787367
На строке 23077   в файле   80-260787361
На строке 23078   в файле   80-260787241
На строке 23079   в файле   80-260787609
На строке 23080   в файле   80-260788422
На строке 23081   в файле   80-243820538
На строке 23082   в файле   80-243821270
На строке 23083   в файле   80-243821936
На строке 23084   в файле   80-243822542
На строке 23085   в файле   80-243823160
На строке 23086   в файле   80-243826560
На строке 23087   в файле   80-243828265
На строке 23088   в файле   80-243834542
На строке 23089   в файле   80-243834783
На строке 23090   в файле   80-243835293
На строке 23091   в файле   80-243835302
На строке 23092   в файле   80-243836115
На строке 23093   в файле   80-243836303
На строке 23094   в файле   80-243837030
На строке 23095   в файле   80-244574462
На строке 23096   в файле   80-244590518
На строке 23097   в файле   80-244590686
На строке 23098   в файле   80-244591066
На строке 23099   в файле   80-244591215
На строке 23100   в файле   80-244591392
На строке 23101   в файле   80-244591917
На строке 23102   в файле   80-244592018
На строке 23103   в файле   80-244593075
На строке 23104   в файле   80-244593680
На строке 23105   в файле   80-244593997
На строке 23106   в файле   80-243755363
На строке 23107   в файле   80-243770126
На строке 23108   в файле   80-243791521
На строке 23109   в файле   80-243796671
На строке 23110   в файле   80-243804458
На строке 23111   в файле   80-243806025
На строке 23112   в файле   80-243815277
На строке 23113   в файле   80-243816069
На строке 23114   в файле   80-243816848
На строке 23115   в файле   80-243825272
На строке 23116   в файле   80-243828534
На строке 23117   в файле   80-243828865
На строке 23118   в файле   80-243831962
На строке 23119   в файле   80-243832198
На строке 23120   в файле   80-243832501
На строке 23121   в файле   80-243833282
На строке 23122   в файле   80-243834108
На строке 23123   в файле   80-243836559
На строке 23124   в файле   80-244582255
На строке 23125   в файле   80-244583052
На строке 23126   в файле   80-244585611
На строке 23127   в файле   80-243756707
На строке 23128   в файле   80-243757355
На строке 23129   в файле   80-243758076
На строке 23130   в файле   80-243801885
На строке 23131   в файле   80-243818307
На строке 23132   в файле   80-243822562
На строке 23133   в файле   80-249911757
На строке 23134   в файле   80-249911784
На строке 23135   в файле   80-249912577
На строке 23136   в файле   80-249913212
На строке 23137   в файле   80-249913901
На строке 23138   в файле   80-249913966
На строке 23139   в файле   80-249913970
На строке 23140   в файле   80-249914238
На строке 23141   в файле   80-249909774
На строке 23142   в файле   80-249909950
На строке 23143   в файле   80-249911536
На строке 23144   в файле   80-249912428
На строке 23145   в файле   80-249913647
На строке 23146   в файле   80-252231046
На строке 23147   в файле   80-252231084
На строке 23148   в файле   80-252229697
На строке 23149   в файле   80-261196296
На строке 23150   в файле   80-249385691
На строке 23151   в файле   80-249387357
На строке 23152   в файле   80-249399647
На строке 23153   в файле   80-249400236
На строке 23154   в файле   80-249401615
На строке 23155   в файле   80-250985346
На строке 23156   в файле   80-249401565
На строке 23157   в файле   80-249402219
На строке 23158   в файле   80-249402176
На строке 23159   в файле   80-249405130
На строке 23160   в файле   80-249402942
На строке 23161   в файле   80-250985344
На строке 23162   в файле   80-252109986
На строке 23163   в файле   80-249405309
На строке 23164   в файле   80-261196593
На строке 23165   в файле   80-261197163
На строке 23166   в файле   80-260464737
На строке 23167   в файле   80-261197382
На строке 23168   в файле   80-261196754
На строке 23169   в файле   80-261197617
На строке 23170   в файле   80-261197694
На строке 23171   в файле   80-260465815
На строке 23172   в файле   80-260468319
На строке 23173   в файле   80-261198176
На строке 23174   в файле   80-260465597
На строке 23175   в файле   80-261198603
На строке 23176   в файле   80-261198680
На строке 23177   в файле   80-261198463
На строке 23178   в файле   80-261199157
На строке 23179   в файле   80-249390485
На строке 23180   в файле   80-249391775
На строке 23181   в файле   80-249391704
На строке 23182   в файле   80-250984198
На строке 23183   в файле   80-249395557
На строке 23184   в файле   80-249396246
На строке 23185   в файле   80-249397093
На строке 23186   в файле   80-249397744
На строке 23187   в файле   80-252109722
На строке 23188   в файле   80-249399787
На строке 23189   в файле   80-249400302
На строке 23190   в файле   80-249400993
На строке 23191   в файле   80-249400893
На строке 23192   в файле   80-249379144
На строке 23193   в файле   80-250983875
На строке 23194   в файле   80-252109205
На строке 23195   в файле   80-260464423
На строке 23196   в файле   80-260461101
На строке 23197   в файле   80-249384327
На строке 23198   в файле   80-249385756
На строке 23199   в файле   80-249387205
На строке 23200   в файле   80-249387421
На строке 23201   в файле   80-249388855
На строке 23202   в файле   80-249390211
На строке 23203   в файле   80-249391730
На строке 23204   в файле   80-249395556
На строке 23205   в файле   80-249396908
На строке 23206   в файле   80-260461128
На строке 23207   в файле   80-261195224
На строке 23208   в файле   80-260463151
На строке 23209   в файле   80-261195866
На строке 23210   в файле   80-260465757
На строке 23211   в файле   80-261196214
На строке 23212   в файле   80-261267194
На строке 23213   в файле   80-261196837
На строке 23214   в файле   80-260466792
На строке 23215   в файле   80-261196881
На строке 23216   в файле   80-252108858
На строке 23217   в файле   80-260459768
На строке 23218   в файле   80-260464199
На строке 23219   в файле   80-249324933
На строке 23220   в файле   80-249339429
На строке 23221   в файле   80-249355303
На строке 23222   в файле   80-250983663
На строке 23223   в файле   80-249375629
На строке 23224   в файле   80-249385736
На строке 23225   в файле   80-249398531
На строке 23226   в файле   80-252109744
На строке 23227   в файле   80-261195734
На строке 23228   в файле   80-261195867
На строке 23229   в файле   80-261196435
На строке 23230   в файле   80-261196289
На строке 23231   в файле   80-260467139
На строке 23232   в файле   80-261197302
На строке 23233   в файле   80-261197413
На строке 23234   в файле   80-261197953
На строке 23235   в файле   80-261197829
На строке 23236   в файле   80-261198654
На строке 23237   в файле   80-249327097
На строке 23238   в файле   80-249328567
На строке 23239   в файле   80-249329242
На строке 23240   в файле   80-249329175
На строке 23241   в файле   80-249330721
На строке 23242   в файле   80-249332092
На строке 23243   в файле   80-252107050
На строке 23244   в файле   80-252621769
На строке 23245   в файле   80-249336205
На строке 23246   в файле   80-252107719
На строке 23247   в файле   80-249339314
На строке 23248   в файле   80-249339972
На строке 23249   в файле   80-249340765
На строке 23250   в файле   80-249344486
На строке 23251   в файле   80-249346849
На строке 23252   в файле   80-249346894
На строке 23253   в файле   80-249347650
На строке 23254   в файле   80-249348367
На строке 23255   в файле   80-252107943
На строке 23256   в файле   80-252108493
На строке 23257   в файле   80-249356698
На строке 23258   в файле   80-252108652
На строке 23259   в файле   80-249360535
На строке 23260   в файле   80-250983526
На строке 23261   в файле   80-249362428
На строке 23262   в файле   80-249363711
На строке 23263   в файле   80-249363799
На строке 23264   в файле   80-249365041
На строке 23265   в файле   80-249365886
На строке 23266   в файле   80-249365281
На строке 23267   в файле   80-252108863
На строке 23268   в файле   80-249369732
На строке 23269   в файле   80-249369665
На строке 23270   в файле   80-249371422
На строке 23271   в файле   80-249372092
На строке 23272   в файле   80-249372938
На строке 23273   в файле   80-249373424
На строке 23274   в файле   80-249374194
На строке 23275   в файле   80-249374294
На строке 23276   в файле   80-249375633
На строке 23277   в файле   80-249377209
На строке 23278   в файле   80-249377091
На строке 23279   в файле   80-249377246
На строке 23280   в файле   80-249377721
На строке 23281   в файле   80-249378656
На строке 23282   в файле   80-250983864
На строке 23283   в файле   80-250983869
На строке 23284   в файле   80-249384358
На строке 23285   в файле   80-249384292
На строке 23286   в файле   80-249384997
На строке 23287   в файле   80-249387185
На строке 23288   в файле   80-249387452
На строке 23289   в файле   80-249388620
На строке 23290   в файле   80-249388785
На строке 23291   в файле   80-249390286
На строке 23292   в файле   80-252109457
На строке 23293   в файле   80-252109458
На строке 23294   в файле   80-249394847
На строке 23295   в файле   80-249396869
На строке 23296   в файле   80-249398439
На строке 23297   в файле   80-249398518
На строке 23298   в файле   80-249321378
На строке 23299   в файле   80-260462968
На строке 23300   в файле   80-261198151
На строке 23301   в файле   80-261214431
На строке 23302   в файле   80-249450584
На строке 23303   в файле   80-249454645
На строке 23304   в файле   80-249457679
На строке 23305   в файле   80-249460619
На строке 23306   в файле   80-249462835
На строке 23307   в файле   80-249465227
На строке 23308   в файле   80-249467050
На строке 23309   в файле   80-249469686
На строке 23310   в файле   80-261214638
На строке 23311   в файле   80-260506663
На строке 23312   в файле   80-261215130
На строке 23313   в файле   80-261215006
На строке 23314   в файле   80-260506961
На строке 23315   в файле   80-260507260
На строке 23316   в файле   80-261215109
На строке 23317   в файле   80-261268397
На строке 23318   в файле   80-260508083
На строке 23319   в файле   80-260508578
На строке 23320   в файле   80-249450739
На строке 23321   в файле   80-250990410
На строке 23322   в файле   80-250990594
На строке 23323   в файле   80-250991141
На строке 23324   в файле   80-249452266
На строке 23325   в файле   80-249452742
На строке 23326   в файле   80-249452701
На строке 23327   в файле   80-252111084
На строке 23328   в файле   80-250991622
На строке 23329   в файле   80-249454275
На строке 23330   в файле   80-250991617
На строке 23331   в файле   80-250991959
На строке 23332   в файле   80-249455640
На строке 23333   в файле   80-249455917
На строке 23334   в файле   80-249455995
На строке 23335   в файле   80-249455915
На строке 23336   в файле   80-249456530
На строке 23337   в файле   80-249456714
На строке 23338   в файле   80-249457139
На строке 23339   в файле   80-249457074
На строке 23340   в файле   80-249457659
На строке 23341   в файле   80-249458105
На строке 23342   в файле   80-249458250
На строке 23343   в файле   80-249458697
На строке 23344   в файле   80-249458879
На строке 23345   в файле   80-249459179
На строке 23346   в файле   80-249459114
На строке 23347   в файле   80-250992155
На строке 23348   в файле   80-249459722
На строке 23349   в файле   80-249460296
На строке 23350   в файле   80-249460616
На строке 23351   в файле   80-249460628
На строке 23352   в файле   80-249460915
На строке 23353   в файле   80-249461156
На строке 23354   в файле   80-249461274
На строке 23355   в файле   80-250992681
На строке 23356   в файле   80-250992980
На строке 23357   в файле   80-249462245
На строке 23358   в файле   80-249462304
На строке 23359   в файле   80-249462284
На строке 23360   в файле   80-249462980
На строке 23361   в файле   80-249463129
На строке 23362   в файле   80-249463504
На строке 23363   в файле   80-249463537
На строке 23364   в файле   80-249463729
На строке 23365   в файле   80-249464075
На строке 23366   в файле   80-249464127
На строке 23367   в файле   80-249464220
На строке 23368   в файле   80-249464264
На строке 23369   в файле   80-249465055
На строке 23370   в файле   80-249465454
На строке 23371   в файле   80-249465596
На строке 23372   в файле   80-249465612
На строке 23373   в файле   80-249465637
На строке 23374   в файле   80-249465781
На строке 23375   в файле   80-249465945
На строке 23376   в файле   80-249466097
На строке 23377   в файле   80-249466331
На строке 23378   в файле   80-249466328
На строке 23379   в файле   80-249466451
На строке 23380   в файле   80-249467354
На строке 23381   в файле   80-250994135
На строке 23382   в файле   80-249467663
На строке 23383   в файле   80-249467713
На строке 23384   в файле   80-249467674
На строке 23385   в файле   80-249468011
На строке 23386   в файле   80-249468076
На строке 23387   в файле   80-250994134
На строке 23388   в файле   80-249468827
На строке 23389   в файле   80-249468973
На строке 23390   в файле   80-249470044
На строке 23391   в файле   80-249470069
На строке 23392   в файле   80-249470427
На строке 23393   в файле   80-252111634
На строке 23394   в файле   80-252111739
На строке 23395   в файле   80-250995585
На строке 23396   в файле   80-249419453
На строке 23397   в файле   80-249419538
На строке 23398   в файле   80-249420922
На строке 23399   в файле   80-249421336
На строке 23400   в файле   80-249421787
На строке 23401   в файле   80-249422264
На строке 23402   в файле   80-249422290
На строке 23403   в файле   80-249423209
На строке 23404   в файле   80-249423213
На строке 23405   в файле   80-249423791
На строке 23406   в файле   80-249424283
На строке 23407   в файле   80-249425142
На строке 23408   в файле   80-249425168
На строке 23409   в файле   80-249426098
На строке 23410   в файле   80-249426473
На строке 23411   в файле   80-249426965
На строке 23412   в файле   80-249426970
На строке 23413   в файле   80-249427029
На строке 23414   в файле   80-249427801
На строке 23415   в файле   80-249428277
На строке 23416   в файле   80-249428657
На строке 23417   в файле   80-249429300
На строке 23418   в файле   80-249429956
На строке 23419   в файле   80-249430656
На строке 23420   в файле   80-249431346
На строке 23421   в файле   80-249431418
На строке 23422   в файле   80-249431516
На строке 23423   в файле   80-249432025
На строке 23424   в файле   80-249432204
На строке 23425   в файле   80-249433760
На строке 23426   в файле   80-249434124
На строке 23427   в файле   80-249434132
На строке 23428   в файле   80-249434125
На строке 23429   в файле   80-249434491
На строке 23430   в файле   80-249434723
На строке 23431   в файле   80-249435050
На строке 23432   в файле   80-249435294
На строке 23433   в файле   80-249436597
На строке 23434   в файле   80-249436939
На строке 23435   в файле   80-249437170
На строке 23436   в файле   80-249437508
На строке 23437   в файле   80-249438094
На строке 23438   в файле   80-249438152
На строке 23439   в файле   80-249438948
На строке 23440   в файле   80-249439161
На строке 23441   в файле   80-249439483
На строке 23442   в файле   80-249439471
На строке 23443   в файле   80-249439512
На строке 23444   в файле   80-249439753
На строке 23445   в файле   80-249439995
На строке 23446   в файле   80-249440077
На строке 23447   в файле   80-249440281
На строке 23448   в файле   80-249440325
На строке 23449   в файле   80-249440462
На строке 23450   в файле   80-249440543
На строке 23451   в файле   80-249440883
На строке 23452   в файле   80-249442446
На строке 23453   в файле   80-249442925
На строке 23454   в файле   80-249442952
На строке 23455   в файле   80-249442970
На строке 23456   в файле   80-249443714
На строке 23457   в файле   80-249444026
На строке 23458   в файле   80-249444816
На строке 23459   в файле   80-249444823
На строке 23460   в файле   80-249445048
На строке 23461   в файле   80-249445344
На строке 23462   в файле   80-249446617
На строке 23463   в файле   80-249446836
На строке 23464   в файле   80-249447121
На строке 23465   в файле   80-249447199
На строке 23466   в файле   80-249447614
На строке 23467   в файле   80-249447785
На строке 23468   в файле   80-249448082
На строке 23469   в файле   80-249448083
На строке 23470   в файле   80-249448180
На строке 23471   в файле   80-249449005
На строке 23472   в файле   80-249449264
На строке 23473   в файле   80-249449557
На строке 23474   в файле   80-249424193
На строке 23475   в файле   80-249426035
На строке 23476   в файле   80-249436936
На строке 23477   в файле   80-249436974
На строке 23478   в файле   80-249438350
На строке 23479   в файле   80-249438626
На строке 23480   в файле   80-249438665
На строке 23481   в файле   80-249438921
На строке 23482   в файле   80-249442143
На строке 23483   в файле   80-249443491
На строке 23484   в файле   80-249444222
На строке 23485   в файле   80-249446368
На строке 23486   в файле   80-249448531
На строке 23487   в файле   80-249449016
На строке 23488   в файле   80-249437514
На строке 23489   в файле   80-249444524
На строке 23490   в файле   80-249448555
На строке 23491   в файле   80-250988262
На строке 23492   в файле   80-250988290
На строке 23493   в файле   80-250988451
На строке 23494   в файле   80-250988630
На строке 23495   в файле   80-250988856
На строке 23496   в файле   80-250988847
На строке 23497   в файле   80-250989485
На строке 23498   в файле   80-250988461
На строке 23499   в файле   80-252110244
На строке 23500   в файле   80-252110358
На строке 23501   в файле   80-252110725
На строке 23502   в файле   80-252110970
На строке 23503   в файле   80-252490455
На строке 23504   в файле   80-252490781
На строке 23505   в файле   80-260474553
На строке 23506   в файле   80-260474855
На строке 23507   в файле   80-261199364
На строке 23508   в файле   80-249410461
На строке 23509   в файле   80-249420428
На строке 23510   в файле   80-249427791
На строке 23511   в файле   80-249429976
На строке 23512   в файле   80-249430652
На строке 23513   в файле   80-249431442
На строке 23514   в файле   80-249432374
На строке 23515   в файле   80-252490440
На строке 23516   в файле   80-261199671
На строке 23517   в файле   80-261199557
На строке 23518   в файле   80-261199755
На строке 23519   в файле   80-261199602
На строке 23520   в файле   80-261200225
На строке 23521   в файле   80-261199737
На строке 23522   в файле   80-261200373
На строке 23523   в файле   80-261200191
На строке 23524   в файле   80-261200101
На строке 23525   в файле   80-252110102
На строке 23526   в файле   80-249413784
На строке 23527   в файле   80-249413803
На строке 23528   в файле   80-249414994
На строке 23529   в файле   80-249414979
На строке 23530   в файле   80-249416020
На строке 23531   в файле   80-249416218
На строке 23532   в файле   80-250986016
На строке 23533   в файле   80-250986082
На строке 23534   в файле   80-249418946
На строке 23535   в файле   80-249422271
На строке 23536   в файле   80-249423255
На строке 23537   в файле   80-249423237
На строке 23538   в файле   80-249424356
На строке 23539   в файле   80-249424229
На строке 23540   в файле   80-249425177
На строке 23541   в файле   80-249424819
На строке 23542   в файле   80-249425552
На строке 23543   в файле   80-249425598
На строке 23544   в файле   80-249426962
На строке 23545   в файле   80-249427889
На строке 23546   в файле   80-249428549
На строке 23547   в файле   80-249428947
На строке 23548   в файле   80-249429302
На строке 23549   в файле   80-249409248
На строке 23550   в файле   80-260470987
На строке 23551   в файле   80-261199239
На строке 23552   в файле   80-249413746
На строке 23553   в файле   80-249414408
На строке 23554   в файле   80-249415128
На строке 23555   в файле   80-249416732
На строке 23556   в файле   80-249419509
На строке 23557   в файле   80-249419487
На строке 23558   в файле   80-249420442
На строке 23559   в файле   80-249421321
На строке 23560   в файле   80-261198875
На строке 23561   в файле   80-260469526
На строке 23562   в файле   80-261267445
На строке 23563   в файле   80-260471060
На строке 23564   в файле   80-260470754
На строке 23565   в файле   80-249409368
На строке 23566   в файле   80-249410396
На строке 23567   в файле   80-249410536
На строке 23568   в файле   80-250985736
На строке 23569   в файле   80-260469208
На строке 23570   в файле   80-261199302
На строке 23571   в файле   80-261267447
На строке 23572   в файле   80-249430359
На строке 23573   в файле   80-249431042
На строке 23574   в файле   80-250987899
На строке 23575   в файле   80-249432333
На строке 23576   в файле   80-252110504
На строке 23577   в файле   80-249434226
На строке 23578   в файле   80-249434719
На строке 23579   в файле   80-249434955
На строке 23580   в файле   80-261200585
На строке 23581   в файле   80-261200598
На строке 23582   в файле   80-249427796
На строке 23583   в файле   80-249428597
На строке 23584   в файле   80-249429343
На строке 23585   в файле   80-249429954
На строке 23586   в файле   80-261267436
На строке 23587   в файле   80-261201217
На строке 23588   в файле   80-260469989
На строке 23589   в файле   80-249429987
На строке 23590   в файле   80-249430035
На строке 23591   в файле   80-249430741
На строке 23592   в файле   80-260470578
На строке 23593   в файле   80-261115819
На строке 23594   в файле   80-251371239
На строке 23595   в файле   80-261116233
На строке 23596   в файле   80-259815633
На строке 23597   в файле   80-259816171
На строке 23598   в файле   80-259816388
На строке 23599   в файле   80-259816525
На строке 23600   в файле   80-251371245
На строке 23601   в файле   80-259816395
На строке 23602   в файле   80-259815892
На строке 23603   в файле   80-251371730
На строке 23604   в файле   80-251371719
На строке 23605   в файле   80-251372223
На строке 23606   в файле   80-251372718
На строке 23607   в файле   80-251372775
На строке 23608   в файле   80-251373199
На строке 23609   в файле   80-252334006
На строке 23610   в файле   80-251373457
На строке 23611   в файле   80-261116226
На строке 23612   в файле   80-261116527
На строке 23613   в файле   80-259815879
На строке 23614   в файле   80-259816151
На строке 23615   в файле   80-261117129
На строке 23616   в файле   80-261116533
На строке 23617   в файле   80-251371544
На строке 23618   в файле   80-261115977
На строке 23619   в файле   80-261261121
На строке 23620   в файле   80-259815898
На строке 23621   в файле   80-261261202
На строке 23622   в файле   80-261117055
На строке 23623   в файле   80-261273849
На строке 23624   в файле   80-261261272
На строке 23625   в файле   80-261116776
На строке 23626   в файле   80-261117870
На строке 23627   в файле   80-261117420
На строке 23628   в файле   80-261117723
На строке 23629   в файле   80-261117756
На строке 23630   в файле   80-251380011
На строке 23631   в файле   80-261117942
На строке 23632   в файле   80-261118095
На строке 23633   в файле   80-261117703
На строке 23634   в файле   80-261261389
На строке 23635   в файле   80-261261323
На строке 23636   в файле   80-261261507
На строке 23637   в файле   80-261118351
На строке 23638   в файле   80-252526000
На строке 23639   в файле   80-260472645
На строке 23640   в файле   80-249440776
На строке 23641   в файле   80-252110859
На строке 23642   в файле   80-249439832
На строке 23643   в файле   80-261200788
На строке 23644   в файле   80-261200816
На строке 23645   в файле   80-249442418
На строке 23646   в файле   80-249480735
На строке 23647   в файле   80-249481367
На строке 23648   в файле   80-249483966
На строке 23649   в файле   80-249486847
На строке 23650   в файле   80-249492017
На строке 23651   в файле   80-249501812
На строке 23652   в файле   80-249506767
На строке 23653   в файле   80-260509759
На строке 23654   в файле   80-261217904
На строке 23655   в файле   80-261218078
На строке 23656   в файле   80-261218759
На строке 23657   в файле   80-261219783
На строке 23658   в файле   80-261220609
На строке 23659   в файле   80-260515293
На строке 23660   в файле   80-261223139
На строке 23661   в файле   80-261224399
На строке 23662   в файле   80-260518238
На строке 23663   в файле   80-249442420
На строке 23664   в файле   80-249447606
На строке 23665   в файле   80-249450542
На строке 23666   в файле   80-249458254
На строке 23667   в файле   80-249462275
На строке 23668   в файле   80-249469687
На строке 23669   в файле   80-250997118
На строке 23670   в файле   80-249480242
На строке 23671   в файле   80-249480358
На строке 23672   в файле   80-249480583
На строке 23673   в файле   80-250998291
На строке 23674   в файле   80-249480925
На строке 23675   в файле   80-249480733
На строке 23676   в файле   80-249480980
На строке 23677   в файле   80-249480958
На строке 23678   в файле   80-249481175
На строке 23679   в файле   80-249480930
На строке 23680   в файле   80-249481417
На строке 23681   в файле   80-250998011
На строке 23682   в файле   80-249481352
На строке 23683   в файле   80-250998538
На строке 23684   в файле   80-250998499
На строке 23685   в файле   80-249482411
На строке 23686   в файле   80-249482414
На строке 23687   в файле   80-250998496
На строке 23688   в файле   80-249482673
На строке 23689   в файле   80-249482872
На строке 23690   в файле   80-249483051
На строке 23691   в файле   80-249483314
На строке 23692   в файле   80-249483291
На строке 23693   в файле   80-249483840
На строке 23694   в файле   80-249483962
На строке 23695   в файле   80-249484013
На строке 23696   в файле   80-250998820
На строке 23697   в файле   80-250999171
На строке 23698   в файле   80-250999169
На строке 23699   в файле   80-249485410
На строке 23700   в файле   80-249485433
На строке 23701   в файле   80-249485437
На строке 23702   в файле   80-249485931
На строке 23703   в файле   80-249487090
На строке 23704   в файле   80-249487358
На строке 23705   в файле   80-249487810
На строке 23706   в файле   80-249488281
На строке 23707   в файле   80-250999763
На строке 23708   в файле   80-250999762
На строке 23709   в файле   80-250999770
На строке 23710   в файле   80-252492115
На строке 23711   в файле   80-249490617
На строке 23712   в файле   80-249490677
На строке 23713   в файле   80-249492116
На строке 23714   в файле   80-250999986
На строке 23715   в файле   80-249494665
На строке 23716   в файле   80-249494936
На строке 23717   в файле   80-249496997
На строке 23718   в файле   80-249497614
На строке 23719   в файле   80-251000338
На строке 23720   в файле   80-249498357
На строке 23721   в файле   80-252492315
На строке 23722   в файле   80-251000929
На строке 23723   в файле   80-249501816
На строке 23724   в файле   80-249502934
На строке 23725   в файле   80-249502941
На строке 23726   в файле   80-252492322
На строке 23727   в файле   80-249504464
На строке 23728   в файле   80-249505049
На строке 23729   в файле   80-249504944
На строке 23730   в файле   80-249506118
На строке 23731   в файле   80-249506189
На строке 23732   в файле   80-249505682
На строке 23733   в файле   80-252113024
На строке 23734   в файле   80-249508547
На строке 23735   в файле   80-249508080
На строке 23736   в файле   80-249509910
На строке 23737   в файле   80-249510581
На строке 23738   в файле   80-249511759
На строке 23739   в файле   80-249512763
На строке 23740   в файле   80-251002636
На строке 23741   в файле   80-249513274
На строке 23742   в файле   80-251002912
На строке 23743   в файле   80-261216326
На строке 23744   в файле   80-261216184
На строке 23745   в файле   80-261216271
На строке 23746   в файле   80-261275203
На строке 23747   в файле   80-260510999
На строке 23748   в файле   80-261216590
На строке 23749   в файле   80-261216781
На строке 23750   в файле   80-261216972
На строке 23751   в файле   80-261216957
На строке 23752   в файле   80-261217116
На строке 23753   в файле   80-261217206
На строке 23754   в файле   80-261217335
На строке 23755   в файле   80-261217462
На строке 23756   в файле   80-261217603
На строке 23757   в файле   80-260512591
На строке 23758   в файле   80-261217812
На строке 23759   в файле   80-261217973
На строке 23760   в файле   80-261218261
На строке 23761   в файле   80-261218046
На строке 23762   в файле   80-260512904
На строке 23763   в файле   80-261218194
На строке 23764   в файле   80-261218341
На строке 23765   в файле   80-261218403
На строке 23766   в файле   80-261218581
На строке 23767   в файле   80-261218272
На строке 23768   в файле   80-261218832
На строке 23769   в файле   80-261218735
На строке 23770   в файле   80-261218914
На строке 23771   в файле   80-261218627
На строке 23772   в файле   80-261218466
На строке 23773   в файле   80-261218952
На строке 23774   в файле   80-261218924
На строке 23775   в файле   80-261219086
На строке 23776   в файле   80-261219082
На строке 23777   в файле   80-261219218
На строке 23778   в файле   80-261219380
На строке 23779   в файле   80-261219587
На строке 23780   в файле   80-261219311
На строке 23781   в файле   80-261219451
На строке 23782   в файле   80-260513501
На строке 23783   в файле   80-261219915
На строке 23784   в файле   80-261219823
На строке 23785   в файле   80-261219712
На строке 23786   в файле   80-261220068
На строке 23787   в файле   80-261220064
На строке 23788   в файле   80-261220193
На строке 23789   в файле   80-261220100
На строке 23790   в файле   80-260513865
На строке 23791   в файле   80-260513928
На строке 23792   в файле   80-261220455
На строке 23793   в файле   80-261221609
На строке 23794   в файле   80-260514192
На строке 23795   в файле   80-261220663
На строке 23796   в файле   80-261221067
На строке 23797   в файле   80-260514541
На строке 23798   в файле   80-261221046
На строке 23799   в файле   80-261221080
На строке 23800   в файле   80-261221185
На строке 23801   в файле   80-261268326
На строке 23802   в файле   80-261221412
На строке 23803   в файле   80-260514664
На строке 23804   в файле   80-260515269
На строке 23805   в файле   80-261221815
На строке 23806   в файле   80-261221928
На строке 23807   в файле   80-261275283
На строке 23808   в файле   80-260515756
На строке 23809   в файле   80-261222318
На строке 23810   в файле   80-260515499
На строке 23811   в файле   80-261222164
На строке 23812   в файле   80-261222659
На строке 23813   в файле   80-261222748
На строке 23814   в файле   80-261223072
На строке 23815   в файле   80-261223157
На строке 23816   в файле   80-261223219
На строке 23817   в файле   80-261223527
На строке 23818   в файле   80-260516199
На строке 23819   в файле   80-261224052
На строке 23820   в файле   80-261223900
На строке 23821   в файле   80-261223973
На строке 23822   в файле   80-261223699
На строке 23823   в файле   80-261224201
На строке 23824   в файле   80-261224567
На строке 23825   в файле   80-261224890
На строке 23826   в файле   80-261224819
На строке 23827   в файле   80-260517673
На строке 23828   в файле   80-261225360
На строке 23829   в файле   80-261225310
На строке 23830   в файле   80-261225577
На строке 23831   в файле   80-261268758
На строке 23832   в файле   80-260518092
На строке 23833   в файле   80-261225687
На строке 23834   в файле   80-260518275
На строке 23835   в файле   80-261225759
На строке 23836   в файле   80-260518385
На строке 23837   в файле   80-261225633
На строке 23838   в файле   80-260518696
На строке 23839   в файле   80-261226123
На строке 23840   в файле   80-261226075
На строке 23841   в файле   80-261227138
На строке 23842   в файле   80-261226471
На строке 23843   в файле   80-261226596
На строке 23844   в файле   80-249443200
На строке 23845   в файле   80-249443851
На строке 23846   в файле   80-249443734
На строке 23847   в файле   80-249444245
На строке 23848   в файле   80-249445355
На строке 23849   в файле   80-250989988
На строке 23850   в файле   80-249446554
На строке 23851   в файле   80-249446613
На строке 23852   в файле   80-249447113
На строке 23853   в файле   80-249447125
На строке 23854   в файле   80-249447369
На строке 23855   в файле   80-249448788
На строке 23856   в файле   80-249448587
На строке 23857   в файле   80-250990355
На строке 23858   в файле   80-249449054
На строке 23859   в файле   80-249449315
На строке 23860   в файле   80-252110962
На строке 23861   в файле   80-249450016
На строке 23862   в файле   80-249450098
На строке 23863   в файле   80-249449911
На строке 23864   в файле   80-249450556
На строке 23865   в файле   80-249452264
На строке 23866   в файле   80-249452273
На строке 23867   в файле   80-250990951
На строке 23868   в файле   80-250990953
На строке 23869   в файле   80-249452700
На строке 23870   в файле   80-249452806
На строке 23871   в файле   80-249454198
На строке 23872   в файле   80-249454207
На строке 23873   в файле   80-249454583
На строке 23874   в файле   80-250991537
На строке 23875   в файле   80-249454587
На строке 23876   в файле   80-252111187
На строке 23877   в файле   80-249456111
На строке 23878   в файле   80-249456294
На строке 23879   в файле   80-249456755
На строке 23880   в файле   80-249457821
На строке 23881   в файле   80-249457438
На строке 23882   в файле   80-250992040
На строке 23883   в файле   80-249457861
На строке 23884   в файле   80-249457837
На строке 23885   в файле   80-249458087
На строке 23886   в файле   80-249458686
На строке 23887   в файле   80-249458499
На строке 23888   в файле   80-249459110
На строке 23889   в файле   80-249459513
На строке 23890   в файле   80-249459295
На строке 23891   в файле   80-249459516
На строке 23892   в файле   80-249459895
На строке 23893   в файле   80-249459693
На строке 23894   в файле   80-249460297
На строке 23895   в файле   80-249460302
На строке 23896   в файле   80-249460540
На строке 23897   в файле   80-250992468
На строке 23898   в файле   80-249460505
На строке 23899   в файле   80-249460918
На строке 23900   в файле   80-249460924
На строке 23901   в файле   80-249461047
На строке 23902   в файле   80-249461399
На строке 23903   в файле   80-249462293
На строке 23904   в файле   80-249462627
На строке 23905   в файле   80-249463371
На строке 23906   в файле   80-249463713
На строке 23907   в файле   80-252111528
На строке 23908   в файле   80-249463928
На строке 23909   в файле   80-249465210
На строке 23910   в файле   80-250992892
На строке 23911   в файле   80-250993199
На строке 23912   в файле   80-249465257
На строке 23913   в файле   80-249465603
На строке 23914   в файле   80-249465943
На строке 23915   в файле   80-249465974
На строке 23916   в файле   80-249466260
На строке 23917   в файле   80-249466481
На строке 23918   в файле   80-249466639
На строке 23919   в файле   80-249466849
На строке 23920   в файле   80-249466967
На строке 23921   в файле   80-249466822
На строке 23922   в файле   80-249467176
На строке 23923   в файле   80-249467375
На строке 23924   в файле   80-249468059
На строке 23925   в файле   80-249469316
На строке 23926   в файле   80-249469536
На строке 23927   в файле   80-249469006
На строке 23928   в файле   80-252491386
На строке 23929   в файле   80-249469700
На строке 23930   в файле   80-249470049
На строке 23931   в файле   80-249470407
На строке 23932   в файле   80-249473153
На строке 23933   в файле   80-250995244
На строке 23934   в файле   80-252111745
На строке 23935   в файле   80-249473376
На строке 23936   в файле   80-249473489
На строке 23937   в файле   80-249473486
На строке 23938   в файле   80-249473711
На строке 23939   в файле   80-249473892
На строке 23940   в файле   80-249473688
На строке 23941   в файле   80-249474199
На строке 23942   в файле   80-249474203
На строке 23943   в файле   80-249474566
На строке 23944   в файле   80-249474562
На строке 23945   в файле   80-249475019
На строке 23946   в файле   80-249475038
На строке 23947   в файле   80-250996901
На строке 23948   в файле   80-249475224
На строке 23949   в файле   80-249475234
На строке 23950   в файле   80-249480228
На строке 23951   в файле   80-249479979
На строке 23952   в файле   80-250997441
На строке 23953   в файле   80-250997710
На строке 23954   в файле   80-261268304
На строке 23955   в файле   80-261060841
На строке 23956   в файле   80-249964830
На строке 23957   в файле   80-249968525
На строке 23958   в файле   80-245080208
На строке 23959   в файле   80-252287430
На строке 23960   в файле   80-252288976
На строке 23961   в файле   80-252289187
На строке 23962   в файле   80-245113205
На строке 23963   в файле   80-245113938
На строке 23964   в файле   80-259543060
На строке 23965   в файле   80-261062316
На строке 23966   в файле   80-259543104
На строке 23967   в файле   80-261061289
На строке 23968   в файле   80-261061834
На строке 23969   в файле   80-261063315
На строке 23970   в файле   80-259544799
На строке 23971   в файле   80-261063175
На строке 23972   в файле   80-259545766
На строке 23973   в файле   80-259546420
На строке 23974   в файле   80-249965434
На строке 23975   в файле   80-249965864
На строке 23976   в файле   80-249965837
На строке 23977   в файле   80-249967101
На строке 23978   в файле   80-245048194
На строке 23979   в файле   80-252283967
На строке 23980   в файле   80-245049840
На строке 23981   в файле   80-249968721
На строке 23982   в файле   80-249969124
На строке 23983   в файле   80-245052532
На строке 23984   в файле   80-252284216
На строке 23985   в файле   80-249970936
На строке 23986   в файле   80-252284744
На строке 23987   в файле   80-252285045
На строке 23988   в файле   80-252285009
На строке 23989   в файле   80-252285090
На строке 23990   в файле   80-249976178
На строке 23991   в файле   80-252285547
На строке 23992   в файле   80-245076289
На строке 23993   в файле   80-245076904
На строке 23994   в файле   80-252508869
На строке 23995   в файле   80-245083754
На строке 23996   в файле   80-252596347
На строке 23997   в файле   80-249978247
На строке 23998   в файле   80-249979049
На строке 23999   в файле   80-249979482
На строке 24000   в файле   80-249980473
На строке 24001   в файле   80-245088957
На строке 24002   в файле   80-249979529
На строке 24003   в файле   80-249980914
На строке 24004   в файле   80-252287699
На строке 24005   в файле   80-249984014
На строке 24006   в файле   80-252596367
На строке 24007   в файле   80-252288160
На строке 24008   в файле   80-252288633
На строке 24009   в файле   80-252288668
На строке 24010   в файле   80-245108700
На строке 24011   в файле   80-252288982
На строке 24012   в файле   80-216527056
На строке 24013   в файле   80-216527061
На строке 24014   в файле   80-216527317
На строке 24015   в файле   80-216527946
На строке 24016   в файле   80-216527958
На строке 24017   в файле   80-216527964
На строке 24018   в файле   80-216527950
На строке 24019   в файле   80-216528187
На строке 24020   в файле   80-216527197
На строке 24021   в файле   80-216527208
На строке 24022   в файле   80-216527214
На строке 24023   в файле   80-216527313
На строке 24024   в файле   80-216527451
На строке 24025   в файле   80-216527449
На строке 24026   в файле   80-216527963
На строке 24027   в файле   80-216527951
На строке 24028   в файле   80-216528220
На строке 24029   в файле   80-216527445
На строке 24030   в файле   80-216821745
На строке 24031   в файле   80-259539920
На строке 24032   в файле   80-249459811
На строке 24033   в файле   80-249459913
На строке 24034   в файле   80-250992488
На строке 24035   в файле   80-252111505
На строке 24036   в файле   80-249463695
На строке 24037   в файле   80-252111331
На строке 24038   в файле   80-249460124
На строке 24039   в файле   80-249460293
На строке 24040   в файле   80-249460908
На строке 24041   в файле   80-249462595
На строке 24042   в файле   80-249462611
На строке 24043   в файле   80-249462963
На строке 24044   в файле   80-249463331
На строке 24045   в файле   80-249463843
На строке 24046   в файле   80-260472674
На строке 24047   в файле   80-260473001
На строке 24048   в файле   80-261200978
На строке 24049   в файле   80-249458494
На строке 24050   в файле   80-260473706
На строке 24051   в файле   80-249466977
На строке 24052   в файле   80-252111430
На строке 24053   в файле   80-249469021
На строке 24054   в файле   80-249469344
На строке 24055   в файле   80-249470182
На строке 24056   в файле   80-252491438
На строке 24057   в файле   80-249470952
На строке 24058   в файле   80-250996176
На строке 24059   в файле   80-260473750
На строке 24060   в файле   80-260474221
На строке 24061   в файле   80-261201830
На строке 24062   в файле   80-261201434
На строке 24063   в файле   80-261201808
На строке 24064   в файле   80-260477516
На строке 24065   в файле   80-260476576
На строке 24066   в файле   80-261202100
На строке 24067   в файле   80-260477747
На строке 24068   в файле   80-249467183
На строке 24069   в файле   80-249467648
На строке 24070   в файле   80-249467644
На строке 24071   в файле   80-250993928
На строке 24072   в файле   80-249466667
На строке 24073   в файле   80-261201196
На строке 24074   в файле   80-261201223
На строке 24075   в файле   80-261267300
На строке 24076   в файле   80-261203647
На строке 24077   в файле   80-249468977
На строке 24078   в файле   80-249469343
На строке 24079   в файле   80-249474072
На строке 24080   в файле   80-250996373
На строке 24081   в файле   80-249474867
На строке 24082   в файле   80-249475034
На строке 24083   в файле   80-249475045
На строке 24084   в файле   80-250997439
На строке 24085   в файле   80-252112176
На строке 24086   в файле   80-249480234
На строке 24087   в файле   80-252112179
На строке 24088   в файле   80-249480359
На строке 24089   в файле   80-249480226
На строке 24090   в файле   80-249480554
На строке 24091   в файле   80-249480548
На строке 24092   в файле   80-249480530
На строке 24093   в файле   80-260479964
На строке 24094   в файле   80-260480509
На строке 24095   в файле   80-260481298
На строке 24096   в файле   80-261204028
На строке 24097   в файле   80-261267431
На строке 24098   в файле   80-261204596
На строке 24099   в файле   80-261204494
На строке 24100   в файле   80-261204856
На строке 24101   в файле   80-261205146
На строке 24102   в файле   80-261205238
На строке 24103   в файле   80-261205240
На строке 24104   в файле   80-261205503
На строке 24105   в файле   80-261205442
На строке 24106   в файле   80-261205748
На строке 24107   в файле   80-261206138
На строке 24108   в файле   80-261206009
На строке 24109   в файле   80-261206529
На строке 24110   в файле   80-261206681
На строке 24111   в файле   80-261207059
На строке 24112   в файле   80-261267698
На строке 24113   в файле   80-249469320
На строке 24114   в файле   80-249469666
На строке 24115   в файле   80-249470084
На строке 24116   в файле   80-250995764
На строке 24117   в файле   80-249473156
На строке 24118   в файле   80-249472996
На строке 24119   в файле   80-249473132
На строке 24120   в файле   80-249473381
На строке 24121   в файле   80-249473487
На строке 24122   в файле   80-252111856
На строке 24123   в файле   80-249473504
На строке 24124   в файле   80-249473834
На строке 24125   в файле   80-249473844
На строке 24126   в файле   80-249473870
На строке 24127   в файле   80-249473996
На строке 24128   в файле   80-249474241
На строке 24129   в файле   80-252111963
На строке 24130   в файле   80-249474351
На строке 24131   в файле   80-249474384
На строке 24132   в файле   80-249474614
На строке 24133   в файле   80-252111976
На строке 24134   в файле   80-249474829
На строке 24135   в файле   80-252491685
На строке 24136   в файле   80-250996618
На строке 24137   в файле   80-252491668
На строке 24138   в файле   80-250996902
На строке 24139   в файле   80-250996905
На строке 24140   в файле   80-250997403
На строке 24141   в файле   80-249468173
На строке 24142   в файле   80-249468010
На строке 24143   в файле   80-260478560
На строке 24144   в файле   80-261202695
На строке 24145   в файле   80-259816385
На строке 24146   в файле   80-261211186
На строке 24147   в файле   80-261210863
На строке 24148   в файле   80-252491731
На строке 24149   в файле   80-249483474
На строке 24150   в файле   80-249485964
На строке 24151   в файле   80-249490712
На строке 24152   в файле   80-249498911
На строке 24153   в файле   80-249507320
На строке 24154   в файле   80-252113346
На строке 24155   в файле   80-249510570
На строке 24156   в файле   80-260495718
На строке 24157   в файле   80-260494747
На строке 24158   в файле   80-260496016
На строке 24159   в файле   80-261268047
На строке 24160   в файле   80-261211607
На строке 24161   в файле   80-260497310
На строке 24162   в файле   80-260497600
На строке 24163   в файле   80-261212677
На строке 24164   в файле   80-260498819
На строке 24165   в файле   80-260499373
На строке 24166   в файле   80-249482043
На строке 24167   в файле   80-249482417
На строке 24168   в файле   80-249482658
На строке 24169   в файле   80-249482878
На строке 24170   в файле   80-249482865
На строке 24171   в файле   80-249482855
На строке 24172   в файле   80-249483047
На строке 24173   в файле   80-249483345
На строке 24174   в файле   80-249483356
На строке 24175   в файле   80-249483492
На строке 24176   в файле   80-249483791
На строке 24177   в файле   80-249483825
На строке 24178   в файле   80-252112048
На строке 24179   в файле   80-250999181
На строке 24180   в файле   80-252492006
На строке 24181   в файле   80-249485120
На строке 24182   в файле   80-249485387
На строке 24183   в файле   80-249485435
На строке 24184   в файле   80-249485651
На строке 24185   в файле   80-249485969
На строке 24186   в файле   80-249486556
На строке 24187   в файле   80-249486594
На строке 24188   в файле   80-249486539
На строке 24189   в файле   80-250999443
На строке 24190   в файле   80-249487165
На строке 24191   в файле   80-249487414
На строке 24192   в файле   80-249487782
На строке 24193   в файле   80-249487971
На строке 24194   в файле   80-249488419
На строке 24195   в файле   80-252112620
На строке 24196   в файле   80-249491365
На строке 24197   в файле   80-252112915
На строке 24198   в файле   80-249492296
На строке 24199   в файле   80-249492423
На строке 24200   в файле   80-252112711
На строке 24201   в файле   80-249494605
На строке 24202   в файле   80-249494615
На строке 24203   в файле   80-249495426
На строке 24204   в файле   80-249495859
На строке 24205   в файле   80-249497476
На строке 24206   в файле   80-249497903
На строке 24207   в файле   80-249496239
На строке 24208   в файле   80-249499331
На строке 24209   в файле   80-251000979
На строке 24210   в файле   80-249501773
На строке 24211   в файле   80-249502880
На строке 24212   в файле   80-249502968
На строке 24213   в файле   80-249504015
На строке 24214   в файле   80-249505134
На строке 24215   в файле   80-252113127
На строке 24216   в файле   80-249506205
На строке 24217   в файле   80-252113124
На строке 24218   в файле   80-249508662
На строке 24219   в файле   80-249508675
На строке 24220   в файле   80-249509320
На строке 24221   в файле   80-250997900
На строке 24222   в файле   80-250997950
На строке 24223   в файле   80-261210926
На строке 24224   в файле   80-261210263
На строке 24225   в файле   80-260504613
На строке 24226   в файле   80-252112715
На строке 24227   в файле   80-249504470
На строке 24228   в файле   80-249506326
На строке 24229   в файле   80-249509930
На строке 24230   в файле   80-249511244
На строке 24231   в файле   80-249511141
На строке 24232   в файле   80-261213818
На строке 24233   в файле   80-261213565
На строке 24234   в файле   80-261213771
На строке 24235   в файле   80-261214213
На строке 24236   в файле   80-261214562
На строке 24237   в файле   80-261214957
На строке 24238   в файле   80-249494657
На строке 24239   в файле   80-249495455
На строке 24240   в файле   80-249496148
На строке 24241   в файле   80-249497104
На строке 24242   в файле   80-249497886
На строке 24243   в файле   80-249499052
На строке 24244   в файле   80-249498928
На строке 24245   в файле   80-249499310
На строке 24246   в файле   80-249501792
На строке 24247   в файле   80-249501769
На строке 24248   в файле   80-249504056
На строке 24249   в файле   80-249504116
На строке 24250   в файле   80-249486005
На строке 24251   в файле   80-249486266
На строке 24252   в файле   80-249486574
На строке 24253   в файле   80-249487227
На строке 24254   в файле   80-249488638
На строке 24255   в файле   80-249490715
На строке 24256   в файле   80-249491310
На строке 24257   в файле   80-249491379
На строке 24258   в файле   80-249492152
На строке 24259   в файле   80-249488014
На строке 24260   в файле   80-249490556
На строке 24261   в файле   80-260501637
На строке 24262   в файле   80-249512499
На строке 24263   в файле   80-261141089
На строке 24264   в файле   80-251730377
На строке 24265   в файле   80-251740691
На строке 24266   в файле   80-251747380
На строке 24267   в файле   80-251753590
На строке 24268   в файле   80-246951739
На строке 24269   в файле   80-251759381
На строке 24270   в файле   80-252404733
На строке 24271   в файле   80-251766770
На строке 24272   в файле   80-261141536
На строке 24273   в файле   80-261144007
На строке 24274   в файле   80-259978500
На строке 24275   в файле   80-259981478
На строке 24276   в файле   80-261263704
На строке 24277   в файле   80-259987379
На строке 24278   в файле   80-261151788
На строке 24279   в файле   80-259990683
На строке 24280   в файле   80-259991103
На строке 24281   в файле   80-251730963
На строке 24282   в файле   80-252540335
На строке 24283   в файле   80-246904256
На строке 24284   в файле   80-246906313
На строке 24285   в файле   80-251736325
На строке 24286   в файле   80-251738705
На строке 24287   в файле   80-246913892
На строке 24288   в файле   80-251739703
На строке 24289   в файле   80-251740800
На строке 24290   в файле   80-251740169
На строке 24291   в файле   80-251741619
На строке 24292   в файле   80-251742368
На строке 24293   в файле   80-251743657
На строке 24294   в файле   80-252543165
На строке 24295   в файле   80-251744781
На строке 24296   в файле   80-251745240
На строке 24297   в файле   80-251745694
На строке 24298   в файле   80-251746113
На строке 24299   в файле   80-251747010
На строке 24300   в файле   80-251746610
На строке 24301   в файле   80-246932032
На строке 24302   в файле   80-251748343
На строке 24303   в файле   80-246932785
На строке 24304   в файле   80-246934425
На строке 24305   в файле   80-246936862
На строке 24306   в файле   80-251750197
На строке 24307   в файле   80-251751156
На строке 24308   в файле   80-252403200
На строке 24309   в файле   80-252403842
На строке 24310   в файле   80-251752937
На строке 24311   в файле   80-251753956
На строке 24312   в файле   80-251754570
На строке 24313   в файле   80-246947063
На строке 24314   в файле   80-246947765
На строке 24315   в файле   80-246948271
На строке 24316   в файле   80-251755195
На строке 24317   в файле   80-251755474
На строке 24318   в файле   80-251755521
На строке 24319   в файле   80-246950496
На строке 24320   в файле   80-246949704
На строке 24321   в файле   80-246952405
На строке 24322   в файле   80-246956359
На строке 24323   в файле   80-251758427
На строке 24324   в файле   80-251758478
На строке 24325   в файле   80-246958537
На строке 24326   в файле   80-246959063
На строке 24327   в файле   80-251758779
На строке 24328   в файле   80-251759133
На строке 24329   в файле   80-251759728
На строке 24330   в файле   80-251759777
На строке 24331   в файле   80-251760063
На строке 24332   в файле   80-251760397
На строке 24333   в файле   80-251760377
На строке 24334   в файле   80-251760452
На строке 24335   в файле   80-251761084
На строке 24336   в файле   80-251761013
На строке 24337   в файле   80-251761306
На строке 24338   в файле   80-251762230
На строке 24339   в файле   80-251764416
На строке 24340   в файле   80-251764897
На строке 24341   в файле   80-246967780
На строке 24342   в файле   80-246967744
На строке 24343   в файле   80-246969660
На строке 24344   в файле   80-246971481
На строке 24345   в файле   80-246972906
На строке 24346   в файле   80-251765846
На строке 24347   в файле   80-251766167
На строке 24348   в файле   80-246974920
На строке 24349   в файле   80-251767319
На строке 24350   в файле   80-251768102
На строке 24351   в файле   80-251768301
На строке 24352   в файле   80-251768350
На строке 24353   в файле   80-246981606
На строке 24354   в файле   80-246982026
На строке 24355   в файле   80-251769983
На строке 24356   в файле   80-246987155
На строке 24357   в файле   80-246986252
На строке 24358   в файле   80-261141608
На строке 24359   в файле   80-261141718
На строке 24360   в файле   80-259976056
На строке 24361   в файле   80-261142217
На строке 24362   в файле   80-261142509
На строке 24363   в файле   80-259976677
На строке 24364   в файле   80-261143113
На строке 24365   в файле   80-261143293
На строке 24366   в файле   80-259977311
На строке 24367   в файле   80-261144476
На строке 24368   в файле   80-259977516
На строке 24369   в файле   80-261144274
На строке 24370   в файле   80-261144818
На строке 24371   в файле   80-261145003
На строке 24372   в файле   80-261146229
На строке 24373   в файле   80-259978378
На строке 24374   в файле   80-261145537
На строке 24375   в файле   80-261146196
На строке 24376   в файле   80-259978673
На строке 24377   в файле   80-261146556
На строке 24378   в файле   80-261147558
На строке 24379   в файле   80-261148257
На строке 24380   в файле   80-259980347
На строке 24381   в файле   80-259980459
На строке 24382   в файле   80-259980454
На строке 24383   в файле   80-261148787
На строке 24384   в файле   80-259980799
На строке 24385   в файле   80-259981737
На строке 24386   в файле   80-261149063
На строке 24387   в файле   80-261149422
На строке 24388   в файле   80-259982159
На строке 24389   в файле   80-259982252
На строке 24390   в файле   80-259982964
На строке 24391   в файле   80-259984327
На строке 24392   в файле   80-261150110
На строке 24393   в файле   80-259984998
На строке 24394   в файле   80-259985244
На строке 24395   в файле   80-259985497
На строке 24396   в файле   80-259985578
На строке 24397   в файле   80-259985870
На строке 24398   в файле   80-259986368
На строке 24399   в файле   80-259986524
На строке 24400   в файле   80-261150552
На строке 24401   в файле   80-261150718
На строке 24402   в файле   80-259988144
На строке 24403   в файле   80-261263737
На строке 24404   в файле   80-261151011
На строке 24405   в файле   80-261151169
На строке 24406   в файле   80-261151675
На строке 24407   в файле   80-251730492
На строке 24408   в файле   80-252400601
На строке 24409   в файле   80-261140731
На строке 24410   в файле   80-259977396
На строке 24411   в файле   80-261143555
На строке 24412   в файле   80-261145282
На строке 24413   в файле   80-261148367
На строке 24414   в файле   80-259980952
На строке 24415   в файле   80-261149663
На строке 24416   в файле   80-259984365
На строке 24417   в файле   80-261151651
На строке 24418   в файле   80-259990264
На строке 24419   в файле   80-259990936
На строке 24420   в файле   80-251732194
На строке 24421   в файле   80-251735864
На строке 24422   в файле   80-251736917
На строке 24423   в файле   80-251739184
На строке 24424   в файле   80-246915419
На строке 24425   в файле   80-251744394
На строке 24426   в файле   80-251756802
На строке 24427   в файле   80-251756672
На строке 24428   в файле   80-251757814
На строке 24429   в файле   80-251762463
На строке 24430   в файле   80-246969595
На строке 24431   в файле   80-251766535
На строке 24432   в файле   80-259978271
На строке 24433   в файле   80-261146752
На строке 24434   в файле   80-261146341
На строке 24435   в файле   80-259979008
На строке 24436   в файле   80-259978923
На строке 24437   в файле   80-261146879
На строке 24438   в файле   80-261146674
На строке 24439   в файле   80-261146941
На строке 24440   в файле   80-261147051
На строке 24441   в файле   80-259979139
На строке 24442   в файле   80-261147510
На строке 24443   в файле   80-261147392
На строке 24444   в файле   80-261147447
На строке 24445   в файле   80-261147791
На строке 24446   в файле   80-261147423
На строке 24447   в файле   80-261147872
На строке 24448   в файле   80-259979403
На строке 24449   в файле   80-259979658
На строке 24450   в файле   80-251745671
На строке 24451   в файле   80-246927855
На строке 24452   в файле   80-246929748
На строке 24453   в файле   80-246929803
На строке 24454   в файле   80-251747362
На строке 24455   в файле   80-252612183
На строке 24456   в файле   80-246931318
На строке 24457   в файле   80-251748104
На строке 24458   в файле   80-246933661
На строке 24459   в файле   80-246935152
На строке 24460   в файле   80-252543791
На строке 24461   в файле   80-251750262
На строке 24462   в файле   80-251750202
На строке 24463   в файле   80-246937792
На строке 24464   в файле   80-246940673
На строке 24465   в файле   80-251750938
На строке 24466   в файле   80-252403288
На строке 24467   в файле   80-251753268
На строке 24468   в файле   80-251754195
На строке 24469   в файле   80-251754825
На строке 24470   в файле   80-251754929
На строке 24471   в файле   80-251754263
На строке 24472   в файле   80-246949083
На строке 24473   в файле   80-251755873
На строке 24474   в файле   80-251755445
На строке 24475   в файле   80-251756129
На строке 24476   в файле   80-251756149
На строке 24477   в файле   80-251756092
На строке 24478   в файле   80-251757223
На строке 24479   в файле   80-251757065
На строке 24480   в файле   80-251757361
На строке 24481   в файле   80-251757642
На строке 24482   в файле   80-251758237
На строке 24483   в файле   80-246957166
На строке 24484   в файле   80-251757930
На строке 24485   в файле   80-251758471
На строке 24486   в файле   80-251759062
На строке 24487   в файле   80-251759136
На строке 24488   в файле   80-246962733
На строке 24489   в файле   80-251759787
На строке 24490   в файле   80-251760693
На строке 24491   в файле   80-251761007
На строке 24492   в файле   80-251761641
На строке 24493   в файле   80-251761709
На строке 24494   в файле   80-251762515
На строке 24495   в файле   80-252404542
На строке 24496   в файле   80-252404569
На строке 24497   в файле   80-251764412
На строке 24498   в файле   80-246966832
На строке 24499   в файле   80-246967816
На строке 24500   в файле   80-246969545
На строке 24501   в файле   80-246968733
На строке 24502   в файле   80-251764914
На строке 24503   в файле   80-251765477
На строке 24504   в файле   80-252406221
На строке 24505   в файле   80-246976441
На строке 24506   в файле   80-252405960
На строке 24507   в файле   80-246977967
На строке 24508   в файле   80-251767293
На строке 24509   в файле   80-251767291
На строке 24510   в файле   80-251767615
На строке 24511   в файле   80-251767781
На строке 24512   в файле   80-246981361
На строке 24513   в файле   80-246981396
На строке 24514   в файле   80-251768902
На строке 24515   в файле   80-246985609
На строке 24516   в файле   80-251769126
На строке 24517   в файле   80-251769469
На строке 24518   в файле   80-252405874
На строке 24519   в файле   80-251769984
На строке 24520   в файле   80-251769987
На строке 24521   в файле   80-251770204
На строке 24522   в файле   80-251770506
На строке 24523   в файле   80-246989729
На строке 24524   в файле   80-251770536
На строке 24525   в файле   80-251771004
На строке 24526   в файле   80-246990427
На строке 24527   в файле   80-251770503
На строке 24528   в файле   80-251770722
На строке 24529   в файле   80-251770982
На строке 24530   в файле   80-251770969
На строке 24531   в файле   80-246991296
На строке 24532   в файле   80-251771532
На строке 24533   в файле   80-251771465
На строке 24534   в файле   80-251771480
На строке 24535   в файле   80-251771757
На строке 24536   в файле   80-251771199
На строке 24537   в файле   80-251772005
На строке 24538   в файле   80-251772020
На строке 24539   в файле   80-246993129
На строке 24540   в файле   80-251772098
На строке 24541   в файле   80-246993253
На строке 24542   в файле   80-251772519
На строке 24543   в файле   80-251772765
На строке 24544   в файле   80-251772529
На строке 24545   в файле   80-251772597
На строке 24546   в файле   80-252406673
На строке 24547   в файле   80-251773016
На строке 24548   в файле   80-251773084
На строке 24549   в файле   80-246996473
На строке 24550   в файле   80-251773636
На строке 24551   в файле   80-251773544
На строке 24552   в файле   80-246998643
На строке 24553   в файле   80-246998693
На строке 24554   в файле   80-247000205
На строке 24555   в файле   80-251774647
На строке 24556   в файле   80-252543830
На строке 24557   в файле   80-247004662
На строке 24558   в файле   80-251775270
На строке 24559   в файле   80-251776653
На строке 24560   в файле   80-247008471
На строке 24561   в файле   80-251777387
На строке 24562   в файле   80-247009696
На строке 24563   в файле   80-247010956
На строке 24564   в файле   80-247011970
На строке 24565   в файле   80-251778135
На строке 24566   в файле   80-247015006
На строке 24567   в файле   80-251778597
На строке 24568   в файле   80-247016497
На строке 24569   в файле   80-247017776
На строке 24570   в файле   80-251779482
На строке 24571   в файле   80-247021167
На строке 24572   в файле   80-247022825
На строке 24573   в файле   80-251779927
На строке 24574   в файле   80-247024046
На строке 24575   в файле   80-251780365
На строке 24576   в файле   80-247028926
На строке 24577   в файле   80-247029502
На строке 24578   в файле   80-251781722
На строке 24579   в файле   80-252407520
На строке 24580   в файле   80-252408807
На строке 24581   в файле   80-247036839
На строке 24582   в файле   80-247036821
На строке 24583   в файле   80-251783045
На строке 24584   в файле   80-251783827
На строке 24585   в файле   80-251784087
На строке 24586   в файле   80-251784343
На строке 24587   в файле   80-247044783
На строке 24588   в файле   80-247045189
На строке 24589   в файле   80-247045422
На строке 24590   в файле   80-251744826
На строке 24591   в файле   80-261144969
На строке 24592   в файле   80-246992642
На строке 24593   в файле   80-251772291
На строке 24594   в файле   80-251773234
На строке 24595   в файле   80-251779689
На строке 24596   в файле   80-247027438
На строке 24597   в файле   80-247027453
На строке 24598   в файле   80-260511219
На строке 24599   в файле   80-249490946
На строке 24600   в файле   80-249490228
На строке 24601   в файле   80-249501757
На строке 24602   в файле   80-249513117
На строке 24603   в файле   80-251003751
На строке 24604   в файле   80-251005330
На строке 24605   в файле   80-249527539
На строке 24606   в файле   80-249532487
На строке 24607   в файле   80-249533378
На строке 24608   в файле   80-249533460
На строке 24609   в файле   80-260511118
На строке 24610   в файле   80-260511619
На строке 24611   в файле   80-261216553
На строке 24612   в файле   80-260511639
На строке 24613   в файле   80-261216782
На строке 24614   в файле   80-260511958
На строке 24615   в файле   80-260512356
На строке 24616   в файле   80-261216965
На строке 24617   в файле   80-261217328
На строке 24618   в файле   80-261217488
На строке 24619   в файле   80-261217567
На строке 24620   в файле   80-261217659
На строке 24621   в файле   80-261217843
На строке 24622   в файле   80-261217702
На строке 24623   в файле   80-249491624
На строке 24624   в файле   80-252112805
На строке 24625   в файле   80-249494129
На строке 24626   в файле   80-249494629
На строке 24627   в файле   80-251000571
На строке 24628   в файле   80-249495330
На строке 24629   в файле   80-249496165
На строке 24630   в файле   80-249496206
На строке 24631   в файле   80-249497119
На строке 24632   в файле   80-249496545
На строке 24633   в файле   80-249498604
На строке 24634   в файле   80-249498476
На строке 24635   в файле   80-251000309
На строке 24636   в файле   80-252112914
На строке 24637   в файле   80-249502775
На строке 24638   в файле   80-249503925
На строке 24639   в файле   80-249506147
На строке 24640   в файле   80-249507499
На строке 24641   в файле   80-249507506
На строке 24642   в файле   80-249507548
На строке 24643   в файле   80-249508638
На строке 24644   в файле   80-249509122
На строке 24645   в файле   80-249509917
На строке 24646   в файле   80-249509934
На строке 24647   в файле   80-251002240
На строке 24648   в файле   80-249511151
На строке 24649   в файле   80-249512549
На строке 24650   в файле   80-251002615
На строке 24651   в файле   80-251002625
На строке 24652   в файле   80-252113313
На строке 24653   в файле   80-249513986
На строке 24654   в файле   80-251003756
На строке 24655   в файле   80-252113239
На строке 24656   в файле   80-249517403
На строке 24657   в файле   80-251003801
На строке 24658   в файле   80-249518050
На строке 24659   в файле   80-249518137
На строке 24660   в файле   80-251003750
На строке 24661   в файле   80-249517988
На строке 24662   в файле   80-249518615
На строке 24663   в файле   80-252113461
На строке 24664   в файле   80-252113531
На строке 24665   в файле   80-249518637
На строке 24666   в файле   80-251004553
На строке 24667   в файле   80-251004527
На строке 24668   в файле   80-251004546
На строке 24669   в файле   80-251004525
На строке 24670   в файле   80-249520666
На строке 24671   в файле   80-249521350
На строке 24672   в файле   80-249521323
На строке 24673   в файле   80-249521878
На строке 24674   в файле   80-251005339
На строке 24675   в файле   80-249522568
На строке 24676   в файле   80-249522575
На строке 24677   в файле   80-249523270
На строке 24678   в файле   80-249523976
На строке 24679   в файле   80-251006200
На строке 24680   в файле   80-249524693
На строке 24681   в файле   80-251006180
На строке 24682   в файле   80-249524854
На строке 24683   в файле   80-249525973
На строке 24684   в файле   80-249526263
На строке 24685   в файле   80-249526822
На строке 24686   в файле   80-249527940
На строке 24687   в файле   80-249527871
На строке 24688   в файле   80-249528663
На строке 24689   в файле   80-249529280
На строке 24690   в файле   80-249530431
На строке 24691   в файле   80-249530889
На строке 24692   в файле   80-249531836
На строке 24693   в файле   80-249487998
На строке 24694   в файле   80-260510354
На строке 24695   в файле   80-261224739
На строке 24696   в файле   80-251005349
На строке 24697   в файле   80-249526043
На строке 24698   в файле   80-249531909
На строке 24699   в файле   80-249540589
На строке 24700   в файле   80-249549150
На строке 24701   в файле   80-249549157
На строке 24702   в файле   80-251011755
На строке 24703   в файле   80-251011942
На строке 24704   в файле   80-249560450
На строке 24705   в файле   80-252114418
На строке 24706   в файле   80-260517403
На строке 24707   в файле   80-260517296
На строке 24708   в файле   80-261224655
На строке 24709   в файле   80-261224835
На строке 24710   в файле   80-261225095
На строке 24711   в файле   80-260517503
На строке 24712   в файле   80-261225233
На строке 24713   в файле   80-261225152
На строке 24714   в файле   80-260518059
На строке 24715   в файле   80-260518091
На строке 24716   в файле   80-251006101
На строке 24717   в файле   80-251005302
На строке 24718   в файле   80-249522572
На строке 24719   в файле   80-249523281
На строке 24720   в файле   80-249522581
На строке 24721   в файле   80-251006142
На строке 24722   в файле   80-252113544
На строке 24723   в файле   80-249524076
На строке 24724   в файле   80-249524694
На строке 24725   в файле   80-249524681
На строке 24726   в файле   80-249526207
На строке 24727   в файле   80-249526641
На строке 24728   в файле   80-251006779
На строке 24729   в файле   80-249527249
На строке 24730   в файле   80-249528875
На строке 24731   в файле   80-249528737
На строке 24732   в файле   80-249528861
На строке 24733   в файле   80-249530289
На строке 24734   в файле   80-249530339
На строке 24735   в файле   80-249530408
На строке 24736   в файле   80-249530979
На строке 24737   в файле   80-249531709
На строке 24738   в файле   80-249533443
На строке 24739   в файле   80-251006755
На строке 24740   в файле   80-251007349
На строке 24741   в файле   80-251007385
На строке 24742   в файле   80-249536832
На строке 24743   в файле   80-249537706
На строке 24744   в файле   80-249538365
На строке 24745   в файле   80-249539111
На строке 24746   в файле   80-249539400
На строке 24747   в файле   80-249539814
На строке 24748   в файле   80-249542356
На строке 24749   в файле   80-249542021
На строке 24750   в файле   80-249543079
На строке 24751   в файле   80-249544499
На строке 24752   в файле   80-249544479
На строке 24753   в файле   80-249544496
На строке 24754   в файле   80-252113748
На строке 24755   в файле   80-249547327
На строке 24756   в файле   80-249547925
На строке 24757   в файле   80-249547812
На строке 24758   в файле   80-249550313
На строке 24759   в файле   80-251010241
На строке 24760   в файле   80-249551151
На строке 24761   в файле   80-252114244
На строке 24762   в файле   80-252114317
На строке 24763   в файле   80-249555392
На строке 24764   в файле   80-249555572
На строке 24765   в файле   80-249555544
На строке 24766   в файле   80-249555531
На строке 24767   в файле   80-249556974
На строке 24768   в файле   80-251011818
На строке 24769   в файле   80-249557348
На строке 24770   в файле   80-251012599
На строке 24771   в файле   80-252492918
На строке 24772   в файле   80-251012597
На строке 24773   в файле   80-251013419
На строке 24774   в файле   80-251013571
На строке 24775   в файле   80-249559135
На строке 24776   в файле   80-249560537
На строке 24777   в файле   80-251013439
На строке 24778   в файле   80-249521312
На строке 24779   в файле   80-261223696
На строке 24780   в файле   80-261224111
На строке 24781   в файле   80-261116529
На строке 24782   в файле   80-251377344
На строке 24783   в файле   ;;Собственность, № 54-54/001-54/001/457/2015-323/3 от 14.10.2015;;;https://yadi.sk/d/hqnYaTJQDXiavw;https://yadi.sk/d/m-g98q8NEU2aIg;;2022-05-30 17:52:23
На строке 24784   в файле   80-251377346
На строке 24785   в файле   80-251376702
На строке 24786   в файле   80-261261283
На строке 24787   в файле   80-261221720
На строке 24788   в файле   80-249527379
На строке 24789   в файле   80-249537691
На строке 24790   в файле   80-249537606
На строке 24791   в файле   80-249541333
На строке 24792   в файле   80-249539679
На строке 24793   в файле   80-251007967
На строке 24794   в файле   80-251008273
На строке 24795   в файле   80-252113756
На строке 24796   в файле   80-251007970
На строке 24797   в файле   80-251008706
На строке 24798   в файле   80-252492724
На строке 24799   в файле   80-249547856
На строке 24800   в файле   80-249549740
На строке 24801   в файле   80-249548430
На строке 24802   в файле   80-251010946
На строке 24803   в файле   80-251010951
На строке 24804   в файле   80-249556236
На строке 24805   в файле   80-249556869
На строке 24806   в файле   80-261221870
На строке 24807   в файле   80-261222095
На строке 24808   в файле   80-261222233
На строке 24809   в файле   80-260515455
На строке 24810   в файле   80-261222257
На строке 24811   в файле   80-261222329
На строке 24812   в файле   80-261222718
На строке 24813   в файле   80-261222743
На строке 24814   в файле   80-261222805
На строке 24815   в файле   80-260516215
На строке 24816   в файле   80-261222717
На строке 24817   в файле   80-261223319
На строке 24818   в файле   80-261223160
На строке 24819   в файле   80-260516358
На строке 24820   в файле   80-260516583
На строке 24821   в файле   80-249529375
На строке 24822   в файле   80-249532060
На строке 24823   в файле   80-249533142
На строке 24824   в файле   80-251006784
На строке 24825   в файле   80-251006788
На строке 24826   в файле   80-251007321
На строке 24827   в файле   80-251007323
На строке 24828   в файле   80-261221727
На строке 24829   в файле   80-261219798
На строке 24830   в файле   80-249537992
На строке 24831   в файле   80-252113749
На строке 24832   в файле   80-249547814
На строке 24833   в файле   80-249547837
На строке 24834   в файле   80-249549170
На строке 24835   в файле   80-249549853
На строке 24836   в файле   80-249550746
На строке 24837   в файле   80-249551021
На строке 24838   в файле   80-249551612
На строке 24839   в файле   80-249551723
На строке 24840   в файле   80-249554643
На строке 24841   в файле   80-249555575
На строке 24842   в файле   80-261220277
На строке 24843   в файле   80-261220216
На строке 24844   в файле   80-260513934
На строке 24845   в файле   80-260514118
На строке 24846   в файле   80-261220423
На строке 24847   в файле   80-261220746
На строке 24848   в файле   80-261220460
На строке 24849   в файле   80-260514156
На строке 24850   в файле   80-261220831
На строке 24851   в файле   80-261220838
На строке 24852   в файле   80-261220778
На строке 24853   в файле   80-261221171
На строке 24854   в файле   80-261221007
На строке 24855   в файле   80-260514662
На строке 24856   в файле   80-260514734
На строке 24857   в файле   80-261221558
На строке 24858   в файле   80-249538969
На строке 24859   в файле   80-252492412
На строке 24860   в файле   80-249539789
На строке 24861   в файле   80-249540835
На строке 24862   в файле   80-249541471
На строке 24863   в файле   80-249541320
На строке 24864   в файле   80-249541239
На строке 24865   в файле   80-249542991
На строке 24866   в файле   80-249543091
На строке 24867   в файле   80-251008030
На строке 24868   в файле   80-251008623
На строке 24869   в файле   80-252492644
На строке 24870   в файле   80-249537659
На строке 24871   в файле   80-261219335
На строке 24872   в файле   80-261219713
На строке 24873   в файле   80-261221477
На строке 24874   в файле   80-260516846
На строке 24875   в файле   80-249549323
На строке 24876   в файле   80-249550301
На строке 24877   в файле   80-251010954
На строке 24878   в файле   80-252114316
На строке 24879   в файле   80-251010956
На строке 24880   в файле   80-249557012
На строке 24881   в файле   80-251011829
На строке 24882   в файле   80-251012723
На строке 24883   в файле   80-252114518
На строке 24884   в файле   80-249559759
На строке 24885   в файле   80-251013020
На строке 24886   в файле   80-252493042
На строке 24887   в файле   80-249559800
На строке 24888   в файле   80-249560611
На строке 24889   в файле   80-251013885
На строке 24890   в файле   80-261224091
На строке 24891   в файле   80-261268415
На строке 24892   в файле   80-261224672
На строке 24893   в файле   80-252492908
На строке 24894   в файле   80-261223553
На строке 24895   в файле   80-261223576
На строке 24896   в файле   80-261223549
На строке 24897   в файле   80-260518966
На строке 24898   в файле   80-261227349
На строке 24899   в файле   80-261268478
На строке 24900   в файле   80-260519630
На строке 24901   в файле   80-260519835
На строке 24902   в файле   80-260520145
На строке 24903   в файле   80-261227364
На строке 24904   в файле   80-249561261
На строке 24905   в файле   80-249561389
На строке 24906   в файле   80-249562004
На строке 24907   в файле   80-261226088
На строке 24908   в файле   80-261226851
На строке 24909   в файле   80-249561879
На строке 24910   в файле   80-249562730
На строке 24911   в файле   80-252114516
На строке 24912   в файле   80-249563161
На строке 24913   в файле   80-249562613
На строке 24914   в файле   80-249563288
На строке 24915   в файле   80-249563406
На строке 24916   в файле   80-249563587
На строке 24917   в файле   80-249564079
На строке 24918   в файле   80-249564637
На строке 24919   в файле   80-249563971
На строке 24920   в файле   80-249564831
На строке 24921   в файле   80-249564997
На строке 24922   в файле   80-261227039
На строке 24923   в файле   80-261227150
На строке 24924   в файле   80-261226783
На строке 24925   в файле   80-260519202
На строке 24926   в файле   80-261227225
На строке 24927   в файле   80-249561891
На строке 24928   в файле   80-249562000
На строке 24929   в файле   80-261225967
На строке 24930   в файле   80-261225843
На строке 24931   в файле   80-261226247
На строке 24932   в файле   80-261226627
На строке 24933   в файле   80-261225881
На строке 24934   в файле   80-261226468
На строке 24935   в файле   80-260090459
На строке 24936   в файле   80-248160448
На строке 24937   в файле   80-251967287
На строке 24938   в файле   80-248166952
На строке 24939   в файле   80-248169382
На строке 24940   в файле   80-248171572
На строке 24941   в файле   80-248175722
На строке 24942   в файле   80-248178477
На строке 2   в файле   80-261016527
На строке 3   в файле   80-249954833
На строке 4   в файле   80-249955608
На строке 5   в файле   80-252282031
На строке 6   в файле   80-245025717
На строке 7   в файле   80-245027183
На строке 8   в файле   80-252508523
На строке 9   в файле   80-245032977
На строке 10   в файле   80-249960816
На строке 11   в файле   80-261256204
На строке 12   в файле   80-261017800
На строке 13   в файле   80-261017761
На строке 14   в файле   80-261017590
На строке 15   в файле   80-261018696
На строке 16   в файле   80-261019235
На строке 17   в файле   80-261256368
На строке 18   в файле   80-261020350
На строке 19   в файле   80-261023149
На строке 20   в файле   80-261024486
На строке 21   в файле   80-249955078
На строке 22   в файле   80-249954804
На строке 23   в файле   80-245021599
На строке 24   в файле   80-249954823
На строке 25   в файле   80-249955322
На строке 26   в файле   80-249955064
На строке 27   в файле   80-249955385
На строке 28   в файле   80-249955377
На строке 29   в файле   80-245022070
На строке 30   в файле   80-249955332
На строке 31   в файле   80-249955619
На строке 32   в файле   80-249955992
На строке 33   в файле   80-245022378
На строке 34   в файле   80-252281980
На строке 35   в файле   80-252282021
На строке 36   в файле   80-249955889
На строке 37   в файле   80-249956227
На строке 38   в файле   80-249955899
На строке 39   в файле   80-245024129
На строке 40   в файле   80-245024482
На строке 41   в файле   80-249956163
На строке 42   в файле   80-249956231
На строке 43   в файле   80-245025680
На строке 44   в файле   80-249956636
На строке 45   в файле   80-245024857
На строке 46   в файле   80-249956870
На строке 47   в файле   80-245025302
На строке 48   в файле   80-249956525
На строке 49   в файле   80-252508653
На строке 50   в файле   80-249956559
На строке 51   в файле   80-249956828
На строке 52   в файле   80-249957487
На строке 53   в файле   80-249957248
На строке 54   в файле   80-249957142
На строке 55   в файле   80-249956901
На строке 56   в файле   80-252281987
На строке 57   в файле   80-249957501
На строке 58   в файле   80-249957439
На строке 59   в файле   80-249957798
На строке 60   в файле   80-245026756
На строке 61   в файле   80-249957920
На строке 62   в файле   80-249958153
На строке 63   в файле   80-249958150
На строке 64   в файле   80-249958479
На строке 65   в файле   80-249958151
На строке 66   в файле   80-249957931
На строке 67   в файле   80-249958630
На строке 68   в файле   80-245028807
На строке 69   в файле   80-249958620
На строке 70   в файле   80-249958808
На строке 71   в файле   80-252596564
На строке 72   в файле   80-252508726
На строке 73   в файле   80-252509097
На строке 74   в файле   80-252283193
На строке 75   в файле   80-252283434
На строке 76   в файле   80-252283416
На строке 77   в файле   80-252283436
На строке 78   в файле   80-249960400
На строке 79   в файле   80-249960803
На строке 80   в файле   80-245032452
На строке 81   в файле   80-249960807
На строке 82   в файле   80-249954838
На строке 83   в файле   80-261015033
На строке 84   в файле   80-249954522
На строке 85   в файле   80-261015224
На строке 87   в файле   80-261246162
На строке 88   в файле   80-243957895
На строке 89   в файле   80-244727128
На строке 90   в файле   80-249924389
На строке 91   в файле   80-252505112
На строке 92   в файле   80-243971625
На строке 93   в файле   80-244754477
На строке 94   в файле   80-249925094
На строке 95   в файле   80-243977541
На строке 96   в файле   80-261246411
На строке 97   в файле   80-260819770
На строке 98   в файле   80-260820424
На строке 99   в файле   80-260822026
На строке 100   в файле   80-260825538
На строке 101   в файле   80-260827615
На строке 102   в файле   80-260830459
На строке 103   в файле   80-260832806
На строке 104   в файле   80-260835437
На строке 105   в файле   80-260835244
На строке 106   в файле   80-260836045
На строке 107   в файле   80-252247823
На строке 108   в файле   80-244725558
На строке 109   в файле   80-243958955
На строке 110   в файле   80-243959914
На строке 111   в файле   80-249923796
На строке 112   в файле   80-243960083
На строке 113   в файле   80-244725548
На строке 114   в файле   80-244726306
На строке 115   в файле   80-243962533
На строке 116   в файле   80-243963022
На строке 117   в файле   80-244728612
На строке 118   в файле   80-244730634
На строке 119   в файле   80-252247654
На строке 120   в файле   80-252248363
На строке 121   в файле   80-243965609
На строке 122   в файле   80-243965888
На строке 123   в файле   80-243966002
На строке 124   в файле   80-252505120
На строке 125   в файле   80-244735476
На строке 126   в файле   80-243966377
На строке 127   в файле   80-243967274
На строке 128   в файле   80-244738493
На строке 129   в файле   80-244739302
На строке 130   в файле   80-249924378
На строке 131   в файле   80-243967973
На строке 132   в файле   80-243968315
На строке 133   в файле   80-244741528
На строке 134   в файле   80-244740941
На строке 135   в файле   80-243968508
На строке 136   в файле   80-244742629
На строке 137   в файле   80-249924484
На строке 138   в файле   80-244743369
На строке 139   в файле   80-244743972
На строке 140   в файле   80-244743472
На строке 141   в файле   80-243970358
На строке 142   в файле   80-244748317
На строке 143   в файле   80-252251266
На строке 144   в файле   80-244748975
На строке 145   в файле   80-243971058
На строке 146   в файле   80-249924859
На строке 147   в файле   80-243971508
На строке 148   в файле   80-243971550
На строке 149   в файле   80-249924856
На строке 150   в файле   80-252252069
На строке 151   в файле   80-243972659
На строке 152   в файле   80-244753381
На строке 153   в файле   80-244751883
На строке 154   в файле   80-244752481
На строке 155   в файле   80-243973103
На строке 156   в файле   80-244753900
На строке 157   в файле   80-249925015
На строке 158   в файле   80-244754502
На строке 159   в файле   80-244755052
На строке 160   в файле   80-249925004
На строке 161   в файле   80-249925084
На строке 162   в файле   80-244756361
На строке 163   в файле   80-243974543
На строке 164   в файле   80-243974365
На строке 165   в файле   80-244757589
На строке 166   в файле   80-244757569
На строке 167   в файле   80-252252615
На строке 168   в файле   80-244758154
На строке 169   в файле   80-244758838
На строке 170   в файле   80-244758833
На строке 171   в файле   80-243976519
На строке 172   в файле   80-244759988
На строке 173   в файле   80-244760695
На строке 174   в файле   80-249925244
На строке 175   в файле   80-244759446
На строке 176   в файле   80-243976829
На строке 177   в файле   80-244761278
На строке 178   в файле   80-244762464
На строке 179   в файле   80-249925235
На строке 180   в файле   80-244762434
На строке 181   в файле   80-243978108
На строке 182   в файле   80-249925334
На строке 183   в файле   80-249925414
На строке 184   в файле   80-244764000
На строке 185   в файле   80-249925342
На строке 186   в файле   80-244765466
На строке 187   в файле   80-261246107
На строке 188   в файле   80-261246245
На строке 189   в файле   80-261271552
На строке 190   в файле   80-261246366
На строке 191   в файле   80-260818929
На строке 192   в файле   80-261246519
На строке 193   в файле   80-260818915
На строке 194   в файле   80-261246518
На строке 195   в файле   80-260818958
На строке 196   в файле   80-260818911
На строке 197   в файле   80-260820530
На строке 198   в файле   80-260819742
На строке 199   в файле   80-260820574
На строке 200   в файле   80-260820597
На строке 201   в файле   80-261271564
На строке 202   в файле   80-260821228
На строке 203   в файле   80-260822064
На строке 204   в файле   80-260821273
На строке 205   в файле   80-260822072
На строке 206   в файле   80-260822094
На строке 207   в файле   80-260822825
На строке 208   в файле   80-260823553
На строке 209   в файле   80-260822905
На строке 210   в файле   80-260823714
На строке 211   в файле   80-260823700
На строке 212   в файле   80-260824652
На строке 213   в файле   80-260824606
На строке 214   в файле   80-261246543
На строке 215   в файле   80-260824616
На строке 216   в файле   80-260825392
На строке 217   в файле   80-260826182
На строке 218   в файле   80-260826053
На строке 219   в файле   80-260825377
На строке 220   в файле   80-260826058
На строке 221   в файле   80-260826901
На строке 222   в файле   80-260827044
На строке 223   в файле   80-260827756
На строке 224   в файле   80-260827490
На строке 225   в файле   80-260826852
На строке 226   в файле   80-261246687
На строке 227   в файле   80-260828547
На строке 228   в файле   80-260829439
На строке 229   в файле   80-260829079
На строке 230   в файле   80-260828345
На строке 231   в файле   80-261246758
На строке 232   в файле   80-260828412
На строке 233   в файле   80-260830515
На строке 234   в файле   80-261246640
На строке 235   в файле   80-260830463
На строке 236   в файле   80-260830520
На строке 237   в файле   80-261246827
На строке 238   в файле   80-260831209
На строке 239   в файле   80-260832139
На строке 240   в файле   80-260832128
На строке 241   в файле   80-260832132
На строке 242   в файле   80-260832145
На строке 243   в файле   80-260832136
На строке 244   в файле   80-260833731
На строке 245   в файле   80-260833773
На строке 246   в файле   80-260833648
На строке 247   в файле   80-260833632
На строке 248   в файле   80-260833711
На строке 249   в файле   80-261246808
На строке 250   в файле   80-260835217
На строке 251   в файле   80-260835197
На строке 252   в файле   80-261247175
На строке 253   в файле   80-244713599
На строке 254   в файле   80-260816380
На строке 255   в файле   80-244715870
На строке 256   в файле   80-259250390
На строке 257   в файле   80-244716429
На строке 258   в файле   80-259250307
На строке 259   в файле   80-244717279
На строке 260   в файле   80-259250715
На строке 261   в файле   80-259250981
На строке 262   в файле   80-244718745
На строке 263   в файле   80-261246090
На строке 264   в файле   80-244720265
На строке 265   в файле   80-260817305
На строке 266   в файле   80-244721860
На строке 267   в файле   80-261245964
На строке 268   в файле   80-261246126
На строке 269   в файле   80-244722553
На строке 270   в файле   80-244722573
На строке 271   в файле   80-259252403
На строке 272   в файле   80-243943002
На строке 273   в файле   80-259249744
На строке 274   в файле   80-243956374
На строке 275   в файле   80-259252723
На строке 276   в файле   80-244721061
На строке 277   в файле   80-260817629
На строке 278   в файле   80-243944555
На строке 279   в файле   80-259249765
На строке 280   в файле   80-249923363
На строке 281   в файле   80-259250321
На строке 282   в файле   80-249923396
На строке 283   в файле   80-259250011
На строке 284   в файле   80-259251059
На строке 285   в файле   80-259250991
На строке 286   в файле   80-261246416
На строке 287   в файле   80-261246236
На строке 288   в файле   80-260830496
На строке 289   в файле   80-243970848
На строке 290   в файле   80-249924772
На строке 291   в файле   80-252505117
На строке 292   в файле   80-252252101
На строке 293   в файле   80-249925005
На строке 294   в файле   80-243972913
На строке 295   в файле   80-244751880
На строке 296   в файле   80-249924920
На строке 297   в файле   80-260814495
На строке 298   в файле   80-260815438
На строке 299   в файле   80-260816147
На строке 300   в файле   80-260815828
На строке 301   в файле   80-260815695
На строке 302   в файле   80-261245357
На строке 303   в файле   80-260816061
На строке 304   в файле   80-261245447
На строке 305   в файле   80-261245590
На строке 306   в файле   80-261245451
На строке 307   в файле   80-249924743
На строке 308   в файле   80-249924581
На строке 309   в файле   80-259249097
На строке 310   в файле   80-252252152
На строке 311   в файле   80-259249688
На строке 312   в файле   80-259249462
На строке 313   в файле   80-261246722
На строке 314   в файле   80-249925499
На строке 315   в файле   80-243992318
На строке 316   в файле   80-243996109
На строке 317   в файле   80-244777796
На строке 318   в файле   80-244002050
На строке 319   в файле   80-244003431
На строке 320   в файле   80-244003871
На строке 321   в файле   80-244780933
На строке 322   в файле   80-261247087
На строке 323   в файле   80-261246968
На строке 324   в файле   80-261247013
На строке 325   в файле   80-261247040
На строке 326   в файле   80-260836493
На строке 327   в файле   80-260836629
На строке 328   в файле   80-260836732
На строке 329   в файле   80-260837087
На строке 330   в файле   80-260837092
На строке 331   в файле   80-260837484
На строке 332   в файле   80-249925654
На строке 333   в файле   80-249925761
На строке 334   в файле   80-244773457
На строке 335   в файле   80-243990312
На строке 336   в файле   80-244773985
На строке 337   в файле   80-243990486
На строке 338   в файле   80-243990995
На строке 339   в файле   80-249925774
На строке 340   в файле   80-244773883
На строке 341   в файле   80-243991776
На строке 342   в файле   80-243992506
На строке 343   в файле   80-244775497
На строке 344   в файле   80-243993120
На строке 345   в файле   80-249925751
На строке 346   в файле   80-243993473
На строке 347   в файле   80-249925826
На строке 348   в файле   80-252253219
На строке 349   в файле   80-243994493
На строке 350   в файле   80-243994851
На строке 351   в файле   80-243995552
На строке 352   в файле   80-244776627
На строке 353   в файле   80-243996601
На строке 354   в файле   80-243996604
На строке 355   в файле   80-243997061
На строке 356   в файле   80-243997072
На строке 357   в файле   80-243997517
На строке 358   в файле   80-243997510
На строке 359   в файле   80-243998024
На строке 360   в файле   80-249925832
На строке 361   в файле   80-243998494
На строке 362   в файле   80-243998700
На строке 363   в файле   80-244778526
На строке 364   в файле   80-243999419
На строке 365   в файле   80-243999672
На строке 366   в файле   80-244778544
На строке 367   в файле   80-249926041
На строке 368   в файле   80-244000168
На строке 369   в файле   80-243999860
На строке 370   в файле   80-249925972
На строке 371   в файле   80-249926000
На строке 372   в файле   80-244780194
На строке 373   в файле   80-244780272
На строке 374   в файле   80-244002495
На строке 375   в файле   80-244002702
На строке 376   в файле   80-244002938
На строке 377   в файле   80-243986021
На строке 378   в файле   80-259252804
На строке 379   в файле   80-243986052
На строке 380   в файле   80-259252730
На строке 381   в файле   80-243987348
На строке 382   в файле   80-259253335
На строке 383   в файле   80-244770893
На строке 384   в файле   80-260841296
На строке 385   в файле   80-259252741
На строке 386   в файле   80-261245553
На строке 387   в файле   80-243987117
На строке 388   в файле   80-243992935
На строке 389   в файле   80-243995025
На строке 390   в файле   80-244776232
На строке 391   в файле   80-244776965
На строке 392   в файле   80-243996894
На строке 393   в файле   80-244777415
На строке 394   в файле   80-243997802
На строке 395   в файле   80-261245594
На строке 396   в файле   80-261271381
На строке 397   в файле   80-261245526
На строке 398   в файле   80-261245861
На строке 399   в файле   80-261245682
На строке 400   в файле   80-261245811
На строке 401   в файле   80-260816781
На строке 402   в файле   80-261245884
На строке 403   в файле   80-261245760
На строке 404   в файле   80-261245799
На строке 405   в файле   80-243988120
На строке 406   в файле   80-243988326
На строке 407   в файле   80-249925593
На строке 408   в файле   80-243990055
На строке 409   в файле   80-244774724
На строке 410   в файле   80-243991261
На строке 411   в файле   80-243991505
На строке 412   в файле   80-244774282
На строке 413   в файле   80-243992246
На строке 414   в файле   80-244774738
На строке 415   в файле   80-243992928
На строке 416   в файле   80-243993285
На строке 417   в файле   80-243993674
На строке 418   в файле   80-243993851
На строке 419   в файле   80-243994031
На строке 420   в файле   80-243994562
На строке 421   в файле   80-244775843
На строке 422   в файле   80-244770603
На строке 423   в файле   80-259250442
На строке 424   в файле   80-259250929
На строке 425   в файле   80-260838208
На строке 426   в файле   80-244000304
На строке 427   в файле   80-244005371
На строке 428   в файле   80-244782995
На строке 429   в файле   80-244007157
На строке 430   в файле   80-244007937
На строке 431   в файле   80-244783399
На строке 432   в файле   80-252254488
На строке 433   в файле   80-244008414
На строке 434   в файле   80-260838171
На строке 435   в файле   80-260838562
На строке 436   в файле   80-260838472
На строке 437   в файле   80-260839112
На строке 438   в файле   80-260839062
На строке 439   в файле   80-260839638
На строке 440   в файле   80-260839659
На строке 441   в файле   80-260839869
На строке 442   в файле   80-260839965
На строке 443   в файле   80-260840605
На строке 444   в файле   80-244000721
На строке 445   в файле   80-244779364
На строке 446   в файле   80-244779357
На строке 447   в файле   80-244779804
На строке 448   в файле   80-244002472
На строке 449   в файле   80-252253332
На строке 450   в файле   80-252253907
На строке 451   в файле   80-244003123
На строке 452   в файле   80-244780975
На строке 453   в файле   80-244780569
На строке 454   в файле   80-244005164
На строке 455   в файле   80-244005620
На строке 456   в файле   80-244006126
На строке 457   в файле   80-244782183
На строке 458   в файле   80-244006509
На строке 459   в файле   80-244006768
На строке 460   в файле   80-244006989
На строке 461   в файле   80-259252989
На строке 462   в файле   80-260840536
На строке 463   в файле   80-244784199
На строке 464   в файле   80-244009977
На строке 465   в файле   80-244010069
На строке 466   в файле   80-244010319
На строке 467   в файле   80-244784512
На строке 468   в файле   80-244785009
На строке 469   в файле   80-251386517
На строке 470   в файле   80-259253351
На строке 471   в файле   80-260842915
На строке 472   в файле   80-244016538
На строке 473   в файле   80-244022227
На строке 474   в файле   80-244025220
На строке 475   в файле   80-244793900
На строке 476   в файле   80-244045458
На строке 477   в файле   80-246275206
На строке 478   в файле   80-244802918
На строке 479   в файле   80-244100007
На строке 480   в файле   80-260843429
На строке 481   в файле   80-260846330
На строке 482   в файле   80-261247088
На строке 483   в файле   80-261247263
На строке 484   в файле   80-261247340
На строке 485   в файле   80-260857992
На строке 486   в файле   80-260860169
На строке 487   в файле   80-260862243
На строке 488   в файле   80-261247713
На строке 489   в файле   80-261247950
На строке 490   в файле   80-244016526
На строке 491   в файле   80-244018788
На строке 492   в файле   80-249926762
На строке 493   в файле   80-249926765
На строке 494   в файле   80-244020171
На строке 495   в файле   80-244020471
На строке 496   в файле   80-244020770
На строке 497   в файле   80-244790527
На строке 498   в файле   80-244021049
На строке 499   в файле   80-244021616
На строке 500   в файле   80-244022195
На строке 502   в файле   80-244022749
На строке 503   в файле   80-244022758
На строке 504   в файле   80-249926941
На строке 505   в файле   80-244023340
На строке 506   в файле   80-244023900
На строке 507   в файле   80-244791126
На строке 508   в файле   80-244024487
На строке 509   в файле   80-244025112
На строке 510   в файле   80-244791839
На строке 511   в файле   80-249926951
На строке 512   в файле   80-244792398
На строке 513   в файле   80-244028214
На строке 514   в файле   80-244792459
На строке 515   в файле   80-244028947
На строке 516   в файле   80-244029278
На строке 517   в файле   80-246271004
На строке 518   в файле   80-244030362
На строке 519   в файле   80-244031527
На строке 520   в файле   80-244034743
На строке 521   в файле   80-244794241
На строке 522   в файле   80-244036011
На строке 524   в файле   80-249927117
На строке 525   в файле   80-246271785
На строке 526   в файле   80-246273259
На строке 527   в файле   80-249927138
На строке 528   в файле   80-244041705
На строке 529   в файле   80-244795603
На строке 530   в файле   80-244042385
На строке 531   в файле   80-244795866
На строке 532   в файле   80-244047735
На строке 533   в файле   80-244048992
На строке 534   в файле   80-244797011
На строке 535   в файле   80-244050612
На строке 536   в файле   80-244052998
На строке 537   в файле   80-244797256
На строке 538   в файле   80-244057117
На строке 539   в файле   80-246275186
На строке 540   в файле   80-249927411
На строке 541   в файле   80-244065016
На строке 542   в файле   80-244798913
На строке 543   в файле   80-251388175
На строке 544   в файле   80-251389590
На строке 545   в файле   80-244069930
На строке 546   в файле   80-244800820
На строке 547   в файле   80-244074309
На строке 548   в файле   80-244075784
На строке 549   в файле   80-249927849
На строке 550   в файле   80-246277530
На строке 551   в файле   80-252257089
На строке 552   в файле   80-252257642
На строке 553   в файле   80-244803178
На строке 554   в файле   80-249927958
На строке 555   в файле   80-249927932
На строке 556   в файле   80-244088165
На строке 557   в файле   80-252258546
На строке 558   в файле   80-244090949
На строке 559   в файле   80-244092338
На строке 560   в файле   80-252258325
На строке 561   в файле   80-244804760
На строке 562   в файле   80-244101135
На строке 563   в файле   80-252594303
На строке 564   в файле   80-244104729
На строке 565   в файле   80-244105452
На строке 566   в файле   80-244106668
На строке 567   в файле   80-249928014
На строке 568   в файле   80-252258947
На строке 569   в файле   80-244109388
На строке 570   в файле   80-252259980
На строке 571   в файле   80-251389883
На строке 572   в файле   80-260843902
На строке 573   в файле   80-260844181
На строке 574   в файле   80-260844213
На строке 575   в файле   80-260844299
На строке 576   в файле   80-260844775
На строке 577   в файле   80-260844777
На строке 578   в файле   80-260845405
На строке 579   в файле   80-260845560
На строке 580   в файле   80-260845809
На строке 581   в файле   80-260845879
На строке 582   в файле   80-260846380
На строке 583   в файле   80-260846859
На строке 584   в файле   80-260847002
На строке 585   в файле   80-260847385
На строке 586   в файле   80-260847485
На строке 587   в файле   80-260847914
На строке 588   в файле   80-260847760
На строке 589   в файле   80-260848324
На строке 590   в файле   80-260848503
На строке 591   в файле   80-260848855
На строке 592   в файле   80-260849133
На строке 593   в файле   80-260849404
На строке 594   в файле   80-260849734
На строке 595   в файле   80-260850444
На строке 596   в файле   80-260850707
На строке 597   в файле   80-260850991
На строке 598   в файле   80-260849827
На строке 599   в файле   80-260850822
На строке 600   в файле   80-260851069
На строке 601   в файле   80-260852034
На строке 602   в файле   80-260851485
На строке 603   в файле   80-260852654
На строке 604   в файле   80-260852655
На строке 605   в файле   80-261247410
На строке 606   в файле   80-260853467
На строке 607   в файле   80-260852783
На строке 608   в файле   80-260854199
На строке 609   в файле   80-260854266
На строке 610   в файле   80-260853906
На строке 611   в файле   80-260854323
На строке 612   в файле   80-260855298
На строке 613   в файле   80-260856088
На строке 614   в файле   80-261247335
На строке 615   в файле   80-260856102
На строке 616   в файле   80-260854997
На строке 617   в файле   80-260856114
На строке 618   в файле   80-261247510
На строке 619   в файле   80-261247533
На строке 620   в файле   80-260856454
На строке 621   в файле   80-260856961
На строке 622   в файле   80-260857523
На строке 623   в файле   80-260856765
На строке 624   в файле   80-260857926
На строке 625   в файле   80-260858343
На строке 626   в файле   80-261247422
На строке 627   в файле   80-260858531
На строке 628   в файле   80-261247704
На строке 629   в файле   80-260858144
На строке 630   в файле   80-260859176
На строке 631   в файле   80-260859652
На строке 632   в файле   80-261247706
На строке 633   в файле   80-260859143
На строке 634   в файле   80-260859842
На строке 635   в файле   80-260860879
На строке 636   в файле   80-260861661
На строке 637   в файле   80-260861619
На строке 638   в файле   80-260860912
На строке 639   в файле   80-260860984
На строке 640   в файле   80-260861426
На строке 641   в файле   80-261271673
На строке 642   в файле   80-261247710
На строке 643   в файле   80-260862207
На строке 644   в файле   80-260862322
На строке 645   в файле   80-260863006
На строке 646   в файле   80-260863767
На строке 647   в файле   80-260862925
На строке 648   в файле   80-260863035
На строке 649   в файле   80-260863592
На строке 650   в файле   80-260863635
На строке 651   в файле   80-260864398
На строке 652   в файле   80-260864837
На строке 653   в файле   80-260864393
На строке 654   в файле   80-260865016
На строке 655   в файле   80-260865037
На строке 656   в файле   80-260865700
На строке 657   в файле   80-260865039
На строке 658   в файле   80-261247812
На строке 659   в файле   80-260865719
На строке 660   в файле   80-260866531
На строке 661   в файле   80-260866436
На строке 662   в файле   80-260866360
На строке 663   в файле   80-260866479
На строке 664   в файле   80-260867006
На строке 665   в файле   80-260868381
На строке 666   в файле   80-260867809
На строке 667   в файле   80-260867055
На строке 668   в файле   80-260867796
На строке 669   в файле   80-260867720
На строке 670   в файле   80-260868586
На строке 671   в файле   80-261247951
На строке 672   в файле   80-244017081
На строке 673   в файле   80-249926769
На строке 674   в файле   80-244017672
На строке 675   в файле   80-244017387
На строке 676   в файле   80-244017633
На строке 677   в файле   80-244018012
На строке 678   в файле   80-244789643
На строке 679   в файле   80-244018526
На строке 680   в файле   80-244014427
На строке 681   в файле   80-260841601
На строке 682   в файле   80-260842700
На строке 683   в файле   80-244014938
На строке 684   в файле   80-259256148
На строке 685   в файле   80-244015479
На строке 686   в файле   80-259256827
На строке 687   в файле   80-259256848
На строке 688   в файле   80-244788384
На строке 689   в файле   80-260842111
На строке 690   в файле   80-260842764
На строке 691   в файле   80-244014164
На строке 692   в файле   80-259254571
На строке 693   в файле   80-249926684
На строке 694   в файле   80-259255525
На строке 695   в файле   80-259255751
На строке 696   в файле   80-251387064
На строке 697   в файле   80-259256665
На строке 698   в файле   80-259255149
На строке 699   в файле   80-260843081
На строке 700   в файле   80-261250305
На строке 701   в файле   80-244031127
На строке 702   в файле   80-244052475
На строке 703   в файле   80-244072792
На строке 704   в файле   80-244090988
На строке 705   в файле   80-244099879
На строке 706   в файле   80-244807855
На строке 707   в файле   80-244123040
На строке 708   в файле   80-244130654
На строке 709   в файле   80-261250133
На строке 710   в файле   80-261250590
На строке 711   в файле   80-261250911
На строке 712   в файле   80-260922224
На строке 713   в файле   80-260923807
На строке 714   в файле   80-260925316
На строке 715   в файле   80-261251370
На строке 716   в файле   80-260928166
На строке 717   в файле   80-260929822
На строке 718   в файле   80-260931395
На строке 719   в файле   80-246271793
На строке 720   в файле   80-244041316
На строке 721   в файле   80-244043841
На строке 722   в файле   80-244045521
На строке 723   в файле   80-244796155
На строке 724   в файле   80-244046627
На строке 725   в файле   80-244046667
На строке 726   в файле   80-249927209
На строке 727   в файле   80-244048873
На строке 728   в файле   80-249927312
На строке 729   в файле   80-244052991
На строке 730   в файле   80-244053722
На строке 731   в файле   80-244055698
На строке 732   в файле   80-244798090
На строке 733   в файле   80-244063604
На строке 734   в файле   80-244065552
На строке 735   в файле   80-252335021
На строке 736   в файле   80-246276076
На строке 737   в файле   80-252257002
На строке 738   в файле   80-244071359
На строке 739   в файле   80-244074271
На строке 740   в файле   80-249927774
На строке 741   в файле   80-244077297
На строке 742   в файле   80-244080452
На строке 743   в файле   80-244081245
На строке 744   в файле   80-249927913
На строке 745   в файле   80-244086611
На строке 746   в файле   80-244086614
На строке 747   в файле   80-244804502
На строке 748   в файле   80-244089566
На строке 749   в файле   80-244093127
На строке 750   в файле   80-244093725
На строке 751   в файле   80-252257763
На строке 752   в файле   80-244804990
На строке 753   в файле   80-244096325
На строке 754   в файле   80-244096788
На строке 755   в файле   80-244805300
На строке 756   в файле   80-244098105
На строке 757   в файле   80-244098722
На строке 758   в файле   80-252258843
На строке 759   в файле   80-244806031
На строке 760   в файле   80-244806214
На строке 761   в файле   80-244806451
На строке 762   в файле   80-244806648
На строке 763   в файле   80-251390121
На строке 764   в файле   80-252259384
На строке 765   в файле   80-251389626
На строке 766   в файле   80-244109461
На строке 767   в файле   80-244110964
На строке 768   в файле   80-246284675
На строке 769   в файле   80-252506298
На строке 770   в файле   80-252259370
На строке 771   в файле   80-246285577
На строке 772   в файле   80-252262627
На строке 773   в файле   80-244117780
На строке 774   в файле   80-244809813
На строке 775   в файле   80-244119694
На строке 776   в файле   80-249928581
На строке 777   в файле   80-244120932
На строке 778   в файле   80-244121561
На строке 779   в файле   80-244123568
На строке 780   в файле   80-244124937
На строке 781   в файле   80-244810937
На строке 782   в файле   80-244811149
На строке 783   в файле   80-244127069
На строке 784   в файле   80-249928564
На строке 785   в файле   80-249928647
На строке 786   в файле   80-244129503
На строке 787   в файле   80-244811291
На строке 788   в файле   80-249928853
На строке 789   в файле   80-244811687
На строке 790   в файле   80-251390726
На строке 791   в файле   80-244133586
На строке 792   в файле   80-244134897
На строке 793   в файле   80-249928762
На строке 794   в файле   80-244137767
На строке 795   в файле   80-249928760
На строке 796   в файле   80-244139036
На строке 797   в файле   80-244139019
На строке 798   в файле   80-249928766
На строке 799   в файле   80-261250713
На строке 800   в файле   80-261250452
На строке 801   в файле   80-261250296
На строке 802   в файле   80-261250457
На строке 803   в файле   80-261250358
На строке 804   в файле   80-261277236
На строке 805   в файле   80-261250555
На строке 806   в файле   80-261250437
На строке 807   в файле   80-261277244
На строке 808   в файле   80-261250823
На строке 809   в файле   80-261250825
На строке 810   в файле   80-261251110
На строке 811   в файле   80-261250707
На строке 812   в файле   80-261251000
На строке 813   в файле   80-260919533
На строке 814   в файле   80-261250789
На строке 815   в файле   80-260919543
На строке 816   в файле   80-260919552
На строке 817   в файле   80-260919614
На строке 818   в файле   80-260919714
На строке 819   в файле   80-260920032
На строке 820   в файле   80-261251054
На строке 821   в файле   80-261250931
На строке 822   в файле   80-261251087
На строке 823   в файле   80-261272247
На строке 824   в файле   80-261251225
На строке 825   в файле   80-260922206
На строке 826   в файле   80-260922215
На строке 827   в файле   80-260922223
На строке 828   в файле   80-260922219
На строке 829   в файле   80-260922210
На строке 830   в файле   80-260922979
На строке 831   в файле   80-260923153
На строке 832   в файле   80-260922981
На строке 833   в файле   80-260923079
На строке 834   в файле   80-260923064
На строке 835   в файле   80-260922991
На строке 836   в файле   80-260923805
На строке 837   в файле   80-260923822
На строке 838   в файле   80-260923913
На строке 839   в файле   80-260923902
На строке 840   в файле   80-260924546
На строке 841   в файле   80-260924125
На строке 842   в файле   80-260924627
На строке 843   в файле   80-260924617
На строке 844   в файле   80-260924633
На строке 845   в файле   80-260924903
На строке 846   в файле   80-261251270
На строке 847   в файле   80-260924900
На строке 848   в файле   80-260925405
На строке 849   в файле   80-261251292
На строке 850   в файле   80-260925686
На строке 851   в файле   80-260925239
На строке 852   в файле   80-261251230
На строке 853   в файле   80-260926096
На строке 854   в файле   80-260926231
На строке 855   в файле   80-260925876
На строке 856   в файле   80-260926362
На строке 857   в файле   80-261251382
На строке 858   в файле   80-260926283
На строке 859   в файле   80-260927035
На строке 860   в файле   80-260926666
На строке 861   в файле   80-260927124
На строке 862   в файле   80-261251506
На строке 863   в файле   80-260927002
На строке 864   в файле   80-260927273
На строке 865   в файле   80-260927715
На строке 866   в файле   80-260927966
На строке 867   в файле   80-261251543
На строке 868   в файле   80-261251591
На строке 869   в файле   80-260928430
На строке 870   в файле   80-260928449
На строке 871   в файле   80-260928797
На строке 872   в файле   80-260929201
На строке 873   в файле   80-260929204
На строке 874   в файле   80-260928782
На строке 875   в файле   80-260929087
На строке 876   в файле   80-260929093
На строке 877   в файле   80-260929386
На строке 878   в файле   80-261251505
На строке 879   в файле   80-260929476
На строке 880   в файле   80-260929846
На строке 881   в файле   80-260929852
На строке 882   в файле   80-260930151
На строке 883   в файле   80-260930453
На строке 884   в файле   80-260930166
На строке 885   в файле   80-260930495
На строке 886   в файле   80-260930764
На строке 887   в файле   80-260930944
На строке 888   в файле   80-260931291
На строке 889   в файле   80-260931424
На строке 890   в файле   80-261251742
На строке 891   в файле   80-260931968
На строке 892   в файле   80-261251625
На строке 893   в файле   80-260931774
На строке 894   в файле   80-260932313
На строке 895   в файле   80-260932731
На строке 896   в файле   80-260932661
На строке 897   в файле   80-260932369
На строке 898   в файле   80-260932906
На строке 899   в файле   80-244033468
На строке 900   в файле   80-244034261
На строке 901   в файле   80-244794520
На строке 902   в файле   80-244035106
На строке 903   в файле   80-244036420
На строке 904   в файле   80-244037208
На строке 905   в файле   80-244038109
На строке 906   в файле   80-244039259
На строке 907   в файле   80-251387605
На строке 908   в файле   80-244030450
На строке 909   в файле   80-259262498
На строке 910   в файле   80-244791458
На строке 911   в файле   80-259260936
На строке 912   в файле   80-244791791
На строке 913   в файле   80-259261242
На строке 914   в файле   80-244792652
На строке 915   в файле   80-261250012
На строке 916   в файле   80-244023638
На строке 917   в файле   80-261249872
На строке 918   в файле   80-261250187
На строке 919   в файле   80-244024513
На строке 920   в файле   80-261249806
На строке 921   в файле   80-244025876
На строке 922   в файле   80-259261176
На строке 923   в файле   80-244028227
На строке 924   в файле   80-261249971
На строке 925   в файле   80-261249985
На строке 926   в файле   80-249926938
На строке 927   в файле   80-261250007
На строке 928   в файле   80-261250212
На строке 929   в файле   80-260917310
На строке 930   в файле   80-260917311
На строке 932   в файле   80-260927432
На строке 933   в файле   80-260870637
На строке 934   в файле   80-244037248
На строке 935   в файле   80-244049466
На строке 936   в файле   80-259213057
На строке 937   в файле   80-244804269
На строке 938   в файле   80-244097488
На строке 939   в файле   80-252258362
На строке 940   в файле   80-244120364
На строке 941   в файле   80-251390390
На строке 942   в файле   80-260869997
На строке 943   в файле   80-260873336
На строке 944   в файле   80-260875488
На строке 945   в файле   80-261248067
На строке 946   в файле   80-260879788
На строке 947   в файле   80-260881602
На строке 948   в файле   80-260883628
На строке 949   в файле   80-260884267
На строке 950   в файле   80-260883785
На строке 951   в файле   80-261248299
На строке 952   в файле   80-244038429
На строке 953   в файле   80-244039449
На строке 954   в файле   80-244040738
На строке 955   в файле   80-244040780
На строке 956   в файле   80-244041839
На строке 957   в файле   80-244042899
На строке 958   в файле   80-244044431
На строке 959   в файле   80-246273129
На строке 960   в файле   80-251387631
На строке 961   в файле   80-244796414
На строке 962   в файле   80-244796723
На строке 963   в файле   80-244051249
На строке 964   в файле   80-244797255
На строке 965   в файле   80-244055016
На строке 966   в файле   80-244797802
На строке 967   в файле   80-244797811
На строке 968   в файле   80-252255712
На строке 969   в файле   80-244798361
На строке 970   в файле   80-246273892
На строке 971   в файле   80-244798661
На строке 972   в файле   80-252255882
На строке 973   в файле   80-244071400
На строке 974   в файле   80-244072821
На строке 975   в файле   80-244073488
На строке 976   в файле   80-252335706
На строке 977   в файле   80-244077294
На строке 978   в файле   80-249927863
На строке 979   в файле   80-244803227
На строке 980   в файле   80-244081900
На строке 981   в файле   80-251389631
На строке 982   в файле   80-244088099
На строке 983   в файле   80-244088792
На строке 984   в файле   80-244089513
На строке 985   в файле   80-244804512
На строке 986   в файле   80-244091632
На строке 987   в файле   80-244092433
На строке 988   в файле   80-244805046
На строке 989   в файле   80-244094387
На строке 990   в файле   80-244094959
На строке 991   в файле   80-244095585
На строке 992   в файле   80-244805523
На строке 993   в файле   80-244805581
На строке 994   в файле   80-246278304
На строке 995   в файле   80-244100580
На строке 996   в файле   80-244101050
На строке 997   в файле   80-244101816
На строке 998   в файле   80-252595052
На строке 999   в файле   80-244806017
На строке 1000   в файле   80-244806669
На строке 1001   в файле   80-244106572
На строке 1002   в файле   80-244109917
На строке 1003   в файле   80-244110966
На строке 1004   в файле   80-244112096
На строке 1005   в файле   80-244807912
На строке 1006   в файле   80-244808093
На строке 1007   в файле   80-252506557
На строке 1008   в файле   80-249928448
На строке 1009   в файле   80-246286208
На строке 1010   в файле   80-251390119
На строке 1011   в файле   80-244120320
На строке 1012   в файле   80-244121692
На строке 1013   в файле   80-244810039
На строке 1014   в файле   80-249928570
На строке 1015   в файле   80-244122183
На строке 1016   в файле   80-249928558
На строке 1017   в файле   80-251390678
На строке 1018   в файле   80-244811163
На строке 1019   в файле   80-244125788
На строке 1020   в файле   80-244125628
На строке 1021   в файле   80-244127554
На строке 1022   в файле   80-244129701
На строке 1023   в файле   80-244811490
На строке 1024   в файле   80-244131767
На строке 1025   в файле   80-244133713
На строке 1026   в файле   80-244812118
На строке 1027   в файле   80-244134347
На строке 1028   в файле   80-244135510
На строке 1029   в файле   80-244136634
На строке 1030   в файле   80-244136667
На строке 1031   в файле   80-244139283
На строке 1032   в файле   80-260870754
На строке 1033   в файле   80-260870611
На строке 1034   в файле   80-260871898
На строке 1035   в файле   80-260871028
На строке 1036   в файле   80-260871941
На строке 1037   в файле   80-260871254
На строке 1038   в файле   80-260872546
На строке 1039   в файле   80-260872048
На строке 1040   в файле   80-260873286
На строке 1041   в файле   80-260872668
На строке 1042   в файле   80-260872702
На строке 1043   в файле   80-260873988
На строке 1044   в файле   80-260873332
На строке 1045   в файле   80-261247807
На строке 1046   в файле   80-260873990
На строке 1047   в файле   80-260874787
На строке 1048   в файле   80-260874005
На строке 1049   в файле   80-260875476
На строке 1050   в файле   80-260874665
На строке 1051   в файле   80-260874627
На строке 1052   в файле   80-260876057
На строке 1053   в файле   80-260875357
На строке 1054   в файле   80-261247957
На строке 1055   в файле   80-260876251
На строке 1056   в файле   80-260876039
На строке 1057   в файле   80-260876679
На строке 1058   в файле   80-261247953
На строке 1059   в файле   80-260876685
На строке 1060   в файле   80-260876647
На строке 1061   в файле   80-260877398
На строке 1062   в файле   80-260878052
На строке 1063   в файле   80-260877247
На строке 1064   в файле   80-261271684
На строке 1065   в файле   80-260877779
На строке 1066   в файле   80-260878478
На строке 1067   в файле   80-260878071
На строке 1068   в файле   80-261248202
На строке 1069   в файле   80-260878637
На строке 1070   в файле   80-260878559
На строке 1071   в файле   80-260879105
На строке 1072   в файле   80-261248060
На строке 1073   в файле   80-260879280
На строке 1074   в файле   80-260880228
На строке 1075   в файле   80-260879710
На строке 1076   в файле   80-260880409
На строке 1077   в файле   80-260880964
На строке 1078   в файле   80-260880289
На строке 1079   в файле   80-260880478
На строке 1080   в файле   80-260881369
На строке 1081   в файле   80-260880863
На строке 1082   в файле   80-260882253
На строке 1083   в файле   80-260881958
На строке 1084   в файле   80-260881962
На строке 1085   в файле   80-260882737
На строке 1086   в файле   80-260881933
На строке 1087   в файле   80-260882767
На строке 1088   в файле   80-261248222
На строке 1089   в файле   80-260883136
На строке 1090   в файле   80-260883126
На строке 1091   в файле   80-261248208
На строке 1092   в файле   80-244029626
На строке 1093   в файле   80-259256841
На строке 1094   в файле   80-244030792
На строке 1095   в файле   80-259257653
На строке 1096   в файле   80-244033080
На строке 1097   в файле   80-259257991
На строке 1098   в файле   80-244792983
На строке 1099   в файле   80-259257375
На строке 1100   в файле   80-244793231
На строке 1101   в файле   80-259257985
На строке 1102   в файле   80-244028952
На строке 1103   в файле   80-259256291
На строке 1104   в файле   80-244033891
На строке 1105   в файле   80-260869477
На строке 1106   в файле   80-260870526
На строке 1107   в файле   80-251387912
На строке 1108   в файле   80-259258549
На строке 1109   в файле   80-252505458
На строке 1111   в файле   80-260869810
На строке 1112   в файле   80-260841994
На строке 1113   в файле   80-260934018
На строке 1114   в файле   80-244035541
На строке 1115   в файле   80-244813167
На строке 1116   в файле   80-244155349
На строке 1117   в файле   80-244815006
На строке 1118   в файле   80-246295389
На строке 1119   в файле   80-249929597
На строке 1120   в файле   80-244819040
На строке 1121   в файле   80-249930004
На строке 1122   в файле   80-260934019
На строке 1123   в файле   80-260935600
На строке 1124   в файле   80-260936765
На строке 1125   в файле   80-261252112
На строке 1126   в файле   80-260938653
На строке 1127   в файле   80-260939533
На строке 1128   в файле   80-260940440
На строке 1129   в файле   80-260941602
На строке 1130   в файле   80-261252744
На строке 1131   в файле   80-260943273
На строке 1132   в файле   80-244036835
На строке 1133   в файле   80-244051830
На строке 1134   в файле   80-246276572
На строке 1135   в файле   80-244087284
На строке 1136   в файле   80-244108792
На строке 1137   в файле   80-244123083
На строке 1138   в файле   80-244811967
На строке 1139   в файле   80-244141963
На строке 1140   в файле   80-244145315
На строке 1141   в файле   80-244147341
На строке 1142   в файле   80-244148529
На строке 1143   в файле   80-244813339
На строке 1144   в файле   80-244149617
На строке 1145   в файле   80-244150080
На строке 1146   в файле   80-244813529
На строке 1147   в файле   80-244152174
На строке 1148   в файле   80-249928975
На строке 1149   в файле   80-244153633
На строке 1150   в файле   80-246290372
На строке 1151   в файле   80-244813846
На строке 1152   в файле   80-244814022
На строке 1153   в файле   80-244157448
На строке 1154   в файле   80-244814177
На строке 1155   в файле   80-244158227
На строке 1156   в файле   80-246290223
На строке 1157   в файле   80-244814658
На строке 1158   в файле   80-244160766
На строке 1159   в файле   80-244161187
На строке 1160   в файле   80-249929186
На строке 1161   в файле   80-244815187
На строке 1162   в файле   80-244163876
На строке 1163   в файле   80-244164521
На строке 1164   в файле   80-249929263
На строке 1165   в файле   80-249929290
На строке 1166   в файле   80-244815648
На строке 1167   в файле   80-244815646
На строке 1168   в файле   80-244168414
На строке 1169   в файле   80-251391466
На строке 1170   в файле   80-244816511
На строке 1171   в файле   80-244169309
На строке 1172   в файле   80-246295397
На строке 1173   в файле   80-244170976
На строке 1174   в файле   80-246296346
На строке 1175   в файле   80-244171894
На строке 1176   в файле   80-249929508
На строке 1177   в файле   80-249929598
На строке 1178   в файле   80-251391746
На строке 1179   в файле   80-244173634
На строке 1180   в файле   80-252263274
На строке 1181   в файле   80-251392308
На строке 1182   в файле   80-244175227
На строке 1183   в файле   80-244818706
На строке 1184   в файле   80-244176032
На строке 1185   в файле   80-246298279
На строке 1186   в файле   80-244818714
На строке 1187   в файле   80-244177667
На строке 1188   в файле   80-249929779
На строке 1189   в файле   80-244818835
На строке 1190   в файле   80-246300925
На строке 1191   в файле   80-249929690
На строке 1192   в файле   80-244180593
На строке 1193   в файле   80-244819676
На строке 1194   в файле   80-244819895
На строке 1195   в файле   80-244182065
На строке 1196   в файле   80-249929817
На строке 1197   в файле   80-244182596
На строке 1198   в файле   80-244820014
На строке 1199   в файле   80-249929989
На строке 1200   в файле   80-244183204
На строке 1201   в файле   80-246304962
На строке 1202   в файле   80-244184203
На строке 1203   в файле   80-249929914
На строке 1204   в файле   80-251394900
На строке 1205   в файле   80-244821050
На строке 1206   в файле   80-249930087
На строке 1207   в файле   80-244821256
На строке 1208   в файле   80-246312441
На строке 1209   в файле   80-251395399
На строке 1210   в файле   80-246312864
На строке 1211   в файле   80-244821595
На строке 1212   в файле   80-260934349
На строке 1213   в файле   80-261251981
На строке 1214   в файле   80-260934822
На строке 1215   в файле   80-260934803
На строке 1216   в файле   80-260934965
На строке 1217   в файле   80-260934671
На строке 1218   в файле   80-260935104
На строке 1219   в файле   80-260934909
На строке 1220   в файле   80-260935454
На строке 1221   в файле   80-260935472
На строке 1222   в файле   80-261251902
На строке 1223   в файле   80-260935620
На строке 1224   в файле   80-260935637
На строке 1225   в файле   80-260935942
На строке 1226   в файле   80-260936012
На строке 1227   в файле   80-260936101
На строке 1228   в файле   80-260935858
На строке 1229   в файле   80-260936173
На строке 1230   в файле   80-260936121
На строке 1231   в файле   80-260936471
На строке 1232   в файле   80-260936613
На строке 1233   в файле   80-260936371
На строке 1234   в файле   80-260936911
На строке 1235   в файле   80-261251978
На строке 1236   в файле   80-261252210
На строке 1237   в файле   80-261252103
На строке 1238   в файле   80-260937202
На строке 1239   в файле   80-260937482
На строке 1240   в файле   80-260937078
На строке 1241   в файле   80-260937313
На строке 1242   в файле   80-260937357
На строке 1243   в файле   80-260937845
На строке 1244   в файле   80-260937594
На строке 1245   в файле   80-260938148
На строке 1246   в файле   80-260938023
На строке 1247   в файле   80-260938013
На строке 1248   в файле   80-260937873
На строке 1249   в файле   80-261252276
На строке 1250   в файле   80-261252230
На строке 1251   в файле   80-260938763
На строке 1252   в файле   80-260938593
На строке 1253   в файле   80-260938455
На строке 1254   в файле   80-260938685
На строке 1255   в файле   80-260938831
На строке 1256   в файле   80-261252214
На строке 1257   в файле   80-261252472
На строке 1258   в файле   80-260939332
На строке 1259   в файле   80-260939057
На строке 1260   в файле   80-260939280
На строке 1261   в файле   80-261252391
На строке 1262   в файле   80-260939384
На строке 1263   в файле   80-260939946
На строке 1264   в файле   80-260939684
На строке 1265   в файле   80-260939898
На строке 1266   в файле   80-260939917
На строке 1267   в файле   80-260939938
На строке 1268   в файле   80-260940222
На строке 1269   в файле   80-260940579
На строке 1270   в файле   80-261252450
На строке 1271   в файле   80-260940459
На строке 1272   в файле   80-261252607
На строке 1273   в файле   80-260940747
На строке 1274   в файле   80-261252466
На строке 1275   в файле   80-260940668
На строке 1276   в файле   80-260941087
На строке 1277   в файле   80-260941010
На строке 1278   в файле   80-260940975
На строке 1279   в файле   80-261252552
На строке 1280   в файле   80-260941055
На строке 1281   в файле   80-260941180
На строке 1282   в файле   80-260941807
На строке 1283   в файле   80-261252786
На строке 1284   в файле   80-260941473
На строке 1285   в файле   80-260941541
На строке 1286   в файле   80-261252736
На строке 1287   в файле   80-260942330
На строке 1288   в файле   80-260942164
На строке 1289   в файле   80-260941870
На строке 1290   в файле   80-260942023
На строке 1291   в файле   80-260942101
На строке 1292   в файле   80-260942305
На строке 1293   в файле   80-260942636
На строке 1294   в файле   80-260942378
На строке 1295   в файле   80-260942556
На строке 1296   в файле   80-261272059
На строке 1297   в файле   80-260942833
На строке 1298   в файле   80-261252806
На строке 1299   в файле   80-260943315
На строке 1300   в файле   80-261252827
На строке 1301   в файле   80-260943033
На строке 1302   в файле   80-260943211
На строке 1303   в файле   80-260943439
На строке 1304   в файле   80-261272231
На строке 1305   в файле   80-260943580
На строке 1306   в файле   80-260943590
На строке 1307   в файле   80-260943844
На строке 1308   в файле   80-260943829
На строке 1309   в файле   80-260943958
На строке 1310   в файле   80-260943841
На строке 1311   в файле   80-261252995
На строке 1312   в файле   80-261272246
На строке 1313   в файле   80-244038962
На строке 1314   в файле   80-244794798
На строке 1315   в файле   80-244795381
На строке 1316   в файле   80-249927319
На строке 1317   в файле   80-249927323
На строке 1318   в файле   80-244796203
На строке 1319   в файле   80-244047150
На строке 1320   в файле   80-244048397
На строке 1321   в файле   80-244049961
На строке 1322   в файле   80-249927348
На строке 1323   в файле   80-244054300
На строке 1324   в файле   80-244797555
На строке 1325   в файле   80-244055644
На строке 1326   в файле   80-244057808
На строке 1327   в файле   80-252256337
На строке 1328   в файле   80-244059239
На строке 1329   в файле   80-244798383
На строке 1330   в файле   80-252256329
На строке 1331   в файле   80-252255839
На строке 1332   в файле   80-252335362
На строке 1333   в файле   80-252257115
На строке 1334   в файле   80-244072001
На строке 1335   в файле   80-244801090
На строке 1336   в файле   80-244075065
На строке 1337   в файле   80-252505491
На строке 1338   в файле   80-244801102
На строке 1339   в файле   80-246278329
На строке 1340   в файле   80-244082641
На строке 1341   в файле   80-244085811
На строке 1342   в файле   80-249927917
На строке 1343   в файле   80-244090275
На строке 1344   в файле   80-244093820
На строке 1345   в файле   80-244094973
На строке 1346   в файле   80-244096201
На строке 1347   в файле   80-244097491
На строке 1348   в файле   80-244098761
На строке 1349   в файле   80-244805783
На строке 1350   в файле   80-244105417
На строке 1351   в файле   80-244105979
На строке 1352   в файле   80-244107125
На строке 1353   в файле   80-244107672
На строке 1354   в файле   80-244110976
На строке 1355   в файле   80-244807650
На строке 1356   в файле   80-244112110
На строке 1357   в файле   80-251390185
На строке 1358   в файле   80-252595172
На строке 1359   в файле   80-244116590
На строке 1360   в файле   80-249928559
На строке 1361   в файле   80-244118577
На строке 1362   в файле   80-244119074
На строке 1363   в файле   80-244810041
На строке 1364   в файле   80-244124235
На строке 1365   в файле   80-244126260
На строке 1366   в файле   80-244126887
На строке 1367   в файле   80-244128296
На строке 1368   в файле   80-244811551
На строке 1369   в файле   80-246286156
На строке 1370   в файле   80-244130057
На строке 1371   в файле   80-244131247
На строке 1372   в файле   80-244131191
На строке 1373   в файле   80-244132332
На строке 1374   в файле   80-249928747
На строке 1375   в файле   80-244133042
На строке 1376   в файле   80-244134976
На строке 1377   в файле   80-244811941
На строке 1378   в файле   80-244136639
На строке 1379   в файле   80-244137830
На строке 1380   в файле   80-244137770
На строке 1381   в файле   80-251390729
На строке 1382   в файле   80-244140130
На строке 1383   в файле   80-244140375
На строке 1384   в файле   80-249928846
На строке 1385   в файле   80-244141955
На строке 1386   в файле   80-244141943
На строке 1387   в файле   80-244143124
На строке 1388   в файле   80-244143071
На строке 1389   в файле   80-244143067
На строке 1390   в файле   80-244812964
На строке 1391   в файле   80-244144260
На строке 1392   в файле   80-244144218
На строке 1393   в файле   80-244144178
На строке 1394   в файле   80-249929089
На строке 1395   в файле   80-244145236
На строке 1396   в файле   80-251390909
На строке 1397   в файле   80-244813132
На строке 1398   в файле   80-244146294
На строке 1399   в файле   80-244146301
На строке 1400   в файле   80-249928967
На строке 1401   в файле   80-244147342
На строке 1402   в файле   80-244794519
На строке 1403   в файле   80-259263875
На строке 1404   в файле   80-260934218
На строке 1405   в файле   80-260948237
На строке 1406   в файле   80-244147493
На строке 1407   в файле   80-244177183
На строке 1408   в файле   80-249929685
На строке 1409   в файле   80-246310470
На строке 1410   в файле   80-249930178
На строке 1411   в файле   80-244191869
На строке 1412   в файле   80-249930422
На строке 1413   в файле   80-244824198
На строке 1414   в файле   80-261253351
На строке 1415   в файле   80-260949341
На строке 1416   в файле   80-260950359
На строке 1417   в файле   80-260951379
На строке 1418   в файле   80-260952319
На строке 1419   в файле   80-261253787
На строке 1420   в файле   80-260954043
На строке 1421   в файле   80-260954579
На строке 1422   в файле   80-260955801
На строке 1423   в файле   80-260956915
На строке 1424   в файле   80-246289531
На строке 1425   в файле   80-244154493
На строке 1426   в файле   80-244160382
На строке 1427   в файле   80-252263383
На строке 1428   в файле   80-251392082
На строке 1429   в файле   80-244174187
На строке 1430   в файле   80-251392073
На строке 1431   в файле   80-252336132
На строке 1432   в файле   80-246297620
На строке 1433   в файле   80-251393144
На строке 1434   в файле   80-244178204
На строке 1435   в файле   80-252336456
На строке 1436   в файле   80-244819013
На строке 1437   в файле   80-251393638
На строке 1438   в файле   80-244179562
На строке 1439   в файле   80-251394229
На строке 1440   в файле   80-244180464
На строке 1441   в файле   80-244819511
На строке 1442   в файле   80-244180804
На строке 1443   в файле   80-244819837
На строке 1444   в файле   80-251394315
На строке 1445   в файле   80-244182795
На строке 1446   в файле   80-244820133
На строке 1447   в файле   80-246305677
На строке 1448   в файле   80-249929988
На строке 1449   в файле   80-246305543
На строке 1450   в файле   80-246307617
На строке 1451   в файле   80-244184493
На строке 1452   в файле   80-251394800
На строке 1453   в файле   80-251395088
На строке 1454   в файле   80-246311026
На строке 1455   в файле   80-246311604
На строке 1456   в файле   80-244821619
На строке 1457   в файле   80-246313771
На строке 1458   в файле   80-244821950
На строке 1459   в файле   80-251396105
На строке 1460   в файле   80-246314777
На строке 1461   в файле   80-246315524
На строке 1462   в файле   80-246316806
На строке 1463   в файле   80-246316218
На строке 1464   в файле   80-249930105
На строке 1465   в файле   80-251396270
На строке 1466   в файле   80-252336502
На строке 1467   в файле   80-246318119
На строке 1468   в файле   80-252336819
На строке 1469   в файле   80-249930281
На строке 1470   в файле   80-246319281
На строке 1471   в файле   80-244822479
На строке 1472   в файле   80-244822651
На строке 1473   в файле   80-244822883
На строке 1474   в файле   80-244823006
На строке 1475   в файле   80-244192132
На строке 1476   в файле   80-246323976
На строке 1477   в файле   80-251398189
На строке 1478   в файле   80-246325185
На строке 1479   в файле   80-244823361
На строке 1480   в файле   80-251398925
На строке 1481   в файле   80-244193821
На строке 1482   в файле   80-251398540
На строке 1483   в файле   80-249930390
На строке 1484   в файле   80-244194761
На строке 1485   в файле   80-251398943
На строке 1486   в файле   80-244195289
На строке 1487   в файле   80-249930376
На строке 1488   в файле   80-251399629
На строке 1489   в файле   80-244195950
На строке 1490   в файле   80-244824014
На строке 1491   в файле   80-252263719
На строке 1492   в файле   80-251399262
На строке 1493   в файле   80-246328791
На строке 1494   в файле   80-246329321
На строке 1495   в файле   80-244197202
На строке 1496   в файле   80-246328616
На строке 1497   в файле   80-244824749
На строке 1498   в файле   80-244197897
На строке 1500   в файле   80-251399889
На строке 1501   в файле   80-244824832
На строке 1502   в файле   80-246330564
На строке 1503   в файле   80-246330551
На строке 1504   в файле   80-249930732
На строке 1505   в файле   80-260947981
На строке 1506   в файле   80-260948128
На строке 1507   в файле   80-260948274
На строке 1508   в файле   80-260948303
На строке 1509   в файле   80-260948742
На строке 1510   в файле   80-260948523
На строке 1511   в файле   80-260948510
На строке 1512   в файле   80-260948812
На строке 1513   в файле   80-260948972
На строке 1514   в файле   80-260948779
На строке 1515   в файле   80-260949162
На строке 1516   в файле   80-260949257
На строке 1517   в файле   80-260949344
На строке 1518   в файле   80-260949702
На строке 1519   в файле   80-260949572
На строке 1520   в файле   80-260950034
На строке 1521   в файле   80-260949859
На строке 1522   в файле   80-260949901
На строке 1523   в файле   80-260949900
На строке 1524   в файле   80-260950180
На строке 1525   в файле   80-260950701
На строке 1526   в файле   80-260950471
На строке 1527   в файле   80-260950512
На строке 1528   в файле   80-260950411
На строке 1529   в файле   80-260950848
На строке 1530   в файле   80-260950902
На строке 1531   в файле   80-261253243
На строке 1532   в файле   80-260951124
На строке 1533   в файле   80-260951017
На строке 1534   в файле   80-260950961
На строке 1535   в файле   80-260951483
На строке 1536   в файле   80-260951216
На строке 1537   в файле   80-260951810
На строке 1538   в файле   80-260951816
На строке 1539   в файле   80-260951813
На строке 1540   в файле   80-261253436
На строке 1541   в файле   80-260952045
На строке 1542   в файле   80-260951812
На строке 1543   в файле   80-260952309
На строке 1544   в файле   80-260952306
На строке 1545   в файле   80-260952007
На строке 1546   в файле   80-261253363
На строке 1547   в файле   80-260952359
На строке 1548   в файле   80-260952763
На строке 1549   в файле   80-260952857
На строке 1550   в файле   80-260952883
На строке 1551   в файле   80-260952528
На строке 1552   в файле   80-260952548
На строке 1553   в файле   80-260953039
На строке 1554   в файле   80-261253785
На строке 1555   в файле   80-260953375
На строке 1556   в файле   80-260953079
На строке 1557   в файле   80-260953153
На строке 1558   в файле   80-260953536
На строке 1559   в файле   80-260953400
На строке 1560   в файле   80-260953409
На строке 1561   в файле   80-261272616
На строке 1562   в файле   80-260953669
На строке 1563   в файле   80-260953630
На строке 1564   в файле   80-261253515
На строке 1565   в файле   80-260953859
На строке 1566   в файле   80-260953869
На строке 1567   в файле   80-260954137
На строке 1568   в файле   80-260954103
На строке 1569   в файле   80-260954081
На строке 1570   в файле   80-261253699
На строке 1571   в файле   80-260954296
На строке 1572   в файле   80-260954343
На строке 1573   в файле   80-260954772
На строке 1574   в файле   80-260954760
На строке 1575   в файле   80-260954537
На строке 1576   в файле   80-260955006
На строке 1577   в файле   80-260954892
На строке 1578   в файле   80-260955349
На строке 1579   в файле   80-260955300
На строке 1580   в файле   80-260955265
На строке 1581   в файле   80-260955197
На строке 1582   в файле   80-261253716
На строке 1583   в файле   80-260955514
На строке 1584   в файле   80-260956003
На строке 1585   в файле   80-260955832
На строке 1586   в файле   80-260955846
На строке 1587   в файле   80-260955780
На строке 1588   в файле   80-260955994
На строке 1589   в файле   80-260956630
На строке 1590   в файле   80-260956358
На строке 1591   в файле   80-260956357
На строке 1592   в файле   80-260956372
На строке 1593   в файле   80-260956360
На строке 1594   в файле   80-260956641
На строке 1595   в файле   80-260956917
На строке 1596   в файле   80-260956925
На строке 1597   в файле   80-260956871
На строке 1598   в файле   80-260957108
На строке 1599   в файле   80-260957101
На строке 1600   в файле   80-260957312
На строке 1601   в файле   80-260957293
На строке 1602   в файле   80-260957404
На строке 1603   в файле   80-260957287
На строке 1604   в файле   80-260957560
На строке 1605   в файле   80-244148998
На строке 1606   в файле   80-244813518
На строке 1607   в файле   80-244149728
На строке 1608   в файле   80-246291789
На строке 1609   в файле   80-244151103
На строке 1610   в файле   80-244151208
На строке 1611   в файле   80-244813656
На строке 1612   в файле   80-244152768
На строке 1613   в файле   80-244153110
На строке 1614   в файле   80-244154069
На строке 1615   в файле   80-244154495
На строке 1616   в файле   80-244156295
На строке 1617   в файле   80-249929293
На строке 1618   в файле   80-244157410
На строке 1619   в файле   80-244158505
На строке 1620   в файле   80-244158198
На строке 1621   в файле   80-244814329
На строке 1622   в файле   80-244158946
На строке 1623   в файле   80-244159628
На строке 1624   в файле   80-244814637
На строке 1625   в файле   80-244162557
На строке 1626   в файле   80-246291767
На строке 1627   в файле   80-244163567
На строке 1628   в файле   80-244164191
На строке 1629   в файле   80-244164836
На строке 1630   в файле   80-244164888
На строке 1631   в файле   80-244165457
На строке 1632   в файле   80-244165406
На строке 1633   в файле   80-244165984
На строке 1634   в файле   80-244166673
На строке 1635   в файле   80-244168068
На строке 1636   в файле   80-244816539
На строке 1637   в файле   80-251391269
На строке 1638   в файле   80-251391789
На строке 1639   в файле   80-249929496
На строке 1640   в файле   80-244170767
На строке 1641   в файле   80-244171541
На строке 1642   в файле   80-244171810
На строке 1643   в файле   80-244172085
На строке 1644   в файле   80-244817460
На строке 1645   в файле   80-244146293
На строке 1646   в файле   80-260957615
На строке 1647   в файле   80-259264404
На строке 1648   в файле   80-260932605
На строке 1649   в файле   80-249929074
На строке 1650   в файле   80-244163558
На строке 1651   в файле   80-246296838
На строке 1652   в файле   80-246301006
На строке 1653   в файле   80-251393657
На строке 1654   в файле   80-244179584
На строке 1655   в файле   80-244180074
На строке 1656   в файле   80-244819172
На строке 1657   в файле   80-261251859
На строке 1658   в файле   80-260933351
На строке 1659   в файле   80-260933054
На строке 1660   в файле   80-260933534
На строке 1661   в файле   80-260933547
На строке 1662   в файле   80-260933571
На строке 1663   в файле   80-260933377
На строке 1664   в файле   80-261251791
На строке 1665   в файле   80-260933703
На строке 1666   в файле   80-260934301
На строке 1667   в файле   80-260934169
На строке 1668   в файле   80-249929095
На строке 1669   в файле   80-244154977
На строке 1670   в файле   80-244155458
На строке 1671   в файле   80-244156652
На строке 1672   в файле   80-244156560
На строке 1673   в файле   80-244157331
На строке 1674   в файле   80-244814477
На строке 1675   в файле   80-244159978
На строке 1676   в файле   80-244161481
На строке 1677   в файле   80-244161864
На строке 1678   в файле   80-244163272
На строке 1679   в файле   80-244166479
На строке 1680   в файле   80-244166605
На строке 1681   в файле   80-249929375
На строке 1682   в файле   80-244168401
На строке 1683   в файле   80-244170207
На строке 1684   в файле   80-244170730
На строке 1685   в файле   80-249929386
На строке 1686   в файле   80-249929573
На строке 1687   в файле   80-249929486
На строке 1688   в файле   80-244174652
На строке 1689   в файле   80-244818207
На строке 1690   в файле   80-252335737
На строке 1691   в файле   80-249929717
На строке 1692   в файле   80-244818368
На строке 1693   в файле   80-251392638
На строке 1694   в файле   80-251392610
На строке 1695   в файле   80-251392877
На строке 1696   в файле   80-244818493
На строке 1697   в файле   80-244151672
На строке 1698   в файле   80-259263341
На строке 1699   в файле   80-244152679
На строке 1700   в файле   80-259263637
На строке 1701   в файле   80-244813842
На строке 1702   в файле   80-259263159
На строке 1703   в файле   80-249928965
На строке 1704   в файле   80-259263314
На строке 1705   в файле   80-259262787
На строке 1706   в файле   80-260932961
На строке 1707   в файле   80-261251684
На строке 1708   в файле   80-251391218
На строке 1709   в файле   80-244160049
На строке 1710   в файле   80-244160768
На строке 1711   в файле   80-244162228
На строке 1712   в файле   80-244162881
На строке 1713   в файле   80-260930685
На строке 1714   в файле   80-260930773
На строке 1715   в файле   80-260931207
На строке 1716   в файле   80-260931301
На строке 1717   в файле   80-260931761
На строке 1718   в файле   80-260931979
На строке 1719   в файле   80-260932036
На строке 1720   в файле   80-260932344
На строке 1721   в файле   80-261251873
На строке 1722   в файле   80-244155800
На строке 1723   в файле   80-259262759
На строке 1724   в файле   80-259263363
На строке 1725   в файле   80-244814331
На строке 1726   в файле   80-259262769
На строке 1727   в файле   80-259263068
На строке 1728   в файле   80-261088626
На строке 1729   в файле   80-245305332
На строке 1730   в файле   80-252630812
На строке 1731   в файле   80-251229973
На строке 1732   в файле   80-261259691
На строке 1733   в файле   80-259636247
На строке 1734   в файле   80-261087794
На строке 1735   в файле   80-261087938
На строке 1736   в файле   80-245307064
На строке 1737   в файле   80-251237718
На строке 1738   в файле   80-251238562
На строке 1739   в файле   80-245303965
На строке 1740   в файле   80-261088104
На строке 1741   в файле   80-245304744
На строке 1742   в файле   80-259637287
На строке 1743   в файле   80-252317016
На строке 1744   в файле   80-259637534
На строке 1745   в файле   80-259637535
На строке 1746   в файле   80-259637552
На строке 1747   в файле   80-259637561
На строке 1748   в файле   80-261088193
На строке 1749   в файле   80-261090062
На строке 1750   в файле   80-251249077
На строке 1751   в файле   80-251249905
На строке 1752   в файле   80-245359990
На строке 1753   в файле   80-252318225
На строке 1754   в файле   80-261088999
На строке 1755   в файле   80-261088547
На строке 1756   в файле   80-261089470
На строке 1757   в файле   80-251219041
На строке 1758   в файле   80-251222069
На строке 1759   в файле   80-252315081
На строке 1760   в файле   80-259620947
На строке 1761   в файле   80-259620379
На строке 1762   в файле   80-259621213
На строке 1763   в файле   80-259621748
На строке 1764   в файле   80-261082709
На строке 1765   в файле   80-261259686
На строке 1766   в файле   80-251220438
На строке 1767   в файле   80-252315397
На строке 1768   в файле   80-251221847
На строке 1769   в файле   80-251220789
На строке 1770   в файле   80-261085566
На строке 1771   в файле   80-261084388
На строке 1772   в файле   80-261252899
На строке 1773   в файле   80-244161467
На строке 1774   в файле   80-244816367
На строке 1775   в файле   80-244174904
На строке 1776   в файле   80-251393658
На строке 1777   в файле   80-244183212
На строке 1778   в файле   80-251395403
На строке 1779   в файле   80-244190880
На строке 1780   в файле   80-246325359
На строке 1781   в файле   80-261253114
На строке 1782   в файле   80-260944813
На строке 1783   в файле   80-260945945
На строке 1784   в файле   80-260946994
На строке 1785   в файле   80-260947211
На строке 1786   в файле   80-260947353
На строке 1787   в файле   80-260947268
На строке 1788   в файле   80-261253435
На строке 1789   в файле   80-260947728
На строке 1790   в файле   80-260947441
На строке 1791   в файле   80-260947847
На строке 1792   в файле   80-244162196
На строке 1793   в файле   80-244814995
На строке 1794   в файле   80-244815314
На строке 1795   в файле   80-249929163
На строке 1796   в файле   80-244164190
На строке 1797   в файле   80-244815317
На строке 1798   в файле   80-246290872
На строке 1799   в файле   80-244165746
На строке 1800   в файле   80-244165998
На строке 1801   в файле   80-252263247
На строке 1802   в файле   80-244168677
На строке 1803   в файле   80-249929364
На строке 1804   в файле   80-251391264
На строке 1805   в файле   80-246294819
На строке 1806   в файле   80-252263240
На строке 1807   в файле   80-252335732
На строке 1808   в файле   80-244817276
На строке 1809   в файле   80-244173344
На строке 1810   в файле   80-244817466
На строке 1811   в файле   80-244174162
На строке 1812   в файле   80-251392340
На строке 1813   в файле   80-246297784
На строке 1814   в файле   80-244176733
На строке 1815   в файле   80-244818364
На строке 1816   в файле   80-251393159
На строке 1817   в файле   80-251393157
На строке 1818   в файле   80-246300352
На строке 1819   в файле   80-244178674
На строке 1820   в файле   80-251393379
На строке 1821   в файле   80-249929785
На строке 1822   в файле   80-244819342
На строке 1823   в файле   80-244819516
На строке 1824   в файле   80-246303816
На строке 1825   в файле   80-246304460
На строке 1826   в файле   80-246304435
На строке 1827   в файле   80-244820199
На строке 1828   в файле   80-244182435
На строке 1829   в файле   80-251394231
На строке 1830   в файле   80-244182817
На строке 1831   в файле   80-244182998
На строке 1832   в файле   80-251394770
На строке 1833   в файле   80-244820330
На строке 1834   в файле   80-251393959
На строке 1835   в файле   80-246306876
На строке 1836   в файле   80-246307454
На строке 1837   в файле   80-249929973
На строке 1838   в файле   80-244821249
На строке 1839   в файле   80-252336577
На строке 1840   в файле   80-246311123
На строке 1841   в файле   80-251395512
На строке 1842   в файле   80-244186495
На строке 1843   в файле   80-249930264
На строке 1844   в файле   80-246313678
На строке 1845   в файле   80-251396028
На строке 1846   в файле   80-244821787
На строке 1847   в файле   80-244821948
На строке 1848   в файле   80-251395967
На строке 1849   в файле   80-252336451
На строке 1850   в файле   80-246318070
На строке 1851   в файле   80-252337185
На строке 1852   в файле   80-244822227
На строке 1853   в файле   80-246321321
На строке 1854   в файле   80-246320509
На строке 1855   в файле   80-246321141
На строке 1856   в файле   80-244191488
На строке 1857   в файле   80-246322721
На строке 1858   в файле   80-246322726
На строке 1859   в файле   80-246323900
На строке 1860   в файле   80-251398161
На строке 1861   в файле   80-246324007
На строке 1862   в файле   80-244823007
На строке 1863   в файле   80-244823174
На строке 1864   в файле   80-244194031
На строке 1865   в файле   80-244194394
На строке 1866   в файле   80-246326747
На строке 1867   в файле   80-244823540
На строке 1868   в файле   80-244195459
На строке 1869   в файле   80-244823697
На строке 1870   в файле   80-246328006
На строке 1871   в файле   80-246327366
На строке 1872   в файле   80-244824006
На строке 1873   в файле   80-261253119
На строке 1874   в файле   80-261253002
На строке 1875   в файле   80-260944081
На строке 1876   в файле   80-260944236
На строке 1877   в файле   80-260944268
На строке 1878   в файле   80-261253147
На строке 1879   в файле   80-260944310
На строке 1880   в файле   80-260944326
На строке 1881   в файле   80-260944731
На строке 1882   в файле   80-260944770
На строке 1883   в файле   80-260944805
На строке 1884   в файле   80-260944824
На строке 1885   в файле   80-260944935
На строке 1886   в файле   80-260945342
На строке 1887   в файле   80-260945431
На строке 1888   в файле   80-260945421
На строке 1889   в файле   80-260945410
На строке 1890   в файле   80-260945527
На строке 1891   в файле   80-260945492
На строке 1892   в файле   80-260945920
На строке 1893   в файле   80-260946073
На строке 1894   в файле   80-260945946
На строке 1895   в файле   80-260946141
На строке 1896   в файле   80-260946162
На строке 1897   в файле   80-260946473
На строке 1898   в файле   80-260946441
На строке 1899   в файле   80-260946814
На строке 1900   в файле   80-260946679
На строке 1901   в файле   80-260946681
На строке 1902   в файле   80-260946713
На строке 1903   в файле   80-260947079
На строке 1904   в файле   80-261253453
На строке 1905   в файле   80-244814833
На строке 1906   в файле   80-259263873
На строке 1907   в файле   80-259263885
На строке 1908   в файле   80-260947619
На строке 1909   в файле   80-260770592
На строке 1910   в файле   80-260770253
На строке 1911   в файле   80-260770514
На строке 1912   в файле   80-260770995
На строке 1913   в файле   80-260770749
На строке 1914   в файле   80-260770847
На строке 1915   в файле   80-260771194
На строке 1916   в файле   80-260770762
На строке 1917   в файле   80-260771157
На строке 1918   в файле   80-260771624
На строке 1919   в файле   80-260771294
На строке 1920   в файле   80-260771390
На строке 1921   в файле   80-261243742
На строке 1922   в файле   80-244555959
На строке 1923   в файле   80-252220514
На строке 1924   в файле   80-243727182
На строке 1925   в файле   80-244560848
На строке 1926   в файле   80-243726402
На строке 1927   в файле   80-243727937
На строке 1928   в файле   80-243737462
На строке 1929   в файле   80-243739497
На строке 1930   в файле   80-243740130
На строке 1931   в файле   80-249909176
На строке 1932   в файле   80-244568186
На строке 1933   в файле   80-243745844
На строке 1934   в файле   80-243745570
На строке 1935   в файле   80-243747898
На строке 1936   в файле   80-243750841
На строке 1937   в файле   80-243751597
На строке 1938   в файле   80-243752556
На строке 1939   в файле   80-252225897
На строке 1940   в файле   80-244573157
На строке 1941   в файле   80-244576240
На строке 1942   в файле   80-249910596
На строке 1943   в файле   80-244577452
На строке 1944   в файле   80-243799865
На строке 1945   в файле   80-243804938
На строке 1946   в файле   80-243805974
На строке 1947   в файле   80-243808111
На строке 1948   в файле   80-249912548
На строке 1949   в файле   80-246254104
На строке 1950   в файле   80-244584041
На строке 1951   в файле   80-243816819
На строке 1952   в файле   80-243817562
На строке 1953   в файле   80-243817570
На строке 1954   в файле   80-243818311
На строке 1955   в файле   80-249912762
На строке 1956   в файле   80-243819891
На строке 1957   в файле   80-243819890
На строке 1958   в файле   80-243820534
На строке 1959   в файле   80-249912981
На строке 1960   в файле   80-243822549
На строке 1961   в файле   80-249913090
На строке 1962   в файле   80-243826287
На строке 1963   в файле   80-243827323
На строке 1964   в файле   80-249913305
На строке 1965   в файле   80-243827659
На строке 1966   в файле   80-243827647
На строке 1967   в файле   80-243827953
На строке 1968   в файле   80-243828916
На строке 1969   в файле   80-244590710
На строке 1970   в файле   80-249913629
На строке 1971   в файле   80-243833915
На строке 1972   в файле   80-244590877
На строке 1973   в файле   80-244591369
На строке 1974   в файле   80-243835644
На строке 1975   в файле   80-243835830
На строке 1976   в файле   80-244591537
На строке 1977   в файле   80-243836557
На строке 1978   в файле   80-244591703
На строке 1979   в файле   80-243837550
На строке 1980   в файле   80-243837571
На строке 1981   в файле   80-244592041
На строке 1982   в файле   80-243838049
На строке 1983   в файле   80-243838107
На строке 1984   в файле   80-249913967
На строке 1985   в файле   80-252231913
На строке 1986   в файле   80-249913980
На строке 1987   в файле   80-244593277
На строке 1988   в файле   80-249914213
На строке 1989   в файле   80-249914217
На строке 1990   в файле   80-249907531
На строке 1991   в файле   80-260770257
На строке 1992   в файле   80-249907612
На строке 1993   в файле   80-260770251
На строке 1994   в файле   80-259227030
На строке 1995   в файле   80-249660869
На строке 1996   в файле   80-249660994
На строке 1997   в файле   80-260540850
На строке 1998   в файле   80-260541654
На строке 1999   в файле   80-260541415
На строке 2000   в файле   80-260541432
На строке 2001   в файле   80-260541815
На строке 2002   в файле   80-260541958
На строке 2003   в файле   80-260542168
На строке 2004   в файле   80-251035530
На строке 2005   в файле   80-249660876
На строке 2006   в файле   80-260539766
На строке 2007   в файле   80-260539600
На строке 2008   в файле   80-260540361
На строке 2009   в файле   80-260541018
На строке 2010   в файле   80-260543503
На строке 2011   в файле   80-249661895
На строке 2012   в файле   80-252119466
На строке 2013   в файле   80-249662036
На строке 2014   в файле   80-251036370
На строке 2015   в файле   80-251036873
На строке 2016   в файле   80-249662924
На строке 2017   в файле   80-249663130
На строке 2018   в файле   80-249663087
На строке 2019   в файле   80-260543547
На строке 2020   в файле   80-260543890
На строке 2021   в файле   80-260543854
На строке 2022   в файле   80-260543880
На строке 2023   в файле   80-260543693
На строке 2024   в файле   80-260671724
На строке 2025   в файле   80-261238889
На строке 2026   в файле   80-249867842
На строке 2027   в файле   80-249871088
На строке 2028   в файле   80-249871193
На строке 2029   в файле   80-249874919
На строке 2030   в файле   80-249878911
На строке 2031   в файле   80-249880584
На строке 2032   в файле   80-249884247
На строке 2033   в файле   80-249884023
На строке 2034   в файле   80-249887076
На строке 2035   в файле   80-252168616
На строке 2036   в файле   80-249887182
На строке 2037   в файле   80-249887372
На строке 2038   в файле   80-260672220
На строке 2039   в файле   80-260673504
На строке 2040   в файле   80-260673719
На строке 2041   в файле   80-260674453
На строке 2042   в файле   80-261239047
На строке 2043   в файле   80-260675142
На строке 2044   в файле   80-260675125
На строке 2045   в файле   80-260677749
На строке 2046   в файле   80-260677116
На строке 2047   в файле   80-260678511
На строке 2048   в файле   80-261239112
На строке 2049   в файле   80-260679429
На строке 2050   в файле   80-261239110
На строке 2051   в файле   80-260679449
На строке 2052   в файле   80-260679286
На строке 2053   в файле   80-260679922
На строке 2054   в файле   80-249868288
На строке 2055   в файле   80-249868427
На строке 2056   в файле   80-249868581
На строке 2057   в файле   80-249868719
На строке 2058   в файле   80-252147468
На строке 2059   в файле   80-249869149
На строке 2060   в файле   80-249869126
На строке 2061   в файле   80-252499688
На строке 2062   в файле   80-249869937
На строке 2063   в файле   80-249869951
На строке 2064   в файле   80-249870075
На строке 2065   в файле   80-249870235
На строке 2066   в файле   80-249870227
На строке 2067   в файле   80-249870494
На строке 2068   в файле   80-249870799
На строке 2069   в файле   80-249870804
На строке 2070   в файле   80-249871464
На строке 2071   в файле   80-249871674
На строке 2072   в файле   80-249872271
На строке 2073   в файле   80-252150862
На строке 2074   в файле   80-249872389
На строке 2075   в файле   80-249872934
На строке 2076   в файле   80-249873081
На строке 2077   в файле   80-252151973
На строке 2078   в файле   80-252152943
На строке 2079   в файле   80-249874220
На строке 2080   в файле   80-249874329
На строке 2081   в файле   80-249874228
На строке 2082   в файле   80-249874498
На строке 2083   в файле   80-249875025
На строке 2084   в файле   80-249875311
На строке 2085   в файле   80-252154071
На строке 2086   в файле   80-252154655
На строке 2087   в файле   80-249877412
На строке 2088   в файле   80-252155924
На строке 2089   в файле   80-249877698
На строке 2090   в файле   80-249877834
На строке 2091   в файле   80-252157112
На строке 2092   в файле   80-249878133
На строке 2093   в файле   80-249878099
На строке 2094   в файле   80-249878407
На строке 2095   в файле   80-249878522
На строке 2096   в файле   80-249878393
На строке 2097   в файле   80-249878628
На строке 2098   в файле   80-249878902
На строке 2099   в файле   80-249879290
На строке 2100   в файле   80-249879083
На строке 2101   в файле   80-249879173
На строке 2102   в файле   80-249879540
На строке 2103   в файле   80-249879414
На строке 2104   в файле   80-249879305
На строке 2105   в файле   80-249879541
На строке 2106   в файле   80-249879682
На строке 2107   в файле   80-249879681
На строке 2108   в файле   80-249879703
На строке 2109   в файле   80-249879961
На строке 2110   в файле   80-249880075
На строке 2111   в файле   80-249880218
На строке 2112   в файле   80-249880227
На строке 2113   в файле   80-249880358
На строке 2114   в файле   80-252159026
На строке 2115   в файле   80-249880712
На строке 2116   в файле   80-252158919
На строке 2117   в файле   80-249881013
На строке 2118   в файле   80-249881072
На строке 2119   в файле   80-249881133
На строке 2120   в файле   80-249881274
На строке 2121   в файле   80-252160485
На строке 2122   в файле   80-249881871
На строке 2123   в файле   80-252160313
На строке 2124   в файле   80-249881897
На строке 2125   в файле   80-249882132
На строке 2126   в файле   80-249882152
На строке 2127   в файле   80-252161965
На строке 2128   в файле   80-249882530
На строке 2129   в файле   80-249882544
На строке 2130   в файле   80-249882643
На строке 2131   в файле   80-249882874
На строке 2132   в файле   80-249882915
На строке 2133   в файле   80-249883393
На строке 2134   в файле   80-249884454
На строке 2135   в файле   80-249884586
На строке 2136   в файле   80-249884936
На строке 2137   в файле   80-249884851
На строке 2138   в файле   80-249884880
На строке 2139   в файле   80-249885251
На строке 2140   в файле   80-249885264
На строке 2141   в файле   80-249885481
На строке 2142   в файле   80-249885526
На строке 2143   в файле   80-252164212
На строке 2144   в файле   80-249886509
На строке 2145   в файле   80-252500150
На строке 2146   в файле   80-249886504
На строке 2147   в файле   80-249886631
На строке 2148   в файле   80-249867284
На строке 2149   в файле   80-261239014
На строке 2150   в файле   80-252146523
На строке 2151   в файле   80-261238721
На строке 2152   в файле   80-261238411
На строке 2153   в файле   80-249877548
На строке 2154   в файле   80-261089718
На строке 2155   в файле   80-259988942
На строке 2156   в файле   80-251775389
На строке 2157   в файле   80-247020345
На строке 2158   в файле   80-247036833
На строке 2159   в файле   80-247047018
На строке 2160   в файле   80-247051366
На строке 2161   в файле   80-251788728
На строке 2162   в файле   80-252410472
На строке 2163   в файле   80-247072674
На строке 2164   в файле   80-259989371
На строке 2165   в файле   80-259989688
На строке 2166   в файле   80-261151366
На строке 2167   в файле   80-261151018
На строке 2168   в файле   80-261151352
На строке 2169   в файле   80-259990067
На строке 2170   в файле   80-259990527
На строке 2171   в файле   80-259990650
На строке 2172   в файле   80-259990929
На строке 2173   в файле   80-259991684
На строке 2174   в файле   80-252407503
На строке 2175   в файле   80-247007859
На строке 2176   в файле   80-251776943
На строке 2177   в файле   80-247009078
На строке 2178   в файле   80-251777158
На строке 2179   в файле   80-251777685
На строке 2180   в файле   80-247012565
На строке 2181   в файле   80-247015475
На строке 2182   в файле   80-247016030
На строке 2183   в файле   80-247016976
На строке 2184   в файле   80-247020714
На строке 2185   в файле   80-247021489
На строке 2186   в файле   80-247021932
На строке 2187   в файле   80-247022701
На строке 2188   в файле   80-247023087
На строке 2189   в файле   80-251780555
На строке 2190   в файле   80-247027388
На строке 2191   в файле   80-251780871
На строке 2192   в файле   80-252408334
На строке 2193   в файле   80-247036030
На строке 2194   в файле   80-251782867
На строке 2195   в файле   80-251783331
На строке 2196   в файле   80-247044517
На строке 2197   в файле   80-247044785
На строке 2198   в файле   80-247044748
На строке 2199   в файле   80-251785074
На строке 2200   в файле   80-247044985
На строке 2201   в файле   80-247045615
На строке 2202   в файле   80-247046105
На строке 2203   в файле   80-247046505
На строке 2204   в файле   80-247047011
На строке 2205   в файле   80-251785529
На строке 2206   в файле   80-247048789
На строке 2207   в файле   80-247048996
На строке 2208   в файле   80-247049377
На строке 2209   в файле   80-251785778
На строке 2210   в файле   80-251786071
На строке 2211   в файле   80-247050548
На строке 2212   в файле   80-247050738
На строке 2213   в файле   80-251786340
На строке 2214   в файле   80-251786554
На строке 2215   в файле   80-251786570
На строке 2216   в файле   80-251787049
На строке 2217   в файле   80-252612812
На строке 2218   в файле   80-251787631
На строке 2219   в файле   80-247052560
На строке 2220   в файле   80-247052853
На строке 2221   в файле   80-247053154
На строке 2222   в файле   80-251788128
На строке 2223   в файле   80-251788391
На строке 2224   в файле   80-251788873
На строке 2225   в файле   80-252409123
На строке 2226   в файле   80-247057241
На строке 2227   в файле   80-247057405
На строке 2228   в файле   80-247057394
На строке 2229   в файле   80-247057719
На строке 2230   в файле   80-252409036
На строке 2231   в файле   80-251790124
На строке 2232   в файле   80-251790188
На строке 2233   в файле   80-247058524
На строке 2234   в файле   80-247058659
На строке 2235   в файле   80-252410426
На строке 2236   в файле   80-247061013
На строке 2237   в файле   80-247061333
На строке 2238   в файле   80-247061355
На строке 2239   в файле   80-247061907
На строке 2240   в файле   80-251794212
На строке 2241   в файле   80-251794197
На строке 2242   в файле   80-247070991
На строке 2243   в файле   80-247071386
На строке 2244   в файле   80-247071851
На строке 2245   в файле   80-247072271
На строке 2246   в файле   80-252411852
На строке 2247   в файле   80-246997066
На строке 2248   в файле   80-259986346
На строке 2249   в файле   80-246997965
На строке 2250   в файле   80-259986277
На строке 2251   в файле   80-246999487
На строке 2252   в файле   80-259986576
На строке 2253   в файле   80-246999934
На строке 2254   в файле   80-259986870
На строке 2255   в файле   80-247004665
На строке 2256   в файле   80-247005517
На строке 2257   в файле   80-261150746
На строке 2258   в файле   80-251774087
На строке 2259   в файле   80-261150275
На строке 2260   в файле   80-251773805
На строке 2261   в файле   80-259985704
На строке 2262   в файле   80-251774679
На строке 2263   в файле   80-259986804
На строке 2264   в файле   80-259986044
На строке 2265   в файле   80-260968167
На строке 2266   в файле   80-244217645
На строке 2267   в файле   80-244834687
На строке 2268   в файле   80-251415010
На строке 2269   в файле   80-244221757
На строке 2270   в файле   80-246639704
На строке 2271   в файле   80-246640231
На строке 2272   в файле   80-244226723
На строке 2273   в файле   80-246640366
На строке 2274   в файле   80-260967804
На строке 2275   в файле   80-260968051
На строке 2276   в файле   80-261276492
На строке 2277   в файле   80-261254217
На строке 2278   в файле   80-260968077
На строке 2279   в файле   80-260968682
На строке 2280   в файле   80-260968224
На строке 2281   в файле   80-260968477
На строке 2282   в файле   80-260968404
На строке 2283   в файле   80-260968466
На строке 2284   в файле   80-251412715
На строке 2285   в файле   80-249931677
На строке 2286   в файле   80-244217992
На строке 2287   в файле   80-244217948
На строке 2288   в файле   80-251412686
На строке 2289   в файле   80-244218596
На строке 2290   в файле   80-244218266
На строке 2291   в файле   80-244834610
На строке 2292   в файле   80-251413312
На строке 2293   в файле   80-244219080
На строке 2294   в файле   80-249931755
На строке 2295   в файле   80-244219434
На строке 2296   в файле   80-251413839
На строке 2297   в файле   80-249931827
На строке 2298   в файле   80-244219910
На строке 2299   в файле   80-244219908
На строке 2300   в файле   80-251414438
На строке 2301   в файле   80-249931855
На строке 2302   в файле   80-244836192
На строке 2303   в файле   80-246638613
На строке 2304   в файле   80-244220636
На строке 2305   в файле   80-246638812
На строке 2306   в файле   80-251414936
На строке 2307   в файле   80-251415101
На строке 2308   в файле   80-244836422
На строке 2309   в файле   80-251415689
На строке 2310   в файле   80-246638970
На строке 2311   в файле   80-244221386
На строке 2312   в файле   80-246639181
На строке 2313   в файле   80-244221776
На строке 2314   в файле   80-249931843
На строке 2315   в файле   80-244222157
На строке 2316   в файле   80-249931930
На строке 2317   в файле   80-244222331
На строке 2318   в файле   80-244222536
На строке 2319   в файле   80-244836719
На строке 2320   в файле   80-251416131
На строке 2321   в файле   80-246639516
На строке 2322   в файле   80-244223497
На строке 2323   в файле   80-244837587
На строке 2324   в файле   80-251418190
На строке 2325   в файле   80-244225331
На строке 2326   в файле   80-244225340
На строке 2327   в файле   80-244225626
На строке 2328   в файле   80-251417491
На строке 2329   в файле   80-244214857
На строке 2330   в файле   80-259269482
На строке 2331   в файле   80-244215317
На строке 2332   в файле   80-259270092
На строке 2333   в файле   80-244215546
На строке 2334   в файле   80-260967982
На строке 2335   в файле   80-244832446
На строке 2336   в файле   80-259268661
На строке 2337   в файле   80-244833627
На строке 2338   в файле   80-260967851
На строке 2339   в файле   80-244832872
На строке 2340   в файле   80-259270292
На строке 2341   в файле   80-244213745
На строке 2342   в файле   80-260967333
На строке 2343   в файле   80-260967570
На строке 2344   в файле   80-244214690
На строке 2345   в файле   80-259269748
На строке 2346   в файле   80-244217014
На строке 2347   в файле   80-260967665
На строке 2348   в файле   80-246634530
На строке 2349   в файле   80-259270016
На строке 2350   в файле   80-246633957
На строке 2351   в файле   80-249931497
На строке 2352   в файле   80-259269763
На строке 2353   в файле   80-251410705
На строке 2354   в файле   80-259269872
На строке 2355   в файле   80-259268385
На строке 2356   в файле   80-251412272
На строке 2357   в файле   80-246636207
На строке 2358   в файле   80-260957820
На строке 2359   в файле   80-246314955
На строке 2360   в файле   80-246322715
На строке 2361   в файле   80-244823698
На строке 2362   в файле   80-251400256
На строке 2363   в файле   80-244824970
На строке 2364   в файле   80-244198491
На строке 2365   в файле   80-244198806
На строке 2366   в файле   80-251400337
На строке 2367   в файле   80-260958037
На строке 2368   в файле   80-260957751
На строке 2369   в файле   80-260958094
На строке 2370   в файле   80-260958336
На строке 2371   в файле   80-260958547
На строке 2372   в файле   80-260958575
На строке 2373   в файле   80-260958824
На строке 2374   в файле   80-260958313
На строке 2375   в файле   80-261253639
На строке 2376   в файле   80-260958616
На строке 2377   в файле   80-261253804
На строке 2378   в файле   80-251395685
На строке 2379   в файле   80-249930193
На строке 2380   в файле   80-246317465
На строке 2381   в файле   80-244822261
На строке 2382   в файле   80-246318620
На строке 2383   в файле   80-244822092
На строке 2384   в файле   80-251397797
На строке 2385   в файле   80-246319836
На строке 2386   в файле   80-246319826
На строке 2387   в файле   80-244822644
На строке 2388   в файле   80-244191683
На строке 2389   в файле   80-244823018
На строке 2390   в файле   80-251398175
На строке 2391   в файле   80-244193272
На строке 2392   в файле   80-249930405
На строке 2393   в файле   80-249930501
На строке 2394   в файле   80-246325306
На строке 2395   в файле   80-244823344
На строке 2396   в файле   80-244194196
На строке 2397   в файле   80-251398899
На строке 2398   в файле   80-251399585
На строке 2399   в файле   80-246327445
На строке 2400   в файле   80-244823847
На строке 2401   в файле   80-249930494
На строке 2402   в файле   80-244824410
На строке 2403   в файле   80-244824396
На строке 2404   в файле   80-244196928
На строке 2405   в файле   80-244197048
На строке 2406   в файле   80-244197546
На строке 2407   в файле   80-244824579
На строке 2408   в файле   80-246329867
На строке 2409   в файле   80-252337655
На строке 2410   в файле   80-251399604
На строке 2411   в файле   80-244821399
На строке 2412   в файле   80-259264357
На строке 2413   в файле   80-259264347
На строке 2414   в файле   80-246312392
На строке 2415   в файле   80-259264919
На строке 2416   в файле   80-259265060
На строке 2417   в файле   80-246314128
На строке 2418   в файле   80-259265021
На строке 2419   в файле   80-259265226
На строке 2420   в файле   80-249930203
На строке 2421   в файле   80-259265219
На строке 2422   в файле   80-259264447
На строке 2423   в файле   80-259264145
На строке 2424   в файле   80-259265579
На строке 2425   в файле   80-260957812
На строке 2426   в файле   80-260959026
На строке 2427   в файле   80-246316844
На строке 2428   в файле   80-261253948
На строке 2429   в файле   80-249930636
На строке 2430   в файле   80-249930625
На строке 2431   в файле   80-244826397
На строке 2432   в файле   80-244826607
На строке 2433   в файле   80-251402330
На строке 2434   в файле   80-246339874
На строке 2435   в файле   80-246339943
На строке 2436   в файле   80-244203129
На строке 2437   в файле   80-260959242
На строке 2438   в файле   80-260959117
На строке 2439   в файле   80-260959333
На строке 2440   в файле   80-260959470
На строке 2441   в файле   80-260959362
На строке 2442   в файле   80-260959400
На строке 2443   в файле   80-260959664
На строке 2444   в файле   80-260959735
На строке 2445   в файле   80-261254051
На строке 2446   в файле   80-260959790
На строке 2447   в файле   80-260959810
На строке 2448   в файле   80-251400665
На строке 2449   в файле   80-251401114
На строке 2450   в файле   80-246333295
На строке 2451   в файле   80-244825134
На строке 2452   в файле   80-251400718
На строке 2453   в файле   80-251401056
На строке 2454   в файле   80-246332638
На строке 2455   в файле   80-251401557
На строке 2456   в файле   80-249930654
На строке 2457   в файле   80-252337294
На строке 2458   в файле   80-244199810
На строке 2459   в файле   80-251401387
На строке 2460   в файле   80-249930741
На строке 2461   в файле   80-244200185
На строке 2462   в файле   80-244200523
На строке 2463   в файле   80-246336210
На строке 2464   в файле   80-246336916
На строке 2465   в файле   80-244825990
На строке 2466   в файле   80-244200706
На строке 2467   в файле   80-244826227
На строке 2468   в файле   80-244826599
На строке 2469   в файле   80-249930714
На строке 2470   в файле   80-246336798
На строке 2471   в файле   80-246337508
На строке 2472   в файле   80-244202138
На строке 2473   в файле   80-246338125
На строке 2474   в файле   80-251401941
На строке 2475   в файле   80-251402275
На строке 2476   в файле   80-244202280
На строке 2477   в файле   80-244826218
На строке 2478   в файле   80-252264354
На строке 2479   в файле   80-246338672
На строке 2480   в файле   80-251401920
На строке 2481   в файле   80-246338786
На строке 2482   в файле   80-246332096
На строке 2483   в файле   80-259265567
На строке 2484   в файле   80-260958940
На строке 2485   в файле   80-246343499
На строке 2486   в файле   80-244827963
На строке 2487   в файле   80-251403887
На строке 2488   в файле   80-244830005
На строке 2489   в файле   80-249931269
На строке 2490   в файле   80-244830849
На строке 2491   в файле   80-244830891
На строке 2492   в файле   80-260961262
На строке 2493   в файле   80-260962252
На строке 2494   в файле   80-260963222
На строке 2495   в файле   80-260963247
На строке 2496   в файле   80-260963242
На строке 2497   в файле   80-260963255
На строке 2498   в файле   80-260963306
На строке 2499   в файле   80-260963671
На строке 2500   в файле   80-260963713
На строке 2501   в файле   80-260963727
На строке 2502   в файле   80-246339916
На строке 2503   в файле   80-252337321
На строке 2504   в файле   80-246341151
На строке 2505   в файле   80-249930883
На строке 2506   в файле   80-246342357
На строке 2507   в файле   80-244204671
На строке 2508   в файле   80-244827372
На строке 2509   в файле   80-244827149
На строке 2510   в файле   80-244827725
На строке 2511   в файле   80-251402678
На строке 2512   в файле   80-251403061
На строке 2513   в файле   80-246344747
На строке 2514   в файле   80-246344715
На строке 2515   в файле   80-246346034
На строке 2516   в файле   80-246346030
На строке 2517   в файле   80-251403452
На строке 2518   в файле   80-251403025
На строке 2519   в файле   80-244828094
На строке 2520   в файле   80-246347084
На строке 2521   в файле   80-244828962
На строке 2522   в файле   80-246348341
На строке 2523   в файле   80-246348140
На строке 2524   в файле   80-244208239
На строке 2525   в файле   80-249931146
На строке 2526   в файле   80-244829160
На строке 2527   в файле   80-249931175
На строке 2528   в файле   80-246349177
На строке 2529   в файле   80-244208799
На строке 2530   в файле   80-246350381
На строке 2531   в файле   80-246351486
На строке 2532   в файле   80-244829582
На строке 2533   в файле   80-244829340
На строке 2534   в файле   80-251404620
На строке 2535   в файле   80-252337626
На строке 2536   в файле   80-244829587
На строке 2537   в файле   80-244829824
На строке 2538   в файле   80-244210159
На строке 2539   в файле   80-251405077
На строке 2540   в файле   80-251405082
На строке 2541   в файле   80-244830029
На строке 2542   в файле   80-249931199
На строке 2543   в файле   80-246354031
На строке 2544   в файле   80-244830441
На строке 2545   в файле   80-244830221
На строке 2546   в файле   80-244211012
На строке 2547   в файле   80-251405912
На строке 2548   в файле   80-251407206
На строке 2549   в файле   80-246355542
На строке 2550   в файле   80-246356093
На строке 2551   в файле   80-244211557
На строке 2552   в файле   80-244830426
На строке 2553   в файле   80-244830676
На строке 2554   в файле   80-246356414
На строке 2555   в файле   80-244211830
На строке 2556   в файле   80-244211812
На строке 2557   в файле   80-251405843
На строке 2558   в файле   80-244831333
На строке 2559   в файле   80-249931350
На строке 2560   в файле   80-252523536
На строке 2561   в файле   80-244212086
На строке 2562   в файле   80-251406329
На строке 2563   в файле   80-251406244
На строке 2564   в файле   80-244212358
На строке 2565   в файле   80-246357381
На строке 2566   в файле   80-246358126
На строке 2567   в файле   80-252523522
На строке 2568   в файле   80-249931352
На строке 2569   в файле   80-249931367
На строке 2570   в файле   80-260961465
На строке 2571   в файле   80-260961454
На строке 2572   в файле   80-260961488
На строке 2573   в файле   80-260961751
На строке 2574   в файле   80-260961644
На строке 2575   в файле   80-260961847
На строке 2576   в файле   80-260961844
На строке 2577   в файле   80-260961903
На строке 2578   в файле   80-260961905
На строке 2579   в файле   80-260962352
На строке 2580   в файле   80-260962280
На строке 2581   в файле   80-260962306
На строке 2582   в файле   80-260962346
На строке 2583   в файле   80-260962345
На строке 2584   в файле   80-260962788
На строке 2585   в файле   80-260962833
На строке 2586   в файле   80-260962785
На строке 2587   в файле   80-260962805
На строке 2588   в файле   80-260962850
На строке 2589   в файле   80-260962803
На строке 2590   в файле   80-260963251
На строке 2591   в файле   80-244826781
На строке 2592   в файле   80-259266069
На строке 2593   в файле   80-244826979
На строке 2594   в файле   80-259266356
На строке 2595   в файле   80-244826957
На строке 2596   в файле   80-259266087
На строке 2597   в файле   80-246341109
На строке 2598   в файле   80-260964736
На строке 2599   в файле   80-259265808
На строке 2600   в файле   80-260960904
На строке 2601   в файле   80-260960857
На строке 2602   в файле   80-260961075
На строке 2603   в файле   80-260961068
На строке 2604   в файле   80-260961070
На строке 2605   в файле   80-260961140
На строке 2606   в файле   80-260961255
На строке 2607   в файле   80-260961498
На строке 2608   в файле   80-260960081
На строке 2609   в файле   80-249930886
На строке 2610   в файле   80-244827798
На строке 2611   в файле   80-249931077
На строке 2612   в файле   80-251404621
На строке 2613   в файле   80-249931287
На строке 2614   в файле   80-244210726
На строке 2615   в файле   80-246355105
На строке 2616   в файле   80-246354634
На строке 2617   в файле   80-260960011
На строке 2618   в файле   80-260960265
На строке 2619   в файле   80-260960279
На строке 2620   в файле   80-260960437
На строке 2621   в файле   80-260960535
На строке 2622   в файле   80-260960501
На строке 2623   в файле   80-260960496
На строке 2624   в файле   80-260960688
На строке 2625   в файле   80-260960697
На строке 2626   в файле   80-260960787
На строке 2627   в файле   80-249930903
На строке 2628   в файле   80-251402675
На строке 2629   в файле   80-246342413
На строке 2630   в файле   80-244204429
На строке 2631   в файле   80-246342457
На строке 2632   в файле   80-244204846
На строке 2633   в файле   80-244827344
На строке 2634   в файле   80-246343579
На строке 2635   в файле   80-246343511
На строке 2636   в файле   80-244827565
На строке 2637   в файле   80-246344711
На строке 2638   в файле   80-246345867
На строке 2639   в файле   80-249930973
На строке 2640   в файле   80-249930961
На строке 2641   в файле   80-249930960
На строке 2642   в файле   80-246346972
На строке 2643   в файле   80-249931065
На строке 2644   в файле   80-246347088
На строке 2645   в файле   80-246348120
На строке 2646   в файле   80-251403436
На строке 2647   в файле   80-244208083
На строке 2648   в файле   80-249931143
На строке 2649   в файле   80-244208523
На строке 2650   в файле   80-246349310
На строке 2651   в файле   80-246349320
На строке 2652   в файле   80-246350320
На строке 2653   в файле   80-246350504
На строке 2654   в файле   80-244829169
На строке 2655   в файле   80-246351372
На строке 2656   в файле   80-251403904
На строке 2657   в файле   80-251405460
На строке 2658   в файле   80-252523309
На строке 2659   в файле   80-251405469
На строке 2660   в файле   80-246341056
На строке 2661   в файле   80-259266167
На строке 2662   в файле   80-260959888
На строке 2663   в файле   80-260960147
На строке 2664   в файле   80-260963784
На строке 2665   в файле   80-246358546
На строке 2666   в файле   80-246633569
На строке 2667   в файле   80-249931585
На строке 2668   в файле   80-244833138
На строке 2669   в файле   80-244216398
На строке 2670   в файле   80-244833339
На строке 2671   в файле   80-251410747
На строке 2672   в файле   80-246634717
На строке 2673   в файле   80-260963778
На строке 2674   в файле   80-261253885
На строке 2675   в файле   80-261272445
На строке 2676   в файле   80-260964205
На строке 2677   в файле   80-260963960
На строке 2678   в файле   80-260964280
На строке 2679   в файле   80-260964256
На строке 2680   в файле   80-261254039
На строке 2681   в файле   80-260964281
На строке 2682   в файле   80-260964699
На строке 2683   в файле   80-251409299
На строке 2684   в файле   80-244831746
На строке 2685   в файле   80-244831536
На строке 2686   в файле   80-252606801
На строке 2687   в файле   80-246358969
На строке 2688   в файле   80-244213494
На строке 2689   в файле   80-244831987
На строке 2690   в файле   80-246633757
На строке 2691   в файле   80-251409804
На строке 2692   в файле   80-244214557
На строке 2693   в файле   80-252264255
На строке 2694   в файле   80-251410264
На строке 2695   в файле   80-246634155
На строке 2696   в файле   80-244832667
На строке 2697   в файле   80-244831106
На строке 2698   в файле   80-246634333
На строке 2699   в файле   80-244833631
На строке 2700   в файле   80-244834125
На строке 2701   в файле   80-251413789
На строке 2702   в файле   80-246638229
На строке 2703   в файле   80-251413834
На строке 2704   в файле   80-246638422
На строке 2705   в файле   80-249931737
На строке 2706   в файле   80-260964881
На строке 2707   в файле   80-260964871
На строке 2708   в файле   80-260965160
На строке 2709   в файле   80-260964884
На строке 2710   в файле   80-261254137
На строке 2711   в файле   80-260965149
На строке 2712   в файле   80-260965347
На строке 2713   в файле   80-260965517
На строке 2714   в файле   80-260965627
На строке 2715   в файле   80-260965333
На строке 2716   в файле   80-249931383
На строке 2717   в файле   80-244832655
На строке 2718   в файле   80-251410706
На строке 2719   в файле   80-249931580
На строке 2720   в файле   80-249931604
На строке 2721   в файле   80-251411727
На строке 2722   в файле   80-244833151
На строке 2723   в файле   80-251411297
На строке 2724   в файле   80-251411747
На строке 2725   в файле   80-246635648
На строке 2726   в файле   80-249931653
На строке 2727   в файле   80-244217331
На строке 2728   в файле   80-246635820
На строке 2729   в файле   80-244217309
На строке 2730   в файле   80-249931493
На строке 2731   в файле   80-244833834
На строке 2732   в файле   80-251411700
На строке 2733   в файле   80-246636009
На строке 2734   в файле   80-244834123
На строке 2735   в файле   80-244834363
На строке 2736   в файле   80-251412723
На строке 2737   в файле   80-246637818
На строке 2738   в файле   80-244218901
На строке 2739   в файле   80-249931765
На строке 2740   в файле   80-244219260
На строке 2741   в файле   80-246637994
На строке 2742   в файле   80-244834912
На строке 2743   в файле   80-244213206
На строке 2744   в файле   80-259266947
На строке 2745   в файле   80-244831314
На строке 2746   в файле   80-259266662
На строке 2747   в файле   80-244832028
На строке 2748   в файле   80-259267833
На строке 2749   в файле   80-244832214
На строке 2750   в файле   80-260964423
На строке 2751   в файле   80-244213085
На строке 2752   в файле   80-259267166
На строке 2753   в файле   80-251409819
На строке 2754   в файле   80-259266901
На строке 2755   в файле   80-251409769
На строке 2756   в файле   80-259267445
На строке 2757   в файле   80-259173212
На строке 2758   в файле   80-259266389
На строке 2759   в файле   80-259266895
На строке 2760   в файле   80-261254123
На строке 2761   в файле   80-260964446
На строке 2762   в файле   80-260965186
На строке 2763   в файле   80-260964701
На строке 2764   в файле   80-260965708
На строке 2765   в файле   80-244222911
На строке 2766   в файле   80-249931967
На строке 2767   в файле   80-244224279
На строке 2768   в файле   80-246640041
На строке 2769   в файле   80-251417465
На строке 2770   в файле   80-244225944
На строке 2771   в файле   80-244837860
На строке 2772   в файле   80-244226446
На строке 2773   в файле   80-260965794
На строке 2774   в файле   80-260966050
На строке 2775   в файле   80-260966139
На строке 2776   в файле   80-260965854
На строке 2777   в файле   80-260965959
На строке 2778   в файле   80-260966120
На строке 2779   в файле   80-260966261
На строке 2780   в файле   80-261254186
На строке 2781   в файле   80-260966629
На строке 2782   в файле   80-244837020
На строке 2783   в файле   80-244222899
На строке 2784   в файле   80-244223274
На строке 2785   в файле   80-249932041
На строке 2786   в файле   80-251416158
На строке 2787   в файле   80-244836449
На строке 2788   в файле   80-259268105
На строке 2789   в файле   80-246639362
На строке 2790   в файле   80-259267481
На строке 2791   в файле   80-249932024
На строке 2792   в файле   80-259267554
На строке 2793   в файле   80-251416194
На строке 2794   в файле   80-259267812
На строке 2795   в файле   80-259267238
На строке 2796   в файле   80-260966578
На строке 2797   в файле   80-251416849
На строке 2798   в файле   80-246639875
На строке 2799   в файле   80-244224796
На строке 2800   в файле   80-244837590
На строке 2801   в файле   80-251417470
На строке 2802   в файле   80-249932052
На строке 2803   в файле   80-252264401
На строке 2804   в файле   80-244839327
На строке 2805   в файле   80-260966872
На строке 2806   в файле   80-260966455
На строке 2807   в файле   80-261254222
На строке 2808   в файле   80-260966711
На строке 2809   в файле   80-260967013
На строке 2810   в файле   80-260967049
На строке 2811   в файле   80-261254285
На строке 2812   в файле   80-260966951
На строке 2813   в файле   80-260967059
На строке 2814   в файле   80-260967174
На строке 2815   в файле   80-249932027
На строке 2816   в файле   80-244224110
На строке 2817   в файле   80-244837013
На строке 2818   в файле   80-259268175
На строке 2819   в файле   80-244837272
На строке 2820   в файле   80-260966487
На строке 2821   в файле   80-244223073
На строке 2822   в файле   80-259268464
На строке 2823   в файле   80-259268102
На строке 2824   в файле   80-259268614
На строке 2825   в файле   80-259595893
На строке 2826   в файле   80-252294325
На строке 2827   в файле   80-245170525
На строке 2828   в файле   80-252298594
На строке 2829   в файле   80-252302341
На строке 2830   в файле   80-245193336
На строке 2831   в файле   80-252307186
На строке 2832   в файле   80-245209682
На строке 2833   в файле   80-252309767
На строке 2834   в файле   80-259596306
На строке 2835   в файле   80-261076036
На строке 2836   в файле   80-261075907
На строке 2837   в файле   80-261076562
На строке 2838   в файле   80-259599744
На строке 2839   в файле   80-259599712
На строке 2840   в файле   80-261077255
На строке 2841   в файле   80-261077850
На строке 2842   в файле   80-261078668
На строке 2843   в файле   80-261078932
На строке 2844   в файле   80-245155829
На строке 2845   в файле   80-245156268
На строке 2846   в файле   80-252294765
На строке 2847   в файле   80-245158993
На строке 2848   в файле   80-252295261
На строке 2849   в файле   80-252510463
На строке 2850   в файле   80-245167859
На строке 2851   в файле   80-252295478
На строке 2852   в файле   80-245169230
На строке 2853   в файле   80-245169859
На строке 2854   в файле   80-245171242
На строке 2855   в файле   80-252296539
На строке 2856   в файле   80-252296772
На строке 2857   в файле   80-252296814
На строке 2858   в файле   80-252510644
На строке 2859   в файле   80-252297593
На строке 2860   в файле   80-252297662
На строке 2861   в файле   80-252510821
На строке 2862   в файле   80-252298578
На строке 2863   в файле   80-245184379
На строке 2864   в файле   80-252298817
На строке 2865   в файле   80-252299138
На строке 2866   в файле   80-245185183
На строке 2867   в файле   80-252510988
На строке 2868   в файле   80-252300866
На строке 2869   в файле   80-252301016
На строке 2870   в файле   80-252301081
На строке 2871   в файле   80-252301385
На строке 2872   в файле   80-252301616
На строке 2873   в файле   80-252302000
На строке 2874   в файле   80-252302916
На строке 2875   в файле   80-252303334
На строке 2876   в файле   80-252303240
На строке 2877   в файле   80-245190697
На строке 2878   в файле   80-252303268
На строке 2879   в файле   80-245191205
На строке 2880   в файле   80-245191562
На строке 2881   в файле   80-252304165
На строке 2882   в файле   80-245192734
На строке 2883   в файле   80-252511579
На строке 2884   в файле   80-252305078
На строке 2885   в файле   80-252305309
На строке 2886   в файле   80-245195288
На строке 2887   в файле   80-245196226
На строке 2888   в файле   80-252305662
На строке 2889   в файле   80-245197120
На строке 2890   в файле   80-252306086
На строке 2891   в файле   80-252306085
На строке 2892   в файле   80-252306745
На строке 2893   в файле   80-252306742
На строке 2894   в файле   80-252307184
На строке 2895   в файле   80-245203082
На строке 2896   в файле   80-252307218
На строке 2897   в файле   80-245203864
На строке 2898   в файле   80-245204232
На строке 2899   в файле   80-252307573
На строке 2900   в файле   80-245204238
На строке 2901   в файле   80-252307959
На строке 2902   в файле   80-245207083
На строке 2903   в файле   80-252308119
На строке 2904   в файле   80-245210314
На строке 2905   в файле   80-252308953
На строке 2906   в файле   80-252309338
На строке 2907   в файле   80-252309439
На строке 2908   в файле   80-252293847
На строке 2909   в файле   80-259595558
На строке 2910   в файле   80-259595225
На строке 2911   в файле   80-260533588
На строке 2912   в файле   80-249637491
На строке 2913   в файле   80-249641989
На строке 2914   в файле   80-249646284
На строке 2915   в файле   80-249649658
На строке 2916   в файле   80-249651078
На строке 2917   в файле   80-249652583
На строке 2918   в файле   80-249653736
На строке 2919   в файле   80-249653768
На строке 2920   в файле   80-260533720
На строке 2921   в файле   80-260533659
На строке 2922   в файле   80-260533782
На строке 2923   в файле   80-260533745
На строке 2924   в файле   80-260534438
На строке 2925   в файле   80-260534278
На строке 2926   в файле   80-260534295
На строке 2927   в файле   80-260535122
На строке 2928   в файле   80-260534838
На строке 2929   в файле   80-260535135
На строке 2930   в файле   80-249637489
На строке 2931   в файле   80-249637515
На строке 2932   в файле   80-249638084
На строке 2933   в файле   80-249638671
На строке 2934   в файле   80-249638735
На строке 2935   в файле   80-249639437
На строке 2936   в файле   80-249639681
На строке 2937   в файле   80-252584937
На строке 2938   в файле   80-249640241
На строке 2939   в файле   80-251029091
На строке 2940   в файле   80-249642628
На строке 2941   в файле   80-249642669
На строке 2942   в файле   80-249643143
На строке 2943   в файле   80-249643394
На строке 2944   в файле   80-249643908
На строке 2945   в файле   80-249644760
На строке 2946   в файле   80-249645091
На строке 2947   в файле   80-249645263
На строке 2948   в файле   80-249645772
На строке 2949   в файле   80-249645509
На строке 2950   в файле   80-249646333
На строке 2951   в файле   80-249646763
На строке 2952   в файле   80-249646523
На строке 2953   в файле   80-252495160
На строке 2954   в файле   80-251032505
На строке 2955   в файле   80-251031806
На строке 2956   в файле   80-249648273
На строке 2957   в файле   80-249648260
На строке 2958   в файле   80-249648873
На строке 2959   в файле   80-249649079
На строке 2960   в файле   80-249649649
На строке 2961   в файле   80-249650000
На строке 2962   в файле   80-249649996
На строке 2963   в файле   80-249650220
На строке 2964   в файле   80-249650535
На строке 2965   в файле   80-249650546
На строке 2966   в файле   80-252117954
На строке 2967   в файле   80-249651093
На строке 2968   в файле   80-249650832
На строке 2969   в файле   80-249651358
На строке 2970   в файле   80-249651647
На строке 2971   в файле   80-249651620
На строке 2972   в файле   80-249651370
На строке 2973   в файле   80-249651622
На строке 2974   в файле   80-249651605
На строке 2975   в файле   80-249652430
На строке 2976   в файле   80-249652108
На строке 2977   в файле   80-249651892
На строке 2978   в файле   80-249652153
На строке 2979   в файле   80-252495112
На строке 2980   в файле   80-249653248
На строке 2981   в файле   80-249653551
На строке 2982   в файле   80-249633958
На строке 2983   в файле   80-260533074
На строке 2984   в файле   80-249636274
На строке 2985   в файле   80-260533168
На строке 2986   в файле   80-249636558
На строке 2987   в файле   80-260533214
На строке 2988   в файле   80-249636880
На строке 2989   в файле   80-260533827
На строке 2990   в файле   80-251027009
На строке 2991   в файле   80-260533123
На строке 2992   в файле   80-252117041
На строке 2993   в файле   80-260533042
На строке 2994   в файле   80-260533044
На строке 2995   в файле   80-260967482
На строке 2996   в файле   80-246640519
На строке 2997   в файле   80-244839618
На строке 2998   в файле   80-251418658
На строке 2999   в файле   80-244227283
На строке 3000   в файле   80-251418683
На строке 3001   в файле   80-244839659
На строке 3002   в файле   80-249932120
На строке 3003   в файле   80-244226982
На строке 3004   в файле   80-259269354
На строке 3005   в файле   80-259268731
На строке 3006   в файле   80-260967534
На строке 3007   в файле   80-251418662
На строке 3008   в файле   80-251420067
На строке 3009   в файле   80-251419974
На строке 3010   в файле   80-251420123
На строке 3011   в файле   80-244840333
На строке 3012   в файле   80-244840364
На строке 3013   в файле   80-252339786
На строке 3014   в файле   80-251419470
На строке 3015   в файле   80-259269218
На строке 3016   в файле   80-259269224
На строке 3017   в файле   80-259271556
На строке 3018   в файле   80-260968703
На строке 3019   в файле   80-260968860
На строке 3020   в файле   80-252339359
На строке 3021   в файле   80-244839951
На строке 3022   в файле   80-252339727
На строке 3023   в файле   80-251423897
На строке 3024   в файле   80-251423128
На строке 3025   в файле   80-252340549
На строке 3026   в файле   80-244230718
На строке 3027   в файле   80-244230801
На строке 3028   в файле   80-244228994
На строке 3029   в файле   80-261254473
На строке 3030   в файле   80-260968843
На строке 3031   в файле   80-259271878
На строке 3032   в файле   80-249932224
На строке 3033   в файле   80-249932206
На строке 3034   в файле   80-244840630
На строке 3035   в файле   80-244231524
На строке 3036   в файле   80-244231687
На строке 3037   в файле   80-246646132
На строке 3038   в файле   80-246646262
На строке 3039   в файле   80-244232306
На строке 3040   в файле   80-244841009
На строке 3041   в файле   80-244841319
На строке 3042   в файле   80-249932210
На строке 3043   в файле   80-246646429
На строке 3044   в файле   80-251423774
На строке 3045   в файле   80-251423825
На строке 3046   в файле   80-259271799
На строке 3047   в файле   80-259272092
На строке 3048   в файле   80-259272372
На строке 3049   в файле   80-261254501
На строке 3050   в файле   80-259272617
На строке 3051   в файле   80-246645975
На строке 3052   в файле   80-259271793
На строке 3053   в файле   80-259271795
На строке 3054   в файле   80-259272310
На строке 3055   в файле   80-249932228
На строке 3056   в файле   80-246646570
На строке 3057   в файле   80-244842231
На строке 3058   в файле   80-251426644
На строке 3059   в файле   80-251427406
На строке 3060   в файле   80-251428113
На строке 3061   в файле   80-244842233
На строке 3062   в файле   80-251425138
На строке 3063   в файле   80-259272371
На строке 3064   в файле   80-259272693
На строке 3065   в файле   80-260968908
На строке 3066   в файле   80-251425207
На строке 3067   в файле   80-244841818
На строке 3068   в файле   80-251426764
На строке 3069   в файле   80-252339697
На строке 3070   в файле   80-251428136
На строке 3071   в файле   80-251428181
На строке 3072   в файле   80-244235753
На строке 3073   в файле   80-249932209
На строке 3074   в файле   80-251429560
На строке 3075   в файле   80-244841346
На строке 3076   в файле   80-260968859
На строке 3077   в файле   80-259272935
На строке 3078   в файле   80-259273123
На строке 3079   в файле   80-244234123
На строке 3080   в файле   80-251426714
На строке 3081   в файле   80-244235104
На строке 3082   в файле   80-251428924
На строке 3083   в файле   80-244842603
На строке 3084   в файле   80-246651658
На строке 3085   в файле   80-251429565
На строке 3086   в файле   80-252264309
На строке 3087   в файле   80-244842931
На строке 3088   в файле   80-251425228
На строке 3089   в файле   80-259272886
На строке 3090   в файле   80-259272954
На строке 3091   в файле   80-260969338
На строке 3092   в файле   80-249932408
На строке 3093   в файле   80-251429636
На строке 3094   в файле   80-244237499
На строке 3095   в файле   80-251430402
На строке 3096   в файле   80-244237805
На строке 3097   в файле   80-252339796
На строке 3098   в файле   80-251431240
На строке 3099   в файле   80-244842955
На строке 3100   в файле   80-246651533
На строке 3101   в файле   80-259273442
На строке 3102   в файле   80-259273193
На строке 3103   в файле   80-259273430
На строке 3104   в файле   80-259273856
На строке 3105   в файле   80-246652462
На строке 3106   в файле   80-244241609
На строке 3107   в файле   80-244846427
На строке 3108   в файле   80-252264739
На строке 3109   в файле   80-244258657
На строке 3110   в файле   80-244258711
На строке 3111   в файле   80-252341849
На строке 3112   в файле   80-246658346
На строке 3113   в файле   80-260969341
На строке 3114   в файле   80-259274147
На строке 3115   в файле   80-259274351
На строке 3116   в файле   80-259274108
На строке 3117   в файле   80-259274360
На строке 3118   в файле   80-259274335
На строке 3119   в файле   80-259274823
На строке 3120   в файле   80-259274831
На строке 3121   в файле   80-260969321
На строке 3122   в файле   80-259275200
На строке 3123   в файле   80-244843641
На строке 3124   в файле   80-244239493
На строке 3125   в файле   80-246652563
На строке 3126   в файле   80-244843317
На строке 3127   в файле   80-244843645
На строке 3128   в файле   80-251432661
На строке 3129   в файле   80-251431965
На строке 3130   в файле   80-244843981
На строке 3131   в файле   80-244241323
На строке 3132   в файле   80-244844371
На строке 3133   в файле   80-251434169
На строке 3134   в файле   80-244844750
На строке 3135   в файле   80-246653416
На строке 3136   в файле   80-249932403
На строке 3137   в файле   80-249932404
На строке 3138   в файле   80-251433455
На строке 3139   в файле   80-244243804
На строке 3140   в файле   80-246653540
На строке 3141   в файле   80-251435480
На строке 3142   в файле   80-251436293
На строке 3143   в файле   80-251437017
На строке 3144   в файле   80-244246684
На строке 3145   в файле   80-252340627
На строке 3146   в файле   80-246655418
На строке 3147   в файле   80-252523768
На строке 3148   в файле   80-244248762
На строке 3149   в файле   80-249932595
На строке 3150   в файле   80-244249583
На строке 3151   в файле   80-249969162
На строке 3152   в файле   80-246655921
На строке 3153   в файле   80-251438906
На строке 3154   в файле   80-244850509
На строке 3155   в файле   80-244251169
На строке 3156   в файле   80-249932777
На строке 3157   в файле   80-244253681
На строке 3158   в файле   80-246656392
На строке 3159   в файле   80-251441487
На строке 3160   в файле   80-244852832
На строке 3161   в файле   80-244852703
На строке 3162   в файле   80-252341446
На строке 3163   в файле   80-246656970
На строке 3164   в файле   80-249932782
На строке 3165   в файле   80-244257701
На строке 3166   в файле   80-244853760
На строке 3167   в файле   80-246652319
На строке 3168   в файле   80-259273847
На строке 3169   в файле   80-259273883
На строке 3170   в файле   80-259274828
На строке 3171   в файле   80-252340603
На строке 3172   в файле   80-244242563
На строке 3173   в файле   80-244847607
На строке 3174   в файле   80-251439560
На строке 3175   в файле   80-244256439
На строке 3176   в файле   80-246658657
На строке 3177   в файле   80-244263437
На строке 3178   в файле   80-246659262
На строке 3179   в файле   80-260969145
На строке 3180   в файле   80-259275323
На строке 3181   в файле   80-259275409
На строке 3182   в файле   80-259275123
На строке 3183   в файле   80-259275316
На строке 3184   в файле   80-259275849
На строке 3185   в файле   80-260969337
На строке 3186   в файле   80-259275616
На строке 3187   в файле   80-261254561
На строке 3188   в файле   80-260969761
На строке 3189   в файле   80-251432663
На строке 3190   в файле   80-251431248
На строке 3191   в файле   80-249932406
На строке 3192   в файле   80-246652726
На строке 3193   в файле   80-246652850
На строке 3194   в файле   80-251432662
На строке 3195   в файле   80-252340937
На строке 3196   в файле   80-249932405
На строке 3197   в файле   80-244242002
На строке 3198   в файле   80-244241980
На строке 3199   в файле   80-246652998
На строке 3200   в файле   80-244844400
На строке 3201   в файле   80-246653280
На строке 3202   в файле   80-251434121
На строке 3203   в файле   80-244845506
На строке 3204   в файле   80-251434119
На строке 3205   в файле   80-246654566
На строке 3206   в файле   80-244845131
На строке 3207   в файле   80-251436890
На строке 3208   в файле   80-244846293
На строке 3209   в файле   80-244246447
На строке 3210   в файле   80-244847178
На строке 3211   в файле   80-246655160
На строке 3212   в файле   80-246655307
На строке 3213   в файле   80-246655577
На строке 3214   в файле   80-252340918
На строке 3215   в файле   80-249932582
На строке 3216   в файле   80-246655819
На строке 3217   в файле   80-244249344
На строке 3218   в файле   80-251437692
На строке 3219   в файле   80-252341474
На строке 3220   в файле   80-244851794
На строке 3221   в файле   80-246656165
На строке 3222   в файле   80-246656046
На строке 3223   в файле   80-244851620
На строке 3224   в файле   80-244252756
На строке 3225   в файле   80-251439565
На строке 3226   в файле   80-244852149
На строке 3227   в файле   80-251441622
На строке 3228   в файле   80-244254358
На строке 3229   в файле   80-246656522
На строке 3230   в файле   80-244255551
На строке 3231   в файле   80-252341469
На строке 3232   в файле   80-246657887
На строке 3233   в файле   80-244854419
На строке 3234   в файле   80-244258935
На строке 3235   в файле   80-251443338
На строке 3236   в файле   80-249932866
На строке 3237   в файле   80-251444677
На строке 3238   в файле   80-246658167
На строке 3239   в файле   80-251445494
На строке 3240   в файле   80-244855489
На строке 3241   в файле   80-246658818
На строке 3242   в файле   80-244856965
На строке 3243   в файле   80-251447150
На строке 3244   в файле   80-251431315
На строке 3245   в файле   80-259274614
На строке 3246   в файле   80-259274556
На строке 3247   в файле   80-246656694
На строке 3248   в файле   80-259278461
На строке 3249   в файле   80-259278733
На строке 3250   в файле   80-259278495
На строке 3251   в файле   80-249932767
На строке 3252   в файле   80-246656880
На строке 3253   в файле   80-251442439
На строке 3254   в файле   80-249932822
На строке 3255   в файле   80-246657798
На строке 3256   в файле   80-244854416
На строке 3257   в файле   80-246658084
На строке 3258   в файле   80-249932942
На строке 3259   в файле   80-246658967
На строке 3260   в файле   80-244856772
На строке 3261   в файле   80-251448072
На строке 3262   в файле   80-244857373
На строке 3263   в файле   80-249932955
На строке 3264   в файле   80-246659412
На строке 3265   в файле   80-244858742
На строке 3266   в файле   80-251448147
На строке 3267   в файле   80-251449667
На строке 3268   в файле   80-246660052
На строке 3269   в файле   80-244859440
На строке 3270   в файле   80-244860075
На строке 3271   в файле   80-244266901
На строке 3272   в файле   80-252265216
На строке 3273   в файле   80-251451628
На строке 3274   в файле   80-244268898
На строке 3275   в файле   80-249932944
На строке 3276   в файле   80-246661367
На строке 3277   в файле   80-246661662
На строке 3278   в файле   80-246661504
На строке 3279   в файле   80-251451635
На строке 3280   в файле   80-252265686
На строке 3281   в файле   80-246661800
На строке 3282   в файле   80-244270340
На строке 3283   в файле   80-244253101
На строке 3284   в файле   80-259277793
На строке 3285   в файле   80-246656289
На строке 3286   в файле   80-259277359
На строке 3287   в файле   80-249932667
На строке 3288   в файле   80-260969762
На строке 3289   в файле   80-251440878
На строке 3290   в файле   80-260969555
На строке 3291   в файле   80-259277552
На строке 3292   в файле   80-259277998
На строке 3293   в файле   80-249932785
На строке 3294   в файле   80-249932962
На строке 3295   в файле   80-244264791
На строке 3296   в файле   80-244268931
На строке 3297   в файле   80-252265383
На строке 3298   в файле   80-259277400
На строке 3299   в файле   80-259277550
На строке 3300   в файле   80-259277986
На строке 3301   в файле   80-259277959
На строке 3302   в файле   80-260969799
На строке 3303   в файле   80-259278277
На строке 3304   в файле   80-259278250
На строке 3305   в файле   80-259278469
На строке 3306   в файле   80-251435483
На строке 3307   в файле   80-251435546
На строке 3308   в файле   80-244845511
На строке 3309   в файле   80-244245774
На строке 3310   в файле   80-244246423
На строке 3311   в файле   80-244846353
На строке 3312   в файле   80-251437050
На строке 3313   в файле   80-244847230
На строке 3314   в файле   80-244248215
На строке 3315   в файле   80-249932483
На строке 3316   в файле   80-249932569
На строке 3317   в файле   80-251438891
На строке 3318   в файле   80-244249003
На строке 3319   в файле   80-249932596
На строке 3320   в файле   80-244849949
На строке 3321   в файле   80-244850528
На строке 3322   в файле   80-249932568
На строке 3323   в файле   80-251440685
На строке 3324   в файле   80-244853265
На строке 3325   в файле   80-252606680
На строке 3326   в файле   80-244256881
На строке 3327   в файле   80-244257866
На строке 3328   в файле   80-244258382
На строке 3329   в файле   80-244854905
На строке 3330   в файле   80-252342488
На строке 3331   в файле   80-251444807
На строке 3332   в файле   80-251446363
На строке 3333   в файле   80-244855535
На строке 3334   в файле   80-246658529
На строке 3335   в файле   80-251444665
На строке 3336   в файле   80-244856145
На строке 3337   в файле   80-246659118
На строке 3338   в файле   80-252341893
На строке 3339   в файле   80-251446327
На строке 3340   в файле   80-251446369
На строке 3341   в файле   80-244263435
На строке 3342   в файле   80-246659744
На строке 3343   в файле   80-246659552
На строке 3344   в файле   80-252265678
На строке 3345   в файле   80-244857937
На строке 3346   в файле   80-251448050
На строке 3347   в файле   80-251448832
На строке 3348   в файле   80-246660359
На строке 3349   в файле   80-251449804
На строке 3350   в файле   80-246660462
На строке 3351   в файле   80-244266457
На строке 3352   в файле   80-246660923
На строке 3353   в файле   80-244860821
На строке 3354   в файле   80-251450477
На строке 3355   в файле   80-244267730
На строке 3356   в файле   80-244861556
На строке 3357   в файле   80-246661097
На строке 3358   в файле   80-244861467
На строке 3359   в файле   80-246653124
На строке 3360   в файле   80-259276200
На строке 3361   в файле   80-259276397
На строке 3362   в файле   80-259276379
На строке 3363   в файле   80-259276389
На строке 3364   в файле   80-259276641
На строке 3365   в файле   80-259276648
На строке 3366   в файле   80-259276972
На строке 3367   в файле   80-259277117
На строке 3368   в файле   80-259277150
На строке 3369   в файле   80-259276879
На строке 3370   в файле   80-259277567
На строке 3371   в файле   80-259275898
На строке 3372   в файле   80-246660150
На строке 3373   в файле   80-244858733
На строке 3374   в файле   80-244860213
На строке 3375   в файле   80-251449907
На строке 3376   в файле   80-246660662
На строке 3377   в файле   80-251449669
На строке 3378   в файле   80-246660778
На строке 3379   в файле   80-251452111
На строке 3380   в файле   80-259276130
На строке 3381   в файле   80-246659827
На строке 3382   в файле   80-259275706
На строке 3383   в файле   80-259276954
На строке 3384   в файле   80-244862277
На строке 3385   в файле   80-246661951
На строке 3386   в файле   80-246662277
На строке 3387   в файле   80-251453968
На строке 3388   в файле   80-244270960
На строке 3389   в файле   80-251453332
На строке 3390   в файле   80-244862955
На строке 3391   в файле   80-244271522
На строке 3392   в файле   80-246662095
На строке 3393   в файле   80-260969784
На строке 3394   в файле   80-260969778
На строке 3395   в файле   80-244862962
На строке 3396   в файле   80-244865288
На строке 3397   в файле   80-246664129
На строке 3398   в файле   80-252343146
На строке 3399   в файле   80-249933722
На строке 3400   в файле   80-244879788
На строке 3401   в файле   80-252595098
На строке 3402   в файле   80-249934193
На строке 3403   в файле   80-259278974
На строке 3404   в файле   80-259281436
На строке 3405   в файле   80-261254572
На строке 3406   в файле   80-260971275
На строке 3407   в файле   80-259288147
На строке 3408   в файле   80-259289155
На строке 3409   в файле   80-260971709
На строке 3410   в файле   80-260972176
На строке 3411   в файле   80-259290624
На строке 3412   в файле   80-259290807
На строке 3413   в файле   80-244863682
На строке 3414   в файле   80-246662401
На строке 3415   в файле   80-251454105
На строке 3416   в файле   80-246662555
На строке 3417   в файле   80-251455796
На строке 3418   в файле   80-246662730
На строке 3419   в файле   80-244864514
На строке 3420   в файле   80-244864560
На строке 3421   в файле   80-251454922
На строке 3422   в файле   80-246663043
На строке 3423   в файле   80-251457590
На строке 3424   в файле   80-244866233
На строке 3425   в файле   80-251457509
На строке 3426   в файле   80-252506505
На строке 3427   в файле   80-251457641
На строке 3428   в файле   80-246663613
На строке 3429   в файле   80-244867060
На строке 3430   в файле   80-246663958
На строке 3431   в файле   80-251459202
На строке 3432   в файле   80-251458316
На строке 3433   в файле   80-244868800
На строке 3434   в файле   80-244870543
На строке 3435   в файле   80-252266126
На строке 3436   в файле   80-246664273
На строке 3437   в файле   80-244871381
На строке 3438   в файле   80-244279063
На строке 3439   в файле   80-251459913
На строке 3440   в файле   80-246664584
На строке 3441   в файле   80-244872249
На строке 3442   в файле   80-244280170
На строке 3443   в файле   80-249933631
На строке 3444   в файле   80-244281964
На строке 3445   в файле   80-246666141
На строке 3446   в файле   80-246666453
На строке 3447   в файле   80-244873993
На строке 3448   в файле   80-251465642
На строке 3449   в файле   80-244284112
На строке 3450   в файле   80-244284684
На строке 3451   в файле   80-244285478
На строке 3452   в файле   80-251467880
На строке 3453   в файле   80-244877322
На строке 3454   в файле   80-246667819
На строке 3455   в файле   80-249933712
На строке 3456   в файле   80-246667993
На строке 3457   в файле   80-249933701
На строке 3458   в файле   80-246668310
На строке 3459   в файле   80-244878184
На строке 3460   в файле   80-251470457
На строке 3461   в файле   80-244878826
На строке 3462   в файле   80-246668650
На строке 3463   в файле   80-251472258
На строке 3464   в файле   80-244880532
На строке 3465   в файле   80-244291213
На строке 3466   в файле   80-244291954
На строке 3467   в файле   80-244291948
На строке 3468   в файле   80-246669727
На строке 3469   в файле   80-252606909
На строке 3470   в файле   80-251473832
На строке 3471   в файле   80-252344502
На строке 3472   в файле   80-246670464
На строке 3473   в файле   80-249933863
На строке 3474   в файле   80-244883863
На строке 3475   в файле   80-244295713
На строке 3476   в файле   80-249934032
На строке 3477   в файле   80-244295916
На строке 3478   в файле   80-249934023
На строке 3479   в файле   80-249933875
На строке 3480   в файле   80-244889149
На строке 3481   в файле   80-244890012
На строке 3482   в файле   80-249934049
На строке 3483   в файле   80-249934027
На строке 3484   в файле   80-244299732
На строке 3485   в файле   80-244894446
На строке 3486   в файле   80-244302188
На строке 3487   в файле   80-246672171
На строке 3488   в файле   80-249934202
На строке 3489   в файле   80-251475981
На строке 3490   в файле   80-246672542
На строке 3491   в файле   80-249934273
На строке 3492   в файле   80-249934386
На строке 3493   в файле   80-252267750
На строке 3494   в файле   80-244302888
На строке 3495   в файле   80-246673093
На строке 3496   в файле   80-259279167
На строке 3497   в файле   80-260970204
На строке 3498   в файле   80-259279502
На строке 3499   в файле   80-259279165
На строке 3500   в файле   80-259279499
На строке 3501   в файле   80-259279733
На строке 3502   в файле   80-259279427
На строке 3503   в файле   80-260970225
На строке 3504   в файле   80-259279865
На строке 3505   в файле   80-259279960
На строке 3506   в файле   80-260970195
На строке 3507   в файле   80-261254472
На строке 3508   в файле   80-259281902
На строке 3509   в файле   80-259282174
На строке 3510   в файле   80-260970695
На строке 3511   в файле   80-259282632
На строке 3512   в файле   80-259282411
На строке 3513   в файле   80-260970901
На строке 3514   в файле   80-259282612
На строке 3515   в файле   80-259283145
На строке 3516   в файле   80-259282885
На строке 3517   в файле   80-259283137
На строке 3518   в файле   80-260970790
На строке 3519   в файле   80-260971194
На строке 3520   в файле   80-259284793
На строке 3521   в файле   80-259284811
На строке 3522   в файле   80-260971446
На строке 3523   в файле   80-259285235
На строке 3524   в файле   80-259285497
На строке 3525   в файле   80-259285344
На строке 3526   в файле   80-260971071
На строке 3527   в файле   80-260971335
На строке 3528   в файле   80-260971260
На строке 3529   в файле   80-259286880
На строке 3530   в файле   80-259286644
На строке 3531   в файле   80-259286893
На строке 3532   в файле   80-259287367
На строке 3533   в файле   80-260971667
На строке 3534   в файле   80-260971993
На строке 3535   в файле   80-259287714
На строке 3536   в файле   80-259287893
На строке 3537   в файле   80-259287913
На строке 3538   в файле   80-260971530
На строке 3539   в файле   80-259288615
На строке 3540   в файле   80-259288672
На строке 3541   в файле   80-259288636
На строке 3542   в файле   80-260971854
На строке 3543   в файле   80-260971702
На строке 3544   в файле   80-251453818
На строке 3545   в файле   80-259278963
На строке 3546   в файле   80-259278723
На строке 3548   в файле   80-259283172
На строке 3549   в файле   80-244868145
На строке 3550   в файле   80-252506725
На строке 3551   в файле   80-246665950
На строке 3552   в файле   80-244876551
На строке 3553   в файле   80-251470489
На строке 3554   в файле   80-244883708
На строке 3555   в файле   80-244298655
На строке 3556   в файле   80-249934566
На строке 3557   в файле   80-260970456
На строке 3558   в файле   80-259286888
На строке 3559   в файле   80-259288899
На строке 3560   в файле   80-259292039
На строке 3561   в файле   80-260972602
На строке 3562   в файле   80-260972880
На строке 3563   в файле   80-260973370
На строке 3564   в файле   80-260973352
На строке 3565   в файле   80-260973135
На строке 3566   в файле   80-259295281
На строке 3567   в файле   80-251459640
На строке 3568   в файле   80-244867845
На строке 3569   в файле   80-244869555
На строке 3570   в файле   80-244278283
На строке 3571   в файле   80-251459472
На строке 3572   в файле   80-252506493
На строке 3573   в файле   80-246664408
На строке 3574   в файле   80-252342500
На строке 3575   в файле   80-244279635
На строке 3576   в файле   80-244871198
На строке 3577   в файле   80-246664712
На строке 3578   в файле   80-252342374
На строке 3579   в файле   80-246665034
На строке 3580   в файле   80-246664898
На строке 3581   в файле   80-244281097
На строке 3582   в файле   80-252342971
На строке 3583   в файле   80-244281344
На строке 3584   в файле   80-251464287
На строке 3585   в файле   80-249933706
На строке 3586   в файле   80-252343495
На строке 3587   в файле   80-251465276
На строке 3588   в файле   80-244874921
На строке 3589   в файле   80-251466204
На строке 3590   в файле   80-251466344
На строке 3591   в файле   80-246666625
На строке 3592   в файле   80-244876506
На строке 3593   в файле   80-246666747
На строке 3594   в файле   80-244875792
На строке 3595   в файле   80-244284960
На строке 3596   в файле   80-252343559
На строке 3597   в файле   80-252344190
На строке 3598   в файле   80-244286950
На строке 3599   в файле   80-244878143
На строке 3600   в файле   80-244287442
На строке 3601   в файле   80-251468658
На строке 3602   в файле   80-251469667
На строке 3603   в файле   80-244288694
На строке 3604   в файле   80-249933716
На строке 3605   в файле   80-246668516
На строке 3606   в файле   80-246668829
На строке 3607   в файле   80-244290299
На строке 3608   в файле   80-249933868
На строке 3609   в файле   80-251471961
На строке 3610   в файле   80-246669541
На строке 3611   в файле   80-249933865
На строке 3612   в файле   80-244292515
На строке 3613   в файле   80-252343968
На строке 3614   в файле   80-244882143
На строке 3615   в файле   80-244881237
На строке 3616   в файле   80-246670265
На строке 3617   в файле   80-244295377
На строке 3618   в файле   80-244885568
На строке 3619   в файле   80-252344675
На строке 3620   в файле   80-251474054
На строке 3621   в файле   80-249934054
На строке 3622   в файле   80-251474600
На строке 3623   в файле   80-249934052
На строке 3624   в файле   80-246670992
На строке 3625   в файле   80-244298150
На строке 3626   в файле   80-244298384
На строке 3627   в файле   80-246671572
На строке 3628   в файле   80-244299488
На строке 3629   в файле   80-251475282
На строке 3630   в файле   80-246671924
На строке 3631   в файле   80-246672343
На строке 3632   в файле   80-244301416
На строке 3633   в файле   80-244893651
На строке 3634   в файле   80-244301957
На строке 3635   в файле   80-249934208
На строке 3636   в файле   80-246672897
На строке 3637   в файле   80-244303345
На строке 3638   в файле   80-252344973
На строке 3639   в файле   80-249934690
На строке 3640   в файле   80-249934520
На строке 3641   в файле   80-249934717
На строке 3642   в файле   80-246673282
На строке 3643   в файле   80-249934698
На строке 3644   в файле   80-249934767
На строке 3645   в файле   80-249934781
На строке 3646   в файле   80-244306789
На строке 3647   в файле   80-259283420
На строке 3648   в файле   80-260970694
На строке 3649   в файле   80-259284520
На строке 3650   в файле   80-259284778
На строке 3651   в файле   80-259284774
На строке 3652   в файле   80-259285044
На строке 3653   в файле   80-259285789
На строке 3654   в файле   80-259285953
На строке 3655   в файле   80-259285977
На строке 3656   в файле   80-259286320
На строке 3657   в файле   80-259286947
На строке 3658   в файле   80-259287180
На строке 3659   в файле   80-259287368
На строке 3660   в файле   80-259287378
На строке 3661   в файле   80-259287628
На строке 3662   в файле   80-259287863
На строке 3663   в файле   80-259288167
На строке 3664   в файле   80-259288433
На строке 3665   в файле   80-259288394
На строке 3666   в файле   80-259288954
На строке 3667   в файле   80-259289195
На строке 3668   в файле   80-259290362
На строке 3669   в файле   80-259291142
На строке 3670   в файле   80-259290622
На строке 3671   в файле   80-259290626
На строке 3672   в файле   80-259291094
На строке 3673   в файле   80-259291131
На строке 3674   в файле   80-259291537
На строке 3675   в файле   80-260972245
На строке 3676   в файле   80-259292027
На строке 3677   в файле   80-259291823
На строке 3678   в файле   80-259292143
На строке 3679   в файле   80-259292507
На строке 3680   в файле   80-260972265
На строке 3681   в файле   80-259292745
На строке 3682   в файле   80-259292990
На строке 3683   в файле   80-259293891
На строке 3684   в файле   80-244273582
На строке 3685   в файле   80-260970324
На строке 3686   в файле   80-244274229
На строке 3687   в файле   80-259281343
На строке 3688   в файле   80-244276503
На строке 3689   в файле   80-259282682
На строке 3690   в файле   80-244866327
На строке 3691   в файле   80-259282137
На строке 3692   в файле   80-246662853
На строке 3693   в файле   80-260970275
На строке 3694   в файле   80-246663162
На строке 3695   в файле   80-259281464
На строке 3696   в файле   80-246663344
На строке 3697   в файле   80-259281671
На строке 3698   в файле   80-246663468
На строке 3699   в файле   80-259281951
На строке 3700   в файле   80-246663802
На строке 3701   в файле   80-259282218
На строке 3702   в файле   80-249933204
На строке 3703   в файле   80-260970018
На строке 3704   в файле   80-251456537
На строке 3705   в файле   80-260970723
На строке 3706   в файле   80-251455769
На строке 3707   в файле   80-259281147
На строке 3708   в файле   80-251455634
На строке 3709   в файле   80-259279671
На строке 3710   в файле   80-252265244
На строке 3711   в файле   80-259282631
На строке 3712   в файле   80-259283175
На строке 3713   в файле   80-259295537
На строке 3714   в файле   80-246668174
На строке 3715   в файле   80-249934877
На строке 3716   в файле   80-252269784
На строке 3717   в файле   80-244906786
На строке 3718   в файле   80-249935668
На строке 3719   в файле   80-249935901
На строке 3720   в файле   80-244315964
На строке 3721   в файле   80-249936531
На строке 3722   в файле   80-259295309
На строке 3723   в файле   80-259296488
На строке 3724   в файле   80-259297788
На строке 3725   в файле   80-260973825
На строке 3726   в файле   80-259305840
На строке 3727   в файле   80-259308284
На строке 3728   в файле   80-259308557
На строке 3729   в файле   80-259310811
На строке 3730   в файле   80-261254870
На строке 3731   в файле   80-244287908
На строке 3732   в файле   80-246669886
На строке 3733   в файле   80-246671389
На строке 3734   в файле   80-249934345
На строке 3735   в файле   80-244304273
На строке 3736   в файле   80-249934628
На строке 3737   в файле   80-249934714
На строке 3738   в файле   80-249934854
На строке 3739   в файле   80-244305804
На строке 3740   в файле   80-244900906
На строке 3741   в файле   80-252345618
На строке 3742   в файле   80-244307404
На строке 3743   в файле   80-249934929
На строке 3744   в файле   80-252268333
На строке 3745   в файле   80-252268347
На строке 3746   в файле   80-244903055
На строке 3747   в файле   80-249935047
На строке 3748   в файле   80-244308377
На строке 3749   в файле   80-244308560
На строке 3750   в файле   80-252345707
На строке 3751   в файле   80-244309648
На строке 3752   в файле   80-244309782
На строке 3753   в файле   80-244904497
На строке 3754   в файле   80-249935378
На строке 3755   в файле   80-244905369
На строке 3756   в файле   80-246674411
На строке 3757   в файле   80-244906047
На строке 3758   в файле   80-244310525
На строке 3759   в файле   80-249935457
На строке 3760   в файле   80-244311052
На строке 3761   в файле   80-244907482
На строке 3762   в файле   80-244908190
На строке 3763   в файле   80-244311983
На строке 3764   в файле   80-244312020
На строке 3765   в файле   80-244312336
На строке 3766   в файле   80-244908985
На строке 3767   в файле   80-244910172
На строке 3768   в файле   80-251479910
На строке 3769   в файле   80-249935610
На строке 3770   в файле   80-249935590
На строке 3771   в файле   80-249935753
На строке 3772   в файле   80-249935752
На строке 3773   в файле   80-251479817
На строке 3774   в файле   80-244914005
На строке 3775   в файле   80-249935902
На строке 3776   в файле   80-244314211
На строке 3777   в файле   80-252507065
На строке 3778   в файле   80-244314330
На строке 3779   в файле   80-244920358
На строке 3780   в файле   80-244921905
На строке 3781   в файле   80-244923222
На строке 3782   в файле   80-244314697
На строке 3783   в файле   80-249936032
На строке 3784   в файле   80-249936132
На строке 3785   в файле   80-252269772
На строке 3786   в файле   80-251481349
На строке 3787   в файле   80-244315442
На строке 3788   в файле   80-249936092
На строке 3789   в файле   80-249936125
На строке 3790   в файле   80-249936218
На строке 3791   в файле   80-249936276
На строке 3792   в файле   80-244316068
На строке 3793   в файле   80-249936290
На строке 3794   в файле   80-244946650
На строке 3795   в файле   80-246675192
На строке 3796   в файле   80-249936379
На строке 3797   в файле   80-249936358
На строке 3798   в файле   80-244947429
На строке 3799   в файле   80-249936516
На строке 3800   в файле   80-244947407
На строке 3801   в файле   80-249936669
На строке 3802   в файле   80-252507409
На строке 3803   в файле   80-252271779
На строке 3804   в файле   80-249936757
На строке 3805   в файле   80-249936771
На строке 3806   в файле   80-244318221
На строке 3807   в файле   80-251482075
На строке 3808   в файле   80-244318466
На строке 3809   в файле   80-244961766
На строке 3810   в файле   80-251482855
На строке 3811   в файле   80-259295755
На строке 3812   в файле   80-259295777
На строке 3813   в файле   80-259295795
На строке 3814   в файле   80-259296019
На строке 3815   в файле   80-259295740
На строке 3816   в файле   80-259296230
На строке 3817   в файле   80-259296263
На строке 3818   в файле   80-260973599
На строке 3819   в файле   80-260973385
На строке 3820   в файле   80-259296719
На строке 3821   в файле   80-259296792
На строке 3822   в файле   80-259296713
На строке 3823   в файле   80-259296931
На строке 3824   в файле   80-261254825
На строке 3825   в файле   80-259296935
На строке 3826   в файле   80-259297250
На строке 3827   в файле   80-259297168
На строке 3828   в файле   80-259297472
На строке 3829   в файле   80-259297184
На строке 3830   в файле   80-259297420
На строке 3831   в файле   80-259297678
На строке 3832   в файле   80-259298107
На строке 3833   в файле   80-259297931
На строке 3834   в файле   80-259297980
На строке 3835   в файле   80-260973844
На строке 3836   в файле   80-259298284
На строке 3837   в файле   80-260973608
На строке 3838   в файле   80-259298816
На строке 3839   в файле   80-260973914
На строке 3840   в файле   80-259298319
На строке 3841   в файле   80-260974337
На строке 3842   в файле   80-260974100
На строке 3843   в файле   80-259300314
На строке 3844   в файле   80-259300300
На строке 3845   в файле   80-259300527
На строке 3846   в файле   80-259300810
На строке 3847   в файле   80-260974537
На строке 3848   в файле   80-259301274
На строке 3849   в файле   80-260974341
На строке 3850   в файле   80-259302631
На строке 3851   в файле   80-259303560
На строке 3852   в файле   80-259303816
На строке 3853   в файле   80-259303800
На строке 3854   в файле   80-260974839
На строке 3855   в файле   80-259304045
На строке 3856   в файле   80-260974734
На строке 3857   в файле   80-260974992
На строке 3858   в файле   80-260975338
На строке 3859   в файле   80-259305233
На строке 3860   в файле   80-259305834
На строке 3861   в файле   80-259305838
На строке 3862   в файле   80-259305832
На строке 3863   в файле   80-259305843
На строке 3864   в файле   80-260974998
На строке 3865   в файле   80-260975345
На строке 3866   в файле   80-259307125
На строке 3867   в файле   80-259307370
На строке 3868   в файле   80-259307381
На строке 3869   в файле   80-259307516
На строке 3870   в файле   80-259307970
На строке 3871   в файле   80-259308019
На строке 3872   в файле   80-259307808
На строке 3873   в файле   80-260975815
На строке 3874   в файле   80-260975196
На строке 3875   в файле   80-260975460
На строке 3876   в файле   80-260975470
На строке 3877   в файле   80-259308301
На строке 3878   в файле   80-259308561
На строке 3879   в файле   80-259308568
На строке 3880   в файле   80-259308848
На строке 3881   в файле   80-259308831
На строке 3882   в файле   80-259309212
На строке 3883   в файле   80-259309098
На строке 3884   в файле   80-259309421
На строке 3885   в файле   80-259309808
На строке 3886   в файле   80-259309757
На строке 3887   в файле   80-259310531
На строке 3888   в файле   80-259310791
На строке 3889   в файле   80-259310574
На строке 3890   в файле   80-259310488
На строке 3891   в файле   80-260975874
На строке 3892   в файле   80-260976021
На строке 3893   в файле   80-259311171
На строке 3894   в файле   80-260975661
На строке 3895   в файле   80-259311130
На строке 3896   в файле   80-260975914
На строке 3897   в файле   80-261254950
На строке 3898   в файле   80-260976072
На строке 3899   в файле   80-259312710
На строке 3900   в файле   80-259313026
На строке 3901   в файле   80-259313043
На строке 3902   в файле   80-259313049
На строке 3903   в файле   80-259314156
На строке 3904   в файле   80-259314808
На строке 3905   в файле   80-259314831
На строке 3906   в файле   80-259314864
На строке 3907   в файле   80-260976188
На строке 3908   в файле   80-259315557
На строке 3909   в файле   80-251469889
На строке 3910   в файле   80-244289064
На строке 3911   в файле   80-246669369
На строке 3912   в файле   80-244879801
На строке 3913   в файле   80-246669008
На строке 3914   в файле   80-251472184
На строке 3915   в файле   80-246669174
На строке 3916   в файле   80-244291430
На строке 3917   в файле   80-246670071
На строке 3918   в файле   80-249933807
На строке 3919   в файле   80-244881487
На строке 3920   в файле   80-244883099
На строке 3921   в файле   80-246670808
На строке 3922   в файле   80-251473097
На строке 3923   в файле   80-244884954
На строке 3924   в файле   80-246670617
На строке 3925   в файле   80-244296297
На строке 3926   в файле   80-249933897
На строке 3927   в файле   80-252506492
На строке 3928   в файле   80-246671227
На строке 3929   в файле   80-252344577
На строке 3930   в файле   80-249934186
На строке 3931   в файле   80-246671763
На строке 3932   в файле   80-244892960
На строке 3933   в файле   80-251475985
На строке 3934   в файле   80-244892898
На строке 3935   в файле   80-251476081
На строке 3936   в файле   80-251477578
На строке 3937   в файле   80-244895149
На строке 3938   в файле   80-246672732
На строке 3939   в файле   80-244896425
На строке 3940   в файле   80-244897441
На строке 3941   в файле   80-249934562
На строке 3942   в файле   80-249934544
На строке 3943   в файле   80-251477539
На строке 3944   в файле   80-244304561
На строке 3945   в файле   80-251478979
На строке 3946   в файле   80-244873245
На строке 3947   в файле   80-259292568
На строке 3948   в файле   80-244873344
На строке 3949   в файле   80-260972940
На строке 3950   в файле   80-244874937
На строке 3951   в файле   80-260972868
На строке 3952   в файле   80-246665807
На строке 3953   в файле   80-260972394
На строке 3954   в файле   80-246666293
На строке 3955   в файле   80-260972815
На строке 3956   в файле   80-246667497
На строке 3957   в файле   80-260973174
На строке 3958   в файле   80-246667653
На строке 3959   в файле   80-259295021
На строке 3960   в файле   80-251466961
На строке 3961   в файле   80-261254656
На строке 3962   в файле   80-251468725
На строке 3963   в файле   80-259295303
На строке 3964   в файле   80-252343453
На строке 3965   в файле   80-259292712
На строке 3966   в файле   80-252523984
На строке 3967   в файле   80-259295297
На строке 3968   в файле   80-259292982
На строке 3969   в файле   80-259291058
На строке 3970   в файле   80-249934206
На строке 3971   в файле   80-246673466
На строке 3972   в файле   80-244308217
На строке 3973   в файле   80-249935449
На строке 3974   в файле   80-244910179
На строке 3975   в файле   80-249935820
На строке 3976   в файле   80-249936210
На строке 3977   в файле   80-249936530
На строке 3978   в файле   80-259291302
На строке 3979   в файле   80-260972346
На строке 3980   в файле   80-259291554
На строке 3981   в файле   80-259291596
На строке 3982   в файле   80-259291575
На строке 3983   в файле   80-259292042
На строке 3984   в файле   80-259292531
На строке 3985   в файле   80-259292332
На строке 3986   в файле   80-261254563
На строке 3987   в файле   80-260972745
На строке 3988   в файле   80-251476750
На строке 3989   в файле   80-244301751
На строке 3990   в файле   80-251477556
На строке 3991   в файле   80-244894453
На строке 3992   в файле   80-249934380
На строке 3993   в файле   80-249934461
На строке 3994   в файле   80-249934355
На строке 3995   в файле   80-249934370
На строке 3996   в файле   80-244303057
На строке 3997   в файле   80-249934523
На строке 3998   в файле   80-252268349
На строке 3999   в файле   80-244900156
На строке 4000   в файле   80-244305806
На строке 4001   в файле   80-244305997
На строке 4002   в файле   80-249934879
На строке 4003   в файле   80-252345474
На строке 4004   в файле   80-249934930
На строке 4005   в файле   80-244307146
На строке 4006   в файле   80-244307337
На строке 4007   в файле   80-249934927
На строке 4008   в файле   80-244308424
На строке 4009   в файле   80-249935017
На строке 4010   в файле   80-252268797
На строке 4011   в файле   80-252268353
На строке 4012   в файле   80-251480584
На строке 4013   в файле   80-249935436
На строке 4014   в файле   80-244309928
На строке 4015   в файле   80-252269805
На строке 4016   в файле   80-249935435
На строке 4017   в файле   80-249935454
На строке 4018   в файле   80-244310882
На строке 4019   в файле   80-246674590
На строке 4020   в файле   80-244906781
На строке 4021   в файле   80-249935521
На строке 4022   в файле   80-244908451
На строке 4023   в файле   80-244311804
На строке 4024   в файле   80-244312335
На строке 4025   в файле   80-249935593
На строке 4026   в файле   80-251479779
На строке 4027   в файле   80-244910217
На строке 4028   в файле   80-244313223
На строке 4029   в файле   80-249935613
На строке 4030   в файле   80-244313220
На строке 4031   в файле   80-249935685
На строке 4032   в файле   80-244913285
На строке 4033   в файле   80-244314014
На строке 4034   в файле   80-249935773
На строке 4035   в файле   80-252346006
На строке 4036   в файле   80-249935823
На строке 4037   в файле   80-244919651
На строке 4038   в файле   80-244921715
На строке 4039   в файле   80-249935964
На строке 4040   в файле   80-244923139
На строке 4041   в файле   80-252507064
На строке 4042   в файле   80-249935960
На строке 4043   в файле   80-252507056
На строке 4044   в файле   80-249936027
На строке 4045   в файле   80-251481355
На строке 4046   в файле   80-249936188
На строке 4047   в файле   80-252507059
На строке 4048   в файле   80-249936353
На строке 4049   в файле   80-249936288
На строке 4050   в файле   80-246674994
На строке 4051   в файле   80-249936449
На строке 4052   в файле   80-252272277
На строке 4053   в файле   80-244945995
На строке 4054   в файле   80-249936535
На строке 4055   в файле   80-251481502
На строке 4056   в файле   80-244317421
На строке 4057   в файле   80-249936525
На строке 4058   в файле   80-244317533
На строке 4059   в файле   80-252272307
На строке 4060   в файле   80-249936685
На строке 4061   в файле   80-249936826
На строке 4062   в файле   80-244299172
На строке 4063   в файле   80-261254644
На строке 4064   в файле   80-244891979
На строке 4065   в файле   80-260972142
На строке 4066   в файле   80-259290600
На строке 4067   в файле   80-260790080
На строке 4068   в файле   80-261244434
На строке 4069   в файле   80-244692043
На строке 4070   в файле   80-244699381
На строке 4071   в файле   80-244705723
На строке 4072   в файле   80-243919961
На строке 4073   в файле   80-243921628
На строке 4074   в файле   80-243923281
На строке 4075   в файле   80-252245531
На строке 4076   в файле   80-243926297
На строке 4077   в файле   80-261244507
На строке 4078   в файле   80-260790585
На строке 4079   в файле   80-261244523
На строке 4080   в файле   80-260790654
На строке 4081   в файле   80-260791006
На строке 4082   в файле   80-260790969
На строке 4083   в файле   80-260790601
На строке 4084   в файле   80-261244623
На строке 4085   в файле   80-260790993
На строке 4086   в файле   80-261276110
На строке 4087   в файле   80-261244728
На строке 4088   в файле   80-243910708
На строке 4089   в файле   80-243913157
На строке 4090   в файле   80-243914450
На строке 4091   в файле   80-244696176
На строке 4092   в файле   80-243918242
На строке 4093   в файле   80-243909320
На строке 4094   в файле   80-260789998
На строке 4095   в файле   80-259245729
На строке 4096   в файле   80-259706901
На строке 4097   в файле   80-252326092
На строке 4098   в файле   80-251316304
На строке 4099   в файле   80-259704280
На строке 4100   в файле   80-252326068
На строке 4101   в файле   80-259704979
На строке 4102   в файле   80-259706341
На строке 4103   в файле   80-261273259
На строке 4104   в файле   80-252633230
На строке 4106   в файле   80-251301399
На строке 4107   в файле   80-251302471
На строке 4108   в файле   80-261091252
На строке 4109   в файле   80-261092688
На строке 4110   в файле   80-251306704
На строке 4111   в файле   80-259163673
На строке 4112   в файле   80-261096696
На строке 4113   в файле   80-251305953
На строке 4114   в файле   80-252324788
На строке 4115   в файле   80-251306608
На строке 4116   в файле   80-252325177
На строке 4117   в файле   80-252325184
На строке 4118   в файле   80-251309457
На строке 4119   в файле   80-251311012
На строке 4120   в файле   80-251311535
На строке 4121   в файле   80-261260154
На строке 4122   в файле   80-261098026
На строке 4123   в файле   80-261098179
На строке 4124   в файле   80-259665987
На строке 4125   в файле   80-259666336
На строке 4126   в файле   80-261095611
На строке 4127   в файле   80-261094085
На строке 4128   в файле   80-251306008
На строке 4129   в файле   80-252325185
На строке 4130   в файле   80-251307204
На строке 4131   в файле   80-251308322
На строке 4132   в файле   80-251308249
На строке 4133   в файле   80-251309908
На строке 4134   в файле   80-251310547
На строке 4135   в файле   80-251311104
На строке 4136   в файле   80-261273267
На строке 4137   в файле   80-261260005
На строке 4138   в файле   80-259654738
На строке 4139   в файле   80-259655012
На строке 4140   в файле   80-259655014
На строке 4141   в файле   80-261259970
На строке 4142   в файле   80-260766989
На строке 4143   в файле   80-260767709
На строке 4144   в файле   80-260768124
На строке 4145   в файле   80-260767988
На строке 4146   в файле   80-252281491
На строке 4147   в файле   80-243697602
На строке 4148   в файле   80-243696466
На строке 4149   в файле   80-249954281
На строке 4150   в файле   80-249954566
На строке 4151   в файле   80-249954161
На строке 4152   в файле   80-243700462
На строке 4153   в файле   80-249907039
На строке 4154   в файле   80-249907051
На строке 4155   в файле   80-249907106
На строке 4156   в файле   80-249907054
На строке 4157   в файле   80-249907196
На строке 4158   в файле   80-249907328
На строке 4159   в файле   80-249907475
На строке 4160   в файле   80-260767916
На строке 4161   в файле   80-260767920
На строке 4162   в файле   80-260768166
На строке 4163   в файле   80-260768148
На строке 4164   в файле   80-260768548
На строке 4165   в файле   80-260768562
На строке 4166   в файле   80-260768597
На строке 4167   в файле   80-260768646
На строке 4168   в файле   80-260768620
На строке 4169   в файле   80-260768699
На строке 4170   в файле   80-260769038
На строке 4171   в файле   80-249954294
На строке 4172   в файле   80-252281481
На строке 4173   в файле   80-249954068
На строке 4174   в файле   80-244548005
На строке 4175   в файле   80-252281828
На строке 4176   в файле   80-243694961
На строке 4177   в файле   80-249954304
На строке 4178   в файле   80-260767664
На строке 4179   в файле   80-261149278
На строке 4180   в файле   80-251774370
На строке 4181   в файле   80-251779014
На строке 4182   в файле   80-251782537
На строке 4183   в файле   80-251782842
На строке 4184   в файле   80-251783533
На строке 4185   в файле   80-251784567
На строке 4186   в файле   80-251784834
На строке 4187   в файле   80-247045892
На строке 4188   в файле   80-259982607
На строке 4189   в файле   80-259983254
На строке 4190   в файле   80-259983052
На строке 4191   в файле   80-259983255
На строке 4192   в файле   80-259983850
На строке 4193   в файле   80-259983679
На строке 4194   в файле   80-259983823
На строке 4195   в файле   80-259983892
На строке 4196   в файле   80-261149695
На строке 4197   в файле   80-261149887
На строке 4198   в файле   80-247004035
На строке 4199   в файле   80-247004064
На строке 4200   в файле   80-247005982
На строке 4201   в файле   80-251777142
На строке 4202   в файле   80-251777184
На строке 4203   в файле   80-251777634
На строке 4204   в файле   80-251777830
На строке 4205   в файле   80-251778101
На строке 4206   в файле   80-247016492
На строке 4207   в файле   80-251778611
На строке 4208   в файле   80-251778989
На строке 4209   в файле   80-251779471
На строке 4210   в файле   80-247021436
На строке 4211   в файле   80-247022268
На строке 4212   в файле   80-247023178
На строке 4213   в файле   80-247023617
На строке 4214   в файле   80-251780357
На строке 4215   в файле   80-247027063
На строке 4216   в файле   80-247029515
На строке 4217   в файле   80-251781234
На строке 4218   в файле   80-247036257
На строке 4219   в файле   80-261149271
На строке 4220   в файле   80-259285865
На строке 4221   в файле   80-244314362
На строке 4222   в файле   80-244918789
На строке 4223   в файле   80-244920364
На строке 4224   в файле   80-249935921
На строке 4225   в файле   80-244923146
На строке 4226   в файле   80-246674786
На строке 4227   в файле   80-249935895
На строке 4228   в файле   80-252269777
На строке 4229   в файле   80-259285567
На строке 4230   в файле   80-259286271
На строке 4231   в файле   80-259285284
На строке 4232   в файле   80-260973485
На строке 4233   в файле   80-244318579
На строке 4234   в файле   80-244318958
На строке 4235   в файле   80-249936759
На строке 4236   в файле   80-249936923
На строке 4237   в файле   80-249936746
На строке 4238   в файле   80-249936825
На строке 4239   в файле   80-244962611
На строке 4240   в файле   80-246676418
На строке 4241   в файле   80-244963144
На строке 4242   в файле   80-244319931
На строке 4243   в файле   80-246676228
На строке 4244   в файле   80-259296209
На строке 4245   в файле   80-259296302
На строке 4246   в файле   80-260976683
На строке 4247   в файле   80-244321341
На строке 4248   в файле   80-249938611
На строке 4249   в файле   80-249938742
На строке 4250   в файле   80-249938848
На строке 4251   в файле   80-244327796
На строке 4252   в файле   80-244985941
На строке 4253   в файле   80-246681273
На строке 4254   в файле   80-249940076
На строке 4255   в файле   80-259322125
На строке 4256   в файле   80-259327417
На строке 4257   в файле   80-259329617
На строке 4258   в файле   80-260977581
На строке 4259   в файле   80-260978828
На строке 4260   в файле   80-259348360
На строке 4261   в файле   80-260979724
На строке 4262   в файле   80-259358776
На строке 4263   в файле   80-259361024
На строке 4264   в файле   80-259367764
На строке 4265   в файле   80-244321340
На строке 4266   в файле   80-249937590
На строке 4267   в файле   80-249937766
На строке 4268   в файле   80-244977417
На строке 4269   в файле   80-249938493
На строке 4270   в файле   80-246679387
На строке 4271   в файле   80-249938487
На строке 4272   в файле   80-244325881
На строке 4273   в файле   80-244325610
На строке 4274   в файле   80-249938604
На строке 4275   в файле   80-249938618
На строке 4276   в файле   80-249938614
На строке 4277   в файле   80-244326163
На строке 4278   в файле   80-246679884
На строке 4279   в файле   80-246680159
На строке 4280   в файле   80-244982027
На строке 4281   в файле   80-251487608
На строке 4282   в файле   80-249938725
На строке 4283   в файле   80-251488191
На строке 4284   в файле   80-249938739
На строке 4285   в файле   80-251488822
На строке 4286   в файле   80-249938873
На строке 4287   в файле   80-249938724
На строке 4288   в файле   80-244982859
На строке 4289   в файле   80-249938889
На строке 4290   в файле   80-244326850
На строке 4291   в файле   80-249938737
На строке 4292   в файле   80-244326708
На строке 4293   в файле   80-249938855
На строке 4294   в файле   80-249938841
На строке 4295   в файле   80-249938843
На строке 4296   в файле   80-244327023
На строке 4297   в файле   80-251488122
На строке 4298   в файле   80-244327160
На строке 4299   в файле   80-249938993
На строке 4300   в файле   80-249938986
На строке 4301   в файле   80-249938987
На строке 4302   в файле   80-244327491
На строке 4303   в файле   80-244327337
На строке 4304   в файле   80-244327493
На строке 4305   в файле   80-249939007
На строке 4306   в файле   80-249939124
На строке 4307   в файле   80-244328086
На строке 4308   в файле   80-252507928
На строке 4309   в файле   80-249939139
На строке 4310   в файле   80-244328358
На строке 4311   в файле   80-249939520
На строке 4312   в файле   80-252507809
На строке 4313   в файле   80-244985734
На строке 4314   в файле   80-249939543
На строке 4315   в файле   80-249939446
На строке 4316   в файле   80-249939649
На строке 4317   в файле   80-249939650
На строке 4318   в файле   80-249939666
На строке 4319   в файле   80-246681086
На строке 4320   в файле   80-244329701
На строке 4321   в файле   80-244329700
На строке 4322   в файле   80-249939715
На строке 4323   в файле   80-252274014
На строке 4324   в файле   80-244329816
На строке 4325   в файле   80-249939675
На строке 4326   в файле   80-244330114
На строке 4327   в файле   80-251489232
На строке 4328   в файле   80-244986840
На строке 4329   в файле   80-252274026
На строке 4330   в файле   80-251489698
На строке 4331   в файле   80-252274321
На строке 4332   в файле   80-252274582
На строке 4333   в файле   80-252274603
На строке 4334   в файле   80-244330390
На строке 4335   в файле   80-252274685
На строке 4336   в файле   80-251489663
На строке 4337   в файле   80-244330515
На строке 4338   в файле   80-249940066
На строке 4339   в файле   80-244988295
На строке 4340   в файле   80-249940075
На строке 4341   в файле   80-249939995
На строке 4342   в файле   80-244330687
На строке 4343   в файле   80-244330833
На строке 4344   в файле   80-249940081
На строке 4345   в файле   80-252274967
На строке 4346   в файле   80-249940074
На строке 4347   в файле   80-259322134
На строке 4348   в файле   80-259324540
На строке 4349   в файле   80-259325127
На строке 4350   в файле   80-259325155
На строке 4351   в файле   80-259325044
На строке 4352   в файле   80-259325097
На строке 4353   в файле   80-260976927
На строке 4354   в файле   80-259326215
На строке 4355   в файле   80-259326205
На строке 4356   в файле   80-259326266
На строке 4357   в файле   80-259327199
На строке 4358   в файле   80-259328480
На строке 4359   в файле   80-259327289
На строке 4360   в файле   80-260977168
На строке 4361   в файле   80-259327783
На строке 4362   в файле   80-259328394
На строке 4363   в файле   80-260977371
На строке 4364   в файле   80-259328543
На строке 4365   в файле   80-259328920
На строке 4366   в файле   80-259328976
На строке 4367   в файле   80-259329574
На строке 4368   в файле   80-259330150
На строке 4369   в файле   80-259330824
На строке 4370   в файле   80-259331347
На строке 4371   в файле   80-259331549
На строке 4372   в файле   80-259330693
На строке 4373   в файле   80-259331881
На строке 4374   в файле   80-260977812
На строке 4375   в файле   80-260977579
На строке 4376   в файле   80-260977392
На строке 4377   в файле   80-259335189
На строке 4378   в файле   80-259335147
На строке 4379   в файле   80-260977973
На строке 4380   в файле   80-259336414
На строке 4381   в файле   80-260978255
На строке 4382   в файле   80-260977997
На строке 4383   в файле   80-260977991
На строке 4384   в файле   80-260978454
На строке 4385   в файле   80-259339895
На строке 4386   в файле   80-261276365
На строке 4387   в файле   80-260979076
На строке 4388   в файле   80-260979081
На строке 4389   в файле   80-259345432
На строке 4390   в файле   80-259345466
На строке 4391   в файле   80-260978900
На строке 4392   в файле   80-260979162
На строке 4393   в файле   80-259346792
На строке 4394   в файле   80-260979698
На строке 4395   в файле   80-259348364
На строке 4396   в файле   80-259347363
На строке 4397   в файле   80-259349043
На строке 4398   в файле   80-259349670
На строке 4399   в файле   80-260979584
На строке 4400   в файле   80-259349654
На строке 4401   в файле   80-259351313
На строке 4402   в файле   80-259351317
На строке 4403   в файле   80-259351353
На строке 4404   в файле   80-260979590
На строке 4405   в файле   80-259353399
На строке 4406   в файле   80-259352779
На строке 4407   в файле   80-259354034
На строке 4408   в файле   80-259355445
На строке 4409   в файле   80-259354734
На строке 4410   в файле   80-259355495
На строке 4411   в файле   80-260980028
На строке 4412   в файле   80-259357319
На строке 4413   в файле   80-259357426
На строке 4414   в файле   80-259357417
На строке 4415   в файле   80-259357297
На строке 4416   в файле   80-259358700
На строке 4417   в файле   80-260980222
На строке 4418   в файле   80-259358773
На строке 4419   в файле   80-259358736
На строке 4420   в файле   80-260980269
На строке 4421   в файле   80-259359627
На строке 4422   в файле   80-259360446
На строке 4423   в файле   80-260980261
На строке 4424   в файле   80-259360500
На строке 4425   в файле   80-259360443
На строке 4426   в файле   80-259361086
На строке 4427   в файле   80-260980283
На строке 4428   в файле   80-259362479
На строке 4429   в файле   80-259362521
На строке 4430   в файле   80-259362472
На строке 4431   в файле   80-259364623
На строке 4432   в файле   80-259364717
На строке 4433   в файле   80-260980691
На строке 4434   в файле   80-259366051
На строке 4435   в файле   80-259366128
На строке 4436   в файле   80-259366927
На строке 4437   в файле   80-260980705
На строке 4438   в файле   80-259369038
На строке 4439   в файле   80-259369869
На строке 4440   в файле   80-259369385
На строке 4441   в файле   80-259369155
На строке 4442   в файле   80-260980717
На строке 4443   в файле   80-259370569
На строке 4444   в файле   80-260980951
На строке 4445   в файле   80-259370740
На строке 4446   в файле   80-260980699
На строке 4447   в файле   80-259371411
На строке 4448   в файле   80-246676866
На строке 4449   в файле   80-249937446
На строке 4450   в файле   80-249937546
На строке 4451   в файле   80-249937535
На строке 4452   в файле   80-249937701
На строке 4453   в файле   80-249937595
На строке 4454   в файле   80-244321768
На строке 4455   в файле   80-244321907
На строке 4456   в файле   80-249937591
На строке 4457   в файле   80-249937589
На строке 4458   в файле   80-244974176
На строке 4459   в файле   80-244322080
На строке 4460   в файле   80-249937745
На строке 4461   в файле   80-251485069
На строке 4462   в файле   80-252595126
На строке 4463   в файле   80-249937750
На строке 4464   в файле   80-244974675
На строке 4465   в файле   80-246677912
На строке 4466   в файле   80-249937757
На строке 4467   в файле   80-246678163
На строке 4468   в файле   80-244322664
На строке 4469   в файле   80-246678409
На строке 4470   в файле   80-252507632
На строке 4471   в файле   80-252507789
На строке 4472   в файле   80-249938027
На строке 4473   в файле   80-244323249
На строке 4474   в файле   80-244976496
На строке 4475   в файле   80-244976510
На строке 4476   в файле   80-244323252
На строке 4477   в файле   80-249938113
На строке 4478   в файле   80-251485867
На строке 4479   в файле   80-244323820
На строке 4480   в файле   80-251485062
На строке 4481   в файле   80-244324118
На строке 4482   в файле   80-244977679
На строке 4483   в файле   80-249938110
На строке 4484   в файле   80-251486660
На строке 4485   в файле   80-249938345
На строке 4486   в файле   80-249938112
На строке 4487   в файле   80-249938188
На строке 4488   в файле   80-251486693
На строке 4489   в файле   80-249938256
На строке 4490   в файле   80-249938326
На строке 4491   в файле   80-251487431
На строке 4492   в файле   80-249938486
На строке 4493   в файле   80-244325189
На строке 4494   в файле   80-244325310
На строке 4495   в файле   80-244325180
На строке 4496   в файле   80-246679124
На строке 4497   в файле   80-249938483
На строке 4498   в файле   80-249938494
На строке 4499   в файле   80-244979829
На строке 4500   в файле   80-244980212
На строке 4501   в файле   80-244964778
На строке 4502   в файле   80-259317958
На строке 4503   в файле   80-244965363
На строке 4504   в файле   80-259318188
На строке 4505   в файле   80-244968971
На строке 4506   в файле   80-259320290
На строке 4507   в файле   80-244320890
На строке 4508   в файле   80-259319557
На строке 4509   в файле   80-249936902
На строке 4510   в файле   80-259317959
На строке 4511   в файле   80-249936910
На строке 4512   в файле   80-259317143
На строке 4513   в файле   80-249936901
На строке 4514   в файле   80-259317033
На строке 4515   в файле   80-249936961
На строке 4516   в файле   80-260976686
На строке 4517   в файле   80-249937383
На строке 4518   в файле   80-259320661
На строке 4519   в файле   80-249937445
На строке 4520   в файле   80-259321226
На строке 4521   в файле   80-251483562
На строке 4522   в файле   80-259317979
На строке 4523   в файле   80-251482960
На строке 4524   в файле   80-259317086
На строке 4525   в файле   80-251484328
На строке 4526   в файле   80-259319675
На строке 4527   в файле   80-252272346
На строке 4528   в файле   80-259317827
На строке 4529   в файле   80-252272684
На строке 4530   в файле   80-259318732
На строке 4531   в файле   80-252272968
На строке 4532   в файле   80-259320301
На строке 4533   в файле   80-252272971
На строке 4534   в файле   80-259319048
На строке 4535   в файле   80-252273030
На строке 4536   в файле   80-259319912
На строке 4537   в файле   80-259318626
На строке 4538   в файле   80-259300001
На строке 4539   в файле   80-244319988
На строке 4540   в файле   80-244320292
На строке 4541   в файле   80-244320280
На строке 4542   в файле   80-244963088
На строке 4543   в файле   80-249937043
На строке 4544   в файле   80-244963760
На строке 4546   в файле   80-249936988
На строке 4547   в файле   80-244320585
На строке 4548   в файле   80-259300290
На строке 4549   в файле   80-259300312
На строке 4550   в файле   80-260974353
На строке 4551   в файле   80-259301269
На строке 4552   в файле   80-259302073
На строке 4553   в файле   80-259301588
На строке 4554   в файле   80-260974505
На строке 4555   в файле   80-252272333
На строке 4556   в файле   80-260974077
На строке 4557   в файле   80-260973868
На строке 4558   в файле   80-259315595
На строке 4559   в файле   80-252273583
На строке 4560   в файле   80-249939146
На строке 4561   в файле   80-252273974
На строке 4562   в файле   80-252274030
На строке 4563   в файле   80-249939518
На строке 4564   в файле   80-249939522
На строке 4565   в файле   80-249939579
На строке 4566   в файле   80-249939677
На строке 4567   в файле   80-259315586
На строке 4568   в файле   80-259316325
На строке 4569   в файле   80-259316371
На строке 4570   в файле   80-259316349
На строке 4571   в файле   80-259316368
На строке 4572   в файле   80-259316414
На строке 4573   в файле   80-259317014
На строке 4574   в файле   80-252507626
На строке 4575   в файле   80-259315560
На строке 4576   в файле   80-259315590
На строке 4577   в файле   80-259320747
На строке 4578   в файле   80-249940327
На строке 4579   в файле   80-249940316
На строке 4580   в файле   80-244332007
На строке 4581   в файле   80-244990096
На строке 4582   в файле   80-246682291
На строке 4583   в файле   80-244332644
На строке 4584   в файле   80-246682644
На строке 4585   в файле   80-251490506
На строке 4586   в файле   80-260976540
На строке 4587   в файле   80-260976961
На строке 4588   в файле   80-260976966
На строке 4589   в файле   80-259326187
На строке 4590   в файле   80-259325641
На строке 4591   в файле   80-261254930
На строке 4592   в файле   80-259326754
На строке 4593   в файле   80-259327238
На строке 4594   в файле   80-244332289
На строке 4595   в файле   80-259321182
На строке 4596   в файле   80-259320992
На строке 4597   в файле   80-259301270
На строке 4598   в файле   80-252507442
На строке 4599   в файле   80-244968315
На строке 4600   в файле   80-249937382
На строке 4601   в файле   80-244970043
На строке 4602   в файле   80-246676644
На строке 4603   в файле   80-249937443
На строке 4604   в файле   80-249937436
На строке 4605   в файле   80-244970769
На строке 4606   в файле   80-260974343
На строке 4607   в файле   80-259302369
На строке 4608   в файле   80-259302708
На строке 4609   в файле   80-260974801
На строке 4610   в файле   80-259303227
На строке 4611   в файле   80-259303172
На строке 4612   в файле   80-259303183
На строке 4613   в файле   80-259303537
На строке 4614   в файле   80-251483555
На строке 4615   в файле   80-251484306
На строке 4616   в файле   80-259300804
На строке 4617   в файле   80-259300811
На строке 4618   в файле   80-259301072
На строке 4619   в файле   80-249937678
На строке 4620   в файле   80-244322971
На строке 4621   в файле   80-252507634
На строке 4622   в файле   80-244322793
На строке 4623   в файле   80-252273185
На строке 4624   в файле   80-246678643
На строке 4625   в файле   80-244976083
На строке 4626   в файле   80-244976836
На строке 4627   в файле   80-259302076
На строке 4628   в файле   80-259302071
На строке 4629   в файле   80-261254650
На строке 4630   в файле   80-259302362
На строке 4631   в файле   80-259302615
На строке 4632   в файле   80-259302927
На строке 4633   в файле   80-261254827
На строке 4634   в файле   80-244322478
На строке 4635   в файле   80-259300856
На строке 4636   в файле   80-259301271
На строке 4637   в файле   80-259307954
На строке 4638   в файле   80-244323545
На строке 4639   в файле   80-249938176
На строке 4640   в файле   80-244324291
На строке 4641   в файле   80-244978348
На строке 4642   в файле   80-249938246
На строке 4643   в файле   80-244324855
На строке 4644   в файле   80-249938347
На строке 4645   в файле   80-244977978
На строке 4646   в файле   80-260975427
На строке 4647   в файле   80-259307431
На строке 4648   в файле   80-260974787
На строке 4649   в файле   80-249938098
На строке 4650   в файле   80-244977270
На строке 4651   в файле   80-244324152
На строке 4652   в файле   80-251486008
На строке 4653   в файле   80-249938253
На строке 4654   в файле   80-246678902
На строке 4655   в файле   80-244324700
На строке 4656   в файле   80-244323551
На строке 4657   в файле   80-259304041
На строке 4658   в файле   80-259303769
На строке 4659   в файле   80-259310137
На строке 4660   в файле   80-249938497
На строке 4661   в файле   80-249938628
На строке 4662   в файле   80-246679621
На строке 4663   в файле   80-249938606
На строке 4664   в файле   80-244982274
На строке 4665   в файле   80-244326466
На строке 4666   в файле   80-249938766
На строке 4667   в файле   80-244325718
На строке 4668   в файле   80-259309833
На строке 4669   в файле   80-259310082
На строке 4670   в файле   80-259309071
На строке 4671   в файле   80-259314129
На строке 4672   в файле   80-259314158
На строке 4674   в файле   80-244985000
На строке 4675   в файле   80-244984525
На строке 4676   в файле   80-244327793
На строке 4677   в файле   80-249939131
На строке 4678   в файле   80-249939122
На строке 4679   в файле   80-246680464
На строке 4680   в файле   80-246680744
На строке 4681   в файле   80-249938992
На строке 4682   в файле   80-259313057
На строке 4683   в файле   80-259313403
На строке 4684   в файле   80-261254942
На строке 4685   в файле   80-249939001
На строке 4686   в файле   80-244328346
На строке 4687   в файле   80-244328485
На строке 4688   в файле   80-244328603
На строке 4689   в файле   80-244328737
На строке 4690   в файле   80-244329037
На строке 4691   в файле   80-249939516
На строке 4692   в файле   80-244329153
На строке 4693   в файле   80-244328220
На строке 4694   в файле   80-259314809
На строке 4695   в файле   80-259314817
На строке 4696   в файле   80-259319483
На строке 4697   в файле   80-259319643
На строке 4698   в файле   80-260976525
На строке 4699   в файле   80-252346802
На строке 4700   в файле   80-246681636
На строке 4701   в файле   80-249940210
На строке 4702   в файле   80-249940328
На строке 4703   в файле   80-249940206
На строке 4704   в файле   80-244331655
На строке 4705   в файле   80-244331876
На строке 4706   в файле   80-244988957
На строке 4707   в файле   80-259318715
На строке 4708   в файле   80-259318742
На строке 4709   в файле   80-260976269
На строке 4710   в файле   80-244330992
На строке 4711   в файле   80-249940202
На строке 4712   в файле   80-244989167
На строке 4713   в файле   80-249940212
На строке 4714   в файле   80-249940204
На строке 4715   в файле   80-249940274
На строке 4716   в файле   80-249940338
На строке 4717   в файле   80-249940323
На строке 4718   в файле   80-249940123
На строке 4719   в файле   80-259317166
На строке 4720   в файле   80-260976557
На строке 4721   в файле   80-261272890
На строке 4722   в файле   80-244332278
На строке 4723   в файле   80-249940491
На строке 4724   в файле   80-244332802
На строке 4725   в файле   80-244333036
На строке 4726   в файле   80-249940494
На строке 4727   в файле   80-249940499
На строке 4728   в файле   80-244333246
На строке 4729   в файле   80-246681915
На строке 4730   в файле   80-260976774
На строке 4731   в файле   80-259321563
На строке 4732   в файле   80-259688078
На строке 4733   в файле   80-259688667
На строке 4734   в файле   80-251316288
На строке 4735   в файле   80-252326147
На строке 4736   в файле   80-261101495
На строке 4737   в файле   80-261108941
На строке 4738   в файле   80-251318341
На строке 4739   в файле   80-261108993
На строке 4740   в файле   80-261108267
На строке 4741   в файле   80-261260383
На строке 4742   в файле   80-251317050
На строке 4743   в файле   80-261260396
На строке 4744   в файле   80-261077002
На строке 4745   в файле   80-245184696
На строке 4746   в файле   80-245189726
На строке 4747   в файле   80-252305684
На строке 4748   в файле   80-252307960
На строке 4749   в файле   80-252597818
На строке 4750   в файле   80-245226240
На строке 4751   в файле   80-252313132
На строке 4752   в файле   80-245256448
На строке 4753   в файле   80-261077365
На строке 4754   в файле   80-259620403
На строке 4755   в файле   80-259623410
На строке 4756   в файле   80-259627272
На строке 4757   в файле   80-261085217
На строке 4758   в файле   80-261259470
На строке 4759   в файле   80-261086612
На строке 4760   в файле   80-259635481
На строке 4761   в файле   80-259635595
На строке 4762   в файле   80-259635469
На строке 4763   в файле   80-252510833
На строке 4764   в файле   80-245185016
На строке 4765   в файле   80-252300009
На строке 4766   в файле   80-252300696
На строке 4767   в файле   80-245186685
На строке 4768   в файле   80-252301201
На строке 4769   в файле   80-252301574
На строке 4770   в файле   80-252302130
На строке 4771   в файле   80-252302327
На строке 4772   в файле   80-252302918
На строке 4773   в файле   80-245191056
На строке 4774   в файле   80-245191203
На строке 4775   в файле   80-252304080
На строке 4776   в файле   80-252511533
На строке 4777   в файле   80-252511692
На строке 4778   в файле   80-245193298
На строке 4779   в файле   80-245195290
На строке 4780   в файле   80-245195769
На строке 4781   в файле   80-252305661
На строке 4782   в файле   80-245196605
На строке 4783   в файле   80-252305674
На строке 4784   в файле   80-252306081
На строке 4785   в файле   80-252306739
На строке 4786   в файле   80-245201570
На строке 4787   в файле   80-245202294
На строке 4788   в файле   80-245202860
На строке 4789   в файле   80-245203256
На строке 4790   в файле   80-252307574
На строке 4791   в файле   80-245203442
На строке 4792   в файле   80-252307614
На строке 4793   в файле   80-245206870
На строке 4794   в файле   80-245207106
На строке 4795   в файле   80-252511970
На строке 4796   в файле   80-245207681
На строке 4797   в файле   80-252511954
На строке 4798   в файле   80-252641083
На строке 4799   в файле   80-245209387
На строке 4800   в файле   80-245210352
На строке 4801   в файле   80-245210605
На строке 4802   в файле   80-245211231
На строке 4803   в файле   80-245216507
На строке 4804   в файле   80-245216792
На строке 4805   в файле   80-252309681
На строке 4806   в файле   80-252309858
На строке 4807   в файле   80-245221631
На строке 4808   в файле   80-252512945
На строке 4809   в файле   80-245222426
На строке 4810   в файле   80-245223250
На строке 4811   в файле   80-245223961
На строке 4812   в файле   80-252310891
На строке 4813   в файле   80-252311227
На строке 4814   в файле   80-252311585
На строке 4815   в файле   80-252311717
На строке 4816   в файле   80-252311898
На строке 4817   в файле   80-245236091
На строке 4818   в файле   80-245236661
На строке 4819   в файле   80-245237124
На строке 4820   в файле   80-252512946
На строке 4821   в файле   80-245238089
На строке 4822   в файле   80-252312649
На строке 4823   в файле   80-245245780
На строке 4824   в файле   80-252313487
На строке 4825   в файле   80-245248420
На строке 4826   в файле   80-251204223
На строке 4827   в файле   80-252313484
На строке 4828   в файле   80-251203886
На строке 4829   в файле   80-245251039
На строке 4830   в файле   80-252313579
На строке 4831   в файле   80-245251652
На строке 4832   в файле   80-251204618
На строке 4833   в файле   80-245257285
На строке 4834   в файле   80-251207065
На строке 4835   в файле   80-245258694
На строке 4836   в файле   80-251208017
На строке 4837   в файле   80-251208924
На строке 4839   в файле   80-252314269
На строке 4840   в файле   80-251210480
На строке 4841   в файле   80-251212512
На строке 4842   в файле   80-251212552
На строке 4843   в файле   80-251213027
На строке 4844   в файле   80-261077903
На строке 4845   в файле   80-261079185
На строке 4846   в файле   80-261079266
На строке 4847   в файле   80-261079779
На строке 4848   в файле   80-261080152
На строке 4849   в файле   80-261080642
На строке 4850   в файле   80-261081253
На строке 4851   в файле   80-261081588
На строке 4852   в файле   80-259620073
На строке 4853   в файле   80-259620402
На строке 4854   в файле   80-261081923
На строке 4855   в файле   80-259620952
На строке 4856   в файле   80-259620988
На строке 4857   в файле   80-259621221
На строке 4858   в файле   80-259621735
На строке 4859   в файле   80-259621711
На строке 4860   в файле   80-261082477
На строке 4861   в файле   80-261082588
На строке 4862   в файле   80-261082758
На строке 4863   в файле   80-261259261
На строке 4864   в файле   80-261083070
На строке 4865   в файле   80-259623412
На строке 4866   в файле   80-259623420
На строке 4867   в файле   80-261083959
На строке 4868   в файле   80-259623656
На строке 4869   в файле   80-261083626
На строке 4870   в файле   80-259624900
На строке 4871   в файле   80-261259466
На строке 4872   в файле   80-261259469
На строке 4873   в файле   80-261084578
На строке 4874   в файле   80-259627244
На строке 4875   в файле   80-259599374
На строке 4876   в файле   80-261066180
На строке 4877   в файле   80-252300868
На строке 4878   в файле   80-252303619
На строке 4879   в файле   80-245191943
На строке 4880   в файле   80-245193087
На строке 4881   в файле   80-252305314
На строке 4882   в файле   80-245195767
На строке 4883   в файле   80-245196189
На строке 4884   в файле   80-245196591
На строке 4885   в файле   80-261065548
На строке 4886   в файле   80-261067489
На строке 4887   в файле   80-261067769
На строке 4888   в файле   80-261068754
На строке 4889   в файле   80-259571808
На строке 4890   в файле   80-259572611
На строке 4891   в файле   80-261069343
На строке 4892   в файле   80-261069844
На строке 4893   в файле   80-261070730
На строке 4894   в файле   80-259576536
На строке 4895   в файле   80-245186881
На строке 4896   в файле   80-252301577
На строке 4897   в файле   80-252301730
На строке 4898   в файле   80-252301953
На строке 4899   в файле   80-252302506
На строке 4900   в файле   80-252302526
На строке 4901   в файле   80-252302912
На строке 4902   в файле   80-245189017
На строке 4903   в файле   80-252303242
На строке 4904   в файле   80-245190023
На строке 4905   в файле   80-252303631
На строке 4906   в файле   80-252303829
На строке 4907   в файле   80-245191317
На строке 4908   в файле   80-252304012
На строке 4909   в файле   80-245185181
На строке 4910   в файле   80-261064708
На строке 4911   в файле   80-252298962
На строке 4912   в файле   80-261258953
На строке 4913   в файле   80-252300237
На строке 4914   в файле   80-261065570
На строке 4915   в файле   80-252300242
На строке 4916   в файле   80-252300438
На строке 4917   в файле   80-261258909
На строке 4918   в файле   80-252299026
На строке 4919   в файле   80-261063761
На строке 4920   в файле   80-252511156
На строке 4921   в файле   80-261259067
На строке 4922   в файле   80-261064535
На строке 4923   в файле   80-259336391
На строке 4924   в файле   80-244336628
На строке 4925   в файле   80-251494930
На строке 4926   в файле   80-244342059
На строке 4927   в файле   80-249941548
На строке 4928   в файле   80-260978356
На строке 4929   в файле   80-259341082
На строке 4930   в файле   80-260978685
На строке 4931   в файле   80-259344696
На строке 4932   в файле   80-259345448
На строке 4933   в файле   80-259346806
На строке 4934   в файле   80-259346093
На строке 4935   в файле   80-260979271
На строке 4936   в файле   80-259348377
На строке 4937   в файле   80-259348369
На строке 4938   в файле   80-249940649
На строке 4939   в файле   80-244336064
На строке 4940   в файле   80-246685351
На строке 4941   в файле   80-244336244
На строке 4942   в файле   80-244336454
На строке 4943   в файле   80-249940692
На строке 4944   в файле   80-246685717
На строке 4945   в файле   80-249940637
На строке 4946   в файле   80-244991399
На строке 4947   в файле   80-244336835
На строке 4948   в файле   80-244337068
На строке 4949   в файле   80-244337053
На строке 4950   в файле   80-244337257
На строке 4951   в файле   80-251494149
На строке 4952   в файле   80-249940772
На строке 4953   в файле   80-244337526
На строке 4954   в файле   80-244337698
На строке 4955   в файле   80-244337906
На строке 4956   в файле   80-246686043
На строке 4957   в файле   80-246686418
На строке 4958   в файле   80-249940897
На строке 4959   в файле   80-244338810
На строке 4960   в файле   80-244339402
На строке 4961   в файле   80-244339835
На строке 4962   в файле   80-244339570
На строке 4963   в файле   80-251496351
На строке 4964   в файле   80-244340419
На строке 4965   в файле   80-249940914
На строке 4966   в файле   80-252274649
На строке 4967   в файле   80-244992202
На строке 4968   в файле   80-249941128
На строке 4969   в файле   80-244342958
На строке 4970   в файле   80-244343170
На строке 4971   в файле   80-246688276
На строке 4972   в файле   80-252275258
На строке 4973   в файле   80-249941468
На строке 4974   в файле   80-246688667
На строке 4975   в файле   80-251497773
На строке 4976   в файле   80-249941559
На строке 4977   в файле   80-246689779
На строке 4978   в файле   80-246690187
На строке 4979   в файле   80-244335879
На строке 4980   в файле   80-259335754
На строке 4981   в файле   80-259335206
На строке 4982   в файле   80-260977825
На строке 4983   в файле   80-259339939
На строке 4984   в файле   80-261272562
На строке 4985   в файле   80-244992348
На строке 4986   в файле   80-260977393
На строке 4987   в файле   80-249940404
На строке 4988   в файле   80-249940568
На строке 4989   в файле   80-244991254
На строке 4990   в файле   80-244335499
На строке 4991   в файле   80-249940638
На строке 4992   в файле   80-244335482
На строке 4993   в файле   80-252348124
На строке 4994   в файле   80-252347023
На строке 4995   в файле   80-259335140
На строке 4996   в файле   80-259336307
На строке 4997   в файле   80-259336298
На строке 4998   в файле   80-260978265
На строке 4999   в файле   80-259339251
На строке 5000   в файле   80-260978457
На строке 5001   в файле   80-260978532
На строке 5002   в файле   80-259345440
На строке 5003   в файле   80-259346696
На строке 5004   в файле   80-259346747
На строке 5005   в файле   80-249940498
На строке 5006   в файле   80-252346987
На строке 5007   в файле   80-244333653
На строке 5008   в файле   80-246682885
На строке 5009   в файле   80-244334248
На строке 5010   в файле   80-244334026
На строке 5011   в файле   80-249940500
На строке 5012   в файле   80-244334247
На строке 5013   в файле   80-244334485
На строке 5014   в файле   80-252345961
На строке 5015   в файле   80-246683860
На строке 5016   в файле   80-249940644
На строке 5017   в файле   80-246683559
На строке 5018   в файле   80-249940639
На строке 5019   в файле   80-252346982
На строке 5020   в файле   80-244335053
На строке 5021   в файле   80-252346955
На строке 5022   в файле   80-244333433
На строке 5023   в файле   80-259331244
На строке 5024   в файле   80-246683284
На строке 5025   в файле   80-259330131
На строке 5026   в файле   80-260977181
На строке 5027   в файле   80-260977547
На строке 5028   в файле   80-259334566
На строке 5029   в файле   80-259362489
На строке 5030   в файле   80-249940768
На строке 5031   в файле   80-244341367
На строке 5032   в файле   80-244346879
На строке 5033   в файле   80-251498121
На строке 5034   в файле   80-244351153
На строке 5035   в файле   80-244355503
На строке 5036   в файле   80-249942006
На строке 5037   в файле   80-244994835
На строке 5038   в файле   80-249942205
На строке 5039   в файле   80-252607537
На строке 5040   в файле   80-260980492
На строке 5041   в файле   80-259364647
На строке 5042   в файле   80-259365508
На строке 5043   в файле   80-259365486
На строке 5044   в файле   80-259366142
На строке 5045   в файле   80-259367599
На строке 5046   в файле   80-259367708
На строке 5047   в файле   80-260980704
На строке 5048   в файле   80-259367702
На строке 5049   в файле   80-259368386
На строке 5050   в файле   80-259369119
На строке 5051   в файле   80-260981183
На строке 5052   в файле   80-259370588
На строке 5053   в файле   80-251494942
На строке 5054   в файле   80-249940783
На строке 5055   в файле   80-249940773
На строке 5056   в файле   80-249940775
На строке 5057   в файле   80-244338039
На строке 5058   в файле   80-244338241
На строке 5059   в файле   80-251494896
На строке 5060   в файле   80-249940854
На строке 5061   в файле   80-244338985
На строке 5062   в файле   80-246687500
На строке 5063   в файле   80-249940918
На строке 5064   в файле   80-249940896
На строке 5065   в файле   80-249941129
На строке 5066   в файле   80-251496425
На строке 5067   в файле   80-244342210
На строке 5068   в файле   80-244342392
На строке 5069   в файле   80-244342929
На строке 5070   в файле   80-244343449
На строке 5071   в файле   80-244344017
На строке 5072   в файле   80-244992595
На строке 5073   в файле   80-252275403
На строке 5074   в файле   80-244345333
На строке 5075   в файле   80-246689030
На строке 5076   в файле   80-252507939
На строке 5077   в файле   80-246690610
На строке 5078   в файле   80-251498634
На строке 5079   в файле   80-244992925
На строке 5080   в файле   80-244348606
На строке 5081   в файле   80-246690970
На строке 5082   в файле   80-244349430
На строке 5083   в файле   80-249941697
На строке 5084   в файле   80-244350236
На строке 5085   в файле   80-249941848
На строке 5086   в файле   80-244350467
На строке 5087   в файле   80-244350717
На строке 5088   в файле   80-244351600
На строке 5089   в файле   80-249941936
На строке 5090   в файле   80-244351821
На строке 5091   в файле   80-249942004
На строке 5092   в файле   80-249941862
На строке 5093   в файле   80-244353032
На строке 5094   в файле   80-244353508
На строке 5095   в файле   80-244994656
На строке 5096   в файле   80-246692849
На строке 5097   в файле   80-249941995
На строке 5098   в файле   80-249942134
На строке 5099   в файле   80-251500651
На строке 5100   в файле   80-244355959
На строке 5101   в файле   80-259362492
На строке 5102   в файле   80-259350492
На строке 5103   в файле   80-249941125
На строке 5104   в файле   80-244346701
На строке 5105   в файле   80-244350241
На строке 5106   в файле   80-249941865
На строке 5107   в файле   80-244352540
На строке 5108   в файле   80-244352529
На строке 5109   в файле   80-244353218
На строке 5110   в файле   80-244994454
На строке 5111   в файле   80-259352118
На строке 5112   в файле   80-259352717
На строке 5113   в файле   80-259352659
На строке 5115   в файле   80-259353992
На строке 5116   в файле   80-259354061
На строке 5117   в файле   80-259354682
На строке 5118   в файле   80-260979988
На строке 5119   в файле   80-259355421
На строке 5120   в файле   80-259356097
На строке 5121   в файле   80-259356078
На строке 5122   в файле   80-244341580
На строке 5123   в файле   80-244342011
На строке 5124   в файле   80-244992426
На строке 5125   в файле   80-249941122
На строке 5126   в файле   80-244343586
На строке 5127   в файле   80-244343926
На строке 5128   в файле   80-252275342
На строке 5129   в файле   80-244345079
На строке 5130   в файле   80-249941545
На строке 5131   в файле   80-251497252
На строке 5132   в файле   80-246689419
На строке 5133   в файле   80-244347737
На строке 5134   в файле   80-249941715
На строке 5135   в файле   80-251500030
На строке 5136   в файле   80-244348584
На строке 5137   в файле   80-244993042
На строке 5138   в файле   80-244349194
На строке 5139   в файле   80-244349439
На строке 5140   в файле   80-246691524
На строке 5141   в файле   80-246691997
На строке 5142   в файле   80-249941695
На строке 5143   в файле   80-249941841
На строке 5144   в файле   80-249941787
На строке 5145   в файле   80-251501268
На строке 5146   в файле   80-246692449
На строке 5147   в файле   80-244351633
На строке 5148   в файле   80-244352125
На строке 5149   в файле   80-251500640
На строке 5150   в файле   80-244340349
На строке 5151   в файле   80-259349844
На строке 5152   в файле   80-246687176
На строке 5153   в файле   80-260979470
На строке 5154   в файле   80-259349645
На строке 5155   в файле   80-259373294
На строке 5156   в файле   80-246686784
На строке 5157   в файле   80-249941546
На строке 5158   в файле   80-252348096
На строке 5159   в файле   80-244352778
На строке 5160   в файле   80-244355752
На строке 5161   в файле   80-246694732
На строке 5162   в файле   80-244359303
На строке 5163   в файле   80-244360630
На строке 5164   в файле   80-260981152
На строке 5165   в файле   80-260981163
На строке 5166   в файле   80-259397060
На строке 5167   в файле   80-260982881
На строке 5168   в файле   80-260983075
На строке 5169   в файле   80-260984012
На строке 5170   в файле   80-260984944
На строке 5171   в файле   80-260985142
На строке 5172   в файле   80-260985411
На строке 5173   в файле   80-260985680
На строке 5174   в файле   80-260985614
На строке 5175   в файле   80-260985847
На строке 5176   в файле   80-260985885
На строке 5177   в файле   80-260985933
На строке 5178   в файле   80-260986092
На строке 5179   в файле   80-260986084
На строке 5180   в файле   80-249940904
На строке 5181   в файле   80-251495714
На строке 5182   в файле   80-249941003
На строке 5183   в файле   80-251496379
На строке 5184   в файле   80-246687906
На строке 5185   в файле   80-244342672
На строке 5186   в файле   80-252275275
На строке 5187   в файле   80-244343592
На строке 5188   в файле   80-249941126
На строке 5189   в файле   80-244345323
На строке 5190   в файле   80-244346171
На строке 5191   в файле   80-251497869
На строке 5192   в файле   80-244347126
На строке 5193   в файле   80-244992757
На строке 5194   в файле   80-249941846
На строке 5195   в файле   80-249941549
На строке 5196   в файле   80-244347745
На строке 5197   в файле   80-244348145
На строке 5198   в файле   80-251499269
На строке 5199   в файле   80-249941646
На строке 5200   в файле   80-244349019
На строке 5201   в файле   80-249941696
На строке 5202   в файле   80-244349659
На строке 5203   в файле   80-249941714
На строке 5204   в файле   80-251499906
На строке 5205   в файле   80-244350711
На строке 5206   в файле   80-244993827
На строке 5207   в файле   80-244350930
На строке 5208   в файле   80-244994088
На строке 5209   в файле   80-244352106
На строке 5210   в файле   80-244994276
На строке 5211   в файле   80-244353020
На строке 5212   в файле   80-246693298
На строке 5213   в файле   80-249942001
На строке 5214   в файле   80-244353657
На строке 5215   в файле   80-244353887
На строке 5216   в файле   80-244354188
На строке 5217   в файле   80-249941994
На строке 5218   в файле   80-249942191
На строке 5219   в файле   80-244355465
На строке 5220   в файле   80-249942187
На строке 5221   в файле   80-244356243
На строке 5222   в файле   80-246693739
На строке 5223   в файле   80-249942210
На строке 5224   в файле   80-249942189
На строке 5225   в файле   80-249942352
На строке 5226   в файле   80-244357649
На строке 5227   в файле   80-249942295
На строке 5228   в файле   80-244357947
На строке 5229   в файле   80-249942351
На строке 5230   в файле   80-244358467
На строке 5231   в файле   80-244358113
На строке 5232   в файле   80-244358391
На строке 5233   в файле   80-249942349
На строке 5234   в файле   80-244358594
На строке 5235   в файле   80-244995155
На строке 5236   в файле   80-249942376
На строке 5237   в файле   80-244359121
На строке 5238   в файле   80-246694198
На строке 5239   в файле   80-244359095
На строке 5240   в файле   80-244995307
На строке 5241   в файле   80-244359624
На строке 5242   в файле   80-244359618
На строке 5243   в файле   80-249942461
На строке 5244   в файле   80-249942538
На строке 5246   в файле   80-244360155
На строке 5247   в файле   80-244359853
На строке 5248   в файле   80-252348192
На строке 5249   в файле   80-249942348
На строке 5250   в файле   80-246695202
На строке 5251   в файле   80-246695696
На строке 5252   в файле   80-249942555
На строке 5253   в файле   80-249942530
На строке 5254   в файле   80-252349208
На строке 5255   в файле   80-252348130
На строке 5256   в файле   80-244361067
На строке 5257   в файле   80-244361495
На строке 5258   в файле   80-244361300
На строке 5259   в файле   80-252349238
На строке 5260   в файле   80-249942550
На строке 5261   в файле   80-244995785
На строке 5262   в файле   80-260981157
На строке 5263   в файле   80-260981198
На строке 5264   в файле   80-260981378
На строке 5265   в файле   80-259377686
На строке 5266   в файле   80-260981625
На строке 5267   в файле   80-260981618
На строке 5268   в файле   80-260981634
На строке 5269   в файле   80-260981665
На строке 5270   в файле   80-260981826
На строке 5271   в файле   80-260981801
На строке 5272   в файле   80-260982043
На строке 5273   в файле   80-260982049
На строке 5274   в файле   80-259396328
На строке 5275   в файле   80-259395584
На строке 5276   в файле   80-259396291
На строке 5277   в файле   80-259397070
На строке 5278   в файле   80-260982092
На строке 5279   в файле   80-260982233
На строке 5280   в файле   80-260982231
На строке 5281   в файле   80-260982449
На строке 5282   в файле   80-259399931
На строке 5283   в файле   80-260982445
На строке 5284   в файле   80-260982456
На строке 5285   в файле   80-259400594
На строке 5286   в файле   80-259400620
На строке 5287   в файле   80-260982678
На строке 5288   в файле   80-260982731
На строке 5289   в файле   80-260982896
На строке 5290   в файле   80-260982484
На строке 5291   в файле   80-259403621
На строке 5292   в файле   80-260982871
На строке 5293   в файле   80-260983058
На строке 5294   в файле   80-259404992
На строке 5295   в файле   80-260983163
На строке 5296   в файле   80-260983333
На строке 5297   в файле   80-259407804
На строке 5298   в файле   80-260983545
На строке 5299   в файле   80-260983647
На строке 5300   в файле   80-260983507
На строке 5301   в файле   80-260983322
На строке 5302   в файле   80-259421356
На строке 5303   в файле   80-259422085
На строке 5304   в файле   80-260983739
На строке 5305   в файле   80-259421911
На строке 5306   в файле   80-260983928
На строке 5307   в файле   80-259423147
На строке 5308   в файле   80-259424479
На строке 5309   в файле   80-259423910
На строке 5310   в файле   80-259424482
На строке 5311   в файле   80-259425011
На строке 5312   в файле   80-259425094
На строке 5313   в файле   80-259425797
На строке 5314   в файле   80-259426192
На строке 5315   в файле   80-260984407
На строке 5316   в файле   80-260984494
На строке 5317   в файле   80-260984654
На строке 5318   в файле   80-259438670
На строке 5319   в файле   80-259437654
На строке 5320   в файле   80-260984723
На строке 5321   в файле   80-259450475
На строке 5322   в файле   80-260985129
На строке 5323   в файле   80-260985127
На строке 5324   в файле   80-260985445
На строке 5325   в файле   80-260985596
На строке 5326   в файле   80-244991962
На строке 5327   в файле   80-259372714
На строке 5328   в файле   80-259372626
На строке 5329   в файле   80-244338644
На строке 5330   в файле   80-259371421
На строке 5331   в файле   80-259372090
На строке 5332   в файле   80-259372035
На строке 5333   в файле   80-259372144
На строке 5334   в файле   80-259422098
На строке 5335   в файле   80-259423138
На строке 5336   в файле   80-259423895
На строке 5337   в файле   80-259424579
На строке 5338   в файле   80-259425666
На строке 5339   в файле   80-259425678
На строке 5340   в файле   80-259426204
На строке 5341   в файле   80-259426900
На строке 5342   в файле   80-260984257
На строке 5343   в файле   80-260984462
На строке 5344   в файле   80-260984660
На строке 5345   в файле   80-260984192
На строке 5346   в файле   80-260984206
На строке 5347   в файле   80-244364237
На строке 5348   в файле   80-244996105
На строке 5349   в файле   80-244996107
На строке 5350   в файле   80-244362529
На строке 5351   в файле   80-244364363
На строке 5352   в файле   80-244362742
На строке 5353   в файле   80-244362982
На строке 5354   в файле   80-244363676
На строке 5355   в файле   80-244366147
На строке 5356   в файле   80-244365698
На строке 5357   в файле   80-246696167
На строке 5358   в файле   80-246697163
На строке 5359   в файле   80-249942896
На строке 5360   в файле   80-249942895
На строке 5361   в файле   80-249942717
На строке 5362   в файле   80-244367052
На строке 5363   в файле   80-244367497
На строке 5364   в файле   80-244369068
На строке 5365   в файле   80-244369505
На строке 5366   в файле   80-244366836
На строке 5367   в файле   80-244369761
На строке 5368   в файле   80-244370008
На строке 5369   в файле   80-246699774
На строке 5370   в файле   80-246698164
На строке 5371   в файле   80-249943089
На строке 5372   в файле   80-249943092
На строке 5373   в файле   80-249943107
На строке 5374   в файле   80-249943289
На строке 5375   в файле   80-249943112
На строке 5376   в файле   80-249943349
На строке 5377   в файле   80-252349347
На строке 5378   в файле   80-244995950
На строке 5379   в файле   80-260983281
На строке 5380   в файле   80-244362036
На строке 5381   в файле   80-260984019
На строке 5382   в файле   80-260983701
На строке 5383   в файле   80-259439272
На строке 5384   в файле   80-260985141
На строке 5385   в файле   80-261255179
На строке 5386   в файле   80-244365858
На строке 5387   в файле   80-260986523
На строке 5388   в файле   80-249942630
На строке 5389   в файле   80-244365433
На строке 5390   в файле   80-252348819
На строке 5391   в файле   80-246699319
На строке 5392   в файле   80-249943342
На строке 5393   в файле   80-244373050
На строке 5394   в файле   80-244374900
На строке 5395   в файле   80-244377268
На строке 5396   в файле   80-260986611
На строке 5397   в файле   80-260987145
На строке 5398   в файле   80-261255408
На строке 5399   в файле   80-260990035
На строке 5400   в файле   80-260990034
На строке 5401   в файле   80-259482795
На строке 5402   в файле   80-260990006
На строке 5403   в файле   80-259483406
На строке 5404   в файле   80-260990386
На строке 5405   в файле   80-259483407
На строке 5406   в файле   80-244362257
На строке 5407   в файле   80-249942699
На строке 5408   в файле   80-244362987
На строке 5409   в файле   80-249942701
На строке 5410   в файле   80-251501851
На строке 5411   в файле   80-249942732
На строке 5412   в файле   80-244363841
На строке 5413   в файле   80-244364124
На строке 5414   в файле   80-249942734
На строке 5415   в файле   80-249942817
На строке 5416   в файле   80-249942909
На строке 5417   в файле   80-249942904
На строке 5418   в файле   80-244365700
На строке 5419   в файле   80-249942912
На строке 5420   в файле   80-244366117
На строке 5421   в файле   80-244366355
На строке 5422   в файле   80-249943025
На строке 5423   в файле   80-244366558
На строке 5424   в файле   80-244366563
На строке 5425   в файле   80-244997082
На строке 5426   в файле   80-244367266
На строке 5427   в файле   80-251503134
На строке 5428   в файле   80-249943194
На строке 5429   в файле   80-244367754
На строке 5430   в файле   80-246697684
На строке 5431   в файле   80-249943146
На строке 5432   в файле   80-246698712
На строке 5433   в файле   80-244369332
На строке 5434   в файле   80-252595723
На строке 5435   в файле   80-244369764
На строке 5436   в файле   80-249943285
На строке 5437   в файле   80-244370478
На строке 5438   в файле   80-252507984
На строке 5439   в файле   80-244370675
На строке 5440   в файле   80-244371170
На строке 5441   в файле   80-251503589
На строке 5442   в файле   80-244371128
На строке 5443   в файле   80-244998103
На строке 5444   в файле   80-251505229
На строке 5445   в файле   80-249943608
На строке 5446   в файле   80-252525170
На строке 5447   в файле   80-244371608
На строке 5448   в файле   80-244372149
На строке 5449   в файле   80-244371912
На строке 5450   в файле   80-244372164
На строке 5451   в файле   80-249943365
На строке 5452   в файле   80-251502699
На строке 5453   в файле   80-244998323
На строке 5454   в файле   80-244998318
На строке 5455   в файле   80-252608402
На строке 5456   в файле   80-244998453
На строке 5457   в файле   80-244373043
На строке 5458   в файле   80-244373286
На строке 5459   в файле   80-251505185
На строке 5460   в файле   80-249943353
На строке 5461   в файле   80-244373973
На строке 5462   в файле   80-246700837
На строке 5463   в файле   80-249943445
На строке 5464   в файле   80-246701979
На строке 5465   в файле   80-249943522
На строке 5466   в файле   80-244374901
На строке 5467   в файле   80-244998744
На строке 5468   в файле   80-249943613
На строке 5469   в файле   80-244375651
На строке 5470   в файле   80-244376318
На строке 5471   в файле   80-249943681
На строке 5472   в файле   80-249943789
На строке 5473   в файле   80-246703161
На строке 5474   в файле   80-244376810
На строке 5475   в файле   80-244377286
На строке 5476   в файле   80-249943683
На строке 5477   в файле   80-244377537
На строке 5478   в файле   80-249943879
На строке 5479   в файле   80-244378291
На строке 5480   в файле   80-249943870
На строке 5481   в файле   80-245000261
На строке 5482   в файле   80-252525478
На строке 5483   в файле   80-244378870
На строке 5484   в файле   80-244379172
На строке 5485   в файле   80-244379405
На строке 5486   в файле   80-244379817
На строке 5487   в файле   80-260986575
На строке 5488   в файле   80-260986604
На строке 5489   в файле   80-259466354
На строке 5490   в файле   80-259467011
На строке 5491   в файле   80-259466538
На строке 5492   в файле   80-259467006
На строке 5493   в файле   80-259466512
На строке 5494   в файле   80-261255073
На строке 5495   в файле   80-260986943
На строке 5496   в файле   80-260986998
На строке 5497   в файле   80-260987351
На строке 5498   в файле   80-260987210
На строке 5499   в файле   80-260987750
На строке 5500   в файле   80-260988051
На строке 5501   в файле   80-260987872
На строке 5502   в файле   80-260988740
На строке 5503   в файле   80-260988596
На строке 5504   в файле   80-260988735
На строке 5505   в файле   80-261255193
На строке 5506   в файле   80-261255170
На строке 5507   в файле   80-259481612
На строке 5508   в файле   80-244362027
На строке 5509   в файле   80-260986116
На строке 5510   в файле   80-246696639
На строке 5511   в файле   80-260986422
На строке 5512   в файле   80-260986517
На строке 5513   в файле   80-261003501
На строке 5514   в файле   80-261003965
На строке 5515   в файле   80-261004608
На строке 5516   в файле   80-244385604
На строке 5517   в файле   80-244385186
На строке 5518   в файле   80-249944418
На строке 5519   в файле   80-244401377
На строке 5520   в файле   80-244401539
На строке 5521   в файле   80-244401245
На строке 5522   в файле   80-249946072
На строке 5523   в файле   80-244405171
На строке 5524   в файле   80-244404600
На строке 5525   в файле   80-244404725
На строке 5526   в файле   80-244405207
На строке 5527   в файле   80-244404897
На строке 5528   в файле   80-252508291
На строке 5529   в файле   80-249947271
На строке 5530   в файле   80-249947286
На строке 5531   в файле   80-252279775
На строке 5532   в файле   80-244408935
На строке 5533   в файле   80-244409046
На строке 5534   в файле   80-249947516
На строке 5535   в файле   80-244410728
На строке 5536   в файле   80-244410885
На строке 5537   в файле   80-245009763
На строке 5538   в файле   80-245009939
На строке 5539   в файле   80-244413341
На строке 5540   в файле   80-244413527
На строке 5541   в файле   80-249948611
На строке 5542   в файле   80-244416690
На строке 5543   в файле   80-252280309
На строке 5544   в файле   80-261004381
На строке 5545   в файле   80-261004475
На строке 5546   в файле   80-261006801
На строке 5547   в файле   80-261255883
На строке 5548   в файле   80-261010216
На строке 5549   в файле   80-261010883
На строке 5550   в файле   80-261015769
На строке 5551   в файле   80-261016386
На строке 5552   в файле   80-261256753
На строке 5553   в файле   80-261256817
На строке 5554   в файле   80-261023740
На строке 5555   в файле   80-261024743
На строке 5556   в файле   80-261030906
На строке 5557   в файле   80-261030053
На строке 5558   в файле   80-259532246
На строке 5559   в файле   80-261036396
На строке 5560   в файле   80-261043530
На строке 5561   в файле   80-261043511
На строке 5562   в файле   80-261052684
На строке 5563   в файле   80-261055057
На строке 5564   в файле   80-244386376
На строке 5565   в файле   80-249944420
На строке 5566   в файле   80-244389854
На строке 5567   в файле   80-249944614
На строке 5568   в файле   80-244394540
На строке 5569   в файле   80-249944777
На строке 5570   в файле   80-244399384
На строке 5571   в файле   80-244398817
На строке 5572   в файле   80-244400040
На строке 5573   в файле   80-249945753
На строке 5574   в файле   80-245004970
На строке 5575   в файле   80-249945961
На строке 5576   в файле   80-244400773
На строке 5577   в файле   80-249946090
На строке 5578   в файле   80-244401244
На строке 5579   в файле   80-249946102
На строке 5580   в файле   80-244400957
На строке 5581   в файле   80-244401086
На строке 5582   в файле   80-244400938
На строке 5583   в файле   80-249946059
На строке 5584   в файле   80-244401532
На строке 5585   в файле   80-252278063
На строке 5586   в файле   80-244401840
На строке 5587   в файле   80-252278071
На строке 5588   в файле   80-244401655
На строке 5589   в файле   80-244401836
На строке 5590   в файле   80-244402180
На строке 5591   в файле   80-244402146
На строке 5592   в файле   80-244402254
На строке 5593   в файле   80-249946291
На строке 5594   в файле   80-244402433
На строке 5595   в файле   80-249946295
На строке 5596   в файле   80-244403870
На строке 5597   в файле   80-244403408
На строке 5598   в файле   80-244404009
На строке 5599   в файле   80-252508155
На строке 5600   в файле   80-244404143
На строке 5601   в файле   80-244404332
На строке 5602   в файле   80-244404428
На строке 5603   в файле   80-244404134
На строке 5604   в файле   80-245007185
На строке 5605   в файле   80-244405482
На строке 5606   в файле   80-244405905
На строке 5607   в файле   80-244405511
На строке 5608   в файле   80-245007345
На строке 5609   в файле   80-252279768
На строке 5610   в файле   80-244406037
На строке 5611   в файле   80-244406171
На строке 5612   в файле   80-244406336
На строке 5613   в файле   80-244406324
На строке 5614   в файле   80-244406443
На строке 5615   в файле   80-249947134
На строке 5616   в файле   80-249947252
На строке 5617   в файле   80-252279422
На строке 5618   в файле   80-244406614
На строке 5619   в файле   80-244406567
На строке 5620   в файле   80-244406885
На строке 5621   в файле   80-244406735
На строке 5622   в файле   80-244406876
На строке 5623   в файле   80-244407007
На строке 5624   в файле   80-244407161
На строке 5625   в файле   80-244407132
На строке 5626   в файле   80-244407261
На строке 5627   в файле   80-244407454
На строке 5628   в файле   80-244407424
На строке 5629   в файле   80-249947272
На строке 5630   в файле   80-244407727
На строке 5631   в файле   80-249947260
На строке 5632   в файле   80-244407724
На строке 5633   в файле   80-244407733
На строке 5634   в файле   80-244408015
На строке 5635   в файле   80-244408071
На строке 5636   в файле   80-244408273
На строке 5637   в файле   80-244408020
На строке 5638   в файле   80-249947483
На строке 5639   в файле   80-249947363
На строке 5640   в файле   80-244408330
На строке 5641   в файле   80-249947596
На строке 5642   в файле   80-249947540
На строке 5643   в файле   80-249947501
На строке 5644   в файле   80-244409044
На строке 5645   в файле   80-249947604
На строке 5646   в файле   80-244409189
На строке 5647   в файле   80-249947701
На строке 5648   в файле   80-244409319
На строке 5649   в файле   80-244409347
На строке 5650   в файле   80-244409632
На строке 5651   в файле   80-244409446
На строке 5652   в файле   80-244409887
На строке 5653   в файле   80-244409730
На строке 5654   в файле   80-244409592
На строке 5655   в файле   80-249947860
На строке 5656   в файле   80-244409882
На строке 5657   в файле   80-244410034
На строке 5658   в файле   80-245009553
На строке 5659   в файле   80-249947778
На строке 5660   в файле   80-244410488
На строке 5661   в файле   80-249947774
На строке 5662   в файле   80-244410482
На строке 5663   в файле   80-249947834
На строке 5664   в файле   80-244410871
На строке 5665   в файле   80-244410999
На строке 5666   в файле   80-244411137
На строке 5667   в файле   80-245009779
На строке 5668   в файле   80-244411253
На строке 5669   в файле   80-252279800
На строке 5670   в файле   80-244411443
На строке 5671   в файле   80-244411751
На строке 5672   в файле   80-249947969
На строке 5673   в файле   80-249947853
На строке 5674   в файле   80-252280306
На строке 5675   в файле   80-252280355
На строке 5676   в файле   80-244412898
На строке 5677   в файле   80-252280034
На строке 5678   в файле   80-244413205
На строке 5679   в файле   80-249948438
На строке 5680   в файле   80-252279785
На строке 5681   в файле   80-244413522
На строке 5682   в файле   80-249948607
На строке 5683   в файле   80-249948629
На строке 5684   в файле   80-249948617
На строке 5685   в файле   80-249948609
На строке 5686   в файле   80-244415081
На строке 5687   в файле   80-244415198
На строке 5688   в файле   80-244415559
На строке 5689   в файле   80-249948887
На строке 5690   в файле   80-244416030
На строке 5691   в файле   80-244416464
На строке 5692   в файле   80-244417090
На строке 5693   в файле   80-249948923
На строке 5694   в файле   80-244418038
На строке 5695   в файле   80-244417914
На строке 5696   в файле   80-244418772
На строке 5697   в файле   80-244419111
На строке 5698   в файле   80-252280317
На строке 5699   в файле   80-244419605
На строке 5700   в файле   80-244420154
На строке 5701   в файле   80-244420785
На строке 5702   в файле   80-261004961
На строке 5703   в файле   80-261004873
На строке 5704   в файле   80-261005804
На строке 5705   в файле   80-261005355
На строке 5706   в файле   80-261005558
На строке 5707   в файле   80-261006243
На строке 5708   в файле   80-261005869
На строке 5709   в файле   80-261006408
На строке 5710   в файле   80-261006658
На строке 5711   в файле   80-261006363
На строке 5712   в файле   80-261007351
На строке 5713   в файле   80-261007754
На строке 5714   в файле   80-261007872
На строке 5715   в файле   80-261007257
На строке 5716   в файле   80-261007950
На строке 5717   в файле   80-261008730
На строке 5718   в файле   80-261255821
На строке 5719   в файле   80-261255928
На строке 5720   в файле   80-261009742
На строке 5721   в файле   80-261009875
На строке 5722   в файле   80-261010971
На строке 5723   в файле   80-261010890
На строке 5724   в файле   80-261011499
На строке 5725   в файле   80-261012212
На строке 5726   в файле   80-261012622
На строке 5727   в файле   80-261013330
На строке 5728   в файле   80-261013734
На строке 5729   в файле   80-261256149
На строке 5730   в файле   80-261015359
На строке 5731   в файле   80-261256076
На строке 5732   в файле   80-261272936
На строке 5733   в файле   80-261017021
На строке 5734   в файле   80-261017776
На строке 5735   в файле   80-261019189
На строке 5736   в файле   80-261018987
На строке 5737   в файле   80-261256434
На строке 5738   в файле   80-261256610
На строке 5739   в файле   80-261256551
На строке 5740   в файле   80-261256629
На строке 5741   в файле   80-261256624
На строке 5742   в файле   80-261257052
На строке 5743   в файле   80-261021536
На строке 5744   в файле   80-261256952
На строке 5745   в файле   80-261256985
На строке 5746   в файле   80-261257010
На строке 5747   в файле   80-261257139
На строке 5748   в файле   80-261257020
На строке 5749   в файле   80-261257207
На строке 5750   в файле   80-261023364
На строке 5751   в файле   80-261257371
На строке 5752   в файле   80-261025141
На строке 5753   в файле   80-261257476
На строке 5754   в файле   80-261257621
На строке 5755   в файле   80-261257636
На строке 5756   в файле   80-261028354
На строке 5757   в файле   80-261029603
На строке 5758   в файле   80-261257656
На строке 5759   в файле   80-261029151
На строке 5760   в файле   80-261258007
На строке 5761   в файле   80-261031457
На строке 5762   в файле   80-261258076
На строке 5763   в файле   80-261032160
На строке 5764   в файле   80-261033053
На строке 5765   в файле   80-261032782
На строке 5766   в файле   80-261258040
На строке 5767   в файле   80-261276923
На строке 5768   в файле   80-261035966
На строке 5769   в файле   80-261037078
На строке 5770   в файле   80-261258187
На строке 5771   в файле   80-261258315
На строке 5772   в файле   80-261258296
На строке 5773   в файле   80-261040142
На строке 5774   в файле   80-261040015
На строке 5775   в файле   80-261040265
На строке 5776   в файле   80-261041640
На строке 5777   в файле   80-261042196
На строке 5778   в файле   80-261042974
На строке 5779   в файле   80-261044924
На строке 5780   в файле   80-261045219
На строке 5781   в файле   80-261046797
На строке 5782   в файле   80-261045857
На строке 5783   в файле   80-261048255
На строке 5784   в файле   80-261049020
На строке 5785   в файле   80-261050124
На строке 5786   в файле   80-261049749
На строке 5787   в файле   80-261051547
На строке 5788   в файле   80-261052119
На строке 5789   в файле   80-261056024
На строке 5790   в файле   80-261056083
На строке 5791   в файле   80-261057891
На строке 5792   в файле   80-261058320
На строке 5793   в файле   80-261058201
На строке 5794   в файле   80-259539063
На строке 5795   в файле   80-261058758
На строке 5796   в файле   80-261258851
На строке 5797   в файле   80-259541472
На строке 5798   в файле   80-261060144
На строке 5799   в файле   80-244386512
На строке 5800   в файле   80-244386742
На строке 5801   в файле   80-244387239
На строке 5802   в файле   80-245002140
На строке 5803   в файле   80-244387452
На строке 5804   в файле   80-249944690
На строке 5805   в файле   80-244388708
На строке 5806   в файле   80-244388743
На строке 5807   в файле   80-244388920
На строке 5808   в файле   80-249944628
На строке 5809   в файле   80-252277113
На строке 5810   в файле   80-244391259
На строке 5811   в файле   80-244391412
На строке 5812   в файле   80-244391453
На строке 5813   в файле   80-244392124
На строке 5814   в файле   80-245003152
На строке 5815   в файле   80-244392582
На строке 5816   в файле   80-244393244
На строке 5817   в файле   80-244393057
На строке 5818   в файле   80-244393436
На строке 5819   в файле   80-244394104
На строке 5820   в файле   80-249945330
На строке 5821   в файле   80-249945337
На строке 5822   в файле   80-244396223
На строке 5823   в файле   80-252353305
На строке 5824   в файле   80-245004031
На строке 5825   в файле   80-244397254
На строке 5826   в файле   80-245004289
На строке 5827   в файле   80-249945552
На строке 5828   в файле   80-244398594
На строке 5829   в файле   80-249945843
На строке 5830   в файле   80-244399305
На строке 5831   в файле   80-249945827
На строке 5832   в файле   80-244399600
На строке 5833   в файле   80-244380288
На строке 5834   в файле   80-261000946
На строке 5835   в файле   80-244384788
На строке 5836   в файле   80-261003423
На строке 5837   в файле   80-244372649
На строке 5838   в файле   80-259504872
На строке 5839   в файле   80-245000484
На строке 5840   в файле   80-259515693
На строке 5841   в файле   80-244374439
На строке 5842   в файле   80-260997286
На строке 5843   в файле   80-244375388
На строке 5844   в файле   80-260997962
На строке 5845   в файле   80-244373488
На строке 5846   в файле   80-259506261
На строке 5847   в файле   80-244381648
На строке 5848   в файле   80-261255683
На строке 5849   в файле   80-249943521
На строке 5850   в файле   80-260998664
На строке 5851   в файле   80-249943787
На строке 5852   в файле   80-261000262
На строке 5853   в файле   80-249944173
На строке 5854   в файле   80-261002802
На строке 5855   в файле   80-249944249
На строке 5856   в файле   80-261002385
На строке 5857   в файле   80-252525540
На строке 5858   в файле   80-261000459
На строке 5859   в файле   80-260996353
На строке 5860   в файле   80-259166379
На строке 5861   в файле   80-259167217
На строке 5862   в файле   80-259167262
На строке 5863   в файле   80-259168039
На строке 5864   в файле   80-259173943
На строке 5865   в файле   80-259173994
На строке 5866   в файле   80-259507958
На строке 5867   в файле   80-259515934
На строке 5868   в файле   80-260765235
На строке 5869   в файле   80-259206029
На строке 5870   в файле   80-259213867
На строке 5871   в файле   80-259165783
На строке 5872   в файле   80-259166462
На строке 5873   в файле   80-259172544
На строке 5874   в файле   80-259214339
На строке 5875   в файле   80-260990922
На строке 5876   в файле   80-252350504
На строке 5877   в файле   80-245001045
На строке 5878   в файле   80-244385470
На строке 5879   в файле   80-249944498
На строке 5880   в файле   80-252353308
На строке 5881   в файле   80-245003399
На строке 5882   в файле   80-249945523
На строке 5883   в файле   80-249945528
На строке 5884   в файле   80-260990655
На строке 5885   в файле   80-259492443
На строке 5886   в файле   80-259495189
На строке 5887   в файле   80-260995157
На строке 5888   в файле   80-260995618
На строке 5889   в файле   80-260997280
На строке 5890   в файле   80-260999496
На строке 5891   в файле   80-261000558
На строке 5892   в файле   80-261000692
На строке 5893   в файле   80-261001648
На строке 5894   в файле   80-249943992
На строке 5895   в файле   80-244379855
На строке 5896   в файле   80-244380261
На строке 5897   в файле   80-249943889
На строке 5898   в файле   80-249944064
На строке 5899   в файле   80-244381353
На строке 5900   в файле   80-244382110
На строке 5901   в файле   80-245001018
На строке 5902   в файле   80-244381844
На строке 5903   в файле   80-249944056
На строке 5904   в файле   80-244382814
На строке 5905   в файле   80-252508288
На строке 5906   в файле   80-244383272
На строке 5907   в файле   80-252351866
На строке 5908   в файле   80-244383701
На строке 5909   в файле   80-249944250
На строке 5910   в файле   80-249944251
На строке 5911   в файле   80-249944413
На строке 5912   в файле   80-251525355
На строке 5913   в файле   80-244384993
На строке 5914   в файле   80-245001819
На строке 5915   в файле   80-245001972
На строке 5916   в файле   80-244385422
На строке 5917   в файле   80-244385942
На строке 5918   в файле   80-246713909
На строке 5919   в файле   80-252352616
На строке 5920   в файле   80-252353248
На строке 5921   в файле   80-252353272
На строке 5922   в файле   80-244386329
На строке 5923   в файле   80-249944444
На строке 5924   в файле   80-249944412
На строке 5925   в файле   80-244386816
На строке 5926   в файле   80-244387216
На строке 5927   в файле   80-244387018
На строке 5928   в файле   80-245002279
На строке 5929   в файле   80-249944620
На строке 5930   в файле   80-252275719
На строке 5931   в файле   80-244388452
На строке 5932   в файле   80-249944691
На строке 5933   в файле   80-245002408
На строке 5934   в файле   80-251525366
На строке 5935   в файле   80-244389157
На строке 5936   в файле   80-244389621
На строке 5937   в файле   80-244390030
На строке 5938   в файле   80-244390616
На строке 5939   в файле   80-244390631
На строке 5940   в файле   80-245002552
На строке 5941   в файле   80-244390981
На строке 5942   в файле   80-244390989
На строке 5943   в файле   80-245002724
На строке 5944   в файле   80-244391891
На строке 5945   в файле   80-244392358
На строке 5946   в файле   80-244392809
На строке 5947   в файле   80-244393669
На строке 5948   в файле   80-252277406
На строке 5949   в файле   80-252277780
На строке 5950   в файле   80-244394685
На строке 5951   в файле   80-249945307
На строке 5952   в файле   80-249945236
На строке 5953   в файле   80-249945318
На строке 5954   в файле   80-244395767
На строке 5955   в файле   80-244395709
На строке 5956   в файле   80-244395901
На строке 5957   в файле   80-244396589
На строке 5958   в файле   80-244396851
На строке 5959   в файле   80-244397124
На строке 5960   в файле   80-244397257
На строке 5961   в файле   80-249945539
На строке 5962   в файле   80-245004278
На строке 5963   в файле   80-249945525
На строке 5964   в файле   80-244398300
На строке 5965   в файле   80-244398581
На строке 5966   в файле   80-249945634
На строке 5967   в файле   80-244399038
На строке 5968   в файле   80-244399010
На строке 5969   в файле   80-244399455
На строке 5970   в файле   80-249945733
На строке 5971   в файле   80-249945757
На строке 5972   в файле   80-244399717
На строке 5973   в файле   80-244399742
На строке 5974   в файле   80-244399901
На строке 5975   в файле   80-249945832
На строке 5976   в файле   80-244400116
На строке 5977   в файле   80-261255324
На строке 5978   в файле   80-260991227
На строке 5979   в файле   80-260991238
На строке 5980   в файле   80-260991283
На строке 5981   в файле   80-260991249
На строке 5982   в файле   80-260991512
На строке 5983   в файле   80-260991824
На строке 5984   в файле   80-260991972
На строке 5985   в файле   80-260992233
На строке 5986   в файле   80-259492440
На строке 5987   в файле   80-260992342
На строке 5988   в файле   80-259492807
На строке 5989   в файле   80-259492805
На строке 5990   в файле   80-259492653
На строке 5991   в файле   80-260992801
На строке 5992   в файле   80-260993040
На строке 5993   в файле   80-260993174
На строке 5994   в файле   80-260993235
На строке 5995   в файле   80-260993371
На строке 5996   в файле   80-260993742
На строке 5997   в файле   80-260993533
На строке 5998   в файле   80-260994021
На строке 5999   в файле   80-260994239
На строке 6000   в файле   80-260994444
На строке 6001   в файле   80-260994482
На строке 6002   в файле   80-260994615
На строке 6003   в файле   80-260994735
На строке 6004   в файле   80-260994869
На строке 6005   в файле   80-260994951
На строке 6006   в файле   80-259502866
На строке 6007   в файле   80-259503134
На строке 6008   в файле   80-260995273
На строке 6009   в файле   80-260995270
На строке 6010   в файле   80-259503141
На строке 6011   в файле   80-259503405
На строке 6012   в файле   80-260995463
На строке 6013   в файле   80-259503662
На строке 6014   в файле   80-260995540
На строке 6015   в файле   80-260995913
На строке 6016   в файле   80-260996014
На строке 6017   в файле   80-260996253
На строке 6018   в файле   80-260996343
На строке 6019   в файле   80-260997017
На строке 6020   в файле   80-260996917
На строке 6021   в файле   80-260996370
На строке 6022   в файле   80-261272917
На строке 6023   в файле   80-260997219
На строке 6024   в файле   80-260997151
На строке 6025   в файле   80-259506284
На строке 6026   в файле   80-260997808
На строке 6027   в файле   80-260998022
На строке 6028   в файле   80-260998131
На строке 6029   в файле   80-260998297
На строке 6030   в файле   80-261255476
На строке 6031   в файле   80-260998839
На строке 6032   в файле   80-261255403
На строке 6033   в файле   80-259510726
На строке 6034   в файле   80-259510721
На строке 6035   в файле   80-261272762
На строке 6036   в файле   80-260999665
На строке 6037   в файле   80-260999421
На строке 6038   в файле   80-260999682
На строке 6039   в файле   80-260999876
На строке 6040   в файле   80-261000008
На строке 6041   в файле   80-261255565
На строке 6042   в файле   80-261255636
На строке 6043   в файле   80-244378710
На строке 6044   в файле   80-259483387
На строке 6045   в файле   80-259483386
На строке 6046   в файле   80-260990718
На строке 6047   в файле   80-261092840
На строке 6048   в файле   80-245085125
На строке 6049   в файле   80-245237637
На строке 6050   в файле   80-251217760
На строке 6051   в файле   80-252315411
На строке 6052   в файле   80-252315771
На строке 6053   в файле   80-252514263
На строке 6054   в файле   80-245359777
На строке 6055   в файле   80-252319244
На строке 6056   в файле   80-252321400
На строке 6057   в файле   80-259650197
На строке 6058   в файле   80-259665980
На строке 6059   в файле   80-259665576
На строке 6060   в файле   80-261260507
На строке 6061   в файле   80-259706430
На строке 6062   в файле   80-259721026
На строке 6063   в файле   80-261107036
На строке 6064   в файле   80-261109573
На строке 6065   в файле   80-259775400
На строке 6066   в файле   80-259789624
На строке 6067   в файле   80-261112214
На строке 6068   в файле   80-261112904
На строке 6069   в файле   80-245087556
На строке 6070   в файле   80-245114712
На строке 6071   в файле   80-252292549
На строке 6072   в файле   80-245167812
На строке 6073   в файле   80-252297419
На строке 6074   в файле   80-252511208
На строке 6075   в файле   80-252304175
На строке 6076   в файле   80-252307026
На строке 6077   в файле   80-245207923
На строке 6078   в файле   80-245224691
На строке 6079   в файле   80-245239241
На строке 6080   в файле   80-252513329
На строке 6081   в файле   80-245263278
На строке 6082   в файле   80-245264025
На строке 6083   в файле   80-251210405
На строке 6084   в файле   80-251210538
На строке 6085   в файле   80-245270704
На строке 6086   в файле   80-251212686
На строке 6087   в файле   80-251216029
На строке 6088   в файле   80-252314795
На строке 6089   в файле   80-251216078
На строке 6090   в файле   80-252314918
На строке 6091   в файле   80-251217717
На строке 6092   в файле   80-251218320
На строке 6093   в файле   80-251219754
На строке 6094   в файле   80-252315251
На строке 6095   в файле   80-245283482
На строке 6096   в файле   80-251222561
На строке 6097   в файле   80-251224035
На строке 6098   в файле   80-251224030
На строке 6099   в файле   80-252315605
На строке 6100   в файле   80-245291616
На строке 6101   в файле   80-245293574
На строке 6102   в файле   80-245297759
На строке 6103   в файле   80-245299150
На строке 6104   в файле   80-245301635
На строке 6105   в файле   80-251230724
На строке 6106   в файле   80-252630692
На строке 6107   в файле   80-252631510
На строке 6108   в файле   80-252631541
На строке 6109   в файле   80-252317028
На строке 6110   в файле   80-245306587
На строке 6111   в файле   80-252317296
На строке 6112   в файле   80-251237090
На строке 6113   в файле   80-252317465
На строке 6114   в файле   80-251241662
На строке 6115   в файле   80-251242391
На строке 6116   в файле   80-252318034
На строке 6117   в файле   80-251243054
На строке 6118   в файле   80-251243829
На строке 6119   в файле   80-252514464
На строке 6120   в файле   80-251245116
На строке 6121   в файле   80-252318459
На строке 6122   в файле   80-252318452
На строке 6123   в файле   80-251249935
На строке 6124   в файле   80-251251353
На строке 6125   в файле   80-245360136
На строке 6126   в файле   80-251252091
На строке 6127   в файле   80-251254269
На строке 6128   в файле   80-251254343
На строке 6129   в файле   80-251255877
На строке 6130   в файле   80-251257639
На строке 6131   в файле   80-251257697
На строке 6132   в файле   80-251259207
На строке 6133   в файле   80-252319195
На строке 6134   в файле   80-251263331
На строке 6135   в файле   80-252514670
На строке 6136   в файле   80-251266269
На строке 6137   в файле   80-252320183
На строке 6138   в файле   80-252320388
На строке 6139   в файле   80-251273373
На строке 6140   в файле   80-251273770
На строке 6141   в файле   80-252320777
На строке 6142   в файле   80-252320975
На строке 6143   в файле   80-251277110
На строке 6144   в файле   80-252321790
На строке 6145   в файле   80-252321989
На строке 6146   в файле   80-252322354
На строке 6147   в файле   80-245395583
На строке 6148   в файле   80-252322353
На строке 6149   в файле   80-245396867
На строке 6150   в файле   80-251284219
На строке 6151   в файле   80-251285534
На строке 6152   в файле   80-251285502
На строке 6153   в файле   80-245398123
На строке 6154   в файле   80-261093647
На строке 6155   в файле   80-261095176
На строке 6156   в файле   80-261094507
На строке 6157   в файле   80-261094687
На строке 6158   в файле   80-261095145
На строке 6159   в файле   80-261096039
На строке 6160   в файле   80-261096090
На строке 6161   в файле   80-261097030
На строке 6162   в файле   80-261097259
На строке 6163   в файле   80-261097500
На строке 6164   в файле   80-261260105
На строке 6165   в файле   80-261099253
На строке 6166   в файле   80-261098425
На строке 6167   в файле   80-261260157
На строке 6168   в файле   80-259668850
На строке 6169   в файле   80-261260174
На строке 6170   в файле   80-261099509
На строке 6171   в файле   80-261099814
На строке 6172   в файле   80-261100430
На строке 6173   в файле   80-261101235
На строке 6174   в файле   80-261102080
На строке 6175   в файле   80-259688191
На строке 6176   в файле   80-261102133
На строке 6177   в файле   80-261101348
На строке 6178   в файле   80-261102425
На строке 6179   в файле   80-261103148
На строке 6180   в файле   80-261103196
На строке 6181   в файле   80-259704330
На строке 6182   в файле   80-259704990
На строке 6183   в файле   80-261103070
На строке 6184   в файле   80-259705576
На строке 6185   в файле   80-261103405
На строке 6186   в файле   80-261104012
На строке 6187   в файле   80-261260422
На строке 6188   в файле   80-261104307
На строке 6189   в файле   80-261260387
На строке 6190   в файле   80-261104665
На строке 6191   в файле   80-261105115
На строке 6192   в файле   80-261105715
На строке 6193   в файле   80-261105523
На строке 6194   в файле   80-261106118
На строке 6195   в файле   80-259722591
На строке 6196   в файле   80-259721787
На строке 6197   в файле   80-259722881
На строке 6198   в файле   80-259723173
На строке 6199   в файле   80-259723229
На строке 6200   в файле   80-259724178
На строке 6201   в файле   80-261106554
На строке 6202   в файле   80-259724252
На строке 6203   в файле   80-261106512
На строке 6204   в файле   80-261106895
На строке 6205   в файле   80-261260662
На строке 6206   в файле   80-261107460
На строке 6207   в файле   80-261107562
На строке 6208   в файле   80-261107800
На строке 6209   в файле   80-259734682
На строке 6210   в файле   80-261107841
На строке 6211   в файле   80-261109028
На строке 6212   в файле   80-261260609
На строке 6213   в файле   80-261260837
На строке 6214   в файле   80-261260722
На строке 6215   в файле   80-261109642
На строке 6216   в файле   80-261109785
На строке 6217   в файле   80-261109900
На строке 6218   в файле   80-259771115
На строке 6219   в файле   80-259771858
На строке 6220   в файле   80-259771778
На строке 6221   в файле   80-261110232
На строке 6222   в файле   80-261110145
На строке 6223   в файле   80-261110524
На строке 6224   в файле   80-259775397
На строке 6225   в файле   80-259776575
На строке 6226   в файле   80-261110940
На строке 6227   в файле   80-261111420
На строке 6228   в файле   80-261260867
На строке 6229   в файле   80-261273507
На строке 6230   в файле   80-261111470
На строке 6231   в файле   80-259788719
На строке 6232   в файле   80-259789264
На строке 6233   в файле   80-259789247
На строке 6234   в файле   80-261112108
На строке 6235   в файле   80-261260966
На строке 6236   в файле   80-261112907
На строке 6237   в файле   80-261113062
На строке 6238   в файле   80-261113257
На строке 6239   в файле   80-259799783
На строке 6240   в файле   80-259800087
На строке 6241   в файле   80-259800003
На строке 6242   в файле   80-259800018
На строке 6243   в файле   80-261113165
На строке 6244   в файле   80-259800239
На строке 6245   в файле   80-259800794
На строке 6246   в файле   80-261260924
На строке 6247   в файле   80-259800259
На строке 6248   в файле   80-259800779
На строке 6249   в файле   80-259800780
На строке 6250   в файле   80-261113755
На строке 6251   в файле   80-261113810
На строке 6252   в файле   80-261113531
На строке 6253   в файле   80-261113873
На строке 6254   в файле   80-245088952
На строке 6255   в файле   80-252286656
На строке 6256   в файле   80-245094518
На строке 6257   в файле   80-252287495
На строке 6258   в файле   80-252287908
На строке 6259   в файле   80-252288442
На строке 6260   в файле   80-245109516
На строке 6261   в файле   80-245111025
На строке 6262   в файле   80-245112533
На строке 6263   в файле   80-252509940
На строке 6264   в файле   80-245115004
На строке 6265   в файле   80-245115554
На строке 6266   в файле   80-245116272
На строке 6267   в файле   80-245118951
На строке 6268   в файле   80-245118191
На строке 6269   в файле   80-252290598
На строке 6270   в файле   80-252510159
На строке 6271   в файле   80-252510301
На строке 6272   в файле   80-252292157
На строке 6273   в файле   80-252292536
На строке 6274   в файле   80-245139739
На строке 6275   в файле   80-252292983
На строке 6276   в файле   80-252293215
На строке 6277   в файле   80-252510456
На строке 6278   в файле   80-252293835
На строке 6279   в файле   80-252294319
На строке 6280   в файле   80-245155477
На строке 6281   в файле   80-245157619
На строке 6282   в файле   80-245158885
На строке 6283   в файле   80-252295201
На строке 6284   в файле   80-245168120
На строке 6285   в файле   80-245168435
На строке 6286   в файле   80-252295660
На строке 6287   в файле   80-245169483
На строке 6288   в файле   80-252296296
На строке 6289   в файле   80-252510461
На строке 6290   в файле   80-252296565
На строке 6291   в файле   80-252297002
На строке 6292   в файле   80-252297209
На строке 6293   в файле   80-252297218
На строке 6294   в файле   80-245183880
На строке 6295   в файле   80-252298120
На строке 6296   в файле   80-252297962
На строке 6297   в файле   80-252298151
На строке 6298   в файле   80-252298592
На строке 6299   в файле   80-252298749
На строке 6300   в файле   80-252510820
На строке 6301   в файле   80-252511149
На строке 6302   в файле   80-252300289
На строке 6303   в файле   80-245186228
На строке 6304   в файле   80-252301254
На строке 6305   в файле   80-252301976
На строке 6306   в файле   80-252302522
На строке 6307   в файле   80-252302914
На строке 6308   в файле   80-245189260
На строке 6309   в файле   80-245190024
На строке 6310   в файле   80-245190446
На строке 6311   в файле   80-252304021
На строке 6312   в файле   80-252303635
На строке 6313   в файле   80-245191737
На строке 6314   в файле   80-252511534
На строке 6315   в файле   80-245192898
На строке 6316   в файле   80-252511583
На строке 6317   в файле   80-252305301
На строке 6318   в файле   80-245195042
На строке 6319   в файле   80-252305320
На строке 6320   в файле   80-245196997
На строке 6321   в файле   80-245197179
На строке 6322   в файле   80-252306101
На строке 6323   в файле   80-245201348
На строке 6324   в файле   80-245202165
На строке 6325   в файле   80-245202113
На строке 6326   в файле   80-245202510
На строке 6327   в файле   80-245202857
На строке 6328   в файле   80-245203255
На строке 6329   в файле   80-245203862
На строке 6330   в файле   80-245204069
На строке 6331   в файле   80-252307970
На строке 6332   в файле   80-245207510
На строке 6333   в файле   80-245207513
На строке 6334   в файле   80-252597631
На строке 6335   в файле   80-252308961
На строке 6336   в файле   80-252597813
На строке 6337   в файле   80-245210942
На строке 6338   в файле   80-252309321
На строке 6339   в файле   80-252309340
На строке 6340   в файле   80-252309683
На строке 6341   в файле   80-245220303
На строке 6342   в файле   80-245223202
На строке 6343   в файле   80-245224539
На строке 6344   в файле   80-252310905
На строке 6345   в файле   80-252311237
На строке 6346   в файле   80-245226976
На строке 6347   в файле   80-252311292
На строке 6348   в файле   80-252311609
На строке 6349   в файле   80-252311885
На строке 6350   в файле   80-245232728
На строке 6351   в файле   80-252512944
На строке 6352   в файле   80-245237167
На строке 6353   в файле   80-252513119
На строке 6354   в файле   80-252513359
На строке 6355   в файле   80-252312938
На строке 6356   в файле   80-252313246
На строке 6357   в файле   80-245246413
На строке 6358   в файле   80-252313443
На строке 6359   в файле   80-245249214
На строке 6360   в файле   80-245249820
На строке 6361   в файле   80-245249815
На строке 6362   в файле   80-245250397
На строке 6363   в файле   80-251204602
На строке 6364   в файле   80-251203880
На строке 6365   в файле   80-251207072
На строке 6366   в файле   80-251207967
На строке 6367   в файле   80-245054124
На строке 6368   в файле   80-261090516
На строке 6369   в файле   80-245054913
На строке 6370   в файле   80-261090163
На строке 6371   в файле   80-245057417
На строке 6372   в файле   80-261259752
На строке 6373   в файле   80-245070268
На строке 6374   в файле   80-261090752
На строке 6375   в файле   80-245075342
На строке 6376   в файле   80-261091692
На строке 6377   в файле   80-245078563
На строке 6378   в файле   80-261091777
На строке 6379   в файле   80-249970489
На строке 6380   в файле   80-261259735
На строке 6381   в файле   80-249971584
На строке 6382   в файле   80-261259723
На строке 6383   в файле   80-249977618
На строке 6384   в файле   80-261091872
На строке 6385   в файле   80-252509023
На строке 6386   в файле   80-261092213
На строке 6387   в файле   80-252509056
На строке 6388   в файле   80-261091756
На строке 6389   в файле   80-261089170
На строке 6390   в файле   80-261259910
На строке 6391   в файле   80-261093195
На строке 6392   в файле   80-261092740
На строке 6393   в файле   80-259648604
На строке 6394   в файле   80-259648867
На строке 6395   в файле   80-259648861
На строке 6396   в файле   80-259648875
На строке 6397   в файле   80-259649326
На строке 6398   в файле   80-259649333
На строке 6399   в файле   80-259649783
На строке 6400   в файле   80-259649792
На строке 6401   в файле   80-261093107
На строке 6402   в файле   80-259649988
На строке 6403   в файле   80-245296434
На строке 6404   в файле   80-245297110
На строке 6405   в файле   80-259495144
На строке 6406   в файле   80-252508658
На строке 6407   в файле   80-244405109
На строке 6408   в файле   80-245006871
На строке 6409   в файле   80-245007164
На строке 6410   в файле   80-244405371
На строке 6411   в файле   80-244405768
На строке 6412   в файле   80-244405777
На строке 6413   в файле   80-244406067
На строке 6414   в файле   80-245007537
На строке 6415   в файле   80-260993464
На строке 6416   в файле   80-260993834
На строке 6417   в файле   80-260993818
На строке 6418   в файле   80-260994202
На строке 6419   в файле   80-252278068
На строке 6420   в файле   80-259495178
На строке 6421   в файле   80-259494947
На строке 6422   в файле   80-260987736
На строке 6423   в файле   80-244389864
На строке 6424   в файле   80-244390239
На строке 6425   в файле   80-244390240
На строке 6426   в файле   80-244390468
На строке 6427   в файле   80-244390829
На строке 6428   в файле   80-245002707
На строке 6429   в файле   80-244391889
На строке 6430   в файле   80-252277397
На строке 6431   в файле   80-244392779
На строке 6432   в файле   80-244393663
На строке 6433   в файле   80-244394160
На строке 6434   в файле   80-260988097
На строке 6435   в файле   80-260988409
На строке 6436   в файле   80-260988337
На строке 6437   в файле   80-249944602
На строке 6438   в файле   80-260987533
На строке 6439   в файле   80-260987248
На строке 6440   в файле   80-260987862
На строке 6441   в файле   80-261255246
На строке 6442   в файле   80-249944796
На строке 6443   в файле   80-244392348
На строке 6444   в файле   80-252277403
На строке 6445   в файле   80-252277463
На строке 6446   в файле   80-244393214
На строке 6447   в файле   80-244393828
На строке 6448   в файле   80-244394302
На строке 6449   в файле   80-244394783
На строке 6450   в файле   80-252278042
На строке 6451   в файле   80-244396167
На строке 6452   в файле   80-244395507
На строке 6453   в файле   80-249945331
На строке 6454   в файле   80-249945449
На строке 6455   в файле   80-244396861
На строке 6456   в файле   80-259482045
На строке 6457   в файле   80-260989748
На строке 6458   в файле   80-260990069
На строке 6459   в файле   80-260990054
На строке 6460   в файле   80-249944804
На строке 6461   в файле   80-260988998
На строке 6462   в файле   80-260988361
На строке 6463   в файле   80-261255405
На строке 6464   в файле   80-260990992
На строке 6465   в файле   80-249946381
На строке 6466   в файле   80-245005836
На строке 6467   в файле   80-249946183
На строке 6468   в файле   80-244403145
На строке 6469   в файле   80-244403583
На строке 6470   в файле   80-246716249
На строке 6471   в файле   80-249946263
На строке 6472   в файле   80-244403708
На строке 6473   в файле   80-244401941
На строке 6474   в файле   80-260990628
На строке 6475   в файле   80-260990612
На строке 6476   в файле   80-260992194
На строке 6477   в файле   80-244403257
На строке 6478   в файле   80-245006100
На строке 6479   в файле   80-244403532
На строке 6480   в файле   80-244403862
На строке 6481   в файле   80-252508572
На строке 6482   в файле   80-252508328
На строке 6483   в файле   80-252354633
На строке 6484   в файле   80-244404797
На строке 6485   в файле   80-259492234
На строке 6486   в файле   80-260992505
На строке 6487   в файле   80-259492644
На строке 6488   в файле   80-259492464
На строке 6489   в файле   80-260992467
На строке 6490   в файле   80-260992582
На строке 6491   в файле   80-260992850
На строке 6492   в файле   80-249946356
На строке 6493   в файле   80-260991815
На строке 6494   в файле   80-260991594
На строке 6495   в файле   80-261061950
На строке 6496   в файле   80-244447396
На строке 6497   в файле   80-244447476
На строке 6498   в файле   80-244486700
На строке 6499   в файле   80-244495403
На строке 6500   в файле   80-244503432
На строке 6501   в файле   80-244504163
На строке 6502   в файле   80-244511165
На строке 6503   в файле   80-244519678
На строке 6504   в файле   80-244528363
На строке 6505   в файле   80-244537199
На строке 6506   в файле   80-261258872
На строке 6507   в файле   80-261063164
На строке 6508   в файле   80-261068042
На строке 6509   в файле   80-261072720
На строке 6510   в файле   80-259592284
На строке 6511   в файле   80-259595112
На строке 6512   в файле   80-261076536
На строке 6513   в файле   80-259620426
На строке 6514   в файле   80-261259383
На строке 6515   в файле   80-261086038
На строке 6516   в файле   80-244449236
На строке 6517   в файле   80-244461351
На строке 6518   в файле   80-244472655
На строке 6519   в файле   80-244480359
На строке 6520   в файле   80-244481036
На строке 6521   в файле   80-249951039
На строке 6522   в файле   80-249950862
На строке 6523   в файле   80-249951056
На строке 6524   в файле   80-249951491
На строке 6525   в файле   80-244481785
На строке 6526   в файле   80-244481790
На строке 6527   в файле   80-244483291
На строке 6528   в файле   80-249951406
На строке 6529   в файле   80-249951274
На строке 6530   в файле   80-244486796
На строке 6531   в файле   80-244487418
На строке 6532   в файле   80-244488424
На строке 6533   в файле   80-244489174
На строке 6534   в файле   80-244491518
На строке 6535   в файле   80-244489890
На строке 6536   в файле   80-244490779
На строке 6537   в файле   80-244492919
На строке 6538   в файле   80-244491541
На строке 6539   в файле   80-244493588
На строке 6540   в файле   80-244494314
На строке 6541   в файле   80-244495944
На строке 6542   в файле   80-249951631
На строке 6543   в файле   80-249951859
На строке 6544   в файле   80-244497436
На строке 6545   в файле   80-244498026
На строке 6546   в файле   80-244497968
На строке 6547   в файле   80-245016869
На строке 6548   в файле   80-244498729
На строке 6549   в файле   80-244500700
На строке 6550   в файле   80-244500812
На строке 6551   в файле   80-244502072
На строке 6552   в файле   80-249951706
На строке 6553   в файле   80-244502756
На строке 6554   в файле   80-244505681
На строке 6555   в файле   80-244506351
На строке 6556   в файле   80-244507812
На строке 6557   в файле   80-244506345
На строке 6558   в файле   80-244507056
На строке 6559   в файле   80-244509173
На строке 6560   в файле   80-244507715
На строке 6561   в файле   80-244508553
На строке 6562   в файле   80-244509264
На строке 6563   в файле   80-244510650
На строке 6564   в файле   80-244510509
На строке 6565   в файле   80-249952970
На строке 6566   в файле   80-244511766
На строке 6567   в файле   80-249953195
На строке 6568   в файле   80-249953271
На строке 6569   в файле   80-244515444
На строке 6570   в файле   80-244516186
На строке 6571   в файле   80-244517612
На строке 6572   в файле   80-244516167
На строке 6573   в файле   80-244517473
На строке 6574   в файле   80-244516814
На строке 6575   в файле   80-244518323
На строке 6576   в файле   80-244518837
На строке 6577   в файле   80-244518963
На строке 6578   в файле   80-244520520
На строке 6579   в файле   80-244520383
На строке 6580   в файле   80-249953476
На строке 6581   в файле   80-249953210
На строке 6582   в файле   80-244523752
На строке 6583   в файле   80-244524560
На строке 6584   в файле   80-244524611
На строке 6585   в файле   80-244525299
На строке 6586   в файле   80-244526055
На строке 6587   в файле   80-244526122
На строке 6588   в файле   80-244526786
На строке 6589   в файле   80-244527563
На строке 6590   в файле   80-244527416
На строке 6591   в файле   80-244528902
На строке 6592   в файле   80-244528946
На строке 6593   в файле   80-244530434
На строке 6594   в файле   80-244530503
На строке 6595   в файле   80-244529810
На строке 6596   в файле   80-249953253
На строке 6597   в файле   80-244531514
На строке 6598   в файле   80-245017460
На строке 6599   в файле   80-244534959
На строке 6600   в файле   80-244535809
На строке 6601   в файле   80-244536426
На строке 6602   в файле   80-244535700
На строке 6603   в файле   80-244537252
На строке 6604   в файле   80-244538069
На строке 6605   в файле   80-244538658
На строке 6606   в файле   80-244538713
На строке 6607   в файле   80-249953743
На строке 6608   в файле   80-249953740
На строке 6609   в файле   80-244540026
На строке 6610   в файле   80-244540105
На строке 6611   в файле   80-244539301
На строке 6612   в файле   80-244540475
На строке 6613   в файле   80-244541380
На строке 6614   в файле   80-244541662
На строке 6615   в файле   80-244542545
На строке 6616   в файле   80-244542712
На строке 6617   в файле   80-249953804
На строке 6618   в файле   80-249953780
На строке 6619   в файле   80-261062009
На строке 6620   в файле   80-261062477
На строке 6621   в файле   80-261063158
На строке 6622   в файле   80-259545561
На строке 6623   в файле   80-259545693
На строке 6624   в файле   80-259547302
На строке 6625   в файле   80-259547313
На строке 6626   в файле   80-259547292
На строке 6627   в файле   80-259547321
На строке 6628   в файле   80-259548228
На строке 6629   в файле   80-259548671
На строке 6630   в файле   80-261064372
На строке 6631   в файле   80-259548665
На строке 6632   в файле   80-261063850
На строке 6633   в файле   80-261064438
На строке 6634   в файле   80-261064995
На строке 6635   в файле   80-261066997
На строке 6636   в файле   80-261259044
На строке 6637   в файле   80-261066603
На строке 6638   в файле   80-261066769
На строке 6639   в файле   80-261259070
На строке 6640   в файле   80-259572806
На строке 6641   в файле   80-261069717
На строке 6642   в файле   80-261069277
На строке 6643   в файле   80-261069957
На строке 6644   в файле   80-259575767
На строке 6645   в файле   80-261070732
На строке 6646   в файле   80-261071397
На строке 6647   в файле   80-261259150
На строке 6648   в файле   80-261071933
На строке 6649   в файле   80-261072703
На строке 6650   в файле   80-261073355
На строке 6651   в файле   80-261073297
На строке 6652   в файле   80-261072726
На строке 6653   в файле   80-259591373
На строке 6654   в файле   80-259591875
На строке 6655   в файле   80-259591893
На строке 6656   в файле   80-259591895
На строке 6657   в файле   80-259591966
На строке 6658   в файле   80-259592267
На строке 6659   в файле   80-261073270
На строке 6660   в файле   80-261073886
На строке 6661   в файле   80-261074019
На строке 6662   в файле   80-261074451
На строке 6663   в файле   80-261074469
На строке 6664   в файле   80-261073994
На строке 6665   в файле   80-259594683
На строке 6666   в файле   80-259595136
На строке 6667   в файле   80-261074570
На строке 6668   в файле   80-259595148
На строке 6669   в файле   80-259595533
На строке 6670   в файле   80-259595969
На строке 6671   в файле   80-261075046
На строке 6672   в файле   80-259596085
На строке 6673   в файле   80-259596326
На строке 6674   в файле   80-261075292
На строке 6675   в файле   80-261075712
На строке 6676   в файле   80-261075732
На строке 6677   в файле   80-259599006
На строке 6678   в файле   80-259599359
На строке 6679   в файле   80-259599367
На строке 6680   в файле   80-261259249
На строке 6681   в файле   80-259600217
На строке 6682   в файле   80-261077666
На строке 6683   в файле   80-261078572
На строке 6684   в файле   80-261079084
На строке 6685   в файле   80-261080069
На строке 6686   в файле   80-261080418
На строке 6687   в файле   80-261080565
На строке 6688   в файле   80-261081377
На строке 6689   в файле   80-261081705
На строке 6690   в файле   80-259620346
На строке 6691   в файле   80-259620681
На строке 6692   в файле   80-259620984
На строке 6693   в файле   80-261081865
На строке 6694   в файле   80-259623417
На строке 6695   в файле   80-261259264
На строке 6696   в файле   80-261259265
На строке 6697   в файле   80-261259291
На строке 6698   в файле   80-261083780
На строке 6699   в файле   80-261259472
На строке 6700   в файле   80-261083980
На строке 6701   в файле   80-259627012
На строке 6702   в файле   80-259627273
На строке 6703   в файле   80-261259506
На строке 6704   в файле   80-261085273
На строке 6705   в файле   80-261085129
На строке 6706   в файле   80-261259579
На строке 6707   в файле   80-261086623
На строке 6708   в файле   80-261086658
На строке 6709   в файле   80-261086884
На строке 6710   в файле   80-259635260
На строке 6711   в файле   80-261086830
На строке 6712   в файле   80-259635521
На строке 6713   в файле   80-259635779
На строке 6714   в файле   80-259636267
На строке 6715   в файле   80-259636264
На строке 6716   в файле   80-259636244
На строке 6717   в файле   80-261087264
На строке 6718   в файле   80-244449810
На строке 6719   в файле   80-244449818
На строке 6720   в файле   80-244450976
На строке 6721   в файле   80-244452309
На строке 6722   в файле   80-244452372
На строке 6723   в файле   80-244454165
На строке 6724   в файле   80-244453809
На строке 6725   в файле   80-245013474
На строке 6726   в файле   80-244457681
На строке 6727   в файле   80-244457751
На строке 6728   в файле   80-245013981
На строке 6729   в файле   80-244462024
На строке 6730   в файле   80-244463565
На строке 6731   в файле   80-244463465
На строке 6732   в файле   80-249950491
На строке 6733   в файле   80-249950640
На строке 6734   в файле   80-244465162
На строке 6735   в файле   80-244465654
На строке 6736   в файле   80-244467110
На строке 6737   в файле   80-244470062
На строке 6738   в файле   80-244470817
На строке 6739   в файле   80-249950644
На строке 6740   в файле   80-249950641
На строке 6741   в файле   80-244471008
На строке 6742   в файле   80-244473543
На строке 6743   в файле   80-245014472
На строке 6744   в файле   80-245014718
На строке 6745   в файле   80-244477872
На строке 6746   в файле   80-244478740
На строке 6747   в файле   80-244478666
На строке 6748   в файле   80-244479380
На строке 6749   в файле   80-215220541
На строке 6750   в файле   80-244419241
На строке 6751   в файле   80-215222753
На строке 6752   в файле   80-244428297
На строке 6753   в файле   80-261040204
На строке 6754   в файле   80-215218908
На строке 6755   в файле   80-261010990
На строке 6756   в файле   80-215220438
На строке 6757   в файле   80-244421081
На строке 6758   в файле   80-261028399
На строке 6759   в файле   80-215220456
На строке 6760   в файле   80-244419083
На строке 6761   в файле   80-215254534
На строке 6762   в файле   80-244414932
На строке 6763   в файле   80-261256827
На строке 6764   в файле   80-215221267
На строке 6765   в файле   80-249949121
На строке 6766   в файле   80-215258148
На строке 6767   в файле   80-249949598
На строке 6768   в файле   80-249949930
На строке 6769   в файле   80-261056434
На строке 6770   в файле   80-215258795
На строке 6771   в файле   80-244428055
На строке 6772   в файле   80-261041499
На строке 6773   в файле   80-215258819
На строке 6774   в файле   80-244434804
На строке 6775   в файле   80-244435366
На строке 6776   в файле   80-261050178
На строке 6777   в файле   80-215267016
На строке 6778   в файле   80-244426249
На строке 6779   в файле   80-261037859
На строке 6780   в файле   80-215267836
На строке 6781   в файле   80-244431390
На строке 6782   в файле   80-261046663
На строке 6783   в файле   80-215274629
На строке 6784   в файле   80-244429457
На строке 6785   в файле   80-261043531
На строке 6786   в файле   80-215219911
На строке 6787   в файле   80-244448680
На строке 6788   в файле   80-261061591
На строке 6789   в файле   80-215220739
На строке 6790   в файле   80-244411157
На строке 6791   в файле   80-261011463
На строке 6792   в файле   80-215254650
На строке 6793   в файле   80-249949259
На строке 6794   в файле   80-249949271
На строке 6795   в файле   80-261030119
На строке 6796   в файле   80-215221985
На строке 6797   в файле   80-244439240
На строке 6798   в файле   80-261057414
На строке 6799   в файле   80-215222049
На строке 6800   в файле   80-244439604
На строке 6801   в файле   80-261057530
На строке 6802   в файле   80-215258776
На строке 6803   в файле   80-244428525
На строке 6804   в файле   80-261042039
На строке 6805   в файле   80-215275392
На строке 6806   в файле   80-245012134
На строке 6807   в файле   80-245012143
На строке 6808   в файле   80-261033406
На строке 6809   в файле   80-215254314
На строке 6810   в файле   80-245013068
На строке 6811   в файле   80-245013084
На строке 6812   в файле   80-261258754
На строке 6813   в файле   80-215254655
На строке 6814   в файле   80-244423613
На строке 6815   в файле   80-261031460
На строке 6816   в файле   80-215221961
На строке 6817   в файле   80-244413797
На строке 6818   в файле   80-244413782
На строке 6819   в файле   80-261256379
На строке 6820   в файле   80-215341748
На строке 6821   в файле   80-244440779
На строке 6822   в файле   80-244441207
На строке 6823   в файле   80-261258661
На строке 6824   в файле   80-215219799
На строке 6825   в файле   80-244412328
На строке 6826   в файле   80-261014589
На строке 6827   в файле   80-244411417
На строке 6828   в файле   80-261012581
На строке 6829   в файле   80-244411707
На строке 6830   в файле   80-244411865
На строке 6831   в файле   80-261014456
На строке 6832   в файле   80-244412045
На строке 6833   в файле   80-244412027
На строке 6834   в файле   80-261255931
На строке 6835   в файле   80-244412735
На строке 6836   в файле   80-244412896
На строке 6837   в файле   80-261016419
На строке 6838   в файле   80-244414976
На строке 6839   в файле   80-261020353
На строке 6840   в файле   80-244415414
На строке 6841   в файле   80-244415399
На строке 6842   в файле   80-261256819
На строке 6843   в файле   80-244415859
На строке 6844   в файле   80-261021666
На строке 6845   в файле   80-244416376
На строке 6846   в файле   80-261022330
На строке 6847   в файле   80-244417744
На строке 6848   в файле   80-244417752
На строке 6849   в файле   80-261257395
На строке 6850   в файле   80-244419608
На строке 6851   в файле   80-261027845
На строке 6852   в файле   80-244422362
На строке 6853   в файле   80-261029747
На строке 6854   в файле   80-244423372
На строке 6855   в файле   80-261257809
На строке 6856   в файле   80-244423888
На строке 6857   в файле   80-261258006
На строке 6858   в файле   80-244423935
На строке 6859   в файле   80-261257860
На строке 6860   в файле   80-244424640
На строке 6861   в файле   80-261032458
На строке 6862   в файле   80-244424804
На строке 6863   в файле   80-261031507
На строке 6864   в файле   80-244424840
На строке 6865   в файле   80-244424485
На строке 6866   в файле   80-261031473
На строке 6867   в файле   80-244424959
На строке 6868   в файле   80-261032943
На строке 6869   в файле   80-244425186
На строке 6870   в файле   80-244425168
На строке 6871   в файле   80-261032772
На строке 6872   в файле   80-244426807
На строке 6873   в файле   80-261037674
На строке 6874   в файле   80-244426981
На строке 6875   в файле   80-261039272
На строке 6876   в файле   80-261258300
На строке 6877   в файле   80-244427606
На строке 6878   в файле   80-244427820
На строке 6879   в файле   80-261258305
На строке 6880   в файле   80-244428025
На строке 6881   в файле   80-261258464
На строке 6882   в файле   80-244430465
На строке 6883   в файле   80-244430695
На строке 6884   в файле   80-261045298
На строке 6885   в файле   80-244430864
На строке 6886   в файле   80-244431099
На строке 6887   в файле   80-261046291
На строке 6888   в файле   80-244432178
На строке 6889   в файле   80-261046748
На строке 6890   в файле   80-244433115
На строке 6891   в файле   80-244433041
На строке 6892   в файле   80-261048534
На строке 6893   в файле   80-244433346
На строке 6894   в файле   80-261258486
На строке 6895   в файле   80-244433580
На строке 6896   в файле   80-261258471
На строке 6897   в файле   80-244435421
На строке 6898   в файле   80-261050512
На строке 6899   в файле   80-244437673
На строке 6900   в файле   80-261054901
На строке 6901   в файле   80-244438399
На строке 6902   в файле   80-261055093
На строке 6903   в файле   80-244438412
На строке 6904   в файле   80-261054605
На строке 6905   в файле   80-244439155
На строке 6906   в файле   80-261058012
На строке 6907   в файле   80-244441757
На строке 6908   в файле   80-244442065
На строке 6909   в файле   80-261059414
На строке 6910   в файле   80-244412150
На строке 6911   в файле   80-261256189
На строке 6912   в файле   80-244412321
На строке 6913   в файле   80-261014997
На строке 6914   в файле   80-244412619
На строке 6915   в файле   80-244412612
На строке 6916   в файле   80-261255987
На строке 6917   в файле   80-244413077
На строке 6918   в файле   80-244413203
На строке 6919   в файле   80-261016595
На строке 6920   в файле   80-244413489
На строке 6921   в файле   80-261256335
На строке 6922   в файле   80-244413672
На строке 6923   в файле   80-261256553
На строке 6924   в файле   80-244414494
На строке 6925   в файле   80-261019718
На строке 6926   в файле   80-244414651
На строке 6927   в файле   80-244414637
На строке 6928   в файле   80-261256575
На строке 6929   в файле   80-244414784
На строке 6930   в файле   80-261021169
На строке 6931   в файле   80-244415720
На строке 6932   в файле   80-244415733
На строке 6933   в файле   80-261256781
На строке 6934   в файле   80-244416002
На строке 6935   в файле   80-261021613
На строке 6936   в файле   80-244416572
На строке 6937   в файле   80-244416925
На строке 6938   в файле   80-261257012
На строке 6939   в файле   80-244416949
На строке 6940   в файле   80-261276380
На строке 6941   в файле   80-244417258
На строке 6942   в файле   80-261257220
На строке 6943   в файле   80-244417279
На строке 6944   в файле   80-261022824
На строке 6945   в файле   80-244417393
На строке 6946   в файле   80-244417586
На строке 6947   в файле   80-261257211
На строке 6948   в файле   80-244418068
На строке 6949   в файле   80-261257254
На строке 6950   в файле   80-244418394
На строке 6951   в файле   80-261023717
На строке 6952   в файле   80-244418397
На строке 6953   в файле   80-261257249
На строке 6954   в файле   80-244418568
На строке 6955   в файле   80-261257417
На строке 6956   в файле   80-244418739
На строке 6957   в файле   80-261257646
На строке 6958   в файле   80-244418897
На строке 6959   в файле   80-261257435
На строке 6960   в файле   80-244419451
На строке 6961   в файле   80-261027182
На строке 6962   в файле   80-244419961
На строке 6963   в файле   80-261257872
На строке 6964   в файле   80-244420239
На строке 6965   в файле   80-261257595
На строке 6966   в файле   80-244420525
На строке 6967   в файле   80-261257794
На строке 6968   в файле   80-244420840
На строке 6969   в файле   80-261027762
На строке 6970   в файле   80-244421717
На строке 6971   в файле   80-261257605
На строке 6972   в файле   80-245012145
На строке 6973   в файле   80-244422397
На строке 6974   в файле   80-261028326
На строке 6975   в файле   80-244423074
На строке 6976   в файле   80-261257817
На строке 6977   в файле   80-244424239
На строке 6978   в файле   80-261257839
На строке 6979   в файле   80-244424450
На строке 6980   в файле   80-261258074
На строке 6981   в файле   80-244425334
На строке 6982   в файле   80-261258055
На строке 6983   в файле   80-244425501
На строке 6984   в файле   80-244425520
На строке 6985   в файле   80-244425669
На строке 6986   в файле   80-244425870
На строке 6987   в файле   80-261035908
На строке 6988   в файле   80-244426060
На строке 6989   в файле   80-261037026
На строке 6990   в файле   80-244426259
На строке 6991   в файле   80-261258299
На строке 6992   в файле   80-244426672
На строке 6993   в файле   80-261036008
На строке 6994   в файле   80-244426636
На строке 6995   в файле   80-261037678
На строке 6996   в файле   80-244427043
На строке 6997   в файле   80-261037665
На строке 6998   в файле   80-244427161
На строке 6999   в файле   80-261038665
На строке 7000   в файле   80-244427619
На строке 7001   в файле   80-261258394
На строке 7002   в файле   80-244428520
На строке 7003   в файле   80-261040747
На строке 7004   в файле   80-244428761
На строке 7005   в файле   80-261042178
На строке 7006   в файле   80-244428990
На строке 7007   в файле   80-261042153
На строке 7008   в файле   80-244429003
На строке 7009   в файле   80-261258475
На строке 7010   в файле   80-244429209
На строке 7011   в файле   80-261042820
На строке 7012   в файле   80-244429479
На строке 7013   в файле   80-244429956
На строке 7014   в файле   80-261043567
На строке 7015   в файле   80-244429684
На строке 7016   в файле   80-261044742
На строке 7017   в файле   80-244429936
На строке 7018   в файле   80-261045232
На строке 7019   в файле   80-244430150
На строке 7020   в файле   80-261044206
На строке 7021   в файле   80-244431809
На строке 7022   в файле   80-261047078
На строке 7023   в файле   80-244431825
На строке 7024   в файле   80-261048617
На строке 7025   в файле   80-244432864
На строке 7026   в файле   80-244432499
На строке 7027   в файле   80-261048609
На строке 7028   в файле   80-244432527
На строке 7029   в файле   80-261047647
На строке 7030   в файле   80-244434099
На строке 7031   в файле   80-261049217
На строке 7032   в файле   80-244434139
На строке 7033   в файле   80-244434124
На строке 7034   в файле   80-261258546
На строке 7035   в файле   80-244434825
На строке 7036   в файле   80-261050174
На строке 7037   в файле   80-244436090
На строке 7038   в файле   80-244436282
На строке 7039   в файле   80-261051902
На строке 7040   в файле   80-244436686
На строке 7041   в файле   80-261051512
На строке 7042   в файле   80-244436969
На строке 7043   в файле   80-261052248
На строке 7044   в файле   80-244440324
На строке 7045   в файле   80-261258660
На строке 7046   в файле   80-244440853
На строке 7047   в файле   80-261258716
На строке 7048   в файле   80-244442635
На строке 7049   в файле   80-259541467
На строке 7050   в файле   80-244442938
На строке 7051   в файле   80-244443594
На строке 7052   в файле   80-259542424
На строке 7053   в файле   80-244444513
На строке 7054   в файле   80-244444427
На строке 7055   в файле   80-261060447
На строке 7056   в файле   80-244448547
На строке 7057   в файле   80-261258881
На строке 7058   в файле   80-244411554
На строке 7059   в файле   80-261013337
На строке 7060   в файле   80-244421804
На строке 7061   в файле   80-261028387
На строке 7062   в файле   80-244425861
На строке 7063   в файле   80-244427412
На строке 7064   в файле   80-261039189
На строке 7065   в файле   80-244435988
На строке 7066   в файле   80-261050817
На строке 7067   в файле   80-244437345
На строке 7068   в файле   80-261258643
На строке 7069   в файле   80-244437692
На строке 7070   в файле   80-261053601
На строке 7071   в файле   80-244440027
На строке 7072   в файле   80-261058819
На строке 7073   в файле   80-249948912
На строке 7074   в файле   80-261021002
На строке 7075   в файле   80-249948755
На строке 7076   в файле   80-249948910
На строке 7077   в файле   80-261256768
На строке 7078   в файле   80-249949118
На строке 7079   в файле   80-249949279
На строке 7080   в файле   80-261025467
На строке 7081   в файле   80-249949395
На строке 7082   в файле   80-249949434
На строке 7083   в файле   80-259529119
На строке 7084   в файле   80-249949414
На строке 7085   в файле   80-249949558
На строке 7086   в файле   80-261040886
На строке 7087   в файле   80-252280887
На строке 7088   в файле   80-252280652
На строке 7089   в файле   80-261038385
На строке 7090   в файле   80-261021222
На строке 7091   в файле   80-259623052
На строке 7092   в файле   80-243834769
На строке 7093   в файле   80-244591088
На строке 7094   в файле   80-244593675
На строке 7095   в файле   80-249914674
На строке 7096   в файле   80-244598452
На строке 7097   в файле   80-244601253
На строке 7098   в файле   80-252234621
На строке 7099   в файле   80-244606155
На строке 7100   в файле   80-244606667
На строке 7101   в файле   80-260773830
На строке 7102   в файле   80-260773771
На строке 7103   в файле   80-260774138
На строке 7104   в файле   80-260774098
На строке 7105   в файле   80-260774097
На строке 7106   в файле   80-261244008
На строке 7107   в файле   80-260774414
На строке 7108   в файле   80-261243871
На строке 7109   в файле   80-260774698
На строке 7110   в файле   80-249913968
На строке 7111   в файле   80-249913714
На строке 7112   в файле   80-243835849
На строке 7113   в файле   80-244591710
На строке 7114   в файле   80-243837071
На строке 7115   в файле   80-243837349
На строке 7116   в файле   80-243837815
На строке 7117   в файле   80-243838326
На строке 7118   в файле   80-244592266
На строке 7119   в файле   80-244593283
На строке 7120   в файле   80-244593808
На строке 7121   в файле   80-249914331
На строке 7122   в файле   80-244594176
На строке 7123   в файле   80-249914446
На строке 7124   в файле   80-244594601
На строке 7125   в файле   80-249914449
На строке 7126   в файле   80-244594882
На строке 7127   в файле   80-249914589
На строке 7128   в файле   80-249914692
На строке 7129   в файле   80-244595882
На строке 7130   в файле   80-249914706
На строке 7131   в файле   80-244596177
На строке 7132   в файле   80-249914824
На строке 7133   в файле   80-244596714
На строке 7134   в файле   80-244597034
На строке 7135   в файле   80-244597457
На строке 7136   в файле   80-244597300
На строке 7137   в файле   80-244597782
На строке 7138   в файле   80-252233300
На строке 7139   в файле   80-244598605
На строке 7140   в файле   80-249915539
На строке 7141   в файле   80-244598874
На строке 7142   в файле   80-244599181
На строке 7143   в файле   80-249915537
На строке 7144   в файле   80-244599335
На строке 7145   в файле   80-244599960
На строке 7146   в файле   80-244600204
На строке 7148   в файле   80-244600574
На строке 7149   в файле   80-249915769
На строке 7150   в файле   80-244601762
На строке 7151   в файле   80-244601758
На строке 7152   в файле   80-249916006
На строке 7153   в файле   80-249916020
На строке 7154   в файле   80-244602565
На строке 7155   в файле   80-244602846
На строке 7156   в файле   80-244602843
На строке 7157   в файле   80-244603035
На строке 7158   в файле   80-244603455
На строке 7159   в файле   80-244603595
На строке 7160   в файле   80-244603933
На строке 7161   в файле   80-244604199
На строке 7162   в файле   80-249916244
На строке 7163   в файле   80-249916596
На строке 7164   в файле   80-244604643
На строке 7165   в файле   80-249916481
На строке 7166   в файле   80-244604780
На строке 7167   в файле   80-244605604
На строке 7168   в файле   80-244606442
На строке 7169   в файле   80-243832512
На строке 7170   в файле   80-259231445
На строке 7171   в файле   80-243831142
На строке 7172   в файле   80-259230983
На строке 7173   в файле   80-249913663
На строке 7174   в файле   80-259231632
На строке 7175   в файле   80-252231724
На строке 7176   в файле   80-259231389
На строке 7177   в файле   80-259230939
На строке 7178   в файле   80-260773200
На строке 7179   в файле   80-260773512
На строке 7180   в файле   80-260773436
На строке 7181   в файле   80-260773821
На строке 7182   в файле   80-260773284
На строке 7183   в файле   80-243836894
На строке 7184   в файле   80-244596386
На строке 7185   в файле   80-260998676
На строке 7186   в файле   80-244433612
На строке 7187   в файле   80-244434783
На строке 7188   в файле   80-244435624
На строке 7189   в файле   80-244436999
На строке 7190   в файле   80-249949882
На строке 7191   в файле   80-244438810
На строке 7192   в файле   80-244439984
На строке 7193   в файле   80-249949561
На строке 7194   в файле   80-260998223
На строке 7195   в файле   80-261255477
На строке 7196   в файле   80-261001387
На строке 7197   в файле   80-244443542
На строке 7198   в файле   80-245013305
На строке 7199   в файле   80-244462816
На строке 7200   в файле   80-261001552
На строке 7201   в файле   80-261001780
На строке 7202   в файле   80-261002514
На строке 7203   в файле   80-261002206
На строке 7204   в файле   80-261002885
На строке 7205   в файле   80-261002583
На строке 7206   в файле   80-261003275
На строке 7207   в файле   80-261003324
На строке 7208   в файле   80-261003988
На строке 7209   в файле   80-261004230
На строке 7210   в файле   80-244444018
На строке 7211   в файле   80-249949890
На строке 7212   в файле   80-249950093
На строке 7213   в файле   80-244446852
На строке 7214   в файле   80-244447932
На строке 7215   в файле   80-252280910
На строке 7216   в файле   80-244450372
На строке 7217   в файле   80-244451009
На строке 7218   в файле   80-244451871
На строке 7219   в файле   80-249950096
На строке 7220   в файле   80-244453798
На строке 7221   в файле   80-249950296
На строке 7222   в файле   80-244456954
На строке 7223   в файле   80-249950262
На строке 7224   в файле   80-249950471
На строке 7225   в файле   80-249950282
На строке 7226   в файле   80-245013970
На строке 7227   в файле   80-245014204
На строке 7228   в файле   80-244462201
На строке 7229   в файле   80-244464198
На строке 7230   в файле   80-244464864
На строке 7231   в файле   80-244466734
На строке 7232   в файле   80-252280879
На строке 7233   в файле   80-249950662
На строке 7234   в файле   80-244473019
На строке 7235   в файле   80-244441638
На строке 7236   в файле   80-261001547
На строке 7237   в файле   80-244442587
На строке 7238   в файле   80-261255701
На строке 7239   в файле   80-249949889
На строке 7240   в файле   80-261255754
На строке 7241   в файле   80-249950269
На строке 7242   в файле   80-261000682
На строке 7243   в файле   80-261272785
На строке 7244   в файле   80-261001577
На строке 7245   в файле   80-244500077
На строке 7246   в файле   80-244504869
На строке 7247   в файле   80-244504913
На строке 7248   в файле   80-249953192
На строке 7249   в файле   80-252281485
На строке 7250   в файле   80-244509838
На строке 7251   в файле   80-252281470
На строке 7252   в файле   80-261009545
На строке 7253   в файле   80-261010102
На строке 7254   в файле   80-261255947
На строке 7255   в файле   80-261012130
На строке 7256   в файле   80-261012133
На строке 7257   в файле   80-261011988
На строке 7258   в файле   80-261013287
На строке 7259   в файле   80-261013766
На строке 7260   в файле   80-244485947
На строке 7261   в файле   80-244488378
На строке 7262   в файле   80-249951415
На строке 7263   в файле   80-244489894
На строке 7264   в файле   80-244492195
На строке 7265   в файле   80-249951513
На строке 7266   в файле   80-244492905
На строке 7267   в файле   80-249951244
На строке 7268   в файле   80-244495064
На строке 7269   в файле   80-244496514
На строке 7270   в файле   80-244499329
На строке 7271   в файле   80-244499347
На строке 7272   в файле   80-249951843
На строке 7273   в файле   80-244501382
На строке 7274   в файле   80-249951914
На строке 7275   в файле   80-245017059
На строке 7276   в файле   80-252281256
На строке 7277   в файле   80-252280911
На строке 7278   в файле   80-244503429
На строке 7279   в файле   80-244471715
На строке 7280   в файле   80-261007245
На строке 7281   в файле   80-244482535
На строке 7282   в файле   80-261009162
На строке 7283   в файле   80-244467129
На строке 7284   в файле   80-261255745
На строке 7285   в файле   80-244480281
На строке 7286   в файле   80-261008805
На строке 7287   в файле   80-245014479
На строке 7288   в файле   80-261008442
На строке 7289   в файле   80-249951081
На строке 7290   в файле   80-261255964
На строке 7291   в файле   80-249951033
На строке 7292   в файле   80-261009052
На строке 7293   в файле   80-261008713
На строке 7294   в файле   80-261121394
На строке 7295   в файле   80-246754327
На строке 7296   в файле   80-252528318
На строке 7297   в файле   80-251625881
На строке 7298   в файле   80-246789007
На строке 7299   в файле   80-252608938
На строке 7300   в файле   80-252379158
На строке 7301   в файле   80-251641166
На строке 7302   в файле   80-246833611
На строке 7303   в файле   80-261261608
На строке 7304   в файле   80-259857444
На строке 7305   в файле   80-261125406
На строке 7306   в файле   80-261127594
На строке 7307   в файле   80-259924704
На строке 7308   в файле   80-259932090
На строке 7309   в файле   80-259937325
На строке 7310   в файле   80-259938622
На строке 7311   в файле   80-259940337
На строке 7312   в файле   80-259940943
На строке 7313   в файле   80-246755234
На строке 7314   в файле   80-246755822
На строке 7315   в файле   80-246757848
На строке 7316   в файле   80-246756548
На строке 7317   в файле   80-251619638
На строке 7318   в файле   80-246758563
На строке 7319   в файле   80-252527287
На строке 7320   в файле   80-252527575
На строке 7321   в файле   80-251620333
На строке 7322   в файле   80-252527480
На строке 7323   в файле   80-251622122
На строке 7324   в файле   80-251622942
На строке 7325   в файле   80-246772363
На строке 7326   в файле   80-251623435
На строке 7327   в файле   80-252529108
На строке 7328   в файле   80-251623967
На строке 7329   в файле   80-251624463
На строке 7330   в файле   80-246774819
На строке 7331   в файле   80-251624915
На строке 7332   в файле   80-251625000
На строке 7333   в файле   80-252529922
На строке 7334   в файле   80-252364719
На строке 7335   в файле   80-252364855
На строке 7336   в файле   80-246784212
На строке 7337   в файле   80-251626290
На строке 7338   в файле   80-251628985
На строке 7339   в файле   80-246783782
На строке 7340   в файле   80-251629600
На строке 7341   в файле   80-252530130
На строке 7342   в файле   80-246787606
На строке 7343   в файле   80-252366945
На строке 7344   в файле   80-252368554
На строке 7345   в файле   80-252530650
На строке 7346   в файле   80-252530198
На строке 7347   в файле   80-252368997
На строке 7348   в файле   80-252370548
На строке 7349   в файле   80-252370124
На строке 7350   в файле   80-252371139
На строке 7351   в файле   80-252534037
На строке 7352   в файле   80-252372930
На строке 7353   в файле   80-252534018
На строке 7354   в файле   80-252373548
На строке 7355   в файле   80-246804258
На строке 7356   в файле   80-252533615
На строке 7357   в файле   80-251636547
На строке 7358   в файле   80-252376371
На строке 7359   в файле   80-252375367
На строке 7360   в файле   80-252376447
На строке 7361   в файле   80-251637476
На строке 7362   в файле   80-246815463
На строке 7363   в файле   80-252533997
На строке 7364   в файле   80-252534782
На строке 7365   в файле   80-252535307
На строке 7366   в файле   80-246825656
На строке 7367   в файле   80-246825265
На строке 7368   в файле   80-246825997
На строке 7369   в файле   80-252382520
На строке 7370   в файле   80-252381850
На строке 7371   в файле   80-246828042
На строке 7372   в файле   80-246827610
На строке 7373   в файле   80-252535584
На строке 7374   в файле   80-251642066
На строке 7375   в файле   80-246828652
На строке 7376   в файле   80-251643124
На строке 7377   в файле   80-251643879
На строке 7378   в файле   80-251642695
На строке 7379   в файле   80-251645388
На строке 7380   в файле   80-246830533
На строке 7381   в файле   80-252536511
На строке 7382   в файле   80-251646798
На строке 7383   в файле   80-252537452
На строке 7384   в файле   80-246834241
На строке 7385   в файле   80-252536586
На строке 7386   в файле   80-246835177
На строке 7387   в файле   80-252536464
На строке 7388   в файле   80-252384633
На строке 7389   в файле   80-246835863
На строке 7390   в файле   80-252384573
На строке 7391   в файле   80-251651706
На строке 7392   в файле   80-246836732
На строке 7393   в файле   80-261261723
На строке 7394   в файле   80-261121654
На строке 7395   в файле   80-259848484
На строке 7396   в файле   80-259848710
На строке 7397   в файле   80-259849944
На строке 7398   в файле   80-261122324
На строке 7399   в файле   80-261122537
На строке 7400   в файле   80-261122807
На строке 7401   в файле   80-261123081
На строке 7402   в файле   80-261261859
На строке 7403   в файле   80-259857403
На строке 7404   в файле   80-259857974
На строке 7405   в файле   80-261124110
На строке 7406   в файле   80-261261961
На строке 7407   в файле   80-261124751
На строке 7408   в файле   80-261262090
На строке 7409   в файле   80-261124946
На строке 7410   в файле   80-261125018
На строке 7411   в файле   80-259888248
На строке 7412   в файле   80-259889071
На строке 7413   в файле   80-259889099
На строке 7414   в файле   80-261125653
На строке 7415   в файле   80-261126227
На строке 7416   в файле   80-261126439
На строке 7417   в файле   80-259901739
На строке 7418   в файле   80-259902603
На строке 7419   в файле   80-261126916
На строке 7420   в файле   80-261273875
На строке 7421   в файле   80-259918509
На строке 7422   в файле   80-259918847
На строке 7423   в файле   80-259919652
На строке 7424   в файле   80-259919743
На строке 7425   в файле   80-259920893
На строке 7426   в файле   80-261127717
На строке 7427   в файле   80-261262188
На строке 7428   в файле   80-261262371
На строке 7429   в файле   80-259923412
На строке 7430   в файле   80-259922979
На строке 7431   в файле   80-259923243
На строке 7432   в файле   80-259923847
На строке 7433   в файле   80-259923952
На строке 7434   в файле   80-259925258
На строке 7435   в файле   80-259926295
На строке 7436   в файле   80-259925809
На строке 7437   в файле   80-259925992
На строке 7438   в файле   80-261127923
На строке 7439   в файле   80-259929522
На строке 7440   в файле   80-259929983
На строке 7441   в файле   80-261128472
На строке 7442   в файле   80-259931392
На строке 7443   в файле   80-259932471
На строке 7444   в файле   80-259932697
На строке 7445   в файле   80-259934220
На строке 7446   в файле   80-259934222
На строке 7447   в файле   80-259934219
На строке 7448   в файле   80-259934794
На строке 7449   в файле   80-259936098
На строке 7450   в файле   80-259935798
На строке 7451   в файле   80-261262288
На строке 7452   в файле   80-261129599
На строке 7453   в файле   80-259938090
На строке 7454   в файле   80-246753760
На строке 7455   в файле   80-261121260
На строке 7456   в файле   80-261120809
На строке 7457   в файле   80-261119466
На строке 7458   в файле   80-246794581
На строке 7459   в файле   80-246795219
На строке 7460   в файле   80-252371336
На строке 7461   в файле   80-252608409
На строке 7462   в файле   80-246798560
На строке 7463   в файле   80-252372845
На строке 7464   в файле   80-252608408
На строке 7465   в файле   80-252609944
На строке 7466   в файле   80-251635712
На строке 7467   в файле   80-251636620
На строке 7468   в файле   80-252368004
На строке 7469   в файле   80-261119467
На строке 7470   в файле   80-261119168
На строке 7471   в файле   80-261261602
На строке 7472   в файле   80-261138523
На строке 7473   в файле   80-252611221
На строке 7474   в файле   80-251750495
На строке 7475   в файле   80-251752608
На строке 7476   в файле   80-251752952
На строке 7477   в файле   80-251753593
На строке 7478   в файле   80-251754231
На строке 7479   в файле   80-251754827
На строке 7480   в файле   80-251748141
На строке 7481   в файле   80-261276958
На строке 7482   в файле   80-261263478
На строке 7483   в файле   80-261139570
На строке 7484   в файле   80-261139782
На строке 7485   в файле   80-251762604
На строке 7486   в файле   80-251764688
На строке 7487   в файле   80-251764902
На строке 7488   в файле   80-246971377
На строке 7489   в файле   80-252406062
На строке 7490   в файле   80-251766772
На строке 7491   в файле   80-246978140
На строке 7492   в файле   80-251761969
На строке 7493   в файле   80-261139059
На строке 7494   в файле   80-261139214
На строке 7495   в файле   80-261139715
На строке 7496   в файле   80-261142757
На строке 7497   в файле   80-251765544
На строке 7498   в файле   80-246971434
На строке 7499   в файле   80-246973937
На строке 7500   в файле   80-252405247
На строке 7501   в файле   80-251766764
На строке 7502   в файле   80-251767884
На строке 7503   в файле   80-246980443
На строке 7504   в файле   80-246987212
На строке 7505   в файле   80-251768413
На строке 7506   в файле   80-251768848
На строке 7507   в файле   80-251768916
На строке 7508   в файле   80-261142670
На строке 7509   в файле   80-251762850
На строке 7510   в файле   80-259976663
На строке 7511   в файле   80-251764097
На строке 7512   в файле   80-261142049
На строке 7513   в файле   80-261142078
На строке 7514   в файле   80-261143249
На строке 7515   в файле   80-251764368
На строке 7516   в файле   80-252404561
На строке 7517   в файле   80-251765258
На строке 7518   в файле   80-246970567
На строке 7519   в файле   80-251765491
На строке 7520   в файле   80-246977092
На строке 7521   в файле   80-251766034
На строке 7522   в файле   80-251767058
На строке 7523   в файле   80-251767777
На строке 7524   в файле   80-251768621
На строке 7525   в файле   80-251769468
На строке 7526   в файле   80-251769442
На строке 7527   в файле   80-261143806
На строке 7528   в файле   80-261143577
На строке 7529   в файле   80-261143780
На строке 7530   в файле   80-261144011
На строке 7531   в файле   80-261144489
На строке 7532   в файле   80-261144273
На строке 7533   в файле   80-251761924
На строке 7534   в файле   80-261143107
На строке 7535   в файле   80-261143224
На строке 7536   в файле   80-259839043
На строке 7537   в файле   80-252377875
На строке 7538   в файле   80-246814917
На строке 7539   в файле   80-252377881
На строке 7540   в файле   80-252534030
На строке 7541   в файле   80-252534460
На строке 7542   в файле   80-252535577
На строке 7543   в файле   80-252534813
На строке 7544   в файле   80-252381907
На строке 7545   в файле   80-252381066
На строке 7546   в файле   80-259838970
На строке 7547   в файле   80-259839160
На строке 7548   в файле   80-261120257
На строке 7549   в файле   80-252376343
На строке 7550   в файле   80-261119985
На строке 7551   в файле   80-261120269
На строке 7552   в файле   80-259965788
На строке 7553   в файле   80-259965615
На строке 7554   в файле   80-259966949
На строке 7555   в файле   80-259967389
На строке 7556   в файле   80-251742539
На строке 7557   в файле   80-259962200
На строке 7558   в файле   80-251743046
На строке 7559   в файле   80-259964632
На строке 7560   в файле   80-252401913
На строке 7561   в файле   80-259961955
На строке 7562   в файле   80-259964684
На строке 7563   в файле   80-259970492
На строке 7564   в файле   80-251743321
На строке 7565   в файле   80-246927133
На строке 7566   в файле   80-251744841
На строке 7567   в файле   80-251745731
На строке 7568   в файле   80-252402596
На строке 7569   в файле   80-251746520
На строке 7570   в файле   80-251746555
На строке 7571   в файле   80-251747358
На строке 7572   в файле   80-252403195
На строке 7573   в файле   80-251749845
На строке 7574   в файле   80-246938607
На строке 7575   в файле   80-261135520
На строке 7576   в файле   80-261135740
На строке 7577   в файле   80-261135596
На строке 7578   в файле   80-259971155
На строке 7579   в файле   80-261136069
На строке 7580   в файле   80-251742800
На строке 7581   в файле   80-259970800
На строке 7582   в файле   80-261135137
На строке 7583   в файле   80-261136293
На строке 7584   в файле   80-252611813
На строке 7585   в файле   80-246936065
На строке 7586   в файле   80-251750855
На строке 7587   в файле   80-252403259
На строке 7588   в файле   80-251751149
На строке 7589   в файле   80-251752995
На строке 7590   в файле   80-251753577
На строке 7591   в файле   80-246945683
На строке 7592   в файле   80-261136089
На строке 7593   в файле   80-261136529
На строке 7594   в файле   80-261136776
На строке 7595   в файле   80-251748102
На строке 7596   в файле   80-259970910
На строке 7597   в файле   80-261135751
На строке 7598   в файле   80-261139030
На строке 7599   в файле   80-251756676
На строке 7600   в файле   80-251757221
На строке 7601   в файле   80-251757828
На строке 7602   в файле   80-246957825
На строке 7603   в файле   80-261138582
На строке 7604   в файле   80-260044611
На строке 7605   в файле   80-247835859
На строке 7606   в файле   80-247928153
На строке 7607   в файле   80-247963175
На строке 7608   в файле   80-247967886
На строке 7609   в файле   80-247975735
На строке 7610   в файле   80-247984885
На строке 7611   в файле   80-247992734
На строке 7612   в файле   80-252548573
На строке 7613   в файле   80-248000216
На строке 7614   в файле   80-251875177
На строке 7615   в файле   80-261158444
На строке 7616   в файле   80-261264324
На строке 7617   в файле   80-260053116
На строке 7618   в файле   80-260056039
На строке 7619   в файле   80-260058411
На строке 7620   в файле   80-260061614
На строке 7621   в файле   80-260064415
На строке 7622   в файле   80-260066667
На строке 7623   в файле   80-260066930
На строке 7624   в файле   80-260070233
На строке 7625   в файле   80-251805464
На строке 7626   в файле   80-251806738
На строке 7627   в файле   80-251809292
На строке 7628   в файле   80-247894028
На строке 7629   в файле   80-247902387
На строке 7630   в файле   80-247914925
На строке 7631   в файле   80-247918203
На строке 7632   в файле   80-247924632
На строке 7633   в файле   80-247928856
На строке 7634   в файле   80-247934419
На строке 7635   в файле   80-247939068
На строке 7636   в файле   80-247941209
На строке 7637   в файле   80-252413870
На строке 7638   в файле   80-247945294
На строке 7639   в файле   80-251828281
На строке 7640   в файле   80-247947892
На строке 7641   в файле   80-251829290
На строке 7642   в файле   80-247950610
На строке 7643   в файле   80-247954304
На строке 7645   в файле   80-251833749
На строке 7646   в файле   80-247959889
На строке 7647   в файле   80-251837415
На строке 7648   в файле   80-247963747
На строке 7649   в файле   80-251837324
На строке 7650   в файле   80-247964639
На строке 7651   в файле   80-247965245
На строке 7652   в файле   80-247965239
На строке 7653   в файле   80-247966570
На строке 7654   в файле   80-247966549
На строке 7655   в файле   80-247967280
На строке 7656   в файле   80-247968965
На строке 7657   в файле   80-247969744
На строке 7658   в файле   80-247970471
На строке 7659   в файле   80-247971234
На строке 7660   в файле   80-247971137
На строке 7661   в файле   80-252414898
На строке 7662   в файле   80-247972806
На строке 7663   в файле   80-251841358
На строке 7664   в файле   80-247974005
На строке 7665   в файле   80-251841295
На строке 7666   в файле   80-247976219
На строке 7667   в файле   80-251841872
На строке 7668   в файле   80-247977214
На строке 7669   в файле   80-251842133
На строке 7670   в файле   80-247980902
На строке 7671   в файле   80-247981031
На строке 7672   в файле   80-252547371
На строке 7673   в файле   80-247982757
На строке 7674   в файле   80-247982763
На строке 7675   в файле   80-251849876
На строке 7676   в файле   80-247984372
На строке 7677   в файле   80-252549286
На строке 7678   в файле   80-247986383
На строке 7679   в файле   80-247986469
На строке 7680   в файле   80-251853138
На строке 7681   в файле   80-251855274
На строке 7682   в файле   80-247988883
На строке 7683   в файле   80-247988875
На строке 7684   в файле   80-247990354
На строке 7685   в файле   80-247990812
На строке 7686   в файле   80-247991281
На строке 7687   в файле   80-251861937
На строке 7688   в файле   80-252548836
На строке 7689   в файле   80-251867531
На строке 7690   в файле   80-251869283
На строке 7691   в файле   80-247996177
На строке 7692   в файле   80-251870331
На строке 7693   в файле   80-251870998
На строке 7694   в файле   80-251872396
На строке 7695   в файле   80-251873250
На строке 7696   в файле   80-251873959
На строке 7697   в файле   80-247999428
На строке 7698   в файле   80-247999402
На строке 7699   в файле   80-251875186
На строке 7700   в файле   80-248000972
На строке 7701   в файле   80-252418573
На строке 7702   в файле   80-252549420
На строке 7703   в файле   80-252550542
На строке 7704   в файле   80-251878617
На строке 7705   в файле   80-251879379
На строке 7706   в файле   80-252550657
На строке 7707   в файле   80-252551914
На строке 7708   в файле   80-251887222
На строке 7709   в файле   80-260044889
На строке 7710   в файле   80-260045194
На строке 7711   в файле   80-260046372
На строке 7712   в файле   80-260046605
На строке 7713   в файле   80-261158406
На строке 7714   в файле   80-260047116
На строке 7715   в файле   80-260047055
На строке 7716   в файле   80-260047294
На строке 7717   в файле   80-260047440
На строке 7718   в файле   80-260047797
На строке 7719   в файле   80-260047775
На строке 7720   в файле   80-260047962
На строке 7721   в файле   80-261158468
На строке 7722   в файле   80-260049046
На строке 7723   в файле   80-260049415
На строке 7724   в файле   80-260049578
На строке 7725   в файле   80-260049987
На строке 7726   в файле   80-260050359
На строке 7727   в файле   80-261158895
На строке 7728   в файле   80-260051103
На строке 7729   в файле   80-260052681
На строке 7730   в файле   80-260052815
На строке 7731   в файле   80-260053439
На строке 7732   в файле   80-260053537
На строке 7733   в файле   80-260054095
На строке 7734   в файле   80-260054218
На строке 7735   в файле   80-260054271
На строке 7736   в файле   80-260054600
На строке 7737   в файле   80-260055067
На строке 7738   в файле   80-260055277
На строке 7739   в файле   80-260055374
На строке 7740   в файле   80-260055779
На строке 7741   в файле   80-260056003
На строке 7742   в файле   80-260056403
На строке 7743   в файле   80-260056456
На строке 7744   в файле   80-260056889
На строке 7745   в файле   80-260056875
На строке 7746   в файле   80-260056876
На строке 7747   в файле   80-260057665
На строке 7748   в файле   80-260057763
На строке 7749   в файле   80-260057999
На строке 7750   в файле   80-260058132
На строке 7751   в файле   80-260058676
На строке 7752   в файле   80-261264336
На строке 7753   в файле   80-260058789
На строке 7754   в файле   80-260059151
На строке 7755   в файле   80-260059233
На строке 7756   в файле   80-260059382
На строке 7757   в файле   80-261159258
На строке 7758   в файле   80-260059874
На строке 7759   в файле   80-260060145
На строке 7760   в файле   80-260060501
На строке 7761   в файле   80-260060571
На строке 7762   в файле   80-260060675
На строке 7763   в файле   80-260061254
На строке 7764   в файле   80-261159542
На строке 7765   в файле   80-260061729
На строке 7766   в файле   80-260062148
На строке 7767   в файле   80-260062660
На строке 7768   в файле   80-260063193
На строке 7769   в файле   80-260063314
На строке 7770   в файле   80-260063559
На строке 7771   в файле   80-261159377
На строке 7772   в файле   80-260063720
На строке 7773   в файле   80-260064382
На строке 7774   в файле   80-260064698
На строке 7775   в файле   80-260064999
На строке 7776   в файле   80-260065033
На строке 7777   в файле   80-260065320
На строке 7778   в файле   80-260065284
На строке 7779   в файле   80-260065777
На строке 7780   в файле   80-260065825
На строке 7781   в файле   80-260066156
На строке 7782   в файле   80-260066200
На строке 7783   в файле   80-260066315
На строке 7784   в файле   80-261159839
На строке 7785   в файле   80-260067283
На строке 7786   в файле   80-260067638
На строке 7787   в файле   80-260068267
На строке 7788   в файле   80-260068413
На строке 7789   в файле   80-260068619
На строке 7790   в файле   80-260068755
На строке 7791   в файле   80-260069405
На строке 7792   в файле   80-260069893
На строке 7793   в файле   80-260070304
На строке 7794   в файле   80-260070713
На строке 7795   в файле   80-260070665
На строке 7796   в файле   80-260071036
На строке 7797   в файле   80-260071059
На строке 7798   в файле   80-260071575
На строке 7799   в файле   80-260072108
На строке 7800   в файле   80-260072160
На строке 7801   в файле   80-261160278
На строке 7802   в файле   80-260072839
На строке 7803   в файле   80-260072836
На строке 7804   в файле   80-260073294
На строке 7805   в файле   80-251805499
На строке 7806   в файле   80-251805809
На строке 7807   в файле   80-251805831
На строке 7808   в файле   80-247840144
На строке 7809   в файле   80-247842917
На строке 7810   в файле   80-247841113
На строке 7811   в файле   80-251806034
На строке 7812   в файле   80-247842604
На строке 7813   в файле   80-247841781
На строке 7814   в файле   80-247844285
На строке 7815   в файле   80-251806331
На строке 7816   в файле   80-251806913
На строке 7817   в файле   80-251807213
На строке 7818   в файле   80-251807360
На строке 7819   в файле   80-251807526
На строке 7820   в файле   80-252412544
На строке 7821   в файле   80-252412586
На строке 7822   в файле   80-247860471
На строке 7823   в файле   80-252413279
На строке 7824   в файле   80-247862055
На строке 7825   в файле   80-251809036
На строке 7826   в файле   80-247861970
На строке 7827   в файле   80-251809328
На строке 7828   в файле   80-247861947
На строке 7829   в файле   80-247863442
На строке 7830   в файле   80-247862804
На строке 7831   в файле   80-251809943
На строке 7832   в файле   80-247863526
На строке 7833   в файле   80-251811561
На строке 7834   в файле   80-251811571
На строке 7835   в файле   80-251811629
На строке 7836   в файле   80-251811882
На строке 7837   в файле   80-251812253
На строке 7838   в файле   80-251812223
На строке 7839   в файле   80-251812268
На строке 7840   в файле   80-247888060
На строке 7841   в файле   80-247888533
На строке 7842   в файле   80-247888646
На строке 7843   в файле   80-247888592
На строке 7844   в файле   80-251812593
На строке 7845   в файле   80-251812855
На строке 7846   в файле   80-251812845
На строке 7847   в файле   80-251812958
На строке 7848   в файле   80-251813489
На строке 7849   в файле   80-247895256
На строке 7850   в файле   80-251813850
На строке 7851   в файле   80-251814149
На строке 7852   в файле   80-251814581
На строке 7853   в файле   80-251814861
На строке 7854   в файле   80-247899926
На строке 7855   в файле   80-251814832
На строке 7856   в файле   80-247901345
На строке 7857   в файле   80-251815200
На строке 7858   в файле   80-247902057
На строке 7859   в файле   80-247902362
На строке 7860   в файле   80-251815457
На строке 7861   в файле   80-247903142
На строке 7862   в файле   80-251815454
На строке 7863   в файле   80-247904755
На строке 7864   в файле   80-247904959
На строке 7865   в файле   80-247904987
На строке 7866   в файле   80-251815453
На строке 7867   в файле   80-251815812
На строке 7868   в файле   80-247907445
На строке 7869   в файле   80-247907803
На строке 7870   в файле   80-247908486
На строке 7871   в файле   80-251816096
На строке 7872   в файле   80-247909162
На строке 7873   в файле   80-247909645
На строке 7874   в файле   80-247910151
На строке 7875   в файле   80-247910544
На строке 7876   в файле   80-247910927
На строке 7877   в файле   80-247910844
На строке 7878   в файле   80-251816770
На строке 7879   в файле   80-247914295
На строке 7880   в файле   80-247914299
На строке 7881   в файле   80-247914990
На строке 7882   в файле   80-251818224
На строке 7883   в файле   80-251817856
На строке 7884   в файле   80-247916185
На строке 7885   в файле   80-251818168
На строке 7886   в файле   80-251818616
На строке 7887   в файле   80-251819209
На строке 7888   в файле   80-247917016
На строке 7889   в файле   80-247917018
На строке 7890   в файле   80-247917335
На строке 7891   в файле   80-247918223
На строке 7892   в файле   80-247918765
На строке 7893   в файле   80-247919420
На строке 7894   в файле   80-247919959
На строке 7895   в файле   80-247920803
На строке 7896   в файле   80-247921130
На строке 7897   в файле   80-247921722
На строке 7898   в файле   80-247922225
На строке 7899   в файле   80-247922901
На строке 7900   в файле   80-247923490
На строке 7901   в файле   80-247924053
На строке 7902   в файле   80-247925501
На строке 7903   в файле   80-247925295
На строке 7904   в файле   80-247925819
На строке 7905   в файле   80-247925826
На строке 7906   в файле   80-247926346
На строке 7907   в файле   80-247926475
На строке 7908   в файле   80-247926662
На строке 7909   в файле   80-251820058
На строке 7910   в файле   80-251820414
На строке 7911   в файле   80-247927925
На строке 7912   в файле   80-247929628
На строке 7913   в файле   80-247929303
На строке 7914   в файле   80-252413215
На строке 7915   в файле   80-247930104
На строке 7916   в файле   80-251820831
На строке 7917   в файле   80-247931132
На строке 7918   в файле   80-251821512
На строке 7919   в файле   80-247933677
На строке 7920   в файле   80-247933799
На строке 7921   в файле   80-251821848
На строке 7922   в файле   80-251822211
На строке 7923   в файле   80-247934718
На строке 7924   в файле   80-247934863
На строке 7925   в файле   80-247935258
На строке 7926   в файле   80-247935252
На строке 7927   в файле   80-247935976
На строке 7928   в файле   80-251823063
На строке 7929   в файле   80-247936512
На строке 7930   в файле   80-247936760
На строке 7931   в файле   80-247936979
На строке 7932   в файле   80-247937778
На строке 7933   в файле   80-247938553
На строке 7934   в файле   80-247938560
На строке 7935   в файле   80-247938833
На строке 7936   в файле   80-247939050
На строке 7937   в файле   80-247939499
На строке 7938   в файле   80-251823908
На строке 7939   в файле   80-247939500
На строке 7940   в файле   80-251824914
На строке 7941   в файле   80-247940386
На строке 7942   в файле   80-247940617
На строке 7943   в файле   80-247940676
На строке 7944   в файле   80-247940649
На строке 7945   в файле   80-252613457
На строке 7946   в файле   80-247941391
На строке 7947   в файле   80-247941145
На строке 7948   в файле   80-247941531
На строке 7949   в файле   80-247941724
На строке 7950   в файле   80-247942246
На строке 7951   в файле   80-247942236
На строке 7952   в файле   80-247942745
На строке 7953   в файле   80-247942803
На строке 7954   в файле   80-247942801
На строке 7955   в файле   80-252612051
На строке 7956   в файле   80-247943810
На строке 7957   в файле   80-251827824
На строке 7958   в файле   80-247945861
На строке 7959   в файле   80-247945839
На строке 7960   в файле   80-247946796
На строке 7961   в файле   80-247946516
На строке 7962   в файле   80-247947078
На строке 7963   в файле   80-247947372
На строке 7964   в файле   80-247947095
На строке 7965   в файле   80-247947618
На строке 7966   в файле   80-251828409
На строке 7967   в файле   80-247947700
На строке 7968   в файле   80-247947677
На строке 7969   в файле   80-251828762
На строке 7970   в файле   80-247948163
На строке 7971   в файле   80-247948245
На строке 7972   в файле   80-251829289
На строке 7973   в файле   80-251829478
На строке 7974   в файле   80-251829797
На строке 7975   в файле   80-247949395
На строке 7976   в файле   80-247949822
На строке 7977   в файле   80-247949858
На строке 7978   в файле   80-247950079
На строке 7979   в файле   80-251830288
На строке 7980   в файле   80-251830406
На строке 7981   в файле   80-247950601
На строке 7982   в файле   80-247950928
На строке 7983   в файле   80-251830755
На строке 7984   в файле   80-247951193
На строке 7985   в файле   80-251831380
На строке 7986   в файле   80-247951713
На строке 7987   в файле   80-247951940
На строке 7988   в файле   80-247952258
На строке 7989   в файле   80-247952242
На строке 7990   в файле   80-251831858
На строке 7991   в файле   80-247954057
На строке 7992   в файле   80-247955179
На строке 7993   в файле   80-251832517
На строке 7994   в файле   80-251832949
На строке 7995   в файле   80-247955727
На строке 7996   в файле   80-247955761
На строке 7997   в файле   80-247956259
На строке 7998   в файле   80-247955962
На строке 7999   в файле   80-247956763
На строке 8000   в файле   80-251833653
На строке 8001   в файле   80-247956795
На строке 8002   в файле   80-247957002
На строке 8003   в файле   80-251834921
На строке 8004   в файле   80-247957279
На строке 8005   в файле   80-247957374
На строке 8006   в файле   80-247957585
На строке 8007   в файле   80-247958010
На строке 8008   в файле   80-251834923
На строке 8009   в файле   80-247958496
На строке 8010   в файле   80-247958680
На строке 8011   в файле   80-247959278
На строке 8012   в файле   80-247959272
На строке 8013   в файле   80-247959884
На строке 8014   в файле   80-247960008
На строке 8015   в файле   80-247960664
На строке 8016   в файле   80-247960689
На строке 8017   в файле   80-251836079
На строке 8018   в файле   80-251836141
На строке 8019   в файле   80-247962170
На строке 8020   в файле   80-247961626
На строке 8021   в файле   80-247962584
На строке 8022   в файле   80-251837296
На строке 8023   в файле   80-247830608
На строке 8024   в файле   80-260043062
На строке 8025   в файле   80-247829134
На строке 8026   в файле   80-260043297
На строке 8027   в файле   80-251804959
На строке 8028   в файле   80-260043503
На строке 8029   в файле   80-260044054
На строке 8030   в файле   80-260044127
На строке 8031   в файле   80-259987163
На строке 8032   в файле   80-259987009
На строке 8033   в файле   80-251774971
На строке 8034   в файле   80-251775090
На строке 8035   в файле   80-247017424
На строке 8036   в файле   80-251778768
На строке 8037   в файле   80-251781006
На строке 8038   в файле   80-247045187
На строке 8039   в файле   80-247049466
На строке 8040   в файле   80-247053151
На строке 8041   в файле   80-247060895
На строке 8042   в файле   80-247067308
На строке 8043   в файле   80-259988385
На строке 8044   в файле   80-259992297
На строке 8045   в файле   80-259993670
На строке 8046   в файле   80-261152317
На строке 8047   в файле   80-259996733
На строке 8048   в файле   80-259999694
На строке 8049   в файле   80-260002194
На строке 8050   в файле   80-260002674
На строке 8051   в файле   80-260003131
На строке 8052   в файле   80-260003217
На строке 8053   в файле   80-260003571
На строке 8054   в файле   80-252543776
На строке 8055   в файле   80-251776465
На строке 8056   в файле   80-251776698
На строке 8057   в файле   80-247008500
На строке 8058   в файле   80-247009673
На строке 8059   в файле   80-247012060
На строке 8060   в файле   80-247012473
На строке 8061   в файле   80-251778094
На строке 8062   в файле   80-247015617
На строке 8063   в файле   80-247016887
На строке 8064   в файле   80-247017922
На строке 8065   в файле   80-247018540
На строке 8066   в файле   80-251779018
На строке 8067   в файле   80-251779493
На строке 8068   в файле   80-247020718
На строке 8069   в файле   80-247021860
На строке 8070   в файле   80-247022316
На строке 8071   в файле   80-247023606
На строке 8072   в файле   80-251780105
На строке 8073   в файле   80-251780402
На строке 8074   в файле   80-247029232
На строке 8075   в файле   80-251781658
На строке 8076   в файле   80-251781309
На строке 8077   в файле   80-252407501
На строке 8078   в файле   80-247036557
На строке 8079   в файле   80-247036881
На строке 8080   в файле   80-251782835
На строке 8081   в файле   80-251783321
На строке 8082   в файле   80-251784032
На строке 8083   в файле   80-251783786
На строке 8084   в файле   80-251784298
На строке 8085   в файле   80-251784843
На строке 8086   в файле   80-247045623
На строке 8087   в файле   80-247046085
На строке 8088   в файле   80-247046325
На строке 8089   в файле   80-247046513
На строке 8090   в файле   80-247046511
На строке 8091   в файле   80-251785068
На строке 8092   в файле   80-252544300
На строке 8093   в файле   80-251785339
На строке 8094   в файле   80-247048347
На строке 8095   в файле   80-247048572
На строке 8096   в файле   80-251785544
На строке 8097   в файле   80-247050727
На строке 8098   в файле   80-247050731
На строке 8099   в файле   80-247050926
На строке 8100   в файле   80-247051157
На строке 8101   в файле   80-251786776
На строке 8102   в файле   80-251787022
На строке 8103   в файле   80-247052434
На строке 8104   в файле   80-252408943
На строке 8105   в файле   80-247052728
На строке 8106   в файле   80-247052733
На строке 8107   в файле   80-247052859
На строке 8108   в файле   80-247053173
На строке 8109   в файле   80-251788255
На строке 8110   в файле   80-251788843
На строке 8111   в файле   80-251788862
На строке 8112   в файле   80-247057580
На строке 8113   в файле   80-247057227
На строке 8114   в файле   80-247057552
На строке 8115   в файле   80-251789930
На строке 8116   в файле   80-251790203
На строке 8117   в файле   80-251790392
На строке 8118   в файле   80-251790766
На строке 8119   в файле   80-247061726
На строке 8120   в файле   80-251791555
На строке 8121   в файле   80-247061543
На строке 8122   в файле   80-247062062
На строке 8123   в файле   80-247062097
На строке 8124   в файле   80-251792044
На строке 8125   в файле   80-251792010
На строке 8126   в файле   80-251792951
На строке 8127   в файле   80-251793065
На строке 8128   в файле   80-251793207
На строке 8129   в файле   80-247066695
На строке 8130   в файле   80-247067500
На строке 8131   в файле   80-247067966
На строке 8132   в файле   80-247068464
На строке 8133   в файле   80-247068523
На строке 8134   в файле   80-247068946
На строке 8135   в файле   80-247069280
На строке 8136   в файле   80-247069744
На строке 8137   в файле   80-251793927
На строке 8138   в файле   80-252544830
На строке 8139   в файле   80-247070759
На строке 8140   в файле   80-247071424
На строке 8141   в файле   80-247071391
На строке 8142   в файле   80-261150973
На строке 8143   в файле   80-259989268
На строке 8144   в файле   80-259989470
На строке 8145   в файле   80-261151474
На строке 8146   в файле   80-261150972
На строке 8147   в файле   80-259990147
На строке 8148   в файле   80-261152008
На строке 8149   в файле   80-259991327
На строке 8150   в файле   80-259991532
На строке 8151   в файле   80-259991602
На строке 8152   в файле   80-259992246
На строке 8153   в файле   80-259991995
На строке 8154   в файле   80-259992732
На строке 8155   в файле   80-259992691
На строке 8156   в файле   80-261152061
На строке 8157   в файле   80-259993124
На строке 8158   в файле   80-259993364
На строке 8159   в файле   80-259992866
На строке 8160   в файле   80-261152495
На строке 8161   в файле   80-259993338
На строке 8162   в файле   80-259993594
На строке 8163   в файле   80-259994295
На строке 8164   в файле   80-259994419
На строке 8165   в файле   80-259994437
На строке 8166   в файле   80-261152366
На строке 8167   в файле   80-259994261
На строке 8168   в файле   80-259994431
На строке 8169   в файле   80-259994859
На строке 8170   в файле   80-259994674
На строке 8171   в файле   80-261152603
На строке 8172   в файле   80-259994904
На строке 8173   в файле   80-259994666
На строке 8174   в файле   80-259994938
На строке 8175   в файле   80-259994869
На строке 8176   в файле   80-259995514
На строке 8177   в файле   80-259995151
На строке 8178   в файле   80-259995377
На строке 8179   в файле   80-259995715
На строке 8180   в файле   80-259995329
На строке 8181   в файле   80-259995551
На строке 8182   в файле   80-261152541
На строке 8183   в файле   80-261152664
На строке 8184   в файле   80-259996421
На строке 8185   в файле   80-261152788
На строке 8186   в файле   80-261263952
На строке 8187   в файле   80-259997907
На строке 8188   в файле   80-259997786
На строке 8189   в файле   80-259998431
На строке 8190   в файле   80-259999040
На строке 8191   в файле   80-261153067
На строке 8192   в файле   80-259999764
На строке 8193   в файле   80-260000235
На строке 8194   в файле   80-261153191
На строке 8195   в файле   80-260000766
На строке 8196   в файле   80-260001262
На строке 8197   в файле   80-260001411
На строке 8198   в файле   80-261153211
На строке 8199   в файле   80-260001689
На строке 8200   в файле   80-246997107
На строке 8201   в файле   80-259984857
На строке 8202   в файле   80-251773612
На строке 8203   в файле   80-259984058
На строке 8204   в файле   80-251774263
На строке 8205   в файле   80-261150140
На строке 8206   в файле   80-259984500
На строке 8207   в файле   80-259984525
На строке 8208   в файле   80-259985502
На строке 8209   в файле   80-259988318
На строке 8210   в файле   80-259987995
На строке 8211   в файле   80-259991875
На строке 8212   в файле   80-261153613
На строке 8213   в файле   80-251779238
На строке 8214   в файле   80-251779942
На строке 8215   в файле   80-251780753
На строке 8216   в файле   80-259998226
На строке 8217   в файле   80-259999367
На строке 8218   в файле   80-246997894
На строке 8219   в файле   80-246999269
На строке 8220   в файле   80-247017428
На строке 8221   в файле   80-251783259
На строке 8222   в файле   80-247051186
На строке 8223   в файле   80-247058667
На строке 8224   в файле   80-252544840
На строке 8225   в файле   80-251791778
На строке 8226   в файле   80-247069048
На строке 8227   в файле   80-247069433
На строке 8228   в файле   80-247074868
На строке 8229   в файле   80-261153378
На строке 8230   в файле   80-260007342
На строке 8231   в файле   80-260008735
На строке 8232   в файле   80-260010859
На строке 8233   в файле   80-260012522
На строке 8234   в файле   80-260012853
На строке 8235   в файле   80-260012964
На строке 8236   в файле   80-260013194
На строке 8237   в файле   80-251774143
На строке 8238   в файле   80-251774807
На строке 8239   в файле   80-247003220
На строке 8240   в файле   80-247005495
На строке 8241   в файле   80-247006347
На строке 8242   в файле   80-247006345
На строке 8243   в файле   80-252407368
На строке 8244   в файле   80-247008495
На строке 8245   в файле   80-251776691
На строке 8246   в файле   80-247011524
На строке 8247   в файле   80-251777633
На строке 8248   в файле   80-247012957
На строке 8249   в файле   80-247015483
На строке 8250   в файле   80-251778282
На строке 8251   в файле   80-251778601
На строке 8252   в файле   80-247021166
На строке 8253   в файле   80-251779931
На строке 8254   в файле   80-247023915
На строке 8255   в файле   80-251780795
На строке 8256   в файле   80-251781276
На строке 8257   в файле   80-247029234
На строке 8258   в файле   80-247029737
На строке 8259   в файле   80-247036293
На строке 8260   в файле   80-251781449
На строке 8261   в файле   80-247036299
На строке 8262   в файле   80-247045197
На строке 8263   в файле   80-247045619
На строке 8264   в файле   80-247046088
На строке 8265   в файле   80-247046794
На строке 8266   в файле   80-247046953
На строке 8267   в файле   80-251785344
На строке 8268   в файле   80-247048603
На строке 8269   в файле   80-247048821
На строке 8270   в файле   80-247048998
На строке 8271   в файле   80-247049367
На строке 8272   в файле   80-247049213
На строке 8273   в файле   80-251785780
На строке 8274   в файле   80-251786057
На строке 8275   в файле   80-251786352
На строке 8276   в файле   80-247051109
На строке 8277   в файле   80-251786779
На строке 8278   в файле   80-247052255
На строке 8279   в файле   80-247052430
На строке 8280   в файле   80-247052556
На строке 8281   в файле   80-251787632
На строке 8282   в файле   80-247053159
На строке 8283   в файле   80-251787905
На строке 8284   в файле   80-251788184
На строке 8285   в файле   80-247057027
На строке 8286   в файле   80-247057737
На строке 8287   в файле   80-252410413
На строке 8288   в файле   80-247058835
На строке 8289   в файле   80-251790747
На строке 8290   в файле   80-251790748
На строке 8291   в файле   80-251791038
На строке 8292   в файле   80-247060687
На строке 8293   в файле   80-247060338
На строке 8294   в файле   80-247061020
На строке 8295   в файле   80-251791265
На строке 8296   в файле   80-247061675
На строке 8297   в файле   80-251791247
На строке 8298   в файле   80-247062063
На строке 8299   в файле   80-251791811
На строке 8300   в файле   80-247064730
На строке 8301   в файле   80-251792556
На строке 8302   в файле   80-247065519
На строке 8303   в файле   80-247065748
На строке 8304   в файле   80-247065717
На строке 8305   в файле   80-252545090
На строке 8306   в файле   80-247067275
На строке 8307   в файле   80-251793504
На строке 8308   в файле   80-251793463
На строке 8309   в файле   80-251793684
На строке 8310   в файле   80-251794288
На строке 8311   в файле   80-247069862
На строке 8312   в файле   80-247071174
На строке 8313   в файле   80-251794884
На строке 8314   в файле   80-247071860
На строке 8315   в файле   80-247072656
На строке 8316   в файле   80-252411916
На строке 8317   в файле   80-251795727
На строке 8318   в файле   80-247073927
На строке 8319   в файле   80-247073909
На строке 8320   в файле   80-247074395
На строке 8321   в файле   80-247075442
На строке 8322   в файле   80-251796214
На строке 8323   в файле   80-251796251
На строке 8324   в файле   80-247076358
На строке 8325   в файле   80-247076034
На строке 8326   в файле   80-247076726
На строке 8327   в файле   80-247076923
На строке 8328   в файле   80-247077550
На строке 8329   в файле   80-247077580
На строке 8330   в файле   80-251796473
На строке 8331   в файле   80-247078199
На строке 8332   в файле   80-247078112
На строке 8333   в файле   80-247078450
На строке 8334   в файле   80-260002335
На строке 8335   в файле   80-260002711
На строке 8336   в файле   80-260002773
На строке 8337   в файле   80-260003138
На строке 8338   в файле   80-260003864
На строке 8339   в файле   80-261153624
На строке 8340   в файле   80-260004393
На строке 8341   в файле   80-260004592
На строке 8342   в файле   80-260004502
На строке 8343   в файле   80-260004542
На строке 8344   в файле   80-260004721
На строке 8345   в файле   80-260004946
На строке 8346   в файле   80-260005172
На строке 8347   в файле   80-261153981
На строке 8348   в файле   80-260005546
На строке 8349   в файле   80-260005700
На строке 8350   в файле   80-261154057
На строке 8351   в файле   80-260006132
На строке 8352   в файле   80-260006220
На строке 8353   в файле   80-260006703
На строке 8354   в файле   80-260006548
На строке 8355   в файле   80-260007032
На строке 8356   в файле   80-261154080
На строке 8357   в файле   80-260007512
На строке 8358   в файле   80-260007674
На строке 8359   в файле   80-261263854
На строке 8360   в файле   80-260008005
На строке 8361   в файле   80-260007950
На строке 8362   в файле   80-260008281
На строке 8363   в файле   80-260008347
На строке 8364   в файле   80-260008417
На строке 8365   в файле   80-260008661
На строке 8366   в файле   80-260008893
На строке 8367   в файле   80-260008900
На строке 8368   в файле   80-260009047
На строке 8369   в файле   80-260009223
На строке 8370   в файле   80-260009261
На строке 8371   в файле   80-260009365
На строке 8372   в файле   80-260009603
На строке 8373   в файле   80-260009677
На строке 8374   в файле   80-260010164
На строке 8375   в файле   80-260010850
На строке 8376   в файле   80-260011058
На строке 8377   в файле   80-260011231
На строке 8378   в файле   80-260011354
На строке 8379   в файле   80-260011382
На строке 8380   в файле   80-260011641
На строке 8381   в файле   80-260011678
На строке 8382   в файле   80-260011707
На строке 8383   в файле   80-260012090
На строке 8384   в файле   80-260011952
На строке 8385   в файле   80-260012194
На строке 8386   в файле   80-260012242
На строке 8387   в файле   80-260012465
На строке 8388   в файле   80-260012419
На строке 8389   в файле   80-260012817
На строке 8390   в файле   80-246995966
На строке 8391   в файле   80-259997517
На строке 8392   в файле   80-251773026
На строке 8393   в файле   80-259998403
На строке 8394   в файле   80-259997317
На строке 8395   в файле   80-259997243
На строке 8396   в файле   80-259997333
На строке 8397   в файле   80-261152994
На строке 8398   в файле   80-260000191
На строке 8399   в файле   80-260000335
На строке 8400   в файле   80-260000822
На строке 8401   в файле   80-260001327
На строке 8402   в файле   80-260000877
На строке 8403   в файле   80-260001811
На строке 8404   в файле   80-251784569
На строке 8405   в файле   80-260010124
На строке 8406   в файле   80-247095504
На строке 8407   в файле   80-251800065
На строке 8408   в файле   80-247097537
На строке 8409   в файле   80-247099616
На строке 8410   в файле   80-247101128
На строке 8411   в файле   80-247102601
На строке 8412   в файле   80-247105862
На строке 8413   в файле   80-251801393
На строке 8414   в файле   80-260010669
На строке 8415   в файле   80-260010860
На строке 8416   в файле   80-260011145
На строке 8417   в файле   80-247090899
На строке 8418   в файле   80-260009997
На строке 8419   в файле   80-261154197
На строке 8420   в файле   80-261274372
На строке 8421   в файле   80-247864971
На строке 8422   в файле   80-247873910
На строке 8423   в файле   80-247876894
На строке 8424   в файле   80-247877965
На строке 8425   в файле   80-247878727
На строке 8426   в файле   80-260026724
На строке 8427   в файле   80-260027001
На строке 8428   в файле   80-260027028
На строке 8429   в файле   80-260027161
На строке 8430   в файле   80-260027338
На строке 8431   в файле   80-260027417
На строке 8432   в файле   80-260027638
На строке 8433   в файле   80-260027882
На строке 8434   в файле   80-247865175
На строке 8435   в файле   80-247864975
На строке 8436   в файле   80-247865871
На строке 8437   в файле   80-251809907
На строке 8438   в файле   80-247868832
На строке 8439   в файле   80-251810225
На строке 8440   в файле   80-251810455
На строке 8441   в файле   80-247870187
На строке 8442   в файле   80-247872438
На строке 8443   в файле   80-251810471
На строке 8444   в файле   80-251811010
На строке 8445   в файле   80-251809367
На строке 8446   в файле   80-260025588
На строке 8447   в файле   80-261155867
На строке 8448   в файле   80-261067392
На строке 8449   в файле   80-252284452
На строке 8450   в файле   80-245069470
На строке 8451   в файле   80-245081084
На строке 8452   в файле   80-252286960
На строке 8453   в файле   80-252290426
На строке 8454   в файле   80-252510158
На строке 8455   в файле   80-252293655
На строке 8456   в файле   80-252294983
На строке 8457   в файле   80-261068085
На строке 8458   в файле   80-261068456
На строке 8459   в файле   80-261069321
На строке 8460   в файле   80-261259096
На строке 8461   в файле   80-261070877
На строке 8462   в файле   80-259577127
На строке 8463   в файле   80-261071488
На строке 8464   в файле   80-261071955
На строке 8465   в файле   80-261071330
На строке 8466   в файле   80-261072136
На строке 8467   в файле   80-249970390
На строке 8468   в файле   80-249969258
На строке 8469   в файле   80-252284460
На строке 8470   в файле   80-249969744
На строке 8471   в файле   80-245056527
На строке 8472   в файле   80-249970344
На строке 8473   в файле   80-245058192
На строке 8474   в файле   80-249971013
На строке 8475   в файле   80-252284475
На строке 8476   в файле   80-245067706
На строке 8477   в файле   80-252285231
На строке 8478   в файле   80-252285075
На строке 8479   в файле   80-252285528
На строке 8480   в файле   80-245070929
На строке 8481   в файле   80-245071789
На строке 8482   в файле   80-249976303
На строке 8483   в файле   80-249976220
На строке 8484   в файле   80-245078798
На строке 8485   в файле   80-245079353
На строке 8486   в файле   80-249977467
На строке 8487   в файле   80-245080896
На строке 8488   в файле   80-245082829
На строке 8489   в файле   80-245083656
На строке 8490   в файле   80-249979596
На строке 8491   в файле   80-249978901
На строке 8492   в файле   80-249978885
На строке 8493   в файле   80-245085881
На строке 8494   в файле   80-252286955
На строке 8495   в файле   80-249980882
На строке 8496   в файле   80-245093761
На строке 8497   в файле   80-252287448
На строке 8498   в файле   80-252287952
На строке 8499   в файле   80-252287971
На строке 8500   в файле   80-252288137
На строке 8501   в файле   80-252288635
На строке 8502   в файле   80-245110326
На строке 8503   в файле   80-245110159
На строке 8504   в файле   80-252289502
На строке 8505   в файле   80-252289503
На строке 8506   в файле   80-245113158
На строке 8507   в файле   80-252596450
На строке 8508   в файле   80-245117329
На строке 8509   в файле   80-245117043
На строке 8510   в файле   80-252290487
На строке 8511   в файле   80-252290912
На строке 8512   в файле   80-245119672
На строке 8513   в файле   80-245120581
На строке 8514   в файле   80-245120572
На строке 8515   в файле   80-252290896
На строке 8516   в файле   80-252290957
На строке 8517   в файле   80-245121583
На строке 8518   в файле   80-252291926
На строке 8519   в файле   80-245132459
На строке 8520   в файле   80-245132965
На строке 8521   в файле   80-245133705
На строке 8522   в файле   80-252292369
На строке 8523   в файле   80-252292605
На строке 8524   в файле   80-252292967
На строке 8525   в файле   80-252293008
На строке 8526   в файле   80-252293430
На строке 8527   в файле   80-252293473
На строке 8528   в файле   80-245155437
На строке 8529   в файле   80-245156311
На строке 8530   в файле   80-252294066
На строке 8531   в файле   80-245157286
На строке 8532   в файле   80-245158095
На строке 8533   в файле   80-245158140
На строке 8534   в файле   80-245158491
На строке 8535   в файле   80-252294763
На строке 8536   в файле   80-252294561
На строке 8537   в файле   80-252295187
На строке 8538   в файле   80-252295849
На строке 8539   в файле   80-252295665
На строке 8540   в файле   80-245168512
На строке 8541   в файле   80-245169187
На строке 8542   в файле   80-252296111
На строке 8543   в файле   80-245169779
На строке 8544   в файле   80-252295885
На строке 8545   в файле   80-245170490
На строке 8546   в файле   80-252296075
На строке 8547   в файле   80-245171171
На строке 8548   в файле   80-259572551
На строке 8549   в файле   80-249966416
На строке 8550   в файле   80-259553279
На строке 8551   в файле   80-249967403
На строке 8552   в файле   80-259553927
На строке 8553   в файле   80-249967513
На строке 8554   в файле   80-261066179
На строке 8555   в файле   80-249967590
На строке 8556   в файле   80-259556956
На строке 8557   в файле   80-249968192
На строке 8558   в файле   80-261259047
На строке 8559   в файле   80-261065881
На строке 8560   в файле   80-260021226
На строке 8561   в файле   80-247866559
На строке 8562   в файле   80-247869650
На строке 8563   в файле   80-247871115
На строке 8564   в файле   80-247871641
На строке 8565   в файле   80-251810462
На строке 8566   в файле   80-247873140
На строке 8567   в файле   80-247874007
На строке 8568   в файле   80-251809932
На строке 8569   в файле   80-261264153
На строке 8570   в файле   80-260020744
На строке 8571   в файле   80-260025272
На строке 8572   в файле   80-247868188
На строке 8573   в файле   80-247869294
На строке 8574   в файле   80-247871701
На строке 8575   в файле   80-247873025
На строке 8576   в файле   80-247876188
На строке 8577   в файле   80-247877581
На строке 8578   в файле   80-251811061
На строке 8579   в файле   80-251811309
На строке 8580   в файле   80-260025613
На строке 8581   в файле   80-260026097
На строке 8582   в файле   80-260026442
На строке 8583   в файле   80-261155933
На строке 8584   в файле   80-260026569
На строке 8585   в файле   80-260026734
На строке 8586   в файле   80-247866618
На строке 8587   в файле   80-260025255
На строке 8588   в файле   80-260024986
На строке 8589   в файле   80-261155550
На строке 8590   в файле   80-247868538
На строке 8591   в файле   80-247870226
На строке 8592   в файле   80-247870974
На строке 8593   в файле   80-247872479
На строке 8594   в файле   80-251810782
На строке 8595   в файле   80-247876274
На строке 8596   в файле   80-247876850
На строке 8597   в файле   80-251810997
На строке 8598   в файле   80-260024045
На строке 8599   в файле   80-260024346
На строке 8600   в файле   80-260024552
На строке 8601   в файле   80-247867731
На строке 8602   в файле   80-260023539
На строке 8603   в файле   80-260023540
На строке 8604   в файле   80-260023889
На строке 8605   в файле   80-260028524
На строке 8606   в файле   80-247894410
На строке 8607   в файле   80-247895638
На строке 8608   в файле   80-247897389
На строке 8609   в файле   80-247898104
На строке 8610   в файле   80-247899175
На строке 8611   в файле   80-260028230
На строке 8612   в файле   80-260034249
На строке 8613   в файле   80-247895185
На строке 8614   в файле   80-247895718
На строке 8615   в файле   80-247903165
На строке 8616   в файле   80-247903161
На строке 8617   в файле   80-247909781
На строке 8618   в файле   80-247916096
На строке 8619   в файле   80-247921309
На строке 8620   в файле   80-247921677
На строке 8621   в файле   80-247925905
На строке 8622   в файле   80-247929574
На строке 8623   в файле   80-247934570
На строке 8624   в файле   80-260034376
На строке 8625   в файле   80-261264226
На строке 8626   в файле   80-260034913
На строке 8627   в файле   80-260034901
На строке 8628   в файле   80-260035266
На строке 8629   в файле   80-260035305
На строке 8630   в файле   80-260035437
На строке 8631   в файле   80-260035641
На строке 8632   в файле   80-251813556
На строке 8633   в файле   80-251814173
На строке 8634   в файле   80-247897728
На строке 8635   в файле   80-247898528
На строке 8636   в файле   80-247897784
На строке 8637   в файле   80-247898519
На строке 8638   в файле   80-247898853
На строке 8639   в файле   80-247899923
На строке 8640   в файле   80-247900028
На строке 8641   в файле   80-247900755
На строке 8642   в файле   80-247900308
На строке 8643   в файле   80-247900642
На строке 8644   в файле   80-247901653
На строке 8646   в файле   80-247902380
На строке 8647   в файле   80-247902714
На строке 8648   в файле   80-247903906
На строке 8649   в файле   80-247905031
На строке 8650   в файле   80-247904213
На строке 8651   в файле   80-247904208
На строке 8652   в файле   80-247904207
На строке 8653   в файле   80-247905427
На строке 8654   в файле   80-247907076
На строке 8655   в файле   80-247907582
На строке 8656   в файле   80-247907524
На строке 8657   в файле   80-247908194
На строке 8658   в файле   80-247908489
На строке 8659   в файле   80-247909169
На строке 8660   в файле   80-247908945
На строке 8661   в файле   80-247909462
На строке 8662   в файле   80-247910454
На строке 8663   в файле   80-247909920
На строке 8664   в файле   80-251816102
На строке 8665   в файле   80-251816145
На строке 8666   в файле   80-247912577
На строке 8667   в файле   80-251816768
На строке 8668   в файле   80-251816798
На строке 8669   в файле   80-247912569
На строке 8670   в файле   80-251817174
На строке 8671   в файле   80-251817537
На строке 8672   в файле   80-247914350
На строке 8673   в файле   80-247914031
На строке 8674   в файле   80-247914947
На строке 8675   в файле   80-247914622
На строке 8676   в файле   80-251817487
На строке 8677   в файле   80-247916459
На строке 8678   в файле   80-247917368
На строке 8679   в файле   80-247917641
На строке 8680   в файле   80-247917966
На строке 8681   в файле   80-247918565
На строке 8682   в файле   80-247918857
На строке 8683   в файле   80-247918822
На строке 8684   в файле   80-247919148
На строке 8685   в файле   80-247919405
На строке 8686   в файле   80-247919739
На строке 8687   в файле   80-247920067
На строке 8688   в файле   80-247920762
На строке 8689   в файле   80-247920513
На строке 8690   в файле   80-247921093
На строке 8691   в файле   80-247921300
На строке 8692   в файле   80-247921901
На строке 8693   в файле   80-247922272
На строке 8694   в файле   80-247922531
На строке 8695   в файле   80-247922851
На строке 8696   в файле   80-247922823
На строке 8697   в файле   80-247923498
На строке 8698   в файле   80-247923257
На строке 8699   в файле   80-247923526
На строке 8700   в файле   80-247924045
На строке 8701   в файле   80-247924047
На строке 8702   в файле   80-247924094
На строке 8703   в файле   80-247924666
На строке 8704   в файле   80-247924643
На строке 8705   в файле   80-247924758
На строке 8706   в файле   80-247925273
На строке 8707   в файле   80-247925223
На строке 8708   в файле   80-247926105
На строке 8709   в файле   80-247926502
На строке 8710   в файле   80-247928284
На строке 8711   в файле   80-251819687
На строке 8712   в файле   80-251819716
На строке 8713   в файле   80-247928188
На строке 8714   в файле   80-247928444
На строке 8715   в файле   80-251820440
На строке 8716   в файле   80-247929057
На строке 8717   в файле   80-247929044
На строке 8718   в файле   80-247929533
На строке 8719   в файле   80-247930083
На строке 8720   в файле   80-247930180
На строке 8721   в файле   80-247930608
На строке 8722   в файле   80-247930611
На строке 8723   в файле   80-247930414
На строке 8724   в файле   80-247931166
На строке 8725   в файле   80-247931129
На строке 8726   в файле   80-251820816
На строке 8727   в файле   80-247931679
На строке 8728   в файле   80-247931684
На строке 8729   в файле   80-247933124
На строке 8730   в файле   80-247933419
На строке 8731   в файле   80-247933429
На строке 8732   в файле   80-247935009
На строке 8733   в файле   80-247934861
На строке 8734   в файле   80-247935028
На строке 8735   в файле   80-251823040
На строке 8736   в файле   80-251823441
На строке 8737   в файле   80-247935667
На строке 8738   в файле   80-247935984
На строке 8739   в файле   80-247935959
На строке 8740   в файле   80-247937535
На строке 8741   в файле   80-247937534
На строке 8742   в файле   80-247937240
На строке 8743   в файле   80-247938023
На строке 8744   в файле   80-247937994
На строке 8745   в файле   80-247937993
На строке 8746   в файле   80-260034379
На строке 8747   в файле   80-247894460
На строке 8748   в файле   80-247894806
На строке 8749   в файле   80-260033948
На строке 8750   в файле   80-260033989
На строке 8751   в файле   80-247894453
На строке 8752   в файле   80-247898144
На строке 8753   в файле   80-247899178
На строке 8754   в файле   80-251814181
На строке 8755   в файле   80-247899232
На строке 8756   в файле   80-247899562
На строке 8757   в файле   80-251814860
На строке 8758   в файле   80-247900812
На строке 8759   в файле   80-247901697
На строке 8760   в файле   80-251813516
На строке 8761   в файле   80-260029457
На строке 8762   в файле   80-261156387
На строке 8763   в файле   80-260030930
На строке 8764   в файле   80-247912323
На строке 8765   в файле   80-251817498
На строке 8766   в файле   80-247915262
На строке 8767   в файле   80-247916098
На строке 8768   в файле   80-247916758
На строке 8769   в файле   80-247917652
На строке 8770   в файле   80-251819392
На строке 8771   в файле   80-247920492
На строке 8772   в файле   80-260031289
На строке 8773   в файле   80-260031322
На строке 8774   в файле   80-260031956
На строке 8775   в файле   80-260032315
На строке 8776   в файле   80-259214616
На строке 8777   в файле   80-260030684
На строке 8778   в файле   80-260031015
На строке 8779   в файле   80-251818152
На строке 8780   в файле   80-247915891
На строке 8781   в файле   80-247916754
На строке 8782   в файле   80-251818955
На строке 8783   в файле   80-247917933
На строке 8784   в файле   80-247919458
На строке 8785   в файле   80-251818966
На строке 8786   в файле   80-247921949
На строке 8787   в файле   80-260031447
На строке 8788   в файле   80-260031628
На строке 8789   в файле   80-260031978
На строке 8790   в файле   80-247912578
На строке 8791   в файле   80-260030669
На строке 8792   в файле   80-260030964
На строке 8793   в файле   80-260036028
На строке 8794   в файле   80-260035988
На строке 8795   в файле   80-247933815
На строке 8796   в файле   80-247936503
На строке 8797   в файле   80-251824011
На строке 8798   в файле   80-247939030
На строке 8799   в файле   80-247939522
На строке 8800   в файле   80-247939579
На строке 8801   в файле   80-251824254
На строке 8802   в файле   80-251824909
На строке 8803   в файле   80-251824976
На строке 8804   в файле   80-260036265
На строке 8805   в файле   80-260036575
На строке 8806   в файле   80-260036420
На строке 8807   в файле   80-261156837
На строке 8808   в файле   80-261156834
На строке 8809   в файле   80-260037214
На строке 8810   в файле   80-260037534
На строке 8811   в файле   80-260037212
На строке 8812   в файле   80-260037591
На строке 8813   в файле   80-260037608
На строке 8814   в файле   80-260037612
На строке 8815   в файле   80-260037763
На строке 8816   в файле   80-260037986
На строке 8817   в файле   80-247933755
На строке 8818   в файле   80-251822272
На строке 8819   в файле   80-251822621
На строке 8820   в файле   80-247935511
На строке 8821   в файле   80-247935528
На строке 8822   в файле   80-247936196
На строке 8823   в файле   80-247936508
На строке 8824   в файле   80-247936981
На строке 8825   в файле   80-247937592
На строке 8826   в файле   80-251823812
На строке 8827   в файле   80-247938548
На строке 8828   в файле   80-260036192
На строке 8829   в файле   80-247934616
На строке 8830   в файле   80-260032831
На строке 8831   в файле   80-247931450
На строке 8832   в файле   80-251821523
На строке 8833   в файле   80-247933368
На строке 8834   в файле   80-251821559
На строке 8835   в файле   80-247934603
На строке 8836   в файле   80-251822241
На строке 8837   в файле   80-251823131
На строке 8838   в файле   80-247930741
На строке 8839   в файле   80-260032011
На строке 8840   в файле   80-261156553
На строке 8841   в файле   80-260036620
На строке 8842   в файле   80-247941861
На строке 8843   в файле   80-252613779
На строке 8844   в файле   80-247942235
На строке 8845   в файле   80-247942494
На строке 8846   в файле   80-247943308
На строке 8847   в файле   80-247943324
На строке 8848   в файле   80-251827418
На строке 8849   в файле   80-247940922
На строке 8850   в файле   80-260036601
На строке 8851   в файле   80-260036393
На строке 8852   в файле   80-260036663
На строке 8853   в файле   80-260040057
На строке 8854   в файле   80-251826891
На строке 8855   в файле   80-251827370
На строке 8856   в файле   80-247945264
На строке 8857   в файле   80-247945540
На строке 8858   в файле   80-247946113
На строке 8859   в файле   80-247946027
На строке 8860   в файле   80-247946515
На строке 8861   в файле   80-247943055
На строке 8862   в файле   80-260039746
На строке 8863   в файле   80-260039972
На строке 8864   в файле   80-247943530
На строке 8865   в файле   80-251827358
На строке 8866   в файле   80-247945019
На строке 8867   в файле   80-247945314
На строке 8868   в файле   80-251828315
На строке 8869   в файле   80-247946526
На строке 8870   в файле   80-247947043
На строке 8871   в файле   80-247943351
На строке 8872   в файле   80-260037936
На строке 8873   в файле   80-260038200
На строке 8874   в файле   80-260040923
На строке 8875   в файле   80-247950378
На строке 8876   в файле   80-247950913
На строке 8877   в файле   80-247951413
На строке 8878   в файле   80-247951688
На строке 8879   в файле   80-247952498
На строке 8880   в файле   80-251832459
На строке 8881   в файле   80-247954812
На строке 8882   в файле   80-247949827
На строке 8883   в файле   80-260040733
На строке 8884   в файле   80-260040865
На строке 8885   в файле   80-260040851
На строке 8886   в файле   80-247950371
На строке 8887   в файле   80-247951144
На строке 8888   в файле   80-247951425
На строке 8889   в файле   80-251831325
На строке 8890   в файле   80-247952456
На строке 8891   в файле   80-247953722
На строке 8892   в файле   80-247954655
На строке 8893   в файле   80-251830240
На строке 8894   в файле   80-260040515
На строке 8895   в файле   80-261157086
На строке 8896   в файле   80-261124416
На строке 8897   в файле   80-251645916
На строке 8898   в файле   80-246834571
На строке 8899   в файле   80-251653382
На строке 8900   в файле   80-251657565
На строке 8901   в файле   80-246855523
На строке 8902   в файле   80-251675269
На строке 8903   в файле   80-246857518
На строке 8904   в файле   80-246858100
На строке 8905   в файле   80-261261941
На строке 8906   в файле   80-261261958
На строке 8907   в файле   80-259889017
На строке 8908   в файле   80-261125371
На строке 8909   в файле   80-261126003
На строке 8910   в файле   80-261126598
На строке 8911   в файле   80-261262081
На строке 8912   в файле   80-261126909
На строке 8913   в файле   80-261127172
На строке 8914   в файле   80-261127407
На строке 8915   в файле   80-252383378
На строке 8916   в файле   80-251647277
На строке 8917   в файле   80-251647268
На строке 8918   в файле   80-252383548
На строке 8919   в файле   80-246832944
На строке 8920   в файле   80-246833328
На строке 8921   в файле   80-252536068
На строке 8922   в файле   80-252536490
На строке 8923   в файле   80-252383935
На строке 8924   в файле   80-246833935
На строке 8925   в файле   80-251650461
На строке 8926   в файле   80-252384654
На строке 8927   в файле   80-246834864
На строке 8928   в файле   80-246835531
На строке 8929   в файле   80-252385437
На строке 8930   в файле   80-246836118
На строке 8931   в файле   80-246836472
На строке 8932   в файле   80-252385816
На строке 8933   в файле   80-252537008
На строке 8934   в файле   80-252386531
На строке 8935   в файле   80-246837979
На строке 8936   в файле   80-246838543
На строке 8937   в файле   80-251654060
На строке 8938   в файле   80-251654079
На строке 8939   в файле   80-246839064
На строке 8940   в файле   80-251655887
На строке 8941   в файле   80-252387369
На строке 8942   в файле   80-251655062
На строке 8943   в файле   80-252386973
На строке 8944   в файле   80-246841295
На строке 8945   в файле   80-252537446
На строке 8946   в файле   80-251660063
На строке 8947   в файле   80-251660927
На строке 8948   в файле   80-246844777
На строке 8949   в файле   80-246846190
На строке 8950   в файле   80-252390215
На строке 8951   в файле   80-251668336
На строке 8952   в файле   80-251669103
На строке 8953   в файле   80-251669866
На строке 8954   в файле   80-251672217
На строке 8955   в файле   80-251672953
На строке 8956   в файле   80-246830147
На строке 8957   в файле   80-261261827
На строке 8958   в файле   80-261273721
На строке 8959   в файле   80-260083943
На строке 8960   в файле   80-248118960
На строке 8961   в файле   80-251946201
На строке 8962   в файле   80-248128238
На строке 8963   в файле   80-248132146
На строке 8964   в файле   80-248135530
На строке 8965   в файле   80-248135868
На строке 8966   в файле   80-248136080
На строке 8967   в файле   80-248135883
На строке 8968   в файле   80-261161248
На строке 8969   в файле   80-261161558
На строке 8970   в файле   80-260084085
На строке 8971   в файле   80-260084348
На строке 8972   в файле   80-260084437
На строке 8973   в файле   80-260084617
На строке 8974   в файле   80-260084517
На строке 8975   в файле   80-260084708
На строке 8976   в файле   80-260084877
На строке 8977   в файле   80-260085046
На строке 8978   в файле   80-251944331
На строке 8979   в файле   80-251945024
На строке 8980   в файле   80-248120314
На строке 8981   в файле   80-248120633
На строке 8982   в файле   80-248121383
На строке 8983   в файле   80-248122045
На строке 8984   в файле   80-251945059
На строке 8985   в файле   80-248122276
На строке 8986   в файле   80-251945713
На строке 8987   в файле   80-248122637
На строке 8988   в файле   80-251947233
На строке 8989   в файле   80-248125217
На строке 8990   в файле   80-251948108
На строке 8991   в файле   80-251948172
На строке 8992   в файле   80-248127044
На строке 8993   в файле   80-248127067
На строке 8994   в файле   80-248127071
На строке 8995   в файле   80-248127612
На строке 8996   в файле   80-248127616
На строке 8997   в файле   80-248127674
На строке 8998   в файле   80-248128563
На строке 8999   в файле   80-248128920
На строке 9000   в файле   80-248129505
На строке 9001   в файле   80-248129957
На строке 9002   в файле   80-248130058
На строке 9003   в файле   80-248130294
На строке 9004   в файле   80-248130663
На строке 9005   в файле   80-248130628
На строке 9006   в файле   80-248131009
На строке 9007   в файле   80-248131553
На строке 9008   в файле   80-248132345
На строке 9009   в файле   80-252432679
На строке 9010   в файле   80-251949749
На строке 9011   в файле   80-251950280
На строке 9012   в файле   80-248133809
На строке 9013   в файле   80-248134071
На строке 9014   в файле   80-248134659
На строке 9015   в файле   80-248134763
На строке 9016   в файле   80-248134783
На строке 9017   в файле   80-251951189
На строке 9018   в файле   80-248135241
На строке 9019   в файле   80-248117859
На строке 9020   в файле   80-260083458
На строке 9021   в файле   80-248118295
На строке 9022   в файле   80-260083654
На строке 9023   в файле   80-260083952
На строке 9024   в файле   80-260081415
На строке 9025   в файле   80-251941223
На строке 9026   в файле   80-251944332
На строке 9027   в файле   80-248123391
На строке 9028   в файле   80-248128212
На строке 9029   в файле   80-248131757
На строке 9030   в файле   80-248134088
На строке 9031   в файле   80-248134065
На строке 9032   в файле   80-248134670
На строке 9033   в файле   80-260081671
На строке 9034   в файле   80-260081719
На строке 9035   в файле   80-260081799
На строке 9036   в файле   80-260081929
На строке 9037   в файле   80-260081990
На строке 9038   в файле   80-260081819
На строке 9039   в файле   80-260082006
На строке 9040   в файле   80-260082026
На строке 9041   в файле   80-260082134
На строке 9042   в файле   80-260082266
На строке 9043   в файле   80-248115991
На строке 9044   в файле   80-248115919
На строке 9046   в файле   80-248117044
На строке 9047   в файле   80-248116735
На строке 9048   в файле   80-248117022
На строке 9049   в файле   80-248117591
На строке 9050   в файле   80-248117516
На строке 9051   в файле   80-248118552
На строке 9052   в файле   80-248118591
На строке 9053   в файле   80-248118968
На строке 9054   в файле   80-251944389
На строке 9055   в файле   80-248120645
На строке 9056   в файле   80-248121041
На строке 9057   в файле   80-248121379
На строке 9058   в файле   80-248122012
На строке 9059   в файле   80-248122059
На строке 9060   в файле   80-251945634
На строке 9061   в файле   80-251945640
На строке 9062   в файле   80-251946357
На строке 9063   в файле   80-248123433
На строке 9064   в файле   80-251947150
На строке 9065   в файле   80-248124843
На строке 9066   в файле   80-248125148
На строке 9067   в файле   80-248125297
На строке 9068   в файле   80-248125430
На строке 9069   в файле   80-251947491
На строке 9070   в файле   80-251948325
На строке 9071   в файле   80-252432637
На строке 9072   в файле   80-248127087
На строке 9073   в файле   80-248127718
На строке 9074   в файле   80-248128248
На строке 9075   в файле   80-248129103
На строке 9076   в файле   80-248128846
На строке 9077   в файле   80-248129370
На строке 9078   в файле   80-248129466
На строке 9079   в файле   80-248129692
На строке 9080   в файле   80-248130878
На строке 9081   в файле   80-248130859
На строке 9082   в файле   80-248131159
На строке 9083   в файле   80-248131204
На строке 9084   в файле   80-248132383
На строке 9085   в файле   80-251941227
На строке 9086   в файле   80-260080719
На строке 9087   в файле   80-260081034
На строке 9088   в файле   80-260083818
На строке 9089   в файле   80-251885682
На строке 9090   в файле   80-248068071
На строке 9092   в файле   80-248076411
На строке 9093   в файле   80-248081495
На строке 9094   в файле   80-248085941
На строке 9095   в файле   80-251926946
На строке 9096   в файле   80-251931230
На строке 9097   в файле   80-251933695
На строке 9098   в файле   80-260084033
На строке 9099   в файле   80-260084917
На строке 9100   в файле   80-260086066
На строке 9101   в файле   80-260086782
На строке 9102   в файле   80-260087952
На строке 9103   в файле   80-260088311
На строке 9104   в файле   80-260089294
На строке 9105   в файле   80-260089948
На строке 9106   в файле   80-260090973
На строке 9107   в файле   80-260091810
На строке 9108   в файле   80-251886431
На строке 9109   в файле   80-248016490
На строке 9110   в файле   80-248027844
На строке 9111   в файле   80-248037378
На строке 9112   в файле   80-248043456
На строке 9113   в файле   80-252423893
На строке 9114   в файле   80-248051593
На строке 9115   в файле   80-248056659
На строке 9116   в файле   80-248064278
На строке 9117   в файле   80-252427142
На строке 9118   в файле   80-251906288
На строке 9119   в файле   80-251907175
На строке 9120   в файле   80-248071374
На строке 9121   в файле   80-248072786
На строке 9122   в файле   80-251908552
На строке 9123   в файле   80-251909046
На строке 9124   в файле   80-248073423
На строке 9125   в файле   80-251910827
На строке 9126   в файле   80-248075581
На строке 9127   в файле   80-251912085
На строке 9128   в файле   80-251913823
На строке 9129   в файле   80-251914611
На строке 9130   в файле   80-248077164
На строке 9131   в файле   80-251915687
На строке 9132   в файле   80-248078115
На строке 9133   в файле   80-251916496
На строке 9134   в файле   80-248078804
На строке 9135   в файле   80-251917205
На строке 9136   в файле   80-248078820
На строке 9137   в файле   80-248079757
На строке 9138   в файле   80-251917826
На строке 9139   в файле   80-248083226
На строке 9140   в файле   80-252428494
На строке 9141   в файле   80-252430061
На строке 9142   в файле   80-252429873
На строке 9143   в файле   80-251922706
На строке 9144   в файле   80-251922501
На строке 9145   в файле   80-251922598
На строке 9146   в файле   80-251924140
На строке 9147   в файле   80-251924134
На строке 9148   в файле   80-248086465
На строке 9149   в файле   80-248086429
На строке 9150   в файле   80-248086687
На строке 9151   в файле   80-251925153
На строке 9152   в файле   80-251926373
На строке 9153   в файле   80-248088250
На строке 9154   в файле   80-251925192
На строке 9155   в файле   80-248090470
На строке 9156   в файле   80-251925734
На строке 9157   в файле   80-252430130
На строке 9158   в файле   80-248091014
На строке 9159   в файле   80-251927683
На строке 9160   в файле   80-251928968
На строке 9161   в файле   80-248091700
На строке 9162   в файле   80-248092639
На строке 9163   в файле   80-248093242
На строке 9164   в файле   80-248093859
На строке 9165   в файле   80-251930263
На строке 9166   в файле   80-251930603
На строке 9167   в файле   80-251931096
На строке 9168   в файле   80-251932236
На строке 9169   в файле   80-251931569
На строке 9170   в файле   80-248095392
На строке 9171   в файле   80-248096266
На строке 9172   в файле   80-248095696
На строке 9173   в файле   80-252554814
На строке 9174   в файле   80-248097097
На строке 9175   в файле   80-248098661
На строке 9176   в файле   80-251932628
На строке 9177   в файле   80-248098554
На строке 9178   в файле   80-248101794
На строке 9179   в файле   80-251934593
На строке 9180   в файле   80-248102553
На строке 9181   в файле   80-251935692
На строке 9182   в файле   80-251934092
На строке 9183   в файле   80-248105939
На строке 9184   в файле   80-248105883
На строке 9185   в файле   80-248105887
На строке 9186   в файле   80-248106472
На строке 9187   в файле   80-248107529
На строке 9189   в файле   80-260084263
На строке 9190   в файле   80-260084318
На строке 9191   в файле   80-260084250
На строке 9192   в файле   80-260084358
На строке 9193   в файле   80-260084614
На строке 9194   в файле   80-260084650
На строке 9195   в файле   80-260084696
На строке 9196   в файле   80-261161282
На строке 9197   в файле   80-260084777
На строке 9198   в файле   80-260085019
На строке 9199   в файле   80-261161432
На строке 9200   в файле   80-260085170
На строке 9201   в файле   80-260085350
На строке 9202   в файле   80-260085472
На строке 9203   в файле   80-260085364
На строке 9204   в файле   80-261161448
На строке 9205   в файле   80-260085511
На строке 9206   в файле   80-260085657
На строке 9207   в файле   80-260085781
На строке 9208   в файле   80-260086227
На строке 9209   в файле   80-260086098
На строке 9210   в файле   80-260085986
На строке 9211   в файле   80-260086308
На строке 9212   в файле   80-260086055
На строке 9213   в файле   80-261161699
На строке 9214   в файле   80-260086329
На строке 9215   в файле   80-261161703
На строке 9216   в файле   80-260086665
На строке 9217   в файле   80-260086651
На строке 9218   в файле   80-260086632
На строке 9219   в файле   80-260087084
На строке 9220   в файле   80-260086968
На строке 9221   в файле   80-260087184
На строке 9222   в файле   80-261264584
На строке 9223   в файле   80-260087325
На строке 9224   в файле   80-260087542
На строке 9225   в файле   80-260087429
На строке 9226   в файле   80-260087637
На строке 9227   в файле   80-261161726
На строке 9228   в файле   80-260087900
На строке 9229   в файле   80-261161858
На строке 9230   в файле   80-260087868
На строке 9231   в файле   80-260088051
На строке 9232   в файле   80-260088007
На строке 9233   в файле   80-260088131
На строке 9234   в файле   80-261161890
На строке 9235   в файле   80-260088070
На строке 9236   в файле   80-260088119
На строке 9237   в файле   80-260088284
На строке 9238   в файле   80-260088236
На строке 9239   в файле   80-260088433
На строке 9240   в файле   80-260088754
На строке 9241   в файле   80-260088783
На строке 9242   в файле   80-260089065
На строке 9243   в файле   80-260089022
На строке 9244   в файле   80-260089040
На строке 9245   в файле   80-260089046
На строке 9246   в файле   80-260089106
На строке 9247   в файле   80-260089179
На строке 9248   в файле   80-260089375
На строке 9249   в файле   80-260089381
На строке 9250   в файле   80-260089664
На строке 9251   в файле   80-260089538
На строке 9252   в файле   80-260089637
На строке 9253   в файле   80-260089700
На строке 9254   в файле   80-260089842
На строке 9255   в файле   80-260089861
На строке 9256   в файле   80-260089867
На строке 9257   в файле   80-260089930
На строке 9258   в файле   80-260089963
На строке 9259   в файле   80-260090149
На строке 9260   в файле   80-260090176
На строке 9261   в файле   80-260090181
На строке 9262   в файле   80-260090402
На строке 9263   в файле   80-260090425
На строке 9264   в файле   80-260090430
На строке 9265   в файле   80-260090652
На строке 9266   в файле   80-260090666
На строке 9267   в файле   80-260090739
На строке 9268   в файле   80-260091032
На строке 9269   в файле   80-260091057
На строке 9270   в файле   80-261162002
На строке 9271   в файле   80-260091181
На строке 9272   в файле   80-260091380
На строке 9273   в файле   80-260091285
На строке 9274   в файле   80-260091455
На строке 9275   в файле   80-260091640
На строке 9276   в файле   80-261162375
На строке 9277   в файле   80-260091775
На строке 9278   в файле   80-260091893
На строке 9279   в файле   80-260091974
На строке 9280   в файле   80-261162376
На строке 9281   в файле   80-260092094
На строке 9282   в файле   80-260091965
На строке 9283   в файле   80-260092018
На строке 9284   в файле   80-260092143
На строке 9285   в файле   80-261264792
На строке 9286   в файле   80-260092196
На строке 9287   в файле   80-260092354
На строке 9288   в файле   80-260092464
На строке 9289   в файле   80-251889037
На строке 9290   в файле   80-251889707
На строке 9291   в файле   80-251890115
На строке 9292   в файле   80-248008814
На строке 9293   в файле   80-252615089
На строке 9294   в файле   80-251892641
На строке 9295   в файле   80-251893193
На строке 9296   в файле   80-248014614
На строке 9297   в файле   80-248014784
На строке 9298   в файле   80-251893700
На строке 9299   в файле   80-248018229
На строке 9300   в файле   80-248018343
На строке 9301   в файле   80-252652082
На строке 9302   в файле   80-248019133
На строке 9303   в файле   80-248021723
На строке 9304   в файле   80-248022334
На строке 9305   в файле   80-248022749
На строке 9306   в файле   80-251894820
На строке 9307   в файле   80-252552563
На строке 9308   в файле   80-248027788
На строке 9309   в файле   80-248028665
На строке 9310   в файле   80-248030055
На строке 9311   в файле   80-252553310
На строке 9312   в файле   80-252421817
На строке 9313   в файле   80-248030649
На строке 9314   в файле   80-248032028
На строке 9315   в файле   80-248032105
На строке 9316   в файле   80-248033575
На строке 9317   в файле   80-248035017
На строке 9318   в файле   80-248035390
На строке 9319   в файле   80-248037421
На строке 9320   в файле   80-248038783
На строке 9321   в файле   80-248040086
На строке 9322   в файле   80-248040252
На строке 9323   в файле   80-248041537
На строке 9324   в файле   80-248040855
На строке 9325   в файле   80-248041466
На строке 9326   в файле   80-248042257
На строке 9327   в файле   80-248042864
На строке 9328   в файле   80-248042873
На строке 9329   в файле   80-248044165
На строке 9330   в файле   80-248044282
На строке 9331   в файле   80-252423932
На строке 9332   в файле   80-248045458
На строке 9333   в файле   80-248045493
На строке 9334   в файле   80-248045450
На строке 9335   в файле   80-248046178
На строке 9336   в файле   80-248045085
На строке 9337   в файле   80-248047027
На строке 9338   в файле   80-248046788
На строке 9339   в файле   80-248046947
На строке 9340   в файле   80-251897487
На строке 9341   в файле   80-251898022
На строке 9342   в файле   80-252424147
На строке 9343   в файле   80-248049391
На строке 9344   в файле   80-248050099
На строке 9345   в файле   80-248050108
На строке 9346   в файле   80-248050190
На строке 9347   в файле   80-248051567
На строке 9348   в файле   80-248051417
На строке 9349   в файле   80-248052215
На строке 9350   в файле   80-248052751
На строке 9351   в файле   80-251898550
На строке 9352   в файле   80-248053941
На строке 9353   в файле   80-248054605
На строке 9354   в файле   80-248053949
На строке 9355   в файле   80-248055236
На строке 9356   в файле   80-252615841
На строке 9357   в файле   80-251898591
На строке 9358   в файле   80-248056706
На строке 9359   в файле   80-248058211
На строке 9360   в файле   80-248057209
На строке 9361   в файле   80-252553300
На строке 9362   в файле   80-248058822
На строке 9363   в файле   80-248059332
На строке 9364   в файле   80-251900346
На строке 9365   в файле   80-252554282
На строке 9366   в файле   80-248059976
На строке 9367   в файле   80-251900787
На строке 9368   в файле   80-252425781
На строке 9369   в файле   80-248064388
На строке 9370   в файле   80-252426490
На строке 9371   в файле   80-248065778
На строке 9372   в файле   80-252425817
На строке 9373   в файле   80-251902767
На строке 9374   в файле   80-247984804
На строке 9375   в файле   80-260081425
На строке 9376   в файле   80-247991253
На строке 9377   в файле   80-260082304
На строке 9378   в файле   80-247992781
На строке 9379   в файле   80-260082626
На строке 9380   в файле   80-247993269
На строке 9381   в файле   80-260082873
На строке 9382   в файле   80-247993358
На строке 9383   в файле   80-260082570
На строке 9384   в файле   80-247964927
На строке 9385   в файле   80-260079513
На строке 9386   в файле   80-247965837
На строке 9387   в файле   80-260079530
На строке 9388   в файле   80-247967957
На строке 9389   в файле   80-260079757
На строке 9390   в файле   80-247970399
На строке 9391   в файле   80-260079968
На строке 9392   в файле   80-247970400
На строке 9393   в файле   80-260079949
На строке 9394   в файле   80-247971966
На строке 9395   в файле   80-260079952
На строке 9396   в файле   80-247972887
На строке 9397   в файле   80-260080147
На строке 9398   в файле   80-247973655
На строке 9399   в файле   80-260080335
На строке 9400   в файле   80-247974457
На строке 9401   в файле   80-260080276
На строке 9402   в файле   80-247975395
На строке 9403   в файле   80-260080563
На строке 9404   в файле   80-247976359
На строке 9405   в файле   80-260080625
На строке 9406   в файле   80-247980413
На строке 9407   в файле   80-260080718
На строке 9408   в файле   80-247981236
На строке 9409   в файле   80-260080871
На строке 9410   в файле   80-247984905
На строке 9411   в файле   80-260081500
На строке 9412   в файле   80-247985321
На строке 9413   в файле   80-260081644
На строке 9414   в файле   80-247992184
На строке 9415   в файле   80-260082502
На строке 9416   в файле   80-247995521
На строке 9417   в файле   80-260082914
На строке 9418   в файле   80-247998607
На строке 9419   в файле   80-260083300
На строке 9420   в файле   80-247961350
На строке 9421   в файле   80-260078694
На строке 9422   в файле   80-247962816
На строке 9423   в файле   80-260078915
На строке 9424   в файле   80-247979876
На строке 9425   в файле   80-260080672
На строке 9426   в файле   80-247982389
На строке 9427   в файле   80-260081134
На строке 9428   в файле   80-247958386
На строке 9429   в файле   80-260078554
На строке 9430   в файле   80-247997321
На строке 9431   в файле   80-260083096
На строке 9432   в файле   80-247963109
На строке 9433   в файле   80-261160864
На строке 9434   в файле   80-247964002
На строке 9435   в файле   80-260079111
На строке 9436   в файле   80-247964355
На строке 9437   в файле   80-260079261
На строке 9438   в файле   80-247964677
На строке 9439   в файле   80-260079353
На строке 9440   в файле   80-247965875
На строке 9441   в файле   80-260079577
На строке 9442   в файле   80-247968963
На строке 9443   в файле   80-260079771
На строке 9444   в файле   80-247961988
На строке 9445   в файле   80-260078965
На строке 9446   в файле   80-247962216
На строке 9447   в файле   80-260078775
На строке 9448   в файле   80-251850545
На строке 9449   в файле   80-260081358
На строке 9450   в файле   80-251851381
На строке 9451   в файле   80-260081355
На строке 9452   в файле   80-251859604
На строке 9453   в файле   80-260082311
На строке 9454   в файле   80-251861870
На строке 9455   в файле   80-260082727
На строке 9456   в файле   80-251866270
На строке 9457   в файле   80-261161014
На строке 9458   в файле   80-251866995
На строке 9459   в файле   80-260082734
На строке 9460   в файле   80-251867565
На строке 9461   в файле   80-260082966
На строке 9462   в файле   80-251871005
На строке 9463   в файле   80-260083116
На строке 9464   в файле   80-251873762
На строке 9465   в файле   80-260083247
На строке 9466   в файле   80-251875238
На строке 9467   в файле   80-260083418
На строке 9468   в файле   80-251879427
На строке 9469   в файле   80-260083533
На строке 9470   в файле   80-251844158
На строке 9471   в файле   80-261161096
На строке 9472   в файле   80-251860316
На строке 9473   в файле   80-260082111
На строке 9474   в файле   80-251838074
На строке 9475   в файле   80-260079164
На строке 9476   в файле   80-251839409
На строке 9477   в файле   80-260079971
На строке 9478   в файле   80-251848646
На строке 9479   в файле   80-260080914
На строке 9480   в файле   80-251848679
На строке 9481   в файле   80-260081224
На строке 9482   в файле   80-251849307
На строке 9483   в файле   80-261264690
На строке 9484   в файле   80-251860408
На строке 9485   в файле   80-260082355
На строке 9486   в файле   80-251861063
На строке 9487   в файле   80-260082443
На строке 9488   в файле   80-251868263
На строке 9489   в файле   80-260082987
На строке 9490   в файле   80-251869427
На строке 9491   в файле   80-261264585
На строке 9492   в файле   80-251851862
На строке 9493   в файле   80-260081730
На строке 9494   в файле   80-252415206
На строке 9495   в файле   80-260080812
На строке 9496   в файле   80-252416656
На строке 9497   в файле   80-260081024
На строке 9498   в файле   80-252549974
На строке 9499   в файле   80-260082617
На строке 9500   в файле   80-252550100
На строке 9501   в файле   80-260083652
На строке 9502   в файле   80-261161019
На строке 9503   в файле   80-260043659
На строке 9504   в файле   80-251832436
На строке 9505   в файле   80-251834153
На строке 9506   в файле   80-251836008
На строке 9507   в файле   80-247965877
На строке 9508   в файле   80-247976399
На строке 9509   в файле   80-251854750
На строке 9510   в файле   80-252548591
На строке 9511   в файле   80-247991293
На строке 9512   в файле   80-260043737
На строке 9513   в файле   80-260044109
На строке 9514   в файле   80-260044265
На строке 9515   в файле   80-260044533
На строке 9516   в файле   80-261157634
На строке 9517   в файле   80-261157988
На строке 9518   в файле   80-261157879
На строке 9519   в файле   80-260045525
На строке 9520   в файле   80-261264434
На строке 9521   в файле   80-260046228
На строке 9522   в файле   80-247954006
На строке 9523   в файле   80-247954056
На строке 9524   в файле   80-247954911
На строке 9525   в файле   80-247955261
На строке 9526   в файле   80-247955436
На строке 9527   в файле   80-247955691
На строке 9528   в файле   80-247956292
На строке 9529   в файле   80-247956344
На строке 9530   в файле   80-247956542
На строке 9531   в файле   80-251833612
На строке 9532   в файле   80-251834794
На строке 9533   в файле   80-247957287
На строке 9534   в файле   80-247957824
На строке 9535   в файле   80-247957874
На строке 9536   в файле   80-247958118
На строке 9537   в файле   80-247958721
На строке 9538   в файле   80-247959440
На строке 9539   в файле   80-247959092
На строке 9540   в файле   80-251835425
На строке 9541   в файле   80-247960676
На строке 9542   в файле   80-247960986
На строке 9543   в файле   80-247961279
На строке 9544   в файле   80-247961275
На строке 9545   в файле   80-247961944
На строке 9546   в файле   80-251836743
На строке 9547   в файле   80-247962758
На строке 9548   в файле   80-247963389
На строке 9549   в файле   80-247964652
На строке 9550   в файле   80-247965243
На строке 9551   в файле   80-247965871
На строке 9552   в файле   80-247966575
На строке 9553   в файле   80-247967878
На строке 9554   в файле   80-247968960
На строке 9555   в файле   80-247970416
На строке 9556   в файле   80-247971200
На строке 9557   в файле   80-247971954
На строке 9558   в файле   80-247972846
На строке 9559   в файле   80-247973632
На строке 9560   в файле   80-247974408
На строке 9561   в файле   80-251842861
На строке 9562   в файле   80-247979422
На строке 9563   в файле   80-251842841
На строке 9564   в файле   80-247979926
На строке 9565   в файле   80-247980890
На строке 9566   в файле   80-251847939
На строке 9567   в файле   80-251851197
На строке 9568   в файле   80-251852531
На строке 9569   в файле   80-251852591
На строке 9570   в файле   80-251854014
На строке 9571   в файле   80-251856014
На строке 9572   в файле   80-247988290
На строке 9573   в файле   80-247988885
На строке 9574   в файле   80-247989356
На строке 9575   в файле   80-247989882
На строке 9576   в файле   80-251856755
На строке 9577   в файле   80-247951939
На строке 9578   в файле   80-260043060
На строке 9579   в файле   80-251831482
На строке 9580   в файле   80-260043261
На строке 9581   в файле   80-260042654
На строке 9582   в файле   80-259776613
На строке 9583   в файле   80-259775977
На строке 9584   в файле   80-251324657
На строке 9585   в файле   80-245474260
На строке 9586   в файле   80-259775369
На строке 9587   в файле   80-259775499
На строке 9588   в файле   80-259776660
На строке 9589   в файле   80-261111144
На строке 9590   в файле   80-259776662
На строке 9591   в файле   80-259777144
На строке 9592   в файле   80-261110740
На строке 9593   в файле   80-261111221
На строке 9594   в файле   80-261111121
На строке 9595   в файле   80-252326647
На строке 9596   в файле   80-261111867
На строке 9597   в файле   80-251326129
На строке 9598   в файле   80-251326514
На строке 9599   в файле   80-251327290
На строке 9600   в файле   80-251327653
На строке 9601   в файле   80-252327111
На строке 9602   в файле   80-261111778
На строке 9603   в файле   80-261111885
На строке 9604   в файле   80-261112547
На строке 9605   в файле   80-261261023
На строке 9606   в файле   80-261112585
На строке 9607   в файле   80-251326473
На строке 9608   в файле   80-259789215
На строке 9609   в файле   80-261112244
На строке 9610   в файле   80-252326854
На строке 9611   в файле   80-251328436
На строке 9612   в файле   80-260771954
На строке 9613   в файле   80-249914918
На строке 9614   в файле   80-244600838
На строке 9615   в файле   80-244603828
На строке 9616   в файле   80-249916509
На строке 9617   в файле   80-249916621
На строке 9618   в файле   80-244605806
На строке 9619   в файле   80-244605947
На строке 9620   в файле   80-244606482
На строке 9621   в файле   80-260772198
На строке 9622   в файле   80-260772301
На строке 9623   в файле   80-261275952
На строке 9624   в файле   80-260772542
На строке 9625   в файле   80-260772306
На строке 9626   в файле   80-260772536
На строке 9627   в файле   80-260772869
На строке 9628   в файле   80-260772882
На строке 9629   в файле   80-260772635
На строке 9630   в файле   80-260773171
На строке 9631   в файле   80-260773196
На строке 9632   в файле   80-244596799
На строке 9633   в файле   80-244597455
На строке 9634   в файле   80-244597634
На строке 9635   в файле   80-244598901
На строке 9636   в файле   80-244599025
На строке 9637   в файле   80-249915545
На строке 9638   в файле   80-249915637
На строке 9639   в файле   80-244599943
На строке 9640   в файле   80-244599763
На строке 9641   в файле   80-244600544
На строке 9642   в файле   80-244601138
На строке 9643   в файле   80-244601615
На строке 9644   в файле   80-249915997
На строке 9645   в файле   80-244602382
На строке 9646   в файле   80-244602534
На строке 9647   в файле   80-249915995
На строке 9648   в файле   80-249916227
На строке 9649   в файле   80-244603490
На строке 9650   в файле   80-244603325
На строке 9651   в файле   80-249916367
На строке 9652   в файле   80-244604461
На строке 9653   в файле   80-249916409
На строке 9654   в файле   80-244594040
На строке 9655   в файле   80-260771702
На строке 9656   в файле   80-244594382
На строке 9657   в файле   80-259229803
На строке 9658   в файле   80-244594904
На строке 9659   в файле   80-259230388
На строке 9660   в файле   80-244595004
На строке 9661   в файле   80-260771783
На строке 9662   в файле   80-260771913
На строке 9663   в файле   80-244596024
На строке 9664   в файле   80-259230392
На строке 9665   в файле   80-244594625
На строке 9666   в файле   80-259230298
На строке 9667   в файле   80-244595181
На строке 9668   в файле   80-260772056
На строке 9669   в файле   80-261114945
На строке 9670   в файле   80-252332692
На строке 9671   в файле   80-259208952
На строке 9672   в файле   80-245518565
На строке 9673   в файле   80-259209591
На строке 9674   в файле   80-245518921
На строке 9675   в файле   80-261115233
На строке 9676   в файле   80-259173309
На строке 9677   в файле   80-259813052
На строке 9678   в файле   80-259813393
На строке 9679   в файле   80-261115425
На строке 9680   в файле   80-261261154
На строке 9681   в файле   80-245519998
На строке 9682   в файле   80-251356087
На строке 9683   в файле   80-251355684
На строке 9684   в файле   80-251356330
На строке 9685   в файле   80-261273505
На строке 9686   в файле   80-261260948
На строке 9687   в файле   80-259164473
На строке 9688   в файле   80-245481586
На строке 9689   в файле   80-261261045
На строке 9690   в файле   80-259802445
На строке 9691   в файле   80-261113942
На строке 9692   в файле   80-261113816
На строке 9693   в файле   80-252327884
На строке 9694   в файле   80-259802428
На строке 9695   в файле   80-259802429
На строке 9696   в файле   80-259802103
На строке 9697   в файле   80-261114715
На строке 9698   в файле   80-261114542
На строке 9699   в файле   80-251334891
На строке 9700   в файле   80-251334826
На строке 9701   в файле   80-261114631
На строке 9702   в файле   80-259810572
На строке 9703   в файле   80-245508641
На строке 9704   в файле   80-251342404
На строке 9705   в файле   80-259810571
На строке 9706   в файле   80-259810264
На строке 9707   в файле   80-259810624
На строке 9708   в файле   80-259810839
На строке 9709   в файле   80-245508514
На строке 9710   в файле   80-251342010
На строке 9711   в файле   80-259810590
На строке 9712   в файле   80-259811443
На строке 9713   в файле   80-259811444
На строке 9714   в файле   80-245508639
На строке 9715   в файле   80-251343031
На строке 9716   в файле   80-261114853
На строке 9717   в файле   80-261115342
На строке 9718   в файле   80-245508416
На строке 9719   в файле   80-245508421
На строке 9720   в файле   80-261114278
На строке 9721   в файле   80-261114572
На строке 9722   в файле   80-259811463
На строке 9723   в файле   80-245517142
На строке 9724   в файле   80-251349299
На строке 9725   в файле   80-251350106
На строке 9726   в файле   80-259811756
На строке 9727   в файле   80-245517408
На строке 9728   в файле   80-245518478
На строке 9729   в файле   80-251351405
На строке 9730   в файле   80-259811440
На строке 9731   в файле   80-259811445
На строке 9732   в файле   80-245516634
На строке 9733   в файле   80-245516869
На строке 9734   в файле   80-252332689
На строке 9735   в файле   80-251349524
На строке 9736   в файле   80-251349525
На строке 9737   в файле   80-251350723
На строке 9738   в файле   80-251350753
На строке 9739   в файле   80-245518278
На строке 9740   в файле   80-260044249
На строке 9741   в файле   80-247963413
На строке 9742   в файле   80-247963995
На строке 9743   в файле   80-247985373
На строке 9744   в файле   80-247993910
На строке 9745   в файле   80-252551976
На строке 9746   в файле   80-252614300
На строке 9747   в файле   80-248015771
На строке 9748   в файле   80-248030015
На строке 9749   в файле   80-248035824
На строке 9750   в файле   80-261264303
На строке 9751   в файле   80-260047455
На строке 9752   в файле   80-260049860
На строке 9753   в файле   80-260055219
На строке 9754   в файле   80-260057770
На строке 9755   в файле   80-260060238
На строке 9756   в файле   80-260062593
На строке 9757   в файле   80-260066525
На строке 9758   в файле   80-260071435
На строке 9759   в файле   80-247964054
На строке 9760   в файле   80-247979964
На строке 9761   в файле   80-251843542
На строке 9762   в файле   80-247981298
На строке 9763   в файле   80-247981676
На строке 9764   в файле   80-252547907
На строке 9765   в файле   80-252416693
На строке 9766   в файле   80-251848542
На строке 9767   в файле   80-247982765
На строке 9768   в файле   80-251850074
На строке 9769   в файле   80-247983849
На строке 9770   в файле   80-251855379
На строке 9771   в файле   80-251853888
На строке 9772   в файле   80-251856724
На строке 9773   в файле   80-247990389
На строке 9774   в файле   80-247990388
На строке 9775   в файле   80-251858788
На строке 9776   в файле   80-247991670
На строке 9777   в файле   80-252418107
На строке 9778   в файле   80-247992870
На строке 9779   в файле   80-251865533
На строке 9780   в файле   80-251867749
На строке 9781   в файле   80-251869262
На строке 9782   в файле   80-247996254
На строке 9783   в файле   80-247997301
На строке 9784   в файле   80-251871741
На строке 9785   в файле   80-251874698
На строке 9786   в файле   80-247999498
На строке 9787   в файле   80-248002291
На строке 9788   в файле   80-248002300
На строке 9789   в файле   80-248003087
На строке 9790   в файле   80-248003764
На строке 9791   в файле   80-251884415
На строке 9792   в файле   80-251884315
На строке 9793   в файле   80-251885922
На строке 9794   в файле   80-248004633
На строке 9795   в файле   80-251888340
На строке 9796   в файле   80-251888488
На строке 9797   в файле   80-251887211
На строке 9798   в файле   80-251889474
На строке 9799   в файле   80-248006338
На строке 9800   в файле   80-251890796
На строке 9801   в файле   80-248008617
На строке 9802   в файле   80-248008081
На строке 9803   в файле   80-251891370
На строке 9804   в файле   80-251891928
На строке 9805   в файле   80-251892652
На строке 9806   в файле   80-248013856
На строке 9807   в файле   80-248014639
На строке 9808   в файле   80-248014857
На строке 9809   в файле   80-248016508
На строке 9810   в файле   80-248018302
На строке 9811   в файле   80-248019907
На строке 9812   в файле   80-248020700
На строке 9813   в файле   80-248021759
На строке 9814   в файле   80-252552646
На строке 9815   в файле   80-248021536
На строке 9816   в файле   80-248023289
На строке 9817   в файле   80-251894789
На строке 9818   в файле   80-248027040
На строке 9819   в файле   80-248027772
На строке 9820   в файле   80-248030034
На строке 9821   в файле   80-248031506
На строке 9822   в файле   80-248031543
На строке 9823   в файле   80-248033098
На строке 9824   в файле   80-248033564
На строке 9825   в файле   80-248033188
На строке 9826   в файле   80-248034458
На строке 9827   в файле   80-248035221
На строке 9828   в файле   80-248035048
На строке 9829   в файле   80-248035951
На строке 9830   в файле   80-248036487
На строке 9831   в файле   80-252422546
На строке 9832   в файле   80-248037321
На строке 9833   в файле   80-248038803
На строке 9834   в файле   80-248038768
На строке 9835   в файле   80-252422611
На строке 9836   в файле   80-252422713
На строке 9837   в файле   80-248040177
На строке 9838   в файле   80-248040062
На строке 9839   в файле   80-248041611
На строке 9840   в файле   80-252423939
На строке 9841   в файле   80-260044840
На строке 9842   в файле   80-260045023
На строке 9843   в файле   80-260045279
На строке 9844   в файле   80-260045281
На строке 9845   в файле   80-261157996
На строке 9846   в файле   80-261157873
На строке 9847   в файле   80-260046227
На строке 9848   в файле   80-260046646
На строке 9849   в файле   80-260046956
На строке 9850   в файле   80-260047124
На строке 9851   в файле   80-260047450
На строке 9852   в файле   80-260047800
На строке 9853   в файле   80-260048293
На строке 9854   в файле   80-260048296
На строке 9855   в файле   80-260048678
На строке 9856   в файле   80-260048840
На строке 9857   в файле   80-260049045
На строке 9858   в файле   80-260049112
На строке 9859   в файле   80-260049448
На строке 9860   в файле   80-260049462
На строке 9861   в файле   80-260049999
На строке 9862   в файле   80-260050246
На строке 9863   в файле   80-260050693
На строке 9864   в файле   80-260050736
На строке 9865   в файле   80-261158680
На строке 9866   в файле   80-260052626
На строке 9867   в файле   80-260052959
На строке 9868   в файле   80-260053144
На строке 9869   в файле   80-260053279
На строке 9870   в файле   80-260053503
На строке 9871   в файле   80-260053840
На строке 9872   в файле   80-260054265
На строке 9873   в файле   80-260054546
На строке 9874   в файле   80-260054669
На строке 9875   в файле   80-260055282
На строке 9876   в файле   80-260055581
На строке 9877   в файле   80-260055632
На строке 9878   в файле   80-260055918
На строке 9879   в файле   80-261159118
На строке 9880   в файле   80-260056369
На строке 9881   в файле   80-260056510
На строке 9882   в файле   80-260056818
На строке 9883   в файле   80-260057332
На строке 9884   в файле   80-260057300
На строке 9885   в файле   80-261158862
На строке 9886   в файле   80-260058006
На строке 9887   в файле   80-260058326
На строке 9888   в файле   80-260058439
На строке 9889   в файле   80-260058876
На строке 9890   в файле   80-260059265
На строке 9891   в файле   80-260059494
На строке 9892   в файле   80-260059631
На строке 9893   в файле   80-260059789
На строке 9894   в файле   80-260060177
На строке 9895   в файле   80-260060539
На строке 9896   в файле   80-260060921
На строке 9897   в файле   80-260061015
На строке 9898   в файле   80-260061325
На строке 9899   в файле   80-260061463
На строке 9900   в файле   80-260061398
На строке 9901   в файле   80-260061930
На строке 9902   в файле   80-260061940
На строке 9903   в файле   80-260061925
На строке 9904   в файле   80-260062103
На строке 9905   в файле   80-260062738
На строке 9906   в файле   80-260062685
На строке 9907   в файле   80-260062934
На строке 9908   в файле   80-260063808
На строке 9909   в файле   80-260064291
На строке 9910   в файле   80-260064590
На строке 9911   в файле   80-260064054
На строке 9912   в файле   80-260065171
На строке 9913   в файле   80-260065806
На строке 9914   в файле   80-261159794
На строке 9915   в файле   80-260065948
На строке 9916   в файле   80-261264561
На строке 9917   в файле   80-260066476
На строке 9918   в файле   80-260067034
На строке 9919   в файле   80-260067672
На строке 9920   в файле   80-260068028
На строке 9921   в файле   80-260068031
На строке 9922   в файле   80-260068275
На строке 9923   в файле   80-260068984
На строке 9924   в файле   80-260068939
На строке 9925   в файле   80-260069297
На строке 9926   в файле   80-260069768
На строке 9927   в файле   80-260070272
На строке 9928   в файле   80-260070674
На строке 9929   в файле   80-260071186
На строке 9930   в файле   80-260071593
На строке 9931   в файле   80-260071797
На строке 9932   в файле   80-260072154
На строке 9933   в файле   80-260072309
На строке 9934   в файле   80-260072765
На строке 9935   в файле   80-260072893
На строке 9936   в файле   80-260072744
На строке 9937   в файле   80-260073149
На строке 9938   в файле   80-260073120
На строке 9939   в файле   80-260073755
На строке 9940   в файле   80-260073602
На строке 9941   в файле   80-260074545
На строке 9942   в файле   80-260074539
На строке 9943   в файле   80-260074556
На строке 9944   в файле   80-260074971
На строке 9945   в файле   80-260075045
На строке 9946   в файле   80-260075367
На строке 9947   в файле   80-261264546
На строке 9948   в файле   80-260075777
На строке 9949   в файле   80-251838601
На строке 9950   в файле   80-247967228
На строке 9951   в файле   80-247967276
На строке 9952   в файле   80-247966551
На строке 9953   в файле   80-251839274
На строке 9954   в файле   80-247967946
На строке 9955   в файле   80-247967251
На строке 9956   в файле   80-247968976
На строке 9957   в файле   80-251838903
На строке 9958   в файле   80-247969708
На строке 9959   в файле   80-251839902
На строке 9960   в файле   80-247971184
На строке 9961   в файле   80-247972058
На строке 9962   в файле   80-247973708
На строке 9963   в файле   80-251840553
На строке 9964   в файле   80-252413947
На строке 9965   в файле   80-247975251
На строке 9966   в файле   80-247976620
На строке 9967   в файле   80-251843203
На строке 9968   в файле   80-247962505
На строке 9969   в файле   80-260043861
На строке 9970   в файле   80-260043855
На строке 9971   в файле   80-260049048
На строке 9972   в файле   80-261158399
На строке 9973   в файле   80-261158681
На строке 9974   в файле   80-247971982
На строке 9975   в файле   80-247985314
На строке 9976   в файле   80-251860228
На строке 9977   в файле   80-248002998
На строке 9978   в файле   80-251888513
На строке 9979   в файле   80-248018102
На строке 9980   в файле   80-248027783
На строке 9981   в файле   80-248036715
На строке 9982   в файле   80-260050437
На строке 9983   в файле   80-260053707
На строке 9984   в файле   80-260057202
На строке 9985   в файле   80-260060638
На строке 9986   в файле   80-260064113
На строке 9987   в файле   80-261159765
На строке 9988   в файле   80-260069398
На строке 9989   в файле   80-260071789
На строке 9990   в файле   80-260074139
На строке 9991   в файле   80-260075783
На строке 9992   в файле   80-247973217
На строке 9993   в файле   80-247974418
На строке 9994   в файле   80-247974869
На строке 9996   в файле   80-247977287
На строке 9997   в файле   80-247979974
На строке 9998   в файле   80-247980398
На строке 9999   в файле   80-247980895
На строке 10000   в файле   80-252414524
На строке 10001   в файле   80-252548083
На строке 10002   в файле   80-252613460
На строке 10003   в файле   80-247984392
На строке 10004   в файле   80-247984432
На строке 10005   в файле   80-252614241
На строке 10006   в файле   80-247985868
На строке 10007   в файле   80-251853988
На строке 10008   в файле   80-251852617
На строке 10009   в файле   80-251855322
На строке 10010   в файле   80-251856911
На строке 10011   в файле   80-247988958
На строке 10012   в файле   80-251858796
На строке 10013   в файле   80-251857380
На строке 10014   в файле   80-247990122
На строке 10015   в файле   80-247990366
На строке 10016   в файле   80-251858288
На строке 10017   в файле   80-247992170
На строке 10018   в файле   80-247993905
На строке 10019   в файле   80-251866244
На строке 10020   в файле   80-251866178
На строке 10021   в файле   80-247996114
На строке 10022   в файле   80-251871071
На строке 10023   в файле   80-251872386
На строке 10024   в файле   80-251872431
На строке 10025   в файле   80-251873881
На строке 10026   в файле   80-247999587
На строке 10027   в файле   80-248000877
На строке 10028   в файле   80-247999417
На строке 10029   в файле   80-248000984
На строке 10030   в файле   80-248000902
На строке 10031   в файле   80-251879843
На строке 10032   в файле   80-251880747
На строке 10033   в файле   80-251880238
На строке 10034   в файле   80-251880767
На строке 10035   в файле   80-251884258
На строке 10036   в файле   80-251883727
На строке 10037   в файле   80-252551407
На строке 10038   в файле   80-251885029
На строке 10039   в файле   80-251885927
На строке 10040   в файле   80-251887105
На строке 10041   в файле   80-251887864
На строке 10042   в файле   80-248007095
На строке 10044   в файле   80-251890745
На строке 10045   в файле   80-251890317
На строке 10046   в файле   80-251891306
На строке 10047   в файле   80-251891948
На строке 10048   в файле   80-248014826
На строке 10049   в файле   80-248016386
На строке 10050   в файле   80-248016281
На строке 10051   в файле   80-248016436
На строке 10052   в файле   80-251893197
На строке 10053   в файле   80-251893697
На строке 10054   в файле   80-248020021
На строке 10055   в файле   80-248019109
На строке 10056   в файле   80-248020107
На строке 10057   в файле   80-248020911
На строке 10058   в файле   80-251894326
На строке 10059   в файле   80-248022262
На строке 10060   в файле   80-251894256
На строке 10061   в файле   80-252552066
На строке 10062   в файле   80-252649677
На строке 10063   в файле   80-248027948
На строке 10064   в файле   80-248030048
На строке 10065   в файле   80-248030045
На строке 10066   в файле   80-248031397
На строке 10067   в файле   80-248031420
На строке 10068   в файле   80-248032937
На строке 10069   в файле   80-251895707
На строке 10070   в файле   80-248033804
На строке 10071   в файле   80-252422557
На строке 10072   в файле   80-248036649
На строке 10073   в файле   80-248038786
На строке 10074   в файле   80-248038790
На строке 10075   в файле   80-248040345
На строке 10076   в файле   80-251896481
На строке 10077   в файле   80-248042867
На строке 10078   в файле   80-248042943
На строке 10079   в файле   80-248042780
На строке 10080   в файле   80-248044140
На строке 10081   в файле   80-248044205
На строке 10082   в файле   80-248044254
На строке 10083   в файле   80-261158874
На строке 10084   в файле   80-260052704
На строке 10085   в файле   80-260052900
На строке 10086   в файле   80-260053099
На строке 10087   в файле   80-260053877
На строке 10088   в файле   80-260054134
На строке 10089   в файле   80-260054295
На строке 10090   в файле   80-260054774
На строке 10091   в файле   80-260054927
На строке 10092   в файле   80-260055633
На строке 10093   в файле   80-260056011
На строке 10094   в файле   80-260056144
На строке 10095   в файле   80-260056375
На строке 10096   в файле   80-260056816
На строке 10097   в файле   80-260057306
На строке 10098   в файле   80-260057679
На строке 10099   в файле   80-260058011
На строке 10100   в файле   80-260058210
На строке 10101   в файле   80-260058774
На строке 10102   в файле   80-260059029
На строке 10103   в файле   80-260059298
На строке 10104   в файле   80-260059364
На строке 10105   в файле   80-260059776
На строке 10106   в файле   80-261159301
На строке 10107   в файле   80-260060995
На строке 10108   в файле   80-260061270
На строке 10109   в файле   80-260061543
На строке 10110   в файле   80-260061681
На строке 10111   в файле   80-260062037
На строке 10112   в файле   80-260062305
На строке 10113   в файле   80-260062352
На строке 10114   в файле   80-260063009
На строке 10115   в файле   80-260063449
На строке 10116   в файле   80-260063991
На строке 10117   в файле   80-260064330
На строке 10118   в файле   80-260064373
На строке 10119   в файле   80-260064612
На строке 10120   в файле   80-260064725
На строке 10121   в файле   80-260064723
На строке 10122   в файле   80-260065125
На строке 10123   в файле   80-260064913
На строке 10124   в файле   80-260065484
На строке 10125   в файле   80-261159718
На строке 10126   в файле   80-260066150
На строке 10127   в файле   80-260066852
На строке 10128   в файле   80-260067521
На строке 10129   в файле   80-261160137
На строке 10130   в файле   80-260068026
На строке 10131   в файле   80-261160122
На строке 10132   в файле   80-260068388
На строке 10133   в файле   80-260068645
На строке 10134   в файле   80-260068801
На строке 10135   в файле   80-260069318
На строке 10136   в файле   80-260069255
На строке 10137   в файле   80-260069850
На строке 10138   в файле   80-260069907
На строке 10139   в файле   80-260069824
На строке 10140   в файле   80-260070166
На строке 10141   в файле   80-260070634
На строке 10142   в файле   80-260071009
На строке 10143   в файле   80-261160138
На строке 10144   в файле   80-260071389
На строке 10145   в файле   80-260071437
На строке 10146   в файле   80-261159949
На строке 10147   в файле   80-260071938
На строке 10148   в файле   80-260071762
На строке 10149   в файле   80-260071903
На строке 10150   в файле   80-261160197
На строке 10151   в файле   80-260072509
На строке 10152   в файле   80-260072505
На строке 10153   в файле   80-260073246
На строке 10154   в файле   80-260073222
На строке 10155   в файле   80-260073490
На строке 10156   в файле   80-260073537
На строке 10157   в файле   80-260074020
На строке 10158   в файле   80-260074110
На строке 10159   в файле   80-260074535
На строке 10160   в файле   80-260074468
На строке 10161   в файле   80-260074900
На строке 10162   в файле   80-260074904
На строке 10163   в файле   80-260075233
На строке 10164   в файле   80-260075430
На строке 10165   в файле   80-260075416
На строке 10166   в файле   80-260075687
На строке 10167   в файле   80-260075827
На строке 10168   в файле   80-247969733
На строке 10169   в файле   80-247969757
На строке 10170   в файле   80-260048692
На строке 10171   в файле   80-260048733
На строке 10172   в файле   80-248041485
На строке 10173   в файле   80-252423392
На строке 10174   в файле   80-260046239
На строке 10175   в файле   80-248039355
На строке 10176   в файле   80-260045646
На строке 10177   в файле   80-260770372
На строке 10178   в файле   80-249915538
На строке 10179   в файле   80-244599522
На строке 10180   в файле   80-249915773
На строке 10181   в файле   80-244600205
На строке 10182   в файле   80-249915764
На строке 10183   в файле   80-249915784
На строке 10184   в файле   80-244601443
На строке 10185   в файле   80-252233995
На строке 10186   в файле   80-260769790
На строке 10187   в файле   80-259226955
На строке 10188   в файле   80-260063627
На строке 10189   в файле   80-260064051
На строке 10190   в файле   80-248046790
На строке 10191   в файле   80-248055253
На строке 10192   в файле   80-251901221
На строке 10193   в файле   80-252427857
На строке 10194   в файле   80-251911638
На строке 10195   в файле   80-251917218
На строке 10196   в файле   80-248081288
На строке 10197   в файле   80-251918235
На строке 10198   в файле   80-260064136
На строке 10199   в файле   80-260064443
На строке 10200   в файле   80-260065483
На строке 10201   в файле   80-260065699
На строке 10202   в файле   80-260065935
На строке 10203   в файле   80-260066677
На строке 10204   в файле   80-260067193
На строке 10205   в файле   80-260067501
На строке 10206   в файле   80-260067908
На строке 10207   в файле   80-260067856
На строке 10208   в файле   80-251898029
На строке 10209   в файле   80-248050087
На строке 10210   в файле   80-248050131
На строке 10211   в файле   80-248050820
На строке 10212   в файле   80-248051431
На строке 10213   в файле   80-248051426
На строке 10214   в файле   80-251898940
На строке 10215   в файле   80-248052882
На строке 10216   в файле   80-248052864
На строке 10217   в файле   80-248054564
На строке 10218   в файле   80-248055193
На строке 10219   в файле   80-248056680
На строке 10220   в файле   80-248055876
На строке 10221   в файле   80-248056558
На строке 10222   в файле   80-248057337
На строке 10223   в файле   80-248058066
На строке 10224   в файле   80-248058591
На строке 10225   в файле   80-248058638
На строке 10226   в файле   80-252554065
На строке 10227   в файле   80-248060284
На строке 10228   в файле   80-248063462
На строке 10229   в файле   80-248064459
На строке 10230   в файле   80-248065790
На строке 10231   в файле   80-248065917
На строке 10232   в файле   80-248065822
На строке 10233   в файле   80-252427118
На строке 10234   в файле   80-251901702
На строке 10235   в файле   80-251902626
На строке 10236   в файле   80-252427094
На строке 10237   в файле   80-251903416
На строке 10238   в файле   80-248067904
На строке 10239   в файле   80-248069646
На строке 10240   в файле   80-248069759
На строке 10241   в файле   80-248069685
На строке 10242   в файле   80-248069839
На строке 10243   в файле   80-248071192
На строке 10244   в файле   80-248071250
На строке 10245   в файле   80-251906930
На строке 10246   в файле   80-251908225
На строке 10247   в файле   80-251908868
На строке 10248   в файле   80-251910391
На строке 10249   в файле   80-248074704
На строке 10250   в файле   80-251911599
На строке 10251   в файле   80-252428586
На строке 10252   в файле   80-252428482
На строке 10253   в файле   80-248076532
На строке 10254   в файле   80-251916909
На строке 10255   в файле   80-248077963
На строке 10256   в файле   80-248045552
На строке 10257   в файле   80-260062361
На строке 10258   в файле   80-248046780
На строке 10259   в файле   80-260063099
На строке 10260   в файле   80-260063389
На строке 10261   в файле   80-260062695
На строке 10262   в файле   80-248060140
На строке 10263   в файле   80-248073456
На строке 10264   в файле   80-248079728
На строке 10265   в файле   80-251921901
На строке 10266   в файле   80-248087359
На строке 10267   в файле   80-251928331
На строке 10268   в файле   80-248094631
На строке 10269   в файле   80-251933199
На строке 10270   в файле   80-260077339
На строке 10271   в файле   80-260077942
На строке 10272   в файле   80-260077967
На строке 10273   в файле   80-260078068
На строке 10274   в файле   80-260078218
На строке 10275   в файле   80-260078379
На строке 10276   в файле   80-260078534
На строке 10277   в файле   80-261160571
На строке 10278   в файле   80-261160638
На строке 10279   в файле   80-261264564
На строке 10280   в файле   80-252425052
На строке 10281   в файле   80-248060112
На строке 10282   в файле   80-251900768
На строке 10283   в файле   80-248064271
На строке 10284   в файле   80-248065091
На строке 10285   в файле   80-252425912
На строке 10286   в файле   80-252425785
На строке 10287   в файле   80-248066601
На строке 10288   в файле   80-248067258
На строке 10289   в файле   80-248067318
На строке 10290   в файле   80-248069781
На строке 10291   в файле   80-251906994
На строке 10292   в файле   80-252427191
На строке 10293   в файле   80-248071296
На строке 10294   в файле   80-248071198
На строке 10295   в файле   80-251907720
На строке 10296   в файле   80-251909465
На строке 10297   в файле   80-251910117
На строке 10298   в файле   80-251910405
На строке 10299   в файле   80-251911603
На строке 10300   в файле   80-251915846
На строке 10301   в файле   80-251914494
На строке 10302   в файле   80-252428488
На строке 10303   в файле   80-251914452
На строке 10305   в файле   80-251915836
На строке 10306   в файле   80-248077950
На строке 10307   в файле   80-248078922
На строке 10308   в файле   80-248079797
На строке 10309   в файле   80-248080381
На строке 10310   в файле   80-248080512
На строке 10311   в файле   80-248081179
На строке 10312   в файле   80-248081985
На строке 10313   в файле   80-251918499
На строке 10314   в файле   80-248082761
На строке 10315   в файле   80-251918511
На строке 10316   в файле   80-251919093
На строке 10317   в файле   80-252429276
На строке 10318   в файле   80-251923238
На строке 10319   в файле   80-248084048
На строке 10320   в файле   80-248085152
На строке 10321   в файле   80-248084870
На строке 10322   в файле   80-248084805
На строке 10323   в файле   80-248085739
На строке 10324   в файле   80-252429841
На строке 10325   в файле   80-251924154
На строке 10326   в файле   80-248087481
На строке 10327   в файле   80-248087529
На строке 10328   в файле   80-248088223
На строке 10329   в файле   80-248089047
На строке 10330   в файле   80-248088904
На строке 10331   в файле   80-248088980
На строке 10333   в файле   80-251926386
На строке 10334   в файле   80-251925739
На строке 10335   в файле   80-251927012
На строке 10336   в файле   80-251927701
На строке 10337   в файле   80-251928187
На строке 10338   в файле   80-248091006
На строке 10339   в файле   80-252554699
На строке 10340   в файле   80-251929672
На строке 10341   в файле   80-251928840
На строке 10342   в файле   80-248092461
На строке 10343   в файле   80-248092691
На строке 10344   в файле   80-251930174
На строке 10345   в файле   80-251929650
На строке 10346   в файле   80-248093206
На строке 10347   в файле   80-248094718
На строке 10348   в файле   80-251930574
На строке 10349   в файле   80-251931567
На строке 10350   в файле   80-251932220
На строке 10351   в файле   80-248096329
На строке 10352   в файле   80-248095639
На строке 10353   в файле   80-248095384
На строке 10354   в файле   80-248097063
На строке 10355   в файле   80-248098110
На строке 10356   в файле   80-248097232
На строке 10357   в файле   80-248097940
На строке 10358   в файле   80-248097780
На строке 10359   в файле   80-251933677
На строке 10360   в файле   80-251933171
На строке 10361   в файле   80-251934179
На строке 10362   в файле   80-248102447
На строке 10363   в файле   80-248102490
На строке 10364   в файле   80-251934612
На строке 10365   в файле   80-252431425
На строке 10366   в файле   80-251935529
На строке 10367   в файле   80-251932744
На строке 10368   в файле   80-248105937
На строке 10369   в файле   80-260077383
На строке 10370   в файле   80-260077494
На строке 10371   в файле   80-260077536
На строке 10372   в файле   80-260077608
На строке 10373   в файле   80-260077783
На строке 10374   в файле   80-248053955
На строке 10375   в файле   80-260076044
На строке 10376   в файле   80-248054601
На строке 10377   в файле   80-260076123
На строке 10378   в файле   80-248058762
На строке 10379   в файле   80-261160591
На строке 10380   в файле   80-251898951
На строке 10381   в файле   80-260076461
На строке 10382   в файле   80-251899846
На строке 10383   в файле   80-260076716
На строке 10384   в файле   80-252553366
На строке 10385   в файле   80-260076366
На строке 10386   в файле   80-252554739
На строке 10387   в файле   80-260076811
На строке 10388   в файле   80-260075981
На строке 10389   в файле   80-260077053
На строке 10390   в файле   80-260077232
На строке 10391   в файле   80-260078252
На строке 10392   в файле   80-260157779
На строке 10393   в файле   80-248191673
На строке 10394   в файле   80-250559842
На строке 10395   в файле   80-250665342
На строке 10396   в файле   80-252024737
На строке 10397   в файле   80-250794344
На строке 10398   в файле   80-250804810
На строке 10399   в файле   80-250816001
На строке 10400   в файле   80-250823559
На строке 10401   в файле   80-260157743
На строке 10402   в файле   80-261266036
На строке 10403   в файле   80-260160779
На строке 10404   в файле   80-260162227
На строке 10405   в файле   80-260164066
На строке 10406   в файле   80-260166340
На строке 10407   в файле   80-260170667
На строке 10408   в файле   80-260173267
На строке 10409   в файле   80-260174961
На строке 10410   в файле   80-260177692
На строке 10411   в файле   80-248191662
На строке 10412   в файле   80-248193790
На строке 10413   в файле   80-248198588
На строке 10414   в файле   80-248207258
На строке 10415   в файле   80-248227571
На строке 10416   в файле   80-251983518
На строке 10417   в файле   80-248262985
На строке 10418   в файле   80-251988303
На строке 10419   в файле   80-250538840
На строке 10420   в файле   80-251993043
На строке 10421   в файле   80-251995803
На строке 10422   в файле   80-250576808
На строке 10424   в файле   80-251998217
На строке 10425   в файле   80-251999308
На строке 10426   в файле   80-252001698
На строке 10427   в файле   80-252006016
На строке 10428   в файле   80-248772053
На строке 10429   в файле   80-248777434
На строке 10430   в файле   80-250654553
На строке 10431   в файле   80-250661217
На строке 10432   в файле   80-250666007
На строке 10433   в файле   80-250668668
На строке 10434   в файле   80-250673483
На строке 10435   в файле   80-250677848
На строке 10436   в файле   80-252018522
На строке 10437   в файле   80-250686061
На строке 10438   в файле   80-250689559
На строке 10439   в файле   80-252021749
На строке 10440   в файле   80-252022463
На строке 10441   в файле   80-250706952
На строке 10442   в файле   80-250714331
На строке 10443   в файле   80-252026030
На строке 10444   в файле   80-252027058
На строке 10445   в файле   80-250736343
На строке 10446   в файле   80-250751188
На строке 10447   в файле   80-250765161
На строке 10448   в файле   80-250776474
На строке 10449   в файле   80-250789331
На строке 10450   в файле   80-250792391
На строке 10451   в файле   80-250793669
На строке 10452   в файле   80-250794945
На строке 10453   в файле   80-252456964
На строке 10454   в файле   80-250796139
На строке 10455   в файле   80-252035385
На строке 10456   в файле   80-250797974
На строке 10457   в файле   80-252035603
На строке 10458   в файле   80-250799486
На строке 10459   в файле   80-250802563
На строке 10460   в файле   80-252036030
На строке 10461   в файле   80-250803771
На строке 10462   в файле   80-250804803
На строке 10463   в файле   80-250805494
На строке 10464   в файле   80-252036446
На строке 10465   в файле   80-252036790
На строке 10466   в файле   80-250808854
На строке 10467   в файле   80-250810204
На строке 10468   в файле   80-250811678
На строке 10469   в файле   80-250811748
На строке 10470   в файле   80-250812833
На строке 10471   в файле   80-250813903
На строке 10472   в файле   80-252564039
На строке 10473   в файле   80-250818187
На строке 10474   в файле   80-252038454
На строке 10475   в файле   80-250819505
На строке 10476   в файле   80-250820490
На строке 10477   в файле   80-250820026
На строке 10478   в файле   80-252038786
На строке 10479   в файле   80-250822369
На строке 10480   в файле   80-250822733
На строке 10481   в файле   80-252038964
На строке 10482   в файле   80-252039230
На строке 10483   в файле   80-250825655
На строке 10484   в файле   80-250826525
На строке 10485   в файле   80-252039564
На строке 10486   в файле   80-250827788
На строке 10487   в файле   80-252039633
На строке 10488   в файле   80-252564335
На строке 10489   в файле   80-250828557
На строке 10490   в файле   80-250829312
На строке 10491   в файле   80-250830055
На строке 10492   в файле   80-260157887
На строке 10493   в файле   80-260157862
На строке 10494   в файле   80-260158067
На строке 10495   в файле   80-260158168
На строке 10496   в файле   80-260158159
На строке 10497   в файле   80-260158306
На строке 10498   в файле   80-260158517
На строке 10499   в файле   80-260158579
На строке 10500   в файле   80-260158867
На строке 10501   в файле   80-260159086
На строке 10502   в файле   80-260159381
На строке 10503   в файле   80-260159475
На строке 10504   в файле   80-260159704
На строке 10505   в файле   80-260159834
На строке 10506   в файле   80-260159798
На строке 10507   в файле   80-261172747
На строке 10508   в файле   80-260160157
На строке 10509   в файле   80-260160357
На строке 10510   в файле   80-260160306
На строке 10511   в файле   80-260160674
На строке 10512   в файле   80-260161028
На строке 10513   в файле   80-260160946
На строке 10514   в файле   80-260161279
На строке 10515   в файле   80-260161309
На строке 10516   в файле   80-260161408
На строке 10517   в файле   80-260161634
На строке 10518   в файле   80-260161626
На строке 10519   в файле   80-261173031
На строке 10520   в файле   80-260161768
На строке 10521   в файле   80-260162056
На строке 10522   в файле   80-260162312
На строке 10523   в файле   80-261173005
На строке 10524   в файле   80-260162830
На строке 10525   в файле   80-260162681
На строке 10526   в файле   80-260162853
На строке 10527   в файле   80-260163160
На строке 10528   в файле   80-260163416
На строке 10529   в файле   80-260163441
На строке 10530   в файле   80-260163471
На строке 10531   в файле   80-260163765
На строке 10532   в файле   80-260164373
На строке 10533   в файле   80-260164475
На строке 10534   в файле   80-260164821
На строке 10535   в файле   80-260165140
На строке 10536   в файле   80-260165309
На строке 10537   в файле   80-260165577
На строке 10538   в файле   80-260165594
На строке 10539   в файле   80-260165947
На строке 10540   в файле   80-260165987
На строке 10541   в файле   80-260166257
На строке 10542   в файле   80-260166693
На строке 10543   в файле   80-260166703
На строке 10544   в файле   80-260167163
На строке 10545   в файле   80-260167639
На строке 10546   в файле   80-260167953
На строке 10547   в файле   80-260168510
На строке 10548   в файле   80-260168798
На строке 10549   в файле   80-260169857
На строке 10550   в файле   80-260170167
На строке 10551   в файле   80-260170398
На строке 10552   в файле   80-260170932
На строке 10553   в файле   80-260171186
На строке 10554   в файле   80-260171827
На строке 10555   в файле   80-260171762
На строке 10556   в файле   80-260171611
На строке 10557   в файле   80-260172617
На строке 10558   в файле   80-260172450
На строке 10559   в файле   80-260172571
На строке 10560   в файле   80-260173425
На строке 10561   в файле   80-260173585
На строке 10562   в файле   80-260173249
На строке 10563   в файле   80-260173350
На строке 10564   в файле   80-260173283
На строке 10565   в файле   80-261266013
На строке 10566   в файле   80-260174305
На строке 10567   в файле   80-260173945
На строке 10568   в файле   80-260174014
На строке 10569   в файле   80-260174137
На строке 10570   в файле   80-260173979
На строке 10571   в файле   80-260174681
На строке 10572   в файле   80-260175135
На строке 10573   в файле   80-260175522
На строке 10574   в файле   80-260175412
На строке 10575   в файле   80-260176194
На строке 10576   в файле   80-260176515
На строке 10577   в файле   80-260176551
На строке 10578   в файле   80-260176833
На строке 10579   в файле   80-260176970
На строке 10580   в файле   80-260177541
На строке 10581   в файле   80-260177595
На строке 10582   в файле   80-260178464
На строке 10583   в файле   80-260178582
На строке 10584   в файле   80-260179851
На строке 10585   в файле   80-260179580
На строке 10586   в файле   80-260181018
На строке 10587   в файле   80-260181713
На строке 10588   в файле   80-260181875
На строке 10589   в файле   80-260182807
На строке 10590   в файле   80-260182934
На строке 10591   в файле   80-260184399
На строке 10592   в файле   80-248192213
На строке 10593   в файле   80-248192455
На строке 10594   в файле   80-248192473
На строке 10595   в файле   80-248192088
На строке 10596   в файле   80-251977546
На строке 10597   в файле   80-248193051
На строке 10598   в файле   80-252441120
На строке 10600   в файле   80-252441920
На строке 10601   в файле   80-248192874
На строке 10602   в файле   80-248193345
На строке 10603   в файле   80-248193546
На строке 10604   в файле   80-248194331
На строке 10605   в файле   80-248194124
На строке 10606   в файле   80-251978424
На строке 10607   в файле   80-248194818
На строке 10608   в файле   80-251978423
На строке 10609   в файле   80-251978834
На строке 10610   в файле   80-248197565
На строке 10611   в файле   80-248197584
На строке 10612   в файле   80-251979197
На строке 10613   в файле   80-259154249
На строке 10614   в файле   80-248198567
На строке 10615   в файле   80-248198684
На строке 10616   в файле   80-251979647
На строке 10617   в файле   80-252441914
На строке 10618   в файле   80-248203118
На строке 10619   в файле   80-248203052
На строке 10620   в файле   80-248204255
На строке 10621   в файле   80-248204808
На строке 10622   в файле   80-252442440
На строке 10623   в файле   80-248206134
На строке 10624   в файле   80-248206081
На строке 10625   в файле   80-248206615
На строке 10626   в файле   80-252442471
На строке 10627   в файле   80-259199080
На строке 10628   в файле   80-248212673
На строке 10629   в файле   80-248214362
На строке 10630   в файле   80-248215840
На строке 10631   в файле   80-248216811
На строке 10632   в файле   80-259153495
На строке 10633   в файле   80-248218497
На строке 10634   в файле   80-259198248
На строке 10635   в файле   80-248220817
На строке 10636   в файле   80-248221400
На строке 10637   в файле   80-248222350
На строке 10638   в файле   80-248223819
На строке 10639   в файле   80-248229397
На строке 10640   в файле   80-251981886
На строке 10641   в файле   80-248233750
На строке 10642   в файле   80-248234712
На строке 10643   в файле   80-251982561
На строке 10644   в файле   80-248237176
На строке 10645   в файле   80-251982697
На строке 10646   в файле   80-248238639
На строке 10647   в файле   80-248240870
На строке 10648   в файле   80-251983328
На строке 10649   в файле   80-251983791
На строке 10650   в файле   80-248247085
На строке 10651   в файле   80-248247785
На строке 10652   в файле   80-248248484
На строке 10653   в файле   80-248250724
На строке 10654   в файле   80-252559058
На строке 10655   в файле   80-252444008
На строке 10656   в файле   80-248255094
На строке 10657   в файле   80-248258588
На строке 10658   в файле   80-251985980
На строке 10659   в файле   80-251986308
На строке 10660   в файле   80-248265304
На строке 10661   в файле   80-251986392
На строке 10662   в файле   80-251986668
На строке 10663   в файле   80-248274594
На строке 10664   в файле   80-250510641
На строке 10665   в файле   80-250511573
На строке 10666   в файле   80-251987657
На строке 10667   в файле   80-251987988
На строке 10668   в файле   80-248296581
На строке 10669   в файле   80-250517016
На строке 10670   в файле   80-251988589
На строке 10671   в файле   80-251989098
На строке 10672   в файле   80-248304008
На строке 10673   в файле   80-259154444
На строке 10674   в файле   80-251989851
На строке 10675   в файле   80-250531660
На строке 10676   в файле   80-251990213
На строке 10677   в файле   80-250536332
На строке 10678   в файле   80-250537414
На строке 10679   в файле   80-251991154
На строке 10680   в файле   80-250539513
На строке 10681   в файле   80-250539528
На строке 10682   в файле   80-250540979
На строке 10683   в файле   80-250541599
На строке 10684   в файле   80-252446227
На строке 10685   в файле   80-251991820
На строке 10686   в файле   80-251992331
На строке 10687   в файле   80-250546854
На строке 10688   в файле   80-248347811
На строке 10689   в файле   80-250548901
На строке 10690   в файле   80-250551155
На строке 10691   в файле   80-250552327
На строке 10692   в файле   80-251993667
На строке 10693   в файле   80-248363715
На строке 10694   в файле   80-251994292
На строке 10695   в файле   80-248367474
На строке 10696   в файле   80-251994339
На строке 10697   в файле   80-250556701
На строке 10698   в файле   80-250557383
На строке 10699   в файле   80-251995152
На строке 10700   в файле   80-251995823
На строке 10701   в файле   80-248408814
На строке 10702   в файле   80-250569224
На строке 10703   в файле   80-251995930
На строке 10704   в файле   80-250570519
На строке 10705   в файле   80-248450424
На строке 10706   в файле   80-250571187
На строке 10707   в файле   80-250572461
На строке 10708   в файле   80-248472510
На строке 10709   в файле   80-250575326
На строке 10710   в файле   80-250577026
На строке 10711   в файле   80-250584159
На строке 10712   в файле   80-248532707
На строке 10713   в файле   80-250585392
На строке 10714   в файле   80-250586214
На строке 10715   в файле   80-250587383
На строке 10716   в файле   80-251997462
На строке 10717   в файле   80-248561841
На строке 10718   в файле   80-248563964
На строке 10719   в файле   80-250606638
На строке 10720   в файле   80-248572569
На строке 10721   в файле   80-250613977
На строке 10722   в файле   80-250614743
На строке 10723   в файле   80-250615648
На строке 10724   в файле   80-250618353
На строке 10725   в файле   80-248586080
На строке 10726   в файле   80-248588691
На строке 10727   в файле   80-250621841
На строке 10728   в файле   80-250622411
На строке 10729   в файле   80-250623029
На строке 10730   в файле   80-251999448
На строке 10731   в файле   80-252446389
На строке 10732   в файле   80-248641031
На строке 10733   в файле   80-250631085
На строке 10734   в файле   80-252000684
На строке 10735   в файле   80-250632259
На строке 10736   в файле   80-252000849
На строке 10737   в файле   80-252001223
На строке 10738   в файле   80-252001543
На строке 10739   в файле   80-252002027
На строке 10740   в файле   80-252002364
На строке 10741   в файле   80-248722341
На строке 10742   в файле   80-252003009
На строке 10743   в файле   80-250638471
На строке 10744   в файле   80-252615983
На строке 10745   в файле   80-252004039
На строке 10746   в файле   80-252004154
На строке 10747   в файле   80-252004503
На строке 10748   в файле   80-250643160
На строке 10749   в файле   80-252005309
На строке 10750   в файле   80-250645322
На строке 10751   в файле   80-250645323
На строке 10752   в файле   80-250645681
На строке 10753   в файле   80-250646073
На строке 10754   в файле   80-252448543
На строке 10755   в файле   80-250648085
На строке 10756   в файле   80-248767542
На строке 10757   в файле   80-250649117
На строке 10758   в файле   80-250650096
На строке 10759   в файле   80-250650100
На строке 10760   в файле   80-248772366
На строке 10761   в файле   80-248772662
На строке 10762   в файле   80-248773501
На строке 10763   в файле   80-248773948
На строке 10764   в файле   80-250650416
На строке 10765   в файле   80-248774835
На строке 10766   в файле   80-248775264
На строке 10767   в файле   80-259199202
На строке 10768   в файле   80-248776150
На строке 10769   в файле   80-248776739
На строке 10770   в файле   80-250650367
На строке 10771   в файле   80-248778309
На строке 10772   в файле   80-248778825
На строке 10773   в файле   80-250650815
На строке 10774   в файле   80-250651052
На строке 10775   в файле   80-250651357
На строке 10776   в файле   80-250652300
На строке 10777   в файле   80-250652874
На строке 10778   в файле   80-250652903
На строке 10779   в файле   80-250653728
На строке 10780   в файле   80-250653770
На строке 10781   в файле   80-252007930
На строке 10782   в файле   80-250654804
На строке 10783   в файле   80-250655320
На строке 10784   в файле   80-252008353
На строке 10785   в файле   80-252008710
На строке 10786   в файле   80-252009088
На строке 10787   в файле   80-250659724
На строке 10788   в файле   80-250659709
На строке 10789   в файле   80-250660244
На строке 10790   в файле   80-250660733
На строке 10791   в файле   80-250661258
На строке 10792   в файле   80-250661738
На строке 10793   в файле   80-252009519
На строке 10794   в файле   80-250662321
На строке 10795   в файле   80-250662865
На строке 10796   в файле   80-250662854
На строке 10797   в файле   80-250663307
На строке 10798   в файле   80-250663308
На строке 10799   в файле   80-250664018
На строке 10800   в файле   80-252010153
На строке 10801   в файле   80-252010758
На строке 10802   в файле   80-252011210
На строке 10803   в файле   80-252449111
На строке 10804   в файле   80-252450269
На строке 10805   в файле   80-252012608
На строке 10806   в файле   80-252012833
На строке 10807   в файле   80-252450244
На строке 10808   в файле   80-250668176
На строке 10809   в файле   80-252014376
На строке 10810   в файле   80-252014209
На строке 10811   в файле   80-250669107
На строке 10812   в файле   80-252015042
На строке 10813   в файле   80-250669874
На строке 10814   в файле   80-250670048
На строке 10815   в файле   80-252015056
На строке 10816   в файле   80-250671535
На строке 10817   в файле   80-250671711
На строке 10818   в файле   80-250672169
На строке 10819   в файле   80-250672639
На строке 10820   в файле   80-250672947
На строке 10821   в файле   80-250673893
На строке 10822   в файле   80-250673963
На строке 10823   в файле   80-250674376
На строке 10824   в файле   80-252016870
На строке 10825   в файле   80-250675745
На строке 10826   в файле   80-250676130
На строке 10827   в файле   80-250676484
На строке 10828   в файле   80-250677067
На строке 10829   в файле   80-250676922
На строке 10830   в файле   80-252017261
На строке 10831   в файле   80-250678285
На строке 10832   в файле   80-252017901
На строке 10833   в файле   80-250679295
На строке 10834   в файле   80-252018071
На строке 10835   в файле   80-250679834
На строке 10836   в файле   80-250679964
На строке 10837   в файле   80-250680326
На строке 10839   в файле   80-250680581
На строке 10840   в файле   80-250680725
На строке 10841   в файле   80-252018405
На строке 10842   в файле   80-250681787
На строке 10843   в файле   80-250681914
На строке 10844   в файле   80-252019142
На строке 10845   в файле   80-250682993
На строке 10846   в файле   80-250683369
На строке 10847   в файле   80-250683521
На строке 10848   в файле   80-250683892
На строке 10849   в файле   80-250684309
На строке 10850   в файле   80-250685040
На строке 10851   в файле   80-250685635
На строке 10852   в файле   80-250686195
На строке 10853   в файле   80-250686476
На строке 10854   в файле   80-250686667
На строке 10855   в файле   80-252019801
На строке 10856   в файле   80-250687453
На строке 10857   в файле   80-252020063
На строке 10858   в файле   80-252020263
На строке 10859   в файле   80-250688781
На строке 10860   в файле   80-250688775
На строке 10861   в файле   80-250689181
На строке 10862   в файле   80-250689616
На строке 10863   в файле   80-250690030
На строке 10864   в файле   80-250690998
На строке 10865   в файле   80-250691369
На строке 10866   в файле   80-250691586
На строке 10867   в файле   80-259206761
На строке 10868   в файле   80-250692538
На строке 10869   в файле   80-259206232
На строке 10870   в файле   80-252021363
На строке 10871   в файле   80-250693974
На строке 10872   в файле   80-250694388
На строке 10873   в файле   80-250694596
На строке 10874   в файле   80-250694867
На строке 10875   в файле   80-250695836
На строке 10876   в файле   80-250696134
На строке 10877   в файле   80-250696480
На строке 10878   в файле   80-250696679
На строке 10879   в файле   80-250696885
На строке 10880   в файле   80-250698089
На строке 10881   в файле   80-250698267
На строке 10882   в файле   80-250698648
На строке 10883   в файле   80-250698880
На строке 10884   в файле   80-250700236
На строке 10885   в файле   80-250700596
На строке 10886   в файле   80-250701022
На строке 10887   в файле   80-252023069
На строке 10888   в файле   80-250701279
На строке 10889   в файле   80-250702047
На строке 10890   в файле   80-250703611
На строке 10891   в файле   80-250705001
На строке 10892   в файле   80-250704999
На строке 10893   в файле   80-252023936
На строке 10894   в файле   80-252024338
На строке 10895   в файле   80-250707594
На строке 10896   в файле   80-250708352
На строке 10897   в файле   80-252024328
На строке 10898   в файле   80-250708714
На строке 10899   в файле   80-250709067
На строке 10900   в файле   80-250709711
На строке 10901   в файле   80-250710657
На строке 10902   в файле   80-250711476
На строке 10903   в файле   80-250712251
На строке 10904   в файле   80-250714799
На строке 10905   в файле   80-252025076
На строке 10906   в файле   80-250715754
На строке 10907   в файле   80-250716214
На строке 10908   в файле   80-250717215
На строке 10909   в файле   80-250717191
На строке 10910   в файле   80-250718167
На строке 10911   в файле   80-250719209
На строке 10912   в файле   80-250719318
На строке 10913   в файле   80-250719686
На строке 10914   в файле   80-252026249
На строке 10915   в файле   80-252026431
На строке 10916   в файле   80-250723305
На строке 10917   в файле   80-250723944
На строке 10918   в файле   80-250723973
На строке 10919   в файле   80-252026859
На строке 10920   в файле   80-250725141
На строке 10921   в файле   80-250725775
На строке 10922   в файле   80-250726447
На строке 10923   в файле   80-252027020
На строке 10924   в файле   80-252027262
На строке 10925   в файле   80-250729084
На строке 10926   в файле   80-252027417
На строке 10927   в файле   80-252027424
На строке 10928   в файле   80-250731725
На строке 10929   в файле   80-250732311
На строке 10930   в файле   80-250733624
На строке 10931   в файле   80-250734910
На строке 10932   в файле   80-252028004
На строке 10933   в файле   80-252028002
На строке 10934   в файле   80-252452300
На строке 10935   в файле   80-250738959
На строке 10936   в файле   80-250739494
На строке 10937   в файле   80-250740090
На строке 10938   в файле   80-250742013
На строке 10939   в файле   80-250742701
На строке 10940   в файле   80-252028970
На строке 10941   в файле   80-252453313
На строке 10942   в файле   80-250747309
На строке 10943   в файле   80-252562219
На строке 10944   в файле   80-252454244
На строке 10945   в файле   80-250752473
На строке 10946   в файле   80-252454153
На строке 10947   в файле   80-250756348
На строке 10948   в файле   80-252454211
На строке 10949   в файле   80-250757726
На строке 10950   в файле   80-252030212
На строке 10951   в файле   80-250762235
На строке 10952   в файле   80-250763419
На строке 10953   в файле   80-250764001
На строке 10954   в файле   80-250765848
На строке 10955   в файле   80-250767105
На строке 10956   в файле   80-252456053
На строке 10957   в файле   80-252032171
На строке 10958   в файле   80-250771772
На строке 10959   в файле   80-250773419
На строке 10960   в файле   80-250774489
На строке 10961   в файле   80-250774394
На строке 10962   в файле   80-250775456
На строке 10963   в файле   80-252032544
На строке 10964   в файле   80-250778661
На строке 10965   в файле   80-252032898
На строке 10966   в файле   80-252033250
На строке 10967   в файле   80-252033498
На строке 10968   в файле   80-252033643
На строке 10969   в файле   80-250784957
На строке 10970   в файле   80-252033616
На строке 10971   в файле   80-252033968
На строке 10972   в файле   80-250788576
На строке 10973   в файле   80-252033854
На строке 10974   в файле   80-250790510
На строке 10975   в файле   80-250791762
На строке 10976   в файле   80-248107522
На строке 10977   в файле   80-248107526
На строке 10978   в файле   80-248107534
На строке 10979   в файле   80-261166241
На строке 10980   в файле   80-248107545
На строке 10981   в файле   80-260124184
На строке 10982   в файле   80-248109491
На строке 10983   в файле   80-260126424
На строке 10984   в файле   80-248109498
На строке 10985   в файле   80-260126836
На строке 10986   в файле   80-248109526
На строке 10987   в файле   80-261166971
На строке 10988   в файле   80-248109565
На строке 10989   в файле   80-261265041
На строке 10990   в файле   80-248110471
На строке 10992   в файле   80-261167208
На строке 10993   в файле   80-248110515
На строке 10994   в файле   80-260127801
На строке 10995   в файле   80-248110641
На строке 10996   в файле   80-260127792
На строке 10997   в файле   80-248117490
На строке 10998   в файле   80-260131099
На строке 10999   в файле   80-248117545
На строке 11000   в файле   80-260131043
На строке 11001   в файле   80-248117777
На строке 11002   в файле   80-260131509
На строке 11003   в файле   80-248118202
На строке 11004   в файле   80-261167345
На строке 11005   в файле   80-261265100
На строке 11006   в файле   80-248118244
На строке 11007   в файле   80-260131504
На строке 11008   в файле   80-248118606
На строке 11009   в файле   80-260131518
На строке 11010   в файле   80-248120631
На строке 11011   в файле   80-260131753
На строке 11012   в файле   80-248120643
На строке 11013   в файле   80-260131767
На строке 11014   в файле   80-248120644
На строке 11015   в файле   80-260131771
На строке 11016   в файле   80-248121362
На строке 11017   в файле   80-261167155
На строке 11018   в файле   80-248121987
На строке 11019   в файле   80-260132373
На строке 11020   в файле   80-248122357
На строке 11021   в файле   80-261264999
На строке 11022   в файле   80-248128262
На строке 11023   в файле   80-260133250
На строке 11024   в файле   80-248128261
На строке 11025   в файле   80-260133252
На строке 11026   в файле   80-248128816
На строке 11027   в файле   80-260133161
На строке 11028   в файле   80-248128909
На строке 11029   в файле   80-260133519
На строке 11030   в файле   80-248129144
На строке 11031   в файле   80-260133248
На строке 11032   в файле   80-248129661
На строке 11033   в файле   80-260133577
На строке 11034   в файле   80-248130289
На строке 11035   в файле   80-261167672
На строке 11036   в файле   80-248131179
На строке 11037   в файле   80-260133549
На строке 11038   в файле   80-248131582
На строке 11039   в файле   80-260133632
На строке 11040   в файле   80-248131753
На строке 11041   в файле   80-260133815
На строке 11042   в файле   80-248131784
На строке 11043   в файле   80-260133834
На строке 11044   в файле   80-248132133
На строке 11045   в файле   80-260133810
На строке 11046   в файле   80-248132277
На строке 11047   в файле   80-260133934
На строке 11048   в файле   80-248104970
На строке 11049   в файле   80-260123289
На строке 11050   в файле   80-248121696
На строке 11051   в файле   80-260132268
На строке 11052   в файле   80-248187458
На строке 11053   в файле   80-260156528
На строке 11054   в файле   80-248188425
На строке 11055   в файле   80-260156846
На строке 11056   в файле   80-248189367
На строке 11057   в файле   80-260156928
На строке 11058   в файле   80-248189715
На строке 11059   в файле   80-260157179
На строке 11060   в файле   80-248190187
На строке 11061   в файле   80-260157298
На строке 11062   в файле   80-248130316
На строке 11063   в файле   80-260133563
На строке 11064   в файле   80-248130400
На строке 11065   в файле   80-260133545
На строке 11066   в файле   80-248132214
На строке 11067   в файле   80-260133877
На строке 11068   в файле   80-248138554
На строке 11069   в файле   80-260135405
На строке 11070   в файле   80-248162323
На строке 11071   в файле   80-260151458
На строке 11072   в файле   80-248105890
На строке 11073   в файле   80-260123547
На строке 11074   в файле   80-248187752
На строке 11075   в файле   80-260156618
На строке 11076   в файле   80-248188914
На строке 11077   в файле   80-260157019
На строке 11078   в файле   80-248188928
На строке 11079   в файле   80-261172119
На строке 11080   в файле   80-248189710
На строке 11081   в файле   80-260157090
На строке 11082   в файле   80-248189770
На строке 11083   в файле   80-260157192
На строке 11084   в файле   80-251935493
На строке 11085   в файле   80-260122912
На строке 11086   в файле   80-251976339
На строке 11087   в файле   80-260156848
На строке 11088   в файле   80-251973002
На строке 11089   в файле   80-260153391
На строке 11090   в файле   80-260124543
На строке 11091   в файле   80-259144239
На строке 11092   в файле   80-260137532
На строке 11093   в файле   80-259145657
На строке 11094   в файле   80-259145022
На строке 11095   в файле   80-259145728
На строке 11096   в файле   80-259146314
На строке 11097   в файле   80-259146361
На строке 11098   в файле   80-259147033
На строке 11099   в файле   80-259147066
На строке 11100   в файле   80-260140378
На строке 11101   в файле   80-260140610
На строке 11102   в файле   80-259147670
На строке 11103   в файле   80-260142423
На строке 11104   в файле   80-259147960
На строке 11105   в файле   80-259148361
На строке 11106   в файле   80-259148713
На строке 11107   в файле   80-260144070
На строке 11108   в файле   80-259152090
На строке 11109   в файле   80-259152783
На строке 11110   в файле   80-260145549
На строке 11111   в файле   80-260146599
На строке 11112   в файле   80-259152822
На строке 11113   в файле   80-259152865
На строке 11114   в файле   80-260146784
На строке 11115   в файле   80-260147431
На строке 11116   в файле   80-259154438
На строке 11117   в файле   80-260148439
На строке 11118   в файле   80-260149029
На строке 11119   в файле   80-260148510
На строке 11120   в файле   80-260149189
На строке 11121   в файле   80-260149473
На строке 11122   в файле   80-260149479
На строке 11123   в файле   80-260149571
На строке 11124   в файле   80-260149796
На строке 11125   в файле   80-260149956
На строке 11126   в файле   80-260150445
На строке 11127   в файле   80-260151049
На строке 11128   в файле   80-260151269
На строке 11129   в файле   80-260151473
На строке 11130   в файле   80-260151542
На строке 11131   в файле   80-260151619
На строке 11132   в файле   80-260151910
На строке 11133   в файле   80-260152253
На строке 11134   в файле   80-260152298
На строке 11135   в файле   80-260152599
На строке 11136   в файле   80-260152695
На строке 11137   в файле   80-260152719
На строке 11138   в файле   80-260152728
На строке 11139   в файле   80-260152855
На строке 11140   в файле   80-260153030
На строке 11141   в файле   80-260153586
На строке 11142   в файле   80-260155236
На строке 11143   в файле   80-260155263
На строке 11144   в файле   80-260155284
На строке 11145   в файле   80-260155481
На строке 11146   в файле   80-260155589
На строке 11147   в файле   80-260155664
На строке 11148   в файле   80-260155901
На строке 11149   в файле   80-260156163
На строке 11150   в файле   80-260156070
На строке 11151   в файле   80-260156309
На строке 11152   в файле   80-260157433
На строке 11153   в файле   80-260157557
На строке 11154   в файле   80-259168515
На строке 11155   в файле   80-259169185
На строке 11156   в файле   80-259170008
На строке 11157   в файле   80-259170586
На строке 11158   в файле   80-259170581
На строке 11159   в файле   80-259170603
На строке 11160   в файле   80-259171326
На строке 11161   в файле   80-259171932
На строке 11162   в файле   80-259174626
На строке 11163   в файле   80-259174758
На строке 11164   в файле   80-259176093
На строке 11165   в файле   80-259176708
На строке 11166   в файле   80-259177282
На строке 11167   в файле   80-259177908
На строке 11168   в файле   80-259178625
На строке 11169   в файле   80-259179142
На строке 11170   в файле   80-259179266
На строке 11171   в файле   80-259179255
На строке 11172   в файле   80-259179852
На строке 11173   в файле   80-259182701
На строке 11174   в файле   80-259187826
На строке 11175   в файле   80-259187844
На строке 11176   в файле   80-259187918
На строке 11177   в файле   80-259187979
На строке 11178   в файле   80-259188581
На строке 11179   в файле   80-259189202
На строке 11180   в файле   80-259189213
На строке 11181   в файле   80-259189963
На строке 11182   в файле   80-259190044
На строке 11183   в файле   80-259190576
На строке 11184   в файле   80-259190568
На строке 11185   в файле   80-259190583
На строке 11186   в файле   80-259191227
На строке 11187   в файле   80-259191831
На строке 11188   в файле   80-259191858
На строке 11189   в файле   80-259192761
На строке 11190   в файле   80-259192874
На строке 11191   в файле   80-259193229
На строке 11192   в файле   80-261166422
На строке 11193   в файле   80-259193611
На строке 11194   в файле   80-261167641
На строке 11195   в файле   80-259194163
На строке 11196   в файле   80-261167652
На строке 11197   в файле   80-259194671
На строке 11198   в файле   80-259194943
На строке 11199   в файле   80-261168505
На строке 11200   в файле   80-261170341
На строке 11201   в файле   80-261171580
На строке 11202   в файле   80-260762363
На строке 11203   в файле   80-260762603
На строке 11204   в файле   80-260762852
На строке 11205   в файле   80-260762626
На строке 11206   в файле   80-260762895
На строке 11207   в файле   80-260765677
На строке 11208   в файле   80-260765248
На строке 11209   в файле   80-260765711
На строке 11210   в файле   80-259217939
На строке 11211   в файле   80-259218755
На строке 11212   в файле   80-259218713
На строке 11213   в файле   80-259218690
На строке 11214   в файле   80-259218817
На строке 11215   в файле   80-259219398
На строке 11216   в файле   80-259220000
На строке 11217   в файле   80-259220018
На строке 11218   в файле   80-259220013
На строке 11219   в файле   80-259220044
На строке 11220   в файле   80-259220682
На строке 11221   в файле   80-259221287
На строке 11222   в файле   80-259221307
На строке 11223   в файле   80-259221356
На строке 11224   в файле   80-259221496
На строке 11225   в файле   80-259221928
На строке 11226   в файле   80-259222571
На строке 11227   в файле   80-259222762
На строке 11228   в файле   80-259223263
На строке 11229   в файле   80-259223978
На строке 11230   в файле   80-259223960
На строке 11231   в файле   80-259224604
На строке 11232   в файле   80-259225206
На строке 11233   в файле   80-259225313
На строке 11234   в файле   80-259225253
На строке 11235   в файле   80-259225738
На строке 11236   в файле   80-259225778
На строке 11237   в файле   80-259113750
На строке 11238   в файле   80-259125877
На строке 11239   в файле   80-259125791
На строке 11240   в файле   80-259125917
На строке 11241   в файле   80-259126972
На строке 11242   в файле   80-259128042
На строке 11243   в файле   80-259128254
На строке 11244   в файле   80-259132916
На строке 11245   в файле   80-259134223
На строке 11246   в файле   80-259134329
На строке 11247   в файле   80-259135351
На строке 11248   в файле   80-259136349
На строке 11249   в файле   80-259136430
На строке 11250   в файле   80-259135374
На строке 11252   в файле   80-260126165
На строке 11253   в файле   80-259137638
На строке 11254   в файле   80-259137735
На строке 11255   в файле   80-259138492
На строке 11256   в файле   80-259138633
На строке 11257   в файле   80-260127898
На строке 11258   в файле   80-260128157
На строке 11259   в файле   80-259139762
На строке 11260   в файле   80-259140446
На строке 11261   в файле   80-259140606
На строке 11262   в файле   80-260132661
На строке 11263   в файле   80-259140705
На строке 11264   в файле   80-260132996
На строке 11265   в файле   80-259141676
На строке 11266   в файле   80-259141633
На строке 11267   в файле   80-259142762
На строке 11268   в файле   80-259142881
На строке 11269   в файле   80-259142972
На строке 11270   в файле   80-260135724
На строке 11271   в файле   80-259143623
На строке 11272   в файле   80-260135935
На строке 11273   в файле   80-259143649
На строке 11274   в файле   80-259144168
На строке 11275   в файле   80-259144205
На строке 11276   в файле   80-259144908
На строке 11277   в файле   80-259145717
На строке 11278   в файле   80-260140113
На строке 11279   в файле   80-260144713
На строке 11280   в файле   80-260147024
На строке 11281   в файле   80-260150707
На строке 11282   в файле   80-260152092
На строке 11283   в файле   80-260152364
На строке 11284   в файле   80-260153660
На строке 11285   в файле   80-259168724
На строке 11286   в файле   80-259175351
На строке 11287   в файле   80-259175436
На строке 11288   в файле   80-259176088
На строке 11289   в файле   80-259177904
На строке 11290   в файле   80-259177918
На строке 11291   в файле   80-259178575
На строке 11292   в файле   80-259183284
На строке 11293   в файле   80-259183370
На строке 11294   в файле   80-259184144
На строке 11295   в файле   80-259187222
На строке 11296   в файле   80-259191452
На строке 11297   в файле   80-259193281
На строке 11298   в файле   80-259194676
На строке 11299   в файле   80-259198952
На строке 11300   в файле   80-260762552
На строке 11301   в файле   80-260765946
На строке 11302   в файле   80-260765935
На строке 11303   в файле   80-259214431
На строке 11304   в файле   80-259214523
На строке 11305   в файле   80-259222519
На строке 11306   в файле   80-259223327
На строке 11307   в файле   80-259224003
На строке 11308   в файле   80-259224620
На строке 11309   в файле   80-259126791
На строке 11310   в файле   80-259127955
На строке 11311   в файле   80-259134280
На строке 11312   в файле   80-260128763
На строке 11313   в файле   80-259138972
На строке 11314   в файле   80-260134272
На строке 11315   в файле   80-259154247
На строке 11316   в файле   80-260147860
На строке 11317   в файле   80-260149733
На строке 11318   в файле   80-260149799
На строке 11319   в файле   80-259169161
На строке 11320   в файле   80-259174648
На строке 11321   в файле   80-259183327
На строке 11322   в файле   80-259183637
На строке 11323   в файле   80-259189294
На строке 11324   в файле   80-259191841
На строке 11325   в файле   80-260129515
На строке 11326   в файле   80-259139583
На строке 11327   в файле   80-260132846
На строке 11328   в файле   80-259996693
На строке 11329   в файле   80-247058830
На строке 11330   в файле   80-251792735
На строке 11331   в файле   80-247068680
На строке 11332   в файле   80-251795711
На строке 11333   в файле   80-247077482
На строке 11334   в файле   80-251796958
На строке 11335   в файле   80-247084925
На строке 11336   в файле   80-247084917
На строке 11337   в файле   80-259997513
На строке 11338   в файле   80-261152735
На строке 11339   в файле   80-259997965
На строке 11340   в файле   80-259998440
На строке 11341   в файле   80-259998885
На строке 11342   в файле   80-261152929
На строке 11343   в файле   80-259999790
На строке 11344   в файле   80-260000135
На строке 11345   в файле   80-261153171
На строке 11346   в файле   80-260001410
На строке 11347   в файле   80-247060177
На строке 11348   в файле   80-247060340
На строке 11349   в файле   80-247060542
На строке 11350   в файле   80-247060912
На строке 11351   в файле   80-247061215
На строке 11352   в файле   80-247061186
На строке 11353   в файле   80-247061682
На строке 11354   в файле   80-251791514
На строке 11355   в файле   80-251792260
На строке 11356   в файле   80-251792245
На строке 11357   в файле   80-247065701
На строке 11358   в файле   80-251793701
На строке 11359   в файле   80-247066878
На строке 11360   в файле   80-247066886
На строке 11361   в файле   80-247067104
На строке 11362   в файле   80-247067261
На строке 11363   в файле   80-247067687
На строке 11364   в файле   80-247067694
На строке 11365   в файле   80-247068086
На строке 11366   в файле   80-247068074
На строке 11367   в файле   80-247068872
На строке 11368   в файле   80-247069046
На строке 11369   в файле   80-247069842
На строке 11370   в файле   80-251794677
На строке 11371   в файле   80-247070974
На строке 11372   в файле   80-251794772
На строке 11373   в файле   80-247071812
На строке 11374   в файле   80-247072245
На строке 11375   в файле   80-247072264
На строке 11376   в файле   80-247072760
На строке 11377   в файле   80-247074133
На строке 11378   в файле   80-251795956
На строке 11380   в файле   80-247074376
На строке 11381   в файле   80-247074899
На строке 11382   в файле   80-247074621
На строке 11383   в файле   80-247075127
На строке 11384   в файле   80-247075683
На строке 11385   в файле   80-247076040
На строке 11386   в файле   80-247076350
На строке 11387   в файле   80-247076619
На строке 11388   в файле   80-247078228
На строке 11389   в файле   80-247077818
На строке 11390   в файле   80-247078804
На строке 11391   в файле   80-247078820
На строке 11392   в файле   80-247079391
На строке 11393   в файле   80-247079327
На строке 11394   в файле   80-247079422
На строке 11395   в файле   80-247079384
На строке 11396   в файле   80-247080112
На строке 11397   в файле   80-247080088
На строке 11398   в файле   80-251796971
На строке 11399   в файле   80-251797207
На строке 11400   в файле   80-251797445
На строке 11401   в файле   80-247082552
На строке 11402   в файле   80-251797485
На строке 11403   в файле   80-251797927
На строке 11404   в файле   80-247082856
На строке 11405   в файле   80-251797903
На строке 11406   в файле   80-259996735
На строке 11407   в файле   80-260000421
На строке 11408   в файле   80-251792983
На строке 11409   в файле   80-247072752
На строке 11410   в файле   80-247078700
На строке 11411   в файле   80-247084444
На строке 11412   в файле   80-247085711
На строке 11413   в файле   80-247085319
На строке 11414   в файле   80-247084872
На строке 11415   в файле   80-247085689
На строке 11416   в файле   80-260000704
На строке 11417   в файле   80-260001937
На строке 11418   в файле   80-260001945
На строке 11419   в файле   80-260002280
На строке 11420   в файле   80-260002967
На строке 11421   в файле   80-260002907
На строке 11422   в файле   80-260003389
На строке 11423   в файле   80-260003624
На строке 11424   в файле   80-260004057
На строке 11425   в файле   80-247067857
На строке 11426   в файле   80-247068274
На строке 11427   в файле   80-247068453
На строке 11428   в файле   80-247069428
На строке 11429   в файле   80-247069509
На строке 11430   в файле   80-247069873
На строке 11431   в файле   80-247070997
На строке 11432   в файле   80-251794414
На строке 11433   в файле   80-247071636
На строке 11434   в файле   80-247072238
На строке 11435   в файле   80-251794987
На строке 11436   в файле   80-247073719
На строке 11437   в файле   80-247073965
На строке 11438   в файле   80-247074417
На строке 11439   в файле   80-247074869
На строке 11440   в файле   80-247075434
На строке 11441   в файле   80-247075405
На строке 11442   в файле   80-251796471
На строке 11443   в файле   80-247076918
На строке 11444   в файле   80-247077276
На строке 11445   в файле   80-251796671
На строке 11446   в файле   80-247080343
На строке 11447   в файле   80-247080324
На строке 11448   в файле   80-251797012
На строке 11449   в файле   80-247080697
На строке 11450   в файле   80-251797478
На строке 11451   в файле   80-247082137
На строке 11452   в файле   80-247082560
На строке 11453   в файле   80-247082485
На строке 11454   в файле   80-251797752
На строке 11455   в файле   80-251792490
На строке 11456   в файле   80-259999326
На строке 11457   в файле   80-252634007
На строке 11458   в файле   80-259998884
На строке 11459   в файле   80-259999493
На строке 11460   в файле   80-260083564
На строке 11461   в файле   80-248138029
На строке 11462   в файле   80-252556162
На строке 11463   в файле   80-248138549
На строке 11464   в файле   80-248138559
На строке 11465   в файле   80-248139088
На строке 11466   в файле   80-248140008
На строке 11467   в файле   80-252433263
На строке 11468   в файле   80-248137998
На строке 11469   в файле   80-260083193
На строке 11470   в файле   80-260083210
На строке 11471   в файле   80-260084017
На строке 11472   в файле   80-260083951
На строке 11473   в файле   80-248140007
На строке 11474   в файле   80-248140551
На строке 11475   в файле   80-248140544
На строке 11476   в файле   80-251956092
На строке 11477   в файле   80-251956307
На строке 11478   в файле   80-248142380
На строке 11479   в файле   80-248142842
На строке 11480   в файле   80-248138852
На строке 11481   в файле   80-260083687
На строке 11482   в файле   80-260083759
На строке 11483   в файле   80-260085199
На строке 11484   в файле   80-260085343
На строке 11485   в файле   80-248145478
На строке 11486   в файле   80-248145964
На строке 11487   в файле   80-248146153
На строке 11488   в файле   80-248146482
На строке 11489   в файле   80-248146888
На строке 11490   в файле   80-248146956
На строке 11491   в файле   80-248147396
На строке 11492   в файле   80-251957705
На строке 11493   в файле   80-248147732
На строке 11494   в файле   80-251957998
На строке 11495   в файле   80-248148209
На строке 11496   в файле   80-260085490
На строке 11497   в файле   80-260085628
На строке 11498   в файле   80-260085772
На строке 11499   в файле   80-260085862
На строке 11500   в файле   80-260085796
На строке 11501   в файле   80-260085908
На строке 11502   в файле   80-248145402
На строке 11503   в файле   80-260085024
На строке 11504   в файле   80-260085167
На строке 11505   в файле   80-260086452
На строке 11506   в файле   80-248150712
На строке 11507   в файле   80-248150816
На строке 11508   в файле   80-248151026
На строке 11509   в файле   80-251960522
На строке 11510   в файле   80-251961077
На строке 11511   в файле   80-248155240
На строке 11512   в файле   80-251961542
На строке 11513   в файле   80-251961813
На строке 11514   в файле   80-248155243
На строке 11516   в файле   80-248155687
На строке 11517   в файле   80-248150264
На строке 11518   в файле   80-260086363
На строке 11519   в файле   80-260086359
На строке 11520   в файле   80-260088478
На строке 11521   в файле   80-248165085
На строке 11522   в файле   80-248165062
На строке 11523   в файле   80-251969813
На строке 11524   в файле   80-248166500
На строке 11525   в файле   80-248166913
На строке 11526   в файле   80-248167113
На строке 11527   в файле   80-248167415
На строке 11528   в файле   80-248168000
На строке 11529   в файле   80-251970212
На строке 11530   в файле   80-248169181
На строке 11531   в файле   80-248169913
На строке 11532   в файле   80-248170091
На строке 11533   в файле   80-260088591
На строке 11534   в файле   80-260088677
На строке 11535   в файле   80-260088931
На строке 11536   в файле   80-248164729
На строке 11537   в файле   80-260088259
На строке 11538   в файле   80-261162374
На строке 11539   в файле   80-248168991
На строке 11540   в файле   80-260088447
На строке 11541   в файле   80-248173092
На строке 11542   в файле   80-248173369
На строке 11543   в файле   80-248173580
На строке 11544   в файле   80-251973064
На строке 11545   в файле   80-248175687
На строке 11546   в файле   80-248176309
На строке 11547   в файле   80-251973787
На строке 11548   в файле   80-248177145
На строке 11549   в файле   80-260088688
На строке 11550   в файле   80-260088753
На строке 11551   в файле   80-260088870
На строке 11552   в файле   80-248172554
На строке 11553   в файле   80-260088489
На строке 11554   в файле   80-260088348
На строке 11555   в файле   80-260089435
На строке 11556   в файле   80-248173397
На строке 11557   в файле   80-251972767
На строке 11558   в файле   80-251973233
На строке 11559   в файле   80-248176594
На строке 11560   в файле   80-248176816
На строке 11561   в файле   80-248177001
На строке 11562   в файле   80-248177670
На строке 11563   в файле   80-251973999
На строке 11564   в файле   80-260089545
На строке 11565   в файле   80-260089628
На строке 11566   в файле   80-261162157
На строке 11567   в файле   80-248172910
На строке 11568   в файле   80-260089317
На строке 11569   в файле   80-260089336
На строке 11570   в файле   80-260092569
На строке 11571   в файле   80-248182815
На строке 11572   в файле   80-248184337
На строке 11574   в файле   80-251975655
На строке 11575   в файле   80-248186059
На строке 11576   в файле   80-248186551
На строке 11577   в файле   80-248187360
На строке 11578   в файле   80-251976102
На строке 11579   в файле   80-248188152
На строке 11580   в файле   80-248182084
На строке 11581   в файле   80-260092257
На строке 11582   в файле   80-260092408
На строке 11583   в файле   80-260792720
На строке 11584   в файле   80-244612859
На строке 11585   в файле   80-243858272
На строке 11586   в файле   80-243863330
На строке 11587   в файле   80-244655868
На строке 11588   в файле   80-249921057
На строке 11589   в файле   80-252240561
На строке 11590   в файле   80-243894474
На строке 11591   в файле   80-249921691
На строке 11592   в файле   80-243909422
На строке 11593   в файле   80-252239931
На строке 11594   в файле   80-243926498
На строке 11595   в файле   80-249922134
На строке 11596   в файле   80-244712899
На строке 11597   в файле   80-249923182
На строке 11598   в файле   80-243958437
На строке 11599   в файле   80-244719441
На строке 11600   в файле   80-260792361
На строке 11601   в файле   80-260812779
На строке 11602   в файле   80-260794527
На строке 11603   в файле   80-260796292
На строке 11604   в файле   80-260812788
На строке 11605   в файле   80-260797394
На строке 11606   в файле   80-260813034
На строке 11607   в файле   80-260798912
На строке 11608   в файле   80-260813132
На строке 11609   в файле   80-260800682
На строке 11610   в файле   80-260802766
На строке 11611   в файле   80-261245172
На строке 11612   в файле   80-260804971
На строке 11613   в файле   80-260814197
На строке 11614   в файле   80-261245337
На строке 11615   в файле   80-260807314
На строке 11616   в файле   80-260814867
На строке 11617   в файле   80-260809075
На строке 11618   в файле   80-260814359
На строке 11619   в файле   80-244613397
На строке 11620   в файле   80-244633679
На строке 11621   в файле   80-243858035
На строке 11622   в файле   80-244616241
На строке 11623   в файле   80-244618191
На строке 11624   в файле   80-244619493
На строке 11625   в файле   80-244621752
На строке 11626   в файле   80-244633685
На строке 11627   в файле   80-249918771
На строке 11628   в файле   80-244635066
На строке 11629   в файле   80-249919005
На строке 11630   в файле   80-243839252
На строке 11631   в файле   80-244629739
На строке 11632   в файле   80-243862368
На строке 11633   в файле   80-244635110
На строке 11634   в файле   80-249919221
На строке 11635   в файле   80-244655778
На строке 11636   в файле   80-249919444
На строке 11637   в файле   80-243883261
На строке 11638   в файле   80-252503666
На строке 11639   в файле   80-244644915
На строке 11640   в файле   80-244659089
На строке 11641   в файле   80-244657519
На строке 11642   в файле   80-243884569
На строке 11643   в файле   80-249920241
На строке 11644   в файле   80-244653296
На строке 11645   в файле   80-244658379
На строке 11646   в файле   80-249920473
На строке 11647   в файле   80-249920444
На строке 11648   в файле   80-252239247
На строке 11649   в файле   80-243881830
На строке 11650   в файле   80-249920475
На строке 11651   в файле   80-243881217
На строке 11652   в файле   80-243885350
На строке 11653   в файле   80-252239300
На строке 11654   в файле   80-243887348
На строке 11655   в файле   80-243887992
На строке 11656   в файле   80-244669672
На строке 11657   в файле   80-244667979
На строке 11658   в файле   80-244660671
На строке 11659   в файле   80-244662077
На строке 11660   в файле   80-244667936
На строке 11661   в файле   80-249921047
На строке 11662   в файле   80-244661535
На строке 11663   в файле   80-252503617
На строке 11664   в файле   80-249920931
На строке 11665   в файле   80-249921064
На строке 11666   в файле   80-244670656
На строке 11667   в файле   80-249921051
На строке 11668   в файле   80-249921043
На строке 11669   в файле   80-243894442
На строке 11670   в файле   80-243900833
На строке 11671   в файле   80-243900851
На строке 11672   в файле   80-244673137
На строке 11673   в файле   80-244674211
На строке 11674   в файле   80-244682138
На строке 11675   в файле   80-243901434
На строке 11676   в файле   80-249921463
На строке 11677   в файле   80-243896942
На строке 11678   в файле   80-244674950
На строке 11679   в файле   80-249921689
На строке 11680   в файле   80-249921286
На строке 11681   в файле   80-249921707
На строке 11682   в файле   80-243902680
На строке 11683   в файле   80-244680623
На строке 11684   в файле   80-243903826
На строке 11685   в файле   80-244678893
На строке 11686   в файле   80-249921480
На строке 11687   в файле   80-249921803
На строке 11688   в файле   80-243904995
На строке 11689   в файле   80-243910571
На строке 11690   в файле   80-244686959
На строке 11691   в файле   80-244692343
На строке 11692   в файле   80-243907016
На строке 11693   в файле   80-249922100
На строке 11694   в файле   80-244688635
На строке 11695   в файле   80-249922220
На строке 11696   в файле   80-243912304
На строке 11697   в файле   80-244689139
На строке 11698   в файле   80-243907160
На строке 11699   в файле   80-243913755
На строке 11700   в файле   80-243913152
На строке 11701   в файле   80-244690010
На строке 11702   в файле   80-243908421
На строке 11703   в файле   80-243915000
На строке 11704   в файле   80-243916707
На строке 11705   в файле   80-244690557
На строке 11706   в файле   80-244697740
На строке 11707   в файле   80-243917419
На строке 11708   в файле   80-243927786
На строке 11709   в файле   80-243918209
На строке 11710   в файле   80-244708196
На строке 11711   в файле   80-244708925
На строке 11712   в файле   80-244706646
На строке 11713   в файле   80-243919927
На строке 11714   в файле   80-243929318
На строке 11715   в файле   80-243930082
На строке 11716   в файле   80-243920896
На строке 11717   в файле   80-244709741
На строке 11718   в файле   80-249923031
На строке 11719   в файле   80-243923253
На строке 11720   в файле   80-243925437
На строке 11721   в файле   80-243924825
На строке 11722   в файле   80-243930979
На строке 11723   в файле   80-244711233
На строке 11724   в файле   80-249923170
На строке 11725   в файле   80-244710454
На строке 11726   в файле   80-243939982
На строке 11727   в файле   80-243933378
На строке 11728   в файле   80-243940084
На строке 11729   в файле   80-243934066
На строке 11730   в файле   80-243941421
На строке 11731   в файле   80-244711384
На строке 11732   в файле   80-244714501
На строке 11733   в файле   80-243942987
На строке 11734   в файле   80-249923166
На строке 11735   в файле   80-243934700
На строке 11736   в файле   80-243944671
На строке 11737   в файле   80-243935447
На строке 11738   в файле   80-249923257
На строке 11739   в файле   80-244712096
На строке 11740   в файле   80-244716420
На строке 11741   в файле   80-244717862
На строке 11742   в файле   80-243937881
На строке 11743   в файле   80-244712915
На строке 11744   в файле   80-249923379
На строке 11745   в файле   80-244724050
На строке 11746   в файле   80-243953696
На строке 11747   в файле   80-243959405
На строке 11748   в файле   80-252246360
На строке 11749   в файле   80-243960398
На строке 11750   в файле   80-243954839
На строке 11751   в файле   80-252247117
На строке 11752   в файле   80-244727079
На строке 11753   в файле   80-243955451
На строке 11754   в файле   80-244728635
На строке 11755   в файле   80-243955419
На строке 11756   в файле   80-243963445
На строке 11757   в файле   80-243955932
На строке 11758   в файле   80-243963027
На строке 11759   в файле   80-252246309
На строке 11760   в файле   80-252246364
На строке 11761   в файле   80-252246964
На строке 11762   в файле   80-244730241
На строке 11763   в файле   80-252247649
На строке 11764   в файле   80-244723287
На строке 11765   в файле   80-261271331
На строке 11766   в файле   80-261244799
На строке 11767   в файле   80-260792956
На строке 11768   в файле   80-260793608
На строке 11769   в файле   80-260793669
На строке 11770   в файле   80-260793287
На строке 11771   в файле   80-260793979
На строке 11772   в файле   80-260793694
На строке 11773   в файле   80-260794033
На строке 11774   в файле   80-260794503
На строке 11775   в файле   80-260794150
На строке 11776   в файле   80-260795234
На строке 11777   в файле   80-260794876
На строке 11778   в файле   80-260794936
На строке 11779   в файле   80-260795408
На строке 11780   в файле   80-260795345
На строке 11781   в файле   80-260795362
На строке 11782   в файле   80-260796153
На строке 11783   в файле   80-260795790
На строке 11784   в файле   80-260796141
На строке 11785   в файле   80-260796248
На строке 11786   в файле   80-260796256
На строке 11787   в файле   80-261244834
На строке 11788   в файле   80-260796608
На строке 11789   в файле   80-261245042
На строке 11790   в файле   80-261244816
На строке 11791   в файле   80-260797132
На строке 11792   в файле   80-261244813
На строке 11793   в файле   80-260797145
На строке 11794   в файле   80-260797744
На строке 11795   в файле   80-260797975
На строке 11796   в файле   80-260797694
На строке 11797   в файле   80-260798243
На строке 11798   в файле   80-260798853
На строке 11799   в файле   80-260798026
На строке 11800   в файле   80-260799197
На строке 11801   в файле   80-260798779
На строке 11802   в файле   80-260799411
На строке 11803   в файле   80-261244934
На строке 11804   в файле   80-260799326
На строке 11805   в файле   80-260799812
На строке 11806   в файле   80-261245071
На строке 11807   в файле   80-260799720
На строке 11808   в файле   80-260799964
На строке 11809   в файле   80-260800191
На строке 11810   в файле   80-261245092
На строке 11811   в файле   80-260800701
На строке 11812   в файле   80-260800400
На строке 11813   в файле   80-260800899
На строке 11814   в файле   80-260801304
На строке 11815   в файле   80-260801165
На строке 11816   в файле   80-260801745
На строке 11817   в файле   80-260801722
На строке 11818   в файле   80-260801852
На строке 11819   в файле   80-260802182
На строке 11820   в файле   80-260802242
На строке 11821   в файле   80-260802390
На строке 11822   в файле   80-260802723
На строке 11823   в файле   80-260802832
На строке 11824   в файле   80-260803242
На строке 11825   в файле   80-260803356
На строке 11826   в файле   80-260803441
На строке 11827   в файле   80-260803799
На строке 11828   в файле   80-260803871
На строке 11829   в файле   80-260804409
На строке 11830   в файле   80-260804849
На строке 11831   в файле   80-260804507
На строке 11832   в файле   80-260805089
На строке 11833   в файле   80-260805015
На строке 11834   в файле   80-260805668
На строке 11835   в файле   80-260806179
На строке 11836   в файле   80-260806053
На строке 11837   в файле   80-260806190
На строке 11838   в файле   80-260806196
На строке 11839   в файле   80-260806427
На строке 11840   в файле   80-260807117
На строке 11841   в файле   80-261245149
На строке 11842   в файле   80-260807374
На строке 11843   в файле   80-260807390
На строке 11844   в файле   80-260807604
На строке 11845   в файле   80-260808320
На строке 11846   в файле   80-260808625
На строке 11847   в файле   80-260808599
На строке 11848   в файле   80-260808707
На строке 11849   в файле   80-260809088
На строке 11850   в файле   80-261245168
На строке 11851   в файле   80-260809797
На строке 11852   в файле   80-260809948
На строке 11853   в файле   80-260810143
На строке 11854   в файле   80-260809794
На строке 11855   в файле   80-260810321
На строке 11856   в файле   80-260810432
На строке 11857   в файле   80-260811165
На строке 11858   в файле   80-261245336
На строке 11859   в файле   80-260811430
На строке 11860   в файле   80-260811630
На строке 11861   в файле   80-260811544
На строке 11862   в файле   80-249917674
На строке 11863   в файле   80-252236109
На строке 11864   в файле   80-244613921
На строке 11865   в файле   80-244615082
На строке 11866   в файле   80-244614769
На строке 11867   в файле   80-252236121
На строке 11868   в файле   80-249918284
На строке 11869   в файле   80-244615727
На строке 11870   в файле   80-244615336
На строке 11871   в файле   80-249918289
На строке 11872   в файле   80-244616648
На строке 11873   в файле   80-244616885
На строке 11874   в файле   80-244616517
На строке 11875   в файле   80-249918286
На строке 11876   в файле   80-249918291
На строке 11877   в файле   80-244617187
На строке 11878   в файле   80-244617189
На строке 11879   в файле   80-244617556
На строке 11880   в файле   80-244617808
На строке 11881   в файле   80-244617805
На строке 11882   в файле   80-244618498
На строке 11883   в файле   80-244618481
На строке 11884   в файле   80-249918539
На строке 11885   в файле   80-249918450
На строке 11886   в файле   80-249918520
На строке 11887   в файле   80-244618812
На строке 11888   в файле   80-244619267
На строке 11889   в файле   80-249918543
На строке 11890   в файле   80-244619167
На строке 11891   в файле   80-244620225
На строке 11892   в файле   80-244619903
На строке 11893   в файле   80-249918546
На строке 11894   в файле   80-244620392
На строке 11895   в файле   80-244620702
На строке 11896   в файле   80-244621068
На строке 11897   в файле   80-249918643
На строке 11898   в файле   80-252236785
На строке 11899   в файле   80-249918756
На строке 11900   в файле   80-244621417
На строке 11901   в файле   80-244621436
На строке 11902   в файле   80-249918522
На строке 11903   в файле   80-249918755
На строке 11904   в файле   80-249918773
На строке 11905   в файле   80-244622132
На строке 11906   в файле   80-244622144
На строке 11907   в файле   80-244622557
На строке 11909   в файле   80-244623007
На строке 11910   в файле   80-244623477
На строке 11911   в файле   80-249918783
На строке 11912   в файле   80-249918855
На строке 11913   в файле   80-244623875
На строке 11914   в файле   80-244623854
На строке 11915   в файле   80-244624303
На строке 11916   в файле   80-244624735
На строке 11917   в файле   80-244624711
На строке 11918   в файле   80-244625212
На строке 11919   в файле   80-249918960
На строке 11920   в файле   80-244625653
На строке 11921   в файле   80-249918973
На строке 11922   в файле   80-244625631
На строке 11923   в файле   80-244626221
На строке 11924   в файле   80-244626653
На строке 11925   в файле   80-244626578
На строке 11926   в файле   80-244627154
На строке 11927   в файле   80-249919011
На строке 11928   в файле   80-249919122
На строке 11929   в файле   80-249919082
На строке 11930   в файле   80-244627653
На строке 11931   в файле   80-244627648
На строке 11932   в файле   80-244628139
На строке 11933   в файле   80-243840958
На строке 11934   в файле   80-246270446
На строке 11935   в файле   80-244628740
На строке 11936   в файле   80-243839803
На строке 11937   в файле   80-243841167
На строке 11938   в файле   80-243840377
На строке 11939   в файле   80-244628703
На строке 11940   в файле   80-244629179
На строке 11941   в файле   80-243841562
На строке 11942   в файле   80-244629732
На строке 11943   в файле   80-249919251
На строке 11944   в файле   80-243844459
На строке 11945   в файле   80-243845209
На строке 11946   в файле   80-243845203
На строке 11947   в файле   80-243845822
На строке 11948   в файле   80-249919196
На строке 11949   в файле   80-244630776
На строке 11950   в файле   80-244630267
На строке 11951   в файле   80-244630782
На строке 11952   в файле   80-243846511
На строке 11953   в файле   80-243849506
На строке 11954   в файле   80-243850174
На строке 11955   в файле   80-243850203
На строке 11956   в файле   80-244632031
На строке 11957   в файле   80-249919338
На строке 11958   в файле   80-243850880
На строке 11959   в файле   80-244631435
На строке 11960   в файле   80-243854913
На строке 11961   в файле   80-249919243
На строке 11962   в файле   80-244632513
На строке 11963   в файле   80-243864957
На строке 11964   в файле   80-244636516
На строке 11965   в файле   80-243866320
На строке 11966   в файле   80-243866481
На строке 11967   в файле   80-244635775
На строке 11968   в файле   80-244638255
На строке 11969   в файле   80-252237947
На строке 11970   в файле   80-244638016
На строке 11971   в файле   80-244638716
На строке 11972   в файле   80-243867805
На строке 11973   в файле   80-243868989
На строке 11974   в файле   80-252503682
На строке 11975   в файле   80-252236963
На строке 11977   в файле   80-252238456
На строке 11978   в файле   80-249920014
На строке 11979   в файле   80-244641911
На строке 11980   в файле   80-243870714
На строке 11981   в файле   80-249920013
На строке 11982   в файле   80-244642716
На строке 11983   в файле   80-249920030
На строке 11984   в файле   80-244644126
На строке 11985   в файле   80-244645647
На строке 11986   в файле   80-249920169
На строке 11987   в файле   80-244647192
На строке 11988   в файле   80-244648118
На строке 11989   в файле   80-243874544
На строке 11990   в файле   80-244647928
На строке 11991   в файле   80-249920228
На строке 11992   в файле   80-243875443
На строке 11993   в файле   80-243875938
На строке 11994   в файле   80-244648888
На строке 11995   в файле   80-243876845
На строке 11996   в файле   80-243876646
На строке 11997   в файле   80-249920244
На строке 11998   в файле   80-244650769
На строке 11999   в файле   80-243878052
На строке 12000   в файле   80-243878747
На строке 12001   в файле   80-249920445
На строке 12002   в файле   80-243879468
На строке 12003   в файле   80-243879916
На строке 12004   в файле   80-249920380
На строке 12005   в файле   80-244654072
На строке 12006   в файле   80-244606302
На строке 12007   в файле   80-259246428
На строке 12008   в файле   80-244606836
На строке 12009   в файле   80-259246733
На строке 12010   в файле   80-244607234
На строке 12011   в файле   80-259247104
На строке 12012   в файле   80-244607241
На строке 12013   в файле   80-244607398
На строке 12014   в файле   80-259247389
На строке 12015   в файле   80-244607621
На строке 12016   в файле   80-260791873
На строке 12017   в файле   80-260791900
На строке 12018   в файле   80-244607929
На строке 12019   в файле   80-259247692
На строке 12020   в файле   80-244608288
На строке 12021   в файле   80-260791798
На строке 12022   в файле   80-244608299
На строке 12023   в файле   80-259247703
На строке 12024   в файле   80-244608537
На строке 12025   в файле   80-259247996
На строке 12026   в файле   80-244609121
На строке 12027   в файле   80-259248250
На строке 12028   в файле   80-244609278
На строке 12029   в файле   80-259248304
На строке 12030   в файле   80-244611020
На строке 12031   в файле   80-260791809
На строке 12032   в файле   80-244611848
На строке 12033   в файле   80-259248604
На строке 12034   в файле   80-244610617
На строке 12035   в файле   80-260792621
На строке 12036   в файле   80-244612344
На строке 12037   в файле   80-260792329
На строке 12038   в файле   80-249917107
На строке 12039   в файле   80-259247375
На строке 12040   в файле   80-249917207
На строке 12041   в файле   80-259247969
На строке 12042   в файле   80-249917285
На строке 12043   в файле   80-260792711
На строке 12044   в файле   80-249917284
На строке 12045   в файле   80-259248396
На строке 12046   в файле   80-249917525
На строке 12047   в файле   80-259249007
На строке 12048   в файле   80-249917221
На строке 12049   в файле   80-259247701
На строке 12050   в файле   80-252234872
На строке 12051   в файле   80-259246397
На строке 12052   в файле   80-252503304
На строке 12053   в файле   80-259249002
На строке 12054   в файле   80-259246388
На строке 12055   в файле   80-259246784
На строке 12056   в файле   80-259247065
На строке 12057   в файле   80-260811865
На строке 12058   в файле   80-260812347
На строке 12059   в файле   80-260811981
На строке 12060   в файле   80-243892556
На строке 12061   в файле   80-244671519
На строке 12062   в файле   80-243893804
На строке 12063   в файле   80-243932661
На строке 12064   в файле   80-243938562
На строке 12065   в файле   80-260885535
На строке 12066   в файле   80-249920019
На строке 12067   в файле   80-243957888
На строке 12068   в файле   80-243984917
На строке 12069   в файле   80-244012421
На строке 12070   в файле   80-244023385
На строке 12071   в файле   80-244793049
На строке 12072   в файле   80-244038060
На строке 12073   в файле   80-244051837
На строке 12074   в файле   80-260886282
На строке 12075   в файле   80-260887978
На строке 12076   в файле   80-260890476
На строке 12077   в файле   80-261248734
На строке 12078   в файле   80-261248848
На строке 12079   в файле   80-261248965
На строке 12080   в файле   80-261248994
На строке 12081   в файле   80-261249280
На строке 12082   в файле   80-260904457
На строке 12083   в файле   80-260906547
На строке 12084   в файле   80-244646454
На строке 12085   в файле   80-243879869
На строке 12086   в файле   80-249920577
На строке 12087   в файле   80-244663269
На строке 12088   в файле   80-249921272
На строке 12089   в файле   80-244686969
На строке 12090   в файле   80-244695524
На строке 12091   в файле   80-243927183
На строке 12092   в файле   80-243936953
На строке 12093   в файле   80-244717868
На строке 12094   в файле   80-244724030
На строке 12095   в файле   80-252505109
На строке 12096   в файле   80-244739220
На строке 12097   в файле   80-249924571
На строке 12098   в файле   80-243972714
На строке 12099   в файле   80-243975427
На строке 12100   в файле   80-244762934
На строке 12101   в файле   80-243979913
На строке 12102   в файле   80-243981765
На строке 12103   в файле   80-243983573
На строке 12104   в файле   80-249925591
На строке 12105   в файле   80-243987079
На строке 12106   в файле   80-243990799
На строке 12107   в файле   80-243994086
На строке 12108   в файле   80-249926001
На строке 12109   в файле   80-244778216
На строке 12110   в файле   80-244003878
На строке 12111   в файле   80-244782559
На строке 12112   в файле   80-244008380
На строке 12113   в файле   80-244784129
На строке 12114   в файле   80-244012657
На строке 12115   в файле   80-244788050
На строке 12116   в файле   80-244015984
На строке 12117   в файле   80-244789916
На строке 12118   в файле   80-244021637
На строке 12119   в файле   80-244021864
На строке 12120   в файле   80-249926766
На строке 12121   в файле   80-244022473
На строке 12122   в файле   80-249926892
На строке 12123   в файле   80-244023031
На строке 12124   в файле   80-244791120
На строке 12125   в файле   80-251387804
На строке 12126   в файле   80-244024480
На строке 12127   в файле   80-244025141
На строке 12128   в файле   80-244025842
На строке 12129   в файле   80-244026169
На строке 12130   в файле   80-249926942
На строке 12131   в файле   80-244027921
На строке 12132   в файле   80-244792102
На строке 12133   в файле   80-251387416
На строке 12134   в файле   80-244030020
На строке 12135   в файле   80-244031108
На строке 12136   в файле   80-252255096
На строке 12137   в файле   80-249926953
На строке 12138   в файле   80-249927119
На строке 12139   в файле   80-244033084
На строке 12140   в файле   80-244793576
На строке 12141   в файле   80-244793868
На строке 12142   в файле   80-244033909
На строке 12143   в файле   80-244034703
На строке 12144   в файле   80-249927114
На строке 12145   в файле   80-246272434
На строке 12146   в файле   80-244795070
На строке 12147   в файле   80-249927057
На строке 12148   в файле   80-244042827
На строке 12149   в файле   80-244044407
На строке 12150   в файле   80-244795562
На строке 12151   в файле   80-244044912
На строке 12152   в файле   80-244047704
На строке 12153   в файле   80-244050583
На строке 12154   в файле   80-244796716
На строке 12155   в файле   80-244054362
На строке 12156   в файле   80-249927308
На строке 12157   в файле   80-244056359
На строке 12158   в файле   80-244057207
На строке 12159   в файле   80-244058625
На строке 12160   в файле   80-246274579
На строке 12161   в файле   80-244063641
На строке 12162   в файле   80-244798914
На строке 12163   в файле   80-252335736
На строке 12164   в файле   80-260885967
На строке 12165   в файле   80-260886434
На строке 12166   в файле   80-261248295
На строке 12167   в файле   80-261248560
На строке 12168   в файле   80-261248499
На строке 12169   в файле   80-261248657
На строке 12170   в файле   80-261248204
На строке 12171   в файле   80-261248410
На строке 12172   в файле   80-260888586
На строке 12173   в файле   80-261248459
На строке 12174   в файле   80-260888697
На строке 12175   в файле   80-260888964
На строке 12176   в файле   80-260889037
На строке 12177   в файле   80-261248715
На строке 12178   в файле   80-260890335
На строке 12179   в файле   80-261248655
На строке 12180   в файле   80-261271871
На строке 12181   в файле   80-260890286
На строке 12182   в файле   80-260890844
На строке 12183   в файле   80-261248755
На строке 12184   в файле   80-260891080
На строке 12185   в файле   80-260891337
На строке 12186   в файле   80-260891525
На строке 12187   в файле   80-261248996
На строке 12188   в файле   80-260892105
На строке 12189   в файле   80-260891676
На строке 12190   в файле   80-260892639
На строке 12191   в файле   80-260892820
На строке 12192   в файле   80-261271878
На строке 12193   в файле   80-260893385
На строке 12194   в файле   80-260892881
На строке 12195   в файле   80-260894334
На строке 12196   в файле   80-260894313
На строке 12197   в файле   80-260893464
На строке 12198   в файле   80-260893498
На строке 12199   в файле   80-260895001
На строке 12200   в файле   80-260894278
На строке 12201   в файле   80-261248972
На строке 12202   в файле   80-260894938
На строке 12203   в файле   80-260895070
На строке 12204   в файле   80-261248980
На строке 12205   в файле   80-260896089
На строке 12206   в файле   80-260896096
На строке 12207   в файле   80-260896137
На строке 12208   в файле   80-260896654
На строке 12209   в файле   80-260896431
На строке 12210   в файле   80-260896736
На строке 12211   в файле   80-260897680
На строке 12212   в файле   80-260898125
На строке 12213   в файле   80-260898061
На строке 12214   в файле   80-260898113
На строке 12215   в файле   80-260898179
На строке 12216   в файле   80-260899147
На строке 12217   в файле   80-260898785
На строке 12218   в файле   80-260899565
На строке 12219   в файле   80-260899591
На строке 12220   в файле   80-260899761
На строке 12221   в файле   80-260900113
На строке 12222   в файле   80-260900320
На строке 12223   в файле   80-261249327
На строке 12224   в файле   80-260900799
На строке 12225   в файле   80-260901379
На строке 12226   в файле   80-261249225
На строке 12227   в файле   80-260900657
На строке 12228   в файле   80-260901557
На строке 12229   в файле   80-261249105
На строке 12230   в файле   80-260901936
На строке 12231   в файле   80-261249247
На строке 12232   в файле   80-260902244
На строке 12233   в файле   80-261249279
На строке 12234   в файле   80-260902582
На строке 12235   в файле   80-260903531
На строке 12236   в файле   80-261249449
На строке 12237   в файле   80-260903526
На строке 12238   в файле   80-260903968
На строке 12239   в файле   80-260904040
На строке 12240   в файле   80-260904142
На строке 12241   в файле   80-261249339
На строке 12242   в файле   80-261249557
На строке 12243   в файле   80-261271863
На строке 12244   в файле   80-260905467
На строке 12245   в файле   80-261249538
На строке 12246   в файле   80-260905148
На строке 12247   в файле   80-261249596
На строке 12248   в файле   80-260905694
На строке 12249   в файле   80-260906010
На строке 12250   в файле   80-260906790
На строке 12251   в файле   80-260906205
На строке 12252   в файле   80-260906660
На строке 12253   в файле   80-260906938
На строке 12254   в файле   80-260907578
На строке 12255   в файле   80-261249584
На строке 12256   в файле   80-260907400
На строке 12257   в файле   80-261249680
На строке 12258   в файле   80-261249665
На строке 12259   в файле   80-261249777
На строке 12260   в файле   80-261249780
На строке 12261   в файле   80-261276362
На строке 12262   в файле   80-249920257
На строке 12263   в файле   80-249920231
На строке 12264   в файле   80-243875316
На строке 12265   в файле   80-244649920
На строке 12266   в файле   80-243877370
На строке 12267   в файле   80-244652387
На строке 12268   в файле   80-243878142
На строке 12269   в файле   80-249920456
На строке 12270   в файле   80-244650772
На строке 12271   в файле   80-244651647
На строке 12272   в файле   80-244652375
На строке 12273   в файле   80-243880545
На строке 12274   в файле   80-244654091
На строке 12275   в файле   80-243881258
На строке 12276   в файле   80-244656830
На строке 12277   в файле   80-244655006
На строке 12278   в файле   80-243882545
На строке 12279   в файле   80-244657530
На строке 12280   в файле   80-243884099
На строке 12281   в файле   80-243883985
На строке 12282   в файле   80-244659091
На строке 12283   в файле   80-244659918
На строке 12284   в файле   80-243885848
На строке 12285   в файле   80-243886003
На строке 12286   в файле   80-244660666
На строке 12287   в файле   80-243886600
На строке 12288   в файле   80-243887366
На строке 12289   в файле   80-252240036
На строке 12290   в файле   80-252240575
На строке 12291   в файле   80-252239237
На строке 12292   в файле   80-243888883
На строке 12293   в файле   80-243890826
На строке 12294   в файле   80-243891507
На строке 12295   в файле   80-243891636
На строке 12296   в файле   80-244667133
На строке 12297   в файле   80-249921267
На строке 12298   в файле   80-244668721
На строке 12299   в файле   80-249921269
На строке 12300   в файле   80-244669729
На строке 12301   в файле   80-244671590
На строке 12302   в файле   80-249921298
На строке 12303   в файле   80-244673163
На строке 12304   в файле   80-249921473
На строке 12305   в файле   80-249921528
На строке 12306   в файле   80-249921524
На строке 12307   в файле   80-244679805
На строке 12308   в файле   80-249921681
На строке 12309   в файле   80-244681528
На строке 12310   в файле   80-244681517
На строке 12311   в файле   80-243902765
На строке 12312   в файле   80-243903785
На строке 12313   в файле   80-244687737
На строке 12314   в файле   80-243905677
На строке 12315   в файле   80-249922025
На строке 12316   в файле   80-243905810
На строке 12317   в файле   80-249921895
На строке 12318   в файле   80-243908783
На строке 12319   в файле   80-249921899
На строке 12320   в файле   80-249922099
На строке 12321   в файле   80-243910002
На строке 12322   в файле   80-244692126
На строке 12323   в файле   80-243914547
На строке 12324   в файле   80-243915600
На строке 12325   в файле   80-244697628
На строке 12326   в файле   80-244696927
На строке 12327   в файле   80-244706661
На строке 12328   в файле   80-243921624
На строке 12329   в файле   80-244707424
На строке 12330   в файле   80-243923139
На строке 12331   в файле   80-243924806
На строке 12332   в файле   80-244708324
На строке 12333   в файле   80-243928506
На строке 12334   в файле   80-243929321
На строке 12335   в файле   80-243930955
На строке 12336   в файле   80-249923186
На строке 12337   в файле   80-243931813
На строке 12338   в файле   80-244709847
На строке 12339   в файле   80-243933398
На строке 12340   в файле   80-243934800
На строке 12341   в файле   80-243936278
На строке 12342   в файле   80-243936285
На строке 12343   в файле   80-243937895
На строке 12344   в файле   80-243939488
На строке 12345   в файле   80-249923287
На строке 12346   в файле   80-243941431
На строке 12347   в файле   80-243941450
На строке 12348   в файле   80-244714276
На строке 12349   в файле   80-243943088
На строке 12350   в файле   80-243944696
На строке 12351   в файле   80-244715020
На строке 12352   в файле   80-243948077
На строке 12353   в файле   80-249923378
На строке 12354   в файле   80-244719585
На строке 12355   в файле   80-243952413
На строке 12356   в файле   80-243953181
На строке 12357   в файле   80-243953160
На строке 12358   в файле   80-243954351
На строке 12359   в файле   80-243954313
На строке 12360   в файле   80-244721129
На строке 12361   в файле   80-243956882
На строке 12362   в файле   80-243957410
На строке 12363   в файле   80-243958959
На строке 12364   в файле   80-244724847
На строке 12365   в файле   80-249923893
На строке 12366   в файле   80-249923907
На строке 12367   в файле   80-249923905
На строке 12368   в файле   80-244727903
На строке 12369   в файле   80-249923908
На строке 12370   в файле   80-252504861
На строке 12371   в файле   80-244733976
На строке 12372   в файле   80-243966178
На строке 12373   в файле   80-244736470
На строке 12374   в файле   80-244734791
На строке 12375   в файле   80-249924296
На строке 12376   в файле   80-244734944
На строке 12377   в файле   80-243966631
На строке 12378   в файле   80-244736317
На строке 12379   в файле   80-244737068
На строке 12380   в файле   80-244737886
На строке 12381   в файле   80-244737765
На строке 12382   в файле   80-249924385
На строке 12383   в файле   80-244740772
На строке 12384   в файле   80-249924391
На строке 12385   в файле   80-249924582
На строке 12386   в файле   80-249924387
На строке 12387   в файле   80-243968821
На строке 12388   в файле   80-244742126
На строке 12389   в файле   80-244742265
На строке 12390   в файле   80-249924573
На строке 12391   в файле   80-244744992
На строке 12392   в файле   80-244744657
На строке 12393   в файле   80-249924671
На строке 12394   в файле   80-249924670
На строке 12395   в файле   80-244748972
На строке 12396   в файле   80-243971241
На строке 12397   в файле   80-244749888
На строке 12398   в файле   80-249924875
На строке 12399   в файле   80-249924923
На строке 12400   в файле   80-244751231
На строке 12401   в файле   80-243972421
На строке 12402   в файле   80-243973157
На строке 12403   в файле   80-244753194
На строке 12404   в файле   80-252252070
На строке 12405   в файле   80-243973762
На строке 12406   в файле   80-243974089
На строке 12407   в файле   80-244755767
На строке 12408   в файле   80-249925076
На строке 12409   в файле   80-249925177
На строке 12410   в файле   80-244756986
На строке 12411   в файле   80-243974905
На строке 12412   в файле   80-243975121
На строке 12413   в файле   80-243975635
На строке 12414   в файле   80-243975629
На строке 12415   в файле   80-252505234
На строке 12416   в файле   80-243976063
На строке 12417   в файле   80-249925245
На строке 12418   в файле   80-244760018
На строке 12419   в файле   80-249925170
На строке 12420   в файле   80-244761327
На строке 12421   в файле   80-249925345
На строке 12422   в файле   80-244761833
На строке 12423   в файле   80-244763417
На строке 12424   в файле   80-244764457
На строке 12425   в файле   80-244763513
На строке 12426   в файле   80-244764475
На строке 12427   в файле   80-244765013
На строке 12428   в файле   80-243979509
На строке 12429   в файле   80-244765535
На строке 12430   в файле   80-249925407
На строке 12431   в файле   80-243980255
На строке 12432   в файле   80-243979916
На строке 12433   в файле   80-252253246
На строке 12434   в файле   80-243980542
На строке 12435   в файле   80-243980543
На строке 12436   в файле   80-243980832
На строке 12437   в файле   80-249925425
На строке 12438   в файле   80-243981075
На строке 12439   в файле   80-243981376
На строке 12440   в файле   80-243981089
На строке 12441   в файле   80-243981691
На строке 12442   в файле   80-249925497
На строке 12444   в файле   80-243982327
На строке 12445   в файле   80-243981999
На строке 12446   в файле   80-243982331
На строке 12447   в файле   80-244767840
На строке 12448   в файле   80-243982567
На строке 12449   в файле   80-243982938
На строке 12450   в файле   80-243982943
На строке 12451   в файле   80-244769455
На строке 12452   в файле   80-244768501
На строке 12453   в файле   80-243983173
На строке 12454   в файле   80-243983449
На строке 12455   в файле   80-243983763
На строке 12456   в файле   80-244768449
На строке 12457   в файле   80-243984089
На строке 12458   в файле   80-244769658
На строке 12459   в файле   80-243984337
На строке 12460   в файле   80-244768904
На строке 12461   в файле   80-243984363
На строке 12462   в файле   80-243984920
На строке 12463   в файле   80-243984602
На строке 12464   в файле   80-243985240
На строке 12465   в файле   80-243985461
На строке 12466   в файле   80-243985464
На строке 12467   в файле   80-243985810
На строке 12468   в файле   80-249925598
На строке 12469   в файле   80-243986312
На строке 12470   в файле   80-244769962
На строке 12471   в файле   80-243986792
На строке 12472   в файле   80-243986557
На строке 12473   в файле   80-243986546
На строке 12474   в файле   80-244770911
На строке 12475   в файле   80-244771446
На строке 12476   в файле   80-243987647
На строке 12477   в файле   80-243987605
На строке 12478   в файле   80-243987833
На строке 12479   в файле   80-243988336
На строке 12480   в файле   80-243988615
На строке 12481   в файле   80-243988813
На строке 12482   в файле   80-243988864
На строке 12483   в файле   80-249925779
На строке 12484   в файле   80-243990270
На строке 12485   в файле   80-243990816
На строке 12486   в файле   80-243991281
На строке 12487   в файле   80-249925671
На строке 12488   в файле   80-243991766
На строке 12489   в файле   80-243992001
На строке 12490   в файле   80-243992755
На строке 12491   в файле   80-244775090
На строке 12492   в файле   80-243993280
На строке 12493   в файле   80-243993672
На строке 12494   в файле   80-244775512
На строке 12495   в файле   80-243994217
На строке 12496   в файле   80-244776213
На строке 12497   в файле   80-243995022
На строке 12498   в файле   80-243995525
На строке 12499   в файле   80-243995306
На строке 12500   в файле   80-243996110
На строке 12501   в файле   80-244776986
На строке 12502   в файле   80-243995759
На строке 12503   в файле   80-243996334
На строке 12504   в файле   80-249926003
На строке 12505   в файле   80-243997304
На строке 12506   в файле   80-244777715
На строке 12507   в файле   80-243998002
На строке 12508   в файле   80-243998480
На строке 12509   в файле   80-243998233
На строке 12510   в файле   80-243998892
На строке 12511   в файле   80-243999005
На строке 12512   в файле   80-243999160
На строке 12513   в файле   80-243999642
На строке 12514   в файле   80-244000083
На строке 12515   в файле   80-244000614
На строке 12516   в файле   80-244000753
На строке 12517   в файле   80-244778918
На строке 12518   в файле   80-244001838
На строке 12519   в файле   80-244002021
На строке 12520   в файле   80-244002242
На строке 12521   в файле   80-244002964
На строке 12522   в файле   80-244003447
На строке 12523   в файле   80-244003671
На строке 12524   в файле   80-249926124
На строке 12525   в файле   80-244781768
На строке 12526   в файле   80-244004882
На строке 12527   в файле   80-244005196
На строке 12528   в файле   80-244005629
На строке 12529   в файле   80-244781397
На строке 12530   в файле   80-244781790
На строке 12531   в файле   80-244782500
На строке 12532   в файле   80-244005864
На строке 12533   в файле   80-244006093
На строке 12534   в файле   80-252253859
На строке 12535   в файле   80-244006324
На строке 12536   в файле   80-244006505
На строке 12537   в файле   80-244006993
На строке 12538   в файле   80-244783392
На строке 12539   в файле   80-244007490
На строке 12540   в файле   80-244007498
На строке 12541   в файле   80-244007748
На строке 12542   в файле   80-244007938
На строке 12543   в файле   80-244008226
На строке 12544   в файле   80-244008715
На строке 12545   в файле   80-244008866
На строке 12546   в файле   80-252254631
На строке 12547   в файле   80-244008984
На строке 12548   в файле   80-244009449
На строке 12549   в файле   80-244009330
На строке 12550   в файле   80-252255169
На строке 12551   в файле   80-244783764
На строке 12552   в файле   80-244009590
На строке 12553   в файле   80-244009825
На строке 12554   в файле   80-244784964
На строке 12555   в файле   80-249926535
На строке 12556   в файле   80-251387029
На строке 12557   в файле   80-251386521
На строке 12558   в файле   80-249926597
На строке 12559   в файле   80-244785872
На строке 12560   в файле   80-244785359
На строке 12561   в файле   80-244011912
На строке 12562   в файле   80-244012203
На строке 12563   в файле   80-251386868
На строке 12564   в файле   80-244785824
На строке 12565   в файле   80-249926614
На строке 12566   в файле   80-249926596
На строке 12567   в файле   80-244012628
На строке 12568   в файле   80-244012881
На строке 12569   в файле   80-244013187
На строке 12570   в файле   80-244013121
На строке 12571   в файле   80-244013411
На строке 12572   в файле   80-249926612
На строке 12573   в файле   80-244787689
На строке 12574   в файле   80-244013674
На строке 12576   в файле   80-244013922
На строке 12577   в файле   80-244788100
На строке 12578   в файле   80-249926609
На строке 12579   в файле   80-244014963
На строке 12580   в файле   80-244014705
На строке 12581   в файле   80-244015738
На строке 12582   в файле   80-244788799
На строке 12583   в файле   80-244015992
На строке 12584   в файле   80-244788749
На строке 12585   в файле   80-244016254
На строке 12586   в файле   80-251387048
На строке 12587   в файле   80-244016826
На строке 12588   в файле   80-249926759
На строке 12589   в файле   80-244789065
На строке 12590   в файле   80-244018223
На строке 12591   в файле   80-244789348
На строке 12592   в файле   80-244789376
На строке 12593   в файле   80-244018249
На строке 12594   в файле   80-244018871
На строке 12595   в файле   80-244789970
На строке 12596   в файле   80-244020481
На строке 12597   в файле   80-244790246
На строке 12598   в файле   80-244790566
На строке 12599   в файле   80-244021074
На строке 12600   в файле   80-244021287
На строке 12601   в файле   80-243854190
На строке 12602   в файле   80-260841187
На строке 12603   в файле   80-260841357
На строке 12604   в файле   80-243856595
На строке 12605   в файле   80-259254872
На строке 12606   в файле   80-259254841
На строке 12607   в файле   80-243857352
На строке 12608   в файле   80-259255167
На строке 12609   в файле   80-259255153
На строке 12610   в файле   80-243858788
На строке 12611   в файле   80-259255763
На строке 12612   в файле   80-243861734
На строке 12613   в файле   80-259256132
На строке 12614   в файле   80-243867206
На строке 12615   в файле   80-259258471
На строке 12616   в файле   80-244633122
На строке 12617   в файле   80-259254300
На строке 12618   в файле   80-244634523
На строке 12619   в файле   80-259256327
На строке 12620   в файле   80-259256302
На строке 12621   в файле   80-244636409
На строке 12622   в файле   80-259258227
На строке 12623   в файле   80-244637341
На строке 12624   в файле   80-259258788
На строке 12625   в файле   80-259259085
На строке 12626   в файле   80-244642622
На строке 12627   в файле   80-260884953
На строке 12628   в файле   80-260884983
На строке 12629   в файле   80-260885052
На строке 12630   в файле   80-244643360
На строке 12631   в файле   80-259260322
На строке 12632   в файле   80-259260598
На строке 12633   в файле   80-244644979
На строке 12634   в файле   80-259260864
На строке 12635   в файле   80-244646449
На строке 12636   в файле   80-259260079
На строке 12637   в файле   80-243854898
На строке 12638   в файле   80-259253915
На строке 12639   в файле   80-243856435
На строке 12640   в файле   80-259254579
На строке 12641   в файле   80-243864013
На строке 12642   в файле   80-259257924
На строке 12643   в файле   80-259257969
На строке 12644   в файле   80-243864040
На строке 12645   в файле   80-259257110
На строке 12646   в файле   80-259257128
На строке 12647   в файле   80-243865858
На строке 12648   в файле   80-259258533
На строке 12649   в файле   80-259258600
На строке 12650   в файле   80-243867723
На строке 12651   в файле   80-259259051
На строке 12652   в файле   80-243868330
На строке 12653   в файле   80-259259359
На строке 12654   в файле   80-243869782
На строке 12655   в файле   80-259259593
На строке 12656   в файле   80-259259670
На строке 12657   в файле   80-243871189
На строке 12658   в файле   80-259260297
На строке 12659   в файле   80-259260281
На строке 12660   в файле   80-244631958
На строке 12661   в файле   80-259253973
На строке 12662   в файле   80-259254241
На строке 12663   в файле   80-246269905
На строке 12664   в файле   80-260869206
На строке 12665   в файле   80-260868413
На строке 12666   в файле   80-249919406
На строке 12667   в файле   80-259253592
На строке 12668   в файле   80-249919428
На строке 12669   в файле   80-259253333
На строке 12670   в файле   80-259253644
На строке 12671   в файле   80-249919458
На строке 12672   в файле   80-259257345
На строке 12673   в файле   80-259257377
На строке 12674   в файле   80-249919920
На строке 12675   в файле   80-260886301
На строке 12676   в файле   80-249920016
На строке 12677   в файле   80-259260298
На строке 12678   в файле   80-259260815
На строке 12679   в файле   80-249919412
На строке 12680   в файле   80-259255587
На строке 12681   в файле   80-259255745
На строке 12682   в файле   80-252237567
На строке 12683   в файле   80-259259302
На строке 12684   в файле   80-259259576
На строке 12685   в файле   80-259253969
На строке 12686   в файле   80-260886494
На строке 12687   в файле   80-260788585
На строке 12688   в файле   80-244613637
На строке 12689   в файле   80-244614177
На строке 12690   в файле   80-244614442
На строке 12691   в файле   80-244614434
На строке 12692   в файле   80-249918180
На строке 12693   в файле   80-244615011
На строке 12694   в файле   80-244615598
На строке 12695   в файле   80-244615947
На строке 12696   в файле   80-249918293
На строке 12697   в файле   80-244613164
На строке 12698   в файле   80-260788534
На строке 12699   в файле   80-252235490
На строке 12700   в файле   80-259245313
На строке 12701   в файле   80-259245692
На строке 12702   в файле   80-245049222
На строке 12703   в файле   д. 40, кв. 7"
На строке 12704   в файле   80-261256346
На строке 12705   в файле   80-249963137
На строке 12706   в файле   80-261256256
На строке 12707   в файле   80-261256435
На строке 12708   в файле   80-261257393
На строке 12709   в файле   80-261023916
На строке 12710   в файле   80-249961209
На строке 12711   в файле   80-249962130
На строке 12712   в файле   80-245032938
На строке 12713   в файле   80-261256106
На строке 12714   в файле   80-249960894
На строке 12715   в файле   80-261013267
На строке 12716   в файле   80-261016423
На строке 12717   в файле   80-261019199
На строке 12718   в файле   80-261024568
На строке 12719   в файле   80-245034131
На строке 12720   в файле   80-252283729
На строке 12721   в файле   80-245036553
На строке 12722   в файле   80-249963634
На строке 12723   в файле   80-249962237
На строке 12724   в файле   80-252283953
На строке 12725   в файле   80-249963759
На строке 12726   в файле   80-249964338
На строке 12727   в файле   80-249964117
На строке 12728   в файле   80-249963599
На строке 12729   в файле   80-249964874
На строке 12730   в файле   80-249965397
На строке 12731   в файле   80-249966540
На строке 12732   в файле   80-260093315
На строке 12733   в файле   80-248186869
На строке 12734   в файле   80-251977135
На строке 12735   в файле   80-251977530
На строке 12736   в файле   80-248192080
На строке 12737   в файле   80-248192102
На строке 12738   в файле   80-252441129
На строке 12739   в файле   80-248192935
На строке 12740   в файле   80-248193991
На строке 12741   в файле   80-260093870
На строке 12742   в файле   80-260093944
На строке 12743   в файле   80-260094179
На строке 12744   в файле   80-260094121
На строке 12745   в файле   80-260094128
На строке 12746   в файле   80-261162838
На строке 12747   в файле   80-260094367
На строке 12748   в файле   80-260094420
На строке 12749   в файле   80-260094520
На строке 12750   в файле   80-261162766
На строке 12751   в файле   80-260094914
На строке 12752   в файле   80-248187511
На строке 12753   в файле   80-248187554
На строке 12754   в файле   80-248188145
На строке 12755   в файле   80-251976073
На строке 12756   в файле   80-251976259
На строке 12757   в файле   80-248188933
На строке 12758   в файле   80-248189327
На строке 12759   в файле   80-248189680
На строке 12760   в файле   80-248190603
На строке 12761   в файле   80-248190615
На строке 12762   в файле   80-248191319
На строке 12763   в файле   80-251977152
На строке 12764   в файле   80-252440474
На строке 12765   в файле   80-248186558
На строке 12766   в файле   80-260092981
На строке 12767   в файле   80-248186884
На строке 12768   в файле   80-260093070
На строке 12769   в файле   80-251975724
На строке 12770   в файле   80-260092691
На строке 12771   в файле   80-260092943
На строке 12772   в файле   80-260093161
На строке 12773   в файле   80-260093425
На строке 12774   в файле   80-260103878
На строке 12775   в файле   80-251978764
На строке 12776   в файле   80-250571838
На строке 12777   в файле   80-250668822
На строке 12778   в файле   80-252451358
На строке 12779   в файле   80-250687702
На строке 12780   в файле   80-252020904
На строке 12781   в файле   80-250696890
На строке 12782   в файле   80-250701054
На строке 12783   в файле   80-250708356
На строке 12784   в файле   80-260104847
На строке 12785   в файле   80-260107561
На строке 12786   в файле   80-260111034
На строке 12787   в файле   80-261164847
На строке 12788   в файле   80-260113920
На строке 12789   в файле   80-260114838
На строке 12790   в файле   80-260116014
На строке 12791   в файле   80-260118021
На строке 12792   в файле   80-260120406
На строке 12793   в файле   80-260122326
На строке 12794   в файле   80-260125530
На строке 12795   в файле   80-248197474
На строке 12796   в файле   80-248206130
На строке 12797   в файле   80-248214365
На строке 12798   в файле   80-251981418
На строке 12799   в файле   80-248240107
На строке 12800   в файле   80-251985505
На строке 12801   в файле   80-251988046
На строке 12802   в файле   80-251990945
На строке 12803   в файле   80-251992659
На строке 12804   в файле   80-250554051
На строке 12805   в файле   80-248468253
На строке 12806   в файле   80-250587378
На строке 12807   в файле   80-250620490
На строке 12808   в файле   80-252000355
На строке 12809   в файле   80-248722732
На строке 12810   в файле   80-250645335
На строке 12811   в файле   80-248771859
На строке 12812   в файле   80-248779257
На строке 12813   в файле   80-250656966
На строке 12814   в файле   80-252009992
На строке 12815   в файле   80-250669465
На строке 12816   в файле   80-252014676
На строке 12817   в файле   80-250673063
На строке 12818   в файле   80-250679077
На строке 12819   в файле   80-250685486
На строке 12820   в файле   80-250686057
На строке 12821   в файле   80-250686227
На строке 12822   в файле   80-250686441
На строке 12823   в файле   80-250686858
На строке 12824   в файле   80-250687270
На строке 12825   в файле   80-250688794
На строке 12826   в файле   80-250689010
На строке 12827   в файле   80-250689200
На строке 12828   в файле   80-250689624
На строке 12829   в файле   80-250689967
На строке 12830   в файле   80-250690388
На строке 12831   в файле   80-250690453
На строке 12832   в файле   80-250691575
На строке 12833   в файле   80-250691622
На строке 12834   в файле   80-250692021
На строке 12835   в файле   80-250692303
На строке 12836   в файле   80-252021276
На строке 12837   в файле   80-250693679
На строке 12838   в файле   80-250693912
На строке 12839   в файле   80-250694001
На строке 12840   в файле   80-250694566
На строке 12841   в файле   80-250694452
На строке 12842   в файле   80-252021752
На строке 12843   в файле   80-252022243
На строке 12844   в файле   80-250696144
На строке 12845   в файле   80-250696268
На строке 12846   в файле   80-250697393
На строке 12847   в файле   80-250697693
На строке 12848   в файле   80-250697866
На строке 12849   в файле   80-250698275
На строке 12850   в файле   80-250698451
На строке 12851   в файле   80-252022630
На строке 12852   в файле   80-252022689
На строке 12853   в файле   80-252022889
На строке 12854   в файле   80-250700549
На строке 12855   в файле   80-252023090
На строке 12856   в файле   80-250702286
На строке 12857   в файле   80-252023492
На строке 12858   в файле   80-250702584
На строке 12859   в файле   80-252023735
На строке 12860   в файле   80-250704410
На строке 12861   в файле   80-250705014
На строке 12862   в файле   80-250705100
На строке 12863   в файле   80-250705720
На строке 12864   в файле   80-250706314
На строке 12865   в файле   80-250706379
На строке 12866   в файле   80-250707991
На строке 12867   в файле   80-250709048
На строке 12868   в файле   80-252024523
На строке 12869   в файле   80-250709719
На строке 12870   в файле   80-250709786
На строке 12871   в файле   80-250710341
На строке 12872   в файле   80-250710447
На строке 12873   в файле   80-250711042
На строке 12874   в файле   80-250711065
На строке 12875   в файле   80-250712128
На строке 12876   в файле   80-250712621
На строке 12877   в файле   80-250712974
На строке 12878   в файле   80-260105205
На строке 12879   в файле   80-261164360
На строке 12880   в файле   80-261164528
На строке 12881   в файле   80-260105899
На строке 12882   в файле   80-260106113
На строке 12883   в файле   80-260106357
На строке 12884   в файле   80-260106740
На строке 12885   в файле   80-260107072
На строке 12886   в файле   80-260107220
На строке 12887   в файле   80-260107484
На строке 12888   в файле   80-260107736
На строке 12889   в файле   80-260107904
На строке 12890   в файле   80-260108075
На строке 12891   в файле   80-260108329
На строке 12892   в файле   80-260108593
На строке 12893   в файле   80-260108709
На строке 12894   в файле   80-260108993
На строке 12895   в файле   80-260109415
На строке 12896   в файле   80-260109695
На строке 12897   в файле   80-260109796
На строке 12898   в файле   80-260110041
На строке 12899   в файле   80-260111259
На строке 12900   в файле   80-260111625
На строке 12901   в файле   80-260111895
На строке 12902   в файле   80-261164957
На строке 12903   в файле   80-260112587
На строке 12904   в файле   80-260112657
На строке 12905   в файле   80-260112895
На строке 12906   в файле   80-261164946
На строке 12907   в файле   80-260113638
На строке 12908   в файле   80-260113642
На строке 12909   в файле   80-260113927
На строке 12910   в файле   80-260114321
На строке 12911   в файле   80-260114207
На строке 12912   в файле   80-260114232
На строке 12913   в файле   80-260114406
На строке 12914   в файле   80-260114603
На строке 12915   в файле   80-260114493
На строке 12916   в файле   80-260114581
На строке 12917   в файле   80-260114656
На строке 12918   в файле   80-260114796
На строке 12919   в файле   80-260114947
На строке 12920   в файле   80-261164987
На строке 12921   в файле   80-260115175
На строке 12922   в файле   80-260115465
На строке 12923   в файле   80-260115443
На строке 12924   в файле   80-260115502
На строке 12925   в файле   80-261164997
На строке 12926   в файле   80-261165331
На строке 12927   в файле   80-260115755
На строке 12928   в файле   80-260115862
На строке 12929   в файле   80-260116005
На строке 12930   в файле   80-261165395
На строке 12931   в файле   80-260116228
На строке 12932   в файле   80-260116277
На строке 12933   в файле   80-260116362
На строке 12934   в файле   80-260116809
На строке 12935   в файле   80-260117025
На строке 12936   в файле   80-260117117
На строке 12937   в файле   80-260117289
На строке 12938   в файле   80-260117436
На строке 12939   в файле   80-260118000
На строке 12940   в файле   80-261165397
На строке 12941   в файле   80-260118127
На строке 12942   в файле   80-260118712
На строке 12943   в файле   80-260118730
На строке 12944   в файле   80-260118737
На строке 12945   в файле   80-261165435
На строке 12946   в файле   80-260119925
На строке 12947   в файле   80-260120192
На строке 12948   в файле   80-261165834
На строке 12949   в файле   80-260120445
На строке 12950   в файле   80-260120407
На строке 12951   в файле   80-260120692
На строке 12952   в файле   80-260120646
На строке 12953   в файле   80-260120846
На строке 12954   в файле   80-261165879
На строке 12955   в файле   80-260121372
На строке 12956   в файле   80-260121328
На строке 12957   в файле   80-260121949
На строке 12958   в файле   80-260122361
На строке 12959   в файле   80-260122762
На строке 12960   в файле   80-260122658
На строке 12961   в файле   80-261165989
На строке 12962   в файле   80-260123326
На строке 12963   в файле   80-260123996
На строке 12964   в файле   80-260124239
На строке 12965   в файле   80-260124504
На строке 12966   в файле   80-260124815
На строке 12967   в файле   80-260125076
На строке 12968   в файле   80-260125340
На строке 12969   в файле   80-260125431
На строке 12970   в файле   80-260125811
На строке 12971   в файле   80-261166714
На строке 12972   в файле   80-260125935
На строке 12974   в файле   80-260126166
На строке 12975   в файле   80-260126321
На строке 12976   в файле   80-260126431
На строке 12977   в файле   80-260126740
На строке 12978   в файле   80-260127028
На строке 12979   в файле   80-260127306
На строке 12980   в файле   80-251979023
На строке 12981   в файле   80-248198104
На строке 12982   в файле   80-251979144
На строке 12983   в файле   80-251979332
На строке 12984   в файле   80-251979540
На строке 12985   в файле   80-251979176
На строке 12986   в файле   80-248199213
На строке 12987   в файле   80-248202338
На строке 12988   в файле   80-248203053
На строке 12989   в файле   80-248204790
На строке 12990   в файле   80-248205660
На строке 12991   в файле   80-248206039
На строке 12992   в файле   80-248207601
На строке 12993   в файле   80-248207434
На строке 12994   в файле   80-252558392
На строке 12995   в файле   80-251980642
На строке 12996   в файле   80-248212601
На строке 12997   в файле   80-248212809
На строке 12998   в файле   80-248214287
На строке 12999   в файле   80-248215098
На строке 13000   в файле   80-248216083
На строке 13001   в файле   80-251980955
На строке 13002   в файле   80-251980942
На строке 13003   в файле   80-248217714
На строке 13004   в файле   80-248219248
На строке 13005   в файле   80-248220590
На строке 13006   в файле   80-248223064
На строке 13007   в файле   80-248223253
На строке 13008   в файле   80-248223031
На строке 13009   в файле   80-251981240
На строке 13010   в файле   80-248228424
На строке 13011   в файле   80-248229143
На строке 13012   в файле   80-248229283
На строке 13013   в файле   80-252443282
На строке 13014   в файле   80-248232959
На строке 13015   в файле   80-248233748
На строке 13016   в файле   80-248233742
На строке 13017   в файле   80-248236460
На строке 13018   в файле   80-248237884
На строке 13019   в файле   80-248238725
На строке 13020   в файле   80-248239321
На строке 13021   в файле   80-251982672
На строке 13022   в файле   80-251983083
На строке 13023   в файле   80-251983453
На строке 13024   в файле   80-248245567
На строке 13025   в файле   80-248247789
На строке 13026   в файле   80-251983671
На строке 13027   в файле   80-248249160
На строке 13028   в файле   80-248249074
На строке 13029   в файле   80-248250735
На строке 13030   в файле   80-252445723
На строке 13031   в файле   80-248257842
На строке 13032   в файле   80-248259338
На строке 13033   в файле   80-251985996
На строке 13034   в файле   80-248264547
На строке 13035   в файле   80-251986701
На строке 13036   в файле   80-250510338
На строке 13037   в файле   80-248275909
На строке 13038   в файле   80-248276018
На строке 13039   в файле   80-251987370
На строке 13040   в файле   80-250511574
На строке 13041   в файле   80-251987645
На строке 13042   в файле   80-250517561
На строке 13043   в файле   80-251988550
На строке 13044   в файле   80-251989037
На строке 13045   в файле   80-251989395
На строке 13046   в файле   80-251989645
На строке 13047   в файле   80-250530925
На строке 13048   в файле   80-250531777
На строке 13049   в файле   80-251990389
На строке 13050   в файле   80-251990496
На строке 13051   в файле   80-250537309
На строке 13052   в файле   80-250538106
На строке 13053   в файле   80-250538164
На строке 13054   в файле   80-250539530
На строке 13055   в файле   80-248316535
На строке 13056   в файле   80-250541049
На строке 13057   в файле   80-248320722
На строке 13058   в файле   80-251991968
На строке 13059   в файле   80-251991989
На строке 13060   в файле   80-251992354
На строке 13061   в файле   80-250546058
На строке 13062   в файле   80-250547527
На строке 13063   в файле   80-250549079
На строке 13064   в файле   80-251993017
На строке 13065   в файле   80-250549140
На строке 13066   в файле   80-251992679
На строке 13067   в файле   80-251993148
На строке 13068   в файле   80-251993327
На строке 13069   в файле   80-251993475
На строке 13070   в файле   80-251993948
На строке 13071   в файле   80-251993802
На строке 13072   в файле   80-251995011
На строке 13073   в файле   80-251994835
На строке 13074   в файле   80-248377351
На строке 13075   в файле   80-248380977
На строке 13076   в файле   80-250558750
На строке 13077   в файле   80-251995486
На строке 13078   в файле   80-248397150
На строке 13079   в файле   80-248409759
На строке 13080   в файле   80-250569184
На строке 13081   в файле   80-248417953
На строке 13082   в файле   80-251996597
На строке 13083   в файле   80-250574558
На строке 13084   в файле   80-250576133
На строке 13085   в файле   80-250575979
На строке 13086   в файле   80-251996482
На строке 13087   в файле   80-248510166
На строке 13088   в файле   80-251996501
На строке 13089   в файле   80-250583361
На строке 13090   в файле   80-251997093
На строке 13091   в файле   80-250586837
На строке 13092   в файле   80-251997308
На строке 13093   в файле   80-248561165
На строке 13094   в файле   80-250605825
На строке 13095   в файле   80-251997808
На строке 13096   в файле   80-251998418
На строке 13097   в файле   80-251998397
На строке 13098   в файле   80-251998674
На строке 13099   в файле   80-250615645
На строке 13100   в файле   80-251998987
На строке 13101   в файле   80-250617754
На строке 13102   в файле   80-251999041
На строке 13103   в файле   80-248587707
На строке 13104   в файле   80-250621215
На строке 13105   в файле   80-251999127
На строке 13106   в файле   80-250622890
На строке 13107   в файле   80-250623020
На строке 13108   в файле   80-250624332
На строке 13109   в файле   80-251999355
На строке 13110   в файле   80-252000169
На строке 13111   в файле   80-250630986
На строке 13112   в файле   80-248661934
На строке 13113   в файле   80-252001352
На строке 13114   в файле   80-250633585
На строке 13115   в файле   80-250633487
На строке 13116   в файле   80-250634089
На строке 13117   в файле   80-252001324
На строке 13118   в файле   80-250634757
На строке 13119   в файле   80-248700756
На строке 13120   в файле   80-250635664
На строке 13121   в файле   80-252001881
На строке 13122   в файле   80-252002519
На строке 13123   в файле   80-252002656
На строке 13124   в файле   80-252448148
На строке 13125   в файле   80-252004161
На строке 13126   в файле   80-252004486
На строке 13127   в файле   80-252004853
На строке 13128   в файле   80-250643601
На строке 13129   в файле   80-250643605
На строке 13130   в файле   80-252005938
На строке 13131   в файле   80-248756059
На строке 13132   в файле   80-248757188
На строке 13133   в файле   80-252006268
На строке 13134   в файле   80-250646076
На строке 13135   в файле   80-250646293
На строке 13136   в файле   80-252006425
На строке 13137   в файле   80-250648050
На строке 13138   в файле   80-250648700
На строке 13139   в файле   80-250648757
На строке 13140   в файле   80-250649385
На строке 13141   в файле   80-250650087
На строке 13142   в файле   80-250650195
На строке 13143   в файле   80-248774140
На строке 13144   в файле   80-248775431
На строке 13145   в файле   80-248775988
На строке 13146   в файле   80-248776419
На строке 13147   в файле   80-252007335
На строке 13148   в файле   80-248777269
На строке 13149   в файле   80-248777804
На строке 13150   в файле   80-248778167
На строке 13151   в файле   80-248778664
На строке 13152   в файле   80-250651058
На строке 13153   в файле   80-250651420
На строке 13154   в файле   80-250651798
На строке 13155   в файле   80-252007498
На строке 13156   в файле   80-250652617
На строке 13157   в файле   80-250652574
На строке 13158   в файле   80-250653207
На строке 13159   в файле   80-250653705
На строке 13160   в файле   80-252008134
На строке 13161   в файле   80-250656660
На строке 13162   в файле   80-250658013
На строке 13163   в файле   80-250657469
На строке 13164   в файле   80-250657988
На строке 13165   в файле   80-252009093
На строке 13166   в файле   80-250659695
На строке 13167   в файле   80-250660232
На строке 13168   в файле   80-250661753
На строке 13169   в файле   80-250662382
На строке 13170   в файле   80-250663092
На строке 13171   в файле   80-250663561
На строке 13172   в файле   80-250663778
На строке 13173   в файле   80-252010125
На строке 13174   в файле   80-250665357
На строке 13175   в файле   80-250665855
На строке 13176   в файле   80-250665830
На строке 13177   в файле   80-252010546
На строке 13178   в файле   80-252010959
На строке 13179   в файле   80-252449699
На строке 13180   в файле   80-252449710
На строке 13181   в файле   80-252012363
На строке 13182   в файле   80-250667710
На строке 13183   в файле   80-250669125
На строке 13184   в файле   80-250669327
На строке 13185   в файле   80-250669803
На строке 13186   в файле   80-250670311
На строке 13187   в файле   80-252451307
На строке 13188   в файле   80-250671574
На строке 13189   в файле   80-250672016
На строке 13190   в файле   80-250672501
На строке 13191   в файле   80-250672483
На строке 13192   в файле   80-250672632
На строке 13193   в файле   80-250673060
На строке 13194   в файле   80-250673472
На строке 13195   в файле   80-250674131
На строке 13196   в файле   80-250674607
На строке 13197   в файле   80-252016435
На строке 13198   в файле   80-250675783
На строке 13199   в файле   80-250676131
На строке 13200   в файле   80-250676469
На строке 13201   в файле   80-250677035
На строке 13202   в файле   80-250677041
На строке 13203   в файле   80-250678032
На строке 13204   в файле   80-250679315
На строке 13205   в файле   80-250679336
На строке 13206   в файле   80-250679339
На строке 13207   в файле   80-250679359
На строке 13208   в файле   80-250679598
На строке 13209   в файле   80-250680181
На строке 13210   в файле   80-250680358
На строке 13211   в файле   80-250680907
На строке 13212   в файле   80-250681097
На строке 13213   в файле   80-250681107
На строке 13214   в файле   80-250682148
На строке 13215   в файле   80-252018933
На строке 13216   в файле   80-250683199
На строке 13217   в файле   80-250683211
На строке 13218   в файле   80-250683933
На строке 13219   в файле   80-250684468
На строке 13220   в файле   80-250684314
На строке 13221   в файле   80-250684701
На строке 13222   в файле   80-252019581
На строке 13223   в файле   80-252019513
На строке 13224   в файле   80-250685254
На строке 13225   в файле   80-250686075
На строке 13226   в файле   80-248194213
На строке 13227   в файле   80-260103021
На строке 13228   в файле   80-248193285
На строке 13229   в файле   80-260102133
На строке 13230   в файле   80-251978297
На строке 13231   в файле   80-260103413
На строке 13232   в файле   80-251978437
На строке 13233   в файле   80-260103057
На строке 13234   в файле   80-259176111
На строке 13235   в файле   80-260101821
На строке 13236   в файле   80-260104040
На строке 13237   в файле   80-260104305
На строке 13238   в файле   80-260104618
На строке 13239   в файле   80-260117414
На строке 13240   в файле   80-260117441
На строке 13241   в файле   80-248198151
На строке 13242   в файле   80-250618474
На строке 13243   в файле   80-252012396
На строке 13244   в файле   80-250714334
На строке 13245   в файле   80-250783157
На строке 13246   в файле   80-250794928
На строке 13247   в файле   80-252036361
На строке 13248   в файле   80-250812863
На строке 13249   в файле   80-260117677
На строке 13250   в файле   80-260119458
На строке 13251   в файле   80-260121213
На строке 13252   в файле   80-260122760
На строке 13253   в файле   80-260124606
На строке 13254   в файле   80-260127035
На строке 13255   в файле   80-260127149
На строке 13256   в файле   80-260128353
На строке 13257   в файле   80-260129214
На строке 13258   в файле   80-260130594
На строке 13259   в файле   80-260130513
На строке 13260   в файле   80-260131605
На строке 13261   в файле   80-251979504
На строке 13262   в файле   80-251980636
На строке 13263   в файле   80-248221484
На строке 13264   в файле   80-248221415
На строке 13265   в файле   80-251982826
На строке 13266   в файле   80-248255099
На строке 13267   в файле   80-250511853
На строке 13268   в файле   80-251991469
На строке 13269   в файле   80-251993990
На строке 13270   в файле   80-250568347
На строке 13271   в файле   80-252560702
На строке 13272   в файле   80-251999047
На строке 13273   в файле   80-252000671
На строке 13274   в файле   80-252001664
На строке 13275   в файле   80-252005477
На строке 13276   в файле   80-250649730
На строке 13277   в файле   80-248774960
На строке 13278   в файле   80-250651760
На строке 13279   в файле   80-250654556
На строке 13280   в файле   80-250659970
На строке 13281   в файле   80-250662822
На строке 13282   в файле   80-252450247
На строке 13283   в файле   80-250671573
На строке 13284   в файле   80-252016695
На строке 13285   в файле   80-250679810
На строке 13286   в файле   80-250683871
На строке 13287   в файле   80-250687544
На строке 13288   в файле   80-250690692
На строке 13289   в файле   80-250692720
На строке 13290   в файле   80-250698410
На строке 13291   в файле   80-250704434
На строке 13292   в файле   80-250715217
На строке 13293   в файле   80-252026657
На строке 13294   в файле   80-250731689
На строке 13295   в файле   80-250740082
На строке 13296   в файле   80-250749266
На строке 13297   в файле   80-250764521
На строке 13298   в файле   80-250776410
На строке 13299   в файле   80-250778078
На строке 13300   в файле   80-250782643
На строке 13301   в файле   80-252033263
На строке 13302   в файле   80-252033613
На строке 13303   в файле   80-250784978
На строке 13304   в файле   80-250786150
На строке 13305   в файле   80-250787375
На строке 13306   в файле   80-250786841
На строке 13307   в файле   80-250788735
На строке 13308   в файле   80-250789935
На строке 13309   в файле   80-252034005
На строке 13310   в файле   80-250791101
На строке 13311   в файле   80-252034376
На строке 13312   в файле   80-250796178
На строке 13313   в файле   80-252035210
На строке 13314   в файле   80-250798417
На строке 13315   в файле   80-252035368
На строке 13316   в файле   80-252035711
На строке 13317   в файле   80-252035923
На строке 13318   в файле   80-250802612
На строке 13319   в файле   80-252036268
На строке 13320   в файле   80-252036047
На строке 13321   в файле   80-250804384
На строке 13322   в файле   80-250806603
На строке 13323   в файле   80-250806543
На строке 13324   в файле   80-252036611
На строке 13325   в файле   80-250807249
На строке 13326   в файле   80-250808284
На строке 13327   в файле   80-252036845
На строке 13328   в файле   80-250809439
На строке 13329   в файле   80-252036979
На строке 13330   в файле   80-250810504
На строке 13331   в файле   80-252037148
На строке 13332   в файле   80-250814027
На строке 13333   в файле   80-250813372
На строке 13334   в файле   80-250815032
На строке 13335   в файле   80-252037320
На строке 13336   в файле   80-252038083
На строке 13337   в файле   80-250816027
На строке 13338   в файле   80-252038215
На строке 13339   в файле   80-250817655
На строке 13340   в файле   80-252038217
На строке 13341   в файле   80-250819109
На строке 13342   в файле   80-260117573
На строке 13343   в файле   80-260117717
На строке 13344   в файле   80-260117721
На строке 13345   в файле   80-260118325
На строке 13346   в файле   80-260118595
На строке 13347   в файле   80-260118912
На строке 13348   в файле   80-260118596
На строке 13349   в файле   80-260119006
На строке 13350   в файле   80-260118977
На строке 13351   в файле   80-260119320
На строке 13352   в файле   80-260119318
На строке 13353   в файле   80-260119524
На строке 13354   в файле   80-260119821
На строке 13355   в файле   80-260119796
На строке 13356   в файле   80-260119948
На строке 13357   в файле   80-260120040
На строке 13358   в файле   80-260120291
На строке 13359   в файле   80-260120489
На строке 13360   в файле   80-260120694
На строке 13361   в файле   80-260120932
На строке 13362   в файле   80-260121071
На строке 13363   в файле   80-260121081
На строке 13364   в файле   80-260121323
На строке 13365   в файле   80-260121583
На строке 13366   в файле   80-260121650
На строке 13367   в файле   80-260121680
На строке 13368   в файле   80-260121935
На строке 13369   в файле   80-260123015
На строке 13370   в файле   80-260122321
На строке 13371   в файле   80-260122380
На строке 13372   в файле   80-260122204
На строке 13373   в файле   80-260123857
На строке 13374   в файле   80-260123034
На строке 13375   в файле   80-261166342
На строке 13376   в файле   80-260124130
На строке 13377   в файле   80-260123454
На строке 13378   в файле   80-260123468
На строке 13379   в файле   80-260123633
На строке 13380   в файле   80-260123731
На строке 13381   в файле   80-260124240
На строке 13382   в файле   80-260125316
На строке 13383   в файле   80-260124926
На строке 13384   в файле   80-260125060
На строке 13385   в файле   80-260125635
На строке 13386   в файле   80-260125812
На строке 13387   в файле   80-260125607
На строке 13388   в файле   80-260126038
На строке 13389   в файле   80-260126036
На строке 13390   в файле   80-260126189
На строке 13391   в файле   80-260126557
На строке 13392   в файле   80-260126695
На строке 13393   в файле   80-260126608
На строке 13394   в файле   80-260126840
На строке 13395   в файле   80-260127302
На строке 13396   в файле   80-260127405
На строке 13397   в файле   80-260127666
На строке 13398   в файле   80-260127404
На строке 13399   в файле   80-260127510
На строке 13400   в файле   80-260127732
На строке 13401   в файле   80-260127644
На строке 13402   в файле   80-260128102
На строке 13403   в файле   80-260128070
На строке 13404   в файле   80-260128071
На строке 13405   в файле   80-260128117
На строке 13406   в файле   80-260128212
На строке 13407   в файле   80-260128362
На строке 13408   в файле   80-260128420
На строке 13409   в файле   80-260128281
На строке 13410   в файле   80-260128506
На строке 13411   в файле   80-260128543
На строке 13412   в файле   80-260128626
На строке 13413   в файле   80-260128786
На строке 13414   в файле   80-260128787
На строке 13415   в файле   80-260128923
На строке 13416   в файле   80-260128902
На строке 13417   в файле   80-260128906
На строке 13418   в файле   80-260129086
На строке 13419   в файле   80-260129024
На строке 13420   в файле   80-260129021
На строке 13421   в файле   80-260129190
На строке 13422   в файле   80-260129267
На строке 13423   в файле   80-260129457
На строке 13424   в файле   80-260129312
На строке 13425   в файле   80-260129340
На строке 13426   в файле   80-260129598
На строке 13427   в файле   80-260129729
На строке 13428   в файле   80-260129619
На строке 13429   в файле   80-260129898
На строке 13430   в файле   80-260129727
На строке 13431   в файле   80-260129910
На строке 13432   в файле   80-260129776
На строке 13433   в файле   80-260130000
На строке 13434   в файле   80-260130066
На строке 13435   в файле   80-260130020
На строке 13436   в файле   80-260130161
На строке 13437   в файле   80-260130255
На строке 13438   в файле   80-260130315
На строке 13439   в файле   80-260130421
На строке 13440   в файле   80-260130444
На строке 13441   в файле   80-260130281
На строке 13442   в файле   80-260130582
На строке 13443   в файле   80-260130642
На строке 13444   в файле   80-260130773
На строке 13445   в файле   80-260130701
На строке 13446   в файле   80-260130860
На строке 13447   в файле   80-260130903
На строке 13448   в файле   80-260130829
На строке 13449   в файле   80-260130914
На строке 13450   в файле   80-260131229
На строке 13451   в файле   80-260131208
На строке 13452   в файле   80-260131280
На строке 13453   в файле   80-260131136
На строке 13454   в файле   80-260131430
На строке 13455   в файле   80-260131365
На строке 13456   в файле   80-260131844
На строке 13457   в файле   80-260132030
На строке 13458   в файле   80-260132016
На строке 13459   в файле   80-260132054
На строке 13460   в файле   80-260132012
На строке 13461   в файле   80-260131869
На строке 13462   в файле   80-260132129
На строке 13463   в файле   80-260132127
На строке 13464   в файле   80-260132301
На строке 13465   в файле   80-260132255
На строке 13466   в файле   80-260132392
На строке 13467   в файле   80-260132447
На строке 13468   в файле   80-260132528
На строке 13469   в файле   80-260132716
На строке 13470   в файле   80-260132714
На строке 13471   в файле   80-260132600
На строке 13472   в файле   80-260132958
На строке 13473   в файле   80-260132883
На строке 13474   в файле   80-260132872
На строке 13475   в файле   80-260133139
На строке 13476   в файле   80-260133272
На строке 13477   в файле   80-260133009
На строке 13478   в файле   80-251979539
На строке 13479   в файле   80-248202973
На строке 13480   в файле   80-248203044
На строке 13481   в файле   80-248203548
На строке 13482   в файле   80-248204162
На строке 13484   в файле   80-248204293
На строке 13485   в файле   80-248205406
На строке 13486   в файле   80-248207562
На строке 13487   в файле   80-248207410
На строке 13488   в файле   80-251980409
На строке 13489   в файле   80-251980643
На строке 13490   в файле   80-248212589
На строке 13491   в файле   80-248212765
На строке 13492   в файле   80-248213682
На строке 13493   в файле   80-248214330
На строке 13494   в файле   80-248216832
На строке 13495   в файле   80-248217794
На строке 13496   в файле   80-248217664
На строке 13497   в файле   80-251980951
На строке 13498   в файле   80-251981220
На строке 13499   в файле   80-248223044
На строке 13500   в файле   80-251981554
На строке 13501   в файле   80-248227425
На строке 13502   в файле   80-248227629
На строке 13503   в файле   80-251981853
На строке 13504   в файле   80-252443253
На строке 13505   в файле   80-252443128
На строке 13506   в файле   80-248235596
На строке 13507   в файле   80-248237266
На строке 13508   в файле   80-248239388
На строке 13509   в файле   80-252443915
На строке 13510   в файле   80-251982671
На строке 13511   в файле   80-248240863
На строке 13512   в файле   80-251982983
На строке 13513   в файле   80-248246440
На строке 13514   в файле   80-248247763
На строке 13515   в файле   80-251983798
На строке 13516   в файле   80-248248451
На строке 13517   в файле   80-248249822
На строке 13518   в файле   80-252444451
На строке 13519   в файле   80-248254416
На строке 13520   в файле   80-252445091
На строке 13521   в файле   80-248258487
На строке 13522   в файле   80-251985823
На строке 13523   в файле   80-248262899
На строке 13524   в файле   80-251986303
На строке 13525   в файле   80-248265160
На строке 13526   в файле   80-251986698
На строке 13527   в файле   80-248275297
На строке 13528   в файле   80-248275223
На строке 13529   в файле   80-248276004
На строке 13530   в файле   80-250511839
На строке 13531   в файле   80-250516690
На строке 13532   в файле   80-251988754
На строке 13533   в файле   80-251989336
На строке 13534   в файле   80-248310240
На строке 13535   в файле   80-251989871
На строке 13536   в файле   80-251990080
На строке 13537   в файле   80-251990386
На строке 13538   в файле   80-251990731
На строке 13539   в файле   80-250540215
На строке 13540   в файле   80-250540245
На строке 13541   в файле   80-250541651
На строке 13542   в файле   80-251991224
На строке 13543   в файле   80-248325767
На строке 13544   в файле   80-251991639
На строке 13545   в файле   80-251992311
На строке 13546   в файле   80-251992180
На строке 13547   в файле   80-250546757
На строке 13548   в файле   80-250546931
На строке 13549   в файле   80-250548256
На строке 13550   в файле   80-250547504
На строке 13551   в файле   80-251993003
На строке 13552   в файле   80-250551149
На строке 13553   в файле   80-251993388
На строке 13554   в файле   80-248364009
На строке 13555   в файле   80-248364952
На строке 13556   в файле   80-251994501
На строке 13557   в файле   80-252560676
На строке 13558   в файле   80-251995135
На строке 13559   в файле   80-248376736
На строке 13560   в файле   80-250557360
На строке 13561   в файле   80-250557531
На строке 13562   в файле   80-251995327
На строке 13563   в файле   80-248396382
На строке 13564   в файле   80-252560630
На строке 13565   в файле   80-248423969
На строке 13566   в файле   80-248436053
На строке 13567   в файле   80-251996177
На строке 13568   в файле   80-248448831
На строке 13569   в файле   80-250571171
На строке 13570   в файле   80-251996336
На строке 13571   в файле   80-250574572
На строке 13572   в файле   80-251996147
На строке 13573   в файле   80-250576239
На строке 13574   в файле   80-250577586
На строке 13575   в файле   80-248522091
На строке 13576   в файле   80-248532213
На строке 13577   в файле   80-250584760
На строке 13578   в файле   80-250585683
На строке 13579   в файле   80-250586039
На строке 13580   в файле   80-251997283
На строке 13581   в файле   80-251997456
На строке 13582   в файле   80-251997788
На строке 13583   в файле   80-250606779
На строке 13584   в файле   80-251998394
На строке 13585   в файле   80-250620281
На строке 13586   в файле   80-250620481
На строке 13587   в файле   80-250621786
На строке 13588   в файле   80-248594207
На строке 13589   в файле   80-250621715
На строке 13590   в файле   80-250623660
На строке 13591   в файле   80-250624817
На строке 13592   в файле   80-250625026
На строке 13593   в файле   80-248620379
На строке 13594   в файле   80-252446897
На строке 13595   в файле   80-252000378
На строке 13596   в файле   80-250631010
На строке 13598   в файле   80-248662580
На строке 13599   в файле   80-248666686
На строке 13600   в файле   80-250633558
На строке 13601   в файле   80-250632884
На строке 13602   в файле   80-250634577
На строке 13603   в файле   80-248697940
На строке 13604   в файле   80-252001372
На строке 13605   в файле   80-252001653
На строке 13606   в файле   80-248721945
На строке 13607   в файле   80-252002362
На строке 13608   в файле   80-252002672
На строке 13609   в файле   80-252003132
На строке 13610   в файле   80-252003226
На строке 13611   в файле   80-252004394
На строке 13612   в файле   80-248745549
На строке 13613   в файле   80-252005462
На строке 13614   в файле   80-252005647
На строке 13615   в файле   80-252005875
На строке 13616   в файле   80-250644919
На строке 13617   в файле   80-248756920
На строке 13618   в файле   80-250646018
На строке 13619   в файле   80-250646024
На строке 13620   в файле   80-252006342
На строке 13621   в файле   80-252562248
На строке 13622   в файле   80-250648487
На строке 13623   в файле   80-250648699
На строке 13624   в файле   80-250649067
На строке 13626   в файле   80-250649445
На строке 13627   в файле   80-248770397
На строке 13628   в файле   80-248771504
На строке 13629   в файле   80-248772227
На строке 13630   в файле   80-248772546
На строке 13631   в файле   80-248772798
На строке 13632   в файле   80-248773098
На строке 13633   в файле   80-248773338
На строке 13634   в файле   80-248773802
На строке 13635   в файле   80-248774469
На строке 13636   в файле   80-248774708
На строке 13637   в файле   80-248775113
На строке 13638   в файле   80-248775808
На строке 13639   в файле   80-248776302
На строке 13640   в файле   80-248776594
На строке 13641   в файле   80-248776990
На строке 13642   в файле   80-248777597
На строке 13643   в файле   80-248778009
На строке 13644   в файле   80-248778489
На строке 13645   в файле   80-248779054
На строке 13646   в файле   80-250651074
На строке 13647   в файле   80-250651783
На строке 13648   в файле   80-250651767
На строке 13649   в файле   80-250652408
На строке 13650   в файле   80-250652363
На строке 13651   в файле   80-252007531
На строке 13652   в файле   80-250653135
На строке 13653   в файле   80-250653147
На строке 13654   в файле   80-250653445
На строке 13655   в файле   80-250654257
На строке 13656   в файле   80-250654362
На строке 13657   в файле   80-250654836
На строке 13658   в файле   80-250655219
На строке 13659   в файле   80-250655349
На строке 13660   в файле   80-252008563
На строке 13661   в файле   80-250656991
На строке 13662   в файле   80-250656999
На строке 13663   в файле   80-250657226
На строке 13664   в файле   80-250657471
На строке 13665   в файле   80-250657566
На строке 13666   в файле   80-250658061
На строке 13667   в файле   80-250660250
На строке 13668   в файле   80-250660697
На строке 13669   в файле   80-250660762
На строке 13670   в файле   80-250661226
На строке 13671   в файле   80-250661242
На строке 13672   в файле   80-252449144
На строке 13673   в файле   80-252009297
На строке 13674   в файле   80-250662204
На строке 13675   в файле   80-250662339
На строке 13676   в файле   80-250662641
На строке 13677   в файле   80-250663279
На строке 13678   в файле   80-250663317
На строке 13679   в файле   80-250663766
На строке 13680   в файле   80-250663812
На строке 13681   в файле   80-250665110
На строке 13682   в файле   80-250665359
На строке 13683   в файле   80-250665864
На строке 13684   в файле   80-250665875
На строке 13685   в файле   80-252010568
На строке 13686   в файле   80-252010801
На строке 13687   в файле   80-250667393
На строке 13688   в файле   80-250667862
На строке 13689   в файле   80-252012991
На строке 13690   в файле   80-252013954
На строке 13691   в файле   80-250668356
На строке 13692   в файле   80-250668528
На строке 13693   в файле   80-252014847
На строке 13694   в файле   80-250668852
На строке 13695   в файле   80-250669632
На строке 13696   в файле   80-250669804
На строке 13697   в файле   80-252450822
На строке 13698   в файле   80-252016192
На строке 13699   в файле   80-250672167
На строке 13700   в файле   80-250672437
На строке 13701   в файле   80-250672619
На строке 13702   в файле   80-250673590
На строке 13703   в файле   80-250674008
На строке 13704   в файле   80-250673909
На строке 13705   в файле   80-252016444
На строке 13706   в файле   80-250674347
На строке 13707   в файле   80-250674739
На строке 13708   в файле   80-250674757
На строке 13709   в файле   80-252016857
На строке 13710   в файле   80-250675790
На строке 13711   в файле   80-250675939
На строке 13712   в файле   80-250676107
На строке 13713   в файле   80-250676181
На строке 13714   в файле   80-250676565
На строке 13715   в файле   80-252017042
На строке 13716   в файле   80-250678030
На строке 13717   в файле   80-250678115
На строке 13718   в файле   80-252017985
На строке 13719   в файле   80-250679613
На строке 13720   в файле   80-250679984
На строке 13721   в файле   80-250680174
На строке 13722   в файле   80-252018320
На строке 13723   в файле   80-250680537
На строке 13724   в файле   80-250681396
На строке 13725   в файле   80-250681453
На строке 13726   в файле   80-250681599
На строке 13727   в файле   80-250681569
На строке 13728   в файле   80-250681578
На строке 13729   в файле   80-250681981
На строке 13730   в файле   80-250682113
На строке 13731   в файле   80-252019193
На строке 13732   в файле   80-250683212
На строке 13733   в файле   80-250683534
На строке 13734   в файле   80-250683524
На строке 13735   в файле   80-250684086
На строке 13736   в файле   80-252019336
На строке 13737   в файле   80-252019644
На строке 13738   в файле   80-250685658
На строке 13739   в файле   80-250685867
На строке 13740   в файле   80-250686040
На строке 13741   в файле   80-250686475
На строке 13742   в файле   80-250687029
На строке 13743   в файле   80-250686881
На строке 13744   в файле   80-250687350
На строке 13745   в файле   80-252019966
На строке 13746   в файле   80-252020442
На строке 13747   в файле   80-250688805
На строке 13748   в файле   80-250689162
На строке 13749   в файле   80-250689161
На строке 13750   в файле   80-250689399
На строке 13751   в файле   80-250689575
На строке 13752   в файле   80-250690067
На строке 13753   в файле   80-250690387
На строке 13754   в файле   80-252020477
На строке 13755   в файле   80-250690699
На строке 13756   в файле   80-250691167
На строке 13757   в файле   80-252020714
На строке 13758   в файле   80-250691433
На строке 13759   в файле   80-252020854
На строке 13760   в файле   80-250691906
На строке 13761   в файле   80-250691815
На строке 13762   в файле   80-250692213
На строке 13763   в файле   80-250692507
На строке 13764   в файле   80-250692688
На строке 13765   в файле   80-250694160
На строке 13766   в файле   80-250694371
На строке 13767   в файле   80-252021856
На строке 13768   в файле   80-252022035
На строке 13769   в файле   80-252022289
На строке 13770   в файле   80-250696088
На строке 13771   в файле   80-250696458
На строке 13772   в файле   80-250696861
На строке 13773   в файле   80-250697039
На строке 13774   в файле   80-250697217
На строке 13775   в файле   80-250697297
На строке 13776   в файле   80-250698067
На строке 13777   в файле   80-250698846
На строке 13778   в файле   80-250700517
На строке 13779   в файле   80-252023035
На строке 13780   в файле   80-250701539
На строке 13781   в файле   80-250701773
На строке 13782   в файле   80-250701871
На строке 13783   в файле   80-250702417
На строке 13784   в файле   80-250702591
На строке 13785   в файле   80-252023521
На строке 13786   в файле   80-250704412
На строке 13787   в файле   80-250703614
На строке 13788   в файле   80-250705690
На строке 13789   в файле   80-250706319
На строке 13790   в файле   80-250706928
На строке 13791   в файле   80-252024129
На строке 13792   в файле   80-250707700
На строке 13793   в файле   80-250708379
На строке 13794   в файле   80-252024307
На строке 13795   в файле   80-250709076
На строке 13796   в файле   80-250710321
На строке 13797   в файле   80-252024687
На строке 13798   в файле   80-250715214
На строке 13799   в файле   80-250716169
На строке 13800   в файле   80-250716174
На строке 13801   в файле   80-250717181
На строке 13802   в файле   80-250717258
На строке 13803   в файле   80-250718713
На строке 13804   в файле   80-250719368
На строке 13805   в файле   80-250720282
На строке 13806   в файле   80-252026632
На строке 13807   в файле   80-250723945
На строке 13808   в файле   80-250725126
На строке 13809   в файле   80-250726417
На строке 13810   в файле   80-250727121
На строке 13811   в файле   80-250728371
На строке 13812   в файле   80-250727759
На строке 13813   в файле   80-250727732
На строке 13814   в файле   80-250729132
На строке 13815   в файле   80-250730426
На строке 13816   в файле   80-250730392
На строке 13817   в файле   80-250731772
На строке 13818   в файле   80-250732987
На строке 13819   в файле   80-250733222
На строке 13820   в файле   80-250734440
На строке 13821   в файле   80-252027997
На строке 13822   в файле   80-250736970
На строке 13823   в файле   80-252452297
На строке 13824   в файле   80-250738241
На строке 13825   в файле   80-250738297
На строке 13826   в файле   80-250738689
На строке 13827   в файле   80-250739507
На строке 13828   в файле   80-252452738
На строке 13829   в файле   80-250741415
На строке 13830   в файле   80-250743297
На строке 13831   в файле   80-250744247
На строке 13832   в файле   80-250743949
На строке 13833   в файле   80-252562964
На строке 13834   в файле   80-250745921
На строке 13835   в файле   80-250746146
На строке 13836   в файле   80-250747362
На строке 13837   в файле   80-250748723
На строке 13838   в файле   80-250748678
На строке 13839   в файле   80-250748695
На строке 13840   в файле   80-250751273
На строке 13841   в файле   80-250753758
На строке 13842   в файле   80-250753215
На строке 13843   в файле   80-250756454
На строке 13844   в файле   80-250756537
На строке 13845   в файле   80-250757986
На строке 13846   в файле   80-252455216
На строке 13847   в файле   80-250762146
На строке 13848   в файле   80-250763385
На строке 13849   в файле   80-250764692
На строке 13850   в файле   80-250765681
На строке 13851   в файле   80-250766884
На строке 13852   в файле   80-252455605
На строке 13853   в файле   80-252031629
На строке 13854   в файле   80-252031818
На строке 13855   в файле   80-250770729
На строке 13856   в файле   80-250772316
На строке 13857   в файле   80-252032392
На строке 13858   в файле   80-250774049
На строке 13859   в файле   80-250775555
На строке 13860   в файле   80-252032593
На строке 13861   в файле   80-248197002
На строке 13862   в файле   80-260116623
На строке 13863   в файле   80-251978621
На строке 13864   в файле   80-260116489
На строке 13865   в файле   80-260116336
На строке 13866   в файле   80-260117039
На строке 13867   в файле   80-260117008
На строке 13868   в файле   80-260095520
На строке 13869   в файле   80-248216129
На строке 13870   в файле   80-250551345
На строке 13871   в файле   80-251995837
На строке 13872   в файле   80-250577650
На строке 13873   в файле   80-251998525
На строке 13874   в файле   80-248637574
На строке 13875   в файле   80-252002419
На строке 13876   в файле   80-250646300
На строке 13877   в файле   80-260095554
На строке 13878   в файле   80-260097169
На строке 13879   в файле   80-260098324
На строке 13880   в файле   80-260099160
На строке 13881   в файле   80-260100584
На строке 13882   в файле   80-260102037
На строке 13883   в файле   80-260104742
На строке 13884   в файле   80-260106392
На строке 13885   в файле   80-260109205
На строке 13886   в файле   80-260111075
На строке 13887   в файле   80-248216060
На строке 13888   в файле   80-248235460
На строке 13889   в файле   80-248235504
На строке 13891   в файле   80-251983992
На строке 13892   в файле   80-251987037
На строке 13893   в файле   80-251989307
На строке 13894   в файле   80-251991633
На строке 13895   в файле   80-250547540
На строке 13896   в файле   80-248347396
На строке 13897   в файле   80-248349121
На строке 13898   в файле   80-250548881
На строке 13899   в файле   80-251993364
На строке 13900   в файле   80-251993720
На строке 13901   в файле   80-251994013
На строке 13902   в файле   80-251994500
На строке 13903   в файле   80-250554981
На строке 13904   в файле   80-250558046
На строке 13905   в файле   80-248380466
На строке 13906   в файле   80-251995151
На строке 13907   в файле   80-250558835
На строке 13908   в файле   80-251996169
На строке 13909   в файле   80-250569121
На строке 13910   в файле   80-248416862
На строке 13911   в файле   80-248421609
На строке 13912   в файле   80-248433720
На строке 13913   в файле   80-250570787
На строке 13914   в файле   80-248449609
На строке 13915   в файле   80-250571817
На строке 13916   в файле   80-250572738
На строке 13917   в файле   80-250574538
На строке 13918   в файле   80-251996821
На строке 13919   в файле   80-251996951
На строке 13920   в файле   80-250584175
На строке 13921   в файле   80-250585535
На строке 13922   в файле   80-250586099
На строке 13923   в файле   80-250586875
На строке 13924   в файле   80-248553752
На строке 13925   в файле   80-251997628
На строке 13926   в файле   80-251997888
На строке 13927   в файле   80-251998120
На строке 13928   в файле   80-250616768
На строке 13929   в файле   80-251998741
На строке 13930   в файле   80-250618892
На строке 13931   в файле   80-250618916
На строке 13932   в файле   80-250619147
На строке 13933   в файле   80-250619706
На строке 13934   в файле   80-250621773
На строке 13935   в файле   80-250624456
На строке 13936   в файле   80-250624814
На строке 13937   в файле   80-251999358
На строке 13938   в файле   80-248636103
На строке 13939   в файле   80-252000686
На строке 13940   в файле   80-250631004
На строке 13941   в файле   80-248661192
На строке 13942   в файле   80-250632246
На строке 13943   в файле   80-250632320
На строке 13944   в файле   80-250632874
На строке 13945   в файле   80-250633669
На строке 13946   в файле   80-248698558
На строке 13947   в файле   80-252002200
На строке 13948   в файле   80-250636115
На строке 13949   в файле   80-252003006
На строке 13950   в файле   80-252448073
На строке 13951   в файле   80-252004163
На строке 13952   в файле   80-252004500
На строке 13953   в файле   80-252005248
На строке 13954   в файле   80-252004879
На строке 13955   в файле   80-252006426
На строке 13956   в файле   80-250645374
На строке 13957   в файле   80-248757498
На строке 13958   в файле   80-248757907
На строке 13959   в файле   80-250648066
На строке 13960   в файле   80-248767409
На строке 13961   в файле   80-248768759
На строке 13962   в файле   80-250649755
На строке 13963   в файле   80-248770583
На строке 13964   в файле   80-248771706
На строке 13965   в файле   80-248772927
На строке 13966   в файле   80-248773215
На строке 13967   в файле   80-248773615
На строке 13968   в файле   80-248774351
На строке 13969   в файле   80-261163041
На строке 13970   в файле   80-260095802
На строке 13971   в файле   80-260095832
На строке 13972   в файле   80-261163174
На строке 13973   в файле   80-260096147
На строке 13974   в файле   80-260096317
На строке 13975   в файле   80-260096468
На строке 13976   в файле   80-260096627
На строке 13977   в файле   80-260096853
На строке 13978   в файле   80-260096995
На строке 13979   в файле   80-260097190
На строке 13980   в файле   80-260097549
На строке 13981   в файле   80-260097745
На строке 13982   в файле   80-260097911
На строке 13983   в файле   80-260097908
На строке 13984   в файле   80-260098080
На строке 13985   в файле   80-260098137
На строке 13986   в файле   80-260098228
На строке 13987   в файле   80-260098194
На строке 13988   в файле   80-260098377
На строке 13989   в файле   80-260098459
На строке 13990   в файле   80-260098500
На строке 13991   в файле   80-260098560
На строке 13992   в файле   80-260098638
На строке 13993   в файле   80-260098892
На строке 13994   в файле   80-260098900
На строке 13995   в файле   80-260098918
На строке 13996   в файле   80-260099103
На строке 13997   в файле   80-260099139
На строке 13998   в файле   80-260099363
На строке 13999   в файле   80-260099391
На строке 14000   в файле   80-260099545
На строке 14001   в файле   80-260099641
На строке 14002   в файле   80-260099837
На строке 14003   в файле   80-260100055
На строке 14004   в файле   80-260100112
На строке 14005   в файле   80-260100177
На строке 14006   в файле   80-260100299
На строке 14007   в файле   80-260100494
На строке 14008   в файле   80-260100821
На строке 14009   в файле   80-260100979
На строке 14010   в файле   80-260101208
На строке 14011   в файле   80-260101332
На строке 14012   в файле   80-260101499
На строке 14013   в файле   80-260101557
На строке 14014   в файле   80-260101744
На строке 14015   в файле   80-260101825
На строке 14016   в файле   80-260101818
На строке 14017   в файле   80-260102032
На строке 14018   в файле   80-260102462
На строке 14019   в файле   80-260102685
На строке 14020   в файле   80-260102810
На строке 14021   в файле   80-260103081
На строке 14022   в файле   80-260103550
На строке 14023   в файле   80-260103713
На строке 14024   в файле   80-260103660
На строке 14025   в файле   80-260104113
На строке 14026   в файле   80-260104651
На строке 14027   в файле   80-260104997
На строке 14028   в файле   80-260105002
На строке 14029   в файле   80-260105320
На строке 14030   в файле   80-260105395
На строке 14031   в файле   80-260105403
На строке 14032   в файле   80-260105818
На строке 14033   в файле   80-260105896
На строке 14034   в файле   80-261164474
На строке 14035   в файле   80-260106105
На строке 14036   в файле   80-260106260
На строке 14037   в файле   80-260106487
На строке 14038   в файле   80-260106672
На строке 14039   в файле   80-260106878
На строке 14040   в файле   80-260106963
На строке 14041   в файле   80-260107221
На строке 14042   в файле   80-260107454
На строке 14043   в файле   80-260107615
На строке 14044   в файле   80-260107892
На строке 14045   в файле   80-260108154
На строке 14046   в файле   80-260108832
На строке 14047   в файле   80-260109240
На строке 14048   в файле   80-260109427
На строке 14049   в файле   80-260109523
На строке 14050   в файле   80-260109767
На строке 14051   в файле   80-260109947
На строке 14052   в файле   80-260110071
На строке 14053   в файле   80-260110394
На строке 14054   в файле   80-260110616
На строке 14055   в файле   80-260110617
На строке 14056   в файле   80-260110886
На строке 14057   в файле   80-260111173
На строке 14058   в файле   80-260111383
На строке 14059   в файле   80-260111585
На строке 14060   в файле   80-260111962
На строке 14061   в файле   80-260111926
На строке 14062   в файле   80-260112067
На строке 14063   в файле   80-260112334
На строке 14064   в файле   80-260112632
На строке 14065   в файле   80-260112636
На строке 14066   в файле   80-260112855
На строке 14067   в файле   80-248217655
На строке 14068   в файле   80-248219139
На строке 14069   в файле   80-248219882
На строке 14070   в файле   80-248220660
На строке 14071   в файле   80-251981544
На строке 14072   в файле   80-251981791
На строке 14073   в файле   80-248227545
На строке 14074   в файле   80-248229310
На строке 14075   в файле   80-251981871
На строке 14076   в файле   80-252559227
На строке 14077   в файле   80-248237183
На строке 14078   в файле   80-248237190
На строке 14079   в файле   80-248240046
На строке 14080   в файле   80-248240187
На строке 14081   в файле   80-251982956
На строке 14082   в файле   80-251983084
На строке 14083   в файле   80-248245442
На строке 14084   в файле   80-248246384
На строке 14085   в файле   80-251983855
На строке 14086   в файле   80-248249091
На строке 14087   в файле   80-252444594
На строке 14088   в файле   80-248255143
На строке 14089   в файле   80-252445217
На строке 14090   в файле   80-251985694
На строке 14091   в файле   80-251985696
На строке 14092   в файле   80-248262213
На строке 14093   в файле   80-248264564
На строке 14094   в файле   80-248265119
На строке 14095   в файле   80-251986535
На строке 14096   в файле   80-251986865
На строке 14097   в файле   80-251987210
На строке 14098   в файле   80-251987323
На строке 14099   в файле   80-250510673
На строке 14100   в файле   80-250511849
На строке 14101   в файле   80-251987701
На строке 14102   в файле   80-251988011
На строке 14103   в файле   80-251988150
На строке 14104   в файле   80-251988252
На строке 14105   в файле   80-251988551
На строке 14106   в файле   80-251988933
На строке 14107   в файле   80-251989975
На строке 14108   в файле   80-250532359
На строке 14109   в файле   80-251990594
На строке 14110   в файле   80-251990829
На строке 14111   в файле   80-250538887
На строке 14112   в файле   80-250538956
На строке 14113   в файле   80-251991156
На строке 14114   в файле   80-248316170
На строке 14115   в файле   80-250540852
На строке 14116   в файле   80-250541595
На строке 14117   в файле   80-250544719
На строке 14118   в файле   80-251992657
На строке 14119   в файле   80-260094840
На строке 14120   в файле   80-260095111
На строке 14121   в файле   80-248219954
На строке 14122   в файле   80-252559957
На строке 14123   в файле   80-250575331
На строке 14124   в файле   80-251997911
На строке 14125   в файле   80-250619585
На строке 14126   в файле   80-252000503
На строке 14127   в файле   80-252002074
На строке 14128   в файле   80-250645373
На строке 14129   в файле   80-261163043
На строке 14130   в файле   80-260096964
На строке 14131   в файле   80-261163484
На строке 14132   в файле   80-260099394
На строке 14133   в файле   80-260100757
На строке 14134   в файле   80-260102412
На строке 14135   в файле   80-260104381
На строке 14136   в файле   80-260106269
На строке 14137   в файле   80-260109140
На строке 14138   в файле   80-260111901
На строке 14139   в файле   80-248222515
На строке 14140   в файле   80-248244733
На строке 14141   в файле   80-251986010
На строке 14142   в файле   80-250517009
На строке 14143   в файле   80-251991655
На строке 14144   в файле   80-250552057
На строке 14145   в файле   80-251994639
На строке 14146   в файле   80-251994681
На строке 14147   в файле   80-251994853
На строке 14148   в файле   80-251995501
На строке 14149   в файле   80-251995476
На строке 14150   в файле   80-251995643
На строке 14151   в файле   80-250569278
На строке 14152   в файле   80-250569782
На строке 14153   в файле   80-248434473
На строке 14154   в файле   80-250570512
На строке 14155   в файле   80-248442046
На строке 14156   в файле   80-250614833
На строке 14157   в файле   80-250572175
На строке 14158   в файле   80-250572565
На строке 14159   в файле   80-250575531
На строке 14160   в файле   80-251996758
На строке 14161   в файле   80-251996947
На строке 14162   в файле   80-251997144
На строке 14163   в файле   80-250584144
На строке 14164   в файле   80-250584269
На строке 14165   в файле   80-250584811
На строке 14166   в файле   80-250587403
На строке 14167   в файле   80-250587507
На строке 14168   в файле   80-251997618
На строке 14169   в файле   80-251998090
На строке 14170   в файле   80-250606655
На строке 14171   в файле   80-250606592
На строке 14172   в файле   80-248571574
На строке 14173   в файле   80-252447507
На строке 14174   в файле   80-250614885
На строке 14175   в файле   80-251998699
На строке 14176   в файле   80-250616176
На строке 14177   в файле   80-250616960
На строке 14178   в файле   80-250617772
На строке 14179   в файле   80-250620415
На строке 14180   в файле   80-250620950
На строке 14181   в файле   80-248594502
На строке 14182   в файле   80-248594767
На строке 14183   в файле   80-250623520
На строке 14184   в файле   80-250623062
На строке 14185   в файле   80-250624934
На строке 14186   в файле   80-252446767
На строке 14187   в файле   80-252446811
На строке 14188   в файле   80-252000363
На строке 14189   в файле   80-250630373
На строке 14190   в файле   80-250631619
На строке 14191   в файле   80-250632311
На строке 14192   в файле   80-252001009
На строке 14193   в файле   80-252000996
На строке 14194   в файле   80-252001020
На строке 14195   в файле   80-248697287
На строке 14196   в файле   80-248699658
На строке 14197   в файле   80-250635136
На строке 14198   в файле   80-250635173
На строке 14199   в файле   80-252002020
На строке 14200   в файле   80-250637779
На строке 14201   в файле   80-252002868
На строке 14202   в файле   80-252002781
На строке 14203   в файле   80-250639184
На строке 14204   в файле   80-252448185
На строке 14205   в файле   80-252004696
На строке 14206   в файле   80-252004939
На строке 14207   в файле   80-252005065
На строке 14208   в файле   80-252005870
На строке 14209   в файле   80-248757658
На строке 14210   в файле   80-248758067
На строке 14211   в файле   80-252448095
На строке 14212   в файле   80-250647750
На строке 14213   в файле   80-250648025
На строке 14215   в файле   80-252449167
На строке 14216   в файле   80-248768373
На строке 14217   в файле   80-250648753
На строке 14218   в файле   80-248769176
На строке 14219   в файле   80-250649418
На строке 14220   в файле   80-260095436
На строке 14221   в файле   80-260095604
На строке 14222   в файле   80-260095786
На строке 14223   в файле   80-260096033
На строке 14224   в файле   80-260096070
На строке 14225   в файле   80-261163184
На строке 14226   в файле   80-260096376
На строке 14227   в файле   80-260096536
На строке 14228   в файле   80-260096651
На строке 14229   в файле   80-260096746
На строке 14230   в файле   80-260096965
На строке 14231   в файле   80-260096991
На строке 14232   в файле   80-260097268
На строке 14233   в файле   80-260097399
На строке 14234   в файле   80-260097422
На строке 14235   в файле   80-260097668
На строке 14236   в файле   80-260097783
На строке 14237   в файле   80-260097744
На строке 14238   в файле   80-260097661
На строке 14239   в файле   80-260097981
На строке 14240   в файле   80-260098098
На строке 14241   в файле   80-260098259
На строке 14242   в файле   80-260098433
На строке 14243   в файле   80-260098637
На строке 14244   в файле   80-260098594
На строке 14245   в файле   80-260098715
На строке 14246   в файле   80-260098738
На строке 14247   в файле   80-260098815
На строке 14248   в файле   80-260099161
На строке 14249   в файле   80-260099436
На строке 14250   в файле   80-260099613
На строке 14251   в файле   80-260099676
На строке 14252   в файле   80-260099887
На строке 14253   в файле   80-260099897
На строке 14254   в файле   80-260100092
На строке 14255   в файле   80-260100115
На строке 14256   в файле   80-260100364
На строке 14257   в файле   80-260100384
На строке 14258   в файле   80-260100587
На строке 14259   в файле   80-260100629
На строке 14260   в файле   80-260100875
На строке 14261   в файле   80-260100996
На строке 14262   в файле   80-260101101
На строке 14263   в файле   80-260101235
На строке 14264   в файле   80-260101365
На строке 14265   в файле   80-260101548
На строке 14266   в файле   80-260101735
На строке 14267   в файле   80-260101724
На строке 14268   в файле   80-260101966
На строке 14269   в файле   80-260102186
На строке 14270   в файле   80-260102473
На строке 14271   в файле   80-260102514
На строке 14272   в файле   80-260102895
На строке 14273   в файле   80-260102963
На строке 14274   в файле   80-261163633
На строке 14275   в файле   80-260103220
На строке 14276   в файле   80-260103307
На строке 14277   в файле   80-260103608
На строке 14278   в файле   80-261163901
На строке 14279   в файле   80-260104184
На строке 14280   в файле   80-260104395
На строке 14281   в файле   80-260104622
На строке 14282   в файле   80-261164021
На строке 14283   в файле   80-261164037
На строке 14284   в файле   80-260105007
На строке 14285   в файле   80-260105187
На строке 14286   в файле   80-260105662
На строке 14287   в файле   80-260105811
На строке 14288   в файле   80-260106013
На строке 14289   в файле   80-260106143
На строке 14290   в файле   80-260106490
На строке 14291   в файле   80-260106723
На строке 14292   в файле   80-260106945
На строке 14293   в файле   80-260107090
На строке 14294   в файле   80-260107210
На строке 14295   в файле   80-260107322
На строке 14296   в файле   80-260107642
На строке 14297   в файле   80-260108149
На строке 14298   в файле   80-260108535
На строке 14299   в файле   80-260108865
На строке 14300   в файле   80-260109393
На строке 14301   в файле   80-260109539
На строке 14302   в файле   80-260109709
На строке 14303   в файле   80-260110181
На строке 14304   в файле   80-260110389
На строке 14305   в файле   80-260110382
На строке 14306   в файле   80-260110641
На строке 14307   в файле   80-260110774
На строке 14308   в файле   80-260111293
На строке 14309   в файле   80-260111739
На строке 14310   в файле   80-260111978
На строке 14311   в файле   80-260112291
На строке 14312   в файле   80-260112645
На строке 14313   в файле   80-260112950
На строке 14314   в файле   80-260112976
На строке 14315   в файле   80-260113250
На строке 14316   в файле   80-260113283
На строке 14317   в файле   80-260113548
На строке 14318   в файле   80-260113837
На строке 14319   в файле   80-260113873
На строке 14320   в файле   80-251981228
На строке 14321   в файле   80-251981564
На строке 14322   в файле   80-248226612
На строке 14323   в файле   80-248227560
На строке 14324   в файле   80-248233753
На строке 14325   в файле   80-248234766
На строке 14326   в файле   80-248237247
На строке 14327   в файле   80-248238726
На строке 14328   в файле   80-248238583
На строке 14329   в файле   80-248240169
На строке 14330   в файле   80-251983447
На строке 14331   в файле   80-248246271
На строке 14332   в файле   80-248246322
На строке 14333   в файле   80-248247177
На строке 14334   в файле   80-248249081
На строке 14335   в файле   80-248250720
На строке 14336   в файле   80-251984780
На строке 14337   в файле   80-252445363
На строке 14338   в файле   80-251985687
На строке 14339   в файле   80-248258480
На строке 14340   в файле   80-251986178
На строке 14341   в файле   80-248265177
На строке 14342   в файле   80-251986998
На строке 14343   в файле   80-251987032
На строке 14344   в файле   80-248275345
На строке 14345   в файле   80-251987363
На строке 14346   в файле   80-251987460
На строке 14347   в файле   80-248288570
На строке 14348   в файле   80-251987821
На строке 14349   в файле   80-251988250
На строке 14350   в файле   80-251988456
На строке 14351   в файле   80-251988941
На строке 14352   в файле   80-248307311
На строке 14353   в файле   80-251990188
На строке 14354   в файле   80-250531637
На строке 14356   в файле   80-248312903
На строке 14357   в файле   80-251990737
На строке 14358   в файле   80-251991061
На строке 14359   в файле   80-250538185
На строке 14360   в файле   80-250540226
На строке 14361   в файле   80-251992055
На строке 14362   в файле   80-250545434
На строке 14363   в файле   80-250545389
На строке 14364   в файле   80-251992540
На строке 14365   в файле   80-248341567
На строке 14366   в файле   80-250548317
На строке 14367   в файле   80-248348890
На строке 14368   в файле   80-250550164
На строке 14369   в файле   80-251992867
На строке 14370   в файле   80-250551836
На строке 14371   в файле   80-251993666
На строке 14372   в файле   80-251994182
На строке 14373   в файле   80-248215246
На строке 14374   в файле   80-260094593
На строке 14375   в файле   80-248218383
На строке 14376   в файле   80-260094833
На строке 14377   в файле   80-251980748
На строке 14378   в файле   80-260094752
На строке 14379   в файле   80-260094291
На строке 14380   в файле   80-260099364
На строке 14381   в файле   80-252007501
На строке 14382   в файле   80-250656959
На строке 14383   в файле   80-250661733
На строке 14384   в файле   80-252011029
На строке 14385   в файле   80-250670127
На строке 14386   в файле   80-250674508
На строке 14387   в файле   80-250679597
На строке 14388   в файле   80-250683218
На строке 14389   в файле   80-260099381
На строке 14390   в файле   80-260100521
На строке 14391   в файле   80-260101942
На строке 14392   в файле   80-260103482
На строке 14393   в файле   80-260104739
На строке 14394   в файле   80-260105415
На строке 14395   в файле   80-261164031
На строке 14396   в файле   80-260105671
На строке 14397   в файле   80-260105809
На строке 14398   в файле   80-261164469
На строке 14399   в файле   80-250652040
На строке 14400   в файле   80-250652077
На строке 14401   в файле   80-250652310
На строке 14402   в файле   80-252007710
На строке 14403   в файле   80-250653968
На строке 14404   в файле   80-252007940
На строке 14405   в файле   80-250654303
На строке 14406   в файле   80-250654693
На строке 14407   в файле   80-250655088
На строке 14408   в файле   80-252008321
На строке 14409   в файле   80-250657773
На строке 14410   в файле   80-250658200
На строке 14411   в файле   80-252008886
На строке 14412   в файле   80-250659406
На строке 14413   в файле   80-250659718
На строке 14414   в файле   80-250660188
На строке 14415   в файле   80-250660192
На строке 14416   в файле   80-250660712
На строке 14417   в файле   80-250660788
На строке 14418   в файле   80-250661481
На строке 14419   в файле   80-252009597
На строке 14420   в файле   80-252009515
На строке 14421   в файле   80-250662329
На строке 14422   в файле   80-250662798
На строке 14424   в файле   80-250663869
На строке 14425   в файле   80-252009909
На строке 14426   в файле   80-252010336
На строке 14427   в файле   80-252010384
На строке 14428   в файле   80-252012152
На строке 14429   в файле   80-252012765
На строке 14430   в файле   80-252561396
На строке 14431   в файле   80-250668019
На строке 14432   в файле   80-250668150
На строке 14433   в файле   80-252014167
На строке 14434   в файле   80-252014247
На строке 14435   в файле   80-252014592
На строке 14436   в файле   80-252014703
На строке 14437   в файле   80-250669141
На строке 14438   в файле   80-252451326
На строке 14439   в файле   80-252450857
На строке 14440   в файле   80-250671534
На строке 14442   в файле   80-250671584
На строке 14443   в файле   80-250672046
На строке 14444   в файле   80-250673097
На строке 14445   в файле   80-250673092
На строке 14446   в файле   80-250673498
На строке 14447   в файле   80-250673935
На строке 14448   в файле   80-250674296
На строке 14449   в файле   80-252016460
На строке 14450   в файле   80-250675794
На строке 14451   в файле   80-250676105
На строке 14452   в файле   80-250676318
На строке 14453   в файле   80-250676678
На строке 14454   в файле   80-250677042
На строке 14455   в файле   80-252017247
На строке 14456   в файле   80-252017622
На строке 14457   в файле   80-252017617
На строке 14458   в файле   80-250678279
На строке 14459   в файле   80-250679836
На строке 14460   в файле   80-250680182
На строке 14461   в файле   80-250680722
На строке 14462   в файле   80-250680909
На строке 14463   в файле   80-250680906
На строке 14464   в файле   80-250681093
На строке 14465   в файле   80-250681750
На строке 14466   в файле   80-250681911
На строке 14467   в файле   80-250681937
На строке 14468   в файле   80-252018861
На строке 14469   в файле   80-250683575
На строке 14470   в файле   80-250683925
На строке 14471   в файле   80-250684287
На строке 14472   в файле   80-250684896
На строке 14473   в файле   80-250684666
На строке 14474   в файле   80-250684856
На строке 14475   в файле   80-250685029
На строке 14476   в файле   80-250685270
На строке 14477   в файле   80-250685474
На строке 14478   в файле   80-250685886
На строке 14479   в файле   80-261163438
На строке 14480   в файле   80-260099648
На строке 14481   в файле   80-260099679
На строке 14482   в файле   80-260099823
На строке 14483   в файле   80-260099885
На строке 14484   в файле   80-260100006
На строке 14485   в файле   80-260100132
На строке 14486   в файле   80-260100285
На строке 14487   в файле   80-260100389
На строке 14488   в файле   80-260100427
На строке 14489   в файле   80-260100663
На строке 14490   в файле   80-260100870
На строке 14491   в файле   80-260101056
На строке 14492   в файле   80-260101179
На строке 14493   в файле   80-260101255
На строке 14494   в файле   80-260101425
На строке 14495   в файле   80-260101503
На строке 14496   в файле   80-260101509
На строке 14497   в файле   80-261163610
На строке 14498   в файле   80-260101916
На строке 14499   в файле   80-260102060
На строке 14500   в файле   80-260102262
На строке 14501   в файле   80-260102380
На строке 14502   в файле   80-260102257
На строке 14503   в файле   80-260102606
На строке 14504   в файле   80-260102744
На строке 14505   в файле   80-260102715
На строке 14506   в файле   80-260102808
На строке 14507   в файле   80-260103143
На строке 14508   в файле   80-260103324
На строке 14509   в файле   80-260103544
На строке 14510   в файле   80-260103646
На строке 14511   в файле   80-260103772
На строке 14512   в файле   80-260103828
На строке 14513   в файле   80-260103943
На строке 14514   в файле   80-260103874
На строке 14515   в файле   80-260104086
На строке 14516   в файле   80-261163893
На строке 14517   в файле   80-260104494
На строке 14518   в файле   80-260104505
На строке 14519   в файле   80-260104830
На строке 14520   в файле   80-260105065
На строке 14521   в файле   80-260105186
На строке 14522   в файле   80-260105330
На строке 14523   в файле   80-248779429
На строке 14524   в файле   80-260099126
На строке 14525   в файле   80-250650764
На строке 14526   в файле   80-260098932
На строке 14527   в файле   80-250650760
На строке 14528   в файле   80-260099154
На строке 14529   в файле   80-260098891
На строке 14530   в файле   80-250665659
На строке 14531   в файле   80-260016040
На строке 14532   в файле   80-260016049
На строке 14533   в файле   80-247086883
На строке 14534   в файле   80-251799557
На строке 14535   в файле   80-247100450
На строке 14536   в файле   80-247110710
На строке 14537   в файле   80-247121779
На строке 14538   в файле   80-247124821
На строке 14539   в файле   80-247125549
На строке 14540   в файле   80-247127422
На строке 14541   в файле   80-260016302
На строке 14542   в файле   80-260016346
На строке 14543   в файле   80-260016403
На строке 14544   в файле   80-260016665
На строке 14545   в файле   80-260016729
На строке 14546   в файле   80-260016719
На строке 14547   в файле   80-260017012
На строке 14548   в файле   80-260017015
На строке 14549   в файле   80-260016992
На строке 14550   в файле   80-260017244
На строке 14551   в файле   80-260017284
На строке 14552   в файле   80-260017595
На строке 14553   в файле   80-260017624
На строке 14554   в файле   80-260017721
На строке 14555   в файле   80-260017892
На строке 14556   в файле   80-260018095
На строке 14557   в файле   80-247087250
На строке 14558   в файле   80-247087637
На строке 14559   в файле   80-247088132
На строке 14560   в файле   80-251798952
На строке 14561   в файле   80-251799319
На строке 14562   в файле   80-247089532
На строке 14563   в файле   80-247089615
На строке 14564   в файле   80-247089936
На строке 14565   в файле   80-251799561
На строке 14566   в файле   80-247090016
На строке 14567   в файле   80-251800089
На строке 14568   в файле   80-247093628
На строке 14569   в файле   80-251800063
На строке 14570   в файле   80-247094948
На строке 14571   в файле   80-247096234
На строке 14572   в файле   80-251800347
На строке 14573   в файле   80-251800568
На строке 14574   в файле   80-247098898
На строке 14575   в файле   80-247099764
На строке 14576   в файле   80-247099717
На строке 14577   в файле   80-247102716
На строке 14578   в файле   80-247102750
На строке 14579   в файле   80-247103504
На строке 14580   в файле   80-247105154
На строке 14581   в файле   80-251801157
На строке 14582   в файле   80-247106625
На строке 14583   в файле   80-247107571
На строке 14584   в файле   80-247108374
На строке 14585   в файле   80-247108457
На строке 14586   в файле   80-251801673
На строке 14587   в файле   80-247111629
На строке 14588   в файле   80-247112363
На строке 14589   в файле   80-251801970
На строке 14590   в файле   80-251802748
На строке 14591   в файле   80-247113971
На строке 14592   в файле   80-247115153
На строке 14593   в файле   80-247115668
На строке 14594   в файле   80-247116770
На строке 14595   в файле   80-247119893
На строке 14596   в файле   80-247120079
На строке 14597   в файле   80-247086527
На строке 14598   в файле   80-260015302
На строке 14599   в файле   80-260015608
На строке 14600   в файле   80-247085723
На строке 14601   в файле   80-260014935
На строке 14602   в файле   80-260015091
На строке 14603   в файле   80-247086504
На строке 14604   в файле   80-260015394
На строке 14605   в файле   80-260015738
На строке 14606   в файле   80-247086532
На строке 14607   в файле   80-260015733
На строке 14608   в файле   80-251797942
На строке 14609   в файле   80-260015236
На строке 14610   в файле   80-260015438
На строке 14611   в файле   80-247088989
На строке 14612   в файле   80-247109216
На строке 14613   в файле   80-251802198
На строке 14614   в файле   80-251803301
На строке 14615   в файле   80-247133480
На строке 14616   в файле   80-247836034
На строке 14617   в файле   80-247834441
На строке 14618   в файле   80-251807499
На строке 14619   в файле   80-252413201
На строке 14620   в файле   80-247861304
На строке 14621   в файле   80-260023970
На строке 14622   в файле   80-260024194
На строке 14623   в файле   80-260024309
На строке 14624   в файле   80-260024409
На строке 14625   в файле   80-260024905
На строке 14626   в файле   80-260024906
На строке 14627   в файле   80-260024794
На строке 14628   в файле   80-260025535
На строке 14629   в файле   80-260025597
На строке 14630   в файле   80-261264217
На строке 14631   в файле   80-261155936
На строке 14632   в файле   80-261155982
На строке 14633   в файле   80-260026403
На строке 14634   в файле   80-251799550
На строке 14635   в файле   80-247090908
На строке 14636   в файле   80-251799784
На строке 14637   в файле   80-247096283
На строке 14638   в файле   80-247096069
На строке 14639   в файле   80-247096835
На строке 14640   в файле   80-247098200
На строке 14641   в файле   80-247101170
На строке 14642   в файле   80-251800642
На строке 14643   в файле   80-247104578
На строке 14644   в файле   80-251801689
На строке 14645   в файле   80-251801091
На строке 14646   в файле   80-247110787
На строке 14647   в файле   80-247112372
На строке 14648   в файле   80-247113202
На строке 14649   в файле   80-247113995
На строке 14650   в файле   80-251802240
На строке 14651   в файле   80-251802823
На строке 14652   в файле   80-247117399
На строке 14653   в файле   80-247118455
На строке 14654   в файле   80-247121519
На строке 14655   в файле   80-251803303
На строке 14656   в файле   80-247123415
На строке 14657   в файле   80-247123977
На строке 14658   в файле   80-247126517
На строке 14659   в файле   80-247128250
На строке 14660   в файле   80-247129001
На строке 14661   в файле   80-247129874
На строке 14662   в файле   80-247130913
На строке 14663   в файле   80-247134321
На строке 14664   в файле   80-247134314
На строке 14665   в файле   80-251803958
На строке 14666   в файле   80-247827629
На строке 14667   в файле   80-247829036
На строке 14668   в файле   80-247829059
На строке 14669   в файле   80-247830649
На строке 14670   в файле   80-247831277
На строке 14671   в файле   80-247832141
На строке 14672   в файле   80-251805182
На строке 14673   в файле   80-247835116
На строке 14674   в файле   80-247836598
На строке 14675   в файле   80-247836762
На строке 14676   в файле   80-251806083
На строке 14677   в файле   80-247841150
На строке 14678   в файле   80-247842762
На строке 14679   в файле   80-247844510
На строке 14680   в файле   80-247844215
На строке 14681   в файле   80-251806314
На строке 14682   в файле   80-251806610
На строке 14683   в файле   80-251807750
На строке 14684   в файле   80-247086118
На строке 14685   в файле   80-260022280
На строке 14686   в файле   80-247088570
На строке 14687   в файле   80-260023178
На строке 14688   в файле   80-247089000
На строке 14689   в файле   80-261155332
На строке 14690   в файле   80-247087291
На строке 14691   в файле   80-260022597
На строке 14692   в файле   80-251798534
На строке 14693   в файле   80-260023074
На строке 14694   в файле   80-251798264
На строке 14695   в файле   80-260022503
На строке 14696   в файле   80-251798439
На строке 14697   в файле   80-251798463
На строке 14698   в файле   80-260022271
На строке 14699   в файле   80-251798830
На строке 14700   в файле   80-260022899
На строке 14701   в файле   80-251798920
На строке 14702   в файле   80-260022981
На строке 14703   в файле   80-260022761
На строке 14704   в файле   80-261155522
На строке 14705   в файле   80-251800834
На строке 14706   в файле   80-247109236
На строке 14707   в файле   80-251802216
На строке 14708   в файле   80-247118262
На строке 14709   в файле   80-247129205
На строке 14710   в файле   80-251803917
На строке 14711   в файле   80-247827635
На строке 14712   в файле   80-247833675
На строке 14713   в файле   80-247841143
На строке 14714   в файле   80-251806885
На строке 14715   в файле   80-260103008
На строке 14716   в файле   80-250653761
На строке 14717   в файле   80-250683214
На строке 14718   в файле   80-250686477
На строке 14719   в файле   80-250689182
На строке 14720   в файле   80-250692019
На строке 14721   в файле   80-250697269
На строке 14722   в файле   80-250702912
На строке 14723   в файле   80-250710936
На строке 14724   в файле   80-260103240
На строке 14725   в файле   80-260105084
На строке 14726   в файле   80-260106987
На строке 14727   в файле   80-260109942
На строке 14728   в файле   80-260112908
На строке 14729   в файле   80-261165425
На строке 14730   в файле   80-260119611
На строке 14731   в файле   80-260121815
На строке 14732   в файле   80-260123704
На строке 14733   в файле   80-260126426
На строке 14734   в файле   80-250653998
На строке 14735   в файле   80-250660990
На строке 14736   в файле   80-250667423
На строке 14737   в файле   80-252015275
На строке 14738   в файле   80-250676697
На строке 14739   в файле   80-250680555
На строке 14740   в файле   80-250680754
На строке 14741   в файле   80-250681372
На строке 14742   в файле   80-252018441
На строке 14743   в файле   80-252018746
На строке 14744   в файле   80-250683523
На строке 14745   в файле   80-250683695
На строке 14746   в файле   80-250683935
На строке 14747   в файле   80-250684302
На строке 14748   в файле   80-250684487
На строке 14749   в файле   80-250684686
На строке 14750   в файле   80-250685056
На строке 14751   в файле   80-250685458
На строке 14752   в файле   80-250685647
На строке 14753   в файле   80-250686598
На строке 14754   в файле   80-250686869
На строке 14755   в файле   80-250687049
На строке 14756   в файле   80-250687115
На строке 14757   в файле   80-250687224
На строке 14758   в файле   80-250687445
На строке 14759   в файле   80-252019961
На строке 14760   в файле   80-252020444
На строке 14761   в файле   80-250688536
На строке 14762   в файле   80-250688806
На строке 14763   в файле   80-250689556
На строке 14764   в файле   80-250689840
На строке 14765   в файле   80-250690178
На строке 14766   в файле   80-250690232
На строке 14767   в файле   80-250690478
На строке 14768   в файле   80-250690876
На строке 14769   в файле   80-250690991
На строке 14770   в файле   80-250690941
На строке 14771   в файле   80-250691152
На строке 14772   в файле   80-250691445
На строке 14773   в файле   80-250692206
На строке 14774   в файле   80-252021074
На строке 14775   в файле   80-252021274
На строке 14776   в файле   80-250694024
На строке 14777   в файле   80-250694398
На строке 14778   в файле   80-252021540
На строке 14779   в файле   80-250696098
На строке 14780   в файле   80-250696452
На строке 14781   в файле   80-250696463
На строке 14782   в файле   80-250696503
На строке 14783   в файле   80-250697632
На строке 14784   в файле   80-250697659
На строке 14785   в файле   80-250697813
На строке 14786   в файле   80-250698100
На строке 14787   в файле   80-250698445
На строке 14788   в файле   80-250698887
На строке 14789   в файле   80-252022280
На строке 14790   в файле   80-250700540
На строке 14791   в файле   80-250701037
На строке 14792   в файле   80-250701621
На строке 14793   в файле   80-252023572
На строке 14794   в файле   80-252023935
На строке 14795   в файле   80-250704414
На строке 14796   в файле   80-250705713
На строке 14797   в файле   80-250706494
На строке 14798   в файле   80-250706976
На строке 14799   в файле   80-250707339
На строке 14800   в файле   80-250708417
На строке 14801   в файле   80-250709135
На строке 14802   в файле   80-250709771
На строке 14803   в файле   80-250711761
На строке 14804   в файле   80-250711804
На строке 14805   в файле   80-250712957
На строке 14806   в файле   80-250713530
На строке 14807   в файле   80-252024925
На строке 14808   в файле   80-250714322
На строке 14809   в файле   80-250714327
На строке 14810   в файле   80-252562240
На строке 14811   в файле   80-250717176
На строке 14812   в файле   80-250718155
На строке 14813   в файле   80-250718250
На строке 14814   в файле   80-260103381
На строке 14815   в файле   80-261163622
На строке 14816   в файле   80-260103880
На строке 14817   в файле   80-260104069
На строке 14818   в файле   80-261164039
На строке 14819   в файле   80-260104303
На строке 14820   в файле   80-260104354
На строке 14821   в файле   80-260104508
На строке 14822   в файле   80-260104729
На строке 14823   в файле   80-260104845
На строке 14824   в файле   80-260105449
На строке 14825   в файле   80-260105543
На строке 14826   в файле   80-260105661
На строке 14827   в файле   80-260105564
На строке 14828   в файле   80-260105856
На строке 14829   в файле   80-260106020
На строке 14830   в файле   80-260106459
На строке 14831   в файле   80-260106581
На строке 14832   в файле   80-260106637
На строке 14833   в файле   80-260106703
На строке 14834   в файле   80-260106810
На строке 14835   в файле   80-260107229
На строке 14836   в файле   80-260107430
На строке 14837   в файле   80-260107794
На строке 14838   в файле   80-261164482
На строке 14839   в файле   80-260107989
На строке 14840   в файле   80-260108109
На строке 14841   в файле   80-260108442
На строке 14842   в файле   80-260108449
На строке 14843   в файле   80-260108572
На строке 14844   в файле   80-260108871
На строке 14845   в файле   80-260109080
На строке 14846   в файле   80-260109137
На строке 14847   в файле   80-260109426
На строке 14848   в файле   80-260110040
На строке 14849   в файле   80-260110069
На строке 14850   в файле   80-260110387
На строке 14851   в файле   80-260110383
На строке 14852   в файле   80-260110919
На строке 14853   в файле   80-260110638
На строке 14854   в файле   80-260110911
На строке 14855   в файле   80-260111322
На строке 14856   в файле   80-260111549
На строке 14857   в файле   80-260112189
На строке 14858   в файле   80-260112359
На строке 14859   в файле   80-260113209
На строке 14860   в файле   80-260113213
На строке 14861   в файле   80-260116580
На строке 14862   в файле   80-260116816
На строке 14863   в файле   80-260116852
На строке 14864   в файле   80-260116884
На строке 14865   в файле   80-260117165
На строке 14866   в файле   80-260117279
На строке 14867   в файле   80-260118002
На строке 14868   в файле   80-260118257
На строке 14869   в файле   80-260118410
На строке 14870   в файле   80-260118678
На строке 14871   в файле   80-260118952
На строке 14872   в файле   80-260119281
На строке 14873   в файле   80-260119547
На строке 14874   в файле   80-261165998
На строке 14875   в файле   80-260120048
На строке 14876   в файле   80-261165570
На строке 14877   в файле   80-260120655
На строке 14878   в файле   80-261165861
На строке 14879   в файле   80-260120945
На строке 14880   в файле   80-260120970
На строке 14881   в файле   80-260121290
На строке 14882   в файле   80-260121437
На строке 14883   в файле   80-260121747
На строке 14884   в файле   80-260121832
На строке 14885   в файле   80-260122073
На строке 14886   в файле   80-260122285
На строке 14887   в файле   80-260122603
На строке 14888   в файле   80-261166257
На строке 14889   в файле   80-260123048
На строке 14890   в файле   80-260123156
На строке 14891   в файле   80-260123233
На строке 14892   в файле   80-261166181
На строке 14893   в файле   80-260123615
На строке 14894   в файле   80-260123958
На строке 14895   в файле   80-261166668
На строке 14896   в файле   80-260124549
На строке 14897   в файле   80-260124783
На строке 14898   в файле   80-260124917
На строке 14899   в файле   80-261166592
На строке 14900   в файле   80-260125159
На строке 14901   в файле   80-260125309
На строке 14902   в файле   80-260125948
На строке 14903   в файле   80-260126310
На строке 14904   в файле   80-261167009
На строке 14905   в файле   80-261166732
На строке 14906   в файле   80-260126706
На строке 14907   в файле   80-260127110
На строке 14908   в файле   80-261264979
На строке 14909   в файле   80-260126979
На строке 14910   в файле   80-260127020
На строке 14911   в файле   80-260127390
На строке 14912   в файле   80-260127413
На строке 14913   в файле   80-260127704
На строке 14914   в файле   80-250655096
На строке 14915   в файле   80-252007972
На строке 14916   в файле   80-252008332
На строке 14917   в файле   80-250656954
На строке 14918   в файле   80-250657473
На строке 14919   в файле   80-250657541
На строке 14920   в файле   80-252008708
На строке 14921   в файле   80-252008793
На строке 14922   в файле   80-250659729
На строке 14923   в файле   80-250660502
На строке 14924   в файле   80-250661484
На строке 14925   в файле   80-252009178
На строке 14926   в файле   80-250662363
На строке 14927   в файле   80-250663271
На строке 14928   в файле   80-250663797
На строке 14929   в файле   80-252560746
На строке 14930   в файле   80-250665376
На строке 14931   в файле   80-250665349
На строке 14932   в файле   80-250666171
На строке 14933   в файле   80-250667201
На строке 14934   в файле   80-252012359
На строке 14935   в файле   80-252012947
На строке 14936   в файле   80-250668047
На строке 14937   в файле   80-250668484
На строке 14938   в файле   80-250668496
На строке 14939   в файле   80-252015040
На строке 14940   в файле   80-250668860
На строке 14941   в файле   80-250669336
На строке 14942   в файле   80-250669601
На строке 14943   в файле   80-250670196
На строке 14944   в файле   80-250671319
На строке 14945   в файле   80-250672003
На строке 14946   в файле   80-250672895
На строке 14947   в файле   80-250673373
На строке 14948   в файле   80-250673549
На строке 14949   в файле   80-250674526
На строке 14950   в файле   80-252016834
На строке 14951   в файле   80-250675592
На строке 14952   в файле   80-250675797
На строке 14953   в файле   80-250676477
На строке 14954   в файле   80-250677053
На строке 14955   в файле   80-252017242
На строке 14956   в файле   80-252017486
На строке 14957   в файле   80-250678027
На строке 14958   в файле   80-252017649
На строке 14959   в файле   80-252018053
На строке 14960   в файле   80-250679976
На строке 14961   в файле   80-260102325
На строке 14962   в файле   80-260102585
На строке 14963   в файле   80-260106962
На строке 14964   в файле   80-250694854
На строке 14965   в файле   80-250709381
На строке 14966   в файле   80-250718274
На строке 14967   в файле   80-250725216
На строке 14968   в файле   80-250735686
На строке 14969   в файле   80-250748046
На строке 14970   в файле   80-250763421
На строке 14971   в файле   80-250774915
На строке 14972   в файле   80-260107325
На строке 14973   в файле   80-261164496
На строке 14974   в файле   80-260113015
На строке 14975   в файле   80-260114585
На строке 14976   в файле   80-260115746
На строке 14977   в файле   80-260116877
На строке 14978   в файле   80-260118446
На строке 14979   в файле   80-260120169
На строке 14980   в файле   80-261274755
На строке 14981   в файле   80-260124796
На строке 14982   в файле   80-250696129
На строке 14983   в файле   80-252022677
На строке 14984   в файле   80-252023932
На строке 14985   в файле   80-250704450
На строке 14986   в файле   80-250704996
На строке 14987   в файле   80-250705653
На строке 14988   в файле   80-250705710
На строке 14989   в файле   80-250706322
На строке 14990   в файле   80-250706949
На строке 14991   в файле   80-250707586
На строке 14992   в файле   80-250707615
На строке 14993   в файле   80-250710015
На строке 14994   в файле   80-250710424
На строке 14995   в файле   80-250711017
На строке 14996   в файле   80-250711742
На строке 14997   в файле   80-250712499
На строке 14998   в файле   80-250712859
На строке 14999   в файле   80-252024753
На строке 15000   в файле   80-250715235
На строке 15001   в файле   80-250715259
На строке 15002   в файле   80-250716234
На строке 15003   в файле   80-252451803
На строке 15004   в файле   80-252452288
На строке 15005   в файле   80-250720223
На строке 15006   в файле   80-252451835
На строке 15007   в файле   80-250720718
На строке 15008   в файле   80-250720722
На строке 15009   в файле   80-252026273
На строке 15010   в файле   80-252026262
На строке 15011   в файле   80-250724499
На строке 15012   в файле   80-252026693
На строке 15013   в файле   80-250726333
На строке 15014   в файле   80-250727582
На строке 15015   в файле   80-252027087
На строке 15016   в файле   80-250729134
На строке 15017   в файле   80-250729744
На строке 15018   в файле   80-250730373
На строке 15019   в файле   80-250731002
На строке 15020   в файле   80-250732981
На строке 15021   в файле   80-252027679
На строке 15022   в файле   80-250734354
На строке 15023   в файле   80-250735740
На строке 15024   в файле   80-250737036
На строке 15025   в файле   80-250737539
На строке 15026   в файле   80-252453222
На строке 15027   в файле   80-250740770
На строке 15028   в файле   80-250741363
На строке 15029   в файле   80-250742754
На строке 15030   в файле   80-252453692
На строке 15031   в файле   80-250744588
На строке 15032   в файле   80-250746078
На строке 15033   в файле   80-250749994
На строке 15034   в файле   80-250750018
На строке 15035   в файле   80-250751840
На строке 15036   в файле   80-252454604
На строке 15037   в файле   80-252029718
На строке 15038   в файле   80-250755040
На строке 15039   в файле   80-250755059
На строке 15040   в файле   80-250755108
На строке 15041   в файле   80-250757649
На строке 15042   в файле   80-250758339
На строке 15043   в файле   80-250762128
На строке 15044   в файле   80-252030724
На строке 15045   в файле   80-252030799
На строке 15046   в файле   80-250765693
На строке 15047   в файле   80-252031820
На строке 15048   в файле   80-250770083
На строке 15049   в файле   80-250771266
На строке 15050   в файле   80-252031995
На строке 15051   в файле   80-250771794
На строке 15052   в файле   80-250771997
На строке 15053   в файле   80-250772934
На строке 15054   в файле   80-252032572
На строке 15055   в файле   80-250777561
На строке 15056   в файле   80-250779211
На строке 15057   в файле   80-252033074
На строке 15058   в файле   80-250782609
На строке 15059   в файле   80-250783860
На строке 15060   в файле   80-250785544
На строке 15061   в файле   80-250786173
На строке 15062   в файле   80-252455566
На строке 15063   в файле   80-250787364
На строке 15064   в файле   80-260107473
На строке 15065   в файле   80-260107833
На строке 15066   в файле   80-260107761
На строке 15067   в файле   80-260108086
На строке 15068   в файле   80-260108321
На строке 15069   в файле   80-260108378
На строке 15070   в файле   80-260108611
На строке 15071   в файле   80-260108790
На строке 15072   в файле   80-260108873
На строке 15073   в файле   80-260109139
На строке 15074   в файле   80-260109696
На строке 15075   в файле   80-260109797
На строке 15076   в файле   80-261164972
На строке 15077   в файле   80-260110970
На строке 15078   в файле   80-260111231
На строке 15079   в файле   80-260111693
На строке 15080   в файле   80-260111607
На строке 15081   в файле   80-260112240
На строке 15082   в файле   80-260112341
На строке 15083   в файле   80-260112681
На строке 15084   в файле   80-260113245
На строке 15085   в файле   80-260113542
На строке 15086   в файле   80-260113587
На строке 15087   в файле   80-260113590
На строке 15088   в файле   80-260114021
На строке 15089   в файле   80-260113866
На строке 15090   в файле   80-260114133
На строке 15091   в файле   80-260114234
На строке 15092   в файле   80-260114291
На строке 15093   в файле   80-260114526
На строке 15094   в файле   80-260114912
На строке 15095   в файле   80-260114825
На строке 15096   в файле   80-260114876
На строке 15097   в файле   80-260115178
На строке 15098   в файле   80-260115084
На строке 15099   в файле   80-260115140
На строке 15100   в файле   80-260115191
На строке 15101   в файле   80-260115388
На строке 15102   в файле   80-260115448
На строке 15103   в файле   80-260115488
На строке 15104   в файле   80-260115703
На строке 15105   в файле   80-260115749
На строке 15106   в файле   80-260116034
На строке 15107   в файле   80-260116008
На строке 15108   в файле   80-260116018
На строке 15109   в файле   80-260116152
На строке 15110   в файле   80-260116226
На строке 15111   в файле   80-260116276
На строке 15112   в файле   80-260116507
На строке 15113   в файле   80-260116525
На строке 15114   в файле   80-260116612
На строке 15115   в файле   80-260116758
На строке 15116   в файле   80-260117170
На строке 15117   в файле   80-260117322
На строке 15118   в файле   80-260117559
На строке 15119   в файле   80-260117737
На строке 15120   в файле   80-260117829
На строке 15121   в файле   80-260117991
На строке 15122   в файле   80-260118164
На строке 15123   в файле   80-260118342
На строке 15124   в файле   80-260118400
На строке 15125   в файле   80-260118979
На строке 15126   в файле   80-260119061
На строке 15127   в файле   80-260119282
На строке 15128   в файле   80-260119242
На строке 15129   в файле   80-261264814
На строке 15130   в файле   80-260119586
На строке 15131   в файле   80-260119673
На строке 15132   в файле   80-260119717
На строке 15133   в файле   80-260119912
На строке 15134   в файле   80-260120164
На строке 15135   в файле   80-260120322
На строке 15136   в файле   80-260120546
На строке 15137   в файле   80-260120564
На строке 15138   в файле   80-260120980
На строке 15139   в файле   80-261264813
На строке 15140   в файле   80-260121230
На строке 15141   в файле   80-260121465
На строке 15142   в файле   80-260122062
На строке 15143   в файле   80-260122015
На строке 15144   в файле   80-260122072
На строке 15145   в файле   80-260122663
На строке 15146   в файле   80-260122908
На строке 15147   в файле   80-260123152
На строке 15148   в файле   80-260123695
На строке 15149   в файле   80-260123971
На строке 15150   в файле   80-260123983
На строке 15151   в файле   80-260124226
На строке 15152   в файле   80-260124247
На строке 15153   в файле   80-260124412
На строке 15154   в файле   80-260124561
На строке 15155   в файле   80-260124914
На строке 15156   в файле   80-260125055
На строке 15157   в файле   80-260125209
На строке 15158   в файле   80-260125451
На строке 15159   в файле   80-260125614
На строке 15160   в файле   80-261166805
На строке 15161   в файле   80-260125814
На строке 15162   в файле   80-260126060
На строке 15163   в файле   80-260126334
На строке 15164   в файле   80-260126560
На строке 15165   в файле   80-250696842
На строке 15166   в файле   80-250697114
На строке 15167   в файле   80-250697264
На строке 15168   в файле   80-250697465
На строке 15169   в файле   80-250697646
На строке 15170   в файле   80-250698035
На строке 15171   в файле   80-250698447
На строке 15172   в файле   80-250698724
На строке 15173   в файле   80-250698905
На строке 15174   в файле   80-250699068
На строке 15175   в файле   80-250700514
На строке 15176   в файле   80-250700806
На строке 15177   в файле   80-250701031
На строке 15178   в файле   80-250701556
На строке 15179   в файле   80-252023291
На строке 15180   в файле   80-250702031
На строке 15181   в файле   80-250702608
На строке 15182   в файле   80-250693916
На строке 15183   в файле   80-260106259
На строке 15184   в файле   80-252020851
На строке 15185   в файле   80-260105997
На строке 15186   в файле   80-260106463
На строке 15187   в файле   80-260134842
На строке 15188   в файле   80-250737077
На строке 15189   в файле   80-250740817
На строке 15190   в файле   80-250742686
На строке 15191   в файле   80-252452756
На строке 15192   в файле   80-252038269
На строке 15193   в файле   80-250826986
На строке 15194   в файле   80-252040726
На строке 15195   в файле   80-252042000
На строке 15196   в файле   80-250844366
На строке 15197   в файле   80-250846855
На строке 15198   в файле   80-250851286
На строке 15199   в файле   80-260134912
На строке 15200   в файле   80-260136557
На строке 15201   в файле   80-260138545
На строке 15202   в файле   80-260140685
На строке 15203   в файле   80-260142304
На строке 15204   в файле   80-260143812
На строке 15205   в файле   80-260144013
На строке 15206   в файле   80-260145674
На строке 15207   в файле   80-260147211
На строке 15208   в файле   80-260148566
На строке 15209   в файле   80-260149887
На строке 15210   в файле   80-250744575
На строке 15211   в файле   80-252030207
На строке 15212   в файле   80-252030601
На строке 15213   в файле   80-250776607
На строке 15214   в файле   80-250791138
На строке 15215   в файле   80-250802609
На строке 15216   в файле   80-252037152
На строке 15217   в файле   80-250813930
На строке 15218   в файле   80-250815474
На строке 15219   в файле   80-250816593
На строке 15220   в файле   80-250817068
На строке 15221   в файле   80-250820515
На строке 15222   в файле   80-252038576
На строке 15223   в файле   80-252038640
На строке 15224   в файле   80-250821434
На строке 15225   в файле   80-250822261
На строке 15226   в файле   80-250822263
На строке 15227   в файле   80-250823206
На строке 15228   в файле   80-250823675
На строке 15229   в файле   80-250826135
На строке 15230   в файле   80-250826143
На строке 15231   в файле   80-250826989
На строке 15232   в файле   80-250827336
На строке 15233   в файле   80-252457387
На строке 15234   в файле   80-250828145
На строке 15235   в файле   80-250828990
На строке 15236   в файле   80-250830174
На строке 15237   в файле   80-252040454
На строке 15238   в файле   80-250831817
На строке 15239   в файле   80-252040620
На строке 15240   в файле   80-250832897
На строке 15241   в файле   80-250834100
На строке 15242   в файле   80-250834407
На строке 15243   в файле   80-250835396
На строке 15244   в файле   80-252040964
На строке 15245   в файле   80-250836272
На строке 15246   в файле   80-252041273
На строке 15247   в файле   80-252041798
На строке 15248   в файле   80-252041547
На строке 15249   в файле   80-250838130
На строке 15250   в файле   80-252041817
На строке 15251   в файле   80-252042294
На строке 15252   в файле   80-250840580
На строке 15253   в файле   80-250840588
На строке 15254   в файле   80-250840909
На строке 15255   в файле   80-252042762
На строке 15256   в файле   80-252042860
На строке 15257   в файле   80-250841912
На строке 15258   в файле   80-250841869
На строке 15259   в файле   80-252043223
На строке 15260   в файле   80-250842451
На строке 15261   в файле   80-250842182
На строке 15262   в файле   80-252043194
На строке 15263   в файле   80-252043512
На строке 15264   в файле   80-250844387
На строке 15265   в файле   80-252044050
На строке 15266   в файле   80-250844990
На строке 15267   в файле   80-250845632
На строке 15268   в файле   80-252043766
На строке 15269   в файле   80-250845590
На строке 15270   в файле   80-252044180
На строке 15271   в файле   80-250846195
На строке 15272   в файле   80-250845847
На строке 15273   в файле   80-250846752
На строке 15274   в файле   80-252044782
На строке 15275   в файле   80-252045379
На строке 15276   в файле   80-250848298
На строке 15277   в файле   80-252458444
На строке 15278   в файле   80-250848539
На строке 15279   в файле   80-250848754
На строке 15280   в файле   80-250849203
На строке 15281   в файле   80-250849595
На строке 15282   в файле   80-250849916
На строке 15283   в файле   80-252048012
На строке 15284   в файле   80-252617371
На строке 15285   в файле   80-252459762
На строке 15286   в файле   80-252049198
На строке 15287   в файле   80-250850447
На строке 15288   в файле   80-250851595
На строке 15289   в файле   80-252049972
На строке 15290   в файле   80-252460128
На строке 15291   в файле   80-250853999
На строке 15292   в файле   80-250854544
На строке 15293   в файле   80-250855040
На строке 15294   в файле   80-250855047
На строке 15295   в файле   80-250855741
На строке 15296   в файле   80-250855692
На строке 15297   в файле   80-250856225
На строке 15298   в файле   80-260135094
На строке 15299   в файле   80-260135195
На строке 15300   в файле   80-260135315
На строке 15301   в файле   80-260135558
На строке 15302   в файле   80-260135852
На строке 15303   в файле   80-260135803
На строке 15304   в файле   80-260135910
На строке 15305   в файле   80-260136048
На строке 15306   в файле   80-260136074
На строке 15307   в файле   80-260136194
На строке 15308   в файле   80-260136474
На строке 15309   в файле   80-260136697
На строке 15310   в файле   80-260137202
На строке 15311   в файле   80-260137199
На строке 15312   в файле   80-260137430
На строке 15313   в файле   80-260137410
На строке 15314   в файле   80-260137339
На строке 15315   в файле   80-260137568
На строке 15316   в файле   80-260137679
На строке 15317   в файле   80-260137847
На строке 15318   в файле   80-260137811
На строке 15319   в файле   80-260138043
На строке 15320   в файле   80-260137952
На строке 15321   в файле   80-260137982
На строке 15322   в файле   80-260138511
На строке 15323   в файле   80-260138644
На строке 15324   в файле   80-260138629
На строке 15325   в файле   80-260138514
На строке 15326   в файле   80-260138938
На строке 15327   в файле   80-260139374
На строке 15328   в файле   80-260139632
На строке 15329   в файле   80-260139635
На строке 15330   в файле   80-260139208
На строке 15331   в файле   80-260139504
На строке 15332   в файле   80-260139605
На строке 15333   в файле   80-260139869
На строке 15334   в файле   80-260139803
На строке 15335   в файле   80-260139914
На строке 15336   в файле   80-260140059
На строке 15337   в файле   80-260140200
На строке 15338   в файле   80-260140174
На строке 15339   в файле   80-260140438
На строке 15340   в файле   80-260140404
На строке 15341   в файле   80-260140494
На строке 15342   в файле   80-260140748
На строке 15343   в файле   80-260140932
На строке 15344   в файле   80-260141071
На строке 15345   в файле   80-260141340
На строке 15346   в файле   80-260141331
На строке 15347   в файле   80-260141453
На строке 15348   в файле   80-260141634
На строке 15349   в файле   80-260141490
На строке 15350   в файле   80-260141720
На строке 15351   в файле   80-260141917
На строке 15352   в файле   80-260141766
На строке 15353   в файле   80-260141879
На строке 15354   в файле   80-260142018
На строке 15355   в файле   80-260142166
На строке 15356   в файле   80-260142532
На строке 15357   в файле   80-260142769
На строке 15358   в файле   80-260142792
На строке 15359   в файле   80-260142763
На строке 15360   в файле   80-260143095
На строке 15361   в файле   80-260143010
На строке 15362   в файле   80-260143318
На строке 15363   в файле   80-260143361
На строке 15364   в файле   80-261168949
На строке 15365   в файле   80-261169224
На строке 15366   в файле   80-260143492
На строке 15367   в файле   80-260143571
На строке 15368   в файле   80-260143608
На строке 15369   в файле   80-260143840
На строке 15370   в файле   80-260143765
На строке 15371   в файле   80-260143772
На строке 15372   в файле   80-260143791
На строке 15373   в файле   80-260144283
На строке 15374   в файле   80-260143911
На строке 15375   в файле   80-260144362
На строке 15376   в файле   80-260144680
На строке 15377   в файле   80-260144869
На строке 15378   в файле   80-260144930
На строке 15379   в файле   80-260144943
На строке 15380   в файле   80-260145076
На строке 15381   в файле   80-260145101
На строке 15382   в файле   80-260145187
На строке 15383   в файле   80-260145425
На строке 15384   в файле   80-260145420
На строке 15385   в файле   80-261169614
На строке 15386   в файле   80-261169514
На строке 15387   в файле   80-260145681
На строке 15388   в файле   80-260145569
На строке 15389   в файле   80-260145924
На строке 15390   в файле   80-260146000
На строке 15391   в файле   80-260145918
На строке 15392   в файле   80-260146039
На строке 15393   в файле   80-260146189
На строке 15394   в файле   80-260146194
На строке 15395   в файле   80-260146410
На строке 15396   в файле   80-260146527
На строке 15397   в файле   80-260146337
На строке 15398   в файле   80-260146635
На строке 15399   в файле   80-260146515
На строке 15400   в файле   80-260146867
На строке 15401   в файле   80-260146688
На строке 15402   в файле   80-260146735
На строке 15403   в файле   80-260147064
На строке 15404   в файле   80-260146913
На строке 15405   в файле   80-260147263
На строке 15406   в файле   80-260147484
На строке 15407   в файле   80-260147564
На строке 15408   в файле   80-260147708
На строке 15409   в файле   80-260147717
На строке 15410   в файле   80-260148128
На строке 15411   в файле   80-260148109
На строке 15412   в файле   80-260148036
На строке 15413   в файле   80-260148117
На строке 15414   в файле   80-260148311
На строке 15415   в файле   80-260148392
На строке 15416   в файле   80-260148310
На строке 15417   в файле   80-260148562
На строке 15418   в файле   80-260148660
На строке 15419   в файле   80-260148841
На строке 15420   в файле   80-260148751
На строке 15421   в файле   80-260148974
На строке 15422   в файле   80-260148913
На строке 15423   в файле   80-260149068
На строке 15424   в файле   80-260149238
На строке 15425   в файле   80-260149297
На строке 15426   в файле   80-260149402
На строке 15427   в файле   80-260149368
На строке 15428   в файле   80-260149521
На строке 15429   в файле   80-260149575
На строке 15430   в файле   80-260149657
На строке 15431   в файле   80-260149825
На строке 15432   в файле   80-260150110
На строке 15433   в файле   80-260149955
На строке 15434   в файле   80-260150173
На строке 15435   в файле   80-260150171
На строке 15436   в файле   80-260150313
На строке 15437   в файле   80-260150346
На строке 15438   в файле   80-260150227
На строке 15439   в файле   80-260150359
На строке 15440   в файле   80-260150480
На строке 15441   в файле   80-260150517
На строке 15442   в файле   80-260150667
На строке 15443   в файле   80-260150891
На строке 15444   в файле   80-252453266
На строке 15445   в файле   80-250745485
На строке 15446   в файле   80-252562101
На строке 15447   в файле   80-250749957
На строке 15448   в файле   80-250751277
На строке 15449   в файле   80-250753716
На строке 15450   в файле   80-250753738
На строке 15451   в файле   80-250755126
На строке 15452   в файле   80-250756362
На строке 15453   в файле   80-252030048
На строке 15454   в файле   80-250761367
На строке 15455   в файле   80-250762707
На строке 15456   в файле   80-252455101
На строке 15457   в файле   80-250767032
На строке 15458   в файле   80-252030781
На строке 15459   в файле   80-252563745
На строке 15460   в файле   80-250770660
На строке 15461   в файле   80-252031807
На строке 15462   в файле   80-250773136
На строке 15463   в файле   80-252032193
На строке 15465   в файле   80-250777789
На строке 15466   в файле   80-252032932
На строке 15467   в файле   80-250779203
На строке 15468   в файле   80-250781934
На строке 15469   в файле   80-250782615
На строке 15470   в файле   80-250783750
На строке 15471   в файле   80-250783708
На строке 15472   в файле   80-250786155
На строке 15473   в файле   80-250788586
На строке 15474   в файле   80-252034028
На строке 15475   в файле   80-250792407
На строке 15476   в файле   80-252456491
На строке 15477   в файле   80-250792993
На строке 15478   в файле   80-250793630
На строке 15479   в файле   80-250795600
На строке 15480   в файле   80-250796130
На строке 15481   в файле   80-250797283
На строке 15482   в файле   80-252035370
На строке 15483   в файле   80-250797269
На строке 15484   в файле   80-250799539
На строке 15485   в файле   80-252035712
На строке 15486   в файле   80-250801984
На строке 15487   в файле   80-250803117
На строке 15488   в файле   80-250804928
На строке 15489   в файле   80-252036360
На строке 15490   в файле   80-250806016
На строке 15491   в файле   80-250807125
На строке 15492   в файле   80-250807774
На строке 15493   в файле   80-250808919
На строке 15494   в файле   80-250809928
На строке 15495   в файле   80-250811078
На строке 15496   в файле   80-250810557
На строке 15497   в файле   80-250812165
На строке 15498   в файле   80-252037243
На строке 15499   в файле   80-252456980
На строке 15500   в файле   80-250734399
На строке 15501   в файле   80-260134549
На строке 15502   в файле   80-250735915
На строке 15503   в файле   80-260134989
На строке 15504   в файле   80-260134788
На строке 15505   в файле   80-252027427
На строке 15506   в файле   80-260134388
На строке 15507   в файле   80-260134450
На строке 15508   в файле   80-260134386
На строке 15509   в файле   80-260134561
На строке 15510   в файле   80-260134650
На строке 15511   в файле   80-260134712
На строке 15512   в файле   80-261167653
На строке 15513   в файле   80-260135123
На строке 15514   в файле   80-260134371
На строке 15515   в файле   80-250750652
На строке 15516   в файле   80-250772992
На строке 15517   в файле   80-250784975
На строке 15518   в файле   80-250797311
На строке 15519   в файле   80-250808978
На строке 15520   в файле   80-252039292
На строке 15521   в файле   80-252040714
На строке 15522   в файле   80-250835989
На строке 15523   в файле   80-260134652
На строке 15524   в файле   80-260136161
На строке 15525   в файле   80-260138064
На строке 15526   в файле   80-260140176
На строке 15527   в файле   80-260141851
На строке 15528   в файле   80-261168912
На строке 15529   в файле   80-260145433
На строке 15530   в файле   80-260147720
На строке 15531   в файле   80-261170148
На строке 15532   в файле   80-261170353
На строке 15533   в файле   80-250752543
На строке 15534   в файле   80-250752417
На строке 15535   в файле   80-252454569
На строке 15536   в файле   80-252030215
На строке 15537   в файле   80-252563641
На строке 15538   в файле   80-250764553
На строке 15539   в файле   80-250766376
На строке 15540   в файле   80-252563789
На строке 15541   в файле   80-250767560
На строке 15542   в файле   80-250770640
На строке 15543   в файле   80-250773921
На строке 15544   в файле   80-250775351
На строке 15545   в файле   80-250775864
На строке 15546   в файле   80-250776976
На строке 15547   в файле   80-250778029
На строке 15548   в файле   80-252032747
На строке 15549   в файле   80-250779172
На строке 15550   в файле   80-252032939
На строке 15551   в файле   80-252033274
На строке 15552   в файле   80-250784363
На строке 15553   в файле   80-250787370
На строке 15554   в файле   80-250789870
На строке 15555   в файле   80-250790026
На строке 15556   в файле   80-250791788
На строке 15557   в файле   80-252034314
На строке 15558   в файле   80-252455639
На строке 15559   в файле   80-250793009
На строке 15560   в файле   80-250794254
На строке 15561   в файле   80-252456494
На строке 15562   в файле   80-250796728
На строке 15563   в файле   80-250798407
На строке 15564   в файле   80-250798631
На строке 15565   в файле   80-250798947
На строке 15566   в файле   80-252035691
На строке 15567   в файле   80-252036028
На строке 15568   в файле   80-250803697
На строке 15569   в файле   80-250803855
На строке 15570   в файле   80-250806089
На строке 15571   в файле   80-250807731
На строке 15572   в файле   80-252036786
На строке 15573   в файле   80-250811636
На строке 15574   в файле   80-250812790
На строке 15575   в файле   80-250815088
На строке 15576   в файле   80-250815470
На строке 15577   в файле   80-250816572
На строке 15578   в файле   80-250819145
На строке 15579   в файле   80-250821354
На строке 15580   в файле   80-250820945
На строке 15581   в файле   80-250821908
На строке 15582   в файле   80-250823097
На строке 15583   в файле   80-250826133
На строке 15584   в файле   80-252039584
На строке 15585   в файле   80-250826982
На строке 15586   в файле   80-250827731
На строке 15587   в файле   80-250828545
На строке 15588   в файле   80-250829406
На строке 15589   в файле   80-252457427
На строке 15590   в файле   80-252040456
На строке 15591   в файле   80-250832162
На строке 15592   в файле   80-250832231
На строке 15593   в файле   80-250832806
На строке 15594   в файле   80-250833198
На строке 15595   в файле   80-250833531
На строке 15596   в файле   80-252040713
На строке 15597   в файле   80-250834347
На строке 15598   в файле   80-250835030
На строке 15599   в файле   80-250835414
На строке 15600   в файле   80-250835685
На строке 15601   в файле   80-250835654
На строке 15602   в файле   80-250836126
На строке 15603   в файле   80-252041550
На строке 15604   в файле   80-250838122
На строке 15605   в файле   80-250838157
На строке 15606   в файле   80-250838842
На строке 15607   в файле   80-252042284
На строке 15608   в файле   80-250840593
На строке 15609   в файле   80-250841198
На строке 15610   в файле   80-250841201
На строке 15611   в файле   80-250841561
На строке 15612   в файле   80-252043032
На строке 15613   в файле   80-260134796
На строке 15614   в файле   80-260135057
На строке 15615   в файле   80-260135440
На строке 15616   в файле   80-260135281
На строке 15617   в файле   80-260135330
На строке 15618   в файле   80-260135572
На строке 15619   в файле   80-260135581
На строке 15620   в файле   80-260135533
На строке 15621   в файле   80-261168074
На строке 15622   в файле   80-260135926
На строке 15623   в файле   80-260136330
На строке 15624   в файле   80-260136450
На строке 15625   в файле   80-260136621
На строке 15626   в файле   80-260136847
На строке 15627   в файле   80-260137191
На строке 15628   в файле   80-260137287
На строке 15629   в файле   80-260137439
На строке 15630   в файле   80-261274629
На строке 15632   в файле   80-260137919
На строке 15633   в файле   80-260138112
На строке 15634   в файле   80-260138291
На строке 15635   в файле   80-260138242
На строке 15636   в файле   80-261168106
На строке 15637   в файле   80-260138903
На строке 15638   в файле   80-260138905
На строке 15639   в файле   80-261168361
На строке 15640   в файле   80-260139192
На строке 15641   в файле   80-260139222
На строке 15642   в файле   80-260139342
На строке 15643   в файле   80-260139754
На строке 15644   в файле   80-260140303
На строке 15645   в файле   80-261274738
На строке 15646   в файле   80-261168310
На строке 15647   в файле   80-260140651
На строке 15648   в файле   80-260140776
На строке 15649   в файле   80-261168501
На строке 15650   в файле   80-260140914
На строке 15651   в файле   80-260141214
На строке 15652   в файле   80-260141429
На строке 15653   в файле   80-260141744
На строке 15654   в файле   80-260142053
На строке 15655   в файле   80-260142309
На строке 15656   в файле   80-260142208
На строке 15657   в файле   80-260142463
На строке 15658   в файле   80-260142595
На строке 15659   в файле   80-260142971
На строке 15660   в файле   80-260143013
На строке 15661   в файле   80-260143078
На строке 15662   в файле   80-260143262
На строке 15663   в файле   80-260143213
На строке 15664   в файле   80-260143681
На строке 15665   в файле   80-260144078
На строке 15666   в файле   80-260144135
На строке 15667   в файле   80-260144276
На строке 15668   в файле   80-261265373
На строке 15669   в файле   80-260144569
На строке 15670   в файле   80-261169591
На строке 15671   в файле   80-261265196
На строке 15672   в файле   80-260145330
На строке 15673   в файле   80-260145354
На строке 15674   в файле   80-260145777
На строке 15675   в файле   80-261169593
На строке 15676   в файле   80-260146282
На строке 15677   в файле   80-260146494
На строке 15678   в файле   80-260146856
На строке 15679   в файле   80-260146995
На строке 15680   в файле   80-260147245
На строке 15681   в файле   80-260147144
На строке 15682   в файле   80-261170000
На строке 15683   в файле   80-261169938
На строке 15684   в файле   80-260147665
На строке 15685   в файле   80-260147890
На строке 15686   в файле   80-260147934
На строке 15687   в файле   80-260148160
На строке 15688   в файле   80-260148204
На строке 15689   в файле   80-260148363
На строке 15690   в файле   80-261265233
На строке 15691   в файле   80-261265267
На строке 15692   в файле   80-260148953
На строке 15693   в файле   80-261265485
На строке 15694   в файле   80-260149149
На строке 15695   в файле   80-260149270
На строке 15696   в файле   80-260149263
На строке 15697   в файле   80-250746705
На строке 15698   в файле   80-260134124
На строке 15699   в файле   80-250747451
На строке 15700   в файле   80-260134146
На строке 15701   в файле   80-252029309
На строке 15702   в файле   80-260134130
На строке 15703   в файле   80-260134201
На строке 15704   в файле   80-260136997
На строке 15705   в файле   80-250817170
На строке 15706   в файле   80-252039422
На строке 15707   в файле   80-250833888
На строке 15708   в файле   80-250837748
На строке 15709   в файле   80-252043287
На строке 15710   в файле   80-252044652
На строке 15711   в файле   80-252049229
На строке 15712   в файле   80-250854513
На строке 15713   в файле   80-261167889
На строке 15714   в файле   80-261168054
На строке 15715   в файле   80-260141209
На строке 15716   в файле   80-260143129
На строке 15717   в файле   80-260145770
На строке 15718   в файле   80-260148724
На строке 15719   в файле   80-261170552
На строке 15720   в файле   80-260151291
На строке 15721   в файле   80-260151877
На строке 15722   в файле   80-260152100
На строке 15723   в файле   80-250817560
На строке 15724   в файле   80-250818157
На строке 15725   в файле   80-250818620
На строке 15726   в файле   80-250819043
На строке 15727   в файле   80-250820205
На строке 15728   в файле   80-252038573
На строке 15729   в файле   80-250821408
На строке 15730   в файле   80-252038898
На строке 15731   в файле   80-252038919
На строке 15732   в файле   80-252039057
На строке 15733   в файле   80-252039241
На строке 15734   в файле   80-250827768
На строке 15735   в файле   80-250828518
На строке 15736   в файле   80-250829315
На строке 15737   в файле   80-252457876
На строке 15738   в файле   80-250830062
На строке 15739   в файле   80-252040345
На строке 15740   в файле   80-252040455
На строке 15741   в файле   80-250832166
На строке 15742   в файле   80-250833161
На строке 15743   в файле   80-250832482
На строке 15744   в файле   80-250833547
На строке 15745   в файле   80-250833866
На строке 15746   в файле   80-250834173
На строке 15747   в файле   80-250834746
На строке 15748   в файле   80-250834743
На строке 15749   в файле   80-250835054
На строке 15750   в файле   80-252041061
На строке 15751   в файле   80-252040863
На строке 15752   в файле   80-252041024
На строке 15753   в файле   80-250836253
На строке 15754   в файле   80-252457428
На строке 15755   в файле   80-250838835
На строке 15756   в файле   80-250838339
На строке 15757   в файле   80-252042247
На строке 15758   в файле   80-250840260
На строке 15759   в файле   80-252042771
На строке 15760   в файле   80-250841269
На строке 15761   в файле   80-250841846
На строке 15762   в файле   80-250842627
На строке 15763   в файле   80-250842469
На строке 15764   в файле   80-252043756
На строке 15765   в файле   80-250844084
На строке 15766   в файле   80-250844380
На строке 15767   в файле   80-252043769
На строке 15768   в файле   80-250844690
На строке 15769   в файле   80-250844972
На строке 15770   в файле   80-250845263
На строке 15771   в файле   80-252044326
На строке 15772   в файле   80-250845603
На строке 15773   в файле   80-250846241
На строке 15774   в файле   80-252045025
На строке 15775   в файле   80-252045169
На строке 15776   в файле   80-250848307
На строке 15777   в файле   80-250848777
На строке 15778   в файле   80-250848778
На строке 15779   в файле   80-252457817
На строке 15780   в файле   80-252458372
На строке 15781   в файле   80-250849233
На строке 15782   в файле   80-252047528
На строке 15783   в файле   80-252047773
На строке 15784   в файле   80-250849918
На строке 15785   в файле   80-252049055
На строке 15786   в файле   80-252459318
На строке 15787   в файле   80-250850988
На строке 15788   в файле   80-252459514
На строке 15789   в файле   80-252459757
На строке 15790   в файле   80-250851880
На строке 15791   в файле   80-250853147
На строке 15792   в файле   80-250853441
На строке 15793   в файле   80-250853988
На строке 15794   в файле   80-250855070
На строке 15795   в файле   80-252460524
На строке 15796   в файле   80-250856246
На строке 15797   в файле   80-250856982
На строке 15798   в файле   80-252050847
На строке 15799   в файле   80-252051128
На строке 15800   в файле   80-250857879
На строке 15801   в файле   80-250858476
На строке 15802   в файле   80-250859347
На строке 15803   в файле   80-250859369
На строке 15804   в файле   80-250859521
На строке 15805   в файле   80-260137676
На строке 15806   в файле   80-260137696
На строке 15807   в файле   80-260137802
На строке 15808   в файле   80-260138273
На строке 15809   в файле   80-260138201
На строке 15810   в файле   80-260138400
На строке 15811   в файле   80-260138577
На строке 15812   в файле   80-260138887
На строке 15813   в файле   80-260138917
На строке 15814   в файле   80-260139313
На строке 15815   в файле   80-260139468
На строке 15816   в файле   80-260139510
На строке 15817   в файле   80-260139900
На строке 15818   в файле   80-260139952
На строке 15819   в файле   80-260140275
На строке 15820   в файле   80-260140734
На строке 15821   в файле   80-260140948
На строке 15822   в файле   80-260141074
На строке 15823   в файле   80-260141019
На строке 15824   в файле   80-260141175
На строке 15825   в файле   80-261168569
На строке 15826   в файле   80-260141621
На строке 15827   в файле   80-260142087
На строке 15828   в файле   80-260142179
На строке 15829   в файле   80-260142332
На строке 15830   в файле   80-260142417
На строке 15831   в файле   80-261168760
На строке 15832   в файле   80-260142708
На строке 15833   в файле   80-260142743
На строке 15834   в файле   80-261168608
На строке 15835   в файле   80-260143350
На строке 15836   в файле   80-261169115
На строке 15837   в файле   80-260144098
На строке 15838   в файле   80-260144175
На строке 15839   в файле   80-260144420
На строке 15840   в файле   80-260144436
На строке 15841   в файле   80-260144951
На строке 15842   в файле   80-260145175
На строке 15843   в файле   80-260145594
На строке 15844   в файле   80-261169403
На строке 15845   в файле   80-260145887
На строке 15846   в файле   80-260146828
На строке 15847   в файле   80-260147037
На строке 15848   в файле   80-260147472
На строке 15849   в файле   80-260147341
На строке 15850   в файле   80-260147565
На строке 15851   в файле   80-260147806
На строке 15852   в файле   80-261170034
На строке 15853   в файле   80-261169886
На строке 15854   в файле   80-260148547
На строке 15855   в файле   80-261169912
На строке 15856   в файле   80-260149693
На строке 15857   в файле   80-260149878
На строке 15858   в файле   80-260149995
На строке 15859   в файле   80-261265432
На строке 15860   в файле   80-260150080
На строке 15861   в файле   80-260150165
На строке 15862   в файле   80-260150550
На строке 15863   в файле   80-260150509
На строке 15864   в файле   80-260150539
На строке 15865   в файле   80-260150653
На строке 15866   в файле   80-260150878
На строке 15867   в файле   80-260150908
На строке 15868   в файле   80-260151021
На строке 15869   в файле   80-260151108
На строке 15870   в файле   80-260151056
На строке 15871   в файле   80-260151178
На строке 15872   в файле   80-260151068
На строке 15873   в файле   80-261265730
На строке 15874   в файле   80-260151234
На строке 15875   в файле   80-260151487
На строке 15876   в файле   80-260151467
На строке 15877   в файле   80-260151558
На строке 15878   в файле   80-260151633
На строке 15879   в файле   80-260151640
На строке 15880   в файле   80-260151727
На строке 15881   в файле   80-261170742
На строке 15883   в файле   80-260151736
На строке 15884   в файле   80-260151751
На строке 15885   в файле   80-260151831
На строке 15886   в файле   80-260151999
На строке 15887   в файле   80-261170894
На строке 15888   в файле   80-261170857
На строке 15889   в файле   80-250814428
На строке 15890   в файле   80-260136753
На строке 15891   в файле   80-252456526
На строке 15892   в файле   80-260136727
На строке 15893   в файле   80-252617398
На строке 15894   в файле   80-260137012
На строке 15895   в файле   80-260136419
На строке 15896   в файле   80-260152896
На строке 15897   в файле   80-252044534
На строке 15898   в файле   80-252047282
На строке 15899   в файле   80-250855041
На строке 15900   в файле   80-250860299
На строке 15901   в файле   80-250864111
На строке 15902   в файле   80-250866907
На строке 15903   в файле   80-250868455
На строке 15904   в файле   80-250870908
На строке 15905   в файле   80-260152935
На строке 15906   в файле   80-260153582
На строке 15907   в файле   80-260154217
На строке 15908   в файле   80-260154957
На строке 15909   в файле   80-260155041
На строке 15910   в файле   80-261171997
На строке 15911   в файле   80-260154975
На строке 15912   в файле   80-260155169
На строке 15913   в файле   80-261171820
На строке 15914   в файле   80-260155433
На строке 15915   в файле   80-250846141
На строке 15916   в файле   80-250846538
На строке 15917   в файле   80-250846836
На строке 15918   в файле   80-252044715
На строке 15919   в файле   80-252045410
На строке 15920   в файле   80-252045594
На строке 15921   в файле   80-252047041
На строке 15922   в файле   80-252045656
На строке 15923   в файле   80-250849071
На строке 15924   в файле   80-252047307
На строке 15925   в файле   80-252047902
На строке 15926   в файле   80-252458296
На строке 15927   в файле   80-250849741
На строке 15928   в файле   80-252049237
На строке 15929   в файле   80-252049564
На строке 15930   в файле   80-250850743
На строке 15931   в файле   80-252049562
На строке 15932   в файле   80-250851521
На строке 15933   в файле   80-250851856
На строке 15934   в файле   80-250853993
На строке 15935   в файле   80-252050856
На строке 15936   в файле   80-250856989
На строке 15937   в файле   80-250857330
На строке 15938   в файле   80-252051491
На строке 15939   в файле   80-252051724
На строке 15940   в файле   80-250858945
На строке 15941   в файле   80-250859348
На строке 15942   в файле   80-250859743
На строке 15943   в файле   80-250860098
На строке 15944   в файле   80-252052055
На строке 15945   в файле   80-250860950
На строке 15946   в файле   80-250861326
На строке 15947   в файле   80-252052492
На строке 15948   в файле   80-252052683
На строке 15949   в файле   80-250862176
На строке 15950   в файле   80-250862543
На строке 15951   в файле   80-250862938
На строке 15952   в файле   80-252052832
На строке 15953   в файле   80-250863076
На строке 15954   в файле   80-252053026
На строке 15955   в файле   80-250864505
На строке 15956   в файле   80-252053326
На строке 15957   в файле   80-250865758
На строке 15958   в файле   80-250865621
На строке 15959   в файле   80-250865785
На строке 15960   в файле   80-250866004
На строке 15961   в файле   80-250866529
На строке 15962   в файле   80-252053633
На строке 15963   в файле   80-250866697
На строке 15964   в файле   80-250866531
На строке 15965   в файле   80-250866875
На строке 15966   в файле   80-250866986
На строке 15967   в файле   80-250867351
На строке 15968   в файле   80-250867353
На строке 15969   в файле   80-252053781
На строке 15970   в файле   80-252053900
На строке 15971   в файле   80-252053975
На строке 15972   в файле   80-252054086
На строке 15973   в файле   80-252054088
На строке 15974   в файле   80-250868441
На строке 15975   в файле   80-250868770
На строке 15976   в файле   80-252054202
На строке 15977   в файле   80-250869083
На строке 15978   в файле   80-250869085
На строке 15979   в файле   80-250869536
На строке 15980   в файле   80-250869883
На строке 15981   в файле   80-252054292
На строке 15982   в файле   80-250870195
На строке 15983   в файле   80-252054570
На строке 15984   в файле   80-250870518
На строке 15985   в файле   80-250870973
На строке 15986   в файле   80-252054914
На строке 15987   в файле   80-252054911
На строке 15988   в файле   80-252055151
На строке 15989   в файле   80-250872182
На строке 15990   в файле   80-252055127
На строке 15991   в файле   80-250872470
На строке 15992   в файле   80-250872765
На строке 15993   в файле   80-250873369
На строке 15994   в файле   80-250873358
На строке 15995   в файле   80-260152961
На строке 15996   в файле   80-260153118
На строке 15997   в файле   80-261171296
На строке 15998   в файле   80-260153102
На строке 15999   в файле   80-261171198
На строке 16000   в файле   80-260153107
На строке 16001   в файле   80-260153250
На строке 16002   в файле   80-260153196
На строке 16003   в файле   80-260153479
На строке 16004   в файле   80-261275232
На строке 16005   в файле   80-260153663
На строке 16006   в файле   80-260153732
На строке 16007   в файле   80-260153857
На строке 16008   в файле   80-260154008
На строке 16009   в файле   80-260153921
На строке 16010   в файле   80-260154105
На строке 16011   в файле   80-260154293
На строке 16012   в файле   80-260154258
На строке 16013   в файле   80-261171513
На строке 16014   в файле   80-260154310
На строке 16015   в файле   80-260154290
На строке 16016   в файле   80-261171576
На строке 16017   в файле   80-260154451
На строке 16018   в файле   80-260154495
На строке 16019   в файле   80-260154379
На строке 16020   в файле   80-260154479
На строке 16021   в файле   80-260154471
На строке 16022   в файле   80-260154670
На строке 16023   в файле   80-260154735
На строке 16024   в файле   80-260154734
На строке 16025   в файле   80-261265719
На строке 16026   в файле   80-250844966
На строке 16027   в файле   80-260152691
На строке 16028   в файле   80-252044182
На строке 16029   в файле   80-260152805
На строке 16030   в файле   80-260152943
На строке 16031   в файле   80-261097512
На строке 16032   в файле   80-245252943
На строке 16033   в файле   80-251216046
На строке 16034   в файле   80-245297094
На строке 16035   в файле   80-245305934
На строке 16036   в файле   80-251245754
На строке 16037   в файле   80-251262529
На строке 16038   в файле   80-251284123
На строке 16039   в файле   80-245403396
На строке 16040   в файле   80-259665961
На строке 16041   в файле   80-261100412
На строке 16042   в файле   80-259704986
На строке 16043   в файле   80-261260634
На строке 16044   в файле   80-259771852
На строке 16045   в файле   80-259771835
На строке 16046   в файле   80-261110345
На строке 16047   в файле   80-261110431
На строке 16048   в файле   80-259774706
На строке 16049   в файле   80-252313781
На строке 16050   в файле   80-245257118
На строке 16051   в файле   80-252314130
На строке 16052   в файле   80-245257909
На строке 16053   в файле   80-251208108
На строке 16054   в файле   80-251211092
На строке 16055   в файле   80-252314468
На строке 16056   в файле   80-252314613
На строке 16057   в файле   80-252314615
На строке 16058   в файле   80-245275381
На строке 16059   в файле   80-251216678
На строке 16060   в файле   80-251217721
На строке 16061   в файле   80-251218978
На строке 16062   в файле   80-252315226
На строке 16063   в файле   80-251221834
На строке 16064   в файле   80-252315446
На строке 16065   в файле   80-252513288
На строке 16066   в файле   80-251228356
На строке 16067   в файле   80-252629621
На строке 16068   в файле   80-252629625
На строке 16069   в файле   80-252629648
На строке 16070   в файле   80-252651382
На строке 16071   в файле   80-251228372
На строке 16072   в файле   80-245298276
На строке 16073   в файле   80-251229179
На строке 16074   в файле   80-245299642
На строке 16075   в файле   80-252598206
На строке 16076   в файле   80-252316498
На строке 16077   в файле   80-245301602
На строке 16078   в файле   80-251231235
На строке 16079   в файле   80-245302161
На строке 16080   в файле   80-252317074
На строке 16081   в файле   80-252317625
На строке 16082   в файле   80-251238382
На строке 16083   в файле   80-252631475
На строке 16084   в файле   80-245332523
На строке 16085   в файле   80-245332998
На строке 16086   в файле   80-251242294
На строке 16087   в файле   80-252317832
На строке 16088   в файле   80-252317846
На строке 16089   в файле   80-252318233
На строке 16090   в файле   80-251249890
На строке 16091   в файле   80-252318851
На строке 16092   в файле   80-245359973
На строке 16093   в файле   80-252514465
На строке 16094   в файле   80-251252753
На строке 16095   в файле   80-251252774
На строке 16096   в файле   80-251256209
На строке 16097   в файле   80-251255933
На строке 16098   в файле   80-251257956
На строке 16099   в файле   80-251263307
На строке 16100   в файле   80-252514845
На строке 16101   в файле   80-252514871
На строке 16102   в файле   80-251267617
На строке 16103   в файле   80-252320575
На строке 16104   в файле   80-252320959
На строке 16105   в файле   80-251273752
На строке 16106   в файле   80-252321213
На строке 16107   в файле   80-251277634
На строке 16108   в файле   80-252321776
На строке 16109   в файле   80-251284115
На строке 16110   в файле   80-245398285
На строке 16111   в файле   80-251286080
На строке 16112   в файле   80-251286744
На строке 16113   в файле   80-245398391
На строке 16114   в файле   80-251288187
На строке 16115   в файле   80-251288841
На строке 16116   в файле   80-252322734
На строке 16117   в файле   80-252322775
На строке 16118   в файле   80-252323156
На строке 16119   в файле   80-245403587
На строке 16120   в файле   80-245403961
На строке 16121   в файле   80-245404537
На строке 16122   в файле   80-252323152
На строке 16123   в файле   80-245404882
На строке 16124   в файле   80-245404720
На строке 16125   в файле   80-252323173
На строке 16126   в файле   80-245405281
На строке 16127   в файле   80-252323576
На строке 16128   в файле   80-259666003
На строке 16129   в файле   80-259666353
На строке 16130   в файле   80-261260216
На строке 16131   в файле   80-259666738
На строке 16132   в файле   80-261098547
На строке 16133   в файле   80-259668457
На строке 16134   в файле   80-261260193
На строке 16135   в файле   80-261099264
На строке 16136   в файле   80-259668867
На строке 16137   в файле   80-261099798
На строке 16138   в файле   80-261100267
На строке 16139   в файле   80-261100975
На строке 16140   в файле   80-259687429
На строке 16141   в файле   80-259688288
На строке 16142   в файле   80-259688735
На строке 16143   в файле   80-261101634
На строке 16144   в файле   80-261101836
На строке 16145   в файле   80-261102501
На строке 16146   в файле   80-261102649
На строке 16147   в файле   80-259703547
На строке 16148   в файле   80-261103374
На строке 16149   в файле   80-259706391
На строке 16150   в файле   80-261104050
На строке 16151   в файле   80-261103621
На строке 16152   в файле   80-261260424
На строке 16153   в файле   80-261104901
На строке 16154   в файле   80-261104888
На строке 16155   в файле   80-259717944
На строке 16156   в файле   80-261260619
На строке 16157   в файле   80-261105365
На строке 16158   в файле   80-259721607
На строке 16159   в файле   80-259721572
На строке 16160   в файле   80-259722438
На строке 16161   в файле   80-259722876
На строке 16162   в файле   80-261273355
На строке 16163   в файле   80-259723640
На строке 16164   в файле   80-261106669
На строке 16165   в файле   80-261106557
На строке 16166   в файле   80-261107402
На строке 16167   в файле   80-259734013
На строке 16168   в файле   80-261108148
На строке 16169   в файле   80-261108154
На строке 16170   в файле   80-261260629
На строке 16171   в файле   80-261108738
На строке 16172   в файле   80-245221627
На строке 16173   в файле   80-261259801
На строке 16174   в файле   80-245223248
На строке 16175   в файле   80-259649358
На строке 16176   в файле   80-245223866
На строке 16177   в файле   80-259649781
На строке 16178   в файле   80-245224679
На строке 16179   в файле   80-259649777
На строке 16180   в файле   80-245227030
На строке 16181   в файле   80-259650203
На строке 16182   в файле   80-245245208
На строке 16183   в файле   80-261097085
На строке 16184   в файле   80-245247220
На строке 16185   в файле   80-261096561
На строке 16186   в файле   80-245222434
На строке 16187   в файле   80-259649309
На строке 16188   в файле   80-252312808
На строке 16189   в файле   80-259654980
На строке 16190   в файле   80-252312802
На строке 16192   в файле   80-261259935
На строке 16193   в файле   80-252313137
На строке 16194   в файле   80-261260009
На строке 16195   в файле   80-252310900
На строке 16196   в файле   80-261093860
На строке 16197   в файле   80-252311088
На строке 16198   в файле   80-259650193
На строке 16199   в файле   80-252311439
На строке 16200   в файле   80-259650204
На строке 16201   в файле   80-252311621
На строке 16202   в файле   80-261094214
На строке 16203   в файле   80-252312810
На строке 16204   в файле   80-261095584
На строке 16205   в файле   80-252313131
На строке 16206   в файле   80-261273122
На строке 16207   в файле   80-252512811
На строке 16208   в файле   80-259649104
На строке 16209   в файле   80-252512933
На строке 16210   в файле   80-259649320
На строке 16211   в файле   80-252598276
На строке 16212   в файле   80-259648858
На строке 16213   в файле   80-261095126
На строке 16214   в файле   80-261260839
На строке 16215   в файле   80-261109578
На строке 16216   в файле   80-252314119
На строке 16217   в файле   80-251210015
На строке 16218   в файле   80-252315630
На строке 16219   в файле   80-245291725
На строке 16220   в файле   80-251244339
На строке 16221   в файле   80-252318435
На строке 16222   в файле   80-251284777
На строке 16223   в файле   80-251285414
На строке 16224   в файле   80-245403823
На строке 16225   в файле   80-245404142
На строке 16226   в файле   80-260530336
На строке 16227   в файле   80-249623214
На строке 16228   в файле   80-249626552
На строке 16229   в файле   80-249632971
На строке 16230   в файле   80-249638187
На строке 16231   в файле   80-252117524
На строке 16232   в файле   80-249648285
На строке 16233   в файле   80-249649412
На строке 16234   в файле   80-249649439
На строке 16235   в файле   80-260530762
На строке 16236   в файле   80-260530536
На строке 16237   в файле   80-260530847
На строке 16238   в файле   80-260530827
На строке 16239   в файле   80-260531296
На строке 16240   в файле   80-260530988
На строке 16241   в файле   80-260531104
На строке 16242   в файле   80-260531442
На строке 16243   в файле   80-260531923
На строке 16244   в файле   80-260532053
На строке 16245   в файле   80-249623225
На строке 16246   в файле   80-249623703
На строке 16247   в файле   80-249623743
На строке 16248   в файле   80-251023759
На строке 16249   в файле   80-249624220
На строке 16250   в файле   80-249624585
На строке 16251   в файле   80-249624984
На строке 16252   в файле   80-249625081
На строке 16253   в файле   80-249625512
На строке 16254   в файле   80-249625400
На строке 16255   в файле   80-259163785
На строке 16256   в файле   80-249628028
На строке 16257   в файле   80-249628479
На строке 16258   в файле   80-251024324
На строке 16259   в файле   80-249630548
На строке 16260   в файле   80-249630509
На строке 16261   в файле   80-249631202
На строке 16262   в файле   80-251026030
На строке 16263   в файле   80-251025736
На строке 16264   в файле   80-249632666
На строке 16265   в файле   80-249633004
На строке 16266   в файле   80-252584136
На строке 16267   в файле   80-249634134
На строке 16268   в файле   80-249634365
На строке 16269   в файле   80-252494748
На строке 16270   в файле   80-249636266
На строке 16271   в файле   80-249636262
На строке 16272   в файле   80-249636311
На строке 16273   в файле   80-249636864
На строке 16274   в файле   80-249637539
На строке 16275   в файле   80-249639009
На строке 16276   в файле   80-249639179
На строке 16277   в файле   80-251027648
На строке 16278   в файле   80-249639350
На строке 16279   в файле   80-252117172
На строке 16280   в файле   80-249640254
На строке 16281   в файле   80-249642016
На строке 16282   в файле   80-249642671
На строке 16283   в файле   80-249642879
На строке 16284   в файле   80-249643171
На строке 16285   в файле   80-251030505
На строке 16286   в файле   80-252117833
На строке 16287   в файле   80-249644596
На строке 16289   в файле   80-249644790
На строке 16290   в файле   80-252117780
На строке 16291   в файле   80-249645355
На строке 16292   в файле   80-249646012
На строке 16293   в файле   80-249646342
На строке 16294   в файле   80-249646827
На строке 16295   в файле   80-249648537
На строке 16296   в файле   80-249648911
На строке 16297   в файле   80-261228327
На строке 16298   в файле   80-252117671
На строке 16299   в файле   80-260529640
На строке 16300   в файле   80-259206729
На строке 16301   в файле   80-249627725
На строке 16302   в файле   80-249632279
На строке 16303   в файле   80-249637863
На строке 16304   в файле   80-249642610
На строке 16305   в файле   80-249645787
На строке 16306   в файле   80-249648261
На строке 16307   в файле   80-249648871
На строке 16308   в файле   80-261228081
На строке 16309   в файле   80-260529942
На строке 16310   в файле   80-260529560
На строке 16311   в файле   80-260529711
На строке 16312   в файле   80-260530128
На строке 16313   в файле   80-260530255
На строке 16314   в файле   80-260530069
На строке 16315   в файле   80-260530272
На строке 16316   в файле   80-260530712
На строке 16317   в файле   80-261228259
На строке 16318   в файле   80-249623338
На строке 16319   в файле   80-249624200
На строке 16320   в файле   80-249624114
На строке 16321   в файле   80-249624141
На строке 16322   в файле   80-249625137
На строке 16323   в файле   80-249624621
На строке 16324   в файле   80-249625026
На строке 16325   в файле   80-249625943
На строке 16326   в файле   80-249626554
На строке 16327   в файле   80-260764991
На строке 16328   в файле   80-249628125
На строке 16329   в файле   80-252116424
На строке 16330   в файле   80-251025219
На строке 16331   в файле   80-249630495
На строке 16332   в файле   80-249630508
На строке 16333   в файле   80-249631201
На строке 16334   в файле   80-249631238
На строке 16335   в файле   80-249631926
На строке 16336   в файле   80-249631916
На строке 16337   в файле   80-249632284
На строке 16338   в файле   80-249632593
На строке 16339   в файле   80-249633342
На строке 16340   в файле   80-249633709
На строке 16341   в файле   80-249634319
На строке 16342   в файле   80-249634299
На строке 16343   в файле   80-252117085
На строке 16344   в файле   80-251028423
На строке 16345   в файле   80-249635935
На строке 16346   в файле   80-249636895
На строке 16347   в файле   80-249637178
На строке 16348   в файле   80-249638110
На строке 16349   в файле   80-249638516
На строке 16350   в файле   80-249638718
На строке 16351   в файле   80-249639340
На строке 16352   в файле   80-249639386
На строке 16353   в файле   80-249639961
На строке 16354   в файле   80-249639954
На строке 16355   в файле   80-251029088
На строке 16356   в файле   80-249641658
На строке 16357   в файле   80-249642005
На строке 16358   в файле   80-251029996
На строке 16359   в файле   80-249643180
На строке 16360   в файле   80-249643389
На строке 16361   в файле   80-249643692
На строке 16362   в файле   80-249643695
На строке 16363   в файле   80-249643955
На строке 16364   в файле   80-249644208
На строке 16365   в файле   80-249644574
На строке 16366   в файле   80-249644761
На строке 16367   в файле   80-249645358
На строке 16368   в файле   80-249645854
На строке 16369   в файле   80-249646617
На строке 16370   в файле   80-251031723
На строке 16371   в файле   80-260529406
На строке 16372   в файле   80-260531580
На строке 16373   в файле   80-252116590
На строке 16374   в файле   80-249631282
На строке 16375   в файле   80-249636903
На строке 16376   в файле   80-249642631
На строке 16377   в файле   80-249646892
На строке 16378   в файле   80-249650530
На строке 16379   в файле   80-249651080
На строке 16380   в файле   80-249651076
На строке 16381   в файле   80-260531687
На строке 16382   в файле   80-260531863
На строке 16383   в файле   80-260531848
На строке 16384   в файле   80-260532092
На строке 16385   в файле   80-260532551
На строке 16386   в файле   80-260532411
На строке 16387   в файле   80-260532485
На строке 16388   в файле   80-260532498
На строке 16389   в файле   80-260532616
На строке 16390   в файле   80-260532605
На строке 16391   в файле   80-249625938
На строке 16392   в файле   80-249626566
На строке 16393   в файле   80-249626987
На строке 16394   в файле   80-249627306
На строке 16395   в файле   80-249627329
На строке 16396   в файле   80-249628032
На строке 16397   в файле   80-251024967
На строке 16398   в файле   80-249630019
На строке 16399   в файле   80-249630487
На строке 16400   в файле   80-249630872
На строке 16401   в файле   80-251027048
На строке 16402   в файле   80-251026365
На строке 16403   в файле   80-249632643
На строке 16404   в файле   80-249633032
На строке 16405   в файле   80-249633408
На строке 16406   в файле   80-249634390
На строке 16407   в файле   80-251027406
На строке 16408   в файле   80-249634596
На строке 16409   в файле   80-249636258
На строке 16410   в файле   80-249636883
На строке 16411   в файле   80-249637527
На строке 16412   в файле   80-249638112
На строке 16413   в файле   80-249638089
На строке 16414   в файле   80-249638712
На строке 16415   в файле   80-249639781
На строке 16416   в файле   80-251028612
На строке 16417   в файле   80-249640055
На строке 16418   в файле   80-251029968
На строке 16419   в файле   80-249642003
На строке 16420   в файле   80-249642047
На строке 16421   в файле   80-249642289
На строке 16422   в файле   80-249643173
На строке 16423   в файле   80-249643693
На строке 16424   в файле   80-249643974
На строке 16425   в файле   80-252117341
На строке 16426   в файле   80-251031201
На строке 16427   в файле   80-252117450
На строке 16428   в файле   80-249645297
На строке 16429   в файле   80-249645847
На строке 16430   в файле   80-249646027
На строке 16431   в файле   80-249646379
На строке 16432   в файле   80-251031876
На строке 16433   в файле   80-249648013
На строке 16434   в файле   80-249648298
На строке 16435   в файле   80-249648868
На строке 16436   в файле   80-249648858
На строке 16437   в файле   80-249649451
На строке 16438   в файле   80-249649436
На строке 16439   в файле   80-249649991
На строке 16440   в файле   80-252119174
На строке 16441   в файле   80-249649922
На строке 16442   в файле   80-249650524
На строке 16443   в файле   80-249650214
На строке 16444   в файле   80-249650821
На строке 16445   в файле   80-260531326
На строке 16446   в файле   80-261169005
На строке 16447   в файле   80-252047302
На строке 16448   в файле   80-250855630
На строке 16449   в файле   80-252052191
На строке 16450   в файле   80-250862329
На строке 16451   в файле   80-252053299
На строке 16452   в файле   80-250864882
На строке 16453   в файле   80-250865245
На строке 16454   в файле   80-250865376
На строке 16455   в файле   80-260144455
На строке 16456   в файле   80-260144523
На строке 16457   в файле   80-260144658
На строке 16458   в файле   80-260144673
На строке 16459   в файле   80-260145198
На строке 16460   в файле   80-260145799
На строке 16461   в файле   80-260146305
На строке 16462   в файле   80-260147092
На строке 16463   в файле   80-260147227
На строке 16464   в файле   80-261169726
На строке 16465   в файле   80-252047775
На строке 16466   в файле   80-252458801
На строке 16467   в файле   80-250850123
На строке 16468   в файле   80-250850122
На строке 16469   в файле   80-250850439
На строке 16470   в файле   80-250851000
На строке 16471   в файле   80-252459695
На строке 16472   в файле   80-252616603
На строке 16473   в файле   80-252460558
На строке 16474   в файле   80-250853979
На строке 16475   в файле   80-250856318
На строке 16476   в файле   80-250856781
На строке 16477   в файле   80-250856796
На строке 16478   в файле   80-250857605
На строке 16479   в файле   80-250858119
На строке 16480   в файле   80-250858477
На строке 16481   в файле   80-250858982
На строке 16482   в файле   80-250859144
На строке 16483   в файле   80-252051949
На строке 16484   в файле   80-252051898
На строке 16485   в файле   80-250860100
На строке 16486   в файле   80-250860490
На строке 16487   в файле   80-252052320
На строке 16488   в файле   80-250860635
На строке 16489   в файле   80-250860817
На строке 16490   в файле   80-250861330
На строке 16491   в файле   80-250861195
На строке 16492   в файле   80-252052469
На строке 16493   в файле   80-250861361
На строке 16494   в файле   80-252052749
На строке 16495   в файле   80-250862693
На строке 16496   в файле   80-250863086
На строке 16497   в файле   80-250863259
На строке 16498   в файле   80-250863596
На строке 16499   в файле   80-250863741
На строке 16500   в файле   80-252053125
На строке 16501   в файле   80-250863726
На строке 16502   в файле   80-250864204
На строке 16503   в файле   80-252053223
На строке 16504   в файле   80-250864686
На строке 16505   в файле   80-252458813
На строке 16506   в файле   80-261168887
На строке 16507   в файле   80-260143575
На строке 16508   в файле   80-261170522
На строке 16509   в файле   80-250848301
На строке 16510   в файле   80-250855694
На строке 16511   в файле   80-250859736
На строке 16512   в файле   80-252052713
На строке 16513   в файле   80-250864889
На строке 16514   в файле   80-250865609
На строке 16515   в файле   80-252053605
На строке 16516   в файле   80-250866253
На строке 16517   в файле   80-260150588
На строке 16518   в файле   80-260150639
На строке 16519   в файле   80-260150688
На строке 16520   в файле   80-260150719
На строке 16521   в файле   80-260150828
На строке 16522   в файле   80-260150892
На строке 16523   в файле   80-260150909
На строке 16524   в файле   80-260150989
На строке 16525   в файле   80-261170654
На строке 16526   в файле   80-260151255
На строке 16527   в файле   80-252045867
На строке 16528   в файле   80-250849521
На строке 16529   в файле   80-250850733
На строке 16530   в файле   80-250851291
На строке 16531   в файле   80-252049809
На строке 16532   в файле   80-250853438
На строке 16533   в файле   80-250853410
На строке 16534   в файле   80-250854509
На строке 16535   в файле   80-250854519
На строке 16536   в файле   80-252460528
На строке 16537   в файле   80-250856482
На строке 16538   в файле   80-252050619
На строке 16539   в файле   80-252050843
На строке 16540   в файле   80-250857433
На строке 16541   в файле   80-250857583
На строке 16542   в файле   80-250858102
На строке 16543   в файле   80-252051489
На строке 16544   в файле   80-252051488
На строке 16545   в файле   80-250858943
На строке 16546   в файле   80-252051896
На строке 16547   в файле   80-250859729
На строке 16548   в файле   80-250859915
На строке 16549   в файле   80-250860141
На строке 16550   в файле   80-252052163
На строке 16551   в файле   80-250860604
На строке 16552   в файле   80-250860463
На строке 16553   в файле   80-252052236
На строке 16554   в файле   80-250860847
На строке 16555   в файле   80-250860962
На строке 16556   в файле   80-252052435
На строке 16557   в файле   80-250862331
На строке 16558   в файле   80-250862710
На строке 16559   в файле   80-250862723
На строке 16560   в файле   80-250863070
На строке 16561   в файле   80-250863449
На строке 16562   в файле   80-252053032
На строке 16563   в файле   80-250863935
На строке 16564   в файле   80-250864115
На строке 16565   в файле   80-250864325
На строке 16566   в файле   80-250864469
На строке 16567   в файле   80-250864598
На строке 16568   в файле   80-250865050
На строке 16569   в файле   80-250848080
На строке 16570   в файле   80-260150281
На строке 16571   в файле   80-260150349
На строке 16572   в файле   80-260137062
На строке 16573   в файле   80-252052579
На строке 16574   в файле   80-260136377
На строке 16575   в файле   80-260136843
На строке 16576   в файле   80-260152178
На строке 16577   в файле   80-250863450
На строке 16578   в файле   80-252461450
На строке 16579   в файле   80-252054093
На строке 16580   в файле   80-250870165
На строке 16581   в файле   80-250872298
На строке 16582   в файле   80-252055161
На строке 16583   в файле   80-250872585
На строке 16584   в файле   80-250872912
На строке 16585   в файле   80-261170892
На строке 16586   в файле   80-260152344
На строке 16587   в файле   80-261265668
На строке 16588   в файле   80-261171054
На строке 16589   в файле   80-260152362
На строке 16590   в файле   80-260152542
На строке 16591   в файле   80-260152550
На строке 16592   в файле   80-260152478
На строке 16593   в файле   80-260152515
На строке 16594   в файле   80-260152772
На строке 16595   в файле   80-250863438
На строке 16596   в файле   80-250863737
На строке 16597   в файле   80-250864947
На строке 16598   в файле   80-250865238
На строке 16599   в файле   80-250865268
На строке 16600   в файле   80-252053452
На строке 16601   в файле   80-252053639
На строке 16602   в файле   80-250865976
На строке 16603   в файле   80-250866245
На строке 16604   в файле   80-250866576
На строке 16605   в файле   80-252461288
На строке 16606   в файле   80-252460614
На строке 16607   в файле   80-250866991
На строке 16608   в файле   80-250867316
На строке 16609   в файле   80-250867264
На строке 16610   в файле   80-252460946
На строке 16611   в файле   80-252053899
На строке 16612   в файле   80-252053904
На строке 16613   в файле   80-250868119
На строке 16614   в файле   80-250868278
На строке 16615   в файле   80-250868279
На строке 16616   в файле   80-250868768
На строке 16617   в файле   80-250868765
На строке 16618   в файле   80-250868780
На строке 16619   в файле   80-252054290
На строке 16620   в файле   80-250869105
На строке 16621   в файле   80-250869544
На строке 16622   в файле   80-250869534
На строке 16623   в файле   80-250869893
На строке 16624   в файле   80-250869862
На строке 16625   в файле   80-250870166
На строке 16626   в файле   80-250870170
На строке 16627   в файле   80-250870511
На строке 16628   в файле   80-250870871
На строке 16629   в файле   80-250871203
На строке 16630   в файле   80-250871242
На строке 16631   в файле   80-252054673
На строке 16632   в файле   80-250862336
На строке 16633   в файле   80-260151997
На строке 16634   в файле   80-252052924
На строке 16635   в файле   80-260152297
На строке 16636   в файле   80-260152033
На строке 16637   в файле   80-260152088
На строке 16638   в файле   80-260155772
На строке 16639   в файле   80-252054291
На строке 16640   в файле   80-252055396
На строке 16641   в файле   80-250875458
На строке 16642   в файле   80-252057099
На строке 16643   в файле   80-252057553
На строке 16644   в файле   80-250881173
На строке 16645   в файле   80-250882616
На строке 16646   в файле   80-250884236
На строке 16647   в файле   80-261171940
На строке 16648   в файле   80-260157079
На строке 16649   в файле   80-260157093
На строке 16650   в файле   80-260157258
На строке 16651   в файле   80-260157322
На строке 16652   в файле   80-260157403
На строке 16653   в файле   80-261172333
На строке 16654   в файле   80-260157609
На строке 16655   в файле   80-261172150
На строке 16656   в файле   80-260157635
На строке 16657   в файле   80-250869532
На строке 16658   в файле   80-250869855
На строке 16659   в файле   80-252054443
На строке 16660   в файле   80-252054566
На строке 16661   в файле   80-250870521
На строке 16662   в файле   80-250870544
На строке 16663   в файле   80-250870842
На строке 16664   в файле   80-252054569
На строке 16665   в файле   80-250871303
На строке 16666   в файле   80-250871988
На строке 16667   в файле   80-252055448
На строке 16668   в файле   80-252461737
На строке 16669   в файле   80-250873786
На строке 16670   в файле   80-250873662
На строке 16671   в файле   80-252462097
На строке 16672   в файле   80-250874169
На строке 16673   в файле   80-250873901
На строке 16674   в файле   80-250874361
На строке 16675   в файле   80-250874478
На строке 16676   в файле   80-252056393
На строке 16677   в файле   80-252056385
На строке 16678   в файле   80-250874907
На строке 16679   в файле   80-250875778
На строке 16680   в файле   80-250876089
На строке 16681   в файле   80-250876229
На строке 16682   в файле   80-252056705
На строке 16683   в файле   80-250876361
На строке 16684   в файле   80-250876552
На строке 16685   в файле   80-250876814
На строке 16686   в файле   80-250877108
На строке 16687   в файле   80-250877106
На строке 16688   в файле   80-250876964
На строке 16689   в файле   80-250877537
На строке 16690   в файле   80-250877847
На строке 16691   в файле   80-250878267
На строке 16692   в файле   80-250878270
На строке 16693   в файле   80-250878544
На строке 16694   в файле   80-250878570
На строке 16695   в файле   80-250878829
На строке 16696   в файле   80-250878863
На строке 16697   в файле   80-250879149
На строке 16698   в файле   80-250879443
На строке 16699   в файле   80-250879447
На строке 16700   в файле   80-250879574
На строке 16701   в файле   80-250879702
На строке 16702   в файле   80-250879877
На строке 16703   в файле   80-252057653
На строке 16704   в файле   80-250880178
На строке 16705   в файле   80-250880311
На строке 16706   в файле   80-250880586
На строке 16707   в файле   80-250880749
На строке 16708   в файле   80-252057872
На строке 16709   в файле   80-250881042
На строке 16710   в файле   80-250881720
На строке 16711   в файле   80-250881987
На строке 16712   в файле   80-250881967
На строке 16713   в файле   80-250881900
На строке 16714   в файле   80-252058235
На строке 16715   в файле   80-252058333
На строке 16716   в файле   80-250882326
На строке 16717   в файле   80-250882509
На строке 16718   в файле   80-252462496
На строке 16719   в файле   80-250882624
На строке 16720   в файле   80-252058622
На строке 16721   в файле   80-252058639
На строке 16722   в файле   80-252058736
На строке 16723   в файле   80-250883575
На строке 16724   в файле   80-252058847
На строке 16725   в файле   80-250883581
На строке 16726   в файле   80-250883876
На строке 16727   в файле   80-250883702
На строке 16728   в файле   80-250883848
На строке 16729   в файле   80-252058952
На строке 16730   в файле   80-252462960
На строке 16731   в файле   80-250884244
На строке 16732   в файле   80-250884886
На строке 16733   в файле   80-250885064
На строке 16734   в файле   80-250885195
На строке 16735   в файле   80-252059535
На строке 16736   в файле   80-250885355
На строке 16737   в файле   80-252059510
На строке 16738   в файле   80-250885354
На строке 16739   в файле   80-250885347
На строке 16740   в файле   80-260156057
На строке 16741   в файле   80-260156095
На строке 16742   в файле   80-260156395
На строке 16743   в файле   80-260156260
На строке 16744   в файле   80-261171943
На строке 16745   в файле   80-260156627
На строке 16746   в файле   80-260156784
На строке 16747   в файле   80-261265756
На строке 16748   в файле   80-260156873
На строке 16749   в файле   80-261171774
На строке 16750   в файле   80-260154846
На строке 16751   в файле   80-252054913
На строке 16752   в файле   80-252056133
На строке 16753   в файле   80-250875804
На строке 16754   в файле   80-250877393
На строке 16755   в файле   80-250879254
На строке 16756   в файле   80-252057970
На строке 16757   в файле   80-250882223
На строке 16758   в файле   80-250883857
На строке 16759   в файле   80-260154944
На строке 16760   в файле   80-260155860
На строке 16761   в файле   80-260157912
На строке 16762   в файле   80-261172543
На строке 16763   в файле   80-260161581
На строке 16764   в файле   80-260163169
На строке 16765   в файле   80-260164815
На строке 16766   в файле   80-260167645
На строке 16767   в файле   80-260169889
На строке 16768   в файле   80-260170993
На строке 16769   в файле   80-250872174
На строке 16770   в файле   80-252055128
На строке 16771   в файле   80-250872434
На строке 16772   в файле   80-250872756
На строке 16773   в файле   80-252461739
На строке 16774   в файле   80-250873055
На строке 16775   в файле   80-250873212
На строке 16776   в файле   80-250873498
На строке 16777   в файле   80-250873681
На строке 16778   в файле   80-252056007
На строке 16779   в файле   80-250874339
На строке 16780   в файле   80-250874620
На строке 16781   в файле   80-250874774
На строке 16782   в файле   80-250874784
На строке 16783   в файле   80-250874905
На строке 16784   в файле   80-250875169
На строке 16785   в файле   80-250875179
На строке 16786   в файле   80-252056469
На строке 16787   в файле   80-250875456
На строке 16788   в файле   80-250875321
На строке 16789   в файле   80-250875786
На строке 16790   в файле   80-250875943
На строке 16791   в файле   80-250876350
На строке 16792   в файле   80-252056865
На строке 16793   в файле   80-252056855
На строке 16794   в файле   80-250876685
На строке 16795   в файле   80-252056969
На строке 16796   в файле   80-250877301
На строке 16797   в файле   80-250877405
На строке 16798   в файле   80-250877253
На строке 16799   в файле   80-250877590
На строке 16800   в файле   80-250877652
На строке 16801   в файле   80-250877970
На строке 16802   в файле   80-252057215
На строке 16803   в файле   80-252057320
На строке 16804   в файле   80-250878539
На строке 16805   в файле   80-250878827
На строке 16806   в файле   80-250878850
На строке 16807   в файле   80-250879147
На строке 16808   в файле   80-252057414
На строке 16809   в файле   80-252462205
На строке 16810   в файле   80-250879896
На строке 16811   в файле   80-250880036
На строке 16812   в файле   80-250880343
На строке 16813   в файле   80-250880466
На строке 16814   в файле   80-250880624
На строке 16815   в файле   80-252057683
На строке 16816   в файле   80-252058059
На строке 16817   в файле   80-250880882
На строке 16818   в файле   80-250881168
На строке 16819   в файле   80-252058112
На строке 16820   в файле   80-250881297
На строке 16821   в файле   80-250881453
На строке 16822   в файле   80-250881290
На строке 16823   в файле   80-250881436
На строке 16824   в файле   80-250881632
На строке 16825   в файле   80-250881576
На строке 16826   в файле   80-250881757
На строке 16827   в файле   80-252058105
На строке 16828   в файле   80-252058342
На строке 16829   в файле   80-250881965
На строке 16830   в файле   80-250882381
На строке 16831   в файле   80-250882322
На строке 16832   в файле   80-250882662
На строке 16833   в файле   80-252058357
На строке 16834   в файле   80-252058534
На строке 16835   в файле   80-252058562
На строке 16836   в файле   80-250882795
На строке 16837   в файле   80-250883442
На строке 16838   в файле   80-250883584
На строке 16839   в файле   80-252058750
На строке 16840   в файле   80-252058855
На строке 16841   в файле   80-250883951
На строке 16842   в файле   80-250884124
На строке 16843   в файле   80-252462598
На строке 16844   в файле   80-250884102
На строке 16845   в файле   80-252462989
На строке 16846   в файле   80-252463071
На строке 16847   в файле   80-252059410
На строке 16848   в файле   80-250885089
На строке 16849   в файле   80-250885090
На строке 16850   в файле   80-260155035
На строке 16851   в файле   80-260155173
На строке 16852   в файле   80-260155166
На строке 16853   в файле   80-260155333
На строке 16854   в файле   80-260155408
На строке 16855   в файле   80-260155371
На строке 16856   в файле   80-260155513
На строке 16857   в файле   80-260155657
На строке 16858   в файле   80-260155586
На строке 16859   в файле   80-260155810
На строке 16860   в файле   80-260155888
На строке 16861   в файле   80-260156022
На строке 16862   в файле   80-260156066
На строке 16863   в файле   80-261265617
На строке 16864   в файле   80-260156287
На строке 16865   в файле   80-260156327
На строке 16866   в файле   80-260156552
На строке 16867   в файле   80-260156560
На строке 16868   в файле   80-260156617
На строке 16869   в файле   80-260156820
На строке 16870   в файле   80-260157914
На строке 16871   в файле   80-260157983
На строке 16872   в файле   80-260158253
На строке 16873   в файле   80-260158255
На строке 16874   в файле   80-260158254
На строке 16875   в файле   80-261172358
На строке 16876   в файле   80-260158422
На строке 16877   в файле   80-260158576
На строке 16878   в файле   80-260158808
На строке 16879   в файле   80-260159084
На строке 16880   в файле   80-260159308
На строке 16881   в файле   80-260159657
На строке 16882   в файле   80-261172502
На строке 16883   в файле   80-260160316
На строке 16884   в файле   80-260160472
На строке 16885   в файле   80-260160620
На строке 16886   в файле   80-261172625
На строке 16887   в файле   80-260160616
На строке 16888   в файле   80-260161199
На строке 16889   в файле   80-261172875
На строке 16890   в файле   80-260161716
На строке 16891   в файле   80-261172938
На строке 16892   в файле   80-260162089
На строке 16893   в файле   80-260162027
На строке 16894   в файле   80-260162514
На строке 16895   в файле   80-260162361
На строке 16896   в файле   80-260162511
На строке 16897   в файле   80-260162739
На строке 16898   в файле   80-260163095
На строке 16899   в файле   80-260163120
На строке 16900   в файле   80-260163521
На строке 16901   в файле   80-260163472
На строке 16902   в файле   80-260163805
На строке 16903   в файле   80-261173098
На строке 16904   в файле   80-260164071
На строке 16905   в файле   80-260164108
На строке 16906   в файле   80-260164221
На строке 16907   в файле   80-261172926
На строке 16908   в файле   80-260164538
На строке 16909   в файле   80-260164754
На строке 16910   в файле   80-260164796
На строке 16911   в файле   80-260165192
На строке 16913   в файле   80-260165274
На строке 16914   в файле   80-260165556
На строке 16915   в файле   80-260165700
На строке 16916   в файле   80-260166304
На строке 16917   в файле   80-260166705
На строке 16918   в файле   80-260166897
На строке 16919   в файле   80-260167271
На строке 16920   в файле   80-260167642
На строке 16921   в файле   80-260168183
На строке 16922   в файле   80-260168166
На строке 16923   в файле   80-260168176
На строке 16924   в файле   80-260168728
На строке 16925   в файле   80-260168683
На строке 16926   в файле   80-260168701
На строке 16927   в файле   80-260169322
На строке 16928   в файле   80-260169318
На строке 16929   в файле   80-260169325
На строке 16930   в файле   80-260169575
На строке 16931   в файле   80-260170097
На строке 16932   в файле   80-250871143
На строке 16933   в файле   80-260154480
На строке 16934   в файле   80-252054912
На строке 16935   в файле   80-260154787
На строке 16936   в файле   80-260154638
На строке 16937   в файле   80-260153340
На строке 16938   в файле   80-250872461
На строке 16939   в файле   80-252056381
На строке 16940   в файле   80-252056852
На строке 16941   в файле   80-250878246
На строке 16942   в файле   80-250880173
На строке 16943   в файле   80-250880801
На строке 16944   в файле   80-250880942
На строке 16945   в файле   80-252057878
На строке 16946   в файле   80-260153389
На строке 16947   в файле   80-261171324
На строке 16948   в файле   80-260153470
На строке 16949   в файле   80-260153604
На строке 16950   в файле   80-260153768
На строке 16951   в файле   80-260153784
На строке 16952   в файле   80-260153843
На строке 16953   в файле   80-260154033
На строке 16954   в файле   80-260154069
На строке 16955   в файле   80-260154084
На строке 16956   в файле   80-261171452
На строке 16957   в файле   80-260154129
На строке 16958   в файле   80-252461437
На строке 16959   в файле   80-250872758
На строке 16960   в файле   80-250873073
На строке 16962   в файле   80-250873375
На строке 16963   в файле   80-250873640
На строке 16964   в файле   80-252056135
На строке 16965   в файле   80-250873903
На строке 16966   в файле   80-252056132
На строке 16967   в файле   80-250874466
На строке 16968   в файле   80-252056249
На строке 16969   в файле   80-250874627
На строке 16970   в файле   80-250875046
На строке 16971   в файле   80-250875168
На строке 16972   в файле   80-250875460
На строке 16973   в файле   80-252056633
На строке 16974   в файле   80-252056649
На строке 16975   в файле   80-252056661
На строке 16976   в файле   80-250875629
На строке 16977   в файле   80-250876055
На строке 16978   в файле   80-250876129
На строке 16979   в файле   80-250876540
На строке 16980   в файле   80-250876694
На строке 16981   в файле   80-250877004
На строке 16982   в файле   80-250876822
На строке 16983   в файле   80-252057101
На строке 16984   в файле   80-252057103
На строке 16985   в файле   80-250877687
На строке 16986   в файле   80-250877978
На строке 16987   в файле   80-250877981
На строке 16988   в файле   80-250878157
На строке 16989   в файле   80-252057313
На строке 16990   в файле   80-250878547
На строке 16991   в файле   80-252057315
На строке 16992   в файле   80-250879146
На строке 16993   в файле   80-250879485
На строке 16994   в файле   80-252057585
На строке 16995   в файле   80-250879766
На строке 16996   в файле   80-252057775
На строке 16997   в файле   80-252462325
На строке 16998   в файле   80-250880067
На строке 16999   в файле   80-250880480
На строке 17000   в файле   80-250872160
На строке 17001   в файле   80-260153065
На строке 17002   в файле   80-261171232
На строке 17003   в файле   80-260535941
На строке 17004   в файле   80-260536060
На строке 17005   в файле   80-260540843
На строке 17006   в файле   80-260541737
На строке 17007   в файле   80-260536761
На строке 17008   в файле   80-260544374
На строке 17009   в файле   80-261228667
На строке 17010   в файле   80-249652972
На строке 17011   в файле   80-249653603
На строке 17012   в файле   80-249654037
На строке 17013   в файле   80-249658676
На строке 17014   в файле   80-249661701
На строке 17015   в файле   80-252119172
На строке 17016   в файле   80-249654045
На строке 17017   в файле   80-249657068
На строке 17018   в файле   80-249660461
На строке 17019   в файле   80-249662047
На строке 17020   в файле   80-249655083
На строке 17021   в файле   80-249660216
На строке 17022   в файле   80-249654074
На строке 17023   в файле   80-249657894
На строке 17024   в файле   80-249660460
На строке 17026   в файле   80-249660466
На строке 17027   в файле   80-251036898
На строке 17028   в файле   80-252495179
На строке 17029   в файле   80-249654565
На строке 17030   в файле   80-249655672
На строке 17031   в файле   80-249658370
На строке 17032   в файле   80-249660465
На строке 17034   в файле   80-249660825
На строке 17035   в файле   80-251036406
На строке 17036   в файле   80-249654763
На строке 17037   в файле   80-249658228
На строке 17038   в файле   80-249660815
На строке 17039   в файле   80-249661018
На строке 17040   в файле   80-249663154
На строке 17041   в файле   80-252118638
На строке 17042   в файле   80-249655160
На строке 17043   в файле   80-249658392
На строке 17044   в файле   80-249661212
На строке 17045   в файле   80-249661208
На строке 17046   в файле   80-249663164
На строке 17047   в файле   80-251033138
На строке 17048   в файле   80-249655088
На строке 17049   в файле   80-249658868
На строке 17050   в файле   80-249661192
На строке 17051   в файле   80-249661237
На строке 17052   в файле   80-249663563
На строке 17053   в файле   80-251033177
На строке 17054   в файле   80-249655636
На строке 17055   в файле   80-249657092
На строке 17056   в файле   80-249661382
На строке 17057   в файле   80-249661522
На строке 17058   в файле   80-251037791
На строке 17059   в файле   80-252119447
На строке 17060   в файле   80-260536222
На строке 17061   в файле   80-260536378
На строке 17062   в файле   80-260538999
На строке 17063   в файле   80-260541243
На строке 17064   в файле   80-260541920
На строке 17065   в файле   80-261228579
На строке 17066   в файле   80-260536573
На строке 17067   в файле   80-260536170
На строке 17068   в файле   80-260537341
На строке 17069   в файле   80-260538774
На строке 17070   в файле   80-260541489
На строке 17071   в файле   80-260542221
На строке 17072   в файле   80-260544420
На строке 17073   в файле   80-260536630
На строке 17074   в файле   80-260536734
На строке 17075   в файле   80-260542401
На строке 17076   в файле   80-260544598
На строке 17077   в файле   80-260537358
На строке 17078   в файле   80-260538984
На строке 17079   в файле   80-261228776
На строке 17080   в файле   80-260537092
На строке 17081   в файле   80-260537377
На строке 17082   в файле   80-260539227
На строке 17083   в файле   80-260542109
На строке 17084   в файле   80-260542532
На строке 17085   в файле   80-261228494
На строке 17086   в файле   80-260537097
На строке 17087   в файле   80-260539236
На строке 17088   в файле   80-260542107
На строке 17089   в файле   80-260544807
На строке 17090   в файле   80-260542875
На строке 17091   в файле   80-260537624
На строке 17092   в файле   80-260537316
На строке 17093   в файле   80-260537656
На строке 17094   в файле   80-260538996
На строке 17095   в файле   80-260542539
На строке 17096   в файле   80-260544855
На строке 17097   в файле   80-260542880
На строке 17098   в файле   80-260537887
На строке 17099   в файле   80-260537902
На строке 17100   в файле   80-260542576
На строке 17101   в файле   80-260542936
На строке 17102   в файле   80-260544708
На строке 17103   в файле   80-261228503
На строке 17104   в файле   80-260537922
На строке 17105   в файле   80-260538243
На строке 17106   в файле   80-260538466
На строке 17107   в файле   80-260539311
На строке 17108   в файле   80-260542725
На строке 17109   в файле   80-260542979
На строке 17110   в файле   80-260544812
На строке 17111   в файле   80-260538198
На строке 17112   в файле   80-260539598
На строке 17113   в файле   80-260542980
На строке 17114   в файле   80-260543400
На строке 17115   в файле   80-260545141
На строке 17116   в файле   80-260537928
На строке 17117   в файле   80-260538454
На строке 17118   в файле   80-260538486
На строке 17119   в файле   80-260539781
На строке 17120   в файле   80-260543331
На строке 17121   в файле   80-260544999
На строке 17122   в файле   80-249653930
На строке 17123   в файле   80-249654515
На строке 17124   в файле   80-249661864
На строке 17125   в файле   80-251035537
На строке 17126   в файле   80-249654189
На строке 17127   в файле   80-249655046
На строке 17128   в файле   80-249658956
На строке 17129   в файле   80-249661682
На строке 17130   в файле   80-251034764
На строке 17131   в файле   80-249654408
На строке 17132   в файле   80-249655061
На строке 17133   в файле   80-252119446
На строке 17134   в файле   80-252621897
На строке 17135   в файле   80-249654520
На строке 17136   в файле   80-249655310
На строке 17137   в файле   80-249662004
На строке 17138   в файле   80-251034851
На строке 17139   в файле   80-249654561
На строке 17140   в файле   80-249655616
На строке 17141   в файле   80-249662041
На строке 17142   в файле   80-249655645
На строке 17143   в файле   80-252119175
На строке 17144   в файле   80-251033185
На строке 17145   в файле   80-249656887
На строке 17146   в файле   80-249657116
На строке 17147   в файле   80-249657118
На строке 17148   в файле   80-249657071
На строке 17149   в файле   80-249657375
На строке 17150   в файле   80-249657887
На строке 17151   в файле   80-249657696
На строке 17152   в файле   80-249657659
На строке 17153   в файле   80-249657626
На строке 17154   в файле   80-249657674
На строке 17155   в файле   80-249652119
На строке 17156   в файле   80-260534378
На строке 17157   в файле   80-260534818
На строке 17158   в файле   80-249652641
На строке 17159   в файле   80-260535716
На строке 17160   в файле   80-260535735
На строке 17161   в файле   80-249652664
На строке 17162   в файле   80-260535355
На строке 17163   в файле   80-249652728
На строке 17164   в файле   80-260535704
На строке 17165   в файле   80-249652971
На строке 17166   в файле   80-260535550
На строке 17167   в файле   80-249653210
На строке 17168   в файле   80-260535904
На строке 17169   в файле   80-249653306
На строке 17170   в файле   80-260535362
На строке 17171   в файле   80-249653217
На строке 17172   в файле   80-260538719
На строке 17173   в файле   80-249658192
На строке 17174   в файле   80-260540145
На строке 17175   в файле   80-249658366
На строке 17176   в файле   80-260540546
На строке 17177   в файле   80-249658604
На строке 17178   в файле   80-260540323
На строке 17179   в файле   80-249658873
На строке 17180   в файле   80-260540847
На строке 17181   в файле   80-249658892
На строке 17182   в файле   80-260540698
На строке 17183   в файле   80-249659115
На строке 17184   в файле   80-260541067
На строке 17185   в файле   80-249661350
На строке 17186   в файле   80-260544009
На строке 17187   в файле   80-249661579
На строке 17188   в файле   80-260544349
На строке 17189   в файле   80-249661550
На строке 17190   в файле   80-260544503
На строке 17191   в файле   80-249661732
На строке 17192   в файле   80-260544202
На строке 17193   в файле   80-249658187
На строке 17194   в файле   80-260539763
На строке 17195   в файле   80-251034037
На строке 17196   в файле   80-260540296
На строке 17197   в файле   80-252495110
На строке 17198   в файле   80-260534812
На строке 17199   в файле   80-260534310
На строке 17200   в файле   80-260534346
На строке 17201   в файле   80-260535060
На строке 17202   в файле   80-260538645
На строке 17203   в файле   80-260544208
На строке 17204   в файле   80-260539821
На строке 17205   в файле   80-260540142
На строке 17206   в файле   80-260543320
На строке 17207   в файле   80-260788844
На строке 17208   в файле   80-260789404
На строке 17209   в файле   80-243897873
На строке 17210   в файле   80-249921882
На строке 17211   в файле   80-249921985
На строке 17212   в файле   80-244690768
На строке 17213   в файле   80-249922097
На строке 17214   в файле   80-244696173
На строке 17215   в файле   80-249922437
На строке 17216   в файле   80-260789241
На строке 17217   в файле   80-260789377
На строке 17218   в файле   80-260789397
На строке 17219   в файле   80-260789596
На строке 17220   в файле   80-260790074
На строке 17221   в файле   80-260789935
На строке 17222   в файле   80-260789955
На строке 17223   в файле   80-261244424
На строке 17224   в файле   80-249921602
На строке 17225   в файле   80-244679771
На строке 17226   в файле   80-243900277
На строке 17227   в файле   80-243902065
На строке 17228   в файле   80-249921714
На строке 17229   в файле   80-244685978
На строке 17230   в файле   80-243903348
На строке 17231   в файле   80-243904494
На строке 17232   в файле   80-249921892
На строке 17233   в файле   80-243906320
На строке 17234   в файле   80-244688366
На строке 17235   в файле   80-243908162
На строке 17236   в файле   80-244672328
На строке 17237   в файле   80-249921388
На строке 17238   в файле   80-260788533
На строке 17239   в файле   80-259245727
На строке 17240   в файле   80-260789385
На строке 17241   в файле   80-252195942
На строке 17242   в файле   80-249901289
На строке 17243   в файле   80-252204027
На строке 17244   в файле   80-249902678
На строке 17245   в файле   80-249902792
На строке 17246   в файле   80-252204714
На строке 17247   в файле   80-252635748
На строке 17248   в файле   80-252207693
На строке 17249   в файле   80-260748360
На строке 17250   в файле   80-260748395
На строке 17251   в файле   80-261242539
На строке 17252   в файле   80-260748615
На строке 17253   в файле   80-260748834
На строке 17254   в файле   80-260749114
На строке 17255   в файле   80-261242441
На строке 17256   в файле   80-260749353
На строке 17257   в файле   80-260749550
На строке 17258   в файле   80-260749617
На строке 17259   в файле   80-249899794
На строке 17260   в файле   80-249899786
На строке 17261   в файле   80-252197434
На строке 17262   в файле   80-252501490
На строке 17263   в файле   80-249900369
На строке 17264   в файле   80-249900528
На строке 17265   в файле   80-249900371
На строке 17266   в файле   80-252199675
На строке 17267   в файле   80-249900964
На строке 17268   в файле   80-249900954
На строке 17269   в файле   80-249901092
На строке 17270   в файле   80-252201426
На строке 17271   в файле   80-249901710
На строке 17272   в файле   80-249901895
На строке 17273   в файле   80-249902027
На строке 17274   в файле   80-252203454
На строке 17275   в файле   80-249902449
На строке 17276   в файле   80-249899408
На строке 17277   в файле   80-249899473
На строке 17278   в файле   80-260744695
На строке 17279   в файле   80-252195313
На строке 17280   в файле   80-260746272
На строке 17281   в файле   80-260743986
На строке 17282   в файле   80-260744253
На строке 17283   в файле   80-260744530
На строке 17284   в файле   80-260745208
На строке 17285   в файле   80-260745826
На строке 17286   в файле   80-260744789
На строке 17287   в файле   80-260745040
На строке 17288   в файле   80-260745462
На строке 17289   в файле   80-260746293
На строке 17290   в файле   80-260746809
На строке 17291   в файле   80-260745206
На строке 17292   в файле   80-249899969
На строке 17293   в файле   80-249902610
На строке 17294   в файле   80-249902668
На строке 17295   в файле   80-249902788
На строке 17296   в файле   80-252588881
На строке 17297   в файле   80-249903335
На строке 17298   в файле   80-249903390
На строке 17299   в файле   80-260745063
На строке 17300   в файле   80-260745529
На строке 17301   в файле   80-260745705
На строке 17302   в файле   80-260746336
На строке 17303   в файле   80-260746766
На строке 17304   в файле   80-260746515
На строке 17305   в файле   80-261242317
На строке 17306   в файле   80-260748359
На строке 17307   в файле   80-260748829
На строке 17308   в файле   80-261242417
На строке 17309   в файле   80-260748952
На строке 17310   в файле   80-252198126
На строке 17311   в файле   80-249900360
На строке 17312   в файле   80-249900527
На строке 17313   в файле   80-249900525
На строке 17314   в файле   80-252198870
На строке 17315   в файле   80-249900957
На строке 17316   в файле   80-249901083
На строке 17317   в файле   80-249901117
На строке 17318   в файле   80-249901222
На строке 17319   в файле   80-249901236
На строке 17320   в файле   80-249901254
На строке 17321   в файле   80-252501919
На строке 17322   в файле   80-252201297
На строке 17323   в файле   80-249901858
На строке 17324   в файле   80-249902023
На строке 17325   в файле   80-249902025
На строке 17326   в файле   80-252202854
На строке 17327   в файле   80-252203447
На строке 17328   в файле   80-249902443
На строке 17329   в файле   80-249899859
На строке 17330   в файле   80-260744502
На строке 17331   в файле   80-260744660
На строке 17332   в файле   80-260743713
На строке 17333   в файле   80-261242030
На строке 17334   в файле   80-249901849
На строке 17335   в файле   80-249902000
На строке 17336   в файле   80-252202175
На строке 17337   в файле   80-249902461
На строке 17338   в файле   80-249902601
На строке 17339   в файле   80-249902823
На строке 17340   в файле   80-252502421
На строке 17341   в файле   80-260743215
На строке 17342   в файле   80-260743582
На строке 17343   в файле   80-260743611
На строке 17344   в файле   80-261242029
На строке 17345   в файле   80-252501924
На строке 17346   в файле   80-260743138
На строке 17347   в файле   80-260743056
На строке 17348   в файле   80-260745741
На строке 17349   в файле   80-249903482
На строке 17350   в файле   80-249904050
На строке 17351   в файле   80-249904501
На строке 17352   в файле   80-249904528
На строке 17353   в файле   80-249904716
На строке 17354   в файле   80-249904668
На строке 17355   в файле   80-249904710
На строке 17356   в файле   80-249904816
На строке 17357   в файле   80-260746074
На строке 17358   в файле   80-260746270
На строке 17359   в файле   80-261242085
На строке 17360   в файле   80-260746841
На строке 17361   в файле   80-260747020
На строке 17362   в файле   80-261270819
На строке 17363   в файле   80-260747303
На строке 17364   в файле   80-260747094
На строке 17365   в файле   80-260747401
На строке 17366   в файле   80-252208463
На строке 17367   в файле   80-249903620
На строке 17368   в файле   80-252208530
На строке 17369   в файле   80-249903752
На строке 17370   в файле   80-249903742
На строке 17371   в файле   80-249903810
На строке 17372   в файле   80-249903822
На строке 17373   в файле   80-249903877
На строке 17374   в файле   80-249904012
На строке 17375   в файле   80-249904001
На строке 17376   в файле   80-252208988
На строке 17377   в файле   80-252209875
На строке 17378   в файле   80-249904203
На строке 17379   в файле   80-249904247
На строке 17380   в файле   80-249904371
На строке 17381   в файле   80-252209821
На строке 17382   в файле   80-249904355
На строке 17383   в файле   80-249904532
На строке 17384   в файле   80-249903400
На строке 17385   в файле   80-261242221
На строке 17386   в файле   80-260744736
На строке 17387   в файле   80-260745589
На строке 17388   в файле   80-260725888
На строке 17389   в файле   80-249892432
На строке 17390   в файле   80-249894815
На строке 17391   в файле   80-249896237
На строке 17392   в файле   80-249896333
На строке 17393   в файле   80-249896501
На строке 17394   в файле   80-249896530
На строке 17395   в файле   80-249896881
На строке 17396   в файле   80-249897057
На строке 17397   в файле   80-249897313
На строке 17398   в файле   80-260726571
На строке 17399   в файле   80-260726811
На строке 17400   в файле   80-260727174
На строке 17401   в файле   80-260727098
На строке 17402   в файле   80-260728394
На строке 17403   в файле   80-260728704
На строке 17404   в файле   80-260729406
На строке 17405   в файле   80-260729565
На строке 17406   в файле   80-260729976
На строке 17407   в файле   80-260730121
На строке 17408   в файле   80-260730575
На строке 17409   в файле   80-260730848
На строке 17410   в файле   80-260731286
На строке 17411   в файле   80-249892650
На строке 17412   в файле   80-249892730
На строке 17413   в файле   80-249893452
На строке 17414   в файле   80-249893656
На строке 17415   в файле   80-252178259
На строке 17416   в файле   80-252500661
На строке 17417   в файле   80-252181642
На строке 17418   в файле   80-249894261
На строке 17419   в файле   80-252182291
На строке 17420   в файле   80-252183177
На строке 17421   в файле   80-249894645
На строке 17422   в файле   80-249894968
На строке 17423   в файле   80-249895126
На строке 17424   в файле   80-249895306
На строке 17425   в файле   80-249895371
На строке 17426   в файле   80-249895662
На строке 17427   в файле   80-252185238
На строке 17428   в файле   80-252501003
На строке 17429   в файле   80-249896133
На строке 17430   в файле   80-249891899
На строке 17431   в файле   80-260724725
На строке 17432   в файле   80-260724701
На строке 17433   в файле   80-260724987
На строке 17434   в файле   80-260725233
На строке 17435   в файле   80-260735149
На строке 17436   в файле   80-252190138
На строке 17437   в файле   80-249898462
На строке 17438   в файле   80-249898542
На строке 17439   в файле   80-249898690
На строке 17440   в файле   80-249898753
На строке 17441   в файле   80-249898917
На строке 17442   в файле   80-249899007
На строке 17443   в файле   80-249899089
На строке 17444   в файле   80-249899168
На строке 17445   в файле   80-260735346
На строке 17446   в файле   80-260736217
На строке 17447   в файле   80-261241226
На строке 17448   в файле   80-261241108
На строке 17449   в файле   80-261241221
На строке 17450   в файле   80-261241357
На строке 17451   в файле   80-261241255
На строке 17452   в файле   80-260736928
На строке 17453   в файле   80-261270817
На строке 17454   в файле   80-261241616
На строке 17455   в файле   80-261270959
На строке 17456   в файле   80-249897379
На строке 17457   в файле   80-249897511
На строке 17458   в файле   80-249897559
На строке 17459   в файле   80-252501158
На строке 17460   в файле   80-252192487
На строке 17461   в файле   80-249898053
На строке 17462   в файле   80-249898047
На строке 17463   в файле   80-249898065
На строке 17464   в файле   80-249898048
На строке 17465   в файле   80-252501492
На строке 17466   в файле   80-249898380
На строке 17467   в файле   80-252194168
На строке 17468   в файле   80-249897289
На строке 17469   в файле   80-261240560
На строке 17470   в файле   80-252500830
На строке 17471   в файле   80-261240274
На строке 17472   в файле   80-261240306
На строке 17473   в файле   80-260740361
На строке 17474   в файле   80-249898676
На строке 17475   в файле   80-252194194
На строке 17476   в файле   80-249898843
На строке 17477   в файле   80-249898915
На строке 17478   в файле   80-252195980
На строке 17479   в файле   80-249899083
На строке 17480   в файле   80-249899309
На строке 17481   в файле   80-249898386
На строке 17482   в файле   80-260739203
На строке 17483   в файле   80-249898537
На строке 17484   в файле   80-260739146
На строке 17485   в файле   80-249898620
На строке 17486   в файле   80-260739671
На строке 17487   в файле   80-260738589
На строке 17488   в файле   80-260739197
На строке 17489   в файле   80-249899854
На строке 17490   в файле   80-249901300
На строке 17491   в файле   80-249901312
На строке 17492   в файле   80-249901606
На строке 17493   в файле   80-249901691
На строке 17494   в файле   80-249901845
На строке 17495   в файле   80-249901835
На строке 17496   в файле   80-249901982
На строке 17497   в файле   80-252202698
На строке 17498   в файле   80-249902456
На строке 17499   в файле   80-260740937
На строке 17500   в файле   80-261241900
На строке 17501   в файле   80-260741064
На строке 17502   в файле   80-260741523
На строке 17503   в файле   80-260741276
На строке 17504   в файле   80-260741595
На строке 17505   в файле   80-260742308
На строке 17506   в файле   80-252501648
На строке 17507   в файле   80-249899955
На строке 17508   в файле   80-252197498
На строке 17509   в файле   80-249900273
На строке 17510   в файле   80-249900367
На строке 17511   в файле   80-252198736
На строке 17512   в файле   80-249900531
На строке 17513   в файле   80-252198814
На строке 17514   в файле   80-249900950
На строке 17515   в файле   80-249901179
На строке 17516   в файле   80-252200193
На строке 17517   в файле   80-249899470
На строке 17518   в файле   80-261241899
На строке 17519   в файле   80-249899646
На строке 17520   в файле   80-249899628
На строке 17521   в файле   80-260739766
На строке 17522   в файле   80-249899828
На строке 17523   в файле   80-260740429
На строке 17524   в файле   80-260738581
На строке 17525   в файле   80-261242113
На строке 17526   в файле   80-260740890
На строке 17527   в файле   80-261116000
На строке 17528   в файле   80-252333392
На строке 17529   в файле   80-251359569
На строке 17530   в файле   80-251360105
На строке 17531   в файле   80-252333380
На строке 17532   в файле   80-259813436
На строке 17533   в файле   80-259813336
На строке 17534   в файле   80-261115502
На строке 17535   в файле   80-251362444
На строке 17536   в файле   80-251362605
На строке 17537   в файле   80-251362783
На строке 17538   в файле   80-251362023
На строке 17539   в файле   80-259813626
На строке 17540   в файле   80-259813405
На строке 17541   в файле   80-260293131
На строке 17542   в файле   80-252060371
На строке 17543   в файле   80-248849661
На строке 17544   в файле   80-248863551
На строке 17545   в файле   80-252070119
На строке 17546   в файле   80-252077214
На строке 17547   в файле   80-249003603
На строке 17548   в файле   80-249022757
На строке 17549   в файле   80-250946566
На строке 17550   в файле   80-260293548
На строке 17551   в файле   80-260296372
На строке 17552   в файле   80-260298209
На строке 17553   в файле   80-260301549
На строке 17554   в файле   80-260306269
На строке 17555   в файле   80-261181751
На строке 17556   в файле   80-260315218
На строке 17557   в файле   80-260319768
На строке 17558   в файле   80-260322533
На строке 17559   в файле   80-260327978
На строке 17560   в файле   80-252060500
На строке 17561   в файле   80-250888487
На строке 17562   в файле   80-250889653
На строке 17563   в файле   80-248839673
На строке 17564   в файле   80-250893609
На строке 17565   в файле   80-248842250
На строке 17566   в файле   80-248843691
На строке 17567   в файле   80-248844809
На строке 17568   в файле   80-248846516
На строке 17569   в файле   80-250900129
На строке 17570   в файле   80-250900862
На строке 17571   в файле   80-252063784
На строке 17572   в файле   80-252064131
На строке 17573   в файле   80-248853547
На строке 17574   в файле   80-248855241
На строке 17575   в файле   80-250909051
На строке 17576   в файле   80-250910924
На строке 17577   в файле   80-248860088
На строке 17578   в файле   80-252065933
На строке 17579   в файле   80-250913888
На строке 17580   в файле   80-250915177
На строке 17581   в файле   80-252066504
На строке 17582   в файле   80-250917627
На строке 17583   в файле   80-250920234
На строке 17584   в файле   80-248870684
На строке 17585   в файле   80-248873245
На строке 17586   в файле   80-248875693
На строке 17587   в файле   80-250925048
На строке 17588   в файле   80-248878610
На строке 17589   в файле   80-250926550
На строке 17590   в файле   80-252570358
На строке 17591   в файле   80-250928039
На строке 17592   в файле   80-248884088
На строке 17593   в файле   80-252071663
На строке 17594   в файле   80-250932553
На строке 17595   в файле   80-250934539
На строке 17596   в файле   80-248895331
На строке 17597   в файле   80-248897778
На строке 17598   в файле   80-250937718
На строке 17599   в файле   80-250937984
На строке 17600   в файле   80-252076835
На строке 17601   в файле   80-250939525
На строке 17602   в файле   80-248919452
На строке 17603   в файле   80-250940191
На строке 17604   в файле   80-250940529
На строке 17605   в файле   80-250940988
На строке 17606   в файле   80-250941418
На строке 17607   в файле   80-250942312
На строке 17608   в файле   80-252082128
На строке 17609   в файле   80-250944011
На строке 17610   в файле   80-250944989
На строке 17611   в файле   80-249008922
На строке 17612   в файле   80-250946120
На строке 17613   в файле   80-249017568
На строке 17614   в файле   80-249018181
На строке 17615   в файле   80-252084103
На строке 17616   в файле   80-250945921
На строке 17617   в файле   80-249020486
На строке 17618   в файле   80-249021190
На строке 17619   в файле   80-249021271
На строке 17620   в файле   80-249023545
На строке 17621   в файле   80-249024159
На строке 17622   в файле   80-250946294
На строке 17623   в файле   80-249025520
На строке 17624   в файле   80-249024992
На строке 17625   в файле   80-250946238
На строке 17626   в файле   80-249026835
На строке 17628   в файле   80-249027432
На строке 17629   в файле   80-249028968
На строке 17631   в файле   80-250946506
На строке 17632   в файле   80-249032360
На строке 17633   в файле   80-249033686
На строке 17634   в файле   80-249032969
На строке 17635   в файле   80-249034707
На строке 17636   в файле   80-249035474
На строке 17637   в файле   80-252084577
На строке 17638   в файле   80-252084380
На строке 17639   в файле   80-249037212
На строке 17640   в файле   80-249037765
На строке 17641   в файле   80-249039060
На строке 17642   в файле   80-260294080
На строке 17643   в файле   80-260294095
На строке 17644   в файле   80-260294555
На строке 17645   в файле   80-260295012
На строке 17646   в файле   80-260295031
На строке 17647   в файле   80-261180830
На строке 17648   в файле   80-260295959
На строке 17649   в файле   80-260296011
На строке 17650   в файле   80-260295962
На строке 17651   в файле   80-260296129
На строке 17652   в файле   80-260296458
На строке 17653   в файле   80-260296918
На строке 17654   в файле   80-260296876
На строке 17655   в файле   80-260296978
На строке 17656   в файле   80-260297069
На строке 17657   в файле   80-260297341
На строке 17658   в файле   80-260297821
На строке 17659   в файле   80-260297742
На строке 17660   в файле   80-260297878
На строке 17661   в файле   80-260298000
На строке 17662   в файле   80-260298303
На строке 17663   в файле   80-260298559
На строке 17664   в файле   80-260298618
На строке 17665   в файле   80-260298687
На строке 17666   в файле   80-260299403
На строке 17667   в файле   80-260299569
На строке 17668   в файле   80-260299794
На строке 17669   в файле   80-260300360
На строке 17670   в файле   80-260300527
На строке 17671   в файле   80-260301560
На строке 17672   в файле   80-260302257
На строке 17673   в файле   80-260302346
На строке 17674   в файле   80-260303017
На строке 17675   в файле   80-260302968
На строке 17676   в файле   80-260303951
На строке 17677   в файле   80-260304451
На строке 17678   в файле   80-260304709
На строке 17679   в файле   80-260305409
На строке 17680   в файле   80-260305416
На строке 17681   в файле   80-260305973
На строке 17682   в файле   80-260306926
На строке 17683   в файле   80-260307619
На строке 17684   в файле   80-260308079
На строке 17685   в файле   80-260308744
На строке 17686   в файле   80-260309213
На строке 17687   в файле   80-261181307
На строке 17688   в файле   80-260310001
На строке 17689   в файле   80-260309866
На строке 17690   в файле   80-260310446
На строке 17691   в файле   80-260310406
На строке 17692   в файле   80-260311271
На строке 17693   в файле   80-260311776
На строке 17694   в файле   80-260311955
На строке 17695   в файле   80-260312612
На строке 17696   в файле   80-260313921
На строке 17697   в файле   80-260314160
На строке 17698   в файле   80-260314590
На строке 17699   в файле   80-260314492
На строке 17700   в файле   80-260314828
На строке 17701   в файле   80-260315455
На строке 17702   в файле   80-260315536
На строке 17703   в файле   80-260316095
На строке 17704   в файле   80-260316162
На строке 17705   в файле   80-260316809
На строке 17706   в файле   80-260316825
На строке 17707   в файле   80-260317362
На строке 17708   в файле   80-260318371
На строке 17709   в файле   80-260318533
На строке 17710   в файле   80-260319179
На строке 17711   в файле   80-260319235
На строке 17712   в файле   80-260319778
На строке 17713   в файле   80-260319856
На строке 17714   в файле   80-260320589
На строке 17715   в файле   80-260320383
На строке 17716   в файле   80-261182720
На строке 17717   в файле   80-260321088
На строке 17718   в файле   80-260321271
На строке 17719   в файле   80-260321757
На строке 17720   в файле   80-261182596
На строке 17721   в файле   80-260322265
На строке 17722   в файле   80-260323107
На строке 17723   в файле   80-260323609
На строке 17724   в файле   80-260323989
На строке 17725   в файле   80-260324213
На строке 17726   в файле   80-260324838
На строке 17727   в файле   80-260325712
На строке 17728   в файле   80-260325998
На строке 17729   в файле   80-260326461
На строке 17730   в файле   80-260327068
На строке 17731   в файле   80-260327718
На строке 17732   в файле   80-260328550
На строке 17733   в файле   80-260328960
На строке 17734   в файле   80-260329267
На строке 17735   в файле   80-260329827
На строке 17736   в файле   80-260330471
На строке 17737   в файле   80-260330577
На строке 17738   в файле   80-260331453
На строке 17739   в файле   80-260331272
На строке 17740   в файле   80-260331919
На строке 17741   в файле   80-260332283
На строке 17742   в файле   80-250888332
На строке 17743   в файле   80-250888262
На строке 17744   в файле   80-250888205
На строке 17745   в файле   80-250888236
На строке 17746   в файле   80-252060491
На строке 17747   в файле   80-252060677
На строке 17748   в файле   80-252060501
На строке 17749   в файле   80-250888543
На строке 17750   в файле   80-252060766
На строке 17751   в файле   80-250888558
На строке 17752   в файле   80-252060819
На строке 17753   в файле   80-252060607
На строке 17754   в файле   80-252060653
На строке 17755   в файле   80-252060655
На строке 17756   в файле   80-250888963
На строке 17757   в файле   80-250889102
На строке 17758   в файле   80-250889088
На строке 17759   в файле   80-250889087
На строке 17760   в файле   80-252060909
На строке 17761   в файле   80-250889657
На строке 17762   в файле   80-252060998
На строке 17763   в файле   80-252061203
На строке 17764   в файле   80-252061171
На строке 17765   в файле   80-250890221
На строке 17766   в файле   80-252061875
На строке 17767   в файле   80-250890746
На строке 17768   в файле   80-248838960
На строке 17769   в файле   80-250890967
На строке 17770   в файле   80-252061752
На строке 17771   в файле   80-248839555
На строке 17772   в файле   80-248839896
На строке 17773   в файле   80-250891607
На строке 17774   в файле   80-250891639
На строке 17775   в файле   80-250891967
На строке 17776   в файле   80-248840203
На строке 17777   в файле   80-252463783
На строке 17778   в файле   80-248840741
На строке 17779   в файле   80-252463774
На строке 17780   в файле   80-252062332
На строке 17781   в файле   80-252062350
На строке 17782   в файле   80-252062505
На строке 17783   в файле   80-250893563
На строке 17784   в файле   80-248841274
На строке 17785   в файле   80-248841394
На строке 17786   в файле   80-252062577
На строке 17787   в файле   80-252062516
На строке 17788   в файле   80-248841582
На строке 17789   в файле   80-248841663
На строке 17790   в файле   80-250894059
На строке 17791   в файле   80-250894220
На строке 17792   в файле   80-250894550
На строке 17793   в файле   80-250894912
На строке 17794   в файле   80-248842372
На строке 17795   в файле   80-250895198
На строке 17796   в файле   80-252062704
На строке 17797   в файле   80-250895545
На строке 17798   в файле   80-248842882
На строке 17799   в файле   80-250895862
На строке 17800   в файле   80-252062709
На строке 17801   в файле   80-248843257
На строке 17802   в файле   80-248843460
На строке 17803   в файле   80-248843607
На строке 17804   в файле   80-248843835
На строке 17805   в файле   80-248843826
На строке 17806   в файле   80-248843936
На строке 17807   в файле   80-248844307
На строке 17808   в файле   80-248844298
На строке 17809   в файле   80-250897000
На строке 17810   в файле   80-248844588
На строке 17811   в файле   80-248844565
На строке 17812   в файле   80-250897483
На строке 17813   в файле   80-248844813
На строке 17814   в файле   80-252063033
На строке 17815   в файле   80-248845344
На строке 17816   в файле   80-252062938
На строке 17817   в файле   80-248845737
На строке 17818   в файле   80-248845723
На строке 17819   в файле   80-248845746
На строке 17820   в файле   80-248845841
На строке 17821   в файле   80-250898052
На строке 17822   в файле   80-252464092
На строке 17823   в файле   80-250898400
На строке 17824   в файле   80-248846702
На строке 17825   в файле   80-248846728
На строке 17826   в файле   80-250899400
На строке 17827   в файле   80-248847036
На строке 17828   в файле   80-248847188
На строке 17829   в файле   80-252063204
На строке 17830   в файле   80-252063313
На строке 17831   в файле   80-248847890
На строке 17832   в файле   80-250899979
На строке 17833   в файле   80-250900518
На строке 17834   в файле   80-250900515
На строке 17835   в файле   80-250900355
На строке 17836   в файле   80-248848774
На строке 17837   в файле   80-248848900
На строке 17838   в файле   80-248848930
На строке 17839   в файле   80-248849117
На строке 17840   в файле   80-248849260
На строке 17841   в файле   80-252464221
На строке 17842   в файле   80-248849303
На строке 17843   в файле   80-248849639
На строке 17844   в файле   80-250901110
На строке 17845   в файле   80-248850331
На строке 17846   в файле   80-248850226
На строке 17847   в файле   80-252063546
На строке 17848   в файле   80-248850650
На строке 17849   в файле   80-252063645
На строке 17850   в файле   80-248850883
На строке 17851   в файле   80-252063730
На строке 17852   в файле   80-250902052
На строке 17853   в файле   80-250902241
На строке 17854   в файле   80-248851055
На строке 17855   в файле   80-250902606
На строке 17856   в файле   80-250902890
На строке 17857   в файле   80-252063878
На строке 17858   в файле   80-250903086
На строке 17859   в файле   80-248851507
На строке 17860   в файле   80-248851518
На строке 17861   в файле   80-248851733
На строке 17862   в файле   80-250903862
На строке 17863   в файле   80-250904061
На строке 17864   в файле   80-250904436
На строке 17865   в файле   80-252064148
На строке 17866   в файле   80-250904755
На строке 17867   в файле   80-250905139
На строке 17868   в файле   80-252064296
На строке 17869   в файле   80-250905477
На строке 17870   в файле   80-252064294
На строке 17871   в файле   80-250905865
На строке 17872   в файле   80-250905730
На строке 17873   в файле   80-250906190
На строке 17874   в файле   80-248853947
На строке 17875   в файле   80-248853816
На строке 17876   в файле   80-248854258
На строке 17877   в файле   80-248854382
На строке 17878   в файле   80-248854499
На строке 17879   в файле   80-248854618
На строке 17880   в файле   80-250906879
На строке 17881   в файле   80-250906538
На строке 17882   в файле   80-250906906
На строке 17883   в файле   80-250907266
На строке 17884   в файле   80-248855116
На строке 17885   в файле   80-248855711
На строке 17886   в файле   80-250907681
На строке 17887   в файле   80-250907484
На строке 17888   в файле   80-250908160
На строке 17889   в файле   80-248856390
На строке 17890   в файле   80-250908189
На строке 17891   в файле   80-248856670
На строке 17892   в файле   80-250908504
На строке 17893   в файле   80-250909056
На строке 17894   в файле   80-252065178
На строке 17895   в файле   80-248857104
На строке 17896   в файле   80-250909571
На строке 17897   в файле   80-252567611
На строке 17898   в файле   80-248857819
На строке 17899   в файле   80-250909754
На строке 17900   в файле   80-250910099
На строке 17901   в файле   80-252465503
На строке 17902   в файле   80-250910457
На строке 17903   в файле   80-250910595
На строке 17904   в файле   80-250910967
На строке 17905   в файле   80-250911121
На строке 17906   в файле   80-250911286
На строке 17907   в файле   80-248859143
На строке 17908   в файле   80-248859293
На строке 17909   в файле   80-250911466
На строке 17910   в файле   80-250911477
На строке 17911   в файле   80-248859519
На строке 17912   в файле   80-250911613
На строке 17913   в файле   80-248859837
На строке 17914   в файле   80-248859916
На строке 17915   в файле   80-250912326
На строке 17916   в файле   80-250912434
На строке 17917   в файле   80-248860400
На строке 17918   в файле   80-248860449
На строке 17919   в файле   80-248860642
На строке 17920   в файле   80-248860541
На строке 17921   в файле   80-248860783
На строке 17922   в файле   80-252065785
На строке 17923   в файле   80-250912778
На строке 17924   в файле   80-250912798
На строке 17925   в файле   80-248861124
На строке 17926   в файле   80-252568439
На строке 17927   в файле   80-248861462
На строке 17928   в файле   80-250913572
На строке 17929   в файле   80-250913740
На строке 17930   в файле   80-250913728
На строке 17931   в файле   80-248861951
На строке 17932   в файле   80-248862085
На строке 17933   в файле   80-248862102
На строке 17934   в файле   80-252066012
На строке 17935   в файле   80-252066173
На строке 17936   в файле   80-248862792
На строке 17937   в файле   80-248862902
На строке 17938   в файле   80-248862917
На строке 17939   в файле   80-248863144
На строке 17940   в файле   80-248863189
На строке 17941   в файле   80-248863420
На строке 17942   в файле   80-250915168
На строке 17943   в файле   80-248863400
На строке 17944   в файле   80-248863300
На строке 17945   в файле   80-252066333
На строке 17946   в файле   80-248864251
На строке 17947   в файле   80-248864432
На строке 17948   в файле   80-248864390
На строке 17949   в файле   80-250915502
На строке 17950   в файле   80-248864665
На строке 17951   в файле   80-248864733
На строке 17952   в файле   80-248864962
На строке 17953   в файле   80-248864969
На строке 17954   в файле   80-250915904
На строке 17955   в файле   80-248865410
На строке 17956   в файле   80-248865436
На строке 17957   в файле   80-248865639
На строке 17958   в файле   80-248865806
На строке 17959   в файле   80-250916064
На строке 17960   в файле   80-248866028
На строке 17961   в файле   80-250916837
На строке 17962   в файле   80-248866258
На строке 17963   в файле   80-250917282
На строке 17964   в файле   80-248866952
На строке 17965   в файле   80-248867271
На строке 17966   в файле   80-248867484
На строке 17967   в файле   80-250917655
На строке 17968   в файле   80-248867650
На строке 17969   в файле   80-250917989
На строке 17970   в файле   80-252066912
На строке 17971   в файле   80-248868561
На строке 17972   в файле   80-248868873
На строке 17974   в файле   80-248869062
На строке 17975   в файле   80-252067180
На строке 17976   в файле   80-250920871
На строке 17977   в файле   80-252067328
На строке 17978   в файле   80-248869557
На строке 17979   в файле   80-250920344
На строке 17980   в файле   80-252067407
На строке 17981   в файле   80-250921000
На строке 17982   в файле   80-248870322
На строке 17983   в файле   80-250921404
На строке 17984   в файле   80-250921239
На строке 17985   в файле   80-248870892
На строке 17986   в файле   80-252067736
На строке 17987   в файле   80-252067739
На строке 17988   в файле   80-248871772
На строке 17989   в файле   80-250921805
На строке 17990   в файле   80-248872067
На строке 17991   в файле   80-248872065
На строке 17992   в файле   80-248872349
На строке 17993   в файле   80-248872359
На строке 17994   в файле   80-248872772
На строке 17995   в файле   80-250922623
На строке 17996   в файле   80-248873491
На строке 17997   в файле   80-250923106
На строке 17998   в файле   80-250923346
На строке 17999   в файле   80-248874305
На строке 18000   в файле   80-250923592
На строке 18001   в файле   80-250923588
На строке 18002   в файле   80-250923613
На строке 18003   в файле   80-250923839
На строке 18004   в файле   80-252068140
На строке 18005   в файле   80-248875357
На строке 18006   в файле   80-248876187
На строке 18007   в файле   80-252068416
На строке 18008   в файле   80-252068987
На строке 18009   в файле   80-248876289
На строке 18010   в файле   80-252068968
На строке 18011   в файле   80-252069115
На строке 18012   в файле   80-252069063
На строке 18013   в файле   80-248877435
На строке 18014   в файле   80-248877631
На строке 18015   в файле   80-248877781
На строке 18016   в файле   80-248877852
На строке 18017   в файле   80-250925183
На строке 18018   в файле   80-250925291
На строке 18019   в файле   80-250925290
На строке 18020   в файле   80-250925413
На строке 18021   в файле   80-248878121
На строке 18022   в файле   80-252466287
На строке 18023   в файле   80-252069553
На строке 18024   в файле   80-252570394
На строке 18025   в файле   80-250925994
На строке 18026   в файле   80-250926239
На строке 18027   в файле   80-250926236
На строке 18028   в файле   80-250926132
На строке 18029   в файле   80-250926031
На строке 18030   в файле   80-250926323
На строке 18031   в файле   80-252618822
На строке 18032   в файле   80-252069894
На строке 18033   в файле   80-250926460
На строке 18034   в файле   80-248879787
На строке 18035   в файле   80-250926479
На строке 18036   в файле   80-252069990
На строке 18037   в файле   80-250926668
На строке 18038   в файле   80-248880285
На строке 18039   в файле   80-252070008
На строке 18040   в файле   80-250926854
На строке 18041   в файле   80-250926958
На строке 18042   в файле   80-248880759
На строке 18043   в файле   80-248880600
На строке 18044   в файле   80-250926919
На строке 18045   в файле   80-250926993
На строке 18046   в файле   80-252466974
На строке 18047   в файле   80-252467021
На строке 18048   в файле   80-250927503
На строке 18049   в файле   80-250927641
На строке 18050   в файле   80-252070189
На строке 18051   в файле   80-252466972
На строке 18052   в файле   80-248881288
На строке 18053   в файле   80-250927854
На строке 18054   в файле   80-250927737
На строке 18055   в файле   80-248881690
На строке 18056   в файле   80-252467313
На строке 18057   в файле   80-250928171
На строке 18058   в файле   80-250928282
На строке 18059   в файле   80-252070613
На строке 18060   в файле   80-252070709
На строке 18061   в файле   80-252070759
На строке 18062   в файле   80-248883086
На строке 18063   в файле   80-250928953
На строке 18064   в файле   80-252070831
На строке 18065   в файле   80-252070989
На строке 18066   в файле   80-252070928
На строке 18067   в файле   80-250929511
На строке 18068   в файле   80-252071085
На строке 18069   в файле   80-248884762
На строке 18070   в файле   80-250929956
На строке 18071   в файле   80-250930109
На строке 18072   в файле   80-250930339
На строке 18073   в файле   80-248885626
На строке 18074   в файле   80-248885795
На строке 18075   в файле   80-248886463
На строке 18076   в файле   80-248886235
На строке 18077   в файле   80-248886754
На строке 18078   в файле   80-252468029
На строке 18079   в файле   80-250931569
На строке 18080   в файле   80-252072049
На строке 18081   в файле   80-252468928
На строке 18082   в файле   80-248888774
На строке 18083   в файле   80-248888793
На строке 18084   в файле   80-250932345
На строке 18085   в файле   80-248889529
На строке 18086   в файле   80-250932545
На строке 18087   в файле   80-248890363
На строке 18088   в файле   80-252072454
На строке 18089   в файле   80-252469007
На строке 18090   в файле   80-252072586
На строке 18091   в файле   80-248890951
На строке 18092   в файле   80-252072708
На строке 18093   в файле   80-248891711
На строке 18094   в файле   80-248892072
На строке 18095   в файле   80-248892261
На строке 18096   в файле   80-252469686
На строке 18097   в файле   80-252073416
На строке 18098   в файле   80-252073294
На строке 18099   в файле   80-248892475
На строке 18100   в файле   80-252073355
На строке 18101   в файле   80-250935141
На строке 18102   в файле   80-248893841
На строке 18103   в файле   80-252073511
На строке 18104   в файле   80-250935483
На строке 18105   в файле   80-250935613
На строке 18106   в файле   80-248895145
На строке 18107   в файле   80-250935734
На строке 18108   в файле   80-252470397
На строке 18109   в файле   80-248895769
На строке 18110   в файле   80-250935971
На строке 18111   в файле   80-250936103
На строке 18112   в файле   80-250936220
На строке 18113   в файле   80-252073845
На строке 18114   в файле   80-250936617
На строке 18115   в файле   80-250936435
На строке 18116   в файле   80-248897402
На строке 18117   в файле   80-252074176
На строке 18118   в файле   80-248898215
На строке 18119   в файле   80-250936999
На строке 18120   в файле   80-250937026
На строке 18121   в файле   80-248899070
На строке 18122   в файле   80-248899228
На строке 18123   в файле   80-252074570
На строке 18124   в файле   80-248899664
На строке 18125   в файле   80-252074780
На строке 18126   в файле   80-252074775
На строке 18127   в файле   80-248900493
На строке 18128   в файле   80-248901103
На строке 18129   в файле   80-250937914
На строке 18130   в файле   80-248900787
На строке 18131   в файле   80-250937873
На строке 18132   в файле   80-250937915
На строке 18133   в файле   80-248901372
На строке 18134   в файле   80-252074860
На строке 18135   в файле   80-250937986
На строке 18136   в файле   80-248902085
На строке 18137   в файле   80-250938013
На строке 18138   в файле   80-250938081
На строке 18139   в файле   80-252075234
На строке 18140   в файле   80-250938217
На строке 18141   в файле   80-250938079
На строке 18142   в файле   80-250938121
На строке 18143   в файле   80-250938253
На строке 18144   в файле   80-252075492
На строке 18145   в файле   80-248904484
На строке 18146   в файле   80-252471264
На строке 18147   в файле   80-248904913
На строке 18148   в файле   80-248908765
На строке 18149   в файле   80-250938784
На строке 18150   в файле   80-248910278
На строке 18151   в файле   80-250939003
На строке 18152   в файле   80-248911077
На строке 18153   в файле   80-248911415
На строке 18154   в файле   80-250939328
На строке 18155   в файле   80-252472421
На строке 18156   в файле   80-250939210
На строке 18157   в файле   80-250939558
На строке 18158   в файле   80-250939560
На строке 18159   в файле   80-250939649
На строке 18160   в файле   80-252077921
На строке 18161   в файле   80-250939586
На строке 18162   в файле   80-252078018
На строке 18163   в файле   80-250939736
На строке 18164   в файле   80-250939735
На строке 18165   в файле   80-248918388
На строке 18166   в файле   80-250939818
На строке 18167   в файле   80-250939815
На строке 18168   в файле   80-248919604
На строке 18169   в файле   80-252078280
На строке 18170   в файле   80-252078502
На строке 18171   в файле   80-252618732
На строке 18172   в файле   80-252078506
На строке 18173   в файле   80-248920515
На строке 18174   в файле   80-250940147
На строке 18175   в файле   80-250940152
На строке 18176   в файле   80-248921214
На строке 18178   в файле   80-250940141
На строке 18179   в файле   80-252078700
На строке 18180   в файле   80-252078828
На строке 18181   в файле   80-252078949
На строке 18182   в файле   80-252473350
На строке 18183   в файле   80-248924911
На строке 18184   в файле   80-250940418
На строке 18185   в файле   80-250940419
На строке 18186   в файле   80-250940501
На строке 18187   в файле   80-250940441
На строке 18188   в файле   80-250940504
На строке 18189   в файле   80-252079208
На строке 18190   в файле   80-248931889
На строке 18191   в файле   80-250940657
На строке 18192   в файле   80-248933302
На строке 18193   в файле   80-250940698
На строке 18194   в файле   80-250940721
На строке 18195   в файле   80-250940734
На строке 18196   в файле   80-250940781
На строке 18197   в файле   80-250940874
На строке 18198   в файле   80-250940868
На строке 18199   в файле   80-252079724
На строке 18200   в файле   80-250941037
На строке 18201   в файле   80-250941093
На строке 18202   в файле   80-250941165
На строке 18203   в файле   80-252574531
На строке 18204   в файле   80-250941315
На строке 18205   в файле   80-250941266
На строке 18206   в файле   80-248951045
На строке 18207   в файле   80-248952811
На строке 18208   в файле   80-248954740
На строке 18209   в файле   80-252079944
На строке 18210   в файле   80-252574500
На строке 18211   в файле   80-250941539
На строке 18212   в файле   80-252474914
На строке 18213   в файле   80-252475283
На строке 18214   в файле   80-250942015
На строке 18215   в файле   80-250942007
На строке 18216   в файле   80-250942131
На строке 18217   в файле   80-252081495
На строке 18218   в файле   80-252081593
На строке 18219   в файле   80-250942410
На строке 18220   в файле   80-252081354
На строке 18221   в файле   80-250942647
На строке 18222   в файле   80-250942787
На строке 18223   в файле   80-252081715
На строке 18224   в файле   80-250942783
На строке 18225   в файле   80-250942773
На строке 18226   в файле   80-248970947
На строке 18227   в файле   80-248971896
На строке 18228   в файле   80-250943126
На строке 18229   в файле   80-248975416
На строке 18230   в файле   80-252574513
На строке 18231   в файле   80-250943592
На строке 18232   в файле   80-252476027
На строке 18233   в файле   80-250943594
На строке 18234   в файле   80-250943748
На строке 18235   в файле   80-248983839
На строке 18236   в файле   80-248984600
На строке 18237   в файле   80-248986523
На строке 18238   в файле   80-252082589
На строке 18239   в файле   80-248988642
На строке 18240   в файле   80-248989091
На строке 18241   в файле   80-250944341
На строке 18242   в файле   80-248993937
На строке 18243   в файле   80-250944548
На строке 18244   в файле   80-250944431
На строке 18245   в файле   80-250944722
На строке 18246   в файле   80-248997771
На строке 18247   в файле   80-248999061
На строке 18248   в файле   80-249004668
На строке 18249   в файле   80-250945180
На строке 18250   в файле   80-250945246
На строке 18251   в файле   80-250945358
На строке 18252   в файле   80-249006028
На строке 18253   в файле   80-249006681
На строке 18254   в файле   80-249007405
На строке 18255   в файле   80-249007402
На строке 18256   в файле   80-249008226
На строке 18257   в файле   80-249008908
На строке 18258   в файле   80-249008831
На строке 18259   в файле   80-249009776
На строке 18260   в файле   80-250945409
На строке 18261   в файле   80-252083691
На строке 18262   в файле   80-252575992
На строке 18263   в файле   80-252083935
На строке 18264   в файле   80-250885633
На строке 18265   в файле   80-261180365
На строке 18266   в файле   80-250885621
На строке 18267   в файле   80-260286539
На строке 18268   в файле   80-250886249
На строке 18269   в файле   80-260287876
На строке 18270   в файле   80-250886619
На строке 18271   в файле   80-260287781
На строке 18272   в файле   80-250886622
На строке 18273   в файле   80-260288415
На строке 18274   в файле   80-250886623
На строке 18275   в файле   80-260288344
На строке 18276   в файле   80-250887790
На строке 18277   в файле   80-260289569
На строке 18278   в файле   80-250888043
На строке 18279   в файле   80-261180894
На строке 18280   в файле   80-250885473
На строке 18281   в файле   80-260285618
На строке 18282   в файле   80-250885634
На строке 18283   в файле   80-260285993
На строке 18284   в файле   80-252059519
На строке 18285   в файле   80-260285079
На строке 18286   в файле   80-252059616
На строке 18287   в файле   80-260286691
На строке 18288   в файле   80-252059697
На строке 18289   в файле   80-260286586
На строке 18290   в файле   80-252059700
На строке 18291   в файле   80-260287196
На строке 18292   в файле   80-252059733
На строке 18293   в файле   80-260287282
На строке 18294   в файле   80-252059837
На строке 18295   в файле   80-260287131
На строке 18296   в файле   80-252059917
На строке 18297   в файле   80-260288847
На строке 18298   в файле   80-252059923
На строке 18299   в файле   80-260287981
На строке 18300   в файле   80-252059925
На строке 18301   в файле   80-260289187
На строке 18302   в файле   80-252060026
На строке 18303   в файле   80-260289085
На строке 18304   в файле   80-252060116
На строке 18305   в файле   80-260289083
На строке 18306   в файле   80-252060110
На строке 18307   в файле   80-260289718
На строке 18308   в файле   80-252060120
На строке 18309   в файле   80-261266472
На строке 18310   в файле   80-252060202
На строке 18311   в файле   80-261180623
На строке 18312   в файле   80-252060287
На строке 18313   в файле   80-260290270
На строке 18314   в файле   80-252060288
На строке 18315   в файле   80-260290429
На строке 18316   в файле   80-252060305
На строке 18317   в файле   80-260290248
На строке 18318   в файле   80-260290783
На строке 18319   в файле   80-260290903
На строке 18320   в файле   80-260291568
На строке 18321   в файле   80-260291592
На строке 18322   в файле   80-260155688
На строке 18323   в файле   80-260158681
На строке 18324   в файле   80-252060977
На строке 18325   в файле   80-252463319
На строке 18326   в файле   80-250893221
На строке 18327   в файле   80-248841395
На строке 18328   в файле   80-250893742
На строке 18329   в файле   80-250893938
На строке 18330   в файле   80-248841902
На строке 18331   в файле   80-250894884
На строке 18332   в файле   80-260158807
На строке 18333   в файле   80-260159015
На строке 18334   в файле   80-260159247
На строке 18335   в файле   80-260159131
На строке 18336   в файле   80-261172504
На строке 18337   в файле   80-260159380
На строке 18338   в файле   80-260159501
На строке 18339   в файле   80-260159820
На строке 18340   в файле   80-260160027
На строке 18341   в файле   80-260160139
На строке 18342   в файле   80-250889381
На строке 18343   в файле   80-252060817
На строке 18344   в файле   80-252060981
На строке 18345   в файле   80-250889982
На строке 18346   в файле   80-250890335
На строке 18347   в файле   80-250890476
На строке 18348   в файле   80-252061334
На строке 18349   в файле   80-252061562
На строке 18350   в файле   80-248838846
На строке 18351   в файле   80-248838968
На строке 18352   в файле   80-248839556
На строке 18353   в файле   80-248839678
На строке 18354   в файле   80-248839947
На строке 18355   в файле   80-248839866
На строке 18356   в файле   80-252463476
На строке 18357   в файле   80-250892160
На строке 18358   в файле   80-248840309
На строке 18359   в файле   80-248840434
На строке 18360   в файле   80-248840437
На строке 18361   в файле   80-248840636
На строке 18362   в файле   80-250893389
На строке 18363   в файле   80-260158524
На строке 18364   в файле   80-260162039
На строке 18365   в файле   80-250889659
На строке 18366   в файле   80-250891320
На строке 18367   в файле   80-250890971
На строке 18368   в файле   80-250893227
На строке 18369   в файле   80-250895045
На строке 18370   в файле   80-250895215
На строке 18371   в файле   80-248843687
На строке 18372   в файле   80-248843573
На строке 18373   в файле   80-248844795
На строке 18374   в файле   80-252063052
На строке 18375   в файле   80-252063213
На строке 18376   в файле   80-250899805
На строке 18377   в файле   80-250899807
На строке 18378   в файле   80-260162480
На строке 18379   в файле   80-260164615
На строке 18380   в файле   80-260166879
На строке 18381   в файле   80-260168975
На строке 18382   в файле   80-260169320
На строке 18383   в файле   80-260169568
На строке 18384   в файле   80-260169851
На строке 18385   в файле   80-260170364
На строке 18386   в файле   80-260170393
На строке 18387   в файле   80-260170957
На строке 18388   в файле   80-252061167
На строке 18389   в файле   80-252061075
На строке 18390   в файле   80-252061257
На строке 18391   в файле   80-252061335
На строке 18392   в файле   80-252061394
На строке 18393   в файле   80-248838518
На строке 18394   в файле   80-250890495
На строке 18395   в файле   80-248838682
На строке 18396   в файле   80-248838771
На строке 18397   в файле   80-248838775
На строке 18398   в файле   80-252061637
На строке 18399   в файле   80-252061532
На строке 18400   в файле   80-248838848
На строке 18401   в файле   80-248838977
На строке 18402   в файле   80-250891304
На строке 18403   в файле   80-250891093
На строке 18404   в файле   80-248839667
На строке 18405   в файле   80-248839770
На строке 18406   в файле   80-248839756
На строке 18407   в файле   80-248839943
На строке 18408   в файле   80-250891673
На строке 18409   в файле   80-250892110
На строке 18410   в файле   80-250891966
На строке 18411   в файле   80-250892260
На строке 18412   в файле   80-250892263
На строке 18413   в файле   80-248840737
На строке 18414   в файле   80-248840305
На строке 18415   в файле   80-248840639
На строке 18416   в файле   80-248841400
На строке 18417   в файле   80-248841479
На строке 18418   в файле   80-248841399
На строке 18419   в файле   80-248841596
На строке 18420   в файле   80-248841676
На строке 18421   в файле   80-248841668
На строке 18422   в файле   80-248841869
На строке 18423   в файле   80-250894208
На строке 18424   в файле   80-248841819
На строке 18425   в файле   80-250894221
На строке 18426   в файле   80-250894532
На строке 18427   в файле   80-250894370
На строке 18428   в файле   80-250894860
На строке 18429   в файле   80-250894706
На строке 18430   в файле   80-250895205
На строке 18431   в файле   80-250895542
На строке 18432   в файле   80-250895851
На строке 18433   в файле   80-248842895
На строке 18434   в файле   80-250895364
На строке 18435   в файле   80-250895861
На строке 18436   в файле   80-250896193
На строке 18437   в файле   80-250896188
На строке 18438   в файле   80-248843337
На строке 18439   в файле   80-248843579
На строке 18440   в файле   80-250896016
На строке 18441   в файле   80-248843451
На строке 18442   в файле   80-250896424
На строке 18443   в файле   80-248843827
На строке 18444   в файле   80-248843928
На строке 18445   в файле   80-248844047
На строке 18446   в файле   80-248843937
На строке 18447   в файле   80-250896940
На строке 18448   в файле   80-250896935
На строке 18449   в файле   80-248844154
На строке 18450   в файле   80-248844284
На строке 18451   в файле   80-248844432
На строке 18452   в файле   80-248844690
На строке 18453   в файле   80-248844567
На строке 18454   в файле   80-248844537
На строке 18455   в файле   80-248845063
На строке 18456   в файле   80-248845072
На строке 18457   в файле   80-248844950
На строке 18458   в файле   80-248845180
На строке 18459   в файле   80-248845321
На строке 18460   в файле   80-248845336
На строке 18461   в файле   80-248845463
На строке 18462   в файле   80-248845597
На строке 18463   в файле   80-250897631
На строке 18464   в файле   80-250897688
На строке 18465   в файле   80-250897810
На строке 18466   в файле   80-248845720
На строке 18467   в файле   80-248846094
На строке 18468   в файле   80-248846222
На строке 18469   в файле   80-248846527
На строке 18470   в файле   80-250898169
На строке 18471   в файле   80-248846225
На строке 18472   в файле   80-250898500
На строке 18473   в файле   80-250898583
На строке 18474   в файле   80-248846848
На строке 18475   в файле   80-250899641
На строке 18476   в файле   80-248847211
На строке 18477   в файле   80-248847234
На строке 18478   в файле   80-248847009
На строке 18479   в файле   80-250899632
На строке 18480   в файле   80-248848093
На строке 18481   в файле   80-248848049
На строке 18482   в файле   80-250900122
На строке 18483   в файле   80-250899969
На строке 18484   в файле   80-248848231
На строке 18485   в файле   80-248848241
На строке 18486   в файле   80-248848357
На строке 18487   в файле   80-248848573
На строке 18488   в файле   80-248848554
На строке 18489   в файле   80-248848739
На строке 18490   в файле   80-250900521
На строке 18491   в файле   80-250900740
На строке 18492   в файле   80-248848764
На строке 18493   в файле   80-248848906
На строке 18494   в файле   80-248849278
На строке 18495   в файле   80-260162661
На строке 18496   в файле   80-260162846
На строке 18497   в файле   80-260163324
На строке 18498   в файле   80-260163181
На строке 18499   в файле   80-260163635
На строке 18500   в файле   80-260163723
На строке 18501   в файле   80-260163907
На строке 18502   в файле   80-260163810
На строке 18503   в файле   80-260164271
На строке 18504   в файле   80-260164425
На строке 18505   в файле   80-260164397
На строке 18506   в файле   80-260164938
На строке 18507   в файле   80-260164922
На строке 18508   в файле   80-260165249
На строке 18509   в файле   80-260165834
На строке 18510   в файле   80-260165765
На строке 18511   в файле   80-260166036
На строке 18512   в файле   80-260166303
На строке 18513   в файле   80-260166436
На строке 18514   в файле   80-260166434
На строке 18515   в файле   80-260166778
На строке 18516   в файле   80-260167274
На строке 18517   в файле   80-260167146
На строке 18518   в файле   80-260167321
На строке 18519   в файле   80-260167686
На строке 18520   в файле   80-260167684
На строке 18521   в файле   80-260168142
На строке 18522   в файле   80-260168920
На строке 18523   в файле   80-250889378
На строке 18524   в файле   80-250889379
На строке 18525   в файле   80-260161465
На строке 18526   в файле   80-260161706
На строке 18527   в файле   80-260161912
На строке 18528   в файле   80-260159038
На строке 18529   в файле   80-250889666
На строке 18530   в файле   80-248839753
На строке 18531   в файле   80-250893044
На строке 18532   в файле   80-252062710
На строке 18533   в файле   80-250896634
На строке 18534   в файле   80-248845455
На строке 18535   в файле   80-248846846
На строке 18536   в файле   80-248847226
На строке 18537   в файле   80-260159422
На строке 18538   в файле   80-260159670
На строке 18539   в файле   80-260160012
На строке 18540   в файле   80-260159997
На строке 18541   в файле   80-260160274
На строке 18542   в файле   80-260160473
На строке 18543   в файле   80-260160901
На строке 18544   в файле   80-260160947
На строке 18545   в файле   80-260160793
На строке 18546   в файле   80-260161339
На строке 18547   в файле   80-250889882
На строке 18548   в файле   80-250890153
На строке 18549   в файле   80-250890171
На строке 18550   в файле   80-252061436
На строке 18551   в файле   80-250890633
На строке 18552   в файле   80-248838765
На строке 18553   в файле   80-248838948
На строке 18554   в файле   80-250890949
На строке 18555   в файле   80-252061678
На строке 18556   в файле   80-248839461
На строке 18557   в файле   80-248839891
На строке 18558   в файле   80-252061783
На строке 18559   в файле   80-250891337
На строке 18560   в файле   80-250891429
На строке 18561   в файле   80-250891748
На строке 18562   в файле   80-248840113
На строке 18563   в файле   80-248840433
На строке 18564   в файле   80-248840543
На строке 18565   в файле   80-248840560
На строке 18566   в файле   80-248840645
На строке 18567   в файле   80-252062247
На строке 18568   в файле   80-250893219
На строке 18569   в файле   80-252062334
На строке 18570   в файле   80-250893540
На строке 18571   в файле   80-248841382
На строке 18572   в файле   80-248841675
На строке 18573   в файле   80-250893909
На строке 18574   в файле   80-250893949
На строке 18575   в файле   80-248842137
На строке 18576   в файле   80-252062503
На строке 18577   в файле   80-250894549
На строке 18578   в файле   80-252463905
На строке 18579   в файле   80-248842797
На строке 18580   в файле   80-250895520
На строке 18581   в файле   80-248842898
На строке 18582   в файле   80-250895694
На строке 18583   в файле   80-252062870
На строке 18584   в файле   80-250896192
На строке 18585   в файле   80-250896594
На строке 18586   в файле   80-248843597
На строке 18587   в файле   80-250896569
На строке 18588   в файле   80-252062763
На строке 18589   в файле   80-252062855
На строке 18590   в файле   80-252062856
На строке 18591   в файле   80-248844289
На строке 18592   в файле   80-250897107
На строке 18593   в файле   80-250897311
На строке 18594   в файле   80-248844539
На строке 18595   в файле   80-250897335
На строке 18596   в файле   80-250897453
На строке 18597   в файле   80-248844838
На строке 18598   в файле   80-252063045
На строке 18599   в файле   80-248845960
На строке 18600   в файле   80-250897824
На строке 18601   в файле   80-250898004
На строке 18602   в файле   80-248845980
На строке 18603   в файле   80-252063141
На строке 18604   в файле   80-248846371
На строке 18605   в файле   80-250898234
На строке 18606   в файле   80-250898351
На строке 18607   в файле   80-248846489
На строке 18608   в файле   80-252063220
На строке 18609   в файле   80-260158897
На строке 18610   в файле   80-260181778
На строке 18611   в файле   80-252464467
На строке 18612   в файле   80-248850652
На строке 18613   в файле   80-248851655
На строке 18614   в файле   80-250906193
На строке 18615   в файле   80-250907828
На строке 18616   в файле   80-250910070
На строке 18617   в файле   80-248859638
На строке 18618   в файле   80-248860378
На строке 18619   в файле   80-260181973
На строке 18620   в файле   80-260185302
На строке 18621   в файле   80-260187210
На строке 18622   в файле   80-260188865
На строке 18623   в файле   80-260188942
На строке 18624   в файле   80-260189674
На строке 18625   в файле   80-260189675
На строке 18626   в файле   80-260189640
На строке 18627   в файле   80-260190267
На строке 18628   в файле   80-260190604
На строке 18629   в файле   80-250901232
На строке 18630   в файле   80-248849499
На строке 18631   в файле   80-248849645
На строке 18632   в файле   80-250900858
На строке 18633   в файле   80-248849684
На строке 18634   в файле   80-248850032
На строке 18635   в файле   80-250900977
На строке 18636   в файле   80-252063540
На строке 18637   в файле   80-248850228
На строке 18638   в файле   80-248850410
На строке 18639   в файле   80-248850648
На строке 18640   в файле   80-248850571
На строке 18641   в файле   80-248850900
На строке 18642   в файле   80-250902593
На строке 18643   в файле   80-250902891
На строке 18644   в файле   80-250902884
На строке 18645   в файле   80-252063955
На строке 18646   в файле   80-250903282
На строке 18647   в файле   80-250903283
На строке 18648   в файле   80-248851634
На строке 18649   в файле   80-252064056
На строке 18650   в файле   80-250903634
На строке 18651   в файле   80-250904048
На строке 18652   в файле   80-252064246
На строке 18653   в файле   80-250904814
На строке 18654   в файле   80-250905130
На строке 18655   в файле   80-250905475
На строке 18656   в файле   80-252064256
На строке 18657   в файле   80-248853117
На строке 18658   в файле   80-250905849
На строке 18659   в файле   80-248853535
На строке 18660   в файле   80-248853955
На строке 18661   в файле   80-252464524
На строке 18662   в файле   80-248854249
На строке 18663   в файле   80-250906556
На строке 18664   в файле   80-248854507
На строке 18665   в файле   80-248854825
На строке 18666   в файле   80-250907495
На строке 18667   в файле   80-250907069
На строке 18668   в файле   80-248855412
На строке 18669   в файле   80-250907818
На строке 18670   в файле   80-248856110
На строке 18671   в файле   80-252064945
На строке 18672   в файле   80-248856552
На строке 18673   в файле   80-248856817
На строке 18674   в файле   80-248857210
На строке 18675   в файле   80-248857125
На строке 18676   в файле   80-248857463
На строке 18677   в файле   80-252941754
На строке 18678   в файле   80-250909396
На строке 18679   в файле   80-252465237
На строке 18680   в файле   80-248857692
На строке 18681   в файле   80-248857800
На строке 18682   в файле   80-250909923
На строке 18683   в файле   80-248858110
На строке 18684   в файле   80-248858153
На строке 18685   в файле   80-250910784
На строке 18686   в файле   80-250910788
На строке 18687   в файле   80-252464847
На строке 18688   в файле   80-248859304
На строке 18689   в файле   80-252065628
На строке 18690   в файле   80-250911612
На строке 18691   в файле   80-250911779
На строке 18692   в файле   80-248859773
На строке 18693   в файле   80-248859908
На строке 18694   в файле   80-248860041
На строке 18695   в файле   80-248860071
На строке 18696   в файле   80-250912110
На строке 18697   в файле   80-252065787
На строке 18698   в файле   80-250912445
На строке 18699   в файле   80-248860398
На строке 18700   в файле   80-252065776
На строке 18701   в файле   80-248860752
На строке 18702   в файле   80-248860766
На строке 18703   в файле   80-248860891
На строке 18704   в файле   80-250912661
На строке 18705   в файле   80-248861012
На строке 18706   в файле   80-248861125
На строке 18708   в файле   80-248861249
На строке 18709   в файле   80-252066020
На строке 18710   в файле   80-260183375
На строке 18711   в файле   80-260182851
На строке 18712   в файле   80-260183227
На строке 18713   в файле   80-260184481
На строке 18714   в файле   80-260184083
На строке 18715   в файле   80-260184314
На строке 18716   в файле   80-260184317
На строке 18717   в файле   80-260184444
На строке 18718   в файле   80-261265950
На строке 18719   в файле   80-261173307
На строке 18720   в файле   80-261173370
На строке 18721   в файле   80-260185457
На строке 18722   в файле   80-260185494
На строке 18723   в файле   80-260185499
На строке 18724   в файле   80-260185747
На строке 18725   в файле   80-260186476
На строке 18726   в файле   80-260186144
На строке 18727   в файле   80-260186766
На строке 18728   в файле   80-260186908
На строке 18729   в файле   80-260187028
На строке 18730   в файле   80-260187708
На строке 18731   в файле   80-260187604
На строке 18732   в файле   80-260187808
На строке 18733   в файле   80-260187949
На строке 18734   в файле   80-260188277
На строке 18735   в файле   80-260188424
На строке 18736   в файле   80-261173326
На строке 18737   в файле   80-248849288
На строке 18738   в файле   80-260180768
На строке 18739   в файле   80-260180775
На строке 18740   в файле   80-260189642
На строке 18741   в файле   80-260169847
На строке 18742   в файле   80-248850245
На строке 18743   в файле   80-252063856
На строке 18744   в файле   80-250905514
На строке 18745   в файле   80-248854523
На строке 18746   в файле   80-252064969
На строке 18747   в файле   80-250908528
На строке 18748   в файле   80-248856810
На строке 18749   в файле   80-250908725
На строке 18750   в файле   80-260170372
На строке 18751   в файле   80-260170680
На строке 18752   в файле   80-260170963
На строке 18753   в файле   80-260171238
На строке 18754   в файле   80-260171545
На строке 18755   в файле   80-260171793
На строке 18756   в файле   80-260171883
На строке 18757   в файле   80-260172693
На строке 18758   в файле   80-260172471
На строке 18759   в файле   80-260172485
На строке 18760   в файле   80-252063629
На строке 18761   в файле   80-248850352
На строке 18762   в файле   80-248850549
На строке 18763   в файле   80-248850820
На строке 18764   в файле   80-248850821
На строке 18765   в файле   80-252063693
На строке 18766   в файле   80-250902236
На строке 18767   в файле   80-250902598
На строке 18768   в файле   80-250902246
На строке 18769   в файле   80-250902423
На строке 18770   в файле   80-250902767
На строке 18771   в файле   80-248851389
На строке 18772   в файле   80-248851737
На строке 18773   в файле   80-248851751
На строке 18774   в файле   80-252064072
На строке 18775   в файле   80-250903673
На строке 18776   в файле   80-250904420
На строке 18777   в файле   80-250904587
На строке 18778   в файле   80-248852776
На строке 18779   в файле   80-250905155
На строке 18780   в файле   80-248853261
На строке 18781   в файле   80-248853696
На строке 18782   в файле   80-250906027
На строке 18783   в файле   80-248853671
На строке 18784   в файле   80-248853822
На строке 18785   в файле   80-252064417
На строке 18786   в файле   80-248854139
На строке 18787   в файле   80-248854247
На строке 18788   в файле   80-248854500
На строке 18789   в файле   80-248854696
На строке 18790   в файле   80-250906723
На строке 18791   в файле   80-248855077
На строке 18792   в файле   80-248855379
На строке 18793   в файле   80-248855262
На строке 18794   в файле   80-248855511
На строке 18795   в файле   80-248855709
На строке 18796   в файле   80-248855828
На строке 18797   в файле   80-250908010
На строке 18798   в файле   80-252064973
На строке 18799   в файле   80-248855992
На строке 18800   в файле   80-250908600
На строке 18801   в файле   80-260168149
На строке 18802   в файле   80-260176742
На строке 18803   в файле   80-252063969
На строке 18804   в файле   80-248853418
На строке 18805   в файле   80-252634157
На строке 18806   в файле   80-248856549
На строке 18807   в файле   80-250910477
На строке 18808   в файле   80-250911969
На строке 18809   в файле   80-250912810
На строке 18810   в файле   80-248861002
На строке 18811   в файле   80-260178734
На строке 18812   в файле   80-260178535
На строке 18813   в файле   80-260179843
На строке 18814   в файле   80-260179395
На строке 18815   в файле   80-260180898
На строке 18816   в файле   80-260180513
На строке 18817   в файле   80-260180767
На строке 18818   в файле   80-260181904
На строке 18819   в файле   80-260182200
На строке 18820   в файле   80-260183291
На строке 18821   в файле   80-250903236
На строке 18822   в файле   80-250903659
На строке 18823   в файле   80-250903450
На строке 18824   в файле   80-250904066
На строке 18825   в файле   80-250904449
На строке 18826   в файле   80-250904257
На строке 18827   в файле   80-250904781
На строке 18828   в файле   80-250904941
На строке 18829   в файле   80-248852928
На строке 18831   в файле   80-250905326
На строке 18832   в файле   80-248853445
На строке 18833   в файле   80-250905873
На строке 18834   в файле   80-250906186
На строке 18835   в файле   80-248853582
На строке 18836   в файле   80-248853859
На строке 18837   в файле   80-248854158
На строке 18838   в файле   80-248854120
На строке 18839   в файле   80-250906395
На строке 18840   в файле   80-250906542
На строке 18841   в файле   80-252464580
На строке 18842   в файле   80-248854954
На строке 18843   в файле   80-248855235
На строке 18844   в файле   80-248855380
На строке 18845   в файле   80-248855535
На строке 18846   в файле   80-252617346
На строке 18847   в файле   80-248855984
На строке 18848   в файле   80-250907829
На строке 18849   в файле   80-248856114
На строке 18851   в файле   80-248856121
На строке 18852   в файле   80-250908147
На строке 18853   в файле   80-248856384
На строке 18854   в файле   80-248856850
На строке 18855   в файле   80-252065148
На строке 18856   в файле   80-250908874
На строке 18857   в файле   80-248857083
На строке 18858   в файле   80-252065176
На строке 18859   в файле   80-248857346
На строке 18860   в файле   80-250909391
На строке 18861   в файле   80-248857482
На строке 18862   в файле   80-248857604
На строке 18863   в файле   80-248857700
На строке 18864   в файле   80-248858106
На строке 18865   в файле   80-250910253
На строке 18866   в файле   80-248858805
На строке 18867   в файле   80-250911147
На строке 18868   в файле   80-252065539
На строке 18869   в файле   80-252065615
На строке 18870   в файле   80-248859339
На строке 18871   в файле   80-252065633
На строке 18872   в файле   80-252065722
На строке 18873   в файле   80-250911824
На строке 18874   в файле   80-248859782
На строке 18875   в файле   80-248859826
На строке 18876   в файле   80-250912109
На строке 18877   в файле   80-250912140
На строке 18878   в файле   80-248860141
На строке 18879   в файле   80-250912458
На строке 18880   в файле   80-248860159
На строке 18881   в файле   80-248860428
На строке 18882   в файле   80-248860305
На строке 18883   в файле   80-248860762
На строке 18884   в файле   80-248860918
На строке 18885   в файле   80-260175367
На строке 18886   в файле   80-260175944
На строке 18887   в файле   80-260177332
На строке 18888   в файле   80-260177714
На строке 18889   в файле   80-260174811
На строке 18890   в файле   80-248854726
На строке 18891   в файле   80-248856950
На строке 18892   в файле   80-248857989
На строке 18893   в файле   80-250910448
На строке 18894   в файле   80-248858243
На строке 18895   в файле   80-250911283
На строке 18896   в файле   80-248859403
На строке 18897   в файле   80-248859642
На строке 18898   в файле   80-260174705
На строке 18899   в файле   80-260175031
На строке 18900   в файле   80-260175700
На строке 18901   в файле   80-260175863
На строке 18902   в файле   80-260176333
На строке 18903   в файле   80-260177688
На строке 18904   в файле   80-260178644
На строке 18905   в файле   80-260178595
На строке 18906   в файле   80-260179504
На строке 18907   в файле   80-260179673
На строке 18908   в файле   80-248854720
На строке 18909   в файле   80-248854911
На строке 18910   в файле   80-250906955
На строке 18911   в файле   80-250907333
На строке 18912   в файле   80-248855707
На строке 18913   в файле   80-252064865
На строке 18914   в файле   80-248856109
На строке 18915   в файле   80-248856251
На строке 18916   в файле   80-252065028
На строке 18917   в файле   80-250908342
На строке 18918   в файле   80-248856818
На строке 18919   в файле   80-250908917
На строке 18920   в файле   80-248857107
На строке 18921   в файле   80-252065142
На строке 18922   в файле   80-248857512
На строке 18923   в файле   80-250909222
На строке 18924   в файле   80-250909392
На строке 18925   в файле   80-248857591
На строке 18926   в файле   80-250909766
На строке 18927   в файле   80-250910149
На строке 18928   в файле   80-248853854
На строке 18929   в файле   80-260174279
На строке 18930   в файле   80-261173301
На строке 18931   в файле   80-260202040
На строке 18932   в файле   80-260203411
На строке 18933   в файле   80-248861131
На строке 18934   в файле   80-248861441
На строке 18935   в файле   80-250915022
На строке 18936   в файле   80-250914997
На строке 18937   в файле   80-248866029
На строке 18938   в файле   80-250916513
На строке 18939   в файле   80-252067384
На строке 18940   в файле   80-252067505
На строке 18941   в файле   80-248874436
На строке 18942   в файле   80-248874549
На строке 18943   в файле   80-250924003
На строке 18944   в файле   80-250930026
На строке 18945   в файле   80-252071318
На строке 18946   в файле   80-250932352
На строке 18947   в файле   80-252468914
На строке 18948   в файле   80-250936106
На строке 18949   в файле   80-250936233
На строке 18950   в файле   80-260203566
На строке 18951   в файле   80-260204792
На строке 18952   в файле   80-260227839
На строке 18953   в файле   80-260227874
На строке 18954   в файле   80-260239928
На строке 18955   в файле   80-260239951
На строке 18956   в файле   80-260257941
На строке 18957   в файле   80-260258870
На строке 18958   в файле   80-261178272
На строке 18959   в файле   80-260266424
На строке 18960   в файле   80-261179334
На строке 18961   в файле   80-261179628
На строке 18962   в файле   80-260272139
На строке 18963   в файле   80-260272322
На строке 18964   в файле   80-260275796
На строке 18965   в файле   80-261180127
На строке 18966   в файле   80-260276512
На строке 18967   в файле   80-261180334
На строке 18968   в файле   80-260276647
На строке 18969   в файле   80-260277639
На строке 18970   в файле   80-260277673
На строке 18971   в файле   80-261180243
На строке 18972   в файле   80-248861387
На строке 18973   в файле   80-250913726
На строке 18974   в файле   80-248862164
На строке 18975   в файле   80-252065944
На строке 18976   в файле   80-248862141
На строке 18977   в файле   80-248862122
На строке 18978   в файле   80-248862213
На строке 18979   в файле   80-252066162
На строке 18980   в файле   80-252066120
На строке 18981   в файле   80-252066163
На строке 18982   в файле   80-248862894
На строке 18983   в файле   80-252066274
На строке 18984   в файле   80-248862910
На строке 18985   в файле   80-248863019
На строке 18986   в файле   80-250914677
На строке 18987   в файле   80-250914828
На строке 18988   в файле   80-248863378
На строке 18989   в файле   80-252066328
На строке 18990   в файле   80-250914852
На строке 18991   в файле   80-252066329
На строке 18992   в файле   80-248863634
На строке 18993   в файле   80-252066433
На строке 18994   в файле   80-248864387
На строке 18995   в файле   80-250915433
На строке 18996   в файле   80-248864394
На строке 18997   в файле   80-250915347
На строке 18998   в файле   80-248864525
На строке 18999   в файле   80-248864502
На строке 19000   в файле   80-248864734
На строке 19001   в файле   80-248864861
На строке 19002   в файле   80-248864972
На строке 19003   в файле   80-250915645
На строке 19004   в файле   80-248865180
На строке 19005   в файле   80-248865290
На строке 19006   в файле   80-248865518
На строке 19007   в файле   80-248865599
На строке 19008   в файле   80-248865648
На строке 19009   в файле   80-250916569
На строке 19010   в файле   80-248865904
На строке 19011   в файле   80-250916247
На строке 19012   в файле   80-248866202
На строке 19013   в файле   80-250916681
На строке 19014   в файле   80-248866265
На строке 19015   в файле   80-250917183
На строке 19016   в файле   80-248867133
На строке 19017   в файле   80-252066663
На строке 19018   в файле   80-248867337
На строке 19019   в файле   80-252066736
На строке 19020   в файле   80-248867652
На строке 19021   в файле   80-252569742
На строке 19022   в файле   80-250918127
На строке 19023   в файле   80-250918103
На строке 19024   в файле   80-248868716
На строке 19025   в файле   80-250918293
На строке 19026   в файле   80-248868898
На строке 19027   в файле   80-248869207
На строке 19028   в файле   80-250920350
На строке 19029   в файле   80-252067255
На строке 19030   в файле   80-248869510
На строке 19031   в файле   80-252067256
На строке 19032   в файле   80-248870273
На строке 19033   в файле   80-250920992
На строке 19034   в файле   80-250921485
На строке 19035   в файле   80-250921492
На строке 19036   в файле   80-248871641
На строке 19037   в файле   80-252067668
На строке 19038   в файле   80-248871885
На строке 19039   в файле   80-250921731
На строке 19040   в файле   80-248872338
На строке 19041   в файле   80-250921974
На строке 19042   в файле   80-248872229
На строке 19043   в файле   80-250922203
На строке 19044   в файле   80-250922063
На строке 19045   в файле   80-250922398
На строке 19046   в файле   80-248872774
На строке 19047   в файле   80-248872799
На строке 19048   в файле   80-250922621
На строке 19049   в файле   80-250922846
На строке 19050   в файле   80-252067904
На строке 19051   в файле   80-250923114
На строке 19052   в файле   80-250923605
На строке 19053   в файле   80-252068279
На строке 19054   в файле   80-252068285
На строке 19055   в файле   80-248875546
На строке 19056   в файле   80-250927960
На строке 19057   в файле   80-248881873
На строке 19058   в файле   80-250928082
На строке 19059   в файле   80-248882689
На строке 19060   в файле   80-252070609
На строке 19061   в файле   80-248882829
На строке 19062   в файле   80-252070770
На строке 19063   в файле   80-248883076
На строке 19064   в файле   80-250928927
На строке 19065   в файле   80-250928963
На строке 19066   в файле   80-250929132
На строке 19067   в файле   80-250929121
На строке 19068   в файле   80-250929307
На строке 19069   в файле   80-250929708
На строке 19070   в файле   80-252070903
На строке 19071   в файле   80-252070918
На строке 19072   в файле   80-252071064
На строке 19073   в файле   80-248885262
На строке 19074   в файле   80-250930193
На строке 19075   в файле   80-250930486
На строке 19076   в файле   80-250930215
На строке 19077   в файле   80-250930490
На строке 19078   в файле   80-252467711
На строке 19079   в файле   80-248886065
На строке 19080   в файле   80-250930656
На строке 19081   в файле   80-250930737
На строке 19082   в файле   80-250930863
На строке 19083   в файле   80-248886625
На строке 19084   в файле   80-252071736
На строке 19085   в файле   80-248886974
На строке 19086   в файле   80-252071733
На строке 19087   в файле   80-250931481
На строке 19088   в файле   80-250931579
На строке 19089   в файле   80-248887857
На строке 19090   в файле   80-250931768
На строке 19091   в файле   80-248888240
На строке 19092   в файле   80-250931775
На строке 19093   в файле   80-250932541
На строке 19094   в файле   80-250932722
На строке 19095   в файле   80-252072351
На строке 19096   в файле   80-252072587
На строке 19097   в файле   80-252072854
На строке 19098   в файле   80-248891140
На строке 19099   в файле   80-248891333
На строке 19100   в файле   80-248891522
На строке 19101   в файле   80-250934184
На строке 19102   в файле   80-250934198
На строке 19103   в файле   80-252469802
На строке 19104   в файле   80-250934767
На строке 19105   в файле   80-252073209
На строке 19106   в файле   80-250935238
На строке 19107   в файле   80-252073567
На строке 19108   в файле   80-248894505
На строке 19109   в файле   80-250935735
На строке 19110   в файле   80-248895345
На строке 19111   в файле   80-250935840
На строке 19112   в файле   80-250935859
На строке 19113   в файле   80-252470580
На строке 19114   в файле   80-248896772
На строке 19115   в файле   80-248896444
На строке 19116   в файле   80-248897190
На строке 19117   в файле   80-250936436
На строке 19118   в файле   80-248897617
На строке 19119   в файле   80-250936441
На строке 19120   в файле   80-250936616
На строке 19121   в файле   80-252074082
На строке 19122   в файле   80-248898010
На строке 19123   в файле   80-250936947
На строке 19124   в файле   80-250937065
На строке 19125   в файле   80-252074309
На строке 19126   в файле   80-250937214
На строке 19127   в файле   80-250937267
На строке 19128   в файле   80-250937340
На строке 19129   в файле   80-252074563
На строке 19130   в файле   80-248899672
На строке 19131   в файле   80-248900268
На строке 19132   в файле   80-250937726
На строке 19133   в файле   80-252075010
На строке 19134   в файле   80-260204883
На строке 19135   в файле   80-260205799
На строке 19136   в файле   80-261174141
На строке 19137   в файле   80-260207104
На строке 19138   в файле   80-261174959
На строке 19139   в файле   80-261174406
На строке 19140   в файле   80-261174582
На строке 19141   в файле   80-261174744
На строке 19142   в файле   80-261174750
На строке 19143   в файле   80-260208621
На строке 19144   в файле   80-261174819
На строке 19145   в файле   80-260210192
На строке 19146   в файле   80-260210035
На строке 19147   в файле   80-260211457
На строке 19148   в файле   80-260210724
На строке 19149   в файле   80-260213083
На строке 19150   в файле   80-261175054
На строке 19151   в файле   80-260213676
На строке 19152   в файле   80-260215214
На строке 19153   в файле   80-260226445
На строке 19154   в файле   80-260227055
На строке 19155   в файле   80-260229238
На строке 19156   в файле   80-260230504
На строке 19157   в файле   80-260231035
На строке 19158   в файле   80-260231151
На строке 19159   в файле   80-260231978
На строке 19160   в файле   80-261176240
На строке 19161   в файле   80-260232359
На строке 19162   в файле   80-260232416
На строке 19163   в файле   80-260233917
На строке 19164   в файле   80-261176611
На строке 19165   в файле   80-261176211
На строке 19166   в файле   80-261176579
На строке 19167   в файле   80-261176490
На строке 19168   в файле   80-261176706
На строке 19169   в файле   80-260235486
На строке 19170   в файле   80-260235549
На строке 19171   в файле   80-261177083
На строке 19172   в файле   80-261177058
На строке 19173   в файле   80-260239258
На строке 19174   в файле   80-261177206
На строке 19175   в файле   80-260241144
На строке 19176   в файле   80-260241308
На строке 19177   в файле   80-260242572
На строке 19178   в файле   80-260242999
На строке 19179   в файле   80-260243946
На строке 19180   в файле   80-260243983
На строке 19181   в файле   80-260245454
На строке 19182   в файле   80-260245942
На строке 19183   в файле   80-260248329
На строке 19184   в файле   80-260248830
На строке 19185   в файле   80-260249927
На строке 19186   в файле   80-260249826
На строке 19187   в файле   80-260251377
На строке 19188   в файле   80-260251472
На строке 19189   в файле   80-260252328
На строке 19190   в файле   80-261178044
На строке 19191   в файле   80-260254072
На строке 19192   в файле   80-260253700
На строке 19193   в файле   80-260255017
На строке 19194   в файле   80-261177793
На строке 19195   в файле   80-260260489
На строке 19196   в файле   80-260261579
На строке 19197   в файле   80-261178465
На строке 19198   в файле   80-260262442
На строке 19199   в файле   80-260263041
На строке 19200   в файле   80-260263053
На строке 19201   в файле   80-261179362
На строке 19202   в файле   80-260263848
На строке 19203   в файле   80-260264778
На строке 19204   в файле   80-260264560
На строке 19205   в файле   80-261178709
На строке 19206   в файле   80-261178378
На строке 19207   в файле   80-261179001
На строке 19208   в файле   80-261179298
На строке 19209   в файле   80-261179111
На строке 19210   в файле   80-260265674
На строке 19211   в файле   80-261179188
На строке 19212   в файле   80-260266190
На строке 19213   в файле   80-260266527
На строке 19214   в файле   80-260267031
На строке 19215   в файле   80-261179504
На строке 19216   в файле   80-260267182
На строке 19217   в файле   80-260268552
На строке 19218   в файле   80-260268481
На строке 19219   в файле   80-260267844
На строке 19220   в файле   80-260269247
На строке 19221   в файле   80-260268046
На строке 19222   в файле   80-260268666
На строке 19223   в файле   80-260269756
На строке 19224   в файле   80-260269183
На строке 19225   в файле   80-260269792
На строке 19226   в файле   80-260269315
На строке 19227   в файле   80-260270918
На строке 19228   в файле   80-260270531
На строке 19229   в файле   80-261179840
На строке 19230   в файле   80-260270471
На строке 19231   в файле   80-260271540
На строке 19232   в файле   80-260270552
На строке 19233   в файле   80-261179734
На строке 19234   в файле   80-260271780
На строке 19235   в файле   80-260271174
На строке 19236   в файле   80-260272438
На строке 19237   в файле   80-260272740
На строке 19238   в файле   80-260273898
На строке 19239   в файле   80-260273050
На строке 19240   в файле   80-260273377
На строке 19241   в файле   80-260274844
На строке 19242   в файле   80-260273841
На строке 19243   в файле   80-260274444
На строке 19244   в файле   80-260274521
На строке 19245   в файле   80-261179816
На строке 19246   в файле   80-261179797
На строке 19247   в файле   80-260275147
На строке 19248   в файле   80-260275283
На строке 19249   в файле   80-260276328
На строке 19250   в файле   80-260276308
На строке 19251   в файле   80-260197698
На строке 19252   в файле   80-261173879
На строке 19253   в файле   80-260243787
На строке 19254   в файле   80-260267028
На строке 19255   в файле   80-260275018
На строке 19256   в файле   80-250935466
На строке 19257   в файле   80-260194908
На строке 19258   в файле   80-248864621
На строке 19259   в файле   80-248879789
На строке 19260   в файле   80-248881048
На строке 19261   в файле   80-252467310
На строке 19262   в файле   80-250929500
На строке 19263   в файле   80-248886489
На строке 19264   в файле   80-250932149
На строке 19265   в файле   80-250934120
На строке 19266   в файле   80-250934164
На строке 19267   в файле   80-260196720
На строке 19268   в файле   80-260206047
На строке 19269   в файле   80-260211340
На строке 19270   в файле   80-261175434
На строке 19271   в файле   80-261175485
На строке 19272   в файле   80-261176358
На строке 19273   в файле   80-260225859
На строке 19274   в файле   80-260231153
На строке 19275   в файле   80-260235497
На строке 19276   в файле   80-261177243
На строке 19277   в файле   80-248864884
На строке 19278   в файле   80-248865905
На строке 19279   в файле   80-248865918
На строке 19280   в файле   80-252066914
На строке 19281   в файле   80-250921015
На строке 19282   в файле   80-250922062
На строке 19283   в файле   80-248873468
На строке 19284   в файле   80-252068317
На строке 19285   в файле   80-250924370
На строке 19287   в файле   80-252069458
На строке 19288   в файле   80-248879593
На строке 19289   в файле   80-252069989
На строке 19290   в файле   80-248879994
На строке 19291   в файле   80-250926566
На строке 19292   в файле   80-250926702
На строке 19293   в файле   80-248880460
На строке 19294   в файле   80-250926764
На строке 19295   в файле   80-248880594
На строке 19296   в файле   80-252070060
На строке 19297   в файле   80-248880940
На строке 19298   в файле   80-248880918
На строке 19299   в файле   80-250927069
На строке 19300   в файле   80-248881189
На строке 19301   в файле   80-248881171
На строке 19302   в файле   80-252070145
На строке 19303   в файле   80-250927631
На строке 19304   в файле   80-250927847
На строке 19305   в файле   80-250927647
На строке 19306   в файле   80-248881483
На строке 19307   в файле   80-248881430
На строке 19308   в файле   80-250927850
На строке 19309   в файле   80-248881534
На строке 19310   в файле   80-250928267
На строке 19311   в файле   80-248882583
На строке 19312   в файле   80-248882704
На строке 19313   в файле   80-250929046
На строке 19314   в файле   80-250928831
На строке 19315   в файле   80-252070769
На строке 19316   в файле   80-250929259
На строке 19317   в файле   80-250929126
На строке 19318   в файле   80-250929305
На строке 19319   в файле   80-250929591
На строке 19320   в файле   80-250929713
На строке 19321   в файле   80-252071155
На строке 19322   в файле   80-250929937
На строке 19323   в файле   80-250929816
На строке 19324   в файле   80-252071325
На строке 19325   в файле   80-248885856
На строке 19326   в файле   80-250930672
На строке 19327   в файле   80-252468058
На строке 19328   в файле   80-250930543
На строке 19329   в файле   80-250930856
На строке 19330   в файле   80-252071886
На строке 19331   в файле   80-248886781
На строке 19332   в файле   80-252071744
На строке 19333   в файле   80-252071800
На строке 19334   в файле   80-248887468
На строке 19335   в файле   80-250931647
На строке 19336   в файле   80-252071961
На строке 19337   в файле   80-248888033
На строке 19338   в файле   80-250931980
На строке 19339   в файле   80-250932147
На строке 19340   в файле   80-248889170
На строке 19341   в файле   80-250932480
На строке 19342   в файле   80-250932731
На строке 19343   в файле   80-248889735
На строке 19344   в файле   80-248890006
На строке 19345   в файле   80-250932707
На строке 19346   в файле   80-252469695
На строке 19347   в файле   80-252072498
На строке 19348   в файле   80-252072636
На строке 19349   в файле   80-248891139
На строке 19350   в файле   80-248891892
На строке 19351   в файле   80-250934244
На строке 19352   в файле   80-252073041
На строке 19353   в файле   80-248892729
На строке 19354   в файле   80-248892894
На строке 19355   в файле   80-252073436
На строке 19356   в файле   80-252469848
На строке 19357   в файле   80-250935138
На строке 19358   в файле   80-250935318
На строке 19359   в файле   80-250935478
На строке 19360   в файле   80-260197277
На строке 19361   в файле   80-260198482
На строке 19362   в файле   80-261173677
На строке 19363   в файле   80-260200265
На строке 19364   в файле   80-260200237
На строке 19365   в файле   80-260202030
На строке 19366   в файле   80-260203487
На строке 19367   в файле   80-260204039
На строке 19368   в файле   80-260204739
На строке 19369   в файле   80-261174192
На строке 19370   в файле   80-260206272
На строке 19371   в файле   80-260207916
На строке 19372   в файле   80-260206936
На строке 19373   в файле   80-261174413
На строке 19374   в файле   80-261174739
На строке 19375   в файле   80-261174655
На строке 19376   в файле   80-260208592
На строке 19377   в файле   80-260208899
На строке 19378   в файле   80-260210028
На строке 19379   в файле   80-260211346
На строке 19380   в файле   80-260212235
На строке 19381   в файле   80-261175056
На строке 19382   в файле   80-260212857
На строке 19383   в файле   80-261175028
На строке 19384   в файле   80-261175383
На строке 19385   в файле   80-261175111
На строке 19386   в файле   80-260214180
На строке 19387   в файле   80-260214312
На строке 19388   в файле   80-261175316
На строке 19389   в файле   80-260214756
На строке 19390   в файле   80-260215540
На строке 19391   в файле   80-260215379
На строке 19392   в файле   80-260215667
На строке 19393   в файле   80-260215805
На строке 19394   в файле   80-260216482
На строке 19395   в файле   80-260216876
На строке 19396   в файле   80-260216906
На строке 19397   в файле   80-260216962
На строке 19398   в файле   80-261175782
На строке 19399   в файле   80-261175785
На строке 19400   в файле   80-260218051
На строке 19401   в файле   80-261175808
На строке 19402   в файле   80-260218541
На строке 19403   в файле   80-260218737
На строке 19404   в файле   80-260220182
На строке 19405   в файле   80-260219673
На строке 19406   в файле   80-261266326
На строке 19407   в файле   80-260221035
На строке 19408   в файле   80-260220150
На строке 19409   в файле   80-260220315
На строке 19410   в файле   80-261175825
На строке 19411   в файле   80-260220834
На строке 19412   в файле   80-260221702
На строке 19413   в файле   80-261175826
На строке 19414   в файле   80-260221718
На строке 19415   в файле   80-260221549
На строке 19416   в файле   80-260222495
На строке 19417   в файле   80-261176195
На строке 19418   в файле   80-260223086
На строке 19419   в файле   80-260223116
На строке 19420   в файле   80-260223793
На строке 19421   в файле   80-260225000
На строке 19422   в файле   80-260226494
На строке 19423   в файле   80-260226411
На строке 19424   в файле   80-260227817
На строке 19425   в файле   80-260227824
На строке 19426   в файле   80-260227997
На строке 19427   в файле   80-260228564
На строке 19428   в файле   80-260230635
На строке 19429   в файле   80-260229796
На строке 19430   в файле   80-260230425
На строке 19431   в файле   80-260232079
На строке 19432   в файле   80-260231644
На строке 19433   в файле   80-260232685
На строке 19434   в файле   80-260233352
На строке 19435   в файле   80-260233561
На строке 19436   в файле   80-260234058
На строке 19437   в файле   80-260233825
На строке 19438   в файле   80-260233900
На строке 19439   в файле   80-260234650
На строке 19440   в файле   80-261266315
На строке 19441   в файле   80-261176711
На строке 19442   в файле   80-261176715
На строке 19443   в файле   80-261266324
На строке 19444   в файле   80-260235977
На строке 19445   в файле   80-260237984
На строке 19446   в файле   80-260238634
На строке 19447   в файле   80-260238663
На строке 19448   в файле   80-261177041
На строке 19449   в файле   80-260240205
На строке 19450   в файле   80-260241132
На строке 19451   в файле   80-260241179
На строке 19452   в файле   80-260242778
На строке 19453   в файле   80-260244389
На строке 19454   в файле   80-261177541
На строке 19455   в файле   80-260246060
На строке 19456   в файле   80-260248366
На строке 19457   в файле   80-260249828
На строке 19458   в файле   80-260252136
На строке 19459   в файле   80-260252743
На строке 19460   в файле   80-260255158
На строке 19461   в файле   80-261178154
На строке 19462   в файле   80-260257290
На строке 19463   в файле   80-250915548
На строке 19464   в файле   80-252066476
На строке 19465   в файле   80-248865071
На строке 19466   в файле   80-248865174
На строке 19467   в файле   80-252066478
На строке 19468   в файле   80-248865409
На строке 19469   в файле   80-248865465
На строке 19470   в файле   80-248865442
На строке 19471   в файле   80-248865707
На строке 19472   в файле   80-252066673
На строке 19473   в файле   80-250916531
На строке 19474   в файле   80-250916804
На строке 19475   в файле   80-250917013
На строке 19476   в файле   80-250916885
На строке 19477   в файле   80-250917152
На строке 19478   в файле   80-250917336
На строке 19479   в файле   80-252066650
На строке 19480   в файле   80-248867277
На строке 19481   в файле   80-248867316
На строке 19482   в файле   80-250917457
На строке 19483   в файле   80-250917616
На строке 19484   в файле   80-248868359
На строке 19485   в файле   80-250918321
На строке 19486   в файле   80-248868717
На строке 19487   в файле   80-252066925
На строке 19488   в файле   80-248869221
На строке 19489   в файле   80-248869030
На строке 19490   в файле   80-252067262
На строке 19491   в файле   80-248869377
На строке 19492   в файле   80-248869554
На строке 19493   в файле   80-252067385
На строке 19494   в файле   80-252067549
На строке 19495   в файле   80-248870523
На строке 19496   в файле   80-250921247
На строке 19497   в файле   80-252067749
На строке 19498   в файле   80-248870889
На строке 19499   в файле   80-248871097
На строке 19500   в файле   80-250921481
На строке 19501   в файле   80-248871768
На строке 19502   в файле   80-250921982
На строке 19503   в файле   80-250921806
На строке 19504   в файле   80-250921983
На строке 19505   в файле   80-252067964
На строке 19506   в файле   80-248872592
На строке 19507   в файле   80-248872445
На строке 19508   в файле   80-248872409
На строке 19509   в файле   80-250922194
На строке 19510   в файле   80-252067896
На строке 19511   в файле   80-248872770
На строке 19512   в файле   80-250922625
На строке 19513   в файле   80-248873244
На строке 19514   в файле   80-250922866
На строке 19515   в файле   80-248873516
На строке 19516   в файле   80-250922851
На строке 19517   в файле   80-250923121
На строке 19518   в файле   80-248874116
На строке 19519   в файле   80-250923343
На строке 19520   в файле   80-250923344
На строке 19521   в файле   80-248874442
На строке 19522   в файле   80-252068201
На строке 19523   в файле   80-250923806
На строке 19524   в файле   80-248875052
На строке 19525   в файле   80-252068296
На строке 19526   в файле   80-248875740
На строке 19527   в файле   80-252068442
На строке 19528   в файле   80-252568445
На строке 19529   в файле   80-248876014
На строке 19530   в файле   80-248875854
На строке 19531   в файле   80-250924298
На строке 19532   в файле   80-252068815
На строке 19533   в файле   80-252068915
На строке 19534   в файле   80-250924594
На строке 19535   в файле   80-248876599
На строке 19536   в файле   80-252069126
На строке 19537   в файле   80-252569086
На строке 19538   в файле   80-250924702
На строке 19539   в файле   80-252634829
На строке 19540   в файле   80-250924708
На строке 19541   в файле   80-252466252
На строке 19543   в файле   80-250924944
На строке 19544   в файле   80-250924960
На строке 19545   в файле   80-250924948
На строке 19546   в файле   80-248877959
На строке 19547   в файле   80-252466631
На строке 19548   в файле   80-250925162
На строке 19549   в файле   80-252069545
На строке 19550   в файле   80-248878158
На строке 19551   в файле   80-248878311
На строке 19552   в файле   80-250925405
На строке 19553   в файле   80-252569727
На строке 19554   в файле   80-252069528
На строке 19555   в файле   80-250925917
На строке 19556   в файле   80-250926216
На строке 19557   в файле   80-250926035
На строке 19558   в файле   80-248862914
На строке 19559   в файле   80-260193126
На строке 19560   в файле   80-248863137
На строке 19561   в файле   80-260193330
На строке 19562   в файле   80-248863153
На строке 19563   в файле   80-260193045
На строке 19564   в файле   80-248863524
На строке 19565   в файле   80-260193832
На строке 19566   в файле   80-248863501
На строке 19567   в файле   80-260194774
На строке 19568   в файле   80-260194329
На строке 19569   в файле   80-260194700
На строке 19570   в файле   80-261265987
На строке 19571   в файле   80-260196008
На строке 19572   в файле   80-260190848
На строке 19573   в файле   80-250915903
На строке 19574   в файле   80-248867482
На строке 19575   в файле   80-248869938
На строке 19576   в файле   80-248871871
На строке 19577   в файле   80-250922854
На строке 19578   в файле   80-252465937
На строке 19579   в файле   80-250924713
На строке 19580   в файле   80-250924850
На строке 19581   в файле   80-261173476
На строке 19582   в файле   80-260191813
На строке 19583   в файле   80-260191820
На строке 19584   в файле   80-261173673
На строке 19585   в файле   80-260192129
На строке 19586   в файле   80-260192123
На строке 19587   в файле   80-260191403
На строке 19588   в файле   80-260193343
На строке 19589   в файле   80-260192384
На строке 19590   в файле   80-260193500
На строке 19591   в файле   80-248864984
На строке 19592   в файле   80-250915896
На строке 19593   в файле   80-250916244
На строке 19594   в файле   80-248865623
На строке 19595   в файле   80-248865715
На строке 19596   в файле   80-250916215
На строке 19597   в файле   80-252066582
На строке 19598   в файле   80-248866157
На строке 19599   в файле   80-248866027
На строке 19600   в файле   80-250916378
На строке 19601   в файле   80-250917777
На строке 19602   в файле   80-250917950
На строке 19603   в файле   80-248868534
На строке 19604   в файле   80-252067013
На строке 19605   в файле   80-252067095
На строке 19606   в файле   80-252067081
На строке 19607   в файле   80-252067099
На строке 19608   в файле   80-248869216
На строке 19609   в файле   80-248869426
На строке 19610   в файле   80-250920318
На строке 19611   в файле   80-248870119
На строке 19612   в файле   80-248870106
На строке 19613   в файле   80-252067547
На строке 19614   в файле   80-248870430
На строке 19615   в файле   80-252067551
На строке 19616   в файле   80-250921145
На строке 19617   в файле   80-250921243
На строке 19618   в файле   80-248870917
На строке 19619   в файле   80-250921606
На строке 19620   в файле   80-250921734
На строке 19621   в файле   80-252067850
На строке 19622   в файле   80-248872223
На строке 19623   в файле   80-250922298
На строке 19624   в файле   80-250922313
На строке 19625   в файле   80-250922391
На строке 19626   в файле   80-248872795
На строке 19627   в файле   80-250922620
На строке 19628   в файле   80-250922624
На строке 19629   в файле   80-248873116
На строке 19630   в файле   80-248873267
На строке 19631   в файле   80-252068008
На строке 19632   в файле   80-250923090
На строке 19633   в файле   80-248874728
На строке 19634   в файле   80-252068134
На строке 19635   в файле   80-248874881
На строке 19636   в файле   80-248875222
На строке 19637   в файле   80-252068133
На строке 19638   в файле   80-252568465
На строке 19639   в файле   80-252618109
На строке 19640   в файле   80-252068771
На строке 19641   в файле   80-252568451
На строке 19642   в файле   80-250924212
На строке 19643   в файле   80-252068825
На строке 19644   в файле   80-252068830
На строке 19645   в файле   80-248876637
На строке 19646   в файле   80-252068955
На строке 19647   в файле   80-248877243
На строке 19648   в файле   80-248864626
На строке 19649   в файле   80-260190827
На строке 19650   в файле   80-260190836
На строке 19651   в файле   80-260195168
На строке 19652   в файле   80-250923339
На строке 19653   в файле   80-250929490
На строке 19654   в файле   80-250930485
На строке 19655   в файле   80-250932143
На строке 19656   в файле   80-250934062
На строке 19657   в файле   80-250935607
На строке 19658   в файле   80-252073897
На строке 19659   в файле   80-250937288
На строке 19660   в файле   80-260195543
На строке 19661   в файле   80-260197025
На строке 19662   в файле   80-260197282
На строке 19663   в файле   80-260198327
На строке 19664   в файле   80-260199233
На строке 19665   в файле   80-261173799
На строке 19666   в файле   80-260199634
На строке 19667   в файле   80-260202033
На строке 19668   в файле   80-260203347
На строке 19669   в файле   80-260204299
На строке 19670   в файле   80-252068054
На строке 19671   в файле   80-248874415
На строке 19672   в файле   80-248874705
На строке 19673   в файле   80-250923844
На строке 19674   в файле   80-250923815
На строке 19675   в файле   80-248881825
На строке 19676   в файле   80-248875240
На строке 19677   в файле   80-250924117
На строке 19678   в файле   80-250928038
На строке 19679   в файле   80-252070605
На строке 19680   в файле   80-252070553
На строке 19681   в файле   80-248882944
На строке 19682   в файле   80-250929322
На строке 19683   в файле   80-252071042
На строке 19684   в файле   80-248884093
На строке 19685   в файле   80-250929417
На строке 19686   в файле   80-248884407
На строке 19687   в файле   80-250929736
На строке 19688   в файле   80-250929935
На строке 19689   в файле   80-252071319
На строке 19690   в файле   80-252467773
На строке 19691   в файле   80-250930220
На строке 19692   в файле   80-252467657
На строке 19693   в файле   80-250930670
На строке 19694   в файле   80-250930837
На строке 19695   в файле   80-250930915
На строке 19696   в файле   80-250931036
На строке 19697   в файле   80-248887086
На строке 19699   в файле   80-248887651
На строке 19700   в файле   80-250931568
На строке 19701   в файле   80-252071989
На строке 19702   в файле   80-248888387
На строке 19703   в файле   80-250931982
На строке 19704   в файле   80-248888989
На строке 19705   в файле   80-248889191
На строке 19706   в файле   80-248889348
На строке 19707   в файле   80-252468932
На строке 19708   в файле   80-248889516
На строке 19709   в файле   80-250932732
На строке 19710   в файле   80-248890587
На строке 19711   в файле   80-248890712
На строке 19712   в файле   80-252072706
На строке 19713   в файле   80-250933984
На строке 19714   в файле   80-252072852
На строке 19715   в файле   80-252072987
На строке 19716   в файле   80-248891912
На строке 19717   в файле   80-252073151
На строке 19718   в файле   80-248892319
На строке 19719   в файле   80-248892723
На строке 19720   в файле   80-252073290
На строке 19721   в файле   80-250934968
На строке 19722   в файле   80-248893549
На строке 19723   в файле   80-250935316
На строке 19724   в файле   80-250935536
На строке 19725   в файле   80-250935660
На строке 19726   в файле   80-248894932
На строке 19727   в файле   80-248894818
На строке 19728   в файле   80-252073683
На строке 19729   в файле   80-252470470
На строке 19730   в файле   80-252073575
На строке 19731   в файле   80-250935893
На строке 19732   в файле   80-250935921
На строке 19734   в файле   80-250936107
На строке 19735   в файле   80-250936235
На строке 19736   в файле   80-248897167
На строке 19737   в файле   80-252073989
На строке 19738   в файле   80-250936612
На строке 19740   в файле   80-252470483
На строке 19741   в файле   80-248898277
На строке 19742   в файле   80-250937120
На строке 19743   в файле   80-250937000
На строке 19744   в файле   80-248898771
На строке 19745   в файле   80-252074485
На строке 19746   в файле   80-250937126
На строке 19747   в файле   80-252074671
На строке 19748   в файле   80-248873266
На строке 19749   в файле   80-260194577
На строке 19750   в файле   80-261173560
На строке 19751   в файле   80-260197243
На строке 19752   в файле   80-248887862
На строке 19753   в файле   80-248890769
На строке 19754   в файле   80-248894735
На строке 19755   в файле   80-252074152
На строке 19756   в файле   80-250937714
На строке 19757   в файле   80-252075075
На строке 19758   в файле   80-252076669
На строке 19759   в файле   80-250939002
На строке 19760   в файле   80-260198677
На строке 19761   в файле   80-261274883
На строке 19762   в файле   80-260199103
На строке 19763   в файле   80-260202036
На строке 19764   в файле   80-261173845
На строке 19765   в файле   80-261174049
На строке 19766   в файле   80-260202897
На строке 19767   в файле   80-260204812
На строке 19768   в файле   80-260205360
На строке 19769   в файле   80-260206328
На строке 19770   в файле   80-261266002
На строке 19771   в файле   80-260206065
На строке 19772   в файле   80-261174343
На строке 19773   в файле   80-250931763
На строке 19774   в файле   80-248888219
На строке 19775   в файле   80-250931855
На строке 19776   в файле   80-250931976
На строке 19777   в файле   80-250932065
На строке 19778   в файле   80-250932278
На строке 19779   в файле   80-250932355
На строке 19780   в файле   80-252468934
На строке 19781   в файле   80-248889963
На строке 19782   в файле   80-252072446
На строке 19783   в файле   80-252072791
На строке 19784   в файле   80-252469672
На строке 19785   в файле   80-250935072
На строке 19786   в файле   80-252072990
На строке 19787   в файле   80-252073139
На строке 19788   в файле   80-248893107
На строке 19789   в файле   80-250935074
На строке 19790   в файле   80-250935252
На строке 19791   в файле   80-248893768
На строке 19792   в файле   80-250935407
На строке 19793   в файле   80-248894340
На строке 19794   в файле   80-250935606
На строке 19795   в файле   80-250935732
На строке 19796   в файле   80-250935801
На строке 19797   в файле   80-252073730
На строке 19798   в файле   80-252073748
На строке 19799   в файле   80-250936149
На строке 19800   в файле   80-250936278
На строке 19801   в файле   80-248896789
На строке 19802   в файле   80-248896974
На строке 19803   в файле   80-250936437
На строке 19804   в файле   80-248897611
На строке 19805   в файле   80-252073988
На строке 19806   в файле   80-252470543
На строке 19807   в файле   80-252074380
На строке 19808   в файле   80-248898496
На строке 19809   в файле   80-252074392
На строке 19810   в файле   80-250937131
На строке 19811   в файле   80-248899262
На строке 19812   в файле   80-248899480
На строке 19813   в файле   80-250937269
На строке 19814   в файле   80-248899950
На строке 19815   в файле   80-250937618
На строке 19816   в файле   80-252471154
На строке 19817   в файле   80-252075021
На строке 19818   в файле   80-250937764
На строке 19819   в файле   80-250937874
На строке 19820   в файле   80-252471214
На строке 19821   в файле   80-248901441
На строке 19822   в файле   80-248901659
На строке 19823   в файле   80-250938015
На строке 19824   в файле   80-248902250
На строке 19825   в файле   80-252075253
На строке 19826   в файле   80-250938130
На строке 19827   в файле   80-250938256
На строке 19828   в файле   80-252075445
На строке 19829   в файле   80-250938331
На строке 19830   в файле   80-252075678
На строке 19831   в файле   80-248905287
На строке 19832   в файле   80-248905887
На строке 19833   в файле   80-248906186
На строке 19834   в файле   80-252618283
На строке 19835   в файле   80-252076079
На строке 19836   в файле   80-252076588
На строке 19837   в файле   80-252634681
На строке 19838   в файле   80-250938609
На строке 19839   в файле   80-250938610
На строке 19840   в файле   80-248907773
На строке 19841   в файле   80-252076942
На строке 19842   в файле   80-250938692
На строке 19843   в файле   80-248909099
На строке 19844   в файле   80-250938693
На строке 19845   в файле   80-250939124
На строке 19846   в файле   80-248909930
На строке 19847   в файле   80-248911114
На строке 19848   в файле   80-248887444
На строке 19849   в файле   80-260196065
На строке 19850   в файле   80-260196425
На строке 19851   в файле   80-260198189
На строке 19852   в файле   80-250938641
На строке 19853   в файле   80-252077543
На строке 19854   в файле   80-252078948
На строке 19855   в файле   80-248945297
На строке 19856   в файле   80-252081217
На строке 19857   в файле   80-248975541
На строке 19858   в файле   80-250944086
На строке 19859   в файле   80-250944745
На строке 19860   в файле   80-260254552
На строке 19861   в файле   80-260263069
На строке 19862   в файле   80-260263023
На строке 19863   в файле   80-260263748
На строке 19864   в файле   80-260264373
На строке 19865   в файле   80-260265140
На строке 19866   в файле   80-261178888
На строке 19867   в файле   80-261178771
На строке 19868   в файле   80-261178750
На строке 19869   в файле   80-260265618
На строке 19870   в файле   80-248908471
На строке 19871   в файле   80-252076948
На строке 19872   в файле   80-252077436
На строке 19873   в файле   80-250938777
На строке 19874   в файле   80-250938810
На строке 19875   в файле   80-250938898
На строке 19876   в файле   80-250938913
На строке 19877   в файле   80-250939018
На строке 19878   в файле   80-250939060
На строке 19879   в файле   80-250939122
На строке 19880   в файле   80-252077679
На строке 19881   в файле   80-248912142
На строке 19882   в файле   80-248912540
На строке 19883   в файле   80-252472842
На строке 19884   в файле   80-252473039
На строке 19885   в файле   80-250939639
На строке 19886   в файле   80-248917719
На строке 19887   в файле   80-250939771
На строке 19888   в файле   80-248918458
На строке 19889   в файле   80-250940368
На строке 19890   в файле   80-250940500
На строке 19891   в файле   80-252079076
На строке 19892   в файле   80-250940587
На строке 19893   в файле   80-248931026
На строке 19894   в файле   80-248931834
На строке 19895   в файле   80-250940620
На строке 19896   в файле   80-250940660
На строке 19897   в файле   80-252620458
На строке 19898   в файле   80-252079453
На строке 19899   в файле   80-248940957
На строке 19900   в файле   80-250941036
На строке 19901   в файле   80-248947282
На строке 19902   в файле   80-248948687
На строке 19903   в файле   80-248951060
На строке 19904   в файле   80-252079967
На строке 19905   в файле   80-248952830
На строке 19906   в файле   80-250941367
На строке 19907   в файле   80-252079841
На строке 19908   в файле   80-250941518
На строке 19909   в файле   80-250941609
На строке 19910   в файле   80-252475280
На строке 19911   в файле   80-250942124
На строке 19912   в файле   80-252081767
На строке 19913   в файле   80-250942511
На строке 19914   в файле   80-250942582
На строке 19915   в файле   80-252475755
На строке 19916   в файле   80-250942929
На строке 19917   в файле   80-250943069
На строке 19918   в файле   80-250943113
На строке 19919   в файле   80-250943173
На строке 19920   в файле   80-250943261
На строке 19921   в файле   80-248978287
На строке 19922   в файле   80-250943440
На строке 19923   в файле   80-248980034
На строке 19924   в файле   80-250943735
На строке 19925   в файле   80-252082449
На строке 19926   в файле   80-250943661
На строке 19927   в файле   80-248985510
На строке 19928   в файле   80-250943903
На строке 19929   в файле   80-250943890
На строке 19930   в файле   80-252082714
На строке 19931   в файле   80-248987099
На строке 19932   в файле   80-248987701
На строке 19933   в файле   80-248987756
На строке 19934   в файле   80-248989443
На строке 19935   в файле   80-250944173
На строке 19936   в файле   80-252082715
На строке 19937   в файле   80-248993730
На строке 19938   в файле   80-248993607
На строке 19939   в файле   80-250944650
На строке 19940   в файле   80-248998385
На строке 19941   в файле   80-248999491
На строке 19942   в файле   80-248999508
На строке 19943   в файле   80-249000195
На строке 19944   в файле   80-249000231
На строке 19945   в файле   80-250944724
На строке 19946   в файле   80-252083517
На строке 19947   в файле   80-249002858
На строке 19948   в файле   80-249003625
На строке 19949   в файле   80-250944878
На строке 19950   в файле   80-261177932
На строке 19951   в файле   80-260255977
На строке 19952   в файле   80-260255943
На строке 19953   в файле   80-260258737
На строке 19954   в файле   80-260259179
На строке 19955   в файле   80-260259611
На строке 19956   в файле   80-260259374
На строке 19957   в файле   80-260261508
На строке 19958   в файле   80-261178359
На строке 19959   в файле   80-248905225
На строке 19960   в файле   80-248905515
На строке 19961   в файле   80-261177417
На строке 19962   в файле   80-248905863
На строке 19963   в файле   80-260243819
На строке 19964   в файле   80-248906448
На строке 19965   в файле   80-260245161
На строке 19966   в файле   80-248907192
На строке 19967   в файле   80-260248319
На строке 19968   в файле   80-250938215
На строке 19969   в файле   80-261176847
На строке 19970   в файле   80-252075667
На строке 19971   в файле   80-261177109
На строке 19972   в файле   80-252075867
На строке 19973   в файле   80-260240687
На строке 19974   в файле   80-252075956
На строке 19975   в файле   80-260242088
На строке 19976   в файле   80-252075955
На строке 19977   в файле   80-260241723
На строке 19978   в файле   80-252471231
На строке 19979   в файле   80-260239478
На строке 19980   в файле   80-252471581
На строке 19981   в файле   80-260237993
На строке 19982   в файле   80-260242429
На строке 19983   в файле   80-260235326
На строке 19984   в файле   80-261177435
На строке 19985   в файле   80-261177838
На строке 19986   в файле   80-260253284
На строке 19987   в файле   80-260222398
На строке 19988   в файле   80-260223643
На строке 19989   в файле   80-252076668
На строке 19990   в файле   80-252077702
На строке 19991   в файле   80-252079233
На строке 19992   в файле   80-252079588
На строке 19993   в файле   80-250941579
На строке 19994   в файле   80-248969187
На строке 19995   в файле   80-250942985
На строке 19996   в файле   80-248977246
На строке 19997   в файле   80-260223110
На строке 19998   в файле   80-260223797
На строке 19999   в файле   80-260224991
На строке 20000   в файле   80-260224527
На строке 20001   в файле   80-260225108
На строке 20002   в файле   80-260225194
На строке 20003   в файле   80-260226554
На строке 20004   в файле   80-260226499
На строке 20005   в файле   80-260229210
На строке 20006   в файле   80-260229226
На строке 20007   в файле   80-261176182
На строке 20008   в файле   80-261176037
На строке 20009   в файле   80-260229738
На строке 20010   в файле   80-260229173
На строке 20011   в файле   80-248908597
На строке 20012   в файле   80-252077089
На строке 20013   в файле   80-248909526
На строке 20014   в файле   80-252077247
На строке 20015   в файле   80-250938866
На строке 20016   в файле   80-250938778
На строке 20017   в файле   80-250938959
На строке 20018   в файле   80-248910331
На строке 20019   в файле   80-248910738
На строке 20020   в файле   80-248911769
На строке 20021   в файле   80-250939329
На строке 20022   в файле   80-252077791
На строке 20023   в файле   80-248913847
На строке 20024   в файле   80-250939556
На строке 20025   в файле   80-250939645
На строке 20026   в файле   80-252078275
На строке 20027   в файле   80-250939679
На строке 20028   в файле   80-250939729
На строке 20029   в файле   80-248918859
На строке 20030   в файле   80-250939819
На строке 20031   в файле   80-250940592
На строке 20032   в файле   80-250940588
На строке 20033   в файле   80-248933312
На строке 20034   в файле   80-250940663
На строке 20035   в файле   80-252079478
На строке 20036   в файле   80-250940775
На строке 20037   в файле   80-250940858
На строке 20038   в файле   80-250940815
На строке 20039   в файле   80-250940958
На строке 20040   в файле   80-252079709
На строке 20041   в файле   80-250941099
На строке 20042   в файле   80-252573545
На строке 20043   в файле   80-248948295
На строке 20044   в файле   80-250941202
На строке 20045   в файле   80-250941270
На строке 20046   в файле   80-248951743
На строке 20047   в файле   80-250941354
На строке 20048   в файле   80-248953705
На строке 20049   в файле   80-248954519
На строке 20050   в файле   80-248958813
На строке 20051   в файле   80-250941675
На строке 20052   в файле   80-248960775
На строке 20053   в файле   80-248961675
На строке 20054   в файле   80-250941956
На строке 20055   в файле   80-252081260
На строке 20056   в файле   80-250942273
На строке 20057   в файле   80-250942398
На строке 20058   в файле   80-250942385
На строке 20059   в файле   80-250942516
На строке 20060   в файле   80-250942852
На строке 20061   в файле   80-260221620
На строке 20062   в файле   80-261266188
На строке 20063   в файле   80-252472036
На строке 20064   в файле   80-250938728
На строке 20065   в файле   80-250938914
На строке 20066   в файле   80-252077327
На строке 20067   в файле   80-252077462
На строке 20068   в файле   80-250939117
На строке 20069   в файле   80-248911798
На строке 20070   в файле   80-252077869
На строке 20071   в файле   80-260208614
На строке 20072   в файле   80-260209234
На строке 20073   в файле   80-260209949
На строке 20074   в файле   80-260210659
На строке 20075   в файле   80-260211309
На строке 20076   в файле   80-260212194
На строке 20077   в файле   80-260212687
На строке 20078   в файле   80-260212923
На строке 20079   в файле   80-261175418
На строке 20080   в файле   80-260213991
На строке 20081   в файле   80-248906445
На строке 20082   в файле   80-252472049
На строке 20083   в файле   80-250938543
На строке 20084   в файле   80-252472274
На строке 20085   в файле   80-248907527
На строке 20086   в файле   80-248907542
На строке 20087   в файле   80-250938690
На строке 20088   в файле   80-252075587
На строке 20089   в файле   80-260207405
На строке 20090   в файле   80-252471882
На строке 20091   в файле   80-261174293
На строке 20092   в файле   80-260208678
На строке 20093   в файле   80-261180758
На строке 20094   в файле   80-249024869
На строке 20095   в файле   80-249034064
На строке 20096   в файле   80-249041793
На строке 20097   в файле   80-249048252
На строке 20098   в файле   80-249057516
На строке 20099   в файле   80-249064435
На строке 20100   в файле   80-252086088
На строке 20101   в файле   80-249071246
На строке 20102   в файле   80-261181070
На строке 20103   в файле   80-261180773
На строке 20104   в файле   80-260293135
На строке 20105   в файле   80-260293129
На строке 20106   в файле   80-260294072
На строке 20107   в файле   80-260294242
На строке 20108   в файле   80-260294431
На строке 20109   в файле   80-260295017
На строке 20110   в файле   80-260295225
На строке 20111   в файле   80-260295447
На строке 20112   в файле   80-249026226
На строке 20113   в файле   80-249026230
На строке 20114   в файле   80-249027468
На строке 20115   в файле   80-249028985
На строке 20116   в файле   80-252084224
На строке 20117   в файле   80-249030983
На строке 20118   в файле   80-249030381
На строке 20119   в файле   80-249032016
На строке 20120   в файле   80-249031743
На строке 20121   в файле   80-250946500
На строке 20122   в файле   80-249034652
На строке 20123   в файле   80-249035232
На строке 20124   в файле   80-250946696
На строке 20125   в файле   80-249036560
На строке 20126   в файле   80-249036539
На строке 20127   в файле   80-250946764
На строке 20128   в файле   80-250946877
На строке 20129   в файле   80-249038482
На строке 20130   в файле   80-249039656
На строке 20131   в файле   80-249040518
На строке 20132   в файле   80-249041843
На строке 20133   в файле   80-252084673
На строке 20134   в файле   80-249042329
На строке 20135   в файле   80-250947042
На строке 20136   в файле   80-249045123
На строке 20137   в файле   80-249045835
На строке 20138   в файле   80-249046882
На строке 20139   в файле   80-249046932
На строке 20140   в файле   80-249047708
На строке 20141   в файле   80-249048112
На строке 20142   в файле   80-250947133
На строке 20143   в файле   80-249051006
На строке 20144   в файле   80-249051141
На строке 20145   в файле   80-249052021
На строке 20146   в файле   80-249054980
На строке 20147   в файле   80-249055117
На строке 20148   в файле   80-249055060
На строке 20149   в файле   80-250947616
На строке 20150   в файле   80-249055941
На строке 20151   в файле   80-249056732
На строке 20152   в файле   80-249057882
На строке 20153   в файле   80-252085133
На строке 20154   в файле   80-249059598
На строке 20155   в файле   80-249059952
На строке 20156   в файле   80-249060943
На строке 20157   в файле   80-249061432
На строке 20158   в файле   80-249061937
На строке 20159   в файле   80-252085373
На строке 20160   в файле   80-252085110
На строке 20161   в файле   80-252085488
На строке 20162   в файле   80-249064409
На строке 20163   в файле   80-250948313
На строке 20164   в файле   80-249065731
На строке 20165   в файле   80-249066041
На строке 20166   в файле   80-249066051
На строке 20167   в файле   80-249066538
На строке 20168   в файле   80-249066573
На строке 20169   в файле   80-250948532
На строке 20170   в файле   80-252086257
На строке 20171   в файле   80-250948641
На строке 20172   в файле   80-250948852
На строке 20173   в файле   80-250948946
На строке 20174   в файле   80-249069369
На строке 20175   в файле   80-249069632
На строке 20176   в файле   80-249069559
На строке 20177   в файле   80-249069546
На строке 20178   в файле   80-249069844
На строке 20179   в файле   80-249070177
На строке 20180   в файле   80-249070178
На строке 20181   в файле   80-252086636
На строке 20182   в файле   80-249071490
На строке 20183   в файле   80-249071492
На строке 20184   в файле   80-249024251
На строке 20185   в файле   80-260291693
На строке 20186   в файле   80-260291331
На строке 20187   в файле   80-261175467
На строке 20188   в файле   80-261175672
На строке 20189   в файле   80-252078362
На строке 20190   в файле   80-252078591
На строке 20191   в файле   80-248921243
На строке 20192   в файле   80-250940119
На строке 20193   в файле   80-252078731
На строке 20194   в файле   80-252472984
На строке 20195   в файле   80-250940416
На строке 20196   в файле   80-250939912
На строке 20197   в файле   80-260217152
На строке 20198   в файле   80-260218346
На строке 20199   в файле   80-260246516
На строке 20200   в файле   80-252079372
На строке 20201   в файле   80-252081073
На строке 20202   в файле   80-252081844
На строке 20203   в файле   80-250943811
На строке 20204   в файле   80-252082837
На строке 20205   в файле   80-250944978
На строке 20206   в файле   80-249005522
На строке 20207   в файле   80-250945166
На строке 20208   в файле   80-260248346
На строке 20209   в файле   80-260249769
На строке 20210   в файле   80-260251400
На строке 20211   в файле   80-260251936
На строке 20212   в файле   80-260256631
На строке 20213   в файле   80-260257271
На строке 20214   в файле   80-260257281
На строке 20215   в файле   80-260258676
На строке 20216   в файле   80-260260269
На строке 20217   в файле   80-260260752
На строке 20218   в файле   80-260261742
На строке 20219   в файле   80-260262344
На строке 20220   в файле   80-248939889
На строке 20221   в файле   80-250940957
На строке 20222   в файле   80-250940915
На строке 20223   в файле   80-250941003
На строке 20224   в файле   80-250941162
На строке 20225   в файле   80-248949162
На строке 20226   в файле   80-250941209
На строке 20227   в файле   80-250941322
На строке 20228   в файле   80-250941431
На строке 20229   в файле   80-250941655
На строке 20230   в файле   80-252080101
На строке 20231   в файле   80-250941466
На строке 20232   в файле   80-252080373
На строке 20233   в файле   80-250942005
На строке 20234   в файле   80-250942053
На строке 20235   в файле   80-250942189
На строке 20236   в файле   80-250942502
На строке 20237   в файле   80-248966545
На строке 20238   в файле   80-250942651
На строке 20239   в файле   80-248968373
На строке 20240   в файле   80-250942717
На строке 20241   в файле   80-248970120
На строке 20242   в файле   80-250942931
На строке 20243   в файле   80-250943064
На строке 20244   в файле   80-252081981
На строке 20245   в файле   80-250943186
На строке 20246   в файле   80-252082221
На строке 20247   в файле   80-250943305
На строке 20248   в файле   80-250943442
На строке 20249   в файле   80-248979186
На строке 20250   в файле   80-250943509
На строке 20251   в файле   80-250943750
На строке 20252   в файле   80-252082462
На строке 20253   в файле   80-250943952
На строке 20254   в файле   80-248987086
На строке 20255   в файле   80-248987103
На строке 20256   в файле   80-248989100
На строке 20257   в файле   80-248989049
На строке 20258   в файле   80-250944265
На строке 20259   в файле   80-250944174
На строке 20260   в файле   80-248992917
На строке 20261   в файле   80-250944343
На строке 20262   в файле   80-250944555
На строке 20263   в файле   80-248997071
На строке 20264   в файле   80-248997769
На строке 20265   в файле   80-248998410
На строке 20266   в файле   80-248999649
На строке 20267   в файле   80-252574481
На строке 20268   в файле   80-252575408
На строке 20269   в файле   80-250944817
На строке 20270   в файле   80-249003579
На строке 20271   в файле   80-248932470
На строке 20272   в файле   80-260243335
На строке 20273   в файле   80-260245236
На строке 20274   в файле   80-260244566
На строке 20275   в файле   80-216981387
На строке 20276   в файле   80-261177504
На строке 20277   в файле   80-261177569
На строке 20278   в файле   80-260249041
На строке 20279   в файле   80-252475344
На строке 20280   в файле   80-248971873
На строке 20281   в файле   80-250943904
На строке 20282   в файле   80-248998374
На строке 20283   в файле   80-249006833
На строке 20284   в файле   80-249007509
На строке 20285   в файле   80-249008109
На строке 20286   в файле   80-249009263
На строке 20287   в файле   80-249009634
На строке 20288   в файле   80-250945349
На строке 20289   в файле   80-261177798
На строке 20290   в файле   80-260252767
На строке 20291   в файле   80-260253713
На строке 20292   в файле   80-260255092
На строке 20293   в файле   80-260256267
На строке 20294   в файле   80-260258023
На строке 20295   в файле   80-260260066
На строке 20296   в файле   80-261178377
На строке 20297   в файле   80-260261793
На строке 20298   в файле   80-261178516
На строке 20299   в файле   80-248962627
На строке 20300   в файле   80-250942125
На строке 20301   в файле   80-250942259
На строке 20302   в файле   80-248963594
На строке 20303   в файле   80-250942261
На строке 20304   в файле   80-250942441
На строке 20305   в файле   80-250942653
На строке 20306   в файле   80-252475305
На строке 20307   в файле   80-250942980
На строке 20308   в файле   80-252081984
На строке 20309   в файле   80-252082227
На строке 20310   в файле   80-248974430
На строке 20311   в файле   80-250943246
На строке 20312   в файле   80-250943310
На строке 20313   в файле   80-250943438
На строке 20314   в файле   80-250943388
На строке 20315   в файле   80-250943605
На строке 20316   в файле   80-248981815
На строке 20317   в файле   80-248982818
На строке 20318   в файле   80-252082381
На строке 20319   в файле   80-252475989
На строке 20320   в файле   80-250944021
На строке 20321   в файле   80-248987246
На строке 20322   в файле   80-248988640
На строке 20323   в файле   80-250944087
На строке 20324   в файле   80-248990003
На строке 20325   в файле   80-248993550
На строке 20326   в файле   80-250944361
На строке 20327   в файле   80-250944543
На строке 20328   в файле   80-252476024
На строке 20329   в файле   80-248998861
На строке 20330   в файле   80-248999063
На строке 20331   в файле   80-250944917
На строке 20332   в файле   80-249003470
На строке 20333   в файле   80-250945076
На строке 20334   в файле   80-250945049
На строке 20335   в файле   80-250945347
На строке 20336   в файле   80-249005370
На строке 20337   в файле   80-249006044
На строке 20338   в файле   80-249006031
На строке 20339   в файле   80-249006041
На строке 20340   в файле   80-249007398
На строке 20341   в файле   80-250941462
На строке 20342   в файле   80-260246686
На строке 20343   в файле   80-260246850
На строке 20344   в файле   80-260278672
На строке 20345   в файле   80-260279178
На строке 20346   в файле   80-252083823
На строке 20347   в файле   80-249025708
На строке 20348   в файле   80-249036547
На строке 20349   в файле   80-249046500
На строке 20350   в файле   80-249052096
На строке 20351   в файле   80-249059592
На строке 20352   в файле   80-249066032
На строке 20353   в файле   80-250948447
На строке 20354   в файле   80-260280065
На строке 20355   в файле   80-260279620
На строке 20356   в файле   80-260280712
На строке 20357   в файле   80-260281405
На строке 20358   в файле   80-260281841
На строке 20359   в файле   80-260281521
На строке 20360   в файле   80-260282121
На строке 20361   в файле   80-260282665
На строке 20362   в файле   80-260282030
На строке 20363   в файле   80-260282999
На строке 20364   в файле   80-260283243
На строке 20365   в файле   80-260282988
На строке 20366   в файле   80-260284306
На строке 20367   в файле   80-260283592
На строке 20368   в файле   80-260284283
На строке 20369   в файле   80-250945858
На строке 20370   в файле   80-249016692
На строке 20371   в файле   80-249017574
На строке 20372   в файле   80-249018146
На строке 20373   в файле   80-249018196
На строке 20374   в файле   80-250945927
На строке 20375   в файле   80-250946121
На строке 20376   в файле   80-249021182
На строке 20377   в файле   80-249022678
На строке 20378   в файле   80-249022717
На строке 20379   в файле   80-249024120
На строке 20380   в файле   80-249024292
На строке 20381   в файле   80-250946382
На строке 20382   в файле   80-249027103
На строке 20383   в файле   80-252084219
На строке 20384   в файле   80-249028117
На строке 20385   в файле   80-249029642
На строке 20386   в файле   80-249030330
На строке 20387   в файле   80-249032635
На строке 20388   в файле   80-249032384
На строке 20389   в файле   80-250946565
На строке 20390   в файле   80-249035856
На строке 20391   в файле   80-249038014
На строке 20392   в файле   80-249037887
На строке 20393   в файле   80-249039123
На строке 20394   в файле   80-249040309
На строке 20395   в файле   80-249040497
На строке 20396   в файле   80-249040922
На строке 20397   в файле   80-249041078
На строке 20398   в файле   80-249042284
На строке 20399   в файле   80-250946964
На строке 20400   в файле   80-252477976
На строке 20401   в файле   80-249046853
На строке 20402   в файле   80-249047211
На строке 20403   в файле   80-249048214
На строке 20404   в файле   80-250947207
На строке 20405   в файле   80-250947411
На строке 20406   в файле   80-249050466
На строке 20407   в файле   80-249051102
На строке 20408   в файле   80-249051608
На строке 20409   в файле   80-250947330
На строке 20410   в файле   80-249051940
На строке 20411   в файле   80-249052396
На строке 20412   в файле   80-249052946
На строке 20413   в файле   80-252084842
На строке 20414   в файле   80-249054530
На строке 20415   в файле   80-249054971
На строке 20416   в файле   80-249055029
На строке 20417   в файле   80-249055883
На строке 20418   в файле   80-249056843
На строке 20419   в файле   80-249055888
На строке 20420   в файле   80-249056260
На строке 20421   в файле   80-249057540
На строке 20422   в файле   80-250947722
На строке 20423   в файле   80-249059964
На строке 20424   в файле   80-249060319
На строке 20425   в файле   80-249060306
На строке 20426   в файле   80-249061103
На строке 20427   в файле   80-252085222
На строке 20428   в файле   80-249061731
На строке 20429   в файле   80-250947813
На строке 20430   в файле   80-252085664
На строке 20431   в файле   80-249064627
На строке 20432   в файле   80-250948426
На строке 20433   в файле   80-249066542
На строке 20434   в файле   80-216983979
На строке 20435   в файле   80-260277250
На строке 20436   в файле   80-252083681
На строке 20437   в файле   80-260277944
На строке 20438   в файле   80-260279060
На строке 20439   в файле   80-260279459
На строке 20440   в файле   80-260278863
На строке 20441   в файле   80-260280373
На строке 20442   в файле   80-252083933
На строке 20443   в файле   80-250946314
На строке 20444   в файле   80-249039142
На строке 20445   в файле   80-249046934
На строке 20446   в файле   80-249055501
На строке 20447   в файле   80-252085361
На строке 20448   в файле   80-252085952
На строке 20449   в файле   80-249068326
На строке 20450   в файле   80-260280599
На строке 20451   в файле   80-260280824
На строке 20452   в файле   80-260281818
На строке 20453   в файле   80-260282697
На строке 20454   в файле   80-261180257
На строке 20455   в файле   80-261180600
На строке 20456   в файле   80-260283819
На строке 20457   в файле   80-260285841
На строке 20458   в файле   80-260284726
На строке 20459   в файле   80-260285411
На строке 20460   в файле   80-249017481
На строке 20461   в файле   80-250945925
На строке 20462   в файле   80-252477644
На строке 20463   в файле   80-250946123
На строке 20464   в файле   80-250946038
На строке 20465   в файле   80-249021343
На строке 20466   в файле   80-249021366
На строке 20467   в файле   80-249021964
На строке 20468   в файле   80-249022682
На строке 20469   в файле   80-249022773
На строке 20470   в файле   80-249025704
На строке 20471   в файле   80-250946289
На строке 20472   в файле   80-249027590
На строке 20473   в файле   80-249028860
На строке 20474   в файле   80-249030529
На строке 20475   в файле   80-249030981
На строке 20476   в файле   80-249033769
На строке 20477   в файле   80-250946687
На строке 20478   в файле   80-250946889
На строке 20479   в файле   80-249037807
На строке 20480   в файле   80-249039299
На строке 20481   в файле   80-252084519
На строке 20482   в файле   80-249040889
На строке 20483   в файле   80-249041717
На строке 20484   в файле   80-250946945
На строке 20485   в файле   80-250947035
На строке 20486   в файле   80-250947150
На строке 20487   в файле   80-249045872
На строке 20488   в файле   80-249045878
На строке 20489   в файле   80-249045752
На строке 20490   в файле   80-249045889
На строке 20491   в файле   80-249047970
На строке 20492   в файле   80-249048034
На строке 20493   в файле   80-250947206
На строке 20494   в файле   80-252478061
На строке 20495   в файле   80-250947405
На строке 20496   в файле   80-249051072
На строке 20497   в файле   80-249051029
На строке 20498   в файле   80-249052029
На строке 20499   в файле   80-249052721
На строке 20500   в файле   80-250947530
На строке 20501   в файле   80-249056357
На строке 20502   в файле   80-249057143
На строке 20503   в файле   80-249057157
На строке 20504   в файле   80-249058559
На строке 20505   в файле   80-252084958
На строке 20506   в файле   80-249059305
На строке 20507   в файле   80-249060279
На строке 20508   в файле   80-249060594
На строке 20509   в файле   80-249061101
На строке 20510   в файле   80-249061663
На строке 20511   в файле   80-249063656
На строке 20512   в файле   80-249063907
На строке 20513   в файле   80-249063910
На строке 20514   в файле   80-249064363
На строке 20515   в файле   80-249064433
На строке 20516   в файле   80-252085769
На строке 20517   в файле   80-250948433
На строке 20518   в файле   80-249065992
На строке 20519   в файле   80-249066540
На строке 20520   в файле   80-249066796
На строке 20521   в файле   80-249068039
На строке 20522   в файле   80-252575999
На строке 20523   в файле   80-261180451
На строке 20524   в файле   80-260280505
На строке 20525   в файле   80-260273239
На строке 20526   в файле   80-249030659
На строке 20527   в файле   80-249032388
На строке 20528   в файле   80-249033986
На строке 20529   в файле   80-249035093
На строке 20530   в файле   80-249036586
На строке 20531   в файле   80-250946769
На строке 20532   в файле   80-249037907
На строке 20533   в файле   80-249029024
На строке 20534   в файле   80-260271836
На строке 20535   в файле   80-261180007
На строке 20536   в файле   80-249055880
На строке 20537   в файле   80-250948989
На строке 20538   в файле   80-249071967
На строке 20539   в файле   80-249072995
На строке 20540   в файле   80-249075435
На строке 20541   в файле   80-249077599
На строке 20542   в файле   80-249080479
На строке 20543   в файле   80-249084646
На строке 20544   в файле   80-260304002
На строке 20545   в файле   80-260308646
На строке 20546   в файле   80-260312778
На строке 20547   в файле   80-260316164
На строке 20548   в файле   80-260318601
На строке 20549   в файле   80-260322395
На строке 20550   в файле   80-260326936
На строке 20551   в файле   80-260332183
На строке 20552   в файле   80-260335687
На строке 20553   в файле   80-260339268
На строке 20554   в файле   80-249056689
На строке 20555   в файле   80-249061690
На строке 20556   в файле   80-250948638
На строке 20557   в файле   80-249068030
На строке 20558   в файле   80-249068118
На строке 20559   в файле   80-252478087
На строке 20560   в файле   80-252477986
На строке 20561   в файле   80-249068338
На строке 20562   в файле   80-250948948
На строке 20563   в файле   80-249069628
На строке 20564   в файле   80-249070173
На строке 20565   в файле   80-252086224
На строке 20566   в файле   80-249070172
На строке 20567   в файле   80-252086380
На строке 20568   в файле   80-250949059
На строке 20569   в файле   80-250949177
На строке 20570   в файле   80-249071555
На строке 20571   в файле   80-249071577
На строке 20572   в файле   80-249071557
На строке 20573   в файле   80-249071716
На строке 20574   в файле   80-249071952
На строке 20575   в файле   80-249072050
На строке 20576   в файле   80-249072009
На строке 20577   в файле   80-249072253
На строке 20578   в файле   80-249072473
На строке 20579   в файле   80-249072754
На строке 20580   в файле   80-249072532
На строке 20581   в файле   80-249072673
На строке 20582   в файле   80-249072956
На строке 20583   в файле   80-250949164
На строке 20584   в файле   80-249073142
На строке 20585   в файле   80-250949289
На строке 20586   в файле   80-250949386
На строке 20587   в файле   80-250949640
На строке 20588   в файле   80-249074059
На строке 20589   в файле   80-249074374
На строке 20590   в файле   80-249074336
На строке 20591   в файле   80-249074550
На строке 20592   в файле   80-249074984
На строке 20593   в файле   80-249074826
На строке 20594   в файле   80-249074828
На строке 20595   в файле   80-249075311
На строке 20596   в файле   80-250949595
На строке 20597   в файле   80-249076007
На строке 20598   в файле   80-249075912
На строке 20599   в файле   80-250949478
На строке 20600   в файле   80-249076505
На строке 20601   в файле   80-249076674
На строке 20602   в файле   80-250949739
На строке 20603   в файле   80-249077130
На строке 20604   в файле   80-249076877
На строке 20605   в файле   80-252086637
На строке 20606   в файле   80-249078074
На строке 20607   в файле   80-249078141
На строке 20608   в файле   80-249078725
На строке 20609   в файле   80-249079198
На строке 20610   в файле   80-249078911
На строке 20611   в файле   80-249079105
На строке 20612   в файле   80-249079450
На строке 20613   в файле   80-249079654
На строке 20614   в файле   80-249079841
На строке 20615   в файле   80-249080081
На строке 20616   в файле   80-250950068
На строке 20617   в файле   80-249081229
На строке 20618   в файле   80-249081426
На строке 20619   в файле   80-249081698
На строке 20620   в файле   80-249081860
На строке 20621   в файле   80-249082072
На строке 20622   в файле   80-249082250
На строке 20623   в файле   80-249083519
На строке 20624   в файле   80-249083486
На строке 20625   в файле   80-249083907
На строке 20626   в файле   80-250950634
На строке 20627   в файле   80-250950847
На строке 20628   в файле   80-249086355
На строке 20629   в файле   80-250951084
На строке 20630   в файле   80-249086762
На строке 20631   в файле   80-249086900
На строке 20632   в файле   80-249087027
На строке 20633   в файле   80-250951309
На строке 20634   в файле   80-250951189
На строке 20635   в файле   80-252087407
На строке 20636   в файле   80-260303956
На строке 20637   в файле   80-260304671
На строке 20638   в файле   80-260305293
На строке 20639   в файле   80-260306011
На строке 20640   в файле   80-260306071
На строке 20641   в файле   80-260306759
На строке 20642   в файле   80-260307309
На строке 20643   в файле   80-260307462
На строке 20644   в файле   80-260307989
На строке 20645   в файле   80-260308036
На строке 20646   в файле   80-260308663
На строке 20647   в файле   80-260309340
На строке 20648   в файле   80-261266301
На строке 20649   в файле   80-260310011
На строке 20650   в файле   80-260310592
На строке 20651   в файле   80-260310704
На строке 20652   в файле   80-260311200
На строке 20653   в файле   80-261181694
На строке 20654   в файле   80-260312068
На строке 20655   в файле   80-261182084
На строке 20656   в файле   80-260312605
На строке 20657   в файле   80-260312914
На строке 20658   в файле   80-261182154
На строке 20659   в файле   80-260313405
На строке 20660   в файле   80-261181979
На строке 20661   в файле   80-260313865
На строке 20662   в файле   80-260314252
На строке 20663   в файле   80-260314887
На строке 20664   в файле   80-260314935
На строке 20665   в файле   80-260316200
На строке 20666   в файле   80-260316212
На строке 20667   в файле   80-260316805
На строке 20668   в файле   80-260316797
На строке 20669   в файле   80-260316869
На строке 20670   в файле   80-260317377
На строке 20671   в файле   80-260317641
На строке 20672   в файле   80-260317904
На строке 20673   в файле   80-260318022
На строке 20674   в файле   80-260318243
На строке 20675   в файле   80-260318592
На строке 20676   в файле   80-260319008
На строке 20677   в файле   80-260319180
На строке 20678   в файле   80-260319852
На строке 20679   в файле   80-260320309
На строке 20680   в файле   80-260320418
На строке 20681   в файле   80-260320863
На строке 20682   в файле   80-261182246
На строке 20683   в файле   80-261182389
На строке 20684   в файле   80-260321346
На строке 20685   в файле   80-260321810
На строке 20686   в файле   80-260322918
На строке 20687   в файле   80-260322993
На строке 20688   в файле   80-260323541
На строке 20689   в файле   80-260324196
На строке 20690   в файле   80-260324614
На строке 20691   в файле   80-260324914
На строке 20692   в файле   80-260324900
На строке 20693   в файле   80-260325180
На строке 20694   в файле   80-260326282
На строке 20695   в файле   80-260326651
На строке 20696   в файле   80-260327204
На строке 20697   в файле   80-260327681
На строке 20698   в файле   80-260328206
На строке 20699   в файле   80-260328584
На строке 20700   в файле   80-260329370
На строке 20701   в файле   80-260329775
На строке 20702   в файле   80-260329932
На строке 20703   в файле   80-260330689
На строке 20704   в файле   80-260331096
На строке 20705   в файле   80-260331252
На строке 20706   в файле   80-260332570
На строке 20707   в файле   80-260333070
На строке 20708   в файле   80-260333231
На строке 20709   в файле   80-260333567
На строке 20710   в файле   80-260333809
На строке 20711   в файле   80-260334154
На строке 20712   в файле   80-261183178
На строке 20713   в файле   80-261183053
На строке 20714   в файле   80-260334853
На строке 20715   в файле   80-260335384
На строке 20716   в файле   80-260335953
На строке 20717   в файле   80-260336028
На строке 20718   в файле   80-260336253
На строке 20719   в файле   80-260336826
На строке 20720   в файле   80-260337185
На строке 20721   в файле   80-260337519
На строке 20722   в файле   80-260338044
На строке 20723   в файле   80-260338558
На строке 20724   в файле   80-260338747
На строке 20725   в файле   80-260339155
На строке 20726   в файле   80-260339871
На строке 20727   в файле   80-260340173
На строке 20728   в файле   80-260340779
На строке 20729   в файле   80-260341105
На строке 20730   в файле   80-260341258
На строке 20731   в файле   80-260341847
На строке 20732   в файле   80-260342384
На строке 20733   в файле   80-260342325
На строке 20734   в файле   80-260343376
На строке 20735   в файле   80-260343944
На строке 20736   в файле   80-249057154
На строке 20737   в файле   80-249057896
На строке 20738   в файле   80-250947629
На строке 20739   в файле   80-249057869
На строке 20740   в файле   80-249059312
На строке 20741   в файле   80-249059737
На строке 20742   в файле   80-249061145
На строке 20743   в файле   80-249060888
На строке 20744   в файле   80-249061527
На строке 20745   в файле   80-249061826
На строке 20746   в файле   80-249062257
На строке 20747   в файле   80-249062347
На строке 20748   в файле   80-249063898
На строке 20749   в файле   80-249064165
На строке 20750   в файле   80-249064362
На строке 20751   в файле   80-252085649
На строке 20752   в файле   80-252085953
На строке 20753   в файле   80-249066034
На строке 20754   в файле   80-249066324
На строке 20755   в файле   80-249066575
На строке 20756   в файле   80-249067811
На строке 20757   в файле   80-249068119
На строке 20758   в файле   80-250947327
На строке 20759   в файле   80-260299519
На строке 20760   в файле   80-250947519
На строке 20761   в файле   80-260302273
На строке 20762   в файле   80-252084831
На строке 20763   в файле   80-260301536
На строке 20764   в файле   80-260300367
На строке 20765   в файле   80-260302547
На строке 20766   в файле   80-260300252
На строке 20767   в файле   80-260301545
На строке 20768   в файле   80-260303292
На строке 20769   в файле   80-260277789
На строке 20770   в файле   80-249057694
На строке 20771   в файле   80-250947723
На строке 20772   в файле   80-249059676
На строке 20773   в файле   80-249060501
На строке 20774   в файле   80-249060505
На строке 20775   в файле   80-249061193
На строке 20776   в файле   80-249062074
На строке 20777   в файле   80-249062298
На строке 20778   в файле   80-249063920
На строке 20779   в файле   80-249062224
На строке 20780   в файле   80-249063904
На строке 20781   в файле   80-260276704
На строке 20782   в файле   80-249072038
На строке 20783   в файле   80-249072461
На строке 20784   в файле   80-260299572
На строке 20785   в файле   80-250949271
На строке 20786   в файле   80-249075745
На строке 20787   в файле   80-249077349
На строке 20788   в файле   80-249080477
На строке 20789   в файле   80-252087152
На строке 20790   в файле   80-249087867
На строке 20791   в файле   80-252087648
На строке 20792   в файле   80-249091050
На строке 20793   в файле   80-261181308
На строке 20794   в файле   80-260303261
На строке 20795   в файле   80-260303704
На строке 20796   в файле   80-260304727
На строке 20797   в файле   80-260304699
На строке 20798   в файле   80-260305237
На строке 20799   в файле   80-261181294
На строке 20800   в файле   80-260306133
На строке 20801   в файле   80-260306743
На строке 20802   в файле   80-260307407
На строке 20803   в файле   80-252086524
На строке 20804   в файле   80-250949501
На строке 20805   в файле   80-249074363
На строке 20806   в файле   80-249074337
На строке 20807   в файле   80-249074365
На строке 20808   в файле   80-249074791
На строке 20809   в файле   80-249074852
На строке 20810   в файле   80-249074958
На строке 20811   в файле   80-249075450
На строке 20812   в файле   80-249075292
На строке 20813   в файле   80-249075470
На строке 20814   в файле   80-249075954
На строке 20815   в файле   80-249075743
На строке 20816   в файле   80-249076165
На строке 20817   в файле   80-249076163
На строке 20818   в файле   80-249076628
На строке 20819   в файле   80-249076420
На строке 20820   в файле   80-249076623
На строке 20821   в файле   42, кв.37"
На строке 20822   в файле   80-252478440
На строке 20823   в файле   80-249077178
На строке 20824   в файле   80-249077659
На строке 20825   в файле   80-249077806
На строке 20826   в файле   80-249077815
На строке 20827   в файле   80-249078050
На строке 20828   в файле   80-249078529
На строке 20829   в файле   80-249078522
На строке 20830   в файле   80-249078715
На строке 20831   в файле   80-249079141
На строке 20832   в файле   80-249079461
На строке 20833   в файле   80-249080076
На строке 20834   в файле   80-249081474
На строке 20835   в файле   80-249081866
На строке 20836   в файле   80-249081865
На строке 20837   в файле   80-252086903
На строке 20838   в файле   80-250950289
На строке 20839   в файле   80-249083291
На строке 20840   в файле   80-249083457
На строке 20841   в файле   80-249083888
На строке 20842   в файле   80-249084267
На строке 20843   в файле   80-249084474
На строке 20844   в файле   80-249085406
На строке 20845   в файле   80-252087170
На строке 20846   в файле   80-249086077
На строке 20847   в файле   80-249086174
На строке 20848   в файле   80-250950984
На строке 20849   в файле   80-249086360
На строке 20850   в файле   80-250951169
На строке 20851   в файле   80-249086607
На строке 20852   в файле   80-249086933
На строке 20853   в файле   80-250951289
На строке 20854   в файле   80-249088199
На строке 20855   в файле   80-249088300
На строке 20856   в файле   80-249088469
На строке 20857   в файле   80-249088522
На строке 20858   в файле   80-249089263
На строке 20859   в файле   80-249089270
На строке 20860   в файле   80-249089228
На строке 20861   в файле   80-249089246
На строке 20862   в файле   80-249089426
На строке 20863   в файле   80-252478787
На строке 20864   в файле   80-252087250
На строке 20865   в файле   80-249090437
На строке 20866   в файле   80-249090434
На строке 20867   в файле   80-249090427
На строке 20868   в файле   80-249090431
На строке 20869   в файле   80-249090560
На строке 20870   в файле   80-249090763
На строке 20871   в файле   80-249090738
На строке 20872   в файле   80-249090864
На строке 20873   в файле   80-249091086
На строке 20874   в файле   80-249091160
На строке 20875   в файле   80-249091336
На строке 20876   в файле   80-249091338
На строке 20877   в файле   80-249091201
На строке 20878   в файле   80-249091399
На строке 20879   в файле   80-249091630
На строке 20880   в файле   80-249091536
На строке 20881   в файле   80-249091789
На строке 20882   в файле   80-249091992
На строке 20883   в файле   80-250952237
На строке 20884   в файле   80-261181324
На строке 20885   в файле   80-260301870
На строке 20886   в файле   80-260302279
На строке 20887   в файле   80-260302561
На строке 20888   в файле   80-260303025
На строке 20889   в файле   80-260303010
На строке 20890   в файле   80-249072536
На строке 20891   в файле   80-260298791
На строке 20892   в файле   80-249072991
На строке 20893   в файле   80-260298965
На строке 20894   в файле   80-260299064
На строке 20895   в файле   80-260300012
На строке 20896   в файле   80-260300420
На строке 20897   в файле   80-260303750
На строке 20898   в файле   80-249077140
На строке 20899   в файле   80-260309266
На строке 20900   в файле   80-249076172
На строке 20901   в файле   80-249079662
На строке 20902   в файле   80-249083911
На строке 20903   в файле   80-249087041
На строке 20904   в файле   80-249092750
На строке 20905   в файле   80-249095314
На строке 20906   в файле   80-249097370
На строке 20907   в файле   80-249097621
На строке 20908   в файле   80-260309512
На строке 20909   в файле   80-261181729
На строке 20911   в файле   80-260310112
На строке 20912   в файле   80-260311204
На строке 20913   в файле   80-260311336
На строке 20914   в файле   80-260311973
На строке 20915   в файле   80-260313223
На строке 20916   в файле   80-261181867
На строке 20917   в файле   80-260313073
На строке 20918   в файле   80-260313636
На строке 20919   в файле   80-249076398
На строке 20920   в файле   80-249076924
На строке 20921   в файле   80-249077104
На строке 20922   в файле   80-249077395
На строке 20923   в файле   80-249077605
На строке 20924   в файле   80-249078255
На строке 20925   в файле   80-249078327
На строке 20926   в файле   80-249078570
На строке 20927   в файле   80-250949973
На строке 20928   в файле   80-249079291
На строке 20929   в файле   80-250949815
На строке 20930   в файле   80-250949970
На строке 20931   в файле   80-249079843
На строке 20932   в файле   80-249080250
На строке 20933   в файле   80-249080298
На строке 20934   в файле   80-249080679
На строке 20935   в файле   80-250950164
На строке 20936   в файле   80-249081810
На строке 20937   в файле   80-249082264
На строке 20938   в файле   80-252086924
На строке 20939   в файле   80-249084323
На строке 20940   в файле   80-249084723
На строке 20941   в файле   80-249084722
На строке 20942   в файле   80-249085045
На строке 20943   в файле   80-250950405
На строке 20944   в файле   80-250950719
На строке 20945   в файле   80-249086175
На строке 20946   в файле   80-250950964
На строке 20947   в файле   80-249086450
На строке 20948   в файле   80-249086830
На строке 20949   в файле   80-249087861
На строке 20950   в файле   80-249088162
На строке 20951   в файле   80-249088627
На строке 20952   в файле   80-249088613
На строке 20953   в файле   80-249088977
На строке 20954   в файле   80-249088919
На строке 20955   в файле   80-249088923
На строке 20956   в файле   80-249092402
На строке 20957   в файле   80-249092593
На строке 20958   в файле   80-249092606
На строке 20959   в файле   80-249092904
На строке 20960   в файле   80-249093012
На строке 20961   в файле   80-249093223
На строке 20962   в файле   80-250952056
На строке 20963   в файле   80-249093898
На строке 20964   в файле   80-249094054
На строке 20965   в файле   80-249094051
На строке 20966   в файле   80-249094378
На строке 20967   в файле   80-249094371
На строке 20968   в файле   80-249094663
На строке 20969   в файле   80-252088064
На строке 20970   в файле   80-252088168
На строке 20971   в файле   80-249096132
На строке 20972   в файле   80-249096124
На строке 20973   в файле   80-249096274
На строке 20974   в файле   80-249096473
На строке 20975   в файле   80-249096688
На строке 20976   в файле   80-249096718
На строке 20977   в файле   80-249096923
На строке 20978   в файле   80-249097120
На строке 20979   в файле   80-249097515
На строке 20980   в файле   80-249075244
На строке 20981   в файле   80-250949413
На строке 20982   в файле   80-260308687
На строке 20983   в файле   80-261181292
На строке 20984   в файле   80-251363607
На строке 20985   в файле   80-261115580
На строке 20986   в файле   80-261115220
На строке 20987   в файле   80-260327206
На строке 20988   в файле   80-249079844
На строке 20989   в файле   80-249102314
На строке 20990   в файле   80-252088958
На строке 20991   в файле   80-249109962
На строке 20992   в файле   80-249117300
На строке 20993   в файле   80-249127332
На строке 20994   в файле   80-249137001
На строке 20995   в файле   80-249143581
На строке 20996   в файле   80-260332902
На строке 20997   в файле   80-260336331
На строке 20998   в файле   80-260341791
На строке 20999   в файле   80-260345168
На строке 21000   в файле   80-260346626
На строке 21001   в файле   80-260347991
На строке 21002   в файле   80-260350105
На строке 21003   в файле   80-260350965
На строке 21004   в файле   80-260351776
На строке 21005   в файле   80-249080259
На строке 21006   в файле   80-249084916
На строке 21007   в файле   80-249087993
На строке 21008   в файле   80-249093024
На строке 21009   в файле   80-249094955
На строке 21010   в файле   80-249097023
На строке 21011   в файле   80-249098252
На строке 21012   в файле   80-249099598
На строке 21013   в файле   80-249100843
На строке 21014   в файле   80-249102292
На строке 21015   в файле   80-250952660
На строке 21016   в файле   80-249103449
На строке 21017   в файле   80-249103429
На строке 21018   в файле   80-249103402
На строке 21020   в файле   80-249103783
На строке 21021   в файле   80-249104053
На строке 21022   в файле   80-249104097
На строке 21023   в файле   80-249104460
На строке 21024   в файле   80-249104945
На строке 21025   в файле   80-249104819
На строке 21026   в файле   80-250952830
На строке 21027   в файле   80-249105903
На строке 21028   в файле   80-249106183
На строке 21029   в файле   80-249106372
На строке 21030   в файле   80-249106627
На строке 21031   в файле   80-252479823
На строке 21032   в файле   80-249108061
На строке 21033   в файле   80-249108821
На строке 21034   в файле   80-249108882
На строке 21035   в файле   80-249109133
На строке 21036   в файле   80-249109348
На строке 21037   в файле   80-249110222
На строке 21038   в файле   80-249110604
На строке 21039   в файле   80-249111392
На строке 21040   в файле   80-249112008
На строке 21041   в файле   80-250953432
На строке 21042   в файле   80-249114019
На строке 21043   в файле   80-249113943
На строке 21044   в файле   80-249114838
На строке 21045   в файле   80-249115836
На строке 21046   в файле   80-249116280
На строке 21047   в файле   80-250953630
На строке 21048   в файле   80-250953834
На строке 21049   в файле   80-249121180
На строке 21050   в файле   80-250954043
На строке 21051   в файле   80-249122032
На строке 21052   в файле   80-250954156
На строке 21053   в файле   80-249124981
На строке 21054   в файле   80-249125007
На строке 21055   в файле   80-249126001
На строке 21056   в файле   80-249126212
На строке 21057   в файле   80-249128257
На строке 21058   в файле   80-249129276
На строке 21059   в файле   80-252480169
На строке 21060   в файле   80-252089428
На строке 21061   в файле   80-249131297
На строке 21062   в файле   80-249132204
На строке 21063   в файле   80-249133436
На строке 21064   в файле   80-249132931
На строке 21065   в файле   80-249133896
На строке 21066   в файле   80-250954448
На строке 21067   в файле   80-249137664
На строке 21068   в файле   80-249137691
На строке 21069   в файле   80-249138297
На строке 21070   в файле   80-249139079
На строке 21071   в файле   80-250954544
На строке 21072   в файле   80-249140613
На строке 21073   в файле   80-249140502
На строке 21074   в файле   80-249141939
На строке 21075   в файле   80-249142619
На строке 21076   в файле   80-249145025
На строке 21077   в файле   80-250954920
На строке 21078   в файле   80-249150033
На строке 21079   в файле   80-250955029
На строке 21080   в файле   80-250955112
На строке 21081   в файле   80-250955248
На строке 21082   в файле   80-252089952
На строке 21083   в файле   80-249154319
На строке 21084   в файле   80-249154579
На строке 21085   в файле   80-249155881
На строке 21086   в файле   80-260328352
На строке 21087   в файле   80-260328904
На строке 21088   в файле   80-260329604
На строке 21089   в файле   80-260330018
На строке 21090   в файле   80-260330537
На строке 21091   в файле   80-260331261
На строке 21092   в файле   80-260331697
На строке 21093   в файле   80-260332026
На строке 21094   в файле   80-260332547
На строке 21095   в файле   80-260332742
На строке 21096   в файле   80-260333241
На строке 21097   в файле   80-261266635
На строке 21098   в файле   80-260334038
На строке 21099   в файле   80-260334439
На строке 21100   в файле   80-260334567
На строке 21101   в файле   80-260334675
На строке 21102   в файле   80-260335057
На строке 21103   в файле   80-260335709
На строке 21104   в файле   80-260335779
На строке 21105   в файле   80-260336079
На строке 21106   в файле   80-260336950
На строке 21107   в файле   80-260337570
На строке 21108   в файле   80-260338160
На строке 21109   в файле   80-260338298
На строке 21110   в файле   80-260338658
На строке 21111   в файле   80-260339107
На строке 21112   в файле   80-260339270
На строке 21113   в файле   80-260339646
На строке 21114   в файле   80-260340498
На строке 21115   в файле   80-260341048
На строке 21116   в файле   80-260342331
На строке 21117   в файле   80-260343246
На строке 21118   в файле   80-260343730
На строке 21119   в файле   80-260343766
На строке 21120   в файле   80-260343804
На строке 21121   в файле   80-260344422
На строке 21122   в файле   80-260344289
На строке 21123   в файле   80-260344366
На строке 21124   в файле   80-260344753
На строке 21125   в файле   80-260344856
На строке 21126   в файле   80-260345298
На строке 21127   в файле   80-260345316
На строке 21128   в файле   80-260345455
На строке 21129   в файле   80-260345752
На строке 21130   в файле   80-260345823
На строке 21131   в файле   80-260345796
На строке 21132   в файле   80-260345900
На строке 21133   в файле   80-260346199
На строке 21134   в файле   80-260346200
На строке 21135   в файле   80-260346312
На строке 21136   в файле   80-261183476
На строке 21137   в файле   80-260346934
На строке 21138   в файле   80-260347188
На строке 21139   в файле   80-260346999
На строке 21140   в файле   80-260347423
На строке 21141   в файле   80-260347510
На строке 21142   в файле   80-260347425
На строке 21143   в файле   80-260347896
На строке 21144   в файле   80-260347900
На строке 21145   в файле   80-260348222
На строке 21146   в файле   80-260348365
На строке 21147   в файле   80-260348351
На строке 21148   в файле   80-260348578
На строке 21149   в файле   80-260348706
На строке 21150   в файле   80-260348753
На строке 21151   в файле   80-260349017
На строке 21152   в файле   80-260349144
На строке 21153   в файле   80-260349189
На строке 21154   в файле   80-260349414
На строке 21155   в файле   80-260349508
На строке 21156   в файле   80-260349576
На строке 21157   в файле   80-260350050
На строке 21158   в файле   80-260350047
На строке 21159   в файле   80-260350115
На строке 21160   в файле   80-260350543
На строке 21161   в файле   80-260350479
На строке 21162   в файле   80-260350515
На строке 21163   в файле   80-260350534
На строке 21164   в файле   80-260350513
На строке 21165   в файле   80-261183300
На строке 21166   в файле   80-260350968
На строке 21167   в файле   80-260350920
На строке 21168   в файле   80-260350921
На строке 21169   в файле   80-260350961
На строке 21170   в файле   80-260351110
На строке 21171   в файле   80-260351373
На строке 21172   в файле   80-260351385
На строке 21173   в файле   80-260351521
На строке 21174   в файле   80-260351674
На строке 21175   в файле   80-260351800
На строке 21176   в файле   80-260352120
На строке 21177   в файле   80-260327052
На строке 21178   в файле   80-260352212
На строке 21179   в файле   80-260352679
На строке 21180   в файле   80-260352629
На строке 21181   в файле   80-260352783
На строке 21182   в файле   80-260353109
На строке 21183   в файле   80-260353196
На строке 21184   в файле   80-260353486
На строке 21185   в файле   80-260353657
На строке 21186   в файле   80-252086789
На строке 21187   в файле   80-249080659
На строке 21188   в файле   80-249081424
На строке 21189   в файле   80-249081726
На строке 21190   в файле   80-249082255
На строке 21191   в файле   80-250950421
На строке 21192   в файле   80-249083479
На строке 21193   в файле   80-249083703
На строке 21194   в файле   80-249083933
На строке 21195   в файле   80-249084095
На строке 21196   в файле   80-249084313
На строке 21197   в файле   80-249085034
На строке 21198   в файле   80-250950524
На строке 21199   в файле   80-250950754
На строке 21200   в файле   80-249086352
На строке 21201   в файле   80-249086494
На строке 21202   в файле   80-252478734
На строке 21203   в файле   80-249086449
На строке 21204   в файле   80-250951088
На строке 21205   в файле   80-250951443
На строке 21206   в файле   80-249087873
На строке 21207   в файле   80-249088158
На строке 21208   в файле   80-250951396
На строке 21209   в файле   80-249088499
На строке 21210   в файле   80-249088785
На строке 21211   в файле   80-249092304
На строке 21212   в файле   80-249092396
На строке 21213   в файле   80-249092604
На строке 21214   в файле   80-249092885
На строке 21215   в файле   80-249092897
На строке 21216   в файле   80-250952054
На строке 21217   в файле   80-249093157
На строке 21218   в файле   80-252088311
На строке 21219   в файле   80-249094047
На строке 21220   в файле   80-249094079
На строке 21221   в файле   80-249094243
На строке 21222   в файле   80-249094393
На строке 21223   в файле   80-249094540
На строке 21224   в файле   80-249094646
На строке 21225   в файле   80-249094687
На строке 21226   в файле   80-249094993
На строке 21227   в файле   80-249095155
На строке 21228   в файле   80-249095289
На строке 21229   в файле   80-252087926
На строке 21230   в файле   80-249096131
На строке 21231   в файле   80-250952211
На строке 21232   в файле   80-249096164
На строке 21233   в файле   80-249096387
На строке 21234   в файле   80-249096412
На строке 21235   в файле   80-249096656
На строке 21236   в файле   80-249096791
На строке 21237   в файле   80-252088756
На строке 21238   в файле   80-249097271
На строке 21239   в файле   80-249097285
На строке 21240   в файле   80-250952327
На строке 21241   в файле   80-249097646
На строке 21242   в файле   80-249097813
На строке 21243   в файле   80-249097812
На строке 21244   в файле   80-249097949
На строке 21245   в файле   80-249098119
На строке 21246   в файле   80-249098238
На строке 21247   в файле   80-249098243
На строке 21248   в файле   80-249098532
На строке 21249   в файле   80-249098560
На строке 21250   в файле   80-249098539
На строке 21251   в файле   80-249098868
На строке 21252   в файле   80-249098902
На строке 21253   в файле   80-249099147
На строке 21254   в файле   80-249099288
На строке 21255   в файле   80-249099321
На строке 21256   в файле   80-250952414
На строке 21257   в файле   80-249099613
На строке 21258   в файле   80-249099714
На строке 21259   в файле   80-249099859
На строке 21260   в файле   80-249100052
На строке 21261   в файле   80-252088186
На строке 21262   в файле   80-250952409
На строке 21263   в файле   80-252088385
На строке 21264   в файле   80-252088651
На строке 21265   в файле   80-250952590
На строке 21266   в файле   80-249100688
На строке 21267   в файле   80-249100836
На строке 21268   в файле   80-249100876
На строке 21269   в файле   80-249101140
На строке 21270   в файле   80-249101131
На строке 21271   в файле   80-249101484
На строке 21272   в файле   80-249101446
На строке 21273   в файле   80-249101743
На строке 21274   в файле   80-249101939
На строке 21275   в файле   80-249102099
На строке 21276   в файле   80-250949947
На строке 21277   в файле   80-260325840
На строке 21278   в файле   80-260326494
На строке 21279   в файле   80-260327844
На строке 21280   в файле   80-260305333
На строке 21281   в файле   80-249078272
На строке 21282   в файле   80-249082354
На строке 21283   в файле   80-250950866
На строке 21284   в файле   80-249088601
На строке 21285   в файле   80-249090429
На строке 21286   в файле   80-249091810
На строке 21287   в файле   80-249093221
На строке 21288   в файле   80-249094987
На строке 21289   в файле   80-260305345
На строке 21290   в файле   80-261181522
На строке 21291   в файле   80-260312234
На строке 21292   в файле   80-260316187
На строке 21293   в файле   80-260319794
На строке 21294   в файле   80-261277274
На строке 21295   в файле   80-261182411
На строке 21296   в файле   80-260321111
На строке 21297   в файле   80-260321851
На строке 21298   в файле   80-260321624
На строке 21299   в файле   80-249078744
На строке 21300   в файле   80-249078915
На строке 21301   в файле   80-249079309
На строке 21302   в файле   80-249079674
На строке 21303   в файле   80-249080075
На строке 21304   в файле   80-249080474
На строке 21305   в файле   80-250950143
На строке 21306   в файле   80-249081231
На строке 21307   в файле   80-249081440
На строке 21308   в файле   80-250950169
На строке 21309   в файле   80-250950435
На строке 21310   в файле   80-252087027
На строке 21311   в файле   80-249083511
На строке 21312   в файле   80-249083935
На строке 21313   в файле   80-249084361
На строке 21314   в файле   80-249084356
На строке 21315   в файле   80-249084691
На строке 21316   в файле   80-249084862
На строке 21317   в файле   80-249085079
На строке 21318   в файле   80-250950644
На строке 21319   в файле   80-249086189
На строке 21320   в файле   80-252478739
На строке 21321   в файле   80-249086610
На строке 21322   в файле   80-249086734
На строке 21323   в файле   80-252087410
На строке 21324   в файле   80-249087694
На строке 21325   в файле   80-249087868
На строке 21326   в файле   80-249087884
На строке 21327   в файле   80-249088184
На строке 21328   в файле   80-249088185
На строке 21329   в файле   80-249088904
На строке 21330   в файле   80-249088926
На строке 21331   в файле   80-249089110
На строке 21332   в файле   80-249089304
На строке 21333   в файле   80-250951511
На строке 21334   в файле   80-249089551
На строке 21335   в файле   80-249089557
На строке 21336   в файле   80-252087510
На строке 21337   в файле   80-252087623
На строке 21338   в файле   80-249090247
На строке 21339   в файле   80-249090760
На строке 21340   в файле   80-249090737
На строке 21341   в файле   80-249090765
На строке 21342   в файле   80-249091026
На строке 21343   в файле   80-249091045
На строке 21344   в файле   80-250951971
На строке 21345   в файле   80-249091474
На строке 21346   в файле   80-249091461
На строке 21347   в файле   80-249091801
На строке 21348   в файле   80-249091616
На строке 21349   в файле   80-249091944
На строке 21350   в файле   80-250952055
На строке 21351   в файле   80-249092100
На строке 21352   в файле   80-249092125
На строке 21353   в файле   80-249092291
На строке 21354   в файле   80-249092122
На строке 21355   в файле   80-249092255
На строке 21356   в файле   80-249092415
На строке 21357   в файле   80-249092710
На строке 21358   в файле   80-249092869
На строке 21359   в файле   80-249093232
На строке 21360   в файле   80-250952131
На строке 21361   в файле   80-252087778
На строке 21362   в файле   80-250952226
На строке 21363   в файле   80-249094086
На строке 21364   в файле   80-249094376
На строке 21365   в файле   80-249094436
На строке 21366   в файле   80-249094668
На строке 21367   в файле   80-249094713
На строке 21368   в файле   80-249094855
На строке 21369   в файле   80-249095016
На строке 21370   в файле   80-249095379
На строке 21371   в файле   80-252087912
На строке 21372   в файле   80-250952412
На строке 21373   в файле   80-249096166
На строке 21374   в файле   80-249096530
На строке 21375   в файле   80-249096826
На строке 21376   в файле   80-249096934
На строке 21377   в файле   80-249097047
На строке 21378   в файле   80-249097442
На строке 21379   в файле   80-260306007
На строке 21380   в файле   80-260306658
На строке 21381   в файле   80-260306815
На строке 21382   в файле   80-260307023
На строке 21383   в файле   80-260307431
На строке 21384   в файле   80-260307692
На строке 21385   в файле   80-260308025
На строке 21386   в файле   80-260308359
На строке 21387   в файле   80-260308923
На строке 21388   в файле   80-260309258
На строке 21389   в файле   80-260309841
На строке 21390   в файле   80-260309646
На строке 21391   в файле   80-261181704
На строке 21392   в файле   80-260310626
На строке 21393   в файле   80-260310764
На строке 21394   в файле   80-260311338
На строке 21395   в файле   80-260311045
На строке 21396   в файле   80-260311885
На строке 21397   в файле   80-260311615
На строке 21398   в файле   80-260312367
На строке 21399   в файле   80-260312504
На строке 21400   в файле   80-260313588
На строке 21401   в файле   80-260313235
На строке 21402   в файле   80-260313656
На строке 21403   в файле   80-260314222
На строке 21404   в файле   80-260314249
На строке 21405   в файле   80-260314880
На строке 21406   в файле   80-260315516
На строке 21407   в файле   80-260315476
На строке 21408   в файле   80-260315547
На строке 21409   в файле   80-260316827
На строке 21410   в файле   80-260317395
На строке 21411   в файле   80-260317380
На строке 21412   в файле   80-260317500
На строке 21413   в файле   80-260317911
На строке 21414   в файле   80-260317985
На строке 21415   в файле   80-260318575
На строке 21416   в файле   80-260319176
На строке 21417   в файле   80-260319212
На строке 21418   в файле   80-260319820
На строке 21419   в файле   80-260320305
На строке 21420   в файле   80-260320339
На строке 21421   в файле   80-261182877
На строке 21422   в файле   80-260320854
На строке 21423   в файле   80-261182388
На строке 21424   в файле   80-250949708
На строке 21425   в файле   80-260304539
На строке 21426   в файле   80-260303870
На строке 21427   в файле   80-260322318
На строке 21428   в файле   80-249095293
На строке 21429   в файле   80-249097954
На строке 21430   в файле   80-249099311
На строке 21431   в файле   80-249100812
На строке 21432   в файле   80-249101804
На строке 21433   в файле   80-249103730
На строке 21434   в файле   80-252480126
На строке 21435   в файле   80-249112096
На строке 21436   в файле   80-260323358
На строке 21437   в файле   80-260328334
На строке 21438   в файле   80-260331925
На строке 21439   в файле   80-260334671
На строке 21440   в файле   80-260339897
На строке 21441   в файле   80-260342228
На строке 21442   в файле   80-260342925
На строке 21443   в файле   80-260342847
На строке 21444   в файле   80-260342897
На строке 21445   в файле   80-260343408
На строке 21446   в файле   80-249096048
На строке 21447   в файле   80-249096390
На строке 21448   в файле   80-249096398
На строке 21449   в файле   80-249096681
На строке 21450   в файле   80-249097026
На строке 21451   в файле   80-249097182
На строке 21452   в файле   80-249097327
На строке 21453   в файле   80-249097541
На строке 21454   в файле   80-249097559
На строке 21455   в файле   80-249097841
На строке 21456   в файле   80-249097958
На строке 21457   в файле   80-249098085
На строке 21458   в файле   80-249098227
На строке 21459   в файле   80-249098381
На строке 21460   в файле   80-249098536
На строке 21461   в файле   80-249098528
На строке 21462   в файле   80-249098684
На строке 21463   в файле   80-249098865
На строке 21464   в файле   80-249098896
На строке 21466   в файле   80-249099326
На строке 21467   в файле   80-249099291
На строке 21468   в файле   80-249099443
На строке 21469   в файле   80-249099554
На строке 21470   в файле   80-249099572
На строке 21471   в файле   80-249099715
На строке 21472   в файле   80-249099872
На строке 21473   в файле   80-249099908
На строке 21474   в файле   80-249099929
На строке 21475   в файле   80-249100014
На строке 21476   в файле   80-252088491
На строке 21477   в файле   80-249100816
На строке 21478   в файле   80-252478773
На строке 21479   в файле   80-249101115
На строке 21480   в файле   80-249101128
На строке 21481   в файле   80-249101288
На строке 21482   в файле   80-249101450
На строке 21483   в файле   80-249101589
На строке 21484   в файле   80-249101493
На строке 21485   в файле   80-249101586
На строке 21486   в файле   80-249101814
На строке 21487   в файле   80-249101927
На строке 21488   в файле   80-249101938
На строке 21489   в файле   80-249102316
На строке 21490   в файле   80-249102140
На строке 21491   в файле   80-249102279
На строке 21492   в файле   80-249102473
На строке 21493   в файле   80-252479446
На строке 21494   в файле   80-250952842
На строке 21495   в файле   80-252088874
На строке 21496   в файле   80-249103426
На строке 21497   в файле   80-249104077
На строке 21498   в файле   80-249104233
На строке 21499   в файле   80-249104406
На строке 21500   в файле   80-249104441
На строке 21501   в файле   80-249104447
На строке 21502   в файле   80-249104435
На строке 21503   в файле   80-249104776
На строке 21504   в файле   80-249104921
На строке 21505   в файле   80-252479118
На строке 21506   в файле   80-252479401
На строке 21507   в файле   80-250953146
На строке 21508   в файле   80-250953041
На строке 21509   в файле   80-249106884
На строке 21510   в файле   80-250953245
На строке 21511   в файле   80-249108276
На строке 21512   в файле   80-249108825
На строке 21513   в файле   80-249109426
На строке 21514   в файле   80-250953240
На строке 21515   в файле   80-249110796
На строке 21516   в файле   80-249111809
На строке 21517   в файле   80-250953346
На строке 21518   в файле   80-249113915
На строке 21519   в файле   80-249114823
На строке 21520   в файле   80-249115088
На строке 21521   в файле   80-249115441
На строке 21522   в файле   80-249116531
На строке 21523   в файле   80-249116597
На строке 21524   в файле   80-252480125
На строке 21525   в файле   80-249120037
На строке 21526   в файле   80-249120041
На строке 21527   в файле   80-260324624
На строке 21528   в файле   80-260325195
На строке 21529   в файле   80-260325514
На строке 21530   в файле   80-260325814
На строке 21531   в файле   80-260326451
На строке 21532   в файле   80-260326400
На строке 21533   в файле   80-261182879
На строке 21534   в файле   80-260327148
На строке 21535   в файле   80-260327619
На строке 21536   в файле   80-260327809
На строке 21537   в файле   80-260328448
На строке 21538   в файле   80-260328816
На строке 21539   в файле   80-260329192
На строке 21540   в файле   80-260329362
На строке 21541   в файле   80-260330039
На строке 21542   в файле   80-260330307
На строке 21543   в файле   80-260330548
На строке 21544   в файле   80-260331102
На строке 21545   в файле   80-261266595
На строке 21546   в файле   80-260331868
На строке 21547   в файле   80-261182892
На строке 21548   в файле   80-260332716
На строке 21549   в файле   80-260332797
На строке 21550   в файле   80-260333348
На строке 21551   в файле   80-260333487
На строке 21552   в файле   80-260333859
На строке 21553   в файле   80-260334054
На строке 21554   в файле   80-260333607
На строке 21555   в файле   80-260334340
На строке 21556   в файле   80-260334315
На строке 21557   в файле   80-260335154
На строке 21558   в файле   80-260335461
На строке 21559   в файле   80-260336294
На строке 21560   в файле   80-260336563
На строке 21561   в файле   80-260336763
На строке 21562   в файле   80-260337571
На строке 21563   в файле   80-260338117
На строке 21564   в файле   80-260339144
На строке 21565   в файле   80-260339259
На строке 21566   в файле   80-260339665
На строке 21567   в файле   80-260340077
На строке 21568   в файле   80-260340563
На строке 21569   в файле   80-260341144
На строке 21570   в файле   80-260341249
На строке 21571   в файле   80-260341695
На строке 21572   в файле   80-249094971
На строке 21573   в файле   80-260321028
На строке 21574   в файле   80-260321682
На строке 21575   в файле   80-260338698
На строке 21576   в файле   80-249104576
На строке 21577   в файле   80-249108291
На строке 21578   в файле   80-249116201
На строке 21579   в файле   80-249127154
На строке 21580   в файле   80-249137658
На строке 21581   в файле   80-249145124
На строке 21582   в файле   80-249155078
На строке 21583   в файле   80-252480816
На строке 21584   в файле   80-260338821
На строке 21585   в файле   80-260343806
На строке 21586   в файле   80-260345339
На строке 21587   в файле   80-260346474
На строке 21588   в файле   80-260346272
На строке 21589   в файле   80-260346572
На строке 21590   в файле   80-260346731
На строке 21591   в файле   80-260346780
На строке 21592   в файле   80-260347029
На строке 21593   в файле   80-260347074
На строке 21594   в файле   80-249104786
На строке 21595   в файле   80-249104815
На строке 21596   в файле   80-252479469
На строке 21597   в файле   80-250952764
На строке 21598   в файле   80-249105744
На строке 21599   в файле   80-249105916
На строке 21600   в файле   80-249105919
На строке 21601   в файле   80-250952867
На строке 21602   в файле   80-249106467
На строке 21603   в файле   80-250953042
На строке 21604   в файле   80-249108287
На строке 21605   в файле   80-249108816
На строке 21606   в файле   80-252480070
На строке 21607   в файле   80-249110549
На строке 21608   в файле   80-249111128
На строке 21609   в файле   80-249111499
На строке 21610   в файле   80-250953530
На строке 21611   в файле   80-249114292
На строке 21612   в файле   80-249114697
На строке 21613   в файле   80-249115599
На строке 21614   в файле   80-249116964
На строке 21615   в файле   80-249117127
На строке 21616   в файле   80-250953534
На строке 21617   в файле   80-252089302
На строке 21618   в файле   80-249120529
На строке 21619   в файле   80-249121042
На строке 21620   в файле   80-249121420
На строке 21621   в файле   80-250953851
На строке 21622   в файле   80-249124958
На строке 21623   в файле   80-249124907
На строке 21624   в файле   80-249127716
На строке 21625   в файле   80-249128440
На строке 21626   в файле   80-249129379
На строке 21627   в файле   80-249131513
На строке 21628   в файле   80-249132150
На строке 21629   в файле   80-249132275
На строке 21630   в файле   80-249133567
На строке 21631   в файле   80-250954246
На строке 21632   в файле   80-250954264
На строке 21633   в файле   80-252089519
На строке 21634   в файле   80-249137654
На строке 21635   в файле   80-249137645
На строке 21636   в файле   80-249139065
На строке 21638   в файле   80-249140490
На строке 21639   в файле   80-249140444
На строке 21640   в файле   80-249141987
На строке 21641   в файле   80-252480594
На строке 21642   в файле   80-249141281
На строке 21643   в файле   80-249143616
На строке 21644   в файле   80-249144336
На строке 21645   в файле   80-250954839
На строке 21646   в файле   80-250954827
На строке 21647   в файле   80-252576049
На строке 21648   в файле   80-249150927
На строке 21649   в файле   80-249150989
На строке 21650   в файле   80-250954922
На строке 21651   в файле   80-249152330
На строке 21652   в файле   80-249152349
На строке 21653   в файле   80-249152247
На строке 21654   в файле   80-249152948
На строке 21655   в файле   80-249153166
На строке 21656   в файле   80-249155048
На строке 21657   в файле   80-249156606
На строке 21658   в файле   80-249156694
На строке 21659   в файле   80-249157415
На строке 21660   в файле   80-249158289
На строке 21661   в файле   80-249158296
На строке 21662   в файле   80-249159176
На строке 21663   в файле   80-249159805
На строке 21664   в файле   80-249159902
На строке 21665   в файле   80-249160668
На строке 21666   в файле   80-249162095
На строке 21667   в файле   80-250955435
На строке 21668   в файле   80-249165526
На строке 21669   в файле   80-249166273
На строке 21670   в файле   80-249168591
На строке 21671   в файле   80-249168056
На строке 21672   в файле   80-249169539
На строке 21673   в файле   80-249170254
На строке 21674   в файле   80-249171991
На строке 21675   в файле   80-249171840
На строке 21676   в файле   80-260339506
На строке 21677   в файле   80-260340152
На строке 21678   в файле   80-260340788
На строке 21679   в файле   80-260341310
На строке 21680   в файле   80-260341714
На строке 21681   в файле   80-260341863
На строке 21682   в файле   80-260342322
На строке 21683   в файле   80-260342764
На строке 21684   в файле   80-260343433
На строке 21685   в файле   80-260343266
На строке 21686   в файле   80-260343862
На строке 21687   в файле   80-260344236
На строке 21688   в файле   80-260344267
На строке 21689   в файле   80-260344286
На строке 21690   в файле   80-261183125
На строке 21691   в файле   80-260344745
На строке 21692   в файле   80-260344772
На строке 21693   в файле   80-260344875
На строке 21694   в файле   80-260344940
На строке 21695   в файле   80-260345275
На строке 21696   в файле   80-260345612
На строке 21697   в файле   80-260345765
На строке 21698   в файле   80-260346061
На строке 21699   в файле   80-249103214
На строке 21700   в файле   80-260335578
На строке 21701   в файле   80-249103421
На строке 21702   в файле   80-260336434
На строке 21703   в файле   80-249103723
На строке 21704   в файле   80-260336653
На строке 21705   в файле   80-249103719
На строке 21706   в файле   80-260337057
На строке 21707   в файле   80-249103745
На строке 21708   в файле   80-260337005
На строке 21709   в файле   80-249103898
На строке 21710   в файле   80-260337306
На строке 21711   в файле   80-249104046
На строке 21712   в файле   80-260337460
На строке 21713   в файле   80-249104088
На строке 21714   в файле   80-260338081
На строке 21715   в файле   80-250952684
На строке 21716   в файле   80-260335161
На строке 21717   в файле   80-252479429
На строке 21718   в файле   80-260334868
На строке 21719   в файле   80-260337723
На строке 21720   в файле   80-260358703
На строке 21721   в файле   80-252480756
На строке 21722   в файле   80-249161250
На строке 21723   в файле   80-249170342
На строке 21724   в файле   80-250955848
На строке 21725   в файле   80-249185357
На строке 21726   в файле   80-249188062
На строке 21727   в файле   80-252090873
На строке 21728   в файле   80-249193188
На строке 21729   в файле   80-260359061
На строке 21730   в файле   80-260360303
На строке 21731   в файле   80-260361805
На строке 21732   в файле   80-260362692
На строке 21733   в файле   80-260363831
На строке 21734   в файле   80-260363773
На строке 21735   в файле   80-260363741
На строке 21736   в файле   80-260363917
На строке 21737   в файле   80-260364482
На строке 21738   в файле   80-260364261
На строке 21739   в файле   80-252089825
На строке 21740   в файле   80-249151425
На строке 21741   в файле   80-250955022
На строке 21742   в файле   80-250955313
На строке 21743   в файле   80-249153591
На строке 21744   в файле   80-249155061
На строке 21745   в файле   80-249156062
На строке 21746   в файле   80-249156560
На строке 21747   в файле   80-249157639
На строке 21748   в файле   80-249158342
На строке 21749   в файле   80-249161958
На строке 21750   в файле   80-249161884
На строке 21751   в файле   80-250955445
На строке 21752   в файле   80-250955554
На строке 21753   в файле   80-250955639
На строке 21754   в файле   80-249166315
На строке 21755   в файле   80-249166358
На строке 21756   в файле   80-249166239
На строке 21757   в файле   80-249167885
На строке 21758   в файле   80-249167932
На строке 21759   в файле   80-249171974
На строке 21760   в файле   80-249170985
На строке 21761   в файле   80-249171756
На строке 21762   в файле   80-249173368
На строке 21763   в файле   80-249172402
На строке 21764   в файле   80-249173431
На строке 21765   в файле   80-250955841
На строке 21766   в файле   80-249174011
На строке 21767   в файле   80-249174580
На строке 21768   в файле   80-250955629
На строке 21769   в файле   80-250955861
На строке 21770   в файле   80-250956040
На строке 21771   в файле   80-250956044
На строке 21772   в файле   80-249179871
На строке 21773   в файле   80-249179820
На строке 21774   в файле   80-249181247
На строке 21775   в файле   80-249181309
На строке 21776   в файле   80-249182687
На строке 21777   в файле   80-249182619
На строке 21778   в файле   80-249184016
На строке 21779   в файле   80-249185443
На строке 21780   в файле   80-249185464
На строке 21781   в файле   80-249186186
На строке 21782   в файле   80-249186839
На строке 21783   в файле   80-249186047
На строке 21784   в файле   80-249186739
На строке 21785   в файле   80-249187987
На строке 21786   в файле   80-249188068
На строке 21787   в файле   80-249187452
На строке 21788   в файле   80-249188281
На строке 21789   в файле   80-252576768
На строке 21790   в файле   80-250956191
На строке 21791   в файле   80-250956247
На строке 21792   в файле   80-250956243
На строке 21793   в файле   80-252090310
На строке 21794   в файле   80-250956244
На строке 21795   в файле   80-252090518
На строке 21796   в файле   80-252090527
На строке 21797   в файле   80-252090543
На строке 21798   в файле   80-250956751
На строке 21799   в файле   80-252090846
На строке 21800   в файле   80-252090858
На строке 21801   в файле   80-249192256
На строке 21802   в файле   80-249192083
На строке 21803   в файле   80-249191996
На строке 21804   в файле   80-249192849
На строке 21805   в файле   80-249191896
На строке 21806   в файле   80-249192540
На строке 21807   в файле   80-252577410
На строке 21808   в файле   80-250956867
На строке 21809   в файле   80-250956948
На строке 21810   в файле   80-249196041
На строке 21811   в файле   80-249196828
На строке 21812   в файле   80-249196886
На строке 21813   в файле   80-249197381
На строке 21814   в файле   80-249198007
На строке 21815   в файле   80-249198054
На строке 21816   в файле   80-249198112
На строке 21817   в файле   80-249198716
На строке 21818   в файле   80-249199186
На строке 21819   в файле   80-260359001
На строке 21820   в файле   80-260359197
На строке 21821   в файле   80-260359717
На строке 21822   в файле   80-260359533
На строке 21823   в файле   80-260359757
На строке 21824   в файле   80-260360233
На строке 21825   в файле   80-260360107
На строке 21826   в файле   80-260360171
На строке 21827   в файле   80-260360211
На строке 21828   в файле   80-260360461
На строке 21829   в файле   80-260360927
На строке 21830   в файле   80-260360692
На строке 21831   в файле   80-260360802
На строке 21832   в файле   80-260360765
На строке 21833   в файле   80-260361080
На строке 21834   в файле   80-260360967
На строке 21835   в файле   80-260361496
На строке 21836   в файле   80-260361310
На строке 21837   в файле   80-260361335
На строке 21838   в файле   80-260361447
На строке 21839   в файле   80-260361637
На строке 21840   в файле   80-260362122
На строке 21841   в файле   80-260361881
На строке 21842   в файле   80-260361979
На строке 21843   в файле   80-260362079
На строке 21844   в файле   80-261183550
На строке 21845   в файле   80-260362312
На строке 21846   в файле   80-260362738
На строке 21847   в файле   80-260362611
На строке 21848   в файле   80-260362671
На строке 21849   в файле   80-260362605
На строке 21850   в файле   80-260362824
На строке 21851   в файле   80-260363232
На строке 21852   в файле   80-260363130
На строке 21853   в файле   80-260363192
На строке 21854   в файле   80-260363212
На строке 21855   в файле   80-260363221
На строке 21856   в файле   80-260363378
На строке 21857   в файле   80-260363884
На строке 21858   в файле   80-260363676
На строке 21859   в файле   80-216539774
На строке 21860   в файле   80-252575982
На строке 21861   в файле   80-260358077
На строке 21862   в файле   80-216541412
На строке 21863   в файле   80-249110901
На строке 21864   в файле   80-260353231
На строке 21865   в файле   80-216541432
На строке 21866   в файле   80-249111182
На строке 21867   в файле   80-260353069
На строке 21868   в файле   80-216543245
На строке 21869   в файле   80-249117757
На строке 21870   в файле   80-260354163
На строке 21871   в файле   80-216543954
На строке 21872   в файле   80-250953737
На строке 21873   в файле   80-260354369
На строке 21874   в файле   80-216544206
На строке 21875   в файле   80-249144343
На строке 21876   в файле   80-260358242
На строке 21877   в файле   80-216540051
На строке 21878   в файле   80-249129634
На строке 21879   в файле   80-260355952
На строке 21880   в файле   80-216540212
На строке 21881   в файле   80-250954551
На строке 21882   в файле   80-260357766
На строке 21883   в файле   80-216540215
На строке 21884   в файле   80-249109354
На строке 21885   в файле   80-260352404
На строке 21886   в файле   80-216540452
На строке 21887   в файле   80-249109351
На строке 21888   в файле   80-260352245
На строке 21889   в файле   80-216540696
На строке 21890   в файле   80-249110231
На строке 21891   в файле   80-260352656
На строке 21892   в файле   80-216540967
На строке 21893   в файле   80-249125514
На строке 21894   в файле   80-260355097
На строке 21895   в файле   80-216540933
На строке 21896   в файле   80-249129980
На строке 21897   в файле   80-260356114
На строке 21898   в файле   80-216541151
На строке 21899   в файле   80-249141983
На строке 21900   в файле   80-260357494
На строке 21901   в файле   80-216541152
На строке 21902   в файле   80-249111733
На строке 21903   в файле   80-260353479
На строке 21904   в файле   80-216541382
На строке 21905   в файле   80-249112088
На строке 21906   в файле   80-260353717
На строке 21907   в файле   80-216541458
На строке 21908   в файле   80-249130651
На строке 21909   в файле   80-260355892
На строке 21910   в файле   80-216542740
На строке 21911   в файле   80-249142973
На строке 21912   в файле   80-260357844
На строке 21913   в файле   80-216542770
На строке 21914   в файле   80-249116955
На строке 21915   в файле   80-260354149
На строке 21916   в файле   80-216543522
На строке 21917   в файле   80-249139817
На строке 21918   в файле   80-260357194
На строке 21919   в файле   80-216543566
На строке 21920   в файле   80-249119632
На строке 21921   в файле   80-260354574
На строке 21922   в файле   80-216544281
На строке 21923   в файле   80-249126062
На строке 21924   в файле   80-260355455
На строке 21925   в файле   80-216544209
На строке 21926   в файле   80-249126051
На строке 21927   в файле   80-260355387
На строке 21928   в файле   80-216544476
На строке 21929   в файле   80-250953750
На строке 21930   в файле   80-260354428
На строке 21931   в файле   80-216544486
На строке 21932   в файле   80-249120195
На строке 21933   в файле   80-260354570
На строке 21934   в файле   80-216545373
На строке 21935   в файле   80-249131921
На строке 21936   в файле   80-261183552
На строке 21937   в файле   80-216539563
На строке 21938   в файле   80-249106915
На строке 21939   в файле   80-260351727
На строке 21940   в файле   80-216539582
На строке 21941   в файле   80-249109389
На строке 21942   в файле   80-260352204
На строке 21943   в файле   80-216540488
На строке 21944   в файле   80-249109675
На строке 21945   в файле   80-260352601
На строке 21946   в файле   80-216542433
На строке 21947   в файле   80-249130804
На строке 21948   в файле   80-260355993
На строке 21949   в файле   80-216543265
На строке 21950   в файле   80-250954342
На строке 21951   в файле   80-260356694
На строке 21952   в файле   80-216544781
На строке 21953   в файле   80-249127111
На строке 21954   в файле   80-260355456
На строке 21955   в файле   80-216539526
На строке 21956   в файле   80-249108275
На строке 21957   в файле   80-260351945
На строке 21958   в файле   80-216689633
На строке 21959   в файле   80-250953152
На строке 21960   в файле   80-260351794
На строке 21961   в файле   80-216693177
На строке 21962   в файле   80-249110790
На строке 21963   в файле   80-260352989
На строке 21964   в файле   80-216693333
На строке 21965   в файле   80-249128305
На строке 21966   в файле   80-260355554
На строке 21967   в файле   80-216693404
На строке 21968   в файле   80-250954746
На строке 21969   в файле   80-260358360
На строке 21970   в файле   80-216693612
На строке 21971   в файле   80-249112024
На строке 21972   в файле   80-260353528
На строке 21973   в файле   80-216693615
На строке 21974   в файле   80-249113908
На строке 21975   в файле   80-261183599
На строке 21976   в файле   80-216693955
На строке 21977   в файле   80-249114031
На строке 21978   в файле   80-260354000
На строке 21979   в файле   80-216694406
На строке 21980   в файле   80-249117349
На строке 21981   в файле   80-260354347
На строке 21982   в файле   80-216694590
На строке 21983   в файле   80-249114721
На строке 21984   в файле   80-260353954
На строке 21985   в файле   80-216694644
На строке 21986   в файле   80-249133234
На строке 21987   в файле   80-260356311
На строке 21988   в файле   80-216696234
На строке 21989   в файле   80-249120075
На строке 21990   в файле   80-260354891
На строке 21991   в файле   80-216696149
На строке 21992   в файле   80-249106403
На строке 21993   в файле   80-260351364
На строке 21994   в файле   80-216696799
На строке 21995   в файле   80-249145314
На строке 21996   в файле   80-260358269
На строке 21997   в файле   80-216697124
На строке 21998   в файле   80-249106868
На строке 21999   в файле   80-260351381
На строке 22000   в файле   80-216837033
На строке 22001   в файле   80-250953342
На строке 22002   в файле   80-260353648
На строке 22003   в файле   80-216837237
На строке 22004   в файле   80-249141946
На строке 22005   в файле   80-260357767
На строке 22006   в файле   80-216837362
На строке 22007   в файле   80-249116250
На строке 22008   в файле   80-260354145
На строке 22009   в файле   80-216837946
На строке 22010   в файле   80-250954632
На строке 22011   в файле   80-260357112
На строке 22012   в файле   80-216823653
На строке 22013   в файле   80-249110024
На строке 22014   в файле   80-260352632
На строке 22015   в файле   80-216823656
На строке 22016   в файле   80-249108835
На строке 22017   в файле   80-260352184
На строке 22018   в файле   80-216824200
На строке 22019   в файле   80-249124417
На строке 22020   в файле   80-260355011
На строке 22021   в файле   80-216824293
На строке 22022   в файле   80-249121512
На строке 22023   в файле   80-260355025
На строке 22024   в файле   80-216837418
На строке 22025   в файле   80-249126645
На строке 22026   в файле   80-260355563
На строке 22027   в файле   80-216837571
На строке 22028   в файле   80-249120934
На строке 22029   в файле   80-260354777
На строке 22030   в файле   80-216837909
На строке 22031   в файле   80-249127129
На строке 22032   в файле   80-260355452
На строке 22033   в файле   80-216823628
На строке 22034   в файле   80-250954752
На строке 22035   в файле   80-260358245
На строке 22036   в файле   80-216823737
На строке 22037   в файле   80-249128777
На строке 22038   в файле   80-260355856
На строке 22039   в файле   80-216868494
На строке 22040   в файле   80-250953435
На строке 22041   в файле   80-260353917
На строке 22042   в файле   80-216868756
На строке 22043   в файле   80-250953925
На строке 22044   в файле   80-260354920
На строке 22045   в файле   80-216868596
На строке 22046   в файле   80-249130811
На строке 22047   в файле   80-260356011
На строке 22048   в файле   80-216868662
На строке 22049   в файле   80-249111375
На строке 22050   в файле   80-260353088
На строке 22051   в файле   80-260356625
На строке 22052   в файле   80-260769157
На строке 22053   в файле   80-243734332
На строке 22054   в файле   80-243753068
На строке 22055   в файле   80-243803484
На строке 22056   в файле   80-243814867
На строке 22057   в файле   80-249912644
На строке 22058   в файле   80-243817160
На строке 22059   в файле   80-243818006
На строке 22060   в файле   80-243819148
На строке 22061   в файле   80-260769058
На строке 22062   в файле   80-260769154
На строке 22063   в файле   80-261243739
На строке 22064   в файле   80-260769584
На строке 22065   в файле   80-260769298
На строке 22066   в файле   80-261275972
На строке 22067   в файле   80-260769700
На строке 22068   в файле   80-260769751
На строке 22069   в файле   80-260769570
На строке 22070   в файле   80-260770038
На строке 22071   в файле   80-243735178
На строке 22072   в файле   80-244564902
На строке 22073   в файле   80-249909081
На строке 22074   в файле   80-252223620
На строке 22075   в файле   80-243743570
На строке 22076   в файле   80-249909285
На строке 22077   в файле   80-243745060
На строке 22078   в файле   80-249909275
На строке 22079   в файле   80-243750077
На строке 22080   в файле   80-243752338
На строке 22081   в файле   80-243753814
На строке 22082   в файле   80-243756038
На строке 22083   в файле   80-243757350
На строке 22084   в файле   80-243768456
На строке 22085   в файле   80-243772477
На строке 22086   в файле   80-243788720
На строке 22087   в файле   80-249911233
На строке 22088   в файле   80-243799358
На строке 22089   в файле   80-243804578
На строке 22090   в файле   80-249911593
На строке 22091   в файле   80-252503293
На строке 22092   в файле   80-249911750
На строке 22093   в файле   80-243806930
На строке 22094   в файле   80-252230369
На строке 22095   в файле   80-243811173
На строке 22096   в файле   80-244583357
На строке 22097   в файле   80-244583567
На строке 22098   в файле   80-243814459
На строке 22099   в файле   80-243727137
На строке 22100   в файле   80-259226425
На строке 22101   в файле   80-247094818
На строке 22102   в файле   80-247094812
На строке 22103   в файле   80-247098151
На строке 22104   в файле   80-247110012
На строке 22105   в файле   80-251801668
На строке 22106   в файле   80-247121673
На строке 22107   в файле   80-251803834
На строке 22108   в файле   80-247827620
На строке 22109   в файле   80-247834449
На строке 22110   в файле   80-251805277
На строке 22111   в файле   80-247835149
На строке 22112   в файле   80-260019676
На строке 22113   в файле   80-260019964
На строке 22114   в файле   80-260020293
На строке 22115   в файле   80-260020341
На строке 22116   в файле   80-260020614
На строке 22117   в файле   80-260020823
На строке 22118   в файле   80-247098251
На строке 22119   в файле   80-247101149
На строке 22120   в файле   80-251800633
На строке 22121   в файле   80-247101951
На строке 22122   в файле   80-247104272
На строке 22123   в файле   80-247104375
На строке 22124   в файле   80-247105903
На строке 22125   в файле   80-247106684
На строке 22126   в файле   80-251801179
На строке 22127   в файле   80-247107684
На строке 22128   в файле   80-247113330
На строке 22129   в файле   80-247114806
На строке 22130   в файле   80-247116760
На строке 22131   в файле   80-247116651
На строке 22132   в файле   80-247118360
На строке 22133   в файле   80-251802818
На строке 22134   в файле   80-251803305
На строке 22135   в файле   80-247119096
На строке 22136   в файле   80-247120047
На строке 22137   в файле   80-247120771
На строке 22138   в файле   80-247122322
На строке 22139   в файле   80-247123213
На строке 22140   в файле   80-247123984
На строке 22141   в файле   80-247125111
На строке 22142   в файле   80-247125647
На строке 22143   в файле   80-247127635
На строке 22144   в файле   80-247127327
На строке 22145   в файле   80-251803299
На строке 22146   в файле   80-252411803
На строке 22147   в файле   80-247130208
На строке 22148   в файле   80-247131946
На строке 22149   в файле   80-247131718
На строке 22150   в файле   80-247132624
На строке 22151   в файле   80-247132531
На строке 22152   в файле   80-247133504
На строке 22153   в файле   80-251804380
На строке 22154   в файле   80-251804138
На строке 22155   в файле   80-251804407
На строке 22156   в файле   80-251804539
На строке 22157   в файле   80-247827665
На строке 22158   в файле   80-251804768
На строке 22159   в файле   80-247829178
На строке 22160   в файле   80-247830786
На строке 22161   в файле   80-251804941
На строке 22162   в файле   80-247832073
На строке 22163   в файле   80-247832860
На строке 22164   в файле   80-247832877
На строке 22165   в файле   80-247833739
На строке 22166   в файле   80-247090441
На строке 22167   в файле   80-260019544
На строке 22168   в файле   80-251799054
На строке 22169   в файле   80-260019364
На строке 22170   в файле   80-260019159
На строке 22171   в файле   80-247110713
На строке 22172   в файле   80-251802534
На строке 22173   в файле   80-260322358
На строке 22174   в файле   80-252089218
На строке 22175   в файле   80-252089079
На строке 22176   в файле   80-249116387
На строке 22177   в файле   80-249127205
На строке 22178   в файле   80-249129324
На строке 22179   в файле   80-249130662
На строке 22180   в файле   80-249134027
На строке 22181   в файле   80-249139086
На строке 22182   в файле   80-249140529
На строке 22183   в файле   80-260322747
На строке 22184   в файле   80-260322990
На строке 22185   в файле   80-260323533
На строке 22186   в файле   80-260323961
На строке 22187   в файле   80-260324188
На строке 22188   в файле   80-260324788
На строке 22189   в файле   80-260325390
На строке 22190   в файле   80-260325565
На строке 22191   в файле   80-249108304
На строке 22192   в файле   80-249108595
На строке 22193   в файле   80-249109917
На строке 22194   в файле   80-249109990
На строке 22195   в файле   80-249111359
На строке 22196   в файле   80-252089191
На строке 22197   в файле   80-249113583
На строке 22198   в файле   80-249114727
На строке 22199   в файле   80-249115528
На строке 22200   в файле   80-249115481
На строке 22201   в файле   80-249117384
На строке 22202   в файле   80-250953643
На строке 22203   в файле   80-249120128
На строке 22204   в файле   80-249121466
На строке 22205   в файле   80-250953931
На строке 22206   в файле   80-250954032
На строке 22207   в файле   80-250954118
На строке 22208   в файле   80-249124943
На строке 22209   в файле   80-249126028
На строке 22210   в файле   80-249128184
На строке 22211   в файле   80-249105912
На строке 22212   в файле   80-260321754
На строке 22213   в файле   80-249106394
На строке 22214   в файле   80-261182743
На строке 22215   в файле   80-250952940
На строке 22216   в файле   80-260322205
На строке 22217   в файле   80-260321274
На строке 22218   в файле   80-260323320
На строке 22219   в файле   80-260323731
На строке 22220   в файле   80-260324292
На строке 22221   в файле   80-249110831
На строке 22222   в файле   80-249115564
На строке 22223   в файле   80-249128313
На строке 22224   в файле   80-249129537
На строке 22225   в файле   80-252089517
На строке 22226   в файле   80-249132703
На строке 22227   в файле   80-250954428
На строке 22228   в файле   80-249139131
На строке 22229   в файле   80-250954638
На строке 22230   в файле   80-260338922
На строке 22231   в файле   80-249150804
На строке 22232   в файле   80-252090057
На строке 22233   в файле   80-249173048
На строке 22234   в файле   80-249179032
На строке 22235   в файле   80-249182717
На строке 22236   в файле   80-249184029
На строке 22237   в файле   80-249184700
На строке 22238   в файле   80-249184673
На строке 22239   в файле   80-260339484
На строке 22240   в файле   80-260339508
На строке 22241   в файле   80-260339701
На строке 22242   в файле   80-260340200
На строке 22243   в файле   80-260340509
На строке 22244   в файле   80-260340803
На строке 22245   в файле   80-260341845
На строке 22246   в файле   80-260342330
На строке 22247   в файле   80-260342820
На строке 22248   в файле   80-260342841
На строке 22249   в файле   80-260343374
На строке 22250   в файле   80-250955317
На строке 22251   в файле   80-250955119
На строке 22252   в файле   80-249155089
На строке 22253   в файле   80-249156669
На строке 22254   в файле   80-249158017
На строке 22255   в файле   80-249158875
На строке 22256   в файле   80-249159609
На строке 22257   в файле   80-249159807
На строке 22258   в файле   80-249160333
На строке 22259   в файле   80-250955241
На строке 22260   в файле   80-249161207
На строке 22261   в файле   80-249166388
На строке 22262   в файле   80-249167085
На строке 22263   в файле   80-249168595
На строке 22264   в файле   80-249168606
На строке 22265   в файле   80-249170275
На строке 22266   в файле   80-249169559
На строке 22267   в файле   80-249170260
На строке 22268   в файле   80-249171264
На строке 22269   в файле   80-250955508
На строке 22270   в файле   80-249173822
На строке 22271   в файле   80-249173338
На строке 22272   в файле   80-252090208
На строке 22273   в файле   80-249174790
На строке 22274   в файле   80-249174778
На строке 22275   в файле   80-249174635
На строке 22276   в файле   80-249175477
На строке 22277   в файле   80-252090283
На строке 22278   в файле   80-250955740
На строке 22279   в файле   80-250955947
На строке 22280   в файле   80-250956045
На строке 22281   в файле   80-249179816
На строке 22282   в файле   80-249180612
На строке 22283   в файле   80-249181261
На строке 22284   в файле   80-249146664
На строке 22285   в файле   80-260337996
На строке 22286   в файле   80-261183274
На строке 22287   в файле   80-249181995
На строке 22288   в файле   80-249182593
На строке 22289   в файле   80-260348624
На строке 22290   в файле   80-249182606
На строке 22291   в файле   80-249184100
На строке 22292   в файле   80-249184106
На строке 22293   в файле   80-249185424
На строке 22294   в файле   80-252090059
На строке 22295   в файле   80-249186734
На строке 22296   в файле   80-249186825
На строке 22297   в файле   80-249187441
На строке 22298   в файле   80-260348782
На строке 22299   в файле   80-260349115
На строке 22300   в файле   80-260349039
На строке 22301   в файле   80-260349202
На строке 22302   в файле   80-260349684
На строке 22303   в файле   80-260349632
На строке 22304   в файле   80-260349628
На строке 22305   в файле   80-260349915
На строке 22306   в файле   80-260350017
На строке 22307   в файле   80-260350558
На строке 22308   в файле   80-249183336
На строке 22309   в файле   80-249179920
На строке 22310   в файле   80-260347826
На строке 22311   в файле   80-249179915
На строке 22312   в файле   80-260347357
На строке 22313   в файле   80-249181240
На строке 22314   в файле   80-260348122
На строке 22315   в файле   80-249181294
На строке 22316   в файле   80-260348238
На строке 22317   в файле   80-260347436
На строке 22318   в файле   80-260348452
На строке 22319   в файле   80-249201173
На строке 22320   в файле   80-249208504
На строке 22321   в файле   80-249211719
На строке 22322   в файле   80-249212356
На строке 22323   в файле   80-249213774
На строке 22324   в файле   80-252093229
На строке 22325   в файле   80-260357797
На строке 22326   в файле   80-260358746
На строке 22327   в файле   80-260359010
На строке 22328   в файле   80-260359190
На строке 22329   в файле   80-260359468
На строке 22330   в файле   80-260359680
На строке 22331   в файле   80-260359732
На строке 22332   в файле   80-252091123
На строке 22333   в файле   80-249198164
На строке 22334   в файле   80-250957425
На строке 22335   в файле   80-252091518
На строке 22336   в файле   80-249199847
На строке 22337   в файле   80-252577339
На строке 22338   в файле   80-250957510
На строке 22339   в файле   80-250957530
На строке 22340   в файле   80-252091396
На строке 22341   в файле   80-250957607
На строке 22342   в файле   80-249199719
На строке 22343   в файле   80-252091393
На строке 22344   в файле   80-250957700
На строке 22345   в файле   80-250957868
На строке 22346   в файле   80-252091685
На строке 22347   в файле   80-252091764
На строке 22348   в файле   80-252620161
На строке 22349   в файле   80-249202133
На строке 22350   в файле   80-249201920
На строке 22351   в файле   80-249202187
На строке 22352   в файле   80-249203521
На строке 22353   в файле   80-249203603
На строке 22354   в файле   80-249204402
На строке 22355   в файле   80-249204945
На строке 22356   в файле   80-249205884
На строке 22357   в файле   80-249206649
На строке 22358   в файле   80-249206555
На строке 22359   в файле   80-249209301
На строке 22360   в файле   80-252092268
На строке 22361   в файле   80-249210185
На строке 22362   в файле   80-249210305
На строке 22363   в файле   80-249210729
На строке 22364   в файле   80-249211662
На строке 22365   в файле   80-249214777
На строке 22366   в файле   80-249220354
На строке 22367   в файле   80-260356486
На строке 22368   в файле   80-261183754
На строке 22369   в файле   80-260356727
На строке 22370   в файле   80-260357109
На строке 22371   в файле   80-260357247
На строке 22372   в файле   80-260357205
На строке 22373   в файле   80-260357782
На строке 22374   в файле   80-260358468
На строке 22375   в файле   80-260358512
На строке 22376   в файле   80-260358727
На строке 22377   в файле   80-250956850
На строке 22378   в файле   80-249196730
На строке 22379   в файле   80-249196813
На строке 22380   в файле   80-249196874
На строке 22381   в файле   80-249197992
На строке 22382   в файле   80-252091122
На строке 22383   в файле   80-252091142
На строке 22384   в файле   80-249193449
На строке 22385   в файле   80-260356507
На строке 22386   в файле   80-250956848
На строке 22387   в файле   80-260356431
На строке 22388   в файле   80-260356284
На строке 22389   в файле   80-260359258
На строке 22390   в файле   80-250957521
На строке 22391   в файле   80-252091635
На строке 22392   в файле   80-252482438
На строке 22393   в файле   80-249202998
На строке 22394   в файле   80-249210121
На строке 22395   в файле   80-249220456
На строке 22396   в файле   80-260347791
На строке 22397   в файле   80-260365872
На строке 22398   в файле   80-249213169
На строке 22399   в файле   80-250960727
На строке 22400   в файле   80-252096000
На строке 22401   в файле   80-250962608
На строке 22402   в файле   80-250963659
На строке 22403   в файле   80-250964700
На строке 22404   в файле   80-250966001
На строке 22405   в файле   80-252099235
На строке 22406   в файле   80-260366203
На строке 22407   в файле   80-260367514
На строке 22408   в файле   80-260369970
На строке 22409   в файле   80-260375440
На строке 22410   в файле   80-260379659
На строке 22411   в файле   80-260382474
На строке 22412   в файле   80-260386121
На строке 22413   в файле   80-261186222
На строке 22414   в файле   80-261188985
На строке 22415   в файле   80-261190642
На строке 22416   в файле   80-249213668
На строке 22417   в файле   80-252619626
На строке 22418   в файле   80-249240098
На строке 22419   в файле   80-252483095
На строке 22420   в файле   80-250960175
На строке 22421   в файле   80-250960343
На строке 22422   в файле   80-252095058
На строке 22423   в файле   80-250960537
На строке 22424   в файле   80-250960519
На строке 22425   в файле   80-250960698
На строке 22426   в файле   80-252095381
На строке 22427   в файле   80-250960890
На строке 22428   в файле   80-252095380
На строке 22429   в файле   80-250961078
На строке 22430   в файле   80-250961137
На строке 22431   в файле   80-250961204
На строке 22432   в файле   80-252095754
На строке 22433   в файле   80-250961688
На строке 22434   в файле   80-250961779
На строке 22435   в файле   80-250961854
На строке 22436   в файле   80-252483780
На строке 22437   в файле   80-250962167
На строке 22438   в файле   80-250962134
На строке 22439   в файле   80-250962257
На строке 22440   в файле   80-250962343
На строке 22441   в файле   80-250962451
На строке 22442   в файле   80-250962505
На строке 22443   в файле   80-252483713
На строке 22444   в файле   80-250962648
На строке 22445   в файле   80-250962641
На строке 22446   в файле   80-252096445
На строке 22447   в файле   80-250962831
На строке 22448   в файле   80-250963025
На строке 22449   в файле   80-250963082
На строке 22450   в файле   80-250963182
На строке 22451   в файле   80-250963294
На строке 22452   в файле   80-252096699
На строке 22453   в файле   80-252096605
На строке 22454   в файле   80-250963486
На строке 22455   в файле   80-250963593
На строке 22456   в файле   80-252097077
На строке 22457   в файле   80-250963774
На строке 22458   в файле   80-250963968
На строке 22459   в файле   80-250963973
На строке 22460   в файле   80-252097214
На строке 22461   в файле   80-250964286
На строке 22462   в файле   80-250964289
На строке 22463   в файле   80-252097237
На строке 22464   в файле   80-250964527
На строке 22465   в файле   80-250964495
На строке 22466   в файле   80-252097475
На строке 22467   в файле   80-252097341
На строке 22468   в файле   80-250964954
На строке 22469   в файле   80-252097751
На строке 22470   в файле   80-252483783
На строке 22471   в файле   80-250965560
На строке 22472   в файле   80-252097842
На строке 22473   в файле   80-250965639
На строке 22474   в файле   80-250965769
На строке 22475   в файле   80-250965892
На строке 22476   в файле   80-250965983
На строке 22477   в файле   80-252098268
На строке 22478   в файле   80-252484187
На строке 22479   в файле   80-250966122
На строке 22480   в файле   80-250966410
На строке 22481   в файле   80-252484332
На строке 22482   в файле   80-250966628
На строке 22483   в файле   80-250966952
На строке 22484   в файле   80-250966910
На строке 22485   в файле   80-250967751
На строке 22486   в файле   80-250967805
На строке 22487   в файле   80-250967982
На строке 22488   в файле   80-252099589
На строке 22489   в файле   80-250968259
На строке 22490   в файле   80-250968347
На строке 22491   в файле   80-250968513
На строке 22492   в файле   80-250968689
На строке 22493   в файле   80-250968864
На строке 22494   в файле   80-250968892
На строке 22495   в файле   80-250968957
На строке 22496   в файле   80-260366297
На строке 22497   в файле   80-261184194
На строке 22498   в файле   80-260366505
На строке 22499   в файле   80-260366806
На строке 22500   в файле   80-260366931
На строке 22501   в файле   80-260366840
На строке 22502   в файле   80-260366808
На строке 22503   в файле   80-260367376
На строке 22504   в файле   80-260367043
На строке 22505   в файле   80-260367430
На строке 22506   в файле   80-260367588
На строке 22507   в файле   80-260367378
На строке 22508   в файле   80-260368416
На строке 22509   в файле   80-260367904
На строке 22510   в файле   80-260368423
На строке 22511   в файле   80-261184462
На строке 22512   в файле   80-260369121
На строке 22513   в файле   80-260369296
На строке 22514   в файле   80-260369710
На строке 22515   в файле   80-260369721
На строке 22516   в файле   80-260370173
На строке 22517   в файле   80-260370983
На строке 22518   в файле   80-260371288
На строке 22519   в файле   80-260371817
На строке 22520   в файле   80-260372248
На строке 22521   в файле   80-261184372
На строке 22522   в файле   80-261184425
На строке 22523   в файле   80-261184898
На строке 22524   в файле   80-260374548
На строке 22525   в файле   80-260375234
На строке 22526   в файле   80-260375766
На строке 22527   в файле   80-260376394
На строке 22528   в файле   80-260376868
На строке 22529   в файле   80-260377600
На строке 22530   в файле   80-261185095
На строке 22531   в файле   80-260377629
На строке 22532   в файле   80-260377959
На строке 22533   в файле   80-260378449
На строке 22534   в файле   80-260378998
На строке 22535   в файле   80-260378835
На строке 22536   в файле   80-261185174
На строке 22537   в файле   80-260380398
На строке 22538   в файле   80-260380029
На строке 22539   в файле   80-260380205
На строке 22540   в файле   80-260381449
На строке 22541   в файле   80-261185331
На строке 22542   в файле   80-260381243
На строке 22543   в файле   80-261185266
На строке 22544   в файле   80-260382149
На строке 22545   в файле   80-260382556
На строке 22546   в файле   80-260383530
На строке 22547   в файле   80-260383913
На строке 22548   в файле   80-260383524
На строке 22549   в файле   80-260384800
На строке 22550   в файле   80-261266926
На строке 22551   в файле   80-260384456
На строке 22552   в файле   80-261185672
На строке 22553   в файле   80-260385048
На строке 22554   в файле   80-260385901
На строке 22555   в файле   80-260385483
На строке 22556   в файле   80-260386056
На строке 22557   в файле   80-261185825
На строке 22558   в файле   80-261185604
На строке 22559   в файле   80-261185737
На строке 22560   в файле   80-260387964
На строке 22561   в файле   80-261185878
На строке 22562   в файле   80-261186005
На строке 22563   в файле   80-260389170
На строке 22564   в файле   80-261186070
На строке 22565   в файле   80-261186141
На строке 22566   в файле   80-261186292
На строке 22567   в файле   80-261186530
На строке 22568   в файле   80-261186556
На строке 22569   в файле   80-261186733
На строке 22570   в файле   80-261187453
На строке 22571   в файле   80-261187549
На строке 22572   в файле   80-261187956
На строке 22573   в файле   80-261267193
На строке 22574   в файле   80-261188349
На строке 22575   в файле   80-261188367
На строке 22576   в файле   80-261189431
На строке 22577   в файле   80-261189459
На строке 22578   в файле   80-261189616
На строке 22579   в файле   80-261189690
На строке 22580   в файле   80-261189855
На строке 22581   в файле   80-261190184
На строке 22582   в файле   80-260413343
На строке 22583   в файле   80-260413655
На строке 22584   в файле   80-260413994
На строке 22585   в файле   80-260415077
На строке 22586   в файле   80-261191025
На строке 22587   в файле   80-261191216
На строке 22588   в файле   80-260422070
На строке 22589   в файле   80-260422234
На строке 22590   в файле   80-260423493
На строке 22591   в файле   80-260426800
На строке 22592   в файле   80-260427978
На строке 22593   в файле   80-260428634
На строке 22594   в файле   80-260430381
На строке 22595   в файле   80-260431714
На строке 22596   в файле   80-250958222
На строке 22597   в файле   80-252092480
На строке 22598   в файле   80-252092727
На строке 22599   в файле   80-249219533
На строке 22600   в файле   80-252092660
На строке 22601   в файле   80-249220298
На строке 22602   в файле   80-252093098
На строке 22603   в файле   80-252092873
На строке 22604   в файле   80-252092953
На строке 22605   в файле   80-252093321
На строке 22606   в файле   80-252577428
На строке 22607   в файле   80-249233392
На строке 22608   в файле   80-252093464
На строке 22609   в файле   80-252093232
На строке 22610   в файле   80-250958532
На строке 22611   в файле   80-252093730
На строке 22612   в файле   80-249238980
На строке 22613   в файле   80-252093840
На строке 22614   в файле   80-249239543
На строке 22615   в файле   80-249240149
На строке 22616   в файле   80-249240754
На строке 22617   в файле   80-249241419
На строке 22618   в файле   80-252093827
На строке 22619   в файле   80-249241602
На строке 22620   в файле   80-250958816
На строке 22621   в файле   80-250958841
На строке 22622   в файле   80-250959067
На строке 22623   в файле   80-252094085
На строке 22624   в файле   80-250959057
На строке 22625   в файле   80-250959144
На строке 22626   в файле   80-250959260
На строке 22627   в файле   80-250959335
На строке 22628   в файле   80-250959434
На строке 22629   в файле   80-252094531
На строке 22630   в файле   80-252094775
На строке 22631   в файле   80-252094641
На строке 22632   в файле   80-252094790
На строке 22633   в файле   80-250959867
На строке 22634   в файле   80-250959985
На строке 22635   в файле   80-250959984
На строке 22636   в файле   80-250960191
На строке 22637   в файле   80-250960250
На строке 22638   в файле   80-249202106
На строке 22639   в файле   80-260364539
На строке 22640   в файле   80-249202145
На строке 22641   в файле   80-260364406
На строке 22642   в файле   80-249203570
На строке 22643   в файле   80-260364449
На строке 22644   в файле   80-249203584
На строке 22645   в файле   80-261183907
На строке 22646   в файле   80-249204160
На строке 22647   в файле   80-260364829
На строке 22648   в файле   80-249205149
На строке 22649   в файле   80-260365027
На строке 22650   в файле   80-249205613
На строке 22651   в файле   80-260364769
На строке 22652   в файле   80-249206344
На строке 22653   в файле   80-260365413
На строке 22654   в файле   80-249207054
На строке 22655   в файле   80-260366243
На строке 22656   в файле   80-249208492
На строке 22657   в файле   80-260365600
На строке 22658   в файле   80-249208572
На строке 22659   в файле   80-260365590
На строке 22660   в файле   80-249210025
На строке 22661   в файле   80-261183762
На строке 22662   в файле   80-249210739
На строке 22663   в файле   80-260366170
На строке 22664   в файле   80-249204952
На строке 22665   в файле   80-260365036
На строке 22666   в файле   80-249207787
На строке 22667   в файле   80-260365326
На строке 22668   в файле   80-252091875
На строке 22669   в файле   80-260365043
На строке 22670   в файле   80-252091904
На строке 22671   в файле   80-260364270
На строке 22672   в файле   80-252092261
На строке 22673   в файле   80-260365034
На строке 22674   в файле   80-252577358
На строке 22675   в файле   80-260365728
На строке 22676   в файле   80-260365605
На строке 22677   в файле   80-260368725
На строке 22678   в файле   80-249211843
На строке 22679   в файле   80-250963218
На строке 22680   в файле   80-250964284
На строке 22681   в файле   80-250965059
На строке 22682   в файле   80-252098103
На строке 22683   в файле   80-252099369
На строке 22684   в файле   80-250969194
На строке 22685   в файле   80-252101799
На строке 22686   в файле   80-260368760
На строке 22687   в файле   80-260373579
На строке 22688   в файле   80-260378015
На строке 22689   в файле   80-260381534
На строке 22690   в файле   80-260385052
На строке 22691   в файле   80-260389053
На строке 22692   в файле   80-261187176
На строке 22693   в файле   80-261189148
На строке 22694   в файле   80-261190812
На строке 22695   в файле   80-261191798
На строке 22696   в файле   80-249212153
На строке 22697   в файле   80-250958374
На строке 22698   в файле   80-249239550
На строке 22699   в файле   80-250959231
На строке 22700   в файле   80-252095051
На строке 22701   в файле   80-250961128
На строке 22702   в файле   80-250961965
На строке 22703   в файле   80-250962810
На строке 22704   в файле   80-250963021
На строке 22705   в файле   80-252096861
На строке 22706   в файле   80-250963215
На строке 22707   в файле   80-250963384
На строке 22708   в файле   80-250963386
На строке 22709   в файле   80-250963387
На строке 22710   в файле   80-252096707
На строке 22711   в файле   80-250963581
На строке 22712   в файле   80-250963575
На строке 22713   в файле   80-252096948
На строке 22714   в файле   80-250963773
На строке 22715   в файле   80-252096988
На строке 22716   в файле   80-250964283
На строке 22717   в файле   80-252483756
На строке 22718   в файле   80-250964505
На строке 22719   в файле   80-250964494
На строке 22720   в файле   80-250964717
На строке 22721   в файле   80-250964751
На строке 22722   в файле   80-250964735
На строке 22723   в файле   80-252097500
На строке 22724   в файле   80-250964929
На строке 22725   в файле   80-250964923
На строке 22726   в файле   80-252097602
На строке 22727   в файле   80-252097747
На строке 22728   в файле   80-250965467
На строке 22729   в файле   80-250965569
На строке 22730   в файле   80-250965582
На строке 22731   в файле   80-250965798
На строке 22732   в файле   80-250965804
На строке 22733   в файле   80-252098015
На строке 22734   в файле   80-252098013
На строке 22735   в файле   80-250966004
На строке 22736   в файле   80-250966203
На строке 22737   в файле   80-250966195
На строке 22738   в файле   80-250966315
На строке 22739   в файле   80-250966418
На строке 22740   в файле   80-250966502
На строке 22741   в файле   80-250966762
На строке 22742   в файле   80-250966814
На строке 22743   в файле   80-252098990
На строке 22744   в файле   80-252099132
На строке 22745   в файле   80-252099367
На строке 22746   в файле   80-250967728
На строке 22747   в файле   80-250967814
На строке 22748   в файле   80-250968167
На строке 22749   в файле   80-252099588
На строке 22750   в файле   80-250968354
На строке 22751   в файле   80-250968439
На строке 22752   в файле   80-250968517
На строке 22753   в файле   80-250968712
На строке 22754   в файле   80-252100090
На строке 22755   в файле   80-252100094
На строке 22756   в файле   80-250969404
На строке 22757   в файле   80-252100665
На строке 22758   в файле   80-250969567
На строке 22759   в файле   80-250969772
На строке 22760   в файле   80-252100937
На строке 22761   в файле   80-252486772
На строке 22762   в файле   80-250970328
На строке 22763   в файле   80-252486719
На строке 22764   в файле   80-252101386
На строке 22765   в файле   80-250970919
На строке 22766   в файле   80-250971007
На строке 22767   в файле   80-252486757
На строке 22768   в файле   80-250971437
На строке 22769   в файле   80-250971521
На строке 22770   в файле   80-250971701
На строке 22771   в файле   80-252102039
На строке 22772   в файле   80-250971691
На строке 22773   в файле   80-252102190
На строке 22774   в файле   80-250971879
На строке 22775   в файле   80-252102411
На строке 22776   в файле   80-250972107
На строке 22777   в файле   80-260369044
На строке 22778   в файле   80-260369427
На строке 22779   в файле   80-260370137
На строке 22780   в файле   80-260370361
На строке 22781   в файле   80-260370547
На строке 22782   в файле   80-260370875
На строке 22783   в файле   80-260371502
На строке 22784   в файле   80-260372361
На строке 22785   в файле   80-261266751
На строке 22786   в файле   80-260372817
На строке 22787   в файле   80-260374005
На строке 22788   в файле   80-260374909
На строке 22789   в файле   80-260375596
На строке 22790   в файле   80-260375942
На строке 22791   в файле   80-260376485
На строке 22792   в файле   80-260376806
На строке 22793   в файле   80-261184684
На строке 22794   в файле   80-260377290
На строке 22795   в файле   80-261185044
На строке 22796   в файле   80-260378438
На строке 22797   в файле   80-261185380
На строке 22798   в файле   80-260378532
На строке 22799   в файле   80-260379358
На строке 22800   в файле   80-260378891
На строке 22801   в файле   80-260379657
На строке 22802   в файле   80-260379774
На строке 22803   в файле   80-260380658
На строке 22804   в файле   80-260380503
На строке 22805   в файле   80-260380742
На строке 22806   в файле   80-260381288
На строке 22807   в файле   80-261266718
На строке 22808   в файле   80-260381856
На строке 22809   в файле   80-260382054
На строке 22810   в файле   80-260382423
На строке 22811   в файле   80-260383176
На строке 22812   в файле   80-260383525
На строке 22813   в файле   80-260383521
На строке 22814   в файле   80-261185572
На строке 22815   в файле   80-260384466
На строке 22816   в файле   80-260384765
На строке 22817   в файле   80-260386491
На строке 22818   в файле   80-260386423
На строке 22819   в файле   80-260387372
На строке 22820   в файле   80-260387501
На строке 22821   в файле   80-260387069
На строке 22822   в файле   80-260387539
На строке 22823   в файле   80-260387933
На строке 22824   в файле   80-260389319
На строке 22825   в файле   80-260388522
На строке 22826   в файле   80-260389223
На строке 22827   в файле   80-260389666
На строке 22828   в файле   80-260390318
На строке 22829   в файле   80-260390188
На строке 22830   в файле   80-261186233
На строке 22831   в файле   80-261186731
На строке 22832   в файле   80-261186717
На строке 22833   в файле   80-261186974
На строке 22834   в файле   80-261186915
На строке 22835   в файле   80-261267187
На строке 22836   в файле   80-261186956
На строке 22837   в файле   80-261187331
На строке 22838   в файле   80-261187568
На строке 22839   в файле   80-261188001
На строке 22840   в файле   80-261188115
На строке 22841   в файле   80-261188446
На строке 22842   в файле   80-260404632
На строке 22843   в файле   80-261189082
На строке 22844   в файле   80-261188536
На строке 22845   в файле   80-261189428
На строке 22846   в файле   80-261188933
На строке 22847   в файле   80-261189745
На строке 22848   в файле   80-261189805
На строке 22849   в файле   80-261189992
На строке 22850   в файле   80-261190121
На строке 22851   в файле   80-260413355
На строке 22852   в файле   80-260413373
На строке 22853   в файле   80-260414789
На строке 22854   в файле   80-260414348
На строке 22855   в файле   80-261190620
На строке 22856   в файле   80-261190686
На строке 22857   в файле   80-261190955
На строке 22858   в файле   80-261190997
На строке 22859   в файле   80-261191074
На строке 22860   в файле   80-261191385
На строке 22861   в файле   80-261191401
На строке 22862   в файле   80-260422077
На строке 22863   в файле   80-260422542
На строке 22864   в файле   80-260423434
На строке 22865   в файле   80-260423455
На строке 22866   в файле   80-260423685
На строке 22867   в файле   80-260425217
На строке 22868   в файле   80-260428233
На строке 22869   в файле   80-261191825
На строке 22870   в файле   80-261191962
На строке 22871   в файле   80-260429707
На строке 22872   в файле   80-260429881
На строке 22873   в файле   80-260430853
На строке 22874   в файле   80-260432261
На строке 22875   в файле   80-260433126
На строке 22876   в файле   80-260434984
На строке 22877   в файле   80-249212149
На строке 22878   в файле   80-249213004
На строке 22879   в файле   80-249213298
На строке 22880   в файле   80-249213560
На строке 22881   в файле   80-249214696
На строке 22882   в файле   80-252092476
На строке 22883   в файле   80-250958308
На строке 22884   в файле   80-252092730
На строке 22885   в файле   80-249220362
На строке 22886   в файле   80-252092971
На строке 22887   в файле   80-252093477
На строке 22888   в файле   80-249232687
На строке 22889   в файле   80-249233352
На строке 22890   в файле   80-249233568
На строке 22891   в файле   80-249233315
На строке 22892   в файле   80-252619386
На строке 22893   в файле   80-252093562
На строке 22894   в файле   80-249238263
На строке 22895   в файле   80-249238940
На строке 22896   в файле   80-249238995
На строке 22897   в файле   80-249240494
На строке 22898   в файле   80-249240120
На строке 22899   в файле   80-249240729
На строке 22900   в файле   80-250958738
На строке 22901   в файле   80-252093952
На строке 22902   в файле   80-250958939
На строке 22903   в файле   80-250958838
На строке 22904   в файле   80-250959044
На строке 22905   в файле   80-252094083
На строке 22906   в файле   80-250959288
На строке 22907   в файле   80-252482834
На строке 22908   в файле   80-252094221
На строке 22909   в файле   80-252094523
На строке 22910   в файле   80-252483096
На строке 22911   в файле   80-250960065
На строке 22912   в файле   80-250959981
На строке 22913   в файле   80-252094902
На строке 22914   в файле   80-250960179
На строке 22915   в файле   80-250960377
На строке 22916   в файле   80-250960365
На строке 22917   в файле   80-252483101
На строке 22918   в файле   80-250960518
На строке 22919   в файле   80-250960461
На строке 22920   в файле   80-250960685
На строке 22921   в файле   80-250960640
На строке 22922   в файле   80-250960866
На строке 22923   в файле   80-250960960
На строке 22924   в файле   80-250960882
На строке 22925   в файле   80-252095217
На строке 22926   в файле   80-250961034
На строке 22927   в файле   80-252483405
На строке 22928   в файле   80-252095500
На строке 22929   в файле   80-252095619
На строке 22930   в файле   80-252483109
На строке 22931   в файле   80-252095656
На строке 22932   в файле   80-252095855
На строке 22933   в файле   80-250961772
На строке 22934   в файле   80-250961787
На строке 22935   в файле   80-252095872
На строке 22936   в файле   80-250961947
На строке 22937   в файле   80-250961945
На строке 22938   в файле   80-250962031
На строке 22939   в файле   80-250962158
На строке 22940   в файле   80-250962429
На строке 22941   в файле   80-250962374
На строке 22942   в файле   80-252096139
На строке 22943   в файле   80-252096114
На строке 22944   в файле   80-252096446
На строке 22945   в файле   80-250962718
На строке 22946   в файле   80-250962811
На строке 22947   в файле   80-250962913
На строке 22948   в файле   80-250963012
На строке 22949   в файле   80-249207025
На строке 22950   в файле   80-260368464
На строке 22951   в файле   80-249208061
На строке 22952   в файле   80-260368419
На строке 22953   в файле   80-249208756
На строке 22954   в файле   80-260367906
На строке 22955   в файле   80-252092020
На строке 22956   в файле   80-260367598
На строке 22957   в файле   80-252092429
На строке 22958   в файле   80-261183923
На строке 22959   в файле   80-252092174
На строке 22960   в файле   80-261266690
На строке 22961   в файле   80-261183965
На строке 22962   в файле   80-260371954
На строке 22963   в файле   80-252484398
На строке 22965   в файле   80-252099713
На строке 22966   в файле   80-250969383
На строке 22967   в файле   80-250970912
На строке 22968   в файле   80-250972175
На строке 22969   в файле   80-249244051
На строке 22970   в файле   80-249244422
На строке 22971   в файле   80-250973010
На строке 22972   в файле   80-260372150
На строке 22973   в файле   80-260372912
На строке 22974   в файле   80-260373167
На строке 22975   в файле   80-260373148
На строке 22976   в файле   80-260373335
На строке 22977   в файле   80-260373524
На строке 22978   в файле   80-260374243
На строке 22979   в файле   80-260375062
На строке 22980   в файле   80-261184812
На строке 22981   в файле   80-260377227
На строке 22982   в файле   80-252484832
На строке 22983   в файле   80-250967547
На строке 22984   в файле   80-250967630
На строке 22985   в файле   80-250967538
На строке 22986   в файле   80-252578934
На строке 22987   в файле   80-252099456
На строке 22988   в файле   80-250968057
На строке 22989   в файле   80-250968173
На строке 22990   в файле   80-250968153
На строке 22991   в файле   80-250968350
На строке 22992   в файле   80-252099854
На строке 22993   в файле   80-250968630
На строке 22994   в файле   80-250968866
На строке 22995   в файле   80-252099841
На строке 22996   в файле   80-252620170
На строке 22997   в файле   80-252579005
На строке 22998   в файле   80-250969200
На строке 22999   в файле   80-250969215
На строке 23000   в файле   80-252579830
На строке 23001   в файле   80-250969364
На строке 23002   в файле   80-250969578
На строке 23003   в файле   80-252100804
На строке 23004   в файле   80-252100816
На строке 23005   в файле   80-252486770
На строке 23006   в файле   80-250970202
На строке 23007   в файле   80-250970294
На строке 23008   в файле   80-252101264
На строке 23009   в файле   80-252101420
На строке 23010   в файле   80-252101540
На строке 23011   в файле   80-250970827
На строке 23012   в файле   80-252101710
На строке 23013   в файле   80-252101696
На строке 23014   в файле   80-250971101
На строке 23015   в файле   80-250971088
На строке 23016   в файле   80-252101945
На строке 23017   в файле   80-250971693
На строке 23018   в файле   80-250971525
На строке 23019   в файле   80-250971539
На строке 23020   в файле   80-250971596
На строке 23021   в файле   80-252102289
На строке 23022   в файле   80-250972372
На строке 23023   в файле   80-252102648
На строке 23024   в файле   80-252487740
На строке 23025   в файле   80-250972838
На строке 23026   в файле   80-250972839
На строке 23027   в файле   80-250966429
На строке 23028   в файле   80-260369082
На строке 23029   в файле   80-250966812
На строке 23030   в файле   80-260370742
На строке 23031   в файле   80-252484335
На строке 23032   в файле   80-260369921
На строке 23033   в файле   80-260369113
На строке 23034   в файле   80-260370402
На строке 23035   в файле   80-250966625
На строке 23036   в файле   80-250966714
На строке 23037   в файле   80-252099128
На строке 23038   в файле   80-250967436
На строке 23039   в файле   80-250967559
На строке 23040   в файле   80-250967970
На строке 23041   в файле   80-250967973
На строке 23042   в файле   80-250968528
На строке 23043   в файле   80-250968691
На строке 23044   в файле   80-250968777
На строке 23045   в файле   80-252099994
На строке 23046   в файле   80-250969124
На строке 23047   в файле   80-250969481
На строке 23048   в файле   80-250969584
На строке 23049   в файле   80-250969283
На строке 23050   в файле   80-252486444
На строке 23051   в файле   80-250969641
На строке 23052   в файле   80-250969767
На строке 23053   в файле   80-250970293
На строке 23054   в файле   80-250969756
На строке 23055   в файле   80-252101100
На строке 23056   в файле   80-252101087
На строке 23057   в файле   80-250970412
На строке 23058   в файле   80-250970915
На строке 23059   в файле   80-250971106
На строке 23060   в файле   80-252102290
На строке 23061   в файле   80-250971941
На строке 23062   в файле   80-250972174
На строке 23063   в файле   80-250972359
На строке 23064   в файле   80-250971845
На строке 23065   в файле   80-252487166
На строке 23066   в файле   80-252102563
На строке 23067   в файле   80-252102861
На строке 23068   в файле   80-250972832
На строке 23069   в файле   80-252102957
На строке 23070   в файле   80-252103100
На строке 23071   в файле   80-249244405
На строке 23072   в файле   80-249244525
На строке 23073   в файле   80-250966215
На строке 23074   в файле   80-260366155
На строке 23075   в файле   80-260366731
На строке 23076   в файле   80-261184580
На строке 23077   в файле   80-250972370
На строке 23078   в файле   80-252487417
На строке 23079   в файле   80-250973012
На строке 23080   в файле   80-250972923
На строке 23081   в файле   80-250972996
На строке 23082   в файле   80-249246272
На строке 23083   в файле   80-250971777
На строке 23084   в файле   80-260374009
На строке 23085   в файле   80-250972285
На строке 23086   в файле   80-260376808
На строке 23087   в файле   80-260376431
На строке 23088   в файле   80-261266783
На строке 23089   в файле   80-260372147
На строке 23090   в файле   80-250971860
На строке 23091   в файле   80-250972121
На строке 23092   в файле   80-252102535
На строке 23093   в файле   80-250972740
На строке 23094   в файле   80-252102860
На строке 23095   в файле   80-249244610
На строке 23096   в файле   80-252103099
На строке 23097   в файле   80-250973091
На строке 23098   в файле   80-260372773
На строке 23099   в файле   80-260374363
На строке 23100   в файле   80-260375965
На строке 23101   в файле   80-259155190
На строке 23102   в файле   80-260371414
На строке 23103   в файле   80-260371230
На строке 23104   в файле   80-260481985
На строке 23105   в файле   80-260480600
На строке 23106   в файле   80-249257625
На строке 23107   в файле   80-249305224
На строке 23108   в файле   80-249402906
На строке 23109   в файле   80-249446553
На строке 23110   в файле   80-249461240
На строке 23111   в файле   80-249463727
На строке 23112   в файле   80-249465934
На строке 23113   в файле   80-249469041
На строке 23114   в файле   80-261203644
На строке 23115   в файле   80-261203635
На строке 23116   в файле   80-260484005
На строке 23117   в файле   80-261207856
На строке 23118   в файле   80-261207948
На строке 23119   в файле   80-261208838
На строке 23120   в файле   80-261210651
На строке 23121   в файле   80-260499893
На строке 23122   в файле   80-260500880
На строке 23123   в файле   80-260503593
На строке 23124   в файле   80-261214790
На строке 23125   в файле   80-260508788
На строке 23126   в файле   80-260510026
На строке 23127   в файле   80-249257764
На строке 23128   в файле   80-249262518
На строке 23129   в файле   80-249266414
На строке 23130   в файле   80-249269135
На строке 23131   в файле   80-249271983
На строке 23132   в файле   80-250976139
На строке 23133   в файле   80-249278272
На строке 23134   в файле   80-249285024
На строке 23135   в файле   80-249291204
На строке 23136   в файле   80-249297737
На строке 23137   в файле   80-249305197
На строке 23138   в файле   80-249310903
На строке 23139   в файле   80-249315053
На строке 23140   в файле   80-249319638
На строке 23141   в файле   80-252107263
На строке 23142   в файле   80-249363369
На строке 23143   в файле   80-249374341
На строке 23144   в файле   80-249386425
На строке 23145   в файле   80-249397098
На строке 23146   в файле   80-249402801
На строке 23147   в файле   80-249406443
На строке 23148   в файле   80-249409262
На строке 23149   в файле   80-250986042
На строке 23150   в файле   80-249422833
На строке 23151   в файле   80-249429308
На строке 23152   в файле   80-249434112
На строке 23153   в файле   80-249437737
На строке 23154   в файле   80-249440465
На строке 23155   в файле   80-250989704
На строке 23156   в файле   80-249446607
На строке 23157   в файле   80-249449431
На строке 23158   в файле   80-249452010
На строке 23159   в файле   80-249454426
На строке 23160   в файле   80-249456743
На строке 23161   в файле   80-249459141
На строке 23162   в файле   80-249459892
На строке 23163   в файле   80-249460187
На строке 23164   в файле   80-249460623
На строке 23165   в файле   80-249460821
На строке 23166   в файле   80-249461245
На строке 23167   в файле   80-250992342
На строке 23168   в файле   80-252491110
На строке 23169   в файле   80-249462069
На строке 23170   в файле   80-249462416
На строке 23171   в файле   80-249462806
На строке 23172   в файле   80-249462977
На строке 23173   в файле   80-249462996
На строке 23174   в файле   80-249463166
На строке 23175   в файле   80-249463342
На строке 23176   в файле   80-249464091
На строке 23177   в файле   80-249464135
На строке 23178   в файле   80-250992925
На строке 23179   в файле   80-250993657
На строке 23180   в файле   80-250993459
На строке 23181   в файле   80-250993386
На строке 23182   в файле   80-249465218
На строке 23183   в файле   80-249465253
На строке 23184   в файле   80-249465634
На строке 23185   в файле   80-249465929
На строке 23186   в файле   80-249466257
На строке 23187   в файле   80-249466625
На строке 23188   в файле   80-249466787
На строке 23189   в файле   80-249467314
На строке 23190   в файле   80-249467348
На строке 23191   в файле   80-249467533
На строке 23192   в файле   80-249468009
На строке 23193   в файле   80-250993956
На строке 23194   в файле   80-250993675
На строке 23195   в файле   80-249469167
На строке 23196   в файле   80-249469333
На строке 23197   в файле   80-249469679
На строке 23198   в файле   80-249469855
На строке 23199   в файле   80-249470034
На строке 23200   в файле   80-249470391
На строке 23201   в файле   80-250995525
На строке 23202   в файле   80-250995609
На строке 23203   в файле   80-250996087
На строке 23204   в файле   80-249473149
На строке 23205   в файле   80-261203973
На строке 23206   в файле   80-261203978
На строке 23207   в файле   80-261203984
На строке 23208   в файле   80-261204509
На строке 23209   в файле   80-261204878
На строке 23210   в файле   80-261204390
На строке 23211   в файле   80-261204822
На строке 23212   в файле   80-261205640
На строке 23213   в файле   80-261205638
На строке 23214   в файле   80-261205807
На строке 23215   в файле   80-261206011
На строке 23216   в файле   80-261206080
На строке 23217   в файле   80-261206277
На строке 23218   в файле   80-261206695
На строке 23219   в файле   80-261206577
На строке 23220   в файле   80-260484794
На строке 23221   в файле   80-260484590
На строке 23222   в файле   80-261207055
На строке 23223   в файле   80-261207152
На строке 23224   в файле   80-260486137
На строке 23225   в файле   80-260486388
На строке 23226   в файле   80-260486589
На строке 23227   в файле   80-260486612
На строке 23228   в файле   80-261207582
На строке 23229   в файле   80-261207555
На строке 23230   в файле   80-261207586
На строке 23231   в файле   80-261207610
На строке 23232   в файле   80-260487323
На строке 23233   в файле   80-260487353
На строке 23234   в файле   80-260487854
На строке 23235   в файле   80-261207921
На строке 23236   в файле   80-261208001
На строке 23237   в файле   80-260490400
На строке 23238   в файле   80-260490208
На строке 23239   в файле   80-260490299
На строке 23240   в файле   80-260490290
На строке 23241   в файле   80-260491394
На строке 23242   в файле   80-260491387
На строке 23243   в файле   80-261208387
На строке 23244   в файле   80-261208404
На строке 23245   в файле   80-260492606
На строке 23246   в файле   80-260492082
На строке 23247   в файле   80-260493129
На строке 23248   в файле   80-261209083
На строке 23249   в файле   80-261208915
На строке 23250   в файле   80-261209343
На строке 23251   в файле   80-261209329
На строке 23252   в файле   80-261209757
На строке 23253   в файле   80-261209522
На строке 23254   в файле   80-261209519
На строке 23255   в файле   80-261209946
На строке 23256   в файле   80-261210135
На строке 23257   в файле   80-261209924
На строке 23258   в файле   80-261210346
На строке 23259   в файле   80-261210526
На строке 23260   в файле   80-261211068
На строке 23261   в файле   80-261211145
На строке 23262   в файле   80-261211399
На строке 23263   в файле   80-260494715
На строке 23264   в файле   80-260495796
На строке 23265   в файле   80-261211612
На строке 23266   в файле   80-261211400
На строке 23267   в файле   80-260495842
На строке 23268   в файле   80-261211851
На строке 23269   в файле   80-261212185
На строке 23270   в файле   80-261212033
На строке 23271   в файле   80-260498038
На строке 23272   в файле   80-261212237
На строке 23273   в файле   80-261212552
На строке 23274   в файле   80-261212520
На строке 23275   в файле   80-260497813
На строке 23276   в файле   80-260501102
На строке 23277   в файле   80-260501865
На строке 23278   в файле   80-261212586
На строке 23279   в файле   80-260499638
На строке 23280   в файле   80-260501198
На строке 23281   в файле   80-260502613
На строке 23282   в файле   80-260502943
На строке 23283   в файле   80-260502763
На строке 23284   в файле   80-260503443
На строке 23285   в файле   80-261212978
На строке 23286   в файле   80-261213851
На строке 23287   в файле   80-261214215
На строке 23288   в файле   80-260505429
На строке 23289   в файле   80-260504821
На строке 23290   в файле   80-261213594
На строке 23291   в файле   80-260505045
На строке 23292   в файле   80-260506656
На строке 23293   в файле   80-261214630
На строке 23294   в файле   80-260505436
На строке 23295   в файле   80-261213973
На строке 23296   в файле   80-261214409
На строке 23297   в файле   80-261214961
На строке 23298   в файле   80-260508121
На строке 23299   в файле   80-260506931
На строке 23300   в файле   80-260508478
На строке 23301   в файле   80-261215270
На строке 23302   в файле   80-261215466
На строке 23303   в файле   80-260507688
На строке 23304   в файле   80-260507717
На строке 23305   в файле   80-260507674
На строке 23306   в файле   80-260508245
На строке 23307   в файле   80-261215390
На строке 23308   в файле   80-260509379
На строке 23309   в файле   80-260508991
На строке 23310   в файле   80-261215310
На строке 23311   в файле   80-261215591
На строке 23312   в файле   80-261215780
На строке 23313   в файле   80-260509080
На строке 23314   в файле   80-261215580
На строке 23315   в файле   80-261215625
На строке 23316   в файле   80-261215965
На строке 23317   в файле   80-261215976
На строке 23318   в файле   80-261216244
На строке 23319   в файле   80-260509669
На строке 23320   в файле   80-260510259
На строке 23321   в файле   80-260510677
На строке 23322   в файле   80-260510438
На строке 23323   в файле   80-260511298
На строке 23324   в файле   80-261216784
На строке 23325   в файле   80-261216577
На строке 23326   в файле   80-261217280
На строке 23327   в файле   80-260510859
На строке 23328   в файле   80-260511716
На строке 23329   в файле   80-260511844
На строке 23330   в файле   80-249259199
На строке 23331   в файле   80-249259535
На строке 23332   в файле   80-249259576
На строке 23333   в файле   80-249260072
На строке 23334   в файле   80-249260089
На строке 23335   в файле   80-249260479
На строке 23336   в файле   80-249260528
На строке 23337   в файле   80-249261515
На строке 23338   в файле   80-250974126
На строке 23339   в файле   80-249261700
На строке 23340   в файле   80-252103698
На строке 23341   в файле   80-252103841
На строке 23342   в файле   80-249264030
На строке 23343   в файле   80-249264046
На строке 23344   в файле   80-249264440
На строке 23345   в файле   80-249265067
На строке 23346   в файле   80-249265602
На строке 23347   в файле   80-249265805
На строке 23348   в файле   80-249266011
На строке 23349   в файле   80-249266190
На строке 23350   в файле   80-249266418
На строке 23351   в файле   80-249266808
На строке 23352   в файле   80-249266746
На строке 23353   в файле   80-249267091
На строке 23354   в файле   80-249267300
На строке 23355   в файле   80-249267581
На строке 23356   в файле   80-252103977
На строке 23357   в файле   80-249268496
На строке 23358   в файле   80-249268771
На строке 23359   в файле   80-252488093
На строке 23360   в файле   80-249269541
На строке 23361   в файле   80-249269739
На строке 23362   в файле   80-249269927
На строке 23363   в файле   80-249270101
На строке 23364   в файле   80-249270325
На строке 23365   в файле   80-249270517
На строке 23366   в файле   80-249270944
На строке 23367   в файле   80-249271232
На строке 23368   в файле   80-249271400
На строке 23369   в файле   80-249271444
На строке 23370   в файле   80-249272207
На строке 23371   в файле   80-249272367
На строке 23372   в файле   80-250974979
На строке 23373   в файле   80-249272835
На строке 23374   в файле   80-250975329
На строке 23375   в файле   80-252104331
На строке 23376   в файле   80-249274054
На строке 23377   в файле   80-249274212
На строке 23378   в файле   80-252104618
На строке 23379   в файле   80-250975504
На строке 23380   в файле   80-250975993
На строке 23381   в файле   80-250976490
На строке 23382   в файле   80-252104480
На строке 23383   в файле   80-250976635
На строке 23384   в файле   80-249275207
На строке 23385   в файле   80-249275559
На строке 23386   в файле   80-250976787
На строке 23387   в файле   80-250977875
На строке 23388   в файле   80-250978050
На строке 23389   в файле   80-250978174
На строке 23390   в файле   80-250978368
На строке 23391   в файле   80-250978626
На строке 23392   в файле   80-252105799
На строке 23393   в файле   80-250979911
На строке 23394   в файле   80-250979785
На строке 23395   в файле   80-249281695
На строке 23396   в файле   80-250979920
На строке 23397   в файле   80-249282456
На строке 23398   в файле   80-252106058
На строке 23399   в файле   80-252488916
На строке 23400   в файле   80-249285056
На строке 23401   в файле   80-250980565
На строке 23402   в файле   80-249287313
На строке 23403   в файле   80-249287909
На строке 23404   в файле   80-249287838
На строке 23405   в файле   80-249288946
На строке 23406   в файле   80-249288838
На строке 23407   в файле   80-249289328
На строке 23408   в файле   80-249289930
На строке 23409   в файле   80-250980942
На строке 23410   в файле   80-249291287
На строке 23411   в файле   80-249291733
На строке 23412   в файле   80-249292304
На строке 23413   в файле   80-249292323
На строке 23414   в файле   80-249294005
На строке 23415   в файле   80-249293616
На строке 23416   в файле   80-249294646
На строке 23417   в файле   80-249294676
На строке 23418   в файле   80-252106560
На строке 23419   в файле   80-249297729
На строке 23420   в файле   80-249298754
На строке 23421   в файле   80-249298945
На строке 23422   в файле   80-249299911
На строке 23423   в файле   80-249299935
На строке 23424   в файле   80-249300019
На строке 23425   в файле   80-249300085
На строке 23426   в файле   80-249300554
На строке 23427   в файле   80-249301223
На строке 23428   в файле   80-249301284
На строке 23429   в файле   80-249302413
На строке 23430   в файле   80-249305289
На строке 23431   в файле   80-249306513
На строке 23433   в файле   80-249307911
На строке 23434   в файле   80-249308133
На строке 23435   в файле   80-249308082
На строке 23436   в файле   80-249309402
На строке 23437   в файле   80-250981801
На строке 23438   в файле   80-249309586
На строке 23439   в файле   80-249310177
На строке 23440   в файле   80-249310742
На строке 23441   в файле   80-249311009
На строке 23442   в файле   80-249311632
На строке 23443   в файле   80-249312169
На строке 23444   в файле   80-249312270
На строке 23445   в файле   80-249313016
На строке 23446   в файле   80-249313010
На строке 23447   в файле   80-249313571
На строке 23448   в файле   80-249313690
На строке 23449   в файле   80-249314374
На строке 23450   в файле   80-249314547
На строке 23451   в файле   80-249315191
На строке 23452   в файле   80-249316052
На строке 23453   в файле   80-249316095
На строке 23454   в файле   80-249316541
На строке 23455   в файле   80-249316631
На строке 23456   в файле   80-249317660
На строке 23457   в файле   80-249318087
На строке 23458   в файле   80-249318091
На строке 23459   в файле   80-249319089
На строке 23460   в файле   80-249319029
На строке 23461   в файле   80-249320610
На строке 23462   в файле   80-252488894
На строке 23463   в файле   80-252489603
На строке 23464   в файле   80-249325667
На строке 23465   в файле   80-249325607
На строке 23466   в файле   80-249327000
На строке 23467   в файле   80-249327807
На строке 23468   в файле   80-249327682
На строке 23469   в файле   80-249328679
На строке 23470   в файле   80-249329862
На строке 23471   в файле   80-249337732
На строке 23472   в файле   80-249339275
На строке 23473   в файле   80-252107488
На строке 23474   в файле   80-250982687
На строке 23475   в файле   80-249345503
На строке 23476   в файле   80-249347012
На строке 23477   в файле   80-249348450
На строке 23478   в файле   80-252489260
На строке 23479   в файле   80-249349912
На строке 23480   в файле   80-252108037
На строке 23481   в файле   80-252107955
На строке 23482   в файле   80-252489651
На строке 23483   в файле   80-249354633
На строке 23484   в файле   80-249355341
На строке 23485   в файле   80-252490213
На строке 23486   в файле   80-252108377
На строке 23487   в файле   80-249359758
На строке 23488   в файле   80-249360469
На строке 23489   в файле   80-249361187
На строке 23490   в файле   80-249361983
На строке 23491   в файле   80-249363209
На строке 23492   в файле   80-249363903
На строке 23493   в файле   80-249366016
На строке 23494   в файле   80-250983523
На строке 23495   в файле   80-252490217
На строке 23496   в файле   80-249370741
На строке 23497   в файле   80-249371434
На строке 23498   в файле   80-249372814
На строке 23499   в файле   80-249372912
На строке 23500   в файле   80-249374198
На строке 23501   в файле   80-249374821
На строке 23502   в файле   80-249375571
На строке 23503   в файле   80-249376926
На строке 23504   в файле   80-249377078
На строке 23505   в файле   80-249379089
На строке 23506   в файле   80-249378563
На строке 23507   в файле   80-249378663
На строке 23508   в файле   80-249380041
На строке 23509   в файле   80-250984034
На строке 23510   в файле   80-249384271
На строке 23511   в файле   80-249387800
На строке 23512   в файле   80-249388751
На строке 23513   в файле   80-249389410
На строке 23514   в файле   80-249390983
На строке 23515   в файле   80-249391766
На строке 23516   в файле   80-250984201
На строке 23517   в файле   80-252109707
На строке 23518   в файле   80-249395650
На строке 23519   в файле   80-249395597
На строке 23520   в файле   80-249396950
На строке 23521   в файле   80-249398383
На строке 23522   в файле   80-249398474
На строке 23523   в файле   80-249399095
На строке 23524   в файле   80-250985003
На строке 23525   в файле   80-249399830
На строке 23526   в файле   80-249399643
На строке 23527   в файле   80-249401587
На строке 23528   в файле   80-252490153
На строке 23529   в файле   80-249400867
На строке 23530   в файле   80-250985350
На строке 23531   в файле   80-249402959
На строке 23532   в файле   80-250985729
На строке 23533   в файле   80-250985359
На строке 23534   в файле   80-249404559
На строке 23535   в файле   80-249405126
На строке 23536   в файле   80-249405265
На строке 23537   в файле   80-249405146
На строке 23538   в файле   80-249405961
На строке 23539   в файле   80-249406415
На строке 23540   в файле   80-249406592
На строке 23541   в файле   80-249406620
На строке 23542   в файле   80-249406508
На строке 23543   в файле   80-249407218
На строке 23544   в файле   80-249407664
На строке 23545   в файле   80-249407787
На строке 23546   в файле   80-249407774
На строке 23547   в файле   80-249407943
На строке 23548   в файле   80-249407991
На строке 23549   в файле   80-249408570
На строке 23550   в файле   80-249409111
На строке 23551   в файле   80-249409217
На строке 23552   в файле   80-249410531
На строке 23553   в файле   80-250985710
На строке 23554   в файле   80-252109999
На строке 23555   в файле   80-249413143
На строке 23556   в файле   80-249413851
На строке 23557   в файле   80-249415079
На строке 23558   в файле   80-249416164
На строке 23559   в файле   80-249416208
На строке 23560   в файле   80-249416155
На строке 23561   в файле   80-250986053
На строке 23562   в файле   80-249419378
На строке 23563   в файле   80-249420015
На строке 23564   в файле   80-249420362
На строке 23565   в файле   80-249421285
На строке 23566   в файле   80-249421381
На строке 23567   в файле   80-249422246
На строке 23568   в файле   80-249422228
На строке 23569   в файле   80-252490801
На строке 23570   в файле   80-249423219
На строке 23571   в файле   80-249424311
На строке 23572   в файле   80-252110235
На строке 23573   в файле   80-249425186
На строке 23574   в файле   80-249426037
На строке 23575   в файле   80-249426045
На строке 23576   в файле   80-249426927
На строке 23577   в файле   80-249427373
На строке 23578   в файле   80-249427788
На строке 23579   в файле   80-249428566
На строке 23580   в файле   80-249429285
На строке 23581   в файле   80-249429634
На строке 23582   в файле   80-249430731
На строке 23583   в файле   80-249430773
На строке 23584   в файле   80-249431356
На строке 23585   в файле   80-249431723
На строке 23586   в файле   80-250988072
На строке 23587   в файле   80-249432061
На строке 23588   в файле   80-249432063
На строке 23589   в файле   80-250988052
На строке 23590   в файле   80-252110595
На строке 23591   в файле   80-249434721
На строке 23592   в файле   80-249434844
На строке 23593   в файле   80-249435304
На строке 23594   в файле   80-250988631
На строке 23595   в файле   80-250989076
На строке 23596   в файле   80-250989275
На строке 23597   в файле   80-249436937
На строке 23598   в файле   80-249436961
На строке 23599   в файле   80-249437558
На строке 23600   в файле   80-249437520
На строке 23601   в файле   80-249437545
На строке 23602   в файле   80-249438098
На строке 23603   в файле   80-249438116
На строке 23604   в файле   80-249438354
На строке 23605   в файле   80-249438695
На строке 23606   в файле   80-249438930
На строке 23607   в файле   80-249439206
На строке 23608   в файле   80-249439204
На строке 23609   в файле   80-249439735
На строке 23610   в файле   80-249439977
На строке 23611   в файле   80-249440234
На строке 23612   в файле   80-250989096
На строке 23613   в файле   80-252491039
На строке 23614   в файле   80-250989321
На строке 23615   в файле   80-252110749
На строке 23616   в файле   80-249442415
На строке 23617   в файле   80-249442726
На строке 23618   в файле   80-249443208
На строке 23619   в файле   80-249442958
На строке 23620   в файле   80-249443510
На строке 23621   в файле   80-249443725
На строке 23622   в файле   80-249444332
На строке 23623   в файле   80-249444234
На строке 23624   в файле   80-249444557
На строке 23625   в файле   80-249444809
На строке 23626   в файле   80-249444916
На строке 23627   в файле   80-249445091
На строке 23628   в файле   80-250989504
На строке 23629   в файле   80-250989732
На строке 23630   в файле   80-250989960
На строке 23631   в файле   80-250990125
На строке 23632   в файле   80-249447104
На строке 23633   в файле   80-249447618
На строке 23634   в файле   80-250990131
На строке 23635   в файле   80-249447610
На строке 23636   в файле   80-249448092
На строке 23637   в файле   80-249448080
На строке 23638   в файле   80-249448300
На строке 23639   в файле   80-249448569
На строке 23640   в файле   80-249448831
На строке 23641   в файле   80-249449119
На строке 23642   в файле   80-249449508
На строке 23643   в файле   80-249449562
На строке 23644   в файле   80-249450057
На строке 23645   в файле   80-249449682
На строке 23646   в файле   80-249450053
На строке 23647   в файле   80-249450216
На строке 23648   в файле   80-249450567
На строке 23649   в файле   80-249450787
На строке 23650   в файле   80-250990587
На строке 23651   в файле   80-249451018
На строке 23652   в файле   80-249452318
На строке 23653   в файле   80-249452262
На строке 23654   в файле   80-249452584
На строке 23655   в файле   80-249452950
На строке 23656   в файле   80-252583325
На строке 23657   в файле   80-250991124
На строке 23658   в файле   80-250991372
На строке 23659   в файле   80-249453966
На строке 23660   в файле   80-249454185
На строке 23661   в файле   80-249454200
На строке 23662   в файле   80-249454620
На строке 23663   в файле   80-249454612
На строке 23664   в файле   80-250991762
На строке 23665   в файле   80-252111211
На строке 23666   в файле   80-249455930
На строке 23667   в файле   80-249455916
На строке 23668   в файле   80-249456279
На строке 23669   в файле   80-249456293
На строке 23670   в файле   80-249456424
На строке 23671   в файле   80-249456536
На строке 23672   в файле   80-249457023
На строке 23673   в файле   80-249457427
На строке 23674   в файле   80-249457423
На строке 23675   в файле   80-249457422
На строке 23676   в файле   80-249457820
На строке 23677   в файле   80-249458249
На строке 23678   в файле   80-250991956
На строке 23679   в файле   80-249458718
На строке 23680   в файле   80-249458708
На строке 23681   в файле   80-249458892
На строке 23682   в файле   80-249459317
На строке 23683   в файле   80-249256085
На строке 23684   в файле   80-261203204
На строке 23685   в файле   80-261203269
На строке 23686   в файле   80-249256299
На строке 23687   в файле   80-260479941
На строке 23688   в файле   80-260480571
На строке 23689   в файле   80-261202853
На строке 23690   в файле   80-249262113
На строке 23691   в файле   80-260086750
На строке 23692   в файле   80-248146421
На строке 23693   в файле   80-248150077
На строке 23694   в файле   80-252555450
На строке 23695   в файле   80-248157808
На строке 23696   в файле   80-248160489
На строке 23697   в файле   80-248160920
На строке 23698   в файле   80-251966819
На строке 23699   в файле   80-248162137
На строке 23700   в файле   80-260086989
На строке 23701   в файле   80-260087022
На строке 23702   в файле   80-260087111
На строке 23703   в файле   80-260087271
На строке 23704   в файле   80-260087365
На строке 23705   в файле   80-260087474
На строке 23706   в файле   80-260087574
На строке 23707   в файле   80-260087741
На строке 23708   в файле   80-260087797
На строке 23709   в файле   80-260087682
На строке 23710   в файле   80-248146631
На строке 23711   в файле   80-248146979
На строке 23712   в файле   80-251957767
На строке 23713   в файле   80-248147981
На строке 23714   в файле   80-248148396
На строке 23715   в файле   80-248149142
На строке 23716   в файле   80-248148853
На строке 23717   в файле   80-248149447
На строке 23718   в файле   80-248149585
На строке 23719   в файле   80-251959004
На строке 23720   в файле   80-251959421
На строке 23721   в файле   80-248150333
На строке 23722   в файле   80-248150676
На строке 23723   в файле   80-248150424
На строке 23724   в файле   80-248150959
На строке 23725   в файле   80-252434452
На строке 23726   в файле   80-251960798
На строке 23727   в файле   80-248153753
На строке 23728   в файле   80-251961288
На строке 23729   в файле   80-248154013
На строке 23730   в файле   80-248155228
На строке 23731   в файле   80-248155682
На строке 23732   в файле   80-248155677
На строке 23733   в файле   80-251963077
На строке 23734   в файле   80-251962386
На строке 23735   в файле   80-248156125
На строке 23736   в файле   80-251962841
На строке 23737   в файле   80-251963079
На строке 23738   в файле   80-252556166
На строке 23739   в файле   80-251963402
На строке 23740   в файле   80-248158067
На строке 23741   в файле   80-252436316
На строке 23742   в файле   80-248158693
На строке 23743   в файле   80-248159117
На строке 23744   в файле   80-248159152
На строке 23745   в файле   80-248159161
На строке 23746   в файле   80-248159587
На строке 23747   в файле   80-248159589
На строке 23748   в файле   80-248159993
На строке 23749   в файле   80-248160012
На строке 23750   в файле   80-251966353
На строке 23751   в файле   80-248145643
На строке 23752   в файле   80-260086479
На строке 23753   в файле   80-260086672
На строке 23754   в файле   80-251363175
На строке 23755   в файле   80-261261128
На строке 23756   в файле   80-261116004
На строке 23757   в файле   80-261193810
На строке 23758   в файле   80-249285028
На строке 23759   в файле   80-249293435
На строке 23760   в файле   80-249301156
На строке 23761   в файле   80-249305136
На строке 23762   в файле   80-249312224
На строке 23763   в файле   80-249318724
На строке 23764   в файле   80-249335484
На строке 23765   в файле   80-252108182
На строке 23766   в файле   80-261193920
На строке 23767   в файле   80-260456725
На строке 23768   в файле   80-260461926
На строке 23769   в файле   80-261196266
На строке 23770   в файле   80-261198245
На строке 23771   в файле   80-261277428
На строке 23772   в файле   80-260468720
На строке 23773   в файле   80-261198288
На строке 23774   в файле   80-260468422
На строке 23775   в файле   80-261198627
На строке 23776   в файле   80-250980528
На строке 23777   в файле   80-250980516
На строке 23778   в файле   80-252488941
На строке 23779   в файле   80-249287847
На строке 23780   в файле   80-249288839
На строке 23781   в файле   80-249289848
На строке 23782   в файле   80-249290799
На строке 23783   в файле   80-249291237
На строке 23784   в файле   80-249291242
На строке 23785   в файле   80-249292397
На строке 23786   в файле   80-249293642
На строке 23787   в файле   80-252106421
На строке 23788   в файле   80-252106284
На строке 23789   в файле   80-250981809
На строке 23790   в файле   80-249297665
На строке 23791   в файле   80-249298215
На строке 23792   в файле   80-249298803
На строке 23793   в файле   80-249298859
На строке 23794   в файле   80-249299368
На строке 23795   в файле   80-249299879
На строке 23796   в файле   80-249301206
На строке 23797   в файле   80-249301310
На строке 23798   в файле   80-249302434
На строке 23799   в файле   80-249302460
На строке 23800   в файле   80-249302513
На строке 23801   в файле   80-249303775
На строке 23802   в файле   80-249303760
На строке 23803   в файле   80-249303803
На строке 23804   в файле   80-249303875
На строке 23805   в файле   80-249304530
На строке 23806   в файле   80-249305901
На строке 23807   в файле   80-249306657
На строке 23808   в файле   80-249306762
На строке 23809   в файле   80-249307279
На строке 23810   в файле   80-249308045
На строке 23811   в файле   80-249308778
На строке 23812   в файле   80-249309580
На строке 23813   в файле   80-249309508
На строке 23814   в файле   80-249310249
На строке 23815   в файле   80-249310809
На строке 23816   в файле   80-249312460
На строке 23817   в файле   80-249313606
На строке 23818   в файле   80-249314639
На строке 23819   в файле   80-249315057
На строке 23820   в файле   80-249316123
На строке 23821   в файле   80-249316552
На строке 23822   в файле   80-249317585
На строке 23823   в файле   80-249317536
На строке 23824   в файле   80-252106673
На строке 23825   в файле   80-249319061
На строке 23826   в файле   80-249320570
На строке 23827   в файле   80-249320470
На строке 23828   в файле   80-252106811
На строке 23829   в файле   80-249325628
На строке 23831   в файле   80-249326340
На строке 23832   в файле   80-249327235
На строке 23833   в файле   80-249329086
На строке 23834   в файле   80-249330116
На строке 23835   в файле   80-249330590
На строке 23836   в файле   80-249331615
На строке 23837   в файле   80-249336365
На строке 23838   в файле   80-249337101
На строке 23839   в файле   80-252489622
На строке 23840   в файле   80-250982562
На строке 23841   в файле   80-252107348
На строке 23842   в файле   80-249345287
На строке 23843   в файле   80-249345384
На строке 23844   в файле   80-249348285
На строке 23845   в файле   80-249347738
На строке 23846   в файле   80-252107722
На строке 23847   в файле   80-252108145
На строке 23848   в файле   80-249355247
На строке 23849   в файле   80-249356632
На строке 23850   в файле   80-249356667
На строке 23851   в файле   80-250983364
На строке 23852   в файле   80-249360396
На строке 23853   в файле   80-249362422
На строке 23854   в файле   80-252109196
На строке 23855   в файле   80-249363750
На строке 23856   в файле   80-249365100
На строке 23857   в файле   80-261193997
На строке 23858   в файле   80-261194055
На строке 23859   в файле   80-260455906
На строке 23860   в файле   80-261194136
На строке 23861   в файле   80-261194267
На строке 23862   в файле   80-261194396
На строке 23863   в файле   80-261194449
На строке 23864   в файле   80-260456299
На строке 23865   в файле   80-261194912
На строке 23866   в файле   80-261194760
На строке 23867   в файле   80-261194810
На строке 23868   в файле   80-260458068
На строке 23869   в файле   80-260458564
На строке 23870   в файле   80-260459059
На строке 23871   в файле   80-261194919
На строке 23872   в файле   80-260459776
На строке 23873   в файле   80-260460566
На строке 23874   в файле   80-261195325
На строке 23875   в файле   80-261195278
На строке 23876   в файле   80-260461857
На строке 23877   в файле   80-260461936
На строке 23878   в файле   80-261195355
На строке 23879   в файле   80-260463749
На строке 23880   в файле   80-260463576
На строке 23881   в файле   80-260464969
На строке 23882   в файле   80-261195672
На строке 23883   в файле   80-261196745
На строке 23884   в файле   80-261267199
На строке 23885   в файле   80-261196097
На строке 23886   в файле   80-261196924
На строке 23887   в файле   80-261197243
На строке 23888   в файле   80-260467194
На строке 23889   в файле   80-261197662
На строке 23890   в файле   80-261198101
На строке 23891   в файле   80-261197791
На строке 23892   в файле   80-249280817
На строке 23893   в файле   80-260454047
На строке 23894   в файле   80-249281219
На строке 23895   в файле   80-260455219
На строке 23896   в файле   80-249282189
На строке 23897   в файле   80-261194472
На строке 23898   в файле   80-250979605
На строке 23899   в файле   80-260453432
На строке 23900   в файле   80-250980211
На строке 23901   в файле   80-260455758
На строке 23902   в файле   80-250980215
На строке 23903   в файле   80-260455000
На строке 23904   в файле   80-252105248
На строке 23905   в файле   80-260452621
На строке 23906   в файле   80-252105492
На строке 23907   в файле   80-260452772
На строке 23908   в файле   80-252488655
На строке 23909   в файле   80-260451118
На строке 23910   в файле   80-260454636
На строке 23911   в файле   80-261192577
На строке 23912   в файле   80-252103599
На строке 23913   в файле   80-252487442
На строке 23914   в файле   80-249262547
На строке 23915   в файле   80-249266940
На строке 23916   в файле   80-250974897
На строке 23917   в файле   80-252104743
На строке 23918   в файле   80-249282479
На строке 23919   в файле   80-249292250
На строке 23920   в файле   80-260438036
На строке 23921   в файле   80-260441363
На строке 23922   в файле   80-260442479
На строке 23923   в файле   80-260446975
На строке 23924   в файле   80-261193692
На строке 23925   в файле   80-260453331
На строке 23926   в файле   80-260453665
На строке 23927   в файле   80-260454335
На строке 23928   в файле   80-260454947
На строке 23929   в файле   80-261194213
На строке 23930   в файле   80-249254543
На строке 23931   в файле   80-249254790
На строке 23932   в файле   80-249255152
На строке 23933   в файле   80-249255604
На строке 23934   в файле   80-249255893
На строке 23935   в файле   80-249256125
На строке 23936   в файле   80-249256121
На строке 23937   в файле   80-250973887
На строке 23938   в файле   80-249256742
На строке 23939   в файле   80-249257188
На строке 23940   в файле   80-249258986
На строке 23941   в файле   80-249259170
На строке 23942   в файле   80-249259611
На строке 23943   в файле   80-249260073
На строке 23944   в файле   80-249260476
На строке 23945   в файле   80-249260500
На строке 23946   в файле   80-249260866
На строке 23947   в файле   80-249261584
На строке 23948   в файле   80-249262000
На строке 23949   в файле   80-249262168
На строке 23950   в файле   80-249262946
На строке 23951   в файле   80-250974207
На строке 23952   в файле   80-249264027
На строке 23953   в файле   80-249264404
На строке 23954   в файле   80-249264826
На строке 23955   в файле   80-249265208
На строке 23956   в файле   80-249265609
На строке 23957   в файле   80-249266007
На строке 23958   в файле   80-249266391
На строке 23959   в файле   80-249266399
На строке 23960   в файле   80-249267098
На строке 23961   в файле   80-249267162
На строке 23962   в файле   80-250974775
На строке 23963   в файле   80-249268751
На строке 23965   в файле   80-249269160
На строке 23966   в файле   80-249269532
На строке 23967   в файле   80-249269963
На строке 23968   в файле   80-249269921
На строке 23969   в файле   80-249270206
На строке 23970   в файле   80-249270750
На строке 23971   в файле   80-249272339
На строке 23972   в файле   80-249272402
На строке 23973   в файле   80-249272923
На строке 23974   в файле   80-250975044
На строке 23975   в файле   80-250975328
На строке 23976   в файле   80-249274194
На строке 23977   в файле   80-249274481
На строке 23978   в файле   80-249274494
На строке 23979   в файле   80-250976344
На строке 23980   в файле   80-252488150
На строке 23981   в файле   80-252488070
На строке 23982   в файле   80-250976978
На строке 23983   в файле   80-252104992
На строке 23984   в файле   80-249277922
На строке 23985   в файле   80-249278327
На строке 23986   в файле   80-252105525
На строке 23987   в файле   80-250979417
На строке 23988   в файле   80-252105763
На строке 23989   в файле   80-249280801
На строке 23990   в файле   80-250979912
На строке 23991   в файле   80-250980214
На строке 23992   в файле   80-249284615
На строке 23993   в файле   80-249285180
На строке 23994   в файле   80-250980355
На строке 23995   в файле   80-249287884
На строке 23996   в файле   80-249288935
На строке 23997   в файле   80-249290262
На строке 23998   в файле   80-249289920
На строке 23999   в файле   80-249290266
На строке 24000   в файле   80-249291203
На строке 24001   в файле   80-249292355
На строке 24002   в файле   80-249292771
На строке 24003   в файле   80-249293485
На строке 24004   в файле   80-249293917
На строке 24005   в файле   80-252106550
На строке 24006   в файле   80-250981694
На строке 24007   в файле   80-249297121
На строке 24008   в файле   80-249297732
На строке 24009   в файле   80-249297657
На строке 24010   в файле   80-249298874
На строке 24011   в файле   80-261192846
На строке 24012   в файле   80-260439648
На строке 24013   в файле   80-260438804
На строке 24015   в файле   80-260439656
На строке 24016   в файле   80-260439773
На строке 24017   в файле   80-260439624
На строке 24018   в файле   80-261193080
На строке 24019   в файле   80-260440387
На строке 24020   в файле   80-260440532
На строке 24021   в файле   80-260441186
На строке 24022   в файле   80-260441513
На строке 24023   в файле   80-260441171
На строке 24024   в файле   80-260441900
На строке 24025   в файле   80-261193023
На строке 24026   в файле   80-261192881
На строке 24027   в файле   80-260442689
На строке 24028   в файле   80-261193182
На строке 24029   в файле   80-260442889
На строке 24030   в файле   80-261193107
На строке 24031   в файле   80-260442456
На строке 24032   в файле   80-260443942
На строке 24033   в файле   80-260443250
На строке 24034   в файле   80-260444573
На строке 24035   в файле   80-260443292
На строке 24036   в файле   80-260444213
На строке 24037   в файле   80-260443938
На строке 24038   в файле   80-260445275
На строке 24039   в файле   80-260445129
На строке 24040   в файле   80-261193327
На строке 24041   в файле   80-260445587
На строке 24042   в файле   80-260445974
На строке 24043   в файле   80-260447107
На строке 24044   в файле   80-260448408
На строке 24045   в файле   80-260447527
На строке 24046   в файле   80-260448505
На строке 24047   в файле   80-261193602
На строке 24048   в файле   80-260448124
На строке 24049   в файле   80-260448963
На строке 24050   в файле   80-260449128
На строке 24051   в файле   80-260450131
На строке 24052   в файле   80-261193749
На строке 24053   в файле   80-260451429
На строке 24054   в файле   80-260451660
На строке 24055   в файле   80-260452410
На строке 24056   в файле   80-260452320
На строке 24057   в файле   80-249248917
На строке 24058   в файле   80-260436370
На строке 24059   в файле   80-249249165
На строке 24060   в файле   80-260435934
На строке 24061   в файле   80-249249379
На строке 24062   в файле   80-260436709
На строке 24063   в файле   80-249249906
На строке 24064   в файле   80-260437884
На строке 24065   в файле   80-249250054
На строке 24066   в файле   80-260437987
На строке 24067   в файле   80-249250408
На строке 24068   в файле   80-261192765
На строке 24069   в файле   80-250973174
На строке 24070   в файле   80-260433755
На строке 24071   в файле   80-250973176
На строке 24072   в файле   80-261192595
На строке 24073   в файле   80-250973192
На строке 24074   в файле   80-261192438
На строке 24075   в файле   80-252103190
На строке 24076   в файле   80-261192181
На строке 24077   в файле   80-260437360
На строке 24078   в файле   80-261191910
На строке 24079   в файле   80-252487433
На строке 24080   в файле   80-249258022
На строке 24081   в файле   80-249264042
На строке 24082   в файле   80-249267317
На строке 24083   в файле   80-249270829
На строке 24084   в файле   80-250975822
На строке 24085   в файле   80-249278321
На строке 24086   в файле   80-250980071
На строке 24087   в файле   80-261191830
На строке 24088   в файле   80-260429668
На строке 24089   в файле   80-260430141
На строке 24090   в файле   80-260431029
На строке 24091   в файле   80-261192275
На строке 24092   в файле   80-261192413
На строке 24093   в файле   80-260432480
На строке 24094   в файле   80-260433142
На строке 24095   в файле   80-260434067
На строке 24096   в файле   80-260435117
На строке 24097   в файле   80-249254515
На строке 24098   в файле   80-249255619
На строке 24099   в файле   80-249255596
На строке 24100   в файле   80-249255826
На строке 24101   в файле   80-249256536
На строке 24102   в файле   80-249256504
На строке 24103   в файле   80-249257016
На строке 24104   в файле   80-249257142
На строке 24105   в файле   80-249257145
На строке 24106   в файле   80-249257290
На строке 24107   в файле   80-250974057
На строке 24108   в файле   80-249259179
На строке 24109   в файле   80-249259605
На строке 24110   в файле   80-249260070
На строке 24111   в файле   80-249260962
На строке 24112   в файле   80-249261310
На строке 24113   в файле   80-249262286
На строке 24114   в файле   80-252103566
На строке 24115   в файле   80-249262961
На строке 24116   в файле   80-249263775
На строке 24117   в файле   80-249264469
На строке 24118   в файле   80-249264829
На строке 24119   в файле   80-249265209
На строке 24120   в файле   80-249265233
На строке 24121   в файле   80-249265467
На строке 24122   в файле   80-249265603
На строке 24123   в файле   80-249266040
На строке 24124   в файле   80-249266410
На строке 24125   в файле   80-249266720
На строке 24126   в файле   80-249266776
На строке 24127   в файле   80-252579623
На строке 24128   в файле   80-250974696
На строке 24129   в файле   80-250974765
На строке 24130   в файле   80-249269105
На строке 24131   в файле   80-252104079
На строке 24132   в файле   80-249269557
На строке 24133   в файле   80-249269716
На строке 24134   в файле   80-252104096
На строке 24135   в файле   80-250974915
На строке 24136   в файле   80-249270367
На строке 24137   в файле   80-249271420
На строке 24138   в файле   80-249271359
На строке 24139   в файле   80-249271984
На строке 24140   в файле   80-249271988
На строке 24141   в файле   80-252104356
На строке 24142   в файле   80-249272780
На строке 24143   в файле   80-252104201
На строке 24144   в файле   80-250975207
На строке 24145   в файле   80-250975498
На строке 24146   в файле   80-250975047
На строке 24147   в файле   80-249274196
На строке 24148   в файле   80-249274347
На строке 24149   в файле   80-250975671
На строке 24150   в файле   80-250976151
На строке 24151   в файле   80-252104612
На строке 24152   в файле   80-250976641
На строке 24153   в файле   80-252104875
На строке 24154   в файле   80-249275806
На строке 24155   в файле   80-250976934
На строке 24156   в файле   80-250978063
На строке 24157   в файле   80-252105390
На строке 24158   в файле   80-250978493
На строке 24159   в файле   80-252105678
На строке 24160   в файле   80-250979603
На строке 24161   в файле   80-249281519
На строке 24162   в файле   80-249249396
На строке 24163   в файле   80-261191522
На строке 24164   в файле   80-250973355
На строке 24165   в файле   80-261191425
На строке 24166   в файле   80-250973516
На строке 24167   в файле   80-260422771
На строке 24168   в файле   80-261191534
На строке 24169   в файле   80-261191076
На строке 24170   в файле   80-249254530
На строке 24171   в файле   80-249256901
На строке 24172   в файле   80-249260267
На строке 24173   в файле   80-249264202
На строке 24174   в файле   80-249267378
На строке 24175   в файле   80-249269953
На строке 24176   в файле   80-249272342
На строке 24177   в файле   80-249272719
На строке 24178   в файле   80-260422051
На строке 24179   в файле   80-261191664
На строке 24180   в файле   80-260424214
На строке 24181   в файле   80-260424276
На строке 24182   в файле   80-260426709
На строке 24183   в файле   80-260427182
На строке 24184   в файле   80-260428046
На строке 24185   в файле   80-260428303
На строке 24186   в файле   80-261192190
На строке 24187   в файле   80-260431696
На строке 24188   в файле   80-249255184
На строке 24189   в файле   80-249254991
На строке 24190   в файле   80-249254996
На строке 24191   в файле   80-249255183
На строке 24192   в файле   80-249255428
На строке 24193   в файле   80-249255607
На строке 24194   в файле   80-249256079
На строке 24195   в файле   80-249256297
На строке 24196   в файле   80-249256594
На строке 24197   в файле   80-249256704
На строке 24198   в файле   80-249257636
На строке 24199   в файле   80-249257591
На строке 24200   в файле   80-249257560
На строке 24201   в файле   80-250974087
На строке 24202   в файле   80-249258032
На строке 24203   в файле   80-252103454
На строке 24204   в файле   80-249259175
На строке 24205   в файле   80-250974048
На строке 24206   в файле   80-249259575
На строке 24207   в файле   80-249259737
На строке 24208   в файле   80-249260947
На строке 24209   в файле   80-249260833
На строке 24210   в файле   80-249261319
На строке 24211   в файле   80-249261277
На строке 24212   в файле   80-249261704
На строке 24213   в файле   80-249262122
На строке 24214   в файле   80-249261855
На строке 24215   в файле   80-249262563
На строке 24216   в файле   80-249262712
На строке 24217   в файле   80-250974245
На строке 24218   в файле   80-249264476
На строке 24219   в файле   80-249264633
На строке 24220   в файле   80-249264806
На строке 24221   в файле   80-249264835
На строке 24222   в файле   80-249265218
На строке 24223   в файле   80-249265629
На строке 24224   в файле   80-249266018
На строке 24225   в файле   80-249266006
На строке 24226   в файле   80-249266577
На строке 24227   в файле   80-249266729
На строке 24228   в файле   80-249267526
На строке 24229   в файле   80-249267586
На строке 24230   в файле   80-250974778
На строке 24231   в файле   80-249268761
На строке 24232   в файле   80-249268749
На строке 24233   в файле   80-249268747
На строке 24234   в файле   80-249269110
На строке 24235   в файле   80-249269344
На строке 24236   в файле   80-249269330
На строке 24237   в файле   80-249269531
На строке 24238   в файле   80-249270538
На строке 24239   в файле   80-249270413
На строке 24240   в файле   80-249270772
На строке 24241   в файле   80-249270930
На строке 24242   в файле   80-249271371
На строке 24243   в файле   80-249271986
На строке 24244   в файле   80-249248841
На строке 24245   в файле   80-261188487
На строке 24246   в файле   80-249249397
На строке 24247   в файле   80-261189291
На строке 24248   в файле   80-249249607
На строке 24249   в файле   80-261190150
На строке 24250   в файле   80-249248922
На строке 24251   в файле   80-261188424
На строке 24252   в файле   80-249249618
На строке 24253   в файле   80-261190024
На строке 24254   в файле   80-249249905
На строке 24255   в файле   80-261190198
На строке 24256   в файле   80-250973454
На строке 24257   в файле   80-261190432
На строке 24258   в файле   80-250973507
На строке 24259   в файле   80-260414756
На строке 24260   в файле   80-250973633
На строке 24261   в файле   80-261190611
На строке 24262   в файле   80-250973727
На строке 24263   в файле   80-260414865
На строке 24264   в файле   80-250973882
На строке 24265   в файле   80-261190506
На строке 24266   в файле   80-250973351
На строке 24267   в файле   80-261267192
На строке 24268   в файле   80-252103351
На строке 24269   в файле   80-261188751
На строке 24270   в файле   80-261187904
На строке 24271   в файле   80-260393274
На строке 24272   в файле   80-250973358
На строке 24273   в файле   80-249254797
На строке 24274   в файле   80-249259182
На строке 24275   в файле   80-249264019
На строке 24276   в файле   80-249264435
На строке 24277   в файле   80-249264811
На строке 24278   в файле   80-249265230
На строке 24279   в файле   80-249265606
На строке 24280   в файле   80-261187132
На строке 24281   в файле   80-261187198
На строке 24282   в файле   80-261187496
На строке 24283   в файле   80-261187382
На строке 24284   в файле   80-261187921
На строке 24285   в файле   80-261187974
На строке 24286   в файле   80-261188868
На строке 24287   в файле   80-261189294
На строке 24288   в файле   80-261188906
На строке 24289   в файле   80-261189832
На строке 24290   в файле   80-249248630
На строке 24291   в файле   80-249248919
На строке 24292   в файле   80-250973289
На строке 24293   в файле   80-249249394
На строке 24294   в файле   80-249249909
На строке 24295   в файле   80-250973495
На строке 24296   в файле   80-250973712
На строке 24297   в файле   80-250973725
На строке 24298   в файле   80-249254314
На строке 24299   в файле   80-249254557
На строке 24300   в файле   80-249254949
На строке 24301   в файле   80-249255383
На строке 24302   в файле   80-250973895
На строке 24303   в файле   80-249256563
На строке 24304   в файле   80-250973801
На строке 24305   в файле   80-249257159
На строке 24306   в файле   80-249257657
На строке 24307   в файле   80-249258011
На строке 24308   в файле   80-250973960
На строке 24309   в файле   80-252487832
На строке 24310   в файле   80-249260071
На строке 24311   в файле   80-249260485
На строке 24312   в файле   80-249260813
На строке 24313   в файле   80-249261082
На строке 24314   в файле   80-249261516
На строке 24315   в файле   80-249261757
На строке 24316   в файле   80-249262118
На строке 24317   в файле   80-249262517
На строке 24318   в файле   80-249262776
На строке 24319   в файле   80-252103823
На строке 24320   в файле   80-249246495
На строке 24321   в файле   80-260389728
На строке 24322   в файле   80-252103347
На строке 24323   в файле   80-261266956
На строке 24324   в файле   80-261186559
На строке 24325   в файле   80-260433195
На строке 24326   в файле   80-250975682
На строке 24327   в файле   80-250978331
На строке 24328   в файле   80-252106281
На строке 24329   в файле   80-249288355
На строке 24330   в файле   80-249288884
На строке 24331   в файле   80-250980713
На строке 24332   в файле   80-249290249
На строке 24333   в файле   80-260433771
На строке 24334   в файле   80-261192320
На строке 24335   в файле   80-260434932
На строке 24336   в файле   80-260434533
На строке 24337   в файле   80-260435193
На строке 24338   в файле   80-260436593
На строке 24339   в файле   80-260436460
На строке 24340   в файле   80-260437278
На строке 24341   в файле   80-261192659
На строке 24342   в файле   80-250975809
На строке 24343   в файле   80-250975990
На строке 24344   в файле   80-250976327
На строке 24345   в файле   80-250976481
На строке 24346   в файле   80-249275640
На строке 24347   в файле   80-250976932
На строке 24348   в файле   80-252105151
На строке 24349   в файле   80-252104900
На строке 24350   в файле   80-250978059
На строке 24351   в файле   80-252105129
На строке 24352   в файле   80-250978325
На строке 24353   в файле   80-252488574
На строке 24354   в файле   80-249279572
На строке 24355   в файле   80-250979596
На строке 24356   в файле   80-249280445
На строке 24357   в файле   80-252105943
На строке 24358   в файле   80-252106035
На строке 24359   в файле   80-249281522
На строке 24360   в файле   80-249282445
На строке 24361   в файле   80-252106179
На строке 24362   в файле   80-249287864
На строке 24363   в файле   80-249270931
На строке 24364   в файле   80-260425340
На строке 24365   в файле   80-249271982
На строке 24366   в файле   80-260425794
На строке 24367   в файле   80-249272533
На строке 24368   в файле   80-260428266
На строке 24369   в файле   80-249272913
На строке 24370   в файле   80-260429256
На строке 24371   в файле   80-249272925
На строке 24372   в файле   80-261192036
На строке 24373   в файле   80-249273182
На строке 24374   в файле   80-260431516
На строке 24375   в файле   80-250974893
На строке 24376   в файле   80-260426086
На строке 24377   в файле   80-250974839
На строке 24378   в файле   80-260425056
На строке 24379   в файле   80-250975028
На строке 24380   в файле   80-260432343
На строке 24381   в файле   80-260425002
На строке 24382   в файле   80-260446714
На строке 24383   в файле   80-249303236
На строке 24384   в файле   80-249303872
На строке 24385   в файле   80-249305140
На строке 24386   в файле   80-249306600
На строке 24387   в файле   80-249308678
На строке 24388   в файле   80-249301830
На строке 24389   в файле   80-260444716
На строке 24390   в файле   80-249302391
На строке 24391   в файле   80-260446920
На строке 24392   в файле   80-260445384
На строке 24393   в файле   80-260448262
На строке 24394   в файле   80-249321403
На строке 24395   в файле   80-249339248
На строке 24396   в файле   80-252107830
На строке 24397   в файле   80-249348308
На строке 24398   в файле   80-249349672
На строке 24399   в файле   80-249351475
На строке 24400   в файле   80-249355286
На строке 24401   в файле   80-252489860
На строке 24402   в файле   80-261193482
На строке 24403   в файле   80-260449562
На строке 24404   в файле   80-260449788
На строке 24405   в файле   80-260450225
На строке 24406   в файле   80-260449785
На строке 24407   в файле   80-261193587
На строке 24408   в файле   80-260450417
На строке 24409   в файле   80-260451149
На строке 24410   в файле   80-260450941
На строке 24411   в файле   80-260451931
На строке 24412   в файле   80-252106798
На строке 24413   в файле   80-249326964
На строке 24414   в файле   80-250982131
На строке 24415   в файле   80-249331255
На строке 24416   в файле   80-249332161
На строке 24417   в файле   80-252107126
На строке 24418   в файле   80-249336186
На строке 24419   в файле   80-249336391
На строке 24420   в файле   80-249337783
На строке 24421   в файле   80-249338428
На строке 24422   в файле   80-249340860
На строке 24423   в файле   80-252107616
На строке 24424   в файле   80-249345351
На строке 24425   в файле   80-249319802
На строке 24426   в файле   80-260447264
На строке 24427   в файле   80-261193369
На строке 24428   в файле   80-260457082
На строке 24429   в файле   80-250982008
На строке 24430   в файле   80-249337742
На строке 24431   в файле   80-252108255
На строке 24432   в файле   80-252108868
На строке 24433   в файле   80-249374124
На строке 24434   в файле   80-249390219
На строке 24435   в файле   80-250984204
На строке 24436   в файле   80-249395728
На строке 24437   в файле   80-261194941
На строке 24438   в файле   80-260457654
На строке 24439   в файле   80-260458244
На строке 24440   в файле   80-260458729
На строке 24441   в файле   80-260458933
На строке 24442   в файле   80-260460669
На строке 24443   в файле   80-261195307
На строке 24444   в файле   80-260461317
На строке 24445   в файле   80-261195306
На строке 24446   в файле   80-260463462
На строке 24447   в файле   80-252620982
На строке 24448   в файле   80-249325612
На строке 24449   в файле   80-252634803
На строке 24450   в файле   80-249328495
На строке 24451   в файле   80-249330131
На строке 24452   в файле   80-249331644
На строке 24453   в файле   80-249331982
На строке 24454   в файле   80-252107146
На строке 24455   в файле   80-250982292
На строке 24456   в файле   80-249336344
На строке 24457   в файле   80-249337772
На строке 24458   в файле   80-249339292
На строке 24459   в файле   80-249340746
На строке 24460   в файле   80-252107467
На строке 24461   в файле   80-249345414
На строке 24462   в файле   80-249346082
На строке 24463   в файле   80-249346900
На строке 24464   в файле   80-249349114
На строке 24465   в файле   80-249349072
На строке 24466   в файле   80-249349766
На строке 24467   в файле   80-249355357
На строке 24468   в файле   80-249356690
На строке 24469   в файле   80-252108503
На строке 24470   в файле   80-249360513
На строке 24471   в файле   80-249360437
На строке 24472   в файле   80-249361768
На строке 24473   в файле   80-249361854
На строке 24474   в файле   80-249362417
На строке 24475   в файле   80-249364653
На строке 24476   в файле   80-249365022
На строке 24477   в файле   80-252109197
На строке 24478   в файле   80-249369041
На строке 24479   в файле   80-249369788
На строке 24480   в файле   80-249369721
На строке 24481   в файле   80-249369680
На строке 24482   в файле   80-249371424
На строке 24483   в файле   80-249371440
На строке 24484   в файле   80-249371430
На строке 24485   в файле   80-249372855
На строке 24486   в файле   80-249372862
На строке 24487   в файле   80-249375579
На строке 24488   в файле   80-249375618
На строке 24489   в файле   80-249376223
На строке 24490   в файле   80-249378776
На строке 24491   в файле   80-249383458
На строке 24492   в файле   80-249384377
На строке 24493   в файле   80-249385752
На строке 24494   в файле   80-249385722
На строке 24495   в файле   80-249388936
На строке 24496   в файле   80-249390231
На строке 24497   в файле   80-249321011
На строке 24498   в файле   80-261194895
На строке 24499   в файле   80-260456799
На строке 24500   в файле   80-260457413
На строке 24501   в файле   80-261115779
На строке 24502   в файле   80-245523562
На строке 24503   в файле   80-245523738
На строке 24504   в файле   80-251369849
На строке 24505   в файле   80-245523412
На строке 24506   в файле   80-259814418
На строке 24507   в файле   80-259814229
На строке 24508   в файле   80-261127069
На строке 24509   в файле   80-251694706
На строке 24510   в файле   80-251695574
На строке 24511   в файле   80-246869946
На строке 24512   в файле   80-246870412
На строке 24513   в файле   80-246871534
На строке 24514   в файле   80-246872416
На строке 24515   в файле   80-246873056
На строке 24516   в файле   80-246867009
На строке 24517   в файле   80-259902606
На строке 24518   в файле   80-261126698
На строке 24519   в файле   80-261132724
На строке 24520   в файле   80-251725266
На строке 24521   в файле   80-246895560
На строке 24522   в файле   80-251726542
На строке 24523   в файле   80-251731568
На строке 24524   в файле   80-251733181
На строке 24525   в файле   80-251735709
На строке 24526   в файле   80-246906989
На строке 24527   в файле   80-252400544
На строке 24528   в файле   80-261263212
На строке 24529   в файле   80-261132909
На строке 24530   в файле   80-244594311
На строке 24531   в файле   80-244596698
На строке 24532   в файле   80-244599222
На строке 24533   в файле   80-244602713
На строке 24534   в файле   80-249916967
На строке 24535   в файле   80-244607961
На строке 24536   в файле   80-249917348
На строке 24537   в файле   80-244611846
На строке 24538   в файле   80-260776228
На строке 24539   в файле   80-261244040
На строке 24540   в файле   80-261244070
На строке 24541   в файле   80-260779783
На строке 24542   в файле   80-260780693
На строке 24543   в файле   80-260782115
На строке 24544   в файле   80-261244140
На строке 24545   в файле   80-260784454
На строке 24546   в файле   80-260785945
На строке 24547   в файле   80-260787285
На строке 24548   в файле   80-244594470
На строке 24549   в файле   80-244594757
На строке 24550   в файле   80-249914475
На строке 24551   в файле   80-249914465
На строке 24552   в файле   80-249914455
На строке 24553   в файле   80-249914720
На строке 24554   в файле   80-244596014
На строке 24555   в файле   80-249914700
На строке 24556   в файле   80-244596396
На строке 24557   в файле   80-244596528
На строке 24558   в файле   80-249914905
На строке 24559   в файле   80-244597158
На строке 24560   в файле   80-249914939
На строке 24561   в файле   80-252232710
На строке 24562   в файле   80-244597757
На строке 24563   в файле   80-252234815
На строке 24564   в файле   80-249915408
На строке 24565   в файле   80-244598617
На строке 24566   в файле   80-249915534
На строке 24567   в файле   80-244598730
На строке 24568   в файле   80-244599474
На строке 24569   в файле   80-244599634
На строке 24570   в файле   80-249915768
На строке 24571   в файле   80-244600525
На строке 24572   в файле   80-244600832
На строке 24573   в файле   80-244600974
На строке 24574   в файле   80-244601141
На строке 24575   в файле   80-244601474
На строке 24576   в файле   80-249915882
На строке 24577   в файле   80-249916008
На строке 24578   в файле   80-249916123
На строке 24579   в файле   80-244603175
На строке 24580   в файле   80-244603160
На строке 24581   в файле   80-249916230
На строке 24582   в файле   80-244603787
На строке 24583   в файле   80-244604126
На строке 24584   в файле   80-244604285
На строке 24585   в файле   80-244604546
На строке 24586   в файле   80-249916506
На строке 24587   в файле   80-244605812
На строке 24588   в файле   80-249916648
На строке 24589   в файле   80-249916816
На строке 24590   в файле   80-244606116
На строке 24591   в файле   80-249916833
На строке 24592   в файле   80-244606868
На строке 24593   в файле   80-249917002
На строке 24594   в файле   80-244607030
На строке 24595   в файле   80-252503296
На строке 24596   в файле   80-249916969
На строке 24597   в файле   80-244607622
На строке 24598   в файле   80-244607764
На строке 24599   в файле   80-249917134
На строке 24600   в файле   80-244608155
На строке 24601   в файле   80-249917085
На строке 24602   в файле   80-252234679
На строке 24603   в файле   80-244608687
На строке 24604   в файле   80-244608684
На строке 24605   в файле   80-244608908
На строке 24606   в файле   80-244609092
На строке 24607   в файле   80-249917297
На строке 24608   в файле   80-244609504
На строке 24609   в файле   80-244610393
На строке 24610   в файле   80-244610621
На строке 24611   в файле   80-249917446
На строке 24612   в файле   80-249917519
На строке 24613   в файле   80-244610838
На строке 24614   в файле   80-244611022
На строке 24615   в файле   80-244611409
На строке 24616   в файле   80-244611418
На строке 24617   в файле   80-244611621
На строке 24618   в файле   80-252503259
На строке 24619   в файле   80-244612355
На строке 24620   в файле   80-244612128
На строке 24621   в файле   80-249917531
На строке 24622   в файле   80-249917679
На строке 24623   в файле   80-252236215
На строке 24624   в файле   80-244612646
На строке 24625   в файле   80-244612829
На строке 24626   в файле   80-244613401
На строке 24627   в файле   80-244613950
На строке 24628   в файле   80-260776427
На строке 24629   в файле   80-261276065
На строке 24630   в файле   80-260776962
На строке 24631   в файле   80-260776807
На строке 24632   в файле   80-260777145
На строке 24633   в файле   80-260777234
На строке 24634   в файле   80-260777097
На строке 24635   в файле   80-260777653
На строке 24636   в файле   80-260777666
На строке 24637   в файле   80-260778008
На строке 24638   в файле   80-260777962
На строке 24639   в файле   80-260778281
На строке 24640   в файле   80-260778318
На строке 24641   в файле   80-261244052
На строке 24642   в файле   80-260778560
На строке 24643   в файле   80-260778291
На строке 24644   в файле   80-260778705
На строке 24645   в файле   80-260778945
На строке 24646   в файле   80-260778720
На строке 24647   в файле   80-260779241
На строке 24648   в файле   80-260778978
На строке 24649   в файле   80-260779535
На строке 24650   в файле   80-260779566
На строке 24651   в файле   80-260779306
На строке 24652   в файле   80-260779897
На строке 24653   в файле   80-260779782
На строке 24654   в файле   80-260780135
На строке 24655   в файле   80-260780139
На строке 24656   в файле   80-261244136
На строке 24657   в файле   80-260780410
На строке 24658   в файле   80-260780510
На строке 24659   в файле   80-260780979
На строке 24660   в файле   80-260780742
На строке 24661   в файле   80-260780758
На строке 24662   в файле   80-260781027
На строке 24663   в файле   80-261244261
На строке 24664   в файле   80-260781524
На строке 24665   в файле   80-260781285
На строке 24666   в файле   80-260781712
На строке 24667   в файле   80-260781768
На строке 24668   в файле   80-260782077
На строке 24669   в файле   80-260782303
На строке 24670   в файле   80-260782376
На строке 24671   в файле   80-260782467
На строке 24672   в файле   80-260782928
На строке 24673   в файле   80-260782749
На строке 24674   в файле   80-260782822
На строке 24675   в файле   80-260782994
На строке 24676   в файле   80-260783053
На строке 24677   в файле   80-260783462
На строке 24678   в файле   80-260783597
На строке 24679   в файле   80-260783710
На строке 24680   в файле   80-260783686
На строке 24681   в файле   80-260783714
На строке 24682   в файле   80-260784313
На строке 24683   в файле   80-260784444
На строке 24684   в файле   80-260784377
На строке 24685   в файле   80-260784449
На строке 24686   в файле   80-260784608
На строке 24687   в файле   80-260784988
На строке 24688   в файле   80-260785501
На строке 24689   в файле   80-260785145
На строке 24690   в файле   80-260785088
На строке 24691   в файле   80-260785201
На строке 24692   в файле   80-260785289
На строке 24693   в файле   80-260785953
На строке 24694   в файле   80-261244348
На строке 24695   в файле   80-260785942
На строке 24696   в файле   80-260785950
На строке 24697   в файле   80-260786622
На строке 24698   в файле   80-260786264
На строке 24699   в файле   80-260786646
На строке 24700   в файле   80-260786618
На строке 24701   в файле   80-260786638
На строке 24702   в файле   80-260786578
На строке 24703   в файле   80-261244426
На строке 24704   в файле   80-260786923
На строке 24705   в файле   80-260787367
На строке 24706   в файле   80-260787361
На строке 24707   в файле   80-260787241
На строке 24708   в файле   80-260787609
На строке 24709   в файле   80-260788422
На строке 24710   в файле   80-243820538
На строке 24711   в файле   80-259236448
На строке 24712   в файле   80-243821270
На строке 24713   в файле   80-259236895
На строке 24714   в файле   80-243821936
На строке 24715   в файле   80-243822542
На строке 24716   в файле   80-260775194
На строке 24717   в файле   80-243823160
На строке 24718   в файле   80-259237428
На строке 24719   в файле   80-243826560
На строке 24720   в файле   80-259238321
На строке 24721   в файле   80-243828265
На строке 24722   в файле   80-259238826
На строке 24723   в файле   80-243834542
На строке 24724   в файле   80-259242015
На строке 24725   в файле   80-243834783
На строке 24726   в файле   80-259242016
На строке 24727   в файле   80-243835293
На строке 24728   в файле   80-259242563
На строке 24729   в файле   80-243835302
На строке 24730   в файле   80-260775766
На строке 24731   в файле   80-243836115
На строке 24732   в файле   80-259242842
На строке 24733   в файле   80-243836303
На строке 24734   в файле   80-259242471
На строке 24735   в файле   80-243837030
На строке 24736   в файле   80-259243254
На строке 24737   в файле   80-244574462
На строке 24738   в файле   80-259232990
На строке 24739   в файле   80-244590518
На строке 24740   в файле   80-259239783
На строке 24741   в файле   80-244590686
На строке 24742   в файле   80-259241291
На строке 24743   в файле   80-244591066
На строке 24744   в файле   80-259240913
На строке 24745   в файле   80-244591215
На строке 24746   в файле   80-259241298
На строке 24747   в файле   80-259241310
На строке 24748   в файле   80-259241404
На строке 24749   в файле   80-259241711
На строке 24750   в файле   80-244591392
На строке 24751   в файле   80-259242182
На строке 24752   в файле   80-244591917
На строке 24753   в файле   80-259243561
На строке 24754   в файле   80-244592018
На строке 24755   в файле   80-259243262
На строке 24756   в файле   80-244593075
На строке 24757   в файле   80-259243611
На строке 24758   в файле   80-244593680
На строке 24759   в файле   80-260775926
На строке 24760   в файле   80-244593997
На строке 24761   в файле   80-260776369
На строке 24762   в файле   80-243755363
На строке 24763   в файле   80-259231944
На строке 24764   в файле   80-243770126
На строке 24765   в файле   80-260775032
На строке 24766   в файле   80-243791521
На строке 24767   в файле   80-259232858
На строке 24768   в файле   80-243796671
На строке 24769   в файле   80-259234499
На строке 24770   в файле   80-243804458
На строке 24771   в файле   80-259234539
На строке 24772   в файле   80-243806025
На строке 24773   в файле   80-259235501
На строке 24774   в файле   80-243815277
На строке 24775   в файле   80-260774757
На строке 24776   в файле   80-243816069
На строке 24777   в файле   80-259235986
На строке 24778   в файле   80-259236476
На строке 24779   в файле   80-243816848
На строке 24780   в файле   80-259236455
На строке 24781   в файле   80-243825272
На строке 24782   в файле   80-259238291
На строке 24783   в файле   80-243828534
На строке 24784   в файле   80-259239346
На строке 24785   в файле   80-243828865
На строке 24786   в файле   80-259239247
На строке 24787   в файле   80-243831962
На строке 24788   в файле   80-259239287
На строке 24789   в файле   80-243832198
На строке 24790   в файле   80-259240445
На строке 24791   в файле   80-243832501
На строке 24792   в файле   80-259239243
На строке 24793   в файле   80-243833282
На строке 24794   в файле   80-259240442
На строке 24795   в файле   80-243834108
На строке 24796   в файле   80-259240448
На строке 24797   в файле   80-243836559
На строке 24798   в файле   80-259243367
На строке 24799   в файле   80-244582255
На строке 24800   в файле   80-259235480
На строке 24801   в файле   80-244583052
На строке 24802   в файле   80-259235494
На строке 24803   в файле   80-244585611
На строке 24804   в файле   80-259237333
На строке 24805   в файле   80-243756707
На строке 24806   в файле   80-259232033
На строке 24807   в файле   80-243757355
На строке 24808   в файле   80-260774439
На строке 24809   в файле   80-243758076
На строке 24810   в файле   80-259232919
На строке 24811   в файле   80-243801885
На строке 24812   в файле   80-259233430
На строке 24813   в файле   80-243818307
На строке 24814   в файле   80-259236548
На строке 24815   в файле   80-243822562
На строке 24816   в файле   80-259237385
На строке 24817   в файле   80-249911757
На строке 24818   в файле   80-259234495
На строке 24819   в файле   80-249911784
На строке 24820   в файле   80-259234439
На строке 24821   в файле   80-249912577
На строке 24822   в файле   80-260775353
На строке 24823   в файле   80-249913212
На строке 24824   в файле   80-260775765
На строке 24825   в файле   80-249913901
На строке 24826   в файле   80-259242856
На строке 24827   в файле   80-249913966
На строке 24828   в файле   80-260775373
На строке 24829   в файле   80-249913970
На строке 24830   в файле   80-260775647
На строке 24831   в файле   80-249914238
На строке 24832   в файле   80-260776491
На строке 24833   в файле   80-249909774
На строке 24834   в файле   80-259232365
На строке 24835   в файле   80-249909950
На строке 24836   в файле   80-259232595
На строке 24837   в файле   80-249911536
На строке 24838   в файле   80-260775094
На строке 24839   в файле   80-249912428
На строке 24840   в файле   80-259235530
На строке 24841   в файле   80-249913647
На строке 24842   в файле   80-259240446
На строке 24843   в файле   80-252231046
На строке 24844   в файле   80-259238324
На строке 24845   в файле   80-252231084
На строке 24846   в файле   80-259238296
На строке 24847   в файле   80-252229697
На строке 24848   в файле   80-259234984
На строке 24849   в файле   80-261196296
На строке 24850   в файле   80-249385691
На строке 24851   в файле   80-249387357
На строке 24852   в файле   80-249399647
На строке 24853   в файле   80-249400236
На строке 24854   в файле   80-249401615
На строке 24855   в файле   80-250985346
На строке 24856   в файле   80-249401565
На строке 24857   в файле   80-249402219
На строке 24858   в файле   80-249402176
На строке 24859   в файле   80-249405130
На строке 24860   в файле   80-249402942
На строке 24861   в файле   80-250985344
На строке 24862   в файле   80-252109986
На строке 24863   в файле   80-249405309
На строке 24864   в файле   80-261196593
На строке 24865   в файле   80-261197163
На строке 24866   в файле   80-260464737
На строке 24867   в файле   80-261197382
На строке 24868   в файле   80-261196754
На строке 24869   в файле   80-261197617
На строке 24870   в файле   80-261197694
На строке 24871   в файле   80-260465815
На строке 24872   в файле   80-260468319
На строке 24873   в файле   80-261198176
На строке 24874   в файле   80-260465597
На строке 24875   в файле   80-261198603
На строке 24876   в файле   80-261198680
На строке 24877   в файле   80-261198463
На строке 24878   в файле   80-261199157
На строке 24879   в файле   80-249390485
На строке 24880   в файле   80-249391775
На строке 24881   в файле   80-249391704
На строке 24882   в файле   80-250984198
На строке 24883   в файле   80-249395557
На строке 24884   в файле   80-249396246
На строке 24885   в файле   80-249397093
На строке 24886   в файле   80-249397744
На строке 24887   в файле   80-252109722
На строке 24888   в файле   80-249399787
На строке 24889   в файле   80-249400302
На строке 24890   в файле   80-249400993
На строке 24891   в файле   80-249400893
На строке 24892   в файле   80-249379144
На строке 24893   в файле   80-261195623
На строке 24894   в файле   80-250983875
На строке 24895   в файле   80-261195874
На строке 24896   в файле   80-252109205
На строке 24897   в файле   80-260464938
На строке 24898   в файле   80-260464423
На строке 24899   в файле   80-260461101
На строке 24900   в файле   80-249384327
На строке 24901   в файле   80-249385756
На строке 24902   в файле   80-249387205
На строке 24903   в файле   80-249387421
На строке 24904   в файле   80-249388855
На строке 24905   в файле   80-249390211
На строке 24906   в файле   80-249391730
На строке 24907   в файле   80-249395556
На строке 24908   в файле   80-249396908
На строке 24909   в файле   80-260461128
На строке 24910   в файле   80-261195224
На строке 24911   в файле   80-260463151
На строке 24912   в файле   80-261195866
На строке 24913   в файле   80-260465757
На строке 24914   в файле   80-261196214
На строке 24915   в файле   80-261267194
На строке 24916   в файле   80-261196837
На строке 24917   в файле   80-260466792
На строке 24918   в файле   80-261196881
На строке 24919   в файле   80-252108858
На строке 24920   в файле   80-260459772
На строке 24921   в файле   80-260459768
На строке 24922   в файле   80-260464199
На строке 24923   в файле   80-249324933
На строке 24924   в файле   80-249339429
На строке 24925   в файле   80-249355303
На строке 24926   в файле   80-250983663
На строке 24927   в файле   80-249375629
На строке 24928   в файле   80-249385736
На строке 24929   в файле   80-249398531
На строке 24930   в файле   80-252109744
На строке 24931   в файле   80-261195734
На строке 24932   в файле   80-261195867
На строке 24933   в файле   80-261196435
На строке 24934   в файле   80-261196289
На строке 24935   в файле   80-260467139
На строке 24936   в файле   80-261197302
На строке 24937   в файле   80-261197413
На строке 24938   в файле   80-261197953
На строке 24939   в файле   80-261197829
На строке 24940   в файле   80-261198654
На строке 24941   в файле   80-249327097
На строке 24942   в файле   80-249328567
На строке 24943   в файле   80-249329242
На строке 24944   в файле   80-249329175
На строке 24945   в файле   80-249330721
На строке 24946   в файле   80-249332092
На строке 24947   в файле   80-252107050
На строке 24948   в файле   80-252621769
На строке 24949   в файле   80-249336205
На строке 24950   в файле   80-252107719
На строке 24951   в файле   80-249339314
На строке 24952   в файле   80-249339972
На строке 24953   в файле   80-249340765
На строке 24954   в файле   80-249344486
На строке 24955   в файле   80-249346849
На строке 24956   в файле   80-249346894
На строке 24957   в файле   80-249347650
На строке 24958   в файле   80-249348367
На строке 24959   в файле   80-252107943
На строке 24960   в файле   80-252108493
На строке 24961   в файле   80-249356698
На строке 24962   в файле   80-252108652
На строке 24963   в файле   80-249360535
На строке 24964   в файле   80-250983526
На строке 24965   в файле   80-249362428
На строке 24966   в файле   80-249363711
На строке 24967   в файле   80-249363799
На строке 24968   в файле   80-249365041
На строке 24969   в файле   80-249365886
На строке 24970   в файле   80-249365281
На строке 24971   в файле   80-252108863
На строке 24972   в файле   80-249369732
На строке 24973   в файле   80-249369665
На строке 24974   в файле   80-249371422
На строке 24975   в файле   80-249372092
На строке 24976   в файле   80-249372938
На строке 24977   в файле   80-249373424
На строке 24978   в файле   80-249374194
На строке 24979   в файле   80-249374294
На строке 24980   в файле   80-249375633
На строке 24981   в файле   80-249377209
На строке 24982   в файле   80-249377091
На строке 24983   в файле   80-249377246
На строке 24984   в файле   80-249377721
На строке 24985   в файле   80-249378656
На строке 24986   в файле   80-250983864
На строке 24987   в файле   80-250983869
На строке 24988   в файле   80-249384358
На строке 24989   в файле   80-249384292
На строке 24990   в файле   80-249384997
На строке 24991   в файле   80-249387185
На строке 24992   в файле   80-249387452
На строке 24993   в файле   80-249388620
На строке 24994   в файле   80-249388785
На строке 24995   в файле   80-249390286
На строке 24996   в файле   80-252109457
На строке 24998   в файле   80-252109458
На строке 24999   в файле   80-249394847
На строке 25000   в файле   80-249396869
На строке 25001   в файле   80-249398439
На строке 25002   в файле   80-249398518
На строке 25003   в файле   80-249321378
На строке 25004   в файле   80-260462537
На строке 25005   в файле   80-260462968
На строке 25006   в файле   80-261198151
На строке 25007   в файле   80-261214431
На строке 25008   в файле   80-249450584
На строке 25009   в файле   80-249454645
На строке 25010   в файле   80-249457679
На строке 25011   в файле   80-249460619
На строке 25012   в файле   80-249462835
На строке 25013   в файле   80-249465227
На строке 25014   в файле   80-249467050
На строке 25015   в файле   80-249469686
На строке 25016   в файле   80-261214638
На строке 25017   в файле   80-260506663
На строке 25018   в файле   80-261215130
На строке 25019   в файле   80-261215006
На строке 25020   в файле   80-260506961
На строке 25021   в файле   80-260507260
На строке 25022   в файле   80-261215109
На строке 25023   в файле   80-261268397
На строке 25024   в файле   80-260508083
На строке 25025   в файле   80-260508578
На строке 25026   в файле   80-249450739
На строке 25027   в файле   80-250990410
На строке 25028   в файле   80-250990594
На строке 25029   в файле   80-250991141
На строке 25030   в файле   80-249452266
На строке 25031   в файле   80-249452742
На строке 25032   в файле   80-249452701
На строке 25033   в файле   80-252111084
На строке 25034   в файле   80-250991622
На строке 25035   в файле   80-249454275
На строке 25036   в файле   80-250991617
На строке 25037   в файле   80-250991959
На строке 25038   в файле   80-249455640
На строке 25039   в файле   80-249455917
На строке 25040   в файле   80-249455995
На строке 25041   в файле   80-249455915
На строке 25042   в файле   80-249456530
На строке 25043   в файле   80-249456714
На строке 25044   в файле   80-249457139
На строке 25045   в файле   80-249457074
На строке 25046   в файле   80-249457659
На строке 25047   в файле   80-249458105
На строке 25048   в файле   80-249458250
На строке 25049   в файле   80-249458697
На строке 25050   в файле   80-249458879
На строке 25051   в файле   80-249459179
На строке 25052   в файле   80-249459114
На строке 25053   в файле   80-250992155
На строке 25054   в файле   80-249459722
На строке 25055   в файле   80-249460296
На строке 25056   в файле   80-249460616
На строке 25057   в файле   80-249460628
На строке 25058   в файле   80-249460915
На строке 25059   в файле   80-249461156
На строке 25060   в файле   80-249461274
На строке 25061   в файле   80-250992681
На строке 25062   в файле   80-250992980
На строке 25063   в файле   80-249462245
На строке 25065   в файле   80-249462304
На строке 25066   в файле   80-249462284
На строке 25067   в файле   80-249462980
На строке 25068   в файле   80-249463129
На строке 25070   в файле   80-249463504
На строке 25071   в файле   80-249463537
На строке 25072   в файле   80-249463729
На строке 25073   в файле   80-249464075
На строке 25074   в файле   80-249464127
На строке 25075   в файле   80-249464220
На строке 25076   в файле   80-249464264
На строке 25077   в файле   80-249465055
На строке 25078   в файле   80-249465454
На строке 25079   в файле   80-249465596
На строке 25080   в файле   80-249465612
На строке 25081   в файле   80-249465637
На строке 25082   в файле   80-249465781
На строке 25083   в файле   80-249465945
На строке 25084   в файле   80-249466097
На строке 25085   в файле   80-249466331
На строке 25086   в файле   80-249466328
На строке 25087   в файле   80-249466451
На строке 25088   в файле   80-249467354
На строке 25089   в файле   80-250994135
На строке 25090   в файле   80-249467663
На строке 25091   в файле   80-249467713
На строке 25092   в файле   80-249467674
На строке 25093   в файле   80-249468011
На строке 25094   в файле   80-249468076
На строке 25095   в файле   80-250994134
На строке 25096   в файле   80-249468827
На строке 25097   в файле   80-249468973
На строке 25098   в файле   80-249470044
На строке 25099   в файле   80-249470069
На строке 25100   в файле   80-249470427
На строке 25101   в файле   80-252111634
На строке 25102   в файле   80-252111739
На строке 25103   в файле   80-250995585
На строке 25104   в файле   80-249419453
На строке 25105   в файле   80-260473911
На строке 25106   в файле   80-249419538
На строке 25107   в файле   80-261201297
На строке 25108   в файле   80-249420922
На строке 25109   в файле   80-261201191
На строке 25110   в файле   80-249421336
На строке 25111   в файле   80-260475859
На строке 25112   в файле   80-249421787
На строке 25113   в файле   80-249422264
На строке 25114   в файле   80-260475535
На строке 25115   в файле   80-249422290
На строке 25116   в файле   80-260475558
На строке 25117   в файле   80-249423209
На строке 25118   в файле   80-261201644
На строке 25119   в файле   80-249423213
На строке 25120   в файле   80-261202018
На строке 25121   в файле   80-249423791
На строке 25122   в файле   80-261202179
На строке 25123   в файле   80-249424283
На строке 25124   в файле   80-261202208
На строке 25125   в файле   80-249425142
На строке 25126   в файле   80-249425168
На строке 25127   в файле   80-261202189
На строке 25128   в файле   80-249426098
На строке 25129   в файле   80-261202194
На строке 25130   в файле   80-249426473
На строке 25131   в файле   80-261202648
На строке 25132   в файле   80-249426965
На строке 25133   в файле   80-260479029
На строке 25134   в файле   80-249426970
На строке 25135   в файле   80-261202598
На строке 25136   в файле   80-249427029
На строке 25137   в файле   80-261202595
На строке 25138   в файле   80-249427801
На строке 25139   в файле   80-261202635
На строке 25140   в файле   80-249428277
На строке 25141   в файле   80-261203231
На строке 25142   в файле   80-249428657
На строке 25143   в файле   80-249429300
На строке 25144   в файле   80-261203633
На строке 25145   в файле   80-249429956
На строке 25146   в файле   80-260479895
На строке 25147   в файле   80-249430656
На строке 25148   в файле   80-261204107
На строке 25149   в файле   80-249431346
На строке 25150   в файле   80-260482045
На строке 25151   в файле   80-249431418
На строке 25152   в файле   80-261203634
На строке 25153   в файле   80-249431516
На строке 25154   в файле   80-261204160
На строке 25155   в файле   80-249432025
На строке 25156   в файле   80-261204326
На строке 25157   в файле   80-249432204
На строке 25158   в файле   80-261204762
На строке 25159   в файле   80-249433760
На строке 25160   в файле   80-261205018
На строке 25161   в файле   80-249434124
На строке 25162   в файле   80-261205788
На строке 25163   в файле   80-249434132
На строке 25164   в файле   80-261205454
На строке 25165   в файле   80-249434125
На строке 25166   в файле   80-261205265
На строке 25167   в файле   80-249434491
На строке 25168   в файле   80-261206381
На строке 25169   в файле   80-249434723
На строке 25170   в файле   80-261206714
На строке 25171   в файле   80-249435050
На строке 25172   в файле   80-260483901
На строке 25173   в файле   80-249435294
На строке 25174   в файле   80-261206791
На строке 25175   в файле   80-249436597
На строке 25176   в файле   80-260485381
На строке 25177   в файле   80-249436939
На строке 25178   в файле   80-261207617
На строке 25179   в файле   80-249437170
На строке 25180   в файле   80-260488103
На строке 25181   в файле   80-249437508
На строке 25182   в файле   80-260487450
На строке 25183   в файле   80-249438094
На строке 25184   в файле   80-261207955
На строке 25185   в файле   80-249438152
На строке 25186   в файле   80-260488458
На строке 25187   в файле   80-249438948
На строке 25188   в файле   80-260491052
На строке 25189   в файле   80-249439161
На строке 25190   в файле   80-260490942
На строке 25191   в файле   80-249439483
На строке 25192   в файле   80-261208500
На строке 25193   в файле   80-249439471
На строке 25194   в файле   80-260491495
На строке 25195   в файле   80-249439512
На строке 25196   в файле   80-261208380
На строке 25197   в файле   80-249439753
На строке 25198   в файле   80-260492599
На строке 25199   в файле   80-249439995
На строке 25200   в файле   80-260492656
На строке 25201   в файле   80-249440077
На строке 25202   в файле   80-261208917
На строке 25203   в файле   80-249440281
На строке 25204   в файле   80-261208747
На строке 25205   в файле   80-249440325
На строке 25206   в файле   80-261208904
На строке 25207   в файле   80-249440462
На строке 25208   в файле   80-261208741
На строке 25209   в файле   80-249440543
На строке 25210   в файле   80-261209326
На строке 25211   в файле   80-249440883
На строке 25212   в файле   80-261209380
На строке 25213   в файле   80-249442446
На строке 25214   в файле   80-249442460
На строке 25215   в файле   80-261210094
На строке 25216   в файле   80-249442925
На строке 25217   в файле   80-261210305
На строке 25218   в файле   80-249442952
На строке 25219   в файле   80-261210106
На строке 25220   в файле   80-249442970
На строке 25221   в файле   80-261267854
На строке 25222   в файле   80-249443714
На строке 25223   в файле   80-260494555
На строке 25224   в файле   80-249444026
На строке 25225   в файле   80-261211816
На строке 25226   в файле   80-249444816
На строке 25227   в файле   80-260498624
На строке 25228   в файле   80-249444823
На строке 25229   в файле   80-260497609
На строке 25230   в файле   80-249445048
На строке 25231   в файле   80-261212356
На строке 25232   в файле   80-249445344
На строке 25233   в файле   80-260500453
На строке 25234   в файле   80-249446617
На строке 25235   в файле   80-260502184
На строке 25236   в файле   80-249446836
На строке 25237   в файле   80-260502539
На строке 25238   в файле   80-249447121
На строке 25239   в файле   80-260503254
На строке 25240   в файле   80-249447199
На строке 25241   в файле   80-260503040
На строке 25242   в файле   80-249447614
На строке 25243   в файле   80-261213296
На строке 25244   в файле   80-249447785
На строке 25245   в файле   80-260503752
На строке 25246   в файле   80-249448082
На строке 25247   в файле   80-260504810
На строке 25248   в файле   80-249448083
На строке 25249   в файле   80-249448180
На строке 25250   в файле   80-261213319
На строке 25251   в файле   80-249449005
На строке 25252   в файле   80-260505448
На строке 25253   в файле   80-249449264
На строке 25254   в файле   80-261267939
На строке 25255   в файле   80-249449557
На строке 25256   в файле   80-261214596
На строке 25257   в файле   80-249424193
На строке 25258   в файле   80-260476835
На строке 25259   в файле   80-249426035
На строке 25260   в файле   80-261203138
На строке 25261   в файле   80-249436936
На строке 25262   в файле   80-261207234
На строке 25263   в файле   80-249436974
На строке 25264   в файле   80-260486042
На строке 25265   в файле   80-249438350
На строке 25266   в файле   80-260489007
На строке 25267   в файле   80-249438626
На строке 25268   в файле   80-261267656
На строке 25269   в файле   80-249438665
На строке 25270   в файле   80-260489523
На строке 25271   в файле   80-249438921
На строке 25272   в файле   80-261208475
На строке 25273   в файле   80-249442143
На строке 25274   в файле   80-261209819
На строке 25275   в файле   80-249443491
На строке 25276   в файле   80-261211430
На строке 25277   в файле   80-249444222
На строке 25278   в файле   80-260496858
На строке 25279   в файле   80-249446368
На строке 25280   в файле   80-261212848
На строке 25281   в файле   80-249448531
На строке 25282   в файле   80-260504638
На строке 25283   в файле   80-249449016
На строке 25284   в файле   80-261267851
На строке 25285   в файле   80-249437514
На строке 25286   в файле   80-260488350
На строке 25287   в файле   80-249444524
На строке 25288   в файле   80-261212009
На строке 25289   в файле   80-249448555
На строке 25290   в файле   80-260504689
На строке 25291   в файле   80-250988262
На строке 25292   в файле   80-260485257
На строке 25293   в файле   80-250988290
На строке 25294   в файле   80-261204669
На строке 25295   в файле   80-250988451
На строке 25296   в файле   80-261206107
На строке 25297   в файле   80-250988630
На строке 25298   в файле   80-261207471
На строке 25299   в файле   80-250988856
На строке 25300   в файле   80-261209079
На строке 25301   в файле   80-250988847
На строке 25302   в файле   80-260488984
На строке 25303   в файле   80-250989485
На строке 25304   в файле   80-260494311
На строке 25305   в файле   80-250988461
На строке 25306   в файле   80-261207150
На строке 25307   в файле   80-252110244
На строке 25308   в файле   80-261201730
На строке 25309   в файле   80-252110358
На строке 25310   в файле   80-260477842
На строке 25311   в файле   80-252110725
На строке 25312   в файле   80-261268008
На строке 25313   в файле   80-252110970
На строке 25314   в файле   80-261212719
На строке 25315   в файле   80-252490455
На строке 25317   в файле   80-260474416
На строке 25318   в файле   80-252490781
На строке 25319   в файле   80-261207173
На строке 25320   в файле   80-260474553
На строке 25321   в файле   80-260474855
На строке 25322   в файле   80-261199364
На строке 25323   в файле   80-249410461
На строке 25324   в файле   80-249420428
На строке 25325   в файле   80-249427791
На строке 25326   в файле   80-249429976
На строке 25327   в файле   80-249430652
На строке 25328   в файле   80-249431442
На строке 25329   в файле   80-249432374
На строке 25330   в файле   80-252490440
На строке 25331   в файле   80-261199671
На строке 25332   в файле   80-261199557
На строке 25333   в файле   80-261199755
На строке 25334   в файле   80-261199602
На строке 25335   в файле   80-261200225
На строке 25336   в файле   80-261199737
На строке 25337   в файле   80-261200373
На строке 25338   в файле   80-261200191
На строке 25339   в файле   80-261200101
На строке 25340   в файле   80-252110102
На строке 25341   в файле   80-249413784
На строке 25342   в файле   80-249413803
На строке 25343   в файле   80-249414994
На строке 25344   в файле   80-249414979
На строке 25345   в файле   80-249416020
На строке 25346   в файле   80-249416218
На строке 25347   в файле   80-250986016
На строке 25348   в файле   80-250986082
На строке 25349   в файле   80-249418946
На строке 25350   в файле   80-249422271
На строке 25351   в файле   80-249423255
На строке 25352   в файле   80-249423237
На строке 25353   в файле   80-249424356
На строке 25354   в файле   80-249424229
На строке 25355   в файле   80-249425177
На строке 25356   в файле   80-249424819
На строке 25357   в файле   80-249425552
На строке 25358   в файле   80-249425598
На строке 25359   в файле   80-249426962
На строке 25360   в файле   80-249427889
На строке 25361   в файле   80-249428549
На строке 25362   в файле   80-249428947
На строке 25363   в файле   80-249429302
На строке 25364   в файле   80-249409248
На строке 25365   в файле   80-260470817
На строке 25366   в файле   80-260470987
На строке 25367   в файле   80-261199239
На строке 25368   в файле   80-249413746
На строке 25369   в файле   80-249413841
На строке 25370   в файле   80-249414408
На строке 25371   в файле   80-249414924
На строке 25372   в файле   80-249415128
На строке 25373   в файле   80-249415609
На строке 25374   в файле   80-249416732
На строке 25375   в файле   80-249419509
На строке 25376   в файле   80-249419487
На строке 25377   в файле   80-249420369
На строке 25378   в файле   80-249420442
На строке 25379   в файле   80-249420390
На строке 25380   в файле   80-249421321
На строке 25381   в файле   80-249421350
На строке 25382   в файле   80-261198875
На строке 25383   в файле   80-260469526
На строке 25384   в файле   80-261267445
На строке 25385   в файле   80-260471060
На строке 25386   в файле   80-260470754
На строке 25387   в файле   80-249409368
На строке 25388   в файле   80-249409810
На строке 25389   в файле   80-260468813
На строке 25390   в файле   80-249410396
На строке 25391   в файле   80-249410405
На строке 25392   в файле   80-261199029
На строке 25393   в файле   80-249410536
На строке 25394   в файле   80-261198745
На строке 25395   в файле   80-250985736
На строке 25396   в файле   80-250985715
На строке 25397   в файле   80-261275071
На строке 25398   в файле   80-260469208
На строке 25399   в файле   80-261199302
На строке 25400   в файле   80-261267447
На строке 25401   в файле   80-249430359
На строке 25402   в файле   80-249431042
На строке 25403   в файле   80-250987899
На строке 25404   в файле   80-249432333
На строке 25405   в файле   80-252110504
На строке 25406   в файле   80-249434226
На строке 25407   в файле   80-249434719
На строке 25408   в файле   80-249434955
На строке 25409   в файле   80-261200585
На строке 25410   в файле   80-261200598
На строке 25411   в файле   80-249427796
На строке 25412   в файле   80-261200310
На строке 25413   в файле   80-249428597
На строке 25415   в файле   80-261200200
На строке 25416   в файле   80-249429343
На строке 25417   в файле   80-260472003
На строке 25418   в файле   80-249429954
На строке 25419   в файле   80-260472054
На строке 25420   в файле   80-261267436
На строке 25421   в файле   80-261201217
На строке 25422   в файле   80-260469989
На строке 25423   в файле   80-249429987
На строке 25424   в файле   80-249430035
На строке 25425   в файле   80-249430741
На строке 25426   в файле   80-260470578
На строке 25427   в файле   80-261115819
На строке 25428   в файле   80-251371239
На строке 25429   в файле   80-261116233
На строке 25430   в файле   80-259815633
На строке 25431   в файле   80-259816171
На строке 25432   в файле   80-259816388
На строке 25433   в файле   80-259816525
На строке 25434   в файле   80-251371245
На строке 25435   в файле   80-259816395
На строке 25436   в файле   80-259815892
На строке 25437   в файле   80-251371730
На строке 25438   в файле   80-251371719
На строке 25439   в файле   80-251372223
На строке 25440   в файле   80-251372718
На строке 25441   в файле   80-251372775
На строке 25442   в файле   80-251373199
На строке 25443   в файле   80-252334006
На строке 25444   в файле   80-251373457
На строке 25445   в файле   80-261116226
На строке 25446   в файле   80-261116527
На строке 25447   в файле   80-259815879
На строке 25448   в файле   80-259816151
На строке 25449   в файле   80-261117129
На строке 25450   в файле   80-261116533
На строке 25451   в файле   80-251371544
На строке 25452   в файле   80-261115977
На строке 25453   в файле   80-261261121
На строке 25454   в файле   80-259815898
На строке 25455   в файле   80-261261202
На строке 25456   в файле   80-261117055
На строке 25457   в файле   80-261273849
На строке 25458   в файле   80-261261272
На строке 25459   в файле   80-261116776
На строке 25460   в файле   80-261117870
На строке 25461   в файле   80-261117420
На строке 25462   в файле   80-261117723
На строке 25463   в файле   80-261117756
На строке 25464   в файле   80-251380011
На строке 25465   в файле   80-261117942
На строке 25466   в файле   80-261118095
На строке 25467   в файле   80-261117703
На строке 25468   в файле   80-261261389
На строке 25469   в файле   80-261261323
На строке 25470   в файле   80-261261507
На строке 25471   в файле   80-261118351
На строке 25472   в файле   80-252526000
На строке 25473   в файле   80-260472645
На строке 25474   в файле   80-249440776
На строке 25475   в файле   80-252110859
На строке 25476   в файле   80-249439832
На строке 25477   в файле   80-261200771
На строке 25478   в файле   80-261200788
На строке 25479   в файле   80-261200816
На строке 25480   в файле   80-249442418
На строке 25481   в файле   80-249480735
На строке 25482   в файле   80-249481367
На строке 25483   в файле   80-249483966
На строке 25484   в файле   80-249486847
На строке 25485   в файле   80-249492017
На строке 25486   в файле   80-249501812
На строке 25487   в файле   80-249506767
На строке 25488   в файле   80-260509759
На строке 25489   в файле   80-261217904
На строке 25490   в файле   80-261218078
На строке 25491   в файле   80-261218759
На строке 25492   в файле   80-261219783
На строке 25493   в файле   80-261220609
На строке 25494   в файле   80-260515293
На строке 25495   в файле   80-261223139
На строке 25496   в файле   80-261224399
На строке 25497   в файле   80-260518238
На строке 25498   в файле   80-249442420
На строке 25499   в файле   80-249447606
На строке 25500   в файле   80-249450542
На строке 25501   в файле   80-249458254
На строке 25502   в файле   80-249462275
На строке 25503   в файле   80-249469687
На строке 25504   в файле   80-250997118
На строке 25505   в файле   80-249480242
На строке 25506   в файле   80-249480358
На строке 25507   в файле   80-249480583
На строке 25508   в файле   80-250998291
На строке 25509   в файле   80-249480925
На строке 25510   в файле   80-249480733
На строке 25511   в файле   80-249480980
На строке 25512   в файле   80-249480958
На строке 25513   в файле   80-249481175
На строке 25514   в файле   80-249480930
На строке 25515   в файле   80-249481417
На строке 25516   в файле   80-250998011
На строке 25517   в файле   80-249481352
На строке 25518   в файле   80-250998538
На строке 25519   в файле   80-250998499
На строке 25520   в файле   80-249482411
На строке 25521   в файле   80-249482414
На строке 25522   в файле   80-250998496
На строке 25523   в файле   80-249482673
На строке 25524   в файле   80-249482872
На строке 25525   в файле   80-249483051
На строке 25526   в файле   80-249483314
На строке 25527   в файле   80-249483291
На строке 25528   в файле   80-249483840
На строке 25529   в файле   80-249483962
На строке 25530   в файле   80-249484013
На строке 25531   в файле   80-250998820
На строке 25532   в файле   80-250999171
На строке 25533   в файле   80-250999169
На строке 25534   в файле   80-249485410
На строке 25535   в файле   80-249485433
На строке 25536   в файле   80-249485437
На строке 25537   в файле   80-249485931
На строке 25538   в файле   80-249487090
На строке 25539   в файле   80-249487358
На строке 25540   в файле   80-249487810
На строке 25541   в файле   80-249488281
На строке 25542   в файле   80-250999763
На строке 25543   в файле   80-250999762
На строке 25544   в файле   80-250999770
На строке 25545   в файле   80-252492115
На строке 25546   в файле   80-249490617
На строке 25547   в файле   80-249490677
На строке 25548   в файле   80-249492116
На строке 25549   в файле   80-250999986
На строке 25550   в файле   80-249494665
На строке 25551   в файле   80-249494936
На строке 25552   в файле   80-249496997
На строке 25553   в файле   80-249497614
На строке 25554   в файле   80-251000338
На строке 25555   в файле   80-249498357
На строке 25556   в файле   80-252492315
На строке 25557   в файле   80-251000929
На строке 25558   в файле   80-249501816
На строке 25559   в файле   80-249502934
На строке 25560   в файле   80-249502941
На строке 25561   в файле   80-252492322
На строке 25562   в файле   80-249504464
На строке 25563   в файле   80-249505049
На строке 25564   в файле   80-249504944
На строке 25565   в файле   80-249506118
На строке 25566   в файле   80-249506189
На строке 25567   в файле   80-249505682
На строке 25568   в файле   80-252113024
На строке 25569   в файле   80-249508547
На строке 25570   в файле   80-249508080
На строке 25571   в файле   80-249509910
На строке 25572   в файле   80-249510581
На строке 25573   в файле   80-249511759
На строке 25574   в файле   80-249512763
На строке 25575   в файле   80-251002636
На строке 25576   в файле   80-249513274
На строке 25577   в файле   80-251002912
На строке 25578   в файле   80-261216326
На строке 25579   в файле   80-261216184
На строке 25580   в файле   80-261216271
На строке 25581   в файле   80-261275203
На строке 25582   в файле   80-260510999
На строке 25583   в файле   80-261216590
На строке 25584   в файле   80-261216781
На строке 25585   в файле   80-261216972
На строке 25586   в файле   80-261216957
На строке 25587   в файле   80-261217116
На строке 25588   в файле   80-261217206
На строке 25589   в файле   80-261217335
На строке 25590   в файле   80-261217462
На строке 25591   в файле   80-261217603
На строке 25592   в файле   80-260512591
На строке 25593   в файле   80-261217812
На строке 25594   в файле   80-261217973
На строке 25595   в файле   80-261218261
На строке 25596   в файле   80-261218046
На строке 25597   в файле   80-260512904
На строке 25598   в файле   80-261218194
На строке 25599   в файле   80-261218341
На строке 25600   в файле   80-261218403
На строке 25601   в файле   80-261218581
На строке 25602   в файле   80-261218272
На строке 25603   в файле   80-261218832
На строке 25604   в файле   80-261218735
На строке 25605   в файле   80-261218914
На строке 25606   в файле   80-261218627
На строке 25607   в файле   80-261218466
На строке 25608   в файле   80-261218952
На строке 25609   в файле   80-261218924
На строке 25610   в файле   80-261219086
На строке 25611   в файле   80-261219082
На строке 25612   в файле   80-261219218
На строке 25613   в файле   80-261219380
На строке 25614   в файле   80-261219587
На строке 25615   в файле   80-261219311
На строке 25616   в файле   80-261219451
На строке 25617   в файле   80-260513501
На строке 25618   в файле   80-261219915
На строке 25619   в файле   80-261219823
На строке 25620   в файле   80-261219712
На строке 25621   в файле   80-261220068
На строке 25622   в файле   80-261220064
На строке 25623   в файле   80-261220193
На строке 25624   в файле   80-261220100
На строке 25625   в файле   80-260513865
На строке 25626   в файле   80-260513928
На строке 25627   в файле   80-261220455
На строке 25628   в файле   80-261221609
На строке 25629   в файле   80-260514192
На строке 25630   в файле   80-261220663
На строке 25631   в файле   80-261221067
На строке 25632   в файле   80-260514541
На строке 25633   в файле   80-261221046
На строке 25634   в файле   80-261221080
На строке 25635   в файле   80-261221185
На строке 25636   в файле   80-261268326
На строке 25637   в файле   80-261221412
На строке 25638   в файле   80-260514664
На строке 25639   в файле   80-260515269
На строке 25640   в файле   80-261221815
На строке 25641   в файле   80-261221928
На строке 25642   в файле   80-261275283
На строке 25643   в файле   80-260515756
На строке 25644   в файле   80-261222318
На строке 25645   в файле   80-260515499
На строке 25646   в файле   80-261222164
На строке 25647   в файле   80-261222659
На строке 25648   в файле   80-261222748
На строке 25649   в файле   80-261223072
На строке 25650   в файле   80-261223157
На строке 25651   в файле   80-261223219
На строке 25652   в файле   80-261223527
На строке 25653   в файле   80-260516199
На строке 25654   в файле   80-261224052
На строке 25655   в файле   80-261223900
На строке 25656   в файле   80-261223973
На строке 25657   в файле   80-261223699
На строке 25658   в файле   80-261224201
На строке 25659   в файле   80-261224567
На строке 25660   в файле   80-261224890
На строке 25661   в файле   80-261224819
На строке 25662   в файле   80-260517673
На строке 25663   в файле   80-261225360
На строке 25664   в файле   80-261225310
На строке 25665   в файле   80-261225577
На строке 25666   в файле   80-261268758
На строке 25667   в файле   80-260518092
На строке 25668   в файле   80-261225687
На строке 25669   в файле   80-260518275
На строке 25670   в файле   80-261225759
На строке 25671   в файле   80-260518385
На строке 25672   в файле   80-261225633
На строке 25673   в файле   80-260518696
На строке 25674   в файле   80-261226123
На строке 25675   в файле   80-261226075
На строке 25676   в файле   80-261227138
На строке 25677   в файле   80-261226471
На строке 25678   в файле   80-261226596
На строке 25679   в файле   80-249443200
На строке 25680   в файле   80-249443851
На строке 25681   в файле   80-249443734
На строке 25682   в файле   80-249444245
На строке 25683   в файле   80-249445355
На строке 25684   в файле   80-250989988
На строке 25685   в файле   80-249446554
На строке 25686   в файле   80-249446613
На строке 25687   в файле   80-249447113
На строке 25688   в файле   80-249447125
На строке 25689   в файле   80-249447369
На строке 25690   в файле   80-249448788
На строке 25691   в файле   80-249448587
На строке 25692   в файле   80-250990355
На строке 25693   в файле   80-249449054
На строке 25694   в файле   80-249449315
На строке 25695   в файле   80-252110962
На строке 25696   в файле   80-249450016
На строке 25697   в файле   80-249450098
На строке 25698   в файле   80-249449911
На строке 25699   в файле   80-249450556
На строке 25700   в файле   80-249452264
На строке 25701   в файле   80-249452273
На строке 25702   в файле   80-250990951
На строке 25703   в файле   80-250990953
На строке 25704   в файле   80-249452700
На строке 25705   в файле   80-249452806
На строке 25706   в файле   80-249454198
На строке 25707   в файле   80-249454207
На строке 25708   в файле   80-249454583
На строке 25709   в файле   80-250991537
На строке 25710   в файле   80-249454587
На строке 25711   в файле   80-252111187
На строке 25712   в файле   80-249456111
На строке 25713   в файле   80-249456294
На строке 25714   в файле   80-249456755
На строке 25715   в файле   80-249457821
На строке 25716   в файле   80-249457438
На строке 25717   в файле   80-250992040
На строке 25718   в файле   80-249457861
На строке 25719   в файле   80-249457837
На строке 25720   в файле   80-249458087
На строке 25721   в файле   80-249458686
На строке 25722   в файле   80-249458499
На строке 25723   в файле   80-249459110
На строке 25724   в файле   80-249459513
На строке 25725   в файле   80-249459295
На строке 25726   в файле   80-249459516
На строке 25727   в файле   80-249459895
На строке 25728   в файле   80-249459693
На строке 25729   в файле   80-249460297
На строке 25730   в файле   80-249460302
На строке 25731   в файле   80-249460540
На строке 25732   в файле   80-250992468
На строке 25733   в файле   80-249460505
На строке 25734   в файле   80-249460918
На строке 25735   в файле   80-249460924
На строке 25736   в файле   80-249461047
На строке 25737   в файле   80-249461399
На строке 25738   в файле   80-249462293
На строке 25739   в файле   80-249462627
На строке 25740   в файле   80-249463371
На строке 25741   в файле   80-249463713
На строке 25742   в файле   80-252111528
На строке 25743   в файле   80-249463928
На строке 25744   в файле   80-249465210
На строке 25745   в файле   80-250992892
На строке 25746   в файле   80-250993199
На строке 25747   в файле   80-249465257
На строке 25748   в файле   80-249465603
На строке 25749   в файле   80-249465943
На строке 25750   в файле   80-249465974
На строке 25751   в файле   80-249466260
На строке 25752   в файле   80-249466481
На строке 25753   в файле   80-249466639
На строке 25754   в файле   80-249466849
На строке 25755   в файле   80-249466967
На строке 25756   в файле   80-249466822
На строке 25757   в файле   80-249467176
На строке 25758   в файле   80-249467375
На строке 25759   в файле   80-249468059
На строке 25760   в файле   80-249469316
На строке 25761   в файле   80-249469536
На строке 25762   в файле   80-249469006
На строке 25763   в файле   80-252491386
На строке 25764   в файле   80-249469700
На строке 25765   в файле   80-249470049
На строке 25766   в файле   80-249470407
На строке 25767   в файле   80-249473153
На строке 25768   в файле   80-250995244
На строке 25769   в файле   80-252111745
На строке 25770   в файле   80-249473376
На строке 25771   в файле   80-249473489
На строке 25772   в файле   80-249473486
На строке 25773   в файле   80-249473711
На строке 25774   в файле   80-249473892
На строке 25775   в файле   80-249473688
На строке 25776   в файле   80-249474199
На строке 25777   в файле   80-249474203
На строке 25778   в файле   80-249474566
На строке 25779   в файле   80-249474562
На строке 25780   в файле   80-249475019
На строке 25781   в файле   80-249475038
На строке 25782   в файле   80-250996901
На строке 25783   в файле   80-249475224
На строке 25784   в файле   80-249475234
На строке 25785   в файле   80-249480228
На строке 25786   в файле   80-249479979
На строке 25787   в файле   80-250997441
На строке 25788   в файле   80-250997710
На строке 25789   в файле   80-261268304
На строке 25790   в файле   80-261060841
На строке 25791   в файле   80-249964830
На строке 25792   в файле   80-249968525
На строке 25793   в файле   80-245080208
На строке 25794   в файле   80-252287430
На строке 25795   в файле   80-252288976
На строке 25796   в файле   80-252289187
На строке 25797   в файле   80-245113205
На строке 25798   в файле   80-245113938
На строке 25799   в файле   80-259543060
На строке 25800   в файле   80-261062316
На строке 25801   в файле   80-259543104
На строке 25802   в файле   80-261061289
На строке 25803   в файле   80-261061834
На строке 25804   в файле   80-261063315
На строке 25805   в файле   80-259544799
На строке 25806   в файле   80-261063175
На строке 25807   в файле   80-259545766
На строке 25808   в файле   80-259546420
На строке 25809   в файле   80-249965434
На строке 25810   в файле   80-249965864
На строке 25811   в файле   80-249965837
На строке 25812   в файле   80-249967101
На строке 25813   в файле   80-245048194
На строке 25814   в файле   80-252283967
На строке 25815   в файле   80-245049840
На строке 25816   в файле   80-249968721
На строке 25817   в файле   80-249969124
На строке 25818   в файле   80-245052532
На строке 25819   в файле   80-252284216
На строке 25820   в файле   80-249970936
На строке 25821   в файле   80-252284744
На строке 25822   в файле   80-252285045
На строке 25823   в файле   80-252285009
На строке 25824   в файле   80-252285090
На строке 25825   в файле   80-249976178
На строке 25826   в файле   80-252285547
На строке 25827   в файле   80-245076289
На строке 25828   в файле   80-245076904
На строке 25829   в файле   80-252508869
На строке 25830   в файле   80-245083754
На строке 25831   в файле   80-252596347
На строке 25832   в файле   80-249978247
На строке 25833   в файле   80-249979049
На строке 25834   в файле   80-249979482
На строке 25835   в файле   80-249980473
На строке 25836   в файле   80-245088957
На строке 25837   в файле   80-249979529
На строке 25838   в файле   80-249980914
На строке 25839   в файле   80-252287699
На строке 25840   в файле   80-249984014
На строке 25841   в файле   80-252596367
На строке 25842   в файле   80-252288160
На строке 25843   в файле   80-252288633
На строке 25844   в файле   80-252288668
На строке 25845   в файле   80-245108700
На строке 25846   в файле   80-252288982
На строке 25847   в файле   80-216527056
На строке 25848   в файле   80-249961720
На строке 25849   в файле   80-261055684
На строке 25850   в файле   80-216527061
На строке 25851   в файле   80-245034626
На строке 25852   в файле   80-261053090
На строке 25853   в файле   80-216527317
На строке 25854   в файле   80-249961702
На строке 25855   в файле   80-261055572
На строке 25856   в файле   80-216527946
На строке 25857   в файле   80-249962616
На строке 25858   в файле   80-261056930
На строке 25859   в файле   80-216527958
На строке 25860   в файле   80-249962841
На строке 25861   в файле   80-261056904
На строке 25862   в файле   80-216527964
На строке 25863   в файле   80-252283954
На строке 25864   в файле   80-259540555
На строке 25865   в файле   80-216527950
На строке 25866   в файле   80-245037198
На строке 25867   в файле   80-261056183
На строке 25868   в файле   80-216528187
На строке 25869   в файле   80-216528208
На строке 25870   в файле   80-252283946
На строке 25871   в файле   80-261060780
На строке 25872   в файле   80-216527197
На строке 25873   в файле   80-249961259
На строке 25874   в файле   80-261054076
На строке 25875   в файле   80-216527208
На строке 25876   в файле   80-245033582
На строке 25877   в файле   80-261258576
На строке 25878   в файле   80-216527214
На строке 25879   в файле   80-249961780
На строке 25880   в файле   80-261258649
На строке 25881   в файле   80-216527313
На строке 25882   в файле   80-249961892
На строке 25883   в файле   80-261054421
На строке 25884   в файле   80-216527451
На строке 25885   в файле   80-249964156
На строке 25886   в файле   80-261258854
На строке 25887   в файле   80-216527449
На строке 25888   в файле   80-252283427
На строке 25889   в файле   80-261053066
На строке 25890   в файле   80-216527963
На строке 25891   в файле   80-249962695
На строке 25892   в файле   80-261059469
На строке 25893   в файле   80-216527951
На строке 25894   в файле   80-245034097
На строке 25895   в файле   80-261053594
На строке 25896   в файле   80-216528220
На строке 25897   в файле   80-249965128
На строке 25898   в файле   80-261060646
На строке 25899   в файле   80-216527445
На строке 25900   в файле   80-249963145
На строке 25901   в файле   80-259541462
На строке 25902   в файле   80-216821745
На строке 25903   в файле   80-249962821
На строке 25904   в файле   80-261059718
На строке 25905   в файле   80-259539920
На строке 25906   в файле   80-249459811
На строке 25907   в файле   80-249459913
На строке 25908   в файле   80-250992488
На строке 25909   в файле   80-252111505
На строке 25910   в файле   80-249463695
На строке 25911   в файле   80-252111331
На строке 25912   в файле   80-249460124
На строке 25913   в файле   80-249460293
На строке 25914   в файле   80-249460908
На строке 25915   в файле   80-249462595
На строке 25916   в файле   80-249462611
На строке 25917   в файле   80-249462963
На строке 25918   в файле   80-249463331
На строке 25919   в файле   80-249463843
На строке 25920   в файле   80-260472674
На строке 25921   в файле   80-260473001
На строке 25922   в файле   80-261200978
На строке 25923   в файле   80-249458494
На строке 25924   в файле   80-260473706
На строке 25925   в файле   80-249466977
На строке 25926   в файле   80-252111430
На строке 25927   в файле   80-249469021
На строке 25928   в файле   80-249469344
На строке 25929   в файле   80-249470182
На строке 25930   в файле   80-252491438
На строке 25931   в файле   80-249470952
На строке 25932   в файле   80-250996176
На строке 25933   в файле   80-260473750
На строке 25934   в файле   80-260474221
На строке 25935   в файле   80-261201830
На строке 25936   в файле   80-261201434
На строке 25937   в файле   80-261201808
На строке 25938   в файле   80-260477516
На строке 25939   в файле   80-260476576
На строке 25940   в файле   80-261202100
На строке 25941   в файле   80-260477747
На строке 25942   в файле   80-249467183
На строке 25943   в файле   80-249467648
На строке 25944   в файле   80-249467644
На строке 25945   в файле   80-250993928
На строке 25946   в файле   80-249466667
На строке 25947   в файле   80-261200777
На строке 25948   в файле   80-261201196
На строке 25949   в файле   80-261201223
На строке 25950   в файле   80-261267300
На строке 25951   в файле   80-261203647
На строке 25952   в файле   80-249468977
На строке 25953   в файле   80-249469343
На строке 25954   в файле   80-249474072
На строке 25955   в файле   80-250996373
На строке 25956   в файле   80-249474867
На строке 25957   в файле   80-249475034
На строке 25958   в файле   80-249475045
На строке 25959   в файле   80-250997439
На строке 25960   в файле   80-252112176
На строке 25961   в файле   80-249480234
На строке 25962   в файле   80-252112179
На строке 25963   в файле   80-249480359
На строке 25964   в файле   80-249480226
На строке 25965   в файле   80-249480554
На строке 25966   в файле   80-249480548
На строке 25967   в файле   80-249480530
На строке 25968   в файле   80-260479964
На строке 25969   в файле   80-260480509
На строке 25970   в файле   80-260481298
На строке 25971   в файле   80-261204028
На строке 25972   в файле   80-261267431
На строке 25973   в файле   80-261204596
На строке 25974   в файле   80-261204494
На строке 25975   в файле   80-261204856
На строке 25976   в файле   80-261205146
На строке 25977   в файле   80-261205238
На строке 25978   в файле   80-261205240
На строке 25979   в файле   80-261205503
На строке 25980   в файле   80-261205442
На строке 25981   в файле   80-261205748
На строке 25982   в файле   80-261206138
На строке 25983   в файле   80-261206009
На строке 25984   в файле   80-261206529
На строке 25985   в файле   80-261206681
На строке 25986   в файле   80-261207059
На строке 25987   в файле   80-261267698
На строке 25988   в файле   80-249469320
На строке 25989   в файле   80-249469666
На строке 25990   в файле   80-249470084
На строке 25991   в файле   80-250995764
На строке 25992   в файле   80-249473156
На строке 25993   в файле   80-249472996
На строке 25994   в файле   80-249473132
На строке 25995   в файле   80-249473381
На строке 25996   в файле   80-249473487
На строке 25997   в файле   80-252111856
На строке 25998   в файле   80-249473504
На строке 25999   в файле   80-249473834
На строке 26000   в файле   80-249473844
На строке 26001   в файле   80-249473870
На строке 26002   в файле   80-249473996
На строке 26003   в файле   80-249474241
На строке 26004   в файле   80-252111963
На строке 26005   в файле   80-249474351
На строке 26006   в файле   80-249474384
На строке 26007   в файле   80-249474614
На строке 26008   в файле   80-252111976
На строке 26009   в файле   80-249474829
На строке 26010   в файле   80-252491685
На строке 26011   в файле   80-250996618
На строке 26012   в файле   80-252491668
На строке 26013   в файле   80-250996902
На строке 26014   в файле   80-250996905
На строке 26015   в файле   80-250997403
На строке 26016   в файле   80-249468173
На строке 26017   в файле   80-261203116
На строке 26018   в файле   80-249468010
На строке 26019   в файле   80-260477811
На строке 26020   в файле   80-260478560
На строке 26021   в файле   80-261202695
На строке 26022   в файле   80-259816385
На строке 26023   в файле   80-261211186
На строке 26024   в файле   80-261211487
На строке 26025   в файле   80-261210863
На строке 26026   в файле   80-261210951
На строке 26027   в файле   80-252491731
На строке 26028   в файле   80-249483474
На строке 26029   в файле   80-249485964
На строке 26030   в файле   80-249490712
На строке 26031   в файле   80-249498911
На строке 26032   в файле   80-249507320
На строке 26033   в файле   80-252113346
На строке 26034   в файле   80-249510570
На строке 26035   в файле   80-260495718
На строке 26036   в файле   80-260494747
На строке 26037   в файле   80-260494876
На строке 26038   в файле   80-260496016
На строке 26039   в файле   80-261268047
На строке 26040   в файле   80-261267919
На строке 26041   в файле   80-261211607
На строке 26042   в файле   80-260497310
На строке 26043   в файле   80-260497600
На строке 26044   в файле   80-261212677
На строке 26045   в файле   80-261212501
На строке 26046   в файле   80-260498819
На строке 26047   в файле   80-260498780
На строке 26048   в файле   80-260499373
На строке 26049   в файле   80-249482043
На строке 26050   в файле   80-249482417
На строке 26051   в файле   80-249482658
На строке 26052   в файле   80-249482878
На строке 26053   в файле   80-249482865
На строке 26054   в файле   80-249482855
На строке 26055   в файле   80-249483047
На строке 26056   в файле   80-249483345
На строке 26057   в файле   80-249483356
На строке 26058   в файле   80-249483492
На строке 26059   в файле   80-249483791
На строке 26060   в файле   80-249483825
На строке 26061   в файле   80-252112048
На строке 26062   в файле   80-250999181
На строке 26063   в файле   80-252492006
На строке 26064   в файле   80-249485120
На строке 26065   в файле   80-249485387
На строке 26066   в файле   80-249485435
На строке 26067   в файле   80-249485651
На строке 26068   в файле   80-249485969
На строке 26069   в файле   80-249486556
На строке 26070   в файле   80-249486594
На строке 26071   в файле   80-249486539
На строке 26072   в файле   80-250999443
На строке 26073   в файле   80-249487165
На строке 26074   в файле   80-249487414
На строке 26075   в файле   80-249487782
На строке 26076   в файле   80-249487971
На строке 26077   в файле   80-249488419
На строке 26078   в файле   80-252112620
На строке 26079   в файле   80-249491365
На строке 26080   в файле   80-252112915
На строке 26081   в файле   80-249492296
На строке 26082   в файле   80-249492423
На строке 26083   в файле   80-252112711
На строке 26084   в файле   80-249494605
На строке 26085   в файле   80-249494615
На строке 26086   в файле   80-249495426
На строке 26087   в файле   80-249495859
На строке 26088   в файле   80-249497476
На строке 26089   в файле   80-249497903
На строке 26090   в файле   80-249496239
На строке 26091   в файле   80-249499331
На строке 26092   в файле   80-251000979
На строке 26093   в файле   80-249501773
На строке 26094   в файле   80-249502880
На строке 26095   в файле   80-249502968
На строке 26096   в файле   80-249504015
На строке 26097   в файле   80-249505134
На строке 26098   в файле   80-252113127
На строке 26099   в файле   80-249506205
На строке 26100   в файле   80-252113124
На строке 26101   в файле   80-249508662
На строке 26102   в файле   80-249508675
На строке 26103   в файле   80-249509320
На строке 26104   в файле   80-250997900
На строке 26105   в файле   80-261210703
На строке 26106   в файле   80-250997950
На строке 26107   в файле   80-261209751
На строке 26108   в файле   80-261209718
На строке 26109   в файле   80-261210926
На строке 26110   в файле   80-261210263
На строке 26111   в файле   80-260504613
На строке 26112   в файле   80-252112715
На строке 26113   в файле   80-249504470
На строке 26114   в файле   80-249505116
На строке 26115   в файле   80-249506326
На строке 26116   в файле   80-249507447
На строке 26117   в файле   80-249509930
На строке 26118   в файле   80-249511244
На строке 26119   в файле   80-249511229
На строке 26120   в файле   80-249511141
На строке 26121   в файле   80-261213818
На строке 26122   в файле   80-261213565
На строке 26123   в файле   80-261213771
На строке 26124   в файле   80-261214213
На строке 26125   в файле   80-261214562
На строке 26126   в файле   80-261214957
На строке 26127   в файле   80-249494657
На строке 26128   в файле   80-249495455
На строке 26129   в файле   80-249495766
На строке 26130   в файле   80-249496148
На строке 26131   в файле   80-249496728
На строке 26132   в файле   80-249497104
На строке 26133   в файле   80-249497886
На строке 26134   в файле   80-249498017
На строке 26135   в файле   80-249499052
На строке 26136   в файле   80-249498928
На строке 26137   в файле   80-249499492
На строке 26138   в файле   80-249499310
На строке 26139   в файле   80-249501792
На строке 26140   в файле   80-249501769
На строке 26141   в файле   80-249504056
На строке 26142   в файле   80-249504116
На строке 26143   в файле   80-249486005
На строке 26144   в файле   80-249485967
На строке 26145   в файле   80-260500601
На строке 26146   в файле   80-249486266
На строке 26147   в файле   80-249486577
На строке 26148   в файле   80-260500134
На строке 26149   в файле   80-249486574
На строке 26150   в файле   80-249487079
На строке 26151   в файле   80-260500727
На строке 26152   в файле   80-249487227
На строке 26153   в файле   80-249487672
На строке 26154   в файле   80-260501936
На строке 26155   в файле   80-249488638
На строке 26156   в файле   80-249488743
На строке 26157   в файле   80-261213075
На строке 26158   в файле   80-249490715
На строке 26159   в файле   80-249491631
На строке 26160   в файле   80-261213212
На строке 26161   в файле   80-249491310
На строке 26162   в файле   80-249491385
На строке 26163   в файле   80-261213397
На строке 26164   в файле   80-249491379
На строке 26165   в файле   80-260504112
На строке 26166   в файле   80-249492152
На строке 26167   в файле   80-249492284
На строке 26168   в файле   80-261213708
На строке 26169   в файле   80-249488014
На строке 26170   в файле   80-260503252
На строке 26171   в файле   80-249490556
На строке 26172   в файле   80-261213074
На строке 26173   в файле   80-260501637
На строке 26174   в файле   80-249512499
На строке 26175   в файле   80-249512489
На строке 26176   в файле   80-261141089
На строке 26177   в файле   80-251730377
На строке 26178   в файле   80-251740691
На строке 26179   в файле   80-251747380
На строке 26180   в файле   80-251753590
На строке 26181   в файле   80-246951739
На строке 26182   в файле   80-251759381
На строке 26183   в файле   80-252404733
На строке 26184   в файле   80-251766770
На строке 26185   в файле   80-261141536
На строке 26186   в файле   80-261144007
На строке 26187   в файле   80-259978500
На строке 26188   в файле   80-259981478
На строке 26189   в файле   80-261263704
На строке 26190   в файле   80-259987379
На строке 26191   в файле   80-261151788
На строке 26192   в файле   80-259990683
На строке 26193   в файле   80-259991103
На строке 26194   в файле   80-251730963
На строке 26195   в файле   80-252540335
На строке 26196   в файле   80-246904256
На строке 26197   в файле   80-246906313
На строке 26198   в файле   80-251736325
На строке 26199   в файле   80-251738705
На строке 26200   в файле   80-246913892
На строке 26201   в файле   80-251739703
На строке 26202   в файле   80-251740800
На строке 26203   в файле   80-251740169
На строке 26204   в файле   80-251741619
На строке 26205   в файле   80-251742368
На строке 26206   в файле   80-251743657
На строке 26207   в файле   80-252543165
На строке 26208   в файле   80-251744781
На строке 26209   в файле   80-251745240
На строке 26210   в файле   80-251745694
На строке 26211   в файле   80-251746113
На строке 26212   в файле   80-251747010
На строке 26213   в файле   80-251746610
На строке 26214   в файле   80-246932032
На строке 26215   в файле   80-251748343
На строке 26216   в файле   80-246932785
На строке 26217   в файле   80-246934425
На строке 26218   в файле   80-246936862
На строке 26219   в файле   80-251750197
На строке 26220   в файле   80-251751156
На строке 26221   в файле   80-252403200
На строке 26222   в файле   80-252403842
На строке 26223   в файле   80-251752937
На строке 26224   в файле   80-251753956
На строке 26225   в файле   80-251754570
На строке 26226   в файле   80-246947063
На строке 26227   в файле   80-246947765
На строке 26228   в файле   80-246948271
На строке 26229   в файле   80-251755195
На строке 26230   в файле   80-251755474
На строке 26231   в файле   80-251755521
На строке 26232   в файле   80-246950496
На строке 26233   в файле   80-246949704
На строке 26234   в файле   80-246952405
На строке 26235   в файле   80-246956359
На строке 26236   в файле   80-251758427
На строке 26237   в файле   80-251758478
На строке 26238   в файле   80-246958537
На строке 26239   в файле   80-246959063
На строке 26240   в файле   80-251758779
На строке 26241   в файле   80-251759133
На строке 26242   в файле   80-251759728
На строке 26243   в файле   80-251759777
На строке 26244   в файле   80-251760063
На строке 26245   в файле   80-251760397
На строке 26246   в файле   80-251760377
На строке 26247   в файле   80-251760452
На строке 26248   в файле   80-251761084
На строке 26249   в файле   80-251761013
На строке 26250   в файле   80-251761306
На строке 26251   в файле   80-251762230
На строке 26252   в файле   80-251764416
На строке 26253   в файле   80-251764897
На строке 26254   в файле   80-246967780
На строке 26255   в файле   80-246967744
На строке 26256   в файле   80-246969660
На строке 26257   в файле   80-246971481
На строке 26258   в файле   80-246972906
На строке 26259   в файле   80-251765846
На строке 26260   в файле   80-251766167
На строке 26261   в файле   80-246974920
На строке 26262   в файле   80-251767319
На строке 26263   в файле   80-251768102
На строке 26264   в файле   80-251768301
На строке 26265   в файле   80-251768350
На строке 26266   в файле   80-246981606
На строке 26267   в файле   80-246982026
На строке 26268   в файле   80-251769983
На строке 26269   в файле   80-246987155
На строке 26270   в файле   80-246986252
На строке 26271   в файле   80-261141608
На строке 26272   в файле   80-261141718
На строке 26273   в файле   80-259976056
На строке 26274   в файле   80-261142217
На строке 26275   в файле   80-261142509
На строке 26276   в файле   80-259976677
На строке 26277   в файле   80-261143113
На строке 26278   в файле   80-261143293
На строке 26279   в файле   80-259977311
На строке 26280   в файле   80-261144476
На строке 26281   в файле   80-259977516
На строке 26282   в файле   80-261144274
На строке 26283   в файле   80-261144818
На строке 26284   в файле   80-261145003
На строке 26285   в файле   80-261146229
На строке 26286   в файле   80-259978378
На строке 26287   в файле   80-261145537
На строке 26288   в файле   80-261146196
На строке 26289   в файле   80-259978673
На строке 26290   в файле   80-261146556
На строке 26291   в файле   80-261147558
На строке 26292   в файле   80-261148257
На строке 26293   в файле   80-259980347
На строке 26294   в файле   80-259980459
На строке 26295   в файле   80-259980454
На строке 26296   в файле   80-261148787
На строке 26297   в файле   80-259980799
На строке 26298   в файле   80-259981737
На строке 26299   в файле   80-261149063
На строке 26300   в файле   80-261149422
На строке 26301   в файле   80-259982159
На строке 26302   в файле   80-259982252
На строке 26303   в файле   80-259982964
На строке 26304   в файле   80-259984327
На строке 26305   в файле   80-261150110
На строке 26306   в файле   80-259984998
На строке 26307   в файле   80-259985244
На строке 26308   в файле   80-259985497
На строке 26309   в файле   80-259985578
На строке 26310   в файле   80-259985870
На строке 26311   в файле   80-259986368
На строке 26312   в файле   80-259986524
На строке 26313   в файле   80-261150552
На строке 26314   в файле   80-261150718
На строке 26315   в файле   80-259988144
На строке 26316   в файле   80-261263737
На строке 26317   в файле   80-261151011
На строке 26318   в файле   80-261151169
На строке 26319   в файле   80-261151675
На строке 26320   в файле   80-251730492
На строке 26321   в файле   80-261141258
На строке 26322   в файле   80-252400601
На строке 26323   в файле   80-259975253
На строке 26324   в файле   80-261140731
На строке 26325   в файле   80-259977396
На строке 26326   в файле   80-261143555
На строке 26327   в файле   80-261145282
На строке 26328   в файле   80-261148367
На строке 26329   в файле   80-259980952
На строке 26330   в файле   80-261149663
На строке 26331   в файле   80-259984365
На строке 26332   в файле   80-261151651
На строке 26333   в файле   80-259990264
На строке 26334   в файле   80-259990936
На строке 26335   в файле   80-251732194
На строке 26336   в файле   80-251735864
На строке 26337   в файле   80-251736917
На строке 26338   в файле   80-251739184
На строке 26339   в файле   80-246915419
На строке 26340   в файле   80-251744394
На строке 26341   в файле   80-251756802
На строке 26342   в файле   80-251756672
На строке 26343   в файле   80-251757814
На строке 26344   в файле   80-251762463
На строке 26345   в файле   80-246969595
На строке 26346   в файле   80-251766535
На строке 26347   в файле   80-259978271
На строке 26348   в файле   80-261146752
На строке 26349   в файле   80-261146341
На строке 26350   в файле   80-259979008
На строке 26351   в файле   80-259978923
На строке 26352   в файле   80-261146879
На строке 26353   в файле   80-261146674
На строке 26354   в файле   80-261146941
На строке 26355   в файле   80-261147051
На строке 26356   в файле   80-259979139
На строке 26357   в файле   80-261147510
На строке 26358   в файле   80-261147392
На строке 26359   в файле   80-261147447
На строке 26360   в файле   80-261147791
На строке 26361   в файле   80-261147423
На строке 26362   в файле   80-261147872
На строке 26363   в файле   80-259979403
На строке 26364   в файле   80-259979658
На строке 26365   в файле   80-251745671
На строке 26366   в файле   80-246927855
На строке 26367   в файле   80-246929748
На строке 26368   в файле   80-246929803
На строке 26369   в файле   80-251747362
На строке 26370   в файле   80-252612183
На строке 26371   в файле   80-246931318
На строке 26372   в файле   80-251748104
На строке 26373   в файле   80-246933661
На строке 26374   в файле   80-246935152
На строке 26375   в файле   80-252543791
На строке 26376   в файле   80-252543822
На строке 26377   в файле   80-252611926
На строке 26378   в файле   80-251750262
На строке 26379   в файле   80-251750202
На строке 26380   в файле   80-246937792
На строке 26381   в файле   80-246940673
На строке 26382   в файле   80-251750938
На строке 26383   в файле   80-252403288
На строке 26384   в файле   80-251753268
На строке 26385   в файле   80-251754195
На строке 26386   в файле   80-251754825
На строке 26387   в файле   80-251754929
На строке 26388   в файле   80-251754263
На строке 26389   в файле   80-246949083
На строке 26390   в файле   80-251755873
На строке 26391   в файле   80-251755445
На строке 26392   в файле   80-251756129
На строке 26393   в файле   80-251756149
На строке 26394   в файле   80-251756092
На строке 26395   в файле   80-251757223
На строке 26396   в файле   80-251757065
На строке 26397   в файле   80-251757361
На строке 26398   в файле   80-251757642
На строке 26399   в файле   80-251758237
На строке 26400   в файле   80-246957166
На строке 26401   в файле   80-251757930
На строке 26402   в файле   80-251758471
На строке 26403   в файле   80-251759062
На строке 26404   в файле   80-251759136
На строке 26405   в файле   80-246962733
На строке 26406   в файле   80-251759787
На строке 26407   в файле   80-251760693
На строке 26408   в файле   80-251761007
На строке 26409   в файле   80-251761641
На строке 26410   в файле   80-251761709
На строке 26411   в файле   80-251762515
На строке 26412   в файле   80-252404542
На строке 26413   в файле   80-252404569
На строке 26414   в файле   80-251764412
На строке 26415   в файле   80-246966832
На строке 26416   в файле   80-246967816
На строке 26417   в файле   80-246969545
На строке 26418   в файле   80-246968733
На строке 26419   в файле   80-251764914
На строке 26420   в файле   80-251765477
На строке 26421   в файле   80-252406221
На строке 26422   в файле   80-246976441
На строке 26423   в файле   80-252405960
На строке 26424   в файле   80-246977967
На строке 26425   в файле   80-251767293
На строке 26426   в файле   80-251767291
На строке 26427   в файле   80-251767615
На строке 26428   в файле   80-251767781
На строке 26429   в файле   80-246981361
На строке 26430   в файле   80-246981396
На строке 26431   в файле   80-251768902
На строке 26432   в файле   80-246985609
На строке 26433   в файле   80-251769126
На строке 26434   в файле   80-251769469
На строке 26435   в файле   80-252405874
На строке 26436   в файле   80-251769984
На строке 26437   в файле   80-251769987
На строке 26438   в файле   80-251770204
На строке 26439   в файле   80-251770506
На строке 26440   в файле   80-246989729
На строке 26441   в файле   80-251770536
На строке 26442   в файле   80-251771004
На строке 26443   в файле   80-246990427
На строке 26444   в файле   80-251770503
На строке 26445   в файле   80-251770722
На строке 26446   в файле   80-251770982
На строке 26447   в файле   80-251770969
На строке 26448   в файле   80-246991296
На строке 26449   в файле   80-251771532
На строке 26450   в файле   80-251771465
На строке 26451   в файле   80-251771480
На строке 26452   в файле   80-251771757
На строке 26453   в файле   80-251771199
На строке 26454   в файле   80-251772005
На строке 26455   в файле   80-251772020
На строке 26456   в файле   80-246993129
На строке 26457   в файле   80-251772098
На строке 26458   в файле   80-246993253
На строке 26459   в файле   80-251772519
На строке 26460   в файле   80-251772765
На строке 26461   в файле   80-251772529
На строке 26462   в файле   80-251772597
На строке 26463   в файле   80-252406673
На строке 26464   в файле   80-251773016
На строке 26465   в файле   80-251773084
На строке 26466   в файле   80-246996473
На строке 26467   в файле   80-251773636
На строке 26468   в файле   80-251773544
На строке 26469   в файле   80-246998643
На строке 26470   в файле   80-246998693
На строке 26471   в файле   80-247000205
На строке 26472   в файле   80-251774647
На строке 26473   в файле   80-252543830
На строке 26474   в файле   80-247004662
На строке 26475   в файле   80-251775270
На строке 26476   в файле   80-251776653
На строке 26477   в файле   80-247008471
На строке 26478   в файле   80-251777387
На строке 26479   в файле   80-247009696
На строке 26480   в файле   80-247010956
На строке 26481   в файле   80-247011970
На строке 26482   в файле   80-251778135
На строке 26483   в файле   80-247015006
На строке 26484   в файле   80-251778597
На строке 26485   в файле   80-247016497
На строке 26486   в файле   80-247017776
На строке 26487   в файле   80-251779482
На строке 26488   в файле   80-247021167
На строке 26489   в файле   80-247022825
На строке 26490   в файле   80-251779927
На строке 26491   в файле   80-247024046
На строке 26492   в файле   80-251780365
На строке 26493   в файле   80-247028926
На строке 26494   в файле   80-247029502
На строке 26495   в файле   80-251781722
На строке 26496   в файле   80-252407520
На строке 26497   в файле   80-252408807
На строке 26498   в файле   80-247036839
На строке 26499   в файле   80-247036821
На строке 26500   в файле   80-251783045
На строке 26501   в файле   80-251783827
На строке 26502   в файле   80-251784087
На строке 26503   в файле   80-251784343
На строке 26504   в файле   80-247044783
На строке 26505   в файле   80-247045189
На строке 26506   в файле   80-247045422
На строке 26507   в файле   80-251744826
На строке 26508   в файле   80-261145312
На строке 26509   в файле   80-261144969
На строке 26510   в файле   80-246992642
На строке 26511   в файле   80-251772291
На строке 26512   в файле   80-251773234
На строке 26513   в файле   80-251779689
На строке 26514   в файле   80-247027438
На строке 26515   в файле   80-247027453
На строке 26516   в файле   80-260511219
На строке 26517   в файле   80-249490946
На строке 26518   в файле   80-249490228
На строке 26519   в файле   80-249501757
На строке 26520   в файле   80-249513117
На строке 26521   в файле   80-251003751
На строке 26522   в файле   80-251005330
На строке 26523   в файле   80-249527539
На строке 26524   в файле   80-249532487
На строке 26525   в файле   80-249533378
На строке 26526   в файле   80-249533460
На строке 26527   в файле   80-260511118
На строке 26528   в файле   80-260511619
На строке 26529   в файле   80-261216553
На строке 26530   в файле   80-260511639
На строке 26531   в файле   80-261216782
На строке 26532   в файле   80-260511958
На строке 26533   в файле   80-260512356
На строке 26534   в файле   80-261216965
На строке 26535   в файле   80-261217328
На строке 26536   в файле   80-261217488
На строке 26537   в файле   80-261217567
На строке 26538   в файле   80-261217659
На строке 26539   в файле   80-261217843
На строке 26540   в файле   80-261217702
На строке 26541   в файле   80-249491624
На строке 26542   в файле   80-252112805
На строке 26543   в файле   80-249494129
На строке 26544   в файле   80-249494629
На строке 26545   в файле   80-251000571
На строке 26546   в файле   80-249495330
На строке 26547   в файле   80-249496165
На строке 26548   в файле   80-249496206
На строке 26549   в файле   80-249497119
На строке 26550   в файле   80-249496545
На строке 26551   в файле   80-249498604
На строке 26552   в файле   80-249498476
На строке 26553   в файле   80-251000309
На строке 26554   в файле   80-252112914
На строке 26555   в файле   80-249502775
На строке 26556   в файле   80-249503925
На строке 26557   в файле   80-249506147
На строке 26558   в файле   80-249507499
На строке 26559   в файле   80-249507506
На строке 26560   в файле   80-249507548
На строке 26561   в файле   80-249508638
На строке 26562   в файле   80-249509122
На строке 26563   в файле   80-249509917
На строке 26564   в файле   80-249509934
На строке 26565   в файле   80-251002240
На строке 26566   в файле   80-249511151
На строке 26567   в файле   80-249512549
На строке 26568   в файле   80-251002615
На строке 26569   в файле   80-251002625
На строке 26570   в файле   80-252113313
На строке 26571   в файле   80-249513986
На строке 26572   в файле   80-251003756
На строке 26573   в файле   80-252113239
На строке 26574   в файле   80-249517403
На строке 26575   в файле   80-251003801
На строке 26576   в файле   80-249518050
На строке 26577   в файле   80-249518137
На строке 26578   в файле   80-251003750
На строке 26579   в файле   80-249517988
На строке 26580   в файле   80-249518615
На строке 26581   в файле   80-252113461
На строке 26582   в файле   80-252113531
На строке 26583   в файле   80-249518637
На строке 26584   в файле   80-251004553
На строке 26585   в файле   80-251004527
На строке 26586   в файле   80-251004546
На строке 26587   в файле   80-251004525
На строке 26588   в файле   80-249520666
На строке 26589   в файле   80-249521350
На строке 26590   в файле   80-249521323
На строке 26591   в файле   80-249521878
На строке 26592   в файле   80-251005339
На строке 26593   в файле   80-249522568
На строке 26594   в файле   80-249522575
На строке 26595   в файле   80-249523270
На строке 26596   в файле   80-249523976
На строке 26597   в файле   80-251006200
На строке 26598   в файле   80-249524693
На строке 26599   в файле   80-251006180
На строке 26600   в файле   80-249524854
На строке 26601   в файле   80-249525973
На строке 26602   в файле   80-249526263
На строке 26603   в файле   80-249526822
На строке 26604   в файле   80-249527940
На строке 26605   в файле   80-249527871
На строке 26606   в файле   80-249528663
На строке 26607   в файле   80-249529280
На строке 26608   в файле   80-249530431
На строке 26609   в файле   80-249530889
На строке 26610   в файле   80-249531836
На строке 26611   в файле   80-249487998
На строке 26612   в файле   80-260510308
На строке 26613   в файле   80-260510354
На строке 26614   в файле   80-261224739
На строке 26615   в файле   80-251005349
На строке 26616   в файле   80-249526043
На строке 26617   в файле   80-249531909
На строке 26618   в файле   80-249540589
На строке 26619   в файле   80-249549150
На строке 26620   в файле   80-249549157
На строке 26621   в файле   80-251011755
На строке 26622   в файле   80-251011942
На строке 26623   в файле   80-249560450
На строке 26624   в файле   80-252114418
На строке 26625   в файле   80-260517403
На строке 26626   в файле   80-260517296
На строке 26627   в файле   80-261224655
На строке 26628   в файле   80-261224835
На строке 26629   в файле   80-261225174
На строке 26630   в файле   80-261225095
На строке 26631   в файле   80-260517503
На строке 26632   в файле   80-261225233
На строке 26633   в файле   80-261225425
На строке 26634   в файле   80-261225152
На строке 26635   в файле   80-260518059
На строке 26636   в файле   80-260518091
На строке 26637   в файле   80-251006101
На строке 26638   в файле   80-251005302
На строке 26639   в файле   80-249522572
На строке 26640   в файле   80-249523281
На строке 26641   в файле   80-249522581
На строке 26642   в файле   80-251006142
На строке 26643   в файле   80-252113544
На строке 26644   в файле   80-249524076
На строке 26645   в файле   80-249524694
На строке 26646   в файле   80-249524681
На строке 26647   в файле   80-249526207
На строке 26648   в файле   80-249526641
На строке 26649   в файле   80-251006779
На строке 26650   в файле   80-249527249
На строке 26651   в файле   80-249528875
На строке 26652   в файле   80-249528737
На строке 26653   в файле   80-249528861
На строке 26654   в файле   80-249530289
На строке 26655   в файле   80-249530339
На строке 26656   в файле   80-249530408
На строке 26657   в файле   80-249530979
На строке 26658   в файле   80-249531709
На строке 26659   в файле   80-249533443
На строке 26660   в файле   80-251006755
На строке 26661   в файле   80-251007349
На строке 26662   в файле   80-251007385
На строке 26663   в файле   80-249536832
На строке 26664   в файле   80-249537706
На строке 26665   в файле   80-249538365
На строке 26666   в файле   80-249539111
На строке 26667   в файле   80-249539400
На строке 26668   в файле   80-249539814
На строке 26669   в файле   80-249542356
На строке 26670   в файле   80-249542021
На строке 26671   в файле   80-249543079
На строке 26672   в файле   80-249544499
На строке 26673   в файле   80-249544479
На строке 26674   в файле   80-249544496
На строке 26675   в файле   80-252113748
На строке 26676   в файле   80-249547327
На строке 26677   в файле   80-249547925
На строке 26678   в файле   80-249547812
На строке 26679   в файле   80-249550313
На строке 26680   в файле   80-251010241
На строке 26681   в файле   80-249551151
На строке 26682   в файле   80-252114244
На строке 26683   в файле   80-252114317
На строке 26684   в файле   80-249555392
На строке 26685   в файле   80-249555572
На строке 26686   в файле   80-249555544
На строке 26687   в файле   80-249555531
На строке 26688   в файле   80-249556974
На строке 26689   в файле   80-251011818
На строке 26690   в файле   80-249557348
На строке 26691   в файле   80-251012599
На строке 26692   в файле   80-252492918
На строке 26693   в файле   80-251012597
На строке 26694   в файле   80-251013419
На строке 26695   в файле   80-251013571
На строке 26696   в файле   80-249559135
На строке 26697   в файле   80-249560537
На строке 26698   в файле   80-251013439
На строке 26699   в файле   80-249521312
На строке 26700   в файле   80-260516842
На строке 26701   в файле   80-261223696
На строке 26702   в файле   80-261224111
На строке 26703   в файле   80-261224158
На строке 26704   в файле   80-261116529
На строке 26705   в файле   80-251377344
На строке 26706   в файле   ;;Собственность, № 54-54/001-54/001/457/2015-323/3 от 14.10.2015;;;https://yadi.sk/d/hqnYaTJQDXiavw;https://yadi.sk/d/m-g98q8NEU2aIg;;2022-05-30 17:52:23
На строке 26707   в файле   80-251377346
На строке 26708   в файле   80-251376702
На строке 26709   в файле   80-261116550
На строке 26710   в файле   80-261261283
На строке 26711   в файле   80-261221720
На строке 26712   в файле   80-249527379
На строке 26713   в файле   80-249537691
На строке 26714   в файле   80-249537606
На строке 26715   в файле   80-249541333
На строке 26716   в файле   80-249539679
На строке 26717   в файле   80-251007967
На строке 26718   в файле   80-251008273
На строке 26719   в файле   80-252113756
На строке 26720   в файле   80-251007970
На строке 26721   в файле   80-251008706
На строке 26722   в файле   80-252492724
На строке 26723   в файле   80-249547856
На строке 26724   в файле   80-249549740
На строке 26725   в файле   80-249548430
На строке 26726   в файле   80-251010946
На строке 26727   в файле   80-251010951
На строке 26728   в файле   80-249556236
На строке 26729   в файле   80-249556869
На строке 26730   в файле   80-261221870
На строке 26731   в файле   80-261222095
На строке 26732   в файле   80-261222233
На строке 26733   в файле   80-260515455
На строке 26734   в файле   80-261222257
На строке 26735   в файле   80-261222329
На строке 26736   в файле   80-261222718
На строке 26737   в файле   80-261222743
На строке 26738   в файле   80-261222805
На строке 26739   в файле   80-260516215
На строке 26740   в файле   80-261222717
На строке 26741   в файле   80-261223319
На строке 26742   в файле   80-261223160
На строке 26743   в файле   80-260516358
На строке 26744   в файле   80-260516583
На строке 26745   в файле   80-249529375
На строке 26746   в файле   80-249532060
На строке 26747   в файле   80-249533142
На строке 26748   в файле   80-251006784
На строке 26749   в файле   80-251006788
На строке 26750   в файле   80-251007321
На строке 26751   в файле   80-251007323
На строке 26752   в файле   80-261221727
На строке 26753   в файле   80-261219798
На строке 26754   в файле   80-249537992
На строке 26755   в файле   80-252113749
На строке 26756   в файле   80-249547814
На строке 26757   в файле   80-249547837
На строке 26758   в файле   80-249549170
На строке 26759   в файле   80-249549853
На строке 26760   в файле   80-249550746
На строке 26761   в файле   80-249551021
На строке 26762   в файле   80-249551612
На строке 26763   в файле   80-249551723
На строке 26764   в файле   80-249554643
На строке 26765   в файле   80-249555575
На строке 26766   в файле   80-261220277
На строке 26767   в файле   80-261220216
На строке 26768   в файле   80-260513934
На строке 26769   в файле   80-260514118
На строке 26770   в файле   80-261220423
На строке 26771   в файле   80-261220746
На строке 26772   в файле   80-261220460
На строке 26773   в файле   80-260514156
На строке 26774   в файле   80-261220831
На строке 26775   в файле   80-261220838
На строке 26776   в файле   80-261220778
На строке 26777   в файле   80-261221171
На строке 26778   в файле   80-261221007
На строке 26779   в файле   80-260514662
На строке 26780   в файле   80-260514734
На строке 26781   в файле   80-261221558
На строке 26782   в файле   80-249538969
На строке 26783   в файле   80-252492412
На строке 26784   в файле   80-249539789
На строке 26785   в файле   80-249540835
На строке 26786   в файле   80-249541471
На строке 26787   в файле   80-249541320
На строке 26788   в файле   80-249541239
На строке 26789   в файле   80-249542991
На строке 26790   в файле   80-249543091
На строке 26791   в файле   80-251008030
На строке 26792   в файле   80-251008623
На строке 26793   в файле   80-252492644
На строке 26794   в файле   80-249537659
На строке 26795   в файле   80-261219440
На строке 26796   в файле   80-261219335
На строке 26797   в файле   80-261219713
На строке 26798   в файле   80-261221477
На строке 26799   в файле   80-260516846
На строке 26800   в файле   80-249549323
На строке 26801   в файле   80-249550301
На строке 26802   в файле   80-251010954
На строке 26803   в файле   80-252114316
На строке 26804   в файле   80-251010956
На строке 26805   в файле   80-249557012
На строке 26806   в файле   80-251011829
На строке 26807   в файле   80-251012723
На строке 26808   в файле   80-252114518
На строке 26809   в файле   80-249559759
На строке 26810   в файле   80-251013020
На строке 26811   в файле   80-252493042
На строке 26812   в файле   80-249559800
На строке 26813   в файле   80-249560611
На строке 26814   в файле   80-251013885
На строке 26815   в файле   80-261224091
На строке 26816   в файле   80-261268415
На строке 26817   в файле   80-261224672
На строке 26818   в файле   80-252492908
На строке 26819   в файле   80-260516517
На строке 26820   в файле   80-261223553
На строке 26821   в файле   80-261223576
На строке 26822   в файле   80-261223549
На строке 26823   в файле   80-260518966
На строке 26824   в файле   80-261227349
На строке 26825   в файле   80-261268478
На строке 26826   в файле   80-260519630
На строке 26827   в файле   80-260519835
На строке 26828   в файле   80-260520145
На строке 26829   в файле   80-261227364
На строке 26830   в файле   80-249561261
На строке 26831   в файле   80-260518692
На строке 26832   в файле   80-249561389
На строке 26833   в файле   80-261226268
На строке 26834   в файле   80-249562004
На строке 26835   в файле   80-261226811
На строке 26836   в файле   80-261226088
На строке 26837   в файле   80-261226851
На строке 26838   в файле   80-249561879
На строке 26839   в файле   80-249562730
На строке 26840   в файле   80-252114516
На строке 26841   в файле   80-249563161
На строке 26842   в файле   80-249562613
На строке 26843   в файле   80-249563288
На строке 26844   в файле   80-249563406
На строке 26845   в файле   80-249563587
На строке 26846   в файле   80-249564079
На строке 26847   в файле   80-249564637
На строке 26848   в файле   80-249563971
На строке 26849   в файле   80-249564831
На строке 26850   в файле   80-249564997
На строке 26851   в файле   80-261227039
На строке 26852   в файле   80-261227150
На строке 26853   в файле   80-261226783
На строке 26854   в файле   80-260519202
На строке 26855   в файле   80-261227225
На строке 26856   в файле   80-249561891
На строке 26857   в файле   80-261226871
На строке 26858   в файле   80-249562000
На строке 26859   в файле   80-261226507
На строке 26860   в файле   80-261225967
На строке 26861   в файле   80-261225843
На строке 26862   в файле   80-261226247
На строке 26863   в файле   80-261226627
На строке 26864   в файле   80-261225881
На строке 26865   в файле   80-261226468
На строке 26866   в файле   80-260090459
На строке 26867   в файле   80-248160448
На строке 26868   в файле   80-251967287
На строке 26869   в файле   80-248166952
На строке 26870   в файле   80-248169382
На строке 26871   в файле   80-248171572
На строке 26872   в файле   80-248175722
На строке 26873   в файле   80-248178477
На строке 26874   в файле   80-251975159
На строке 26875   в файле   80-260090506
На строке 26876   в файле   80-260091526
На строке 26877   в файле   80-260092456
На строке 26878   в файле   80-260093159
На строке 26879   в файле   80-260093529
На строке 26880   в файле   80-260094438
На строке 26881   в файле   80-260095680
На строке 26882   в файле   80-260096698
На строке 26883   в файле   80-260097826
На строке 26884   в файле   80-260097951
На строке 26885   в файле   80-248160257
На строке 26886   в файле   80-251966358
На строке 26887   в файле   80-248160671
На строке 26888   в файле   80-248160824
На строке 26889   в файле   80-248161918
На строке 26890   в файле   80-248162146
На строке 26891   в файле   80-248162156
На строке 26892   в файле   80-251967465
На строке 26893   в файле   80-251966989
На строке 26894   в файле   80-248162737
На строке 26895   в файле   80-251967746
На строке 26896   в файле   80-252435817
На строке 26897   в файле   80-248164224
На строке 26898   в файле   80-248164236
На строке 26899   в файле   80-248164644
На строке 26900   в файле   80-248164641
На строке 26901   в файле   80-251969310
На строке 26902   в файле   80-251969338
На строке 26903   в файле   80-248165057
На строке 26904   в файле   80-251969463
На строке 26905   в файле   80-251969340
На строке 26906   в файле   80-248167211
На строке 26907   в файле   80-248167350
На строке 26908   в файле   80-248168008
На строке 26909   в файле   80-248168296
На строке 26910   в файле   80-248168466
На строке 26911   в файле   80-248168433
На строке 26912   в файле   80-248168409
На строке 26913   в файле   80-252437481
На строке 26914   в файле   80-248168721
На строке 26915   в файле   80-248168918
На строке 26916   в файле   80-248169960
На строке 26917   в файле   80-248169891
На строке 26918   в файле   80-248169909
На строке 26919   в файле   80-248170417
На строке 26920   в файле   80-248170569
На строке 26921   в файле   80-252559115
На строке 26922   в файле   80-248170979
На строке 26923   в файле   80-248170956
На строке 26924   в файле   80-248171108
На строке 26925   в файле   80-251972614
На строке 26926   в файле   80-248171835
На строке 26927   в файле   80-248171915
На строке 26928   в файле   80-248172052
На строке 26929   в файле   80-248172344
На строке 26930   в файле   80-248172414
На строке 26931   в файле   80-248172798
На строке 26932   в файле   80-248173065
На строке 26933   в файле   80-248173068
На строке 26934   в файле   80-248173520
На строке 26935   в файле   80-248173921
На строке 26936   в файле   80-248175679
На строке 26937   в файле   80-248176022
На строке 26938   в файле   80-248176248
На строке 26939   в файле   80-248176289
На строке 26940   в файле   80-248177007
На строке 26941   в файле   80-248177281
На строке 26942   в файле   80-248177331
На строке 26943   в файле   80-248177656
На строке 26944   в файле   80-248177840
На строке 26945   в файле   80-248178107
На строке 26946   в файле   80-248178559
На строке 26947   в файле   80-251974338
На строке 26948   в файле   80-251974232
На строке 26949   в файле   80-251974621
На строке 26950   в файле   80-251974181
На строке 26951   в файле   80-248179255
На строке 26952   в файле   80-248179561
На строке 26953   в файле   80-248179858
На строке 26954   в файле   80-251974764
На строке 26955   в файле   80-248180442
На строке 26957   в файле   80-248180432
На строке 26958   в файле   80-251975344
На строке 26959   в файле   80-248181750
На строке 26960   в файле   80-248182086
На строке 26961   в файле   80-248182167
На строке 26962   в файле   80-248182750
На строке 26963   в файле   80-248182772
На строке 26964   в файле   80-248183222
На строке 26965   в файле   80-248183462
На строке 26966   в файле   80-248183539
На строке 26967   в файле   80-248184347
На строке 26968   в файле   80-260090697
На строке 26969   в файле   80-260090709
На строке 26970   в файле   80-260090795
На строке 26971   в файле   80-260090867
На строке 26972   в файле   80-260090911
На строке 26973   в файле   80-260090989
На строке 26974   в файле   80-260091140
На строке 26975   в файле   80-260091197
На строке 26976   в файле   80-260091190
На строке 26977   в файле   80-260091402
На строке 26978   в файле   80-260091434
На строке 26979   в файле   80-260091630
На строке 26980   в файле   80-260091497
На строке 26981   в файле   80-260091696
На строке 26982   в файле   80-260091844
На строке 26983   в файле   80-260091722
На строке 26984   в файле   80-260092017
На строке 26985   в файле   80-260092195
На строке 26986   в файле   80-261162416
На строке 26987   в файле   80-260092458
На строке 26988   в файле   80-260092479
На строке 26989   в файле   80-261162598
На строке 26990   в файле   80-260092704
На строке 26991   в файле   80-260092695
На строке 26992   в файле   80-260092735
На строке 26993   в файле   80-260092734
На строке 26994   в файле   80-260092796
На строке 26995   в файле   80-260092953
На строке 26996   в файле   80-260093052
На строке 26997   в файле   80-260092949
На строке 26998   в файле   80-260093176
На строке 26999   в файле   80-260093381
На строке 27000   в файле   80-260093291
На строке 27001   в файле   80-260093442
На строке 27002   в файле   80-261162537
На строке 27003   в файле   80-261162768
На строке 27004   в файле   80-260093444
На строке 27005   в файле   80-260093643
На строке 27006   в файле   80-260093680
На строке 27007   в файле   80-260093675
На строке 27008   в файле   80-260093669
На строке 27009   в файле   80-260093721
На строке 27010   в файле   80-260093846
На строке 27011   в файле   80-260093891
На строке 27012   в файле   80-260093765
На строке 27013   в файле   80-260093995
На строке 27014   в файле   80-261162767
На строке 27015   в файле   80-260094021
На строке 27016   в файле   80-260094164
На строке 27017   в файле   80-260094178
На строке 27018   в файле   80-260094422
На строке 27019   в файле   80-260094441
На строке 27020   в файле   80-260094735
На строке 27021   в файле   80-260094994
На строке 27022   в файле   80-260095016
На строке 27023   в файле   80-260095232
На строке 27024   в файле   80-260095267
На строке 27025   в файле   80-260095189
На строке 27026   в файле   80-260095416
На строке 27027   в файле   80-260095523
На строке 27028   в файле   80-260095835
На строке 27029   в файле   80-260095797
На строке 27030   в файле   80-260095958
На строке 27031   в файле   80-260096078
На строке 27032   в файле   80-260096038
На строке 27033   в файле   80-260096153
На строке 27034   в файле   80-260096269
На строке 27035   в файле   80-260096289
На строке 27036   в файле   80-260096527
На строке 27037   в файле   80-260096699
На строке 27038   в файле   80-260096757
На строке 27039   в файле   80-260096948
На строке 27040   в файле   80-261163227
На строке 27041   в файле   80-260097094
На строке 27042   в файле   80-260097193
На строке 27043   в файле   80-260097206
На строке 27044   в файле   80-260097458
На строке 27045   в файле   80-260097429
На строке 27046   в файле   80-260097519
На строке 27047   в файле   80-260097639
На строке 27048   в файле   80-261163339
На строке 27049   в файле   80-248159557
На строке 27050   в файле   80-260090142
На строке 27051   в файле   80-248160006
На строке 27052   в файле   80-260090421
На строке 27053   в файле   80-260090179
На строке 27054   в файле   80-260090223
На строке 27055   в файле   80-260519346
На строке 27056   в файле   80-260519529
На строке 27057   в файле   80-260520966
На строке 27058   в файле   80-260521023
На строке 27059   в файле   80-260521031
На строке 27060   в файле   80-249567022
На строке 27061   в файле   80-249567720
На строке 27062   в файле   80-249567804
На строке 27063   в файле   80-249568438
На строке 27064   в файле   80-249568464
На строке 27065   в файле   80-249569380
На строке 27066   в файле   80-249569922
На строке 27067   в файле   80-249569936
На строке 27068   в файле   80-249570836
На строке 27069   в файле   80-249570009
На строке 27070   в файле   80-249570059
На строке 27071   в файле   80-249571363
На строке 27072   в файле   80-249571424
На строке 27073   в файле   80-249570774
На строке 27074   в файле   80-249571394
На строке 27075   в файле   80-249572394
На строке 27076   в файле   80-249572440
На строке 27077   в файле   80-260521371
На строке 27078   в файле   80-260520107
На строке 27079   в файле   80-260521877
На строке 27080   в файле   80-260521613
На строке 27081   в файле   80-260520404
На строке 27082   в файле   80-260520102
На строке 27083   в файле   80-260522032
На строке 27084   в файле   80-260521659
На строке 27085   в файле   80-260520418
На строке 27086   в файле   80-260520718
На строке 27087   в файле   80-249566253
На строке 27088   в файле   80-249565388
На строке 27089   в файле   80-249567027
На строке 27090   в файле   80-249567144
На строке 27091   в файле   80-249566400
На строке 27092   в файле   80-249566171
На строке 27093   в файле   80-249567816
На строке 27094   в файле   80-249568581
На строке 27095   в файле   80-249569247
На строке 27096   в файле   80-249565512
На строке 27097   в файле   80-261227027
На строке 27098   в файле   80-260519159
На строке 27099   в файле   80-260520698
На строке 27100   в файле   80-261227509
На строке 27101   в файле   80-260522242
На строке 27102   в файле   80-260522519
На строке 27103   в файле   80-260522534
На строке 27104   в файле   80-260522328
На строке 27105   в файле   80-260522430
На строке 27106   в файле   80-260522884
На строке 27107   в файле   80-261227350
На строке 27108   в файле   80-261227596
На строке 27109   в файле   80-260522886
На строке 27110   в файле   80-260522889
На строке 27111   в файле   80-260523194
На строке 27112   в файле   80-260523514
На строке 27113   в файле   80-260523147
На строке 27114   в файле   80-260523151
На строке 27115   в файле   80-260523746
На строке 27116   в файле   80-260523831
На строке 27117   в файле   80-249571608
На строке 27118   в файле   80-249572792
На строке 27119   в файле   80-249572794
На строке 27120   в файле   80-249572987
На строке 27121   в файле   80-249573560
На строке 27122   в файле   80-249573434
На строке 27123   в файле   80-249574080
На строке 27124   в файле   80-249574747
На строке 27125   в файле   80-251014449
На строке 27126   в файле   80-249575298
На строке 27127   в файле   80-249576615
На строке 27128   в файле   80-249575444
На строке 27129   в файле   80-249576017
На строке 27130   в файле   80-251014403
На строке 27131   в файле   80-260521565
На строке 27132   в файле   80-260521686
На строке 27133   в файле   80-249574724
На строке 27134   в файле   80-259838947
На строке 27135   в файле   80-249965316
На строке 27136   в файле   80-245207902
На строке 27137   в файле   80-245397992
На строке 27138   в файле   80-251324668
На строке 27139   в файле   80-251343702
На строке 27140   в файле   80-251363259
На строке 27141   в файле   80-251374120
На строке 27142   в файле   80-246745710
На строке 27143   в файле   80-259839152
На строке 27144   в файле   80-259947182
На строке 27145   в файле   80-259972007
На строке 27146   в файле   80-261147147
На строке 27147   в файле   80-260004039
На строке 27148   в файле   80-260016711
На строке 27149   в файле   80-260028085
На строке 27150   в файле   80-260039299
На строке 27151   в файле   80-260060646
На строке 27152   в файле   80-260078991
На строке 27153   в файле   80-249966343
На строке 27154   в файле   80-245070952
На строке 27155   в файле   80-245087570
На строке 27156   в файле   80-252596979
На строке 27157   в файле   80-252292828
На строке 27158   в файле   80-252294784
На строке 27159   в файле   80-252297197
На строке 27160   в файле   80-252300266
На строке 27161   в файле   80-245190306
На строке 27162   в файле   80-252306741
На строке 27163   в файле   80-252308714
На строке 27164   в файле   80-245223931
На строке 27165   в файле   80-245245879
На строке 27166   в файле   80-251208429
На строке 27167   в файле   80-252315063
На строке 27168   в файле   80-245298435
На строке 27169   в файле   80-252317202
На строке 27170   в файле   80-251251375
На строке 27171   в файле   80-251257619
На строке 27172   в файле   80-251273782
На строке 27173   в файле   80-245398392
На строке 27174   в файле   80-251291407
На строке 27175   в файле   80-245405695
На строке 27176   в файле   80-251293891
На строке 27177   в файле   80-252601868
На строке 27178   в файле   80-252324754
На строке 27179   в файле   80-251304686
На строке 27180   в файле   80-252325374
На строке 27181   в файле   80-251318299
На строке 27182   в файле   80-251321346
На строке 27183   в файле   80-251325593
На строке 27184   в файле   80-252327136
На строке 27185   в файле   80-252328198
На строке 27186   в файле   80-252328460
На строке 27187   в файле   80-251331216
На строке 27188   в файле   80-251332334
На строке 27189   в файле   80-252330192
На строке 27190   в файле   80-251336074
На строке 27191   в файле   80-251337485
На строке 27192   в файле   80-251341343
На строке 27193   в файле   80-251343821
На строке 27194   в файле   80-251346443
На строке 27195   в файле   80-245516387
На строке 27196   в файле   80-251351005
На строке 27197   в файле   80-251352291
На строке 27198   в файле   80-251354775
На строке 27199   в файле   80-251356051
На строке 27200   в файле   80-251357654
На строке 27201   в файле   80-251360148
На строке 27202   в файле   80-251362243
На строке 27203   в файле   80-251363465
На строке 27204   в файле   80-245521539
На строке 27205   в файле   80-245522212
На строке 27206   в файле   80-251365032
На строке 27207   в файле   80-251365704
На строке 27208   в файле   80-251366814
На строке 27209   в файле   80-251368462
На строке 27210   в файле   80-251369381
На строке 27211   в файле   80-251370562
На строке 27212   в файле   80-251372529
На строке 27213   в файле   80-252333970
На строке 27214   в файле   80-251375554
На строке 27215   в файле   80-251377189
На строке 27216   в файле   80-252335020
На строке 27217   в файле   80-251535163
На строке 27218   в файле   80-251538695
На строке 27219   в файле   80-251540455
На строке 27220   в файле   80-252357464
На строке 27221   в файле   80-251549734
На строке 27222   в файле   80-246740677
На строке 27223   в файле   80-251616613
На строке 27224   в файле   80-252360058
На строке 27225   в файле   80-246759394
На строке 27226   в файле   80-252608899
На строке 27227   в файле   80-246778535
На строке 27228   в файле   80-251629566
На строке 27229   в файле   80-251632546
На строке 27230   в файле   80-252609860
На строке 27231   в файле   80-252378698
На строке 27232   в файле   80-251643694
На строке 27233   в файле   80-261120323
На строке 27234   в файле   80-259848255
На строке 27235   в файле   80-261122336
На строке 27236   в файле   80-261124480
На строке 27237   в файле   80-261126437
На строке 27238   в файле   80-259920784
На строке 27239   в файле   80-259924455
На строке 27240   в файле   80-259930123
На строке 27241   в файле   80-261262440
На строке 27242   в файле   80-259941884
На строке 27243   в файле   80-259946893
На строке 27244   в файле   80-261274011
На строке 27245   в файле   80-261130805
На строке 27246   в файле   80-259950135
На строке 27247   в файле   80-261132959
На строке 27248   в файле   80-261134120
На строке 27249   в файле   80-259958259
На строке 27250   в файле   80-259962600
На строке 27251   в файле   80-261134480
На строке 27252   в файле   80-261135049
На строке 27253   в файле   80-259971661
На строке 27254   в файле   80-261137265
На строке 27255   в файле   80-261137939
На строке 27256   в файле   80-261138793
На строке 27257   в файле   80-259974031
На строке 27258   в файле   80-261140775
На строке 27259   в файле   80-261141249
На строке 27260   в файле   80-261263613
На строке 27261   в файле   80-261263708
На строке 27262   в файле   80-261145765
На строке 27263   в файле   80-261147877
На строке 27264   в файле   80-261148640
На строке 27265   в файле   80-259981551
На строке 27266   в файле   80-259984741
На строке 27267   в файле   80-261150298
На строке 27268   в файле   80-259988810
На строке 27269   в файле   80-259991372
На строке 27270   в файле   80-259993093
На строке 27271   в файле   80-259996497
На строке 27272   в файле   80-260000263
На строке 27273   в файле   80-260004158
На строке 27274   в файле   80-260005861
На строке 27275   в файле   80-260007000
На строке 27276   в файле   80-260007823
На строке 27277   в файле   80-260009717
На строке 27278   в файле   80-260011021
На строке 27279   в файле   80-260012647
На строке 27280   в файле   80-260013587
На строке 27281   в файле   80-261263944
На строке 27282   в файле   80-260015077
На строке 27283   в файле   80-260016958
На строке 27284   в файле   80-260017991
На строке 27285   в файле   80-260018636
На строке 27286   в файле   80-260019362
На строке 27287   в файле   80-260020300
На строке 27288   в файле   80-261155098
На строке 27289   в файле   80-261155338
На строке 27290   в файле   80-261264114
На строке 27291   в файле   80-260024961
На строке 27292   в файле   80-260028186
На строке 27293   в файле   80-260028894
На строке 27294   в файле   80-260029602
На строке 27295   в файле   80-260031240
На строке 27296   в файле   80-260032763
На строке 27297   в файле   80-260033607
На строке 27298   в файле   80-261156681
На строке 27299   в файле   80-260039358
На строке 27300   в файле   80-260040379
На строке 27301   в файле   80-260041316
На строке 27302   в файле   80-260043658
На строке 27303   в файле   80-260046576
На строке 27304   в файле   80-260048472
На строке 27305   в файле   80-260054723
На строке 27306   в файле   80-260057637
На строке 27307   в файле   80-260060911
На строке 27308   в файле   80-260063723
На строке 27309   в файле   80-260067079
На строке 27310   в файле   80-260070212
На строке 27311   в файле   80-260072652
На строке 27312   в файле   80-260075437
На строке 27313   в файле   80-260076418
На строке 27314   в файле   80-260077349
На строке 27315   в файле   80-260078350
На строке 27316   в файле   80-260078768
На строке 27317   в файле   80-260078851
На строке 27318   в файле   80-260079035
На строке 27319   в файле   80-260079256
На строке 27320   в файле   80-260079271
На строке 27321   в файле   80-260079378
На строке 27322   в файле   80-260079528
На строке 27323   в файле   80-260080093
На строке 27324   в файле   80-260080385
На строке 27325   в файле   80-260080441
На строке 27326   в файле   80-260080442
На строке 27327   в файле   80-249966551
На строке 27328   в файле   80-245049108
На строке 27329   в файле   80-249966982
На строке 27330   в файле   80-249968004
На строке 27331   в файле   80-249968097
На строке 27332   в файле   80-249969281
На строке 27333   в файле   80-245054916
На строке 27334   в файле   80-245057441
На строке 27335   в файле   80-249970913
На строке 27336   в файле   80-252284471
На строке 27337   в файле   80-249975545
На строке 27338   в файле   80-249976227
На строке 27339   в файле   80-245077019
На строке 27340   в файле   80-249976884
На строке 27341   в файле   80-249977434
На строке 27342   в файле   80-249978219
На строке 27343   в файле   80-252509089
На строке 27344   в файле   80-245084377
На строке 27345   в файле   80-249978222
На строке 27346   в файле   80-245085870
На строке 27347   в файле   80-252286954
На строке 27348   в файле   80-249980115
На строке 27349   в файле   80-252286952
На строке 27350   в файле   80-252287205
На строке 27351   в файле   80-252287478
На строке 27352   в файле   80-252288421
На строке 27353   в файле   80-252289197
На строке 27354   в файле   80-252289201
На строке 27355   в файле   80-252289711
На строке 27356   в файле   80-252289716
На строке 27357   в файле   80-252290189
На строке 27358   в файле   80-252290442
На строке 27359   в файле   80-245118880
На строке 27360   в файле   80-252290433
На строке 27361   в файле   80-252510161
На строке 27362   в файле   80-252510162
На строке 27363   в файле   80-245133806
На строке 27364   в файле   80-252292163
На строке 27365   в файле   80-252292144
На строке 27366   в файле   80-252292142
На строке 27367   в файле   80-252292550
На строке 27368   в файле   80-252292972
На строке 27369   в файле   80-252293436
На строке 27370   в файле   80-252293448
На строке 27371   в файле   80-252293849
На строке 27372   в файле   80-252293854
На строке 27373   в файле   80-245154917
На строке 27374   в файле   80-252294312
На строке 27375   в файле   80-252294343
На строке 27376   в файле   80-245157232
На строке 27377   в файле   80-252294793
На строке 27378   в файле   80-252295227
На строке 27379   в файле   80-252510472
На строке 27380   в файле   80-245167493
На строке 27381   в файле   80-252295666
На строке 27382   в файле   80-245168772
На строке 27383   в файле   80-252296313
На строке 27384   в файле   80-245170147
На строке 27385   в файле   80-245170822
На строке 27386   в файле   80-252296377
На строке 27387   в файле   80-252296845
На строке 27388   в файле   80-252297500
На строке 27389   в файле   80-252297599
На строке 27390   в файле   80-252510812
На строке 27391   в файле   80-252298119
На строке 27392   в файле   80-252297957
На строке 27393   в файле   80-252298393
На строке 27394   в файле   80-252298357
На строке 27395   в файле   80-245184864
На строке 27396   в файле   80-252299038
На строке 27397   в файле   80-252511192
На строке 27398   в файле   80-252300648
На строке 27399   в файле   80-252300694
На строке 27400   в файле   80-252301206
На строке 27401   в файле   80-252301737
На строке 27402   в файле   80-252302129
На строке 27403   в файле   80-252302772
На строке 27404   в файле   80-245189507
На строке 27405   в файле   80-252303274
На строке 27406   в файле   80-245189489
На строке 27407   в файле   80-252511300
На строке 27408   в файле   80-245190847
На строке 27409   в файле   80-252303701
На строке 27410   в файле   80-245191738
На строке 27411   в файле   80-245192844
На строке 27412   в файле   80-245195766
На строке 27413   в файле   80-252305506
На строке 27414   в файле   80-245196213
На строке 27415   в файле   80-245196650
На строке 27416   в файле   80-252305928
На строке 27417   в файле   80-252511932
На строке 27418   в файле   80-245201761
На строке 27419   в файле   80-245201919
На строке 27420   в файле   80-252307189
На строке 27421   в файле   80-245202452
На строке 27422   в файле   80-245202689
На строке 27423   в файле   80-252307414
На строке 27424   в файле   80-252307585
На строке 27425   в файле   80-252307779
На строке 27426   в файле   80-252308011
На строке 27427   в файле   80-245207290
На строке 27428   в файле   80-245209668
На строке 27429   в файле   80-245209922
На строке 27430   в файле   80-252308958
На строке 27431   в файле   80-252308981
На строке 27432   в файле   80-245211038
На строке 27433   в файле   80-252309173
На строке 27434   в файле   80-252309518
На строке 27435   в файле   80-252309743
На строке 27436   в файле   80-245221617
На строке 27437   в файле   80-245222431
На строке 27438   в файле   80-252310717
На строке 27439   в файле   80-252310897
На строке 27440   в файле   80-245226596
На строке 27441   в файле   80-252311277
На строке 27442   в файле   80-245227398
На строке 27443   в файле   80-252311556
На строке 27444   в файле   80-245232350
На строке 27445   в файле   80-245238229
На строке 27446   в файле   80-252513290
На строке 27447   в файле   80-245239242
На строке 27448   в файле   80-252313128
На строке 27449   в файле   80-245247111
На строке 27450   в файле   80-245247828
На строке 27451   в файле   80-245248457
На строке 27452   в файле   80-251203463
На строке 27453   в файле   80-251203893
На строке 27454   в файле   80-245251771
На строке 27455   в файле   80-245253149
На строке 27456   в файле   80-251207094
На строке 27457   в файле   80-245258715
На строке 27458   в файле   80-245264700
На строке 27459   в файле   80-251209422
На строке 27460   в файле   80-245264697
На строке 27461   в файле   80-252314486
На строке 27462   в файле   80-251211638
На строке 27463   в файле   80-251211671
На строке 27464   в файле   80-245272931
На строке 27465   в файле   80-252314782
На строке 27466   в файле   80-252314775
На строке 27467   в файле   80-252314921
На строке 27468   в файле   80-252315097
На строке 27469   в файле   80-251220471
На строке 27470   в файле   80-245281800
На строке 27471   в файле   80-245282713
На строке 27472   в файле   80-245290145
На строке 27473   в файле   80-252315760
На строке 27474   в файле   80-251227463
На строке 27475   в файле   80-245295134
На строке 27476   в файле   80-245295862
На строке 27477   в файле   80-252513501
На строке 27478   в файле   80-245299582
На строке 27479   в файле   80-252316679
На строке 27480   в файле   80-251229833
На строке 27481   в файле   80-252316662
На строке 27482   в файле   80-252316664
На строке 27483   в файле   80-251231185
На строке 27484   в файле   80-245305424
На строке 27485   в файле   80-252316872
На строке 27486   в файле   80-252317471
На строке 27487   в файле   80-245306496
На строке 27488   в файле   80-251237129
На строке 27489   в файле   80-251236989
На строке 27490   в файле   80-251238469
На строке 27491   в файле   80-252317683
На строке 27492   в файле   80-252317895
На строке 27493   в файле   80-251242425
На строке 27494   в файле   80-245333047
На строке 27495   в файле   80-252318072
На строке 27496   в файле   80-251245087
На строке 27497   в файле   80-251245693
На строке 27498   в файле   80-251250606
На строке 27499   в файле   80-251251397
На строке 27500   в файле   80-252318604
На строке 27501   в файле   80-251252853
На строке 27502   в файле   80-252318833
На строке 27503   в файле   80-252318622
На строке 27504   в файле   80-251254260
На строке 27505   в файле   80-251253648
На строке 27506   в файле   80-251255868
На строке 27507   в файле   80-252318798
На строке 27508   в файле   80-252514462
На строке 27509   в файле   80-252319026
На строке 27510   в файле   80-252319211
На строке 27511   в файле   80-252514489
На строке 27512   в файле   80-252514852
На строке 27513   в файле   80-252320370
На строке 27514   в файле   80-252514856
На строке 27515   в файле   80-251269116
На строке 27516   в файле   80-252320780
На строке 27517   в файле   80-251272527
На строке 27518   в файле   80-251272578
На строке 27519   в файле   80-252320784
На строке 27520   в файле   80-251278316
На строке 27521   в файле   80-251279679
На строке 27522   в файле   80-252321798
На строке 27523   в файле   80-252322349
На строке 27524   в файле   80-252322355
На строке 27525   в файле   80-245395686
На строке 27526   в файле   80-251282956
На строке 27527   в файле   80-252322732
На строке 27528   в файле   80-251283569
На строке 27529   в файле   80-245398542
На строке 27530   в файле   80-252322733
На строке 27531   в файле   80-251288159
На строке 27532   в файле   80-251288305
На строке 27533   в файле   80-251289442
На строке 27534   в файле   80-251290104
На строке 27535   в файле   80-251290076
На строке 27536   в файле   80-245403222
На строке 27537   в файле   80-245403616
На строке 27538   в файле   80-251290708
На строке 27539   в файле   80-251290795
На строке 27540   в файле   80-252323138
На строке 27541   в файле   80-245404155
На строке 27542   в файле   80-245404338
На строке 27543   в файле   80-251292096
На строке 27544   в файле   80-245404517
На строке 27545   в файле   80-245404918
На строке 27546   в файле   80-245405244
На строке 27547   в файле   80-252323142
На строке 27548   в файле   80-245405405
На строке 27549   в файле   80-245405606
На строке 27550   в файле   80-245405762
На строке 27551   в файле   80-251292672
На строке 27552   в файле   80-252323558
На строке 27553   в файле   80-252323559
На строке 27554   в файле   80-245406109
На строке 27555   в файле   80-245406502
На строке 27556   в файле   80-245406535
На строке 27557   в файле   80-251293241
На строке 27558   в файле   80-252323562
На строке 27559   в файле   80-251293235
На строке 27560   в файле   80-251294665
На строке 27561   в файле   80-252323597
На строке 27562   в файле   80-251294539
На строке 27563   в файле   80-251295362
На строке 27564   в файле   80-251295793
На строке 27565   в файле   80-251295267
На строке 27566   в файле   80-251295877
На строке 27567   в файле   80-252601813
На строке 27568   в файле   80-252602571
На строке 27569   в файле   80-252601891
На строке 27570   в файле   80-245414217
На строке 27571   в файле   80-245414442
На строке 27572   в файле   80-245414644
На строке 27573   в файле   80-245414603
На строке 27574   в файле   80-251300149
На строке 27575   в файле   80-251300191
На строке 27576   в файле   80-251300810
На строке 27577   в файле   80-252324771
На строке 27578   в файле   80-252324563
На строке 27579   в файле   80-251301350
На строке 27580   в файле   80-251301948
На строке 27581   в файле   80-251301911
На строке 27582   в файле   80-251302562
На строке 27583   в файле   80-251303060
На строке 27584   в файле   80-252324764
На строке 27585   в файле   80-251303490
На строке 27586   в файле   80-251303529
На строке 27587   в файле   80-251304087
На строке 27588   в файле   80-251303518
На строке 27589   в файле   80-251305333
На строке 27590   в файле   80-252325170
На строке 27591   в файле   80-251307750
На строке 27592   в файле   80-251307756
На строке 27593   в файле   80-251308950
На строке 27594   в файле   80-251309321
На строке 27595   в файле   80-251310110
На строке 27596   в файле   80-251311028
На строке 27597   в файле   80-252325630
На строке 27598   в файле   80-251312004
На строке 27599   в файле   80-252325637
На строке 27600   в файле   80-251311975
На строке 27601   в файле   80-252325642
На строке 27602   в файле   80-251312485
На строке 27603   в файле   80-251312482
На строке 27604   в файле   80-251313117
На строке 27605   в файле   80-252325598
На строке 27606   в файле   80-252325865
На строке 27607   в файле   80-251317643
На строке 27608   в файле   80-251317658
На строке 27609   в файле   80-251318993
На строке 27610   в файле   80-251319570
На строке 27611   в файле   80-251318934
На строке 27612   в файле   80-251319568
На строке 27613   в файле   80-251320255
На строке 27614   в файле   80-251320869
На строке 27615   в файле   80-251320134
На строке 27616   в файле   80-251320742
На строке 27617   в файле   80-251321292
На строке 27618   в файле   80-252326153
На строке 27619   в файле   80-252326377
На строке 27620   в файле   80-252326587
На строке 27621   в файле   80-251321851
На строке 27622   в файле   80-251322234
На строке 27623   в файле   80-251321927
На строке 27624   в файле   80-251322335
На строке 27625   в файле   80-252326608
На строке 27626   в файле   80-252326602
На строке 27627   в файле   80-251324251
На строке 27628   в файле   80-251324802
На строке 27629   в файле   80-251325697
На строке 27630   в файле   80-251325587
На строке 27631   в файле   80-251326455
На строке 27632   в файле   80-252327312
На строке 27633   в файле   80-251327281
На строке 27634   в файле   80-251326936
На строке 27635   в файле   80-251328030
На строке 27636   в файле   80-251328026
На строке 27637   в файле   80-251328927
На строке 27638   в файле   80-251328418
На строке 27639   в файле   80-252327396
На строке 27640   в файле   80-252327112
На строке 27641   в файле   80-252327654
На строке 27642   в файле   80-252327802
На строке 27643   в файле   80-252327689
На строке 27644   в файле   80-252327952
На строке 27645   в файле   80-245481368
На строке 27646   в файле   80-245481617
На строке 27647   в файле   80-245481520
На строке 27648   в файле   80-245481448
На строке 27649   в файле   80-251330038
На строке 27650   в файле   80-251330085
На строке 27651   в файле   80-251330321
На строке 27652   в файле   80-251330298
На строке 27653   в файле   80-251330579
На строке 27654   в файле   80-245482244
На строке 27655   в файле   80-245482335
На строке 27656   в файле   80-245482334
На строке 27657   в файле   80-251330594
На строке 27658   в файле   80-252328333
На строке 27659   в файле   80-245482403
На строке 27660   в файле   80-245482488
На строке 27661   в файле   80-245482483
На строке 27662   в файле   80-245482558
На строке 27663   в файле   80-252328960
На строке 27664   в файле   80-252328850
На строке 27665   в файле   80-252328412
На строке 27666   в файле   80-245482765
На строке 27667   в файле   80-251330911
На строке 27668   в файле   80-251331274
На строке 27669   в файле   80-252328931
На строке 27670   в файле   80-252329251
На строке 27671   в файле   80-252328952
На строке 27672   в файле   80-252329793
На строке 27673   в файле   80-251331501
На строке 27674   в файле   80-251331510
На строке 27675   в файле   80-252329514
На строке 27676   в файле   80-252329874
На строке 27677   в файле   80-252329536
На строке 27678   в файле   80-251332037
На строке 27679   в файле   80-252329807
На строке 27680   в файле   80-251332321
На строке 27681   в файле   80-251332599
На строке 27682   в файле   80-251332818
На строке 27683   в файле   80-251332649
На строке 27684   в файле   80-251332820
На строке 27685   в файле   80-251333170
На строке 27686   в файле   80-252516531
На строке 27687   в файле   80-251333386
На строке 27688   в файле   80-251333392
На строке 27689   в файле   80-252330116
На строке 27690   в файле   80-252330712
На строке 27691   в файле   80-251334564
На строке 27692   в файле   80-251334792
На строке 27693   в файле   80-251335049
На строке 27694   в файле   80-252330543
На строке 27695   в файле   80-251335346
На строке 27696   в файле   80-251335391
На строке 27697   в файле   80-251335593
На строке 27698   в файле   80-251335912
На строке 27699   в файле   80-251336066
На строке 27700   в файле   80-251336153
На строке 27701   в файле   80-251336504
На строке 27702   в файле   80-245499487
На строке 27703   в файле   80-245499652
На строке 27704   в файле   80-251336794
На строке 27705   в файле   80-251336782
На строке 27706   в файле   80-251337111
На строке 27707   в файле   80-245499639
На строке 27708   в файле   80-251337503
На строке 27709   в файле   80-251337805
На строке 27710   в файле   80-251338246
На строке 27711   в файле   80-252330699
На строке 27712   в файле   80-252516940
На строке 27713   в файле   80-251339929
На строке 27714   в файле   80-251340336
На строке 27715   в файле   80-251340431
На строке 27716   в файле   80-251340317
На строке 27717   в файле   80-251340603
На строке 27718   в файле   80-245507846
На строке 27719   в файле   80-251341664
На строке 27720   в файле   80-251342079
На строке 27721   в файле   80-245507965
На строке 27722   в файле   80-245508126
На строке 27723   в файле   80-245508259
На строке 27724   в файле   80-251342016
На строке 27725   в файле   80-251342724
На строке 27726   в файле   80-245509390
На строке 27727   в файле   80-251343064
На строке 27728   в файле   80-251343531
На строке 27729   в файле   80-252516959
На строке 27730   в файле   80-251344456
На строке 27731   в файле   80-251344570
На строке 27732   в файле   80-245510722
На строке 27733   в файле   80-245510734
На строке 27734   в файле   80-251344498
На строке 27735   в файле   80-251344225
На строке 27736   в файле   80-252516942
На строке 27737   в файле   80-251346034
На строке 27738   в файле   80-251346383
На строке 27739   в файле   80-251346671
На строке 27740   в файле   80-251347012
На строке 27741   в файле   80-252332093
На строке 27742   в файле   80-252332137
На строке 27743   в файле   80-245516167
На строке 27744   в файле   80-245516267
На строке 27745   в файле   80-245516382
На строке 27746   в файле   80-251348471
На строке 27747   в файле   80-251348806
На строке 27748   в файле   80-251348809
На строке 27749   в файле   80-245516871
На строке 27750   в файле   80-252523109
На строке 27751   в файле   80-245517141
На строке 27752   в файле   80-245517152
На строке 27753   в файле   80-245517422
На строке 27754   в файле   80-245517451
На строке 27755   в файле   80-251349521
На строке 27756   в файле   80-245518282
На строке 27757   в файле   80-251350434
На строке 27758   в файле   80-251351357
На строке 27759   в файле   80-251351427
На строке 27760   в файле   80-245518751
На строке 27761   в файле   80-245518771
На строке 27762   в файле   80-251352317
На строке 27763   в файле   80-251352071
На строке 27764   в файле   80-251352951
На строке 27765   в файле   80-251353027
На строке 27766   в файле   80-245519040
На строке 27767   в файле   80-251353350
На строке 27768   в файле   80-251352984
На строке 27769   в файле   80-245519188
На строке 27770   в файле   80-251353642
На строке 27771   в файле   80-251353584
На строке 27772   в файле   80-251353968
На строке 27773   в файле   80-251354217
На строке 27774   в файле   80-251354247
На строке 27775   в файле   80-251354270
На строке 27776   в файле   80-251354529
На строке 27777   в файле   80-251354846
На строке 27778   в файле   80-251354941
На строке 27779   в файле   80-251355106
На строке 27780   в файле   80-245519875
На строке 27781   в файле   80-251355461
На строке 27782   в файле   80-251356103
На строке 27783   в файле   80-251355421
На строке 27784   в файле   80-245520128
На строке 27785   в файле   80-251355471
На строке 27786   в файле   80-245520275
На строке 27787   в файле   80-251357306
На строке 27788   в файле   80-251356622
На строке 27789   в файле   80-245520390
На строке 27790   в файле   80-251357456
На строке 27791   в файле   80-251356711
На строке 27792   в файле   80-251356707
На строке 27793   в файле   80-245520521
На строке 27794   в файле   80-245520482
На строке 27795   в файле   80-251357329
На строке 27796   в файле   80-251357014
На строке 27797   в файле   80-251357854
На строке 27798   в файле   80-252333047
На строке 27799   в файле   80-251357893
На строке 27800   в файле   80-252332718
На строке 27801   в файле   80-252606686
На строке 27802   в файле   80-251359235
На строке 27803   в файле   80-251359575
На строке 27804   в файле   80-251359598
На строке 27805   в файле   80-251359850
На строке 27806   в файле   80-251360263
На строке 27807   в файле   80-251360443
На строке 27808   в файле   80-251360738
На строке 27809   в файле   80-251361076
На строке 27810   в файле   80-251360947
На строке 27811   в файле   80-251361054
На строке 27812   в файле   80-251361339
На строке 27813   в файле   80-251361951
На строке 27814   в файле   80-251361658
На строке 27815   в файле   80-251361694
На строке 27816   в файле   80-252333388
На строке 27817   в файле   80-251362203
На строке 27818   в файле   80-251362375
На строке 27819   в файле   80-251362539
На строке 27820   в файле   80-251362817
На строке 27821   в файле   80-252333640
На строке 27822   в файле   80-245520948
На строке 27823   в файле   80-251362943
На строке 27824   в файле   80-251363269
На строке 27825   в файле   80-251363118
На строке 27826   в файле   80-245521042
На строке 27827   в файле   80-252523647
На строке 27828   в файле   80-251363427
На строке 27829   в файле   80-251363603
На строке 27830   в файле   80-245521255
На строке 27831   в файле   80-251363751
На строке 27832   в файле   80-245521462
На строке 27833   в файле   80-245521466
На строке 27834   в файле   80-245521339
На строке 27835   в файле   80-251363932
На строке 27836   в файле   80-251363758
На строке 27837   в файле   80-245521634
На строке 27838   в файле   80-245521637
На строке 27839   в файле   80-251364073
На строке 27840   в файле   80-251363949
На строке 27841   в файле   80-251364218
На строке 27842   в файле   80-251364380
На строке 27843   в файле   80-251364221
На строке 27844   в файле   80-251364528
На строке 27845   в файле   80-245522109
На строке 27846   в файле   80-245522415
На строке 27847   в файле   80-245522317
На строке 27848   в файле   80-245522214
На строке 27849   в файле   80-251364669
На строке 27850   в файле   80-251364687
На строке 27851   в файле   80-251364846
На строке 27852   в файле   80-245522411
На строке 27853   в файле   80-245522505
На строке 27854   в файле   80-245522587
На строке 27855   в файле   80-245522597
На строке 27856   в файле   80-251364742
На строке 27857   в файле   80-251365019
На строке 27858   в файле   80-251365067
На строке 27859   в файле   80-251365245
На строке 27860   в файле   80-251365413
На строке 27861   в файле   80-245522792
На строке 27862   в файле   80-251365538
На строке 27863   в файле   80-251365427
На строке 27864   в файле   80-251365469
На строке 27865   в файле   80-251365668
На строке 27866   в файле   80-251365640
На строке 27867   в файле   80-251365784
На строке 27868   в файле   80-251365888
На строке 27869   в файле   80-251365899
На строке 27870   в файле   80-251365933
На строке 27871   в файле   80-251366006
На строке 27872   в файле   80-251366320
На строке 27873   в файле   80-251366245
На строке 27874   в файле   80-251366289
На строке 27875   в файле   80-251366454
На строке 27876   в файле   80-251366818
На строке 27877   в файле   80-251366811
На строке 27878   в файле   80-251367063
На строке 27879   в файле   80-251367273
На строке 27881   в файле   80-251367303
На строке 27882   в файле   80-251367552
На строке 27883   в файле   80-251367997
На строке 27884   в файле   80-251367977
На строке 27885   в файле   80-251367985
На строке 27886   в файле   80-251367983
На строке 27887   в файле   80-251368429
На строке 27888   в файле   80-251368432
На строке 27889   в файле   80-245523564
На строке 27890   в файле   80-245523760
На строке 27891   в файле   80-251368447
На строке 27892   в файле   80-251368859
На строке 27893   в файле   80-252333668
На строке 27894   в файле   80-251368856
На строке 27895   в файле   80-251368946
На строке 27896   в файле   80-245523906
На строке 27897   в файле   80-251369192
На строке 27898   в файле   80-251369402
На строке 27899   в файле   80-251369589
На строке 27900   в файле   80-251369393
На строке 27901   в файле   80-245524079
На строке 27902   в файле   80-251370071
На строке 27903   в файле   80-251370295
На строке 27904   в файле   80-251369812
На строке 27905   в файле   80-251370319
На строке 27906   в файле   80-251369856
На строке 27907   в файле   80-251370418
На строке 27908   в файле   80-251370766
На строке 27910   в файле   80-251370875
На строке 27911   в файле   80-251371080
На строке 27912   в файле   80-251371320
На строке 27913   в файле   80-251371752
На строке 27914   в файле   80-251372004
На строке 27915   в файле   80-251372278
На строке 27916   в файле   80-251372249
На строке 27917   в файле   80-252333975
На строке 27918   в файле   80-251372711
На строке 27919   в файле   80-251373191
На строке 27920   в файле   80-251373174
На строке 27921   в файле   80-251373032
На строке 27922   в файле   80-251373626
На строке 27923   в файле   80-251373637
На строке 27924   в файле   80-251373647
На строке 27925   в файле   80-252334332
На строке 27926   в файле   80-251374193
На строке 27927   в файле   80-251373872
На строке 27928   в файле   80-251374153
На строке 27929   в файле   80-251374373
На строке 27930   в файле   80-251374662
На строке 27931   в файле   80-251374560
На строке 27932   в файле   80-251374775
На строке 27933   в файле   80-251374759
На строке 27934   в файле   80-251375123
На строке 27935   в файле   80-251375019
На строке 27936   в файле   80-251375263
На строке 27937   в файле   80-251375219
На строке 27938   в файле   80-251375697
На строке 27939   в файле   80-251375702
На строке 27940   в файле   80-251375763
На строке 27941   в файле   80-251376336
На строке 27942   в файле   80-251376168
На строке 27943   в файле   80-251376177
На строке 27944   в файле   80-251376231
На строке 27945   в файле   80-252334321
На строке 27946   в файле   80-251376667
На строке 27947   в файле   80-251376843
На строке 27948   в файле   80-251376872
На строке 27949   в файле   80-251377342
На строке 27950   в файле   80-251377672
На строке 27951   в файле   80-251377823
На строке 27952   в файле   80-251377825
На строке 27953   в файле   80-251377817
На строке 27954   в файле   80-251378142
На строке 27955   в файле   80-251378371
На строке 27956   в файле   80-251378314
На строке 27957   в файле   80-251378311
На строке 27958   в файле   80-251378620
На строке 27959   в файле   80-251378852
На строке 27960   в файле   80-251378912
На строке 27961   в файле   80-251379069
На строке 27962   в файле   80-251379047
На строке 27963   в файле   80-251379344
На строке 27964   в файле   80-251379525
На строке 27965   в файле   80-251379530
На строке 27966   в файле   80-251379565
На строке 27967   в файле   80-251379825
На строке 27968   в файле   80-246717107
На строке 27969   в файле   80-252353897
На строке 27970   в файле   80-252354759
На строке 27971   в файле   80-251535244
На строке 27972   в файле   80-251534525
На строке 27973   в файле   80-251535162
На строке 27974   в файле   80-251535775
На строке 27975   в файле   80-251536385
На строке 27976   в файле   80-246719175
На строке 27977   в файле   80-252354572
На строке 27978   в файле   80-251536331
На строке 27979   в файле   80-246719730
На строке 27980   в файле   80-252526303
На строке 27981   в файле   80-252355192
На строке 27982   в файле   80-252356069
На строке 27983   в файле   80-252354535
На строке 27984   в файле   80-246723593
На строке 27985   в файле   80-246726037
На строке 27986   в файле   80-251539316
На строке 27987   в файле   80-251539932
На строке 27988   в файле   80-246725140
На строке 27989   в файле   80-251539335
На строке 27990   в файле   80-251540517
На строке 27991   в файле   80-252526037
На строке 27992   в файле   80-252356165
На строке 27993   в файле   80-251544000
На строке 27994   в файле   80-251544007
На строке 27995   в файле   80-252357841
На строке 27996   в файле   80-251543504
На строке 27997   в файле   80-246732804
На строке 27998   в файле   80-252358326
На строке 27999   в файле   80-252357593
На строке 28000   в файле   80-251545912
На строке 28001   в файле   80-246733565
На строке 28002   в файле   80-246734321
На строке 28003   в файле   80-252526569
На строке 28004   в файле   80-246735136
На строке 28005   в файле   80-246736009
На строке 28006   в файле   80-251548541
На строке 28007   в файле   80-252359229
На строке 28008   в файле   80-251547931
На строке 28009   в файле   80-251548522
На строке 28010   в файле   80-251548493
На строке 28011   в файле   80-251548904
На строке 28012   в файле   80-251549738
На строке 28013   в файле   80-251549744
На строке 28014   в файле   80-246737544
На строке 28015   в файле   80-246738151
На строке 28016   в файле   80-246739080
На строке 28017   в файле   80-251549823
На строке 28018   в файле   80-252527582
На строке 28019   в файле   80-252526070
На строке 28020   в файле   80-252359009
На строке 28021   в файле   80-252359595
На строке 28022   в файле   80-246739719
На строке 28023   в файле   80-251615183
На строке 28024   в файле   80-251615185
На строке 28025   в файле   80-251615190
На строке 28026   в файле   80-251615324
На строке 28027   в файле   80-246742485
На строке 28028   в файле   80-246743196
На строке 28029   в файле   80-251616183
На строке 28030   в файле   80-251615875
На строке 28031   в файле   80-251616028
На строке 28032   в файле   80-246743942
На строке 28033   в файле   80-251616574
На строке 28034   в файле   80-251617064
На строке 28035   в файле   80-251616860
На строке 28036   в файле   80-251617282
На строке 28037   в файле   80-251617396
На строке 28038   в файле   80-246749290
На строке 28039   в файле   80-246749937
На строке 28040   в файле   80-252388767
На строке 28041   в файле   80-251617998
На строке 28042   в файле   80-246750756
На строке 28043   в файле   80-251618594
На строке 28044   в файле   80-246752986
На строке 28045   в файле   80-251619096
На строке 28046   в файле   80-252526269
На строке 28047   в файле   80-252360050
На строке 28048   в файле   80-252526682
На строке 28049   в файле   80-252526698
На строке 28050   в файле   80-252526887
На строке 28051   в файле   80-246757198
На строке 28052   в файле   80-252527147
На строке 28053   в файле   80-251619913
На строке 28054   в файле   80-246759956
На строке 28055   в файле   80-252527783
На строке 28056   в файле   80-251620086
На строке 28057   в файле   80-246763369
На строке 28058   в файле   80-252528154
На строке 28059   в файле   80-251622507
На строке 28060   в файле   80-252528250
На строке 28061   в файле   80-252528297
На строке 28062   в файле   80-246769929
На строке 28063   в файле   80-246770705
На строке 28064   в файле   80-246771443
На строке 28065   в файле   80-252528555
На строке 28066   в файле   80-252529005
На строке 28067   в файле   80-252529106
На строке 28068   в файле   80-251624054
На строке 28069   в файле   80-251624036
На строке 28070   в файле   80-251624936
На строке 28071   в файле   80-252529362
На строке 28072   в файле   80-252529494
На строке 28073   в файле   80-251625348
На строке 28074   в файле   80-252529943
На строке 28075   в файле   80-251625863
На строке 28076   в файле   80-246782091
На строке 28077   в файле   80-252363731
На строке 28078   в файле   80-252364721
На строке 28079   в файле   80-246782745
На строке 28080   в файле   80-252364578
На строке 28081   в файле   80-252365557
На строке 28082   в файле   80-252366241
На строке 28083   в файле   80-251629568
На строке 28084   в файле   80-251630646
На строке 28085   в файле   80-251630804
На строке 28086   в файле   80-252366442
На строке 28087   в файле   80-252366266
На строке 28088   в файле   80-252367130
На строке 28089   в файле   80-252530252
На строке 28090   в файле   80-251631678
На строке 28091   в файле   80-251632142
На строке 28092   в файле   80-246790517
На строке 28093   в файле   80-246791316
На строке 28094   в файле   80-246792873
На строке 28095   в файле   80-252367785
На строке 28096   в файле   80-252369300
На строке 28097   в файле   80-252369530
На строке 28098   в файле   80-252371031
На строке 28099   в файле   80-252372166
На строке 28100   в файле   80-252369340
На строке 28101   в файле   80-246797885
На строке 28102   в файле   80-252372270
На строке 28103   в файле   80-252610479
На строке 28104   в файле   80-246805047
На строке 28105   в файле   80-246808316
На строке 28106   в файле   80-246808863
На строке 28107   в файле   80-246809512
На строке 28108   в файле   80-246810242
На строке 28109   в файле   80-252376412
На строке 28110   в файле   80-252378027
На строке 28111   в файле   80-252534806
На строке 28112   в файле   80-252377036
На строке 28113   в файле   80-252378035
На строке 28114   в файле   80-252534794
На строке 28115   в файле   80-246824889
На строке 28116   в файле   80-252381957
На строке 28117   в файле   80-252535575
На строке 28118   в файле   80-246826349
На строке 28119   в файле   80-252535672
На строке 28120   в файле   80-246826909
На строке 28121   в файле   80-246827339
На строке 28122   в файле   80-251642192
На строке 28123   в файле   80-246828343
На строке 28124   в файле   80-246828970
На строке 28125   в файле   80-246829835
На строке 28126   в файле   80-246829300
На строке 28127   в файле   80-251644436
На строке 28128   в файле   80-251645254
На строке 28129   в файле   80-251645458
На строке 28130   в файле   80-246830824
На строке 28131   в файле   80-246831134
На строке 28132   в файле   80-251646794
На строке 28133   в файле   80-246831430
На строке 28134   в файле   80-261261721
На строке 28135   в файле   80-261120680
На строке 28136   в файле   80-261120889
На строке 28137   в файле   80-261120777
На строке 28138   в файле   80-261120857
На строке 28139   в файле   80-261120877
На строке 28140   в файле   80-261121558
На строке 28141   в файле   80-261261609
На строке 28142   в файле   80-261121414
На строке 28143   в файле   80-261121794
На строке 28144   в файле   80-259848496
На строке 28145   в файле   80-259848537
На строке 28146   в файле   80-259848492
На строке 28147   в файле   80-259848718
На строке 28148   в файле   80-261121847
На строке 28149   в файле   80-261121929
На строке 28150   в файле   80-261122076
На строке 28151   в файле   80-259850239
На строке 28152   в файле   80-261122132
На строке 28153   в файле   80-259850255
На строке 28154   в файле   80-261273649
На строке 28155   в файле   80-261122852
На строке 28156   в файле   80-261123076
На строке 28157   в файле   80-261123566
На строке 28158   в файле   80-259856879
На строке 28159   в файле   80-259856883
На строке 28160   в файле   80-259857124
На строке 28161   в файле   80-259857467
На строке 28162   в файле   80-259857442
На строке 28163   в файле   80-261123857
На строке 28164   в файле   80-261123861
На строке 28165   в файле   80-261125150
На строке 28166   в файле   80-261124776
На строке 28167   в файле   80-259889001
На строке 28168   в файле   80-261125462
На строке 28169   в файле   80-261262075
На строке 28170   в файле   80-261125639
На строке 28171   в файле   80-261125984
На строке 28172   в файле   80-261126033
На строке 28173   в файле   80-261262198
На строке 28174   в файле   80-261126251
На строке 28175   в файле   80-259902532
На строке 28176   в файле   80-261126941
На строке 28177   в файле   80-261127328
На строке 28178   в файле   80-259918521
На строке 28179   в файле   80-259918511
На строке 28180   в файле   80-261127240
На строке 28181   в файле   80-259918592
На строке 28182   в файле   80-259919688
На строке 28183   в файле   80-259919419
На строке 28184   в файле   80-259920177
На строке 28185   в файле   80-261262179
На строке 28186   в файле   80-261127877
На строке 28187   в файле   80-259922059
На строке 28188   в файле   80-259922105
На строке 28189   в файле   80-259921448
На строке 28190   в файле   80-259922070
На строке 28191   в файле   80-259922593
На строке 28192   в файле   80-261127894
На строке 28193   в файле   80-259923245
На строке 28194   в файле   80-259924899
На строке 28195   в файле   80-259924422
На строке 28196   в файле   80-259925639
На строке 28197   в файле   80-259926138
На строке 28198   в файле   80-259926898
На строке 28199   в файле   80-259927322
На строке 28200   в файле   80-259927459
На строке 28201   в файле   80-259927526
На строке 28202   в файле   80-261262279
На строке 28203   в файле   80-261128522
На строке 28204   в файле   80-259929510
На строке 28205   в файле   80-259930158
На строке 28206   в файле   80-259931384
На строке 28207   в файле   80-259932574
На строке 28208   в файле   80-259933344
На строке 28209   в файле   80-259934291
На строке 28210   в файле   80-259935228
На строке 28211   в файле   80-259935412
На строке 28212   в файле   80-259936724
На строке 28213   в файле   80-261128722
На строке 28214   в файле   80-261128841
На строке 28215   в файле   80-259937241
На строке 28216   в файле   80-259936725
На строке 28217   в файле   80-259937956
На строке 28218   в файле   80-259938485
На строке 28219   в файле   80-259939102
На строке 28220   в файле   80-259939261
На строке 28221   в файле   80-259939776
На строке 28222   в файле   80-259940946
На строке 28223   в файле   80-259940952
На строке 28224   в файле   80-259942162
На строке 28225   в файле   80-259942396
На строке 28226   в файле   80-259943741
На строке 28227   в файле   80-259943297
На строке 28228   в файле   80-259943576
На строке 28229   в файле   80-259945258
На строке 28230   в файле   80-259944708
На строке 28231   в файле   80-261129713
На строке 28232   в файле   80-259944664
На строке 28233   в файле   80-261262514
На строке 28234   в файле   80-259946167
На строке 28235   в файле   80-259947215
На строке 28236   в файле   80-259947384
На строке 28237   в файле   80-261129961
На строке 28238   в файле   80-261262761
На строке 28239   в файле   80-261129830
На строке 28240   в файле   80-261130035
На строке 28241   в файле   80-261130154
На строке 28242   в файле   80-259947804
На строке 28243   в файле   80-261130226
На строке 28244   в файле   80-259948399
На строке 28245   в файле   80-261262762
На строке 28246   в файле   80-261262527
На строке 28247   в файле   80-259948410
На строке 28248   в файле   80-261263108
На строке 28249   в файле   80-261130629
На строке 28250   в файле   80-261262883
На строке 28251   в файле   80-261263007
На строке 28252   в файле   80-261130784
На строке 28253   в файле   80-261130804
На строке 28254   в файле   80-261263044
На строке 28255   в файле   80-261130939
На строке 28256   в файле   80-261131247
На строке 28257   в файле   80-261131437
На строке 28258   в файле   80-261131250
На строке 28259   в файле   80-259949683
На строке 28260   в файле   80-261131747
На строке 28261   в файле   80-259949765
На строке 28262   в файле   80-259949749
На строке 28263   в файле   80-259950421
На строке 28264   в файле   80-259950957
На строке 28265   в файле   80-261263160
На строке 28266   в файле   80-259950947
На строке 28267   в файле   80-259951259
На строке 28268   в файле   80-261131723
На строке 28269   в файле   80-261131906
На строке 28270   в файле   80-261131926
На строке 28271   в файле   80-261132245
На строке 28272   в файле   80-261132389
На строке 28273   в файле   80-259951590
На строке 28274   в файле   80-261132423
На строке 28275   в файле   80-261132945
На строке 28276   в файле   80-259951874
На строке 28277   в файле   80-261133422
На строке 28278   в файле   80-261133440
На строке 28279   в файле   80-259952270
На строке 28280   в файле   80-259953056
На строке 28281   в файле   80-261263138
На строке 28282   в файле   80-259953702
На строке 28283   в файле   80-259954695
На строке 28284   в файле   80-259954866
На строке 28285   в файле   80-259956578
На строке 28286   в файле   80-259955933
На строке 28287   в файле   80-259956876
На строке 28288   в файле   80-259956568
На строке 28289   в файле   80-259957025
На строке 28290   в файле   80-259957049
На строке 28291   в файле   80-259957134
На строке 28292   в файле   80-259958410
На строке 28293   в файле   80-259958190
На строке 28294   в файле   80-259958154
На строке 28295   в файле   80-261134015
На строке 28296   в файле   80-261133684
На строке 28297   в файле   80-259959683
На строке 28298   в файле   80-259959890
На строке 28299   в файле   80-261134105
На строке 28300   в файле   80-259960737
На строке 28301   в файле   80-259960538
На строке 28302   в файле   80-259961179
На строке 28303   в файле   80-259961743
На строке 28304   в файле   80-259962718
На строке 28305   в файле   80-259963781
На строке 28306   в файле   80-259963766
На строке 28307   в файле   80-259963577
На строке 28308   в файле   80-259964296
На строке 28309   в файле   80-259964165
На строке 28310   в файле   80-259964805
На строке 28311   в файле   80-261263284
На строке 28312   в файле   80-259965808
На строке 28313   в файле   80-259966740
На строке 28314   в файле   80-259967613
На строке 28315   в файле   80-261134415
На строке 28316   в файле   80-259969392
На строке 28317   в файле   80-259970122
На строке 28318   в файле   80-259969681
На строке 28319   в файле   80-261134567
На строке 28320   в файле   80-261135013
На строке 28321   в файле   80-261134870
На строке 28322   в файле   80-261135248
На строке 28323   в файле   80-261135117
На строке 28324   в файле   80-259970430
На строке 28325   в файле   80-261263460
На строке 28326   в файле   80-261135625
На строке 28327   в файле   80-261135270
На строке 28328   в файле   80-259970893
На строке 28329   в файле   80-261135974
На строке 28330   в файле   80-261136280
На строке 28331   в файле   80-261136087
На строке 28332   в файле   80-261136818
На строке 28333   в файле   80-261136542
На строке 28334   в файле   80-261136576
На строке 28335   в файле   80-259971594
На строке 28336   в файле   80-259971565
На строке 28337   в файле   80-261136752
На строке 28338   в файле   80-259971868
На строке 28339   в файле   80-259972744
На строке 28340   в файле   80-261137142
На строке 28341   в файле   80-259972377
На строке 28342   в файле   80-259972373
На строке 28343   в файле   80-259972261
На строке 28344   в файле   80-259972723
На строке 28345   в файле   80-261137046
На строке 28346   в файле   80-259973023
На строке 28347   в файле   80-261137948
На строке 28348   в файле   80-259973064
На строке 28349   в файле   80-261137650
На строке 28350   в файле   80-261137158
На строке 28351   в файле   80-261137514
На строке 28352   в файле   80-261137494
На строке 28353   в файле   80-261137668
На строке 28354   в файле   80-261137430
На строке 28355   в файле   80-261137902
На строке 28356   в файле   80-261263404
На строке 28357   в файле   80-261138133
На строке 28358   в файле   80-261138134
На строке 28359   в файле   80-261138598
На строке 28360   в файле   80-261138167
На строке 28361   в файле   80-261138484
На строке 28362   в файле   80-261138579
На строке 28363   в файле   80-261263430
На строке 28364   в файле   80-261139085
На строке 28365   в файле   80-261139057
На строке 28366   в файле   80-261139002
На строке 28367   в файле   80-261139512
На строке 28368   в файле   80-259973849
На строке 28369   в файле   80-261139451
На строке 28370   в файле   80-261139693
На строке 28371   в файле   80-261274103
На строке 28372   в файле   80-261140123
На строке 28373   в файле   80-261140172
На строке 28374   в файле   80-261139903
На строке 28375   в файле   80-259974105
На строке 28376   в файле   80-259974151
На строке 28377   в файле   80-259974458
На строке 28378   в файле   80-259974154
На строке 28379   в файле   80-259974543
На строке 28380   в файле   80-261140307
На строке 28381   в файле   80-259974708
На строке 28382   в файле   80-261140247
На строке 28383   в файле   80-261140222
На строке 28384   в файле   80-261140583
На строке 28385   в файле   80-259975363
На строке 28386   в файле   80-261140627
На строке 28387   в файле   80-259974844
На строке 28388   в файле   80-259975128
На строке 28389   в файле   80-259974878
На строке 28390   в файле   80-261140467
На строке 28391   в файле   80-259975311
На строке 28392   в файле   80-261141173
На строке 28393   в файле   80-261140822
На строке 28394   в файле   80-261141083
На строке 28395   в файле   80-261141585
На строке 28396   в файле   80-261141229
На строке 28397   в файле   80-259975870
На строке 28398   в файле   80-259975920
На строке 28399   в файле   80-261141684
На строке 28400   в файле   80-261141722
На строке 28401   в файле   80-259976428
На строке 28402   в файле   80-261142262
На строке 28403   в файле   80-261142214
На строке 28404   в файле   80-261142147
На строке 28405   в файле   80-261142679
На строке 28406   в файле   80-259976952
На строке 28407   в файле   80-261142672
На строке 28408   в файле   80-261142752
На строке 28409   в файле   80-259976847
На строке 28410   в файле   80-261143150
На строке 28411   в файле   80-259976885
На строке 28412   в файле   80-259977056
На строке 28413   в файле   80-261143818
На строке 28414   в файле   80-261143808
На строке 28415   в файле   80-261144446
На строке 28416   в файле   80-259977635
На строке 28417   в файле   80-259977644
На строке 28418   в файле   80-261144321
На строке 28419   в файле   80-259978025
На строке 28420   в файле   80-261144752
На строке 28421   в файле   80-259978019
На строке 28422   в файле   80-259978030
На строке 28423   в файле   80-261145077
На строке 28424   в файле   80-261145740
На строке 28425   в файле   80-261145210
На строке 28426   в файле   80-261146039
На строке 28427   в файле   80-261145677
На строке 28428   в файле   80-261145809
На строке 28429   в файле   80-261146240
На строке 28430   в файле   80-259978684
На строке 28431   в файле   80-261146421
На строке 28432   в файле   80-261146641
На строке 28433   в файле   80-261147033
На строке 28434   в файле   80-261263583
На строке 28435   в файле   80-261148133
На строке 28436   в файле   80-259979503
На строке 28437   в файле   80-259979652
На строке 28438   в файле   80-261148205
На строке 28439   в файле   80-259979814
На строке 28440   в файле   80-259979859
На строке 28441   в файле   80-259980064
На строке 28442   в файле   80-261147990
На строке 28443   в файле   80-261148333
На строке 28444   в файле   80-259980304
На строке 28445   в файле   80-259980074
На строке 28446   в файле   80-259980242
На строке 28447   в файле   80-261148789
На строке 28448   в файле   80-261148808
На строке 28449   в файле   80-261148774
На строке 28450   в файле   80-259980832
На строке 28451   в файле   80-261149082
На строке 28452   в файле   80-259981011
На строке 28453   в файле   80-259981041
На строке 28454   в файле   80-261263721
На строке 28455   в файле   80-259981599
На строке 28456   в файле   80-259981709
На строке 28457   в файле   80-259982348
На строке 28458   в файле   80-261149233
На строке 28459   в файле   80-261149475
На строке 28460   в файле   80-259983405
На строке 28461   в файле   80-259983305
На строке 28462   в файле   80-259983424
На строке 28463   в файле   80-259983888
На строке 28464   в файле   80-259984302
На строке 28465   в файле   80-261149694
На строке 28466   в файле   80-259985022
На строке 28467   в файле   80-259984943
На строке 28468   в файле   80-259985399
На строке 28469   в файле   80-259985517
На строке 28470   в файле   80-259985935
На строке 28471   в файле   80-261149908
На строке 28472   в файле   80-261150139
На строке 28473   в файле   80-259986141
На строке 28474   в файле   80-259986596
На строке 28475   в файле   80-259987518
На строке 28476   в файле   80-259987301
На строке 28477   в файле   80-261150557
На строке 28478   в файле   80-261150336
На строке 28479   в файле   80-261150561
На строке 28480   в файле   80-259987788
На строке 28481   в файле   80-259988369
На строке 28482   в файле   80-259988070
На строке 28483   в файле   80-259988155
На строке 28484   в файле   80-259988844
На строке 28485   в файле   80-259989402
На строке 28486   в файле   80-259989062
На строке 28487   в файле   80-259989788
На строке 28488   в файле   80-261151188
На строке 28489   в файле   80-261151409
На строке 28490   в файле   80-261151898
На строке 28491   в файле   80-259990692
На строке 28492   в файле   80-259991128
На строке 28493   в файле   80-259991161
На строке 28494   в файле   80-261152103
На строке 28495   в файле   80-259991847
На строке 28496   в файле   80-259991592
На строке 28497   в файле   80-259992091
На строке 28498   в файле   80-259992406
На строке 28499   в файле   80-261151808
На строке 28500   в файле   80-259992315
На строке 28501   в файле   80-259992490
На строке 28502   в файле   80-259992813
На строке 28503   в файле   80-261152181
На строке 28504   в файле   80-259992885
На строке 28505   в файле   80-259993115
На строке 28506   в файле   80-259993694
На строке 28507   в файле   80-259993930
На строке 28508   в файле   80-259993816
На строке 28509   в файле   80-259996103
На строке 28510   в файле   80-259996218
На строке 28511   в файле   80-259995778
На строке 28512   в файле   80-259996001
На строке 28513   в файле   80-259996264
На строке 28514   в файле   80-261263859
На строке 28515   в файле   80-259996921
На строке 28516   в файле   80-259996991
На строке 28517   в файле   80-259997217
На строке 28518   в файле   80-259997954
На строке 28519   в файле   80-259997936
На строке 28520   в файле   80-259998391
На строке 28521   в файле   80-259998834
На строке 28522   в файле   80-259998710
На строке 28523   в файле   80-259999323
На строке 28524   в файле   80-259999786
На строке 28525   в файле   80-260001369
На строке 28526   в файле   80-260001885
На строке 28527   в файле   80-261153553
На строке 28528   в файле   80-260002289
На строке 28529   в файле   80-260002774
На строке 28530   в файле   80-261153344
На строке 28531   в файле   80-260003205
На строке 28532   в файле   80-260003598
На строке 28533   в файле   80-260003943
На строке 28534   в файле   80-260004396
На строке 28535   в файле   80-261153629
На строке 28536   в файле   80-260004795
На строке 28537   в файле   80-260004952
На строке 28538   в файле   80-260004953
На строке 28539   в файле   80-260004948
На строке 28540   в файле   80-260005141
На строке 28541   в файле   80-260005320
На строке 28542   в файле   80-260005277
На строке 28543   в файле   80-260005317
На строке 28544   в файле   80-260005665
На строке 28545   в файле   80-260005699
На строке 28546   в файле   80-260006271
На строке 28547   в файле   80-261153798
На строке 28548   в файле   80-260005995
На строке 28549   в файле   80-261153973
На строке 28550   в файле   80-261153999
На строке 28551   в файле   80-260006655
На строке 28552   в файле   80-260006872
На строке 28553   в файле   80-260007142
На строке 28554   в файле   80-261263955
На строке 28555   в файле   80-260007251
На строке 28556   в файле   80-260007390
На строке 28557   в файле   80-260007698
На строке 28558   в файле   80-260007898
На строке 28559   в файле   80-260008060
На строке 28560   в файле   80-260008387
На строке 28561   в файле   80-260008369
На строке 28562   в файле   80-260008630
На строке 28563   в файле   80-260008871
На строке 28564   в файле   80-260008987
На строке 28565   в файле   80-260009231
На строке 28566   в файле   80-260009325
На строке 28567   в файле   80-260009654
На строке 28568   в файле   80-261154486
На строке 28569   в файле   80-260010005
На строке 28570   в файле   80-260010057
На строке 28571   в файле   80-260010354
На строке 28572   в файле   80-260010369
На строке 28573   в файле   80-260010438
На строке 28574   в файле   80-260010670
На строке 28575   в файле   80-260010769
На строке 28576   в файле   80-260011212
На строке 28577   в файле   80-260011237
На строке 28578   в файле   80-260011518
На строке 28579   в файле   80-260011569
На строке 28580   в файле   80-260011885
На строке 28581   в файле   80-261154496
На строке 28582   в файле   80-260012093
На строке 28583   в файле   80-261154524
На строке 28584   в файле   80-261154445
На строке 28585   в файле   80-260012782
На строке 28586   в файле   80-260012870
На строке 28587   в файле   80-260013286
На строке 28588   в файле   80-260013195
На строке 28589   в файле   80-260013318
На строке 28590   в файле   80-260013357
На строке 28591   в файле   80-260013520
На строке 28592   в файле   80-260013516
На строке 28593   в файле   80-260013640
На строке 28594   в файле   80-260013729
На строке 28595   в файле   80-261154645
На строке 28596   в файле   80-260013841
На строке 28597   в файле   80-260014145
На строке 28598   в файле   80-260014148
На строке 28599   в файле   80-261154724
На строке 28600   в файле   80-260014156
На строке 28601   в файле   80-260014321
На строке 28602   в файле   80-260014443
На строке 28603   в файле   80-260014436
На строке 28604   в файле   80-260014545
На строке 28605   в файле   80-260014567
На строке 28606   в файле   80-260014624
На строке 28607   в файле   80-261154939
На строке 28608   в файле   80-260014774
На строке 28609   в файле   80-260014738
На строке 28610   в файле   80-260014889
На строке 28611   в файле   80-261154895
На строке 28612   в файле   80-260015413
На строке 28613   в файле   80-260015432
На строке 28614   в файле   80-261274207
На строке 28615   в файле   80-260015931
На строке 28616   в файле   80-260016048
На строке 28617   в файле   80-260016097
На строке 28618   в файле   80-260016393
На строке 28619   в файле   80-260016433
На строке 28620   в файле   80-260017000
На строке 28621   в файле   80-260017093
На строке 28622   в файле   80-260017278
На строке 28623   в файле   80-260017292
На строке 28624   в файле   80-260017321
На строке 28625   в файле   80-260017425
На строке 28626   в файле   80-260017621
На строке 28627   в файле   80-260017717
На строке 28628   в файле   80-260017950
На строке 28629   в файле   80-260018028
На строке 28630   в файле   80-260018041
На строке 28631   в файле   80-260018225
На строке 28632   в файле   80-260018313
На строке 28633   в файле   80-260018328
На строке 28634   в файле   80-260018344
На строке 28635   в файле   80-260018391
На строке 28636   в файле   80-260018554
На строке 28637   в файле   80-260018647
На строке 28638   в файле   80-260018632
На строке 28639   в файле   80-260018646
На строке 28640   в файле   80-260018883
На строке 28641   в файле   80-260018960
На строке 28642   в файле   80-260019006
На строке 28643   в файле   80-260019044
На строке 28644   в файле   80-260019268
На строке 28645   в файле   80-260019340
На строке 28646   в файле   80-260019395
На строке 28647   в файле   80-260019662
На строке 28648   в файле   80-260019871
На строке 28649   в файле   80-260019979
На строке 28650   в файле   80-260020005
На строке 28651   в файле   80-260020013
На строке 28652   в файле   80-260020196
На строке 28653   в файле   80-260020321
На строке 28654   в файле   80-260020373
На строке 28655   в файле   80-260020530
На строке 28656   в файле   80-260020632
На строке 28657   в файле   80-261274374
На строке 28658   в файле   80-260021219
На строке 28659   в файле   80-260021217
На строке 28660   в файле   80-260021323
На строке 28661   в файле   80-261155158
На строке 28662   в файле   80-260021528
На строке 28663   в файле   80-260021525
На строке 28664   в файле   80-261155161
На строке 28665   в файле   80-260021827
На строке 28666   в файле   80-260021826
На строке 28667   в файле   80-260021977
На строке 28668   в файле   80-260022145
На строке 28669   в файле   80-260022166
На строке 28670   в файле   80-260022259
На строке 28671   в файле   80-261155329
На строке 28672   в файле   80-260022602
На строке 28673   в файле   80-260022646
На строке 28674   в файле   80-260022908
На строке 28675   в файле   80-260023027
На строке 28676   в файле   80-260022962
На строке 28677   в файле   80-260023181
На строке 28678   в файле   80-260023372
На строке 28679   в файле   80-260023538
На строке 28680   в файле   80-260023669
На строке 28681   в файле   80-260023890
На строке 28683   в файле   80-260023696
На строке 28684   в файле   80-260024261
На строке 28685   в файле   80-260024572
На строке 28686   в файле   80-260024697
На строке 28687   в файле   80-260024599
На строке 28688   в файле   80-261155760
На строке 28689   в файле   80-260025263
На строке 28690   в файле   80-260025598
На строке 28691   в файле   80-261155611
На строке 28692   в файле   80-260026102
На строке 28693   в файле   80-260026271
На строке 28694   в файле   80-260026424
На строке 28695   в файле   80-260026712
На строке 28696   в файле   80-260026858
На строке 28697   в файле   80-260027129
На строке 28698   в файле   80-260027133
На строке 28699   в файле   80-260027440
На строке 28700   в файле   80-260027176
На строке 28701   в файле   80-260027442
На строке 28702   в файле   80-261156197
На строке 28703   в файле   80-261156376
На строке 28704   в файле   80-260027743
На строке 28705   в файле   80-260027830
На строке 28706   в файле   80-260027984
На строке 28707   в файле   80-260028235
На строке 28708   в файле   80-260028318
На строке 28709   в файле   80-260028430
На строке 28710   в файле   80-260028561
На строке 28711   в файле   80-260028566
На строке 28712   в файле   80-260028639
На строке 28713   в файле   80-260028904
На строке 28714   в файле   80-260028859
На строке 28715   в файле   80-260028785
На строке 28716   в файле   80-260028857
На строке 28717   в файле   80-260028988
На строке 28718   в файле   80-261156165
На строке 28719   в файле   80-260029145
На строке 28720   в файле   80-260029147
На строке 28721   в файле   80-260029184
На строке 28722   в файле   80-260029228
На строке 28723   в файле   80-260029296
На строке 28724   в файле   80-260029588
На строке 28725   в файле   80-260029655
На строке 28726   в файле   80-260029888
На строке 28727   в файле   80-260029943
На строке 28728   в файле   80-260029971
На строке 28729   в файле   80-261156350
На строке 28730   в файле   80-260030160
На строке 28731   в файле   80-260030201
На строке 28732   в файле   80-260030288
На строке 28733   в файле   80-260030361
На строке 28734   в файле   80-260030515
На строке 28735   в файле   80-260030568
На строке 28736   в файле   80-260030633
На строке 28737   в файле   80-260030670
На строке 28738   в файле   80-260030841
На строке 28739   в файле   80-261156630
На строке 28740   в файле   80-260030965
На строке 28741   в файле   80-260031148
На строке 28742   в файле   80-260031527
На строке 28743   в файле   80-260031576
На строке 28744   в файле   80-260031631
На строке 28745   в файле   80-260031979
На строке 28746   в файле   80-260032330
На строке 28747   в файле   80-260032307
На строке 28748   в файле   80-260032685
На строке 28749   в файле   80-260032680
На строке 28750   в файле   80-260032679
На строке 28751   в файле   80-260033217
На строке 28752   в файле   80-260033083
На строке 28753   в файле   80-260033140
На строке 28754   в файле   80-260033172
На строке 28755   в файле   80-260033209
На строке 28756   в файле   80-260033201
На строке 28757   в файле   80-261157021
На строке 28758   в файле   80-260033472
На строке 28759   в файле   80-260033577
На строке 28760   в файле   80-260033600
На строке 28761   в файле   80-260033661
На строке 28762   в файле   80-260033904
На строке 28763   в файле   80-260033886
На строке 28764   в файле   80-260033939
На строке 28765   в файле   80-260034015
На строке 28766   в файле   80-260034253
На строке 28767   в файле   80-260034286
На строке 28768   в файле   80-260034618
На строке 28769   в файле   80-260034900
На строке 28770   в файле   80-260035027
На строке 28771   в файле   80-260035278
На строке 28772   в файле   80-260035307
На строке 28773   в файле   80-260035457
На строке 28774   в файле   80-260035816
На строке 28775   в файле   80-260036803
На строке 28776   в файле   80-260037216
На строке 28777   в файле   80-260037794
На строке 28778   в файле   80-260037980
На строке 28779   в файле   80-260038099
На строке 28780   в файле   80-260038235
На строке 28781   в файле   80-260038236
На строке 28782   в файле   80-260038528
На строке 28783   в файле   80-260038488
На строке 28784   в файле   80-261157026
На строке 28785   в файле   80-260038538
На строке 28786   в файле   80-260038863
На строке 28787   в файле   80-260038904
На строке 28788   в файле   80-260038955
На строке 28789   в файле   80-260039013
На строке 28790   в файле   80-261157126
На строке 28791   в файле   80-260039169
На строке 28792   в файле   80-260039296
На строке 28793   в файле   80-260039649
На строке 28794   в файле   80-260039628
На строке 28795   в файле   80-260039655
На строке 28796   в файле   80-261157443
На строке 28797   в файле   80-260039742
На строке 28798   в файле   80-260039984
На строке 28799   в файле   80-260039978
На строке 28800   в файле   80-260040054
На строке 28801   в файле   80-260040158
На строке 28802   в файле   80-260040353
На строке 28803   в файле   80-260040432
На строке 28804   в файле   80-260040452
На строке 28805   в файле   80-260040840
На строке 28806   в файле   80-260040885
На строке 28807   в файле   80-261157431
На строке 28808   в файле   80-260041326
На строке 28809   в файле   80-260041354
На строке 28810   в файле   80-260041328
На строке 28811   в файле   80-260041471
На строке 28812   в файле   80-260041758
На строке 28813   в файле   80-260041732
На строке 28814   в файле   80-260041730
На строке 28815   в файле   80-260041727
На строке 28816   в файле   80-260041688
На строке 28817   в файле   80-260042325
На строке 28818   в файле   80-260042223
На строке 28819   в файле   80-261157430
На строке 28820   в файле   80-260042140
На строке 28821   в файле   80-260042489
На строке 28822   в файле   80-260042801
На строке 28823   в файле   80-261157558
На строке 28824   в файле   80-260042751
На строке 28825   в файле   80-260042855
На строке 28826   в файле   80-260043273
На строке 28827   в файле   80-261157626
На строке 28828   в файле   80-260043656
На строке 28829   в файле   80-260044125
На строке 28830   в файле   80-260044467
На строке 28831   в файле   80-260044503
На строке 28832   в файле   80-260044683
На строке 28833   в файле   80-260045076
На строке 28834   в файле   80-260045523
На строке 28835   в файле   80-261158251
На строке 28836   в файле   80-260046406
На строке 28837   в файле   80-260046601
На строке 28838   в файле   80-260046786
На строке 28839   в файле   80-260046961
На строке 28840   в файле   80-260047110
На строке 28841   в файле   80-260047439
На строке 28842   в файле   80-260047942
На строке 28843   в файле   80-260048292
На строке 28844   в файле   80-260048312
На строке 28845   в файле   80-260048324
На строке 28846   в файле   80-260048916
На строке 28847   в файле   80-261158220
На строке 28848   в файле   80-260049402
На строке 28849   в файле   80-260049801
На строке 28850   в файле   80-260049883
На строке 28851   в файле   80-260049989
На строке 28852   в файле   80-260050265
На строке 28853   в файле   80-260052585
На строке 28854   в файле   80-260053182
На строке 28855   в файле   80-260053323
На строке 28856   в файле   80-260053472
На строке 28857   в файле   80-260053725
На строке 28858   в файле   80-260053807
На строке 28859   в файле   80-261158908
На строке 28860   в файле   80-260054516
На строке 28861   в файле   80-260054868
На строке 28862   в файле   80-260054967
На строке 28863   в файле   80-260055142
На строке 28864   в файле   80-260055500
На строке 28865   в файле   80-260055702
На строке 28866   в файле   80-260056016
На строке 28867   в файле   80-260056378
На строке 28868   в файле   80-260056825
На строке 28869   в файле   80-260057235
На строке 28870   в файле   80-260057270
На строке 28871   в файле   80-260057639
На строке 28872   в файле   80-260058105
На строке 28873   в файле   80-260058460
На строке 28874   в файле   80-260058650
На строке 28875   в файле   80-260058833
На строке 28876   в файле   80-260059034
На строке 28877   в файле   80-260059758
На строке 28878   в файле   80-261159109
На строке 28879   в файле   80-260060121
На строке 28880   в файле   80-260060300
На строке 28881   в файле   80-260061028
На строке 28882   в файле   80-260061069
На строке 28883   в файле   80-260061587
На строке 28884   в файле   80-260061795
На строке 28885   в файле   80-260062346
На строке 28886   в файле   80-260062479
На строке 28887   в файле   80-260063006
На строке 28888   в файле   80-260063114
На строке 28889   в файле   80-260063381
На строке 28890   в файле   80-260063418
На строке 28891   в файле   80-260064001
На строке 28892   в файле   80-260064707
На строке 28893   в файле   80-260064971
На строке 28894   в файле   80-260065454
На строке 28895   в файле   80-260065513
На строке 28896   в файле   80-260065819
На строке 28897   в файле   80-261159710
На строке 28898   в файле   80-260066169
На строке 28899   в файле   80-260066293
На строке 28900   в файле   80-260066550
На строке 28901   в файле   80-260067257
На строке 28902   в файле   80-260067544
На строке 28903   в файле   80-260067677
На строке 28904   в файле   80-260067897
На строке 28905   в файле   80-260068194
На строке 28906   в файле   80-260068358
На строке 28907   в файле   80-260068868
На строке 28908   в файле   80-260069014
На строке 28909   в файле   80-260069415
На строке 28910   в файле   80-260069709
На строке 28911   в файле   80-260070294
На строке 28912   в файле   80-260070638
На строке 28913   в файле   80-260070657
На строке 28914   в файле   80-260071056
На строке 28915   в файле   80-260071089
На строке 28916   в файле   80-260071440
На строке 28917   в файле   80-260071813
На строке 28918   в файле   80-260072244
На строке 28919   в файле   80-260072574
На строке 28920   в файле   80-260072416
На строке 28921   в файле   80-260073211
На строке 28922   в файле   80-260073669
На строке 28923   в файле   80-260073648
На строке 28924   в файле   80-260073850
На строке 28925   в файле   80-260074165
На строке 28926   в файле   80-260074011
На строке 28927   в файле   80-260074183
На строке 28928   в файле   80-260074463
На строке 28929   в файле   80-260075033
На строке 28930   в файле   80-260074898
На строке 28931   в файле   80-260075316
На строке 28932   в файле   80-260075514
На строке 28933   в файле   80-260075706
На строке 28934   в файле   80-260075787
На строке 28935   в файле   80-261160538
На строке 28936   в файле   80-260076010
На строке 28937   в файле   80-260076092
На строке 28938   в файле   80-260076126
На строке 28939   в файле   80-260076367
На строке 28940   в файле   80-260076365
На строке 28941   в файле   80-260076422
На строке 28942   в файле   80-260076655
На строке 28943   в файле   80-260076662
На строке 28944   в файле   80-260076733
На строке 28945   в файле   80-260076726
На строке 28946   в файле   80-260076949
На строке 28947   в файле   80-260076993
На строке 28948   в файле   80-260077024
На строке 28949   в файле   80-260077127
На строке 28950   в файле   80-260077102
На строке 28951   в файле   80-260077404
На строке 28952   в файле   80-260077640
На строке 28953   в файле   80-260077647
На строке 28954   в файле   80-260077667
На строке 28955   в файле   80-260077814
На строке 28956   в файле   80-260077964
На строке 28957   в файле   80-260077972
На строке 28958   в файле   80-260078111
На строке 28959   в файле   80-260078242
На строке 28960   в файле   80-260078321
На строке 28961   в файле   80-260078539
На строке 28962   в файле   80-261160306
На строке 28963   в файле   80-260078551
На строке 28964   в файле   80-261160861
На строке 28965   в файле   80-261161102
На строке 28966   в файле   80-261148297
На строке 28967   в файле   80-245398129
На строке 28968   в файле   80-251352656
На строке 28969   в файле   80-261261506
На строке 28970   в файле   80-251540571
На строке 28971   в файле   80-246724454
На строке 28972   в файле   80-246726839
На строке 28973   в файле   80-259167801
На строке 28974   в файле   80-259167797
На строке 28975   в файле   80-252356819
На строке 28976   в файле   80-246731736
На строке 28977   в файле   80-261118945
На строке 28978   в файле   80-261118393
На строке 28979   в файле   80-251541088
На строке 28980   в файле   80-246728164
На строке 28981   в файле   80-261276620
На строке 28982   в файле   80-261261421
На строке 28983   в файле   80-259830367
На строке 28984   в файле   80-261118937
На строке 28985   в файле   80-252359039
На строке 28986   в файле   80-261261408
На строке 28987   в файле   80-260524625
На строке 28988   в файле   80-249574768
На строке 28989   в файле   80-249577388
На строке 28990   в файле   80-249580126
На строке 28991   в файле   80-249584102
На строке 28992   в файле   80-251016875
На строке 28993   в файле   80-252313942
На строке 28994   в файле   80-249611322
На строке 28995   в файле   80-249613536
На строке 28996   в файле   80-260524555
На строке 28997   в файле   80-260524915
На строке 28998   в файле   80-260525133
На строке 28999   в файле   80-260525111
На строке 29000   в файле   80-260525118
На строке 29001   в файле   80-260525398
На строке 29002   в файле   80-260525166
На строке 29003   в файле   80-260525581
На строке 29004   в файле   80-261227848
На строке 29005   в файле   80-260525625
На строке 29006   в файле   80-249574171
На строке 29007   в файле   80-249574663
На строке 29008   в файле   80-251014937
На строке 29009   в файле   80-251014805
На строке 29010   в файле   80-249576042
На строке 29011   в файле   80-249576014
На строке 29012   в файле   80-249578128
На строке 29013   в файле   80-249577323
На строке 29014   в файле   80-249576644
На строке 29015   в файле   80-249577267
На строке 29016   в файле   80-249577902
На строке 29017   в файле   80-252493343
На строке 29018   в файле   80-249578537
На строке 29019   в файле   80-249577838
На строке 29020   в файле   80-249578707
На строке 29021   в файле   80-249579353
На строке 29022   в файле   80-249579288
На строке 29023   в файле   80-249579376
На строке 29024   в файле   80-249579986
На строке 29025   в файле   80-249579495
На строке 29026   в файле   80-249580839
На строке 29027   в файле   80-249580734
На строке 29028   в файле   80-249580834
На строке 29029   в файле   80-249581370
На строке 29030   в файле   80-249581450
На строке 29031   в файле   80-249582093
На строке 29032   в файле   80-249582134
На строке 29033   в файле   80-249582701
На строке 29034   в файле   80-249583503
На строке 29035   в файле   80-249583750
На строке 29036   в файле   80-251015945
На строке 29037   в файле   80-251015916
На строке 29038   в файле   80-252114817
На строке 29039   в файле   80-252115078
На строке 29040   в файле   80-249587942
На строке 29041   в файле   80-249587881
На строке 29042   в файле   80-249587872
На строке 29043   в файле   80-249588654
На строке 29044   в файле   80-251277098
На строке 29045   в файле   80-251276491
На строке 29046   в файле   80-252114840
На строке 29047   в файле   80-252115125
На строке 29048   в файле   80-251278267
На строке 29049   в файле   80-252321361
На строке 29050   в файле   80-251279106
На строке 29051   в файле   80-251315644
На строке 29052   в файле   80-251282952
На строке 29053   в файле   80-252115472
На строке 29054   в файле   80-251017923
На строке 29055   в файле   80-251287562
На строке 29056   в файле   80-252314132
На строке 29057   в файле   80-252314491
На строке 29058   в файле   80-252493371
На строке 29059   в файле   80-252584249
На строке 29060   в файле   80-252115637
На строке 29061   в файле   80-249606655
На строке 29062   в файле   80-249606604
На строке 29063   в файле   80-249607880
На строке 29064   в файле   80-251022250
На строке 29065   в файле   80-252115874
На строке 29067   в файле   80-252116147
На строке 29068   в файле   80-249612420
На строке 29069   в файле   80-249573575
На строке 29070   в файле   80-260524528
На строке 29071   в файле   80-260524527
На строке 29072   в файле   80-260525675
На строке 29073   в файле   80-249582143
На строке 29074   в файле   80-251016475
На строке 29075   в файле   80-251286893
На строке 29076   в файле   80-252115873
На строке 29077   в файле   80-249614877
На строке 29078   в файле   80-249617823
На строке 29079   в файле   80-249622395
На строке 29080   в файле   80-249622480
На строке 29081   в файле   80-260526136
На строке 29082   в файле   80-260525837
На строке 29083   в файле   80-260526195
На строке 29084   в файле   80-260526241
На строке 29085   в файле   80-260526719
На строке 29086   в файле   80-260526298
На строке 29087   в файле   80-261228103
На строке 29088   в файле   80-260526363
На строке 29089   в файле   80-260526778
На строке 29090   в файле   80-260526923
На строке 29091   в файле   80-249582748
На строке 29092   в файле   80-251015453
На строке 29093   в файле   80-249583594
На строке 29094   в файле   80-249584267
На строке 29095   в файле   80-251015509
На строке 29096   в файле   80-252114689
На строке 29097   в файле   80-252114950
На строке 29098   в файле   80-249587210
На строке 29099   в файле   80-249588054
На строке 29100   в файле   80-249587979
На строке 29101   в файле   80-251016463
На строке 29102   в файле   80-251016851
На строке 29103   в файле   80-251017463
На строке 29104   в файле   80-249592196
На строке 29105   в файле   80-252601103
На строке 29106   в файле   80-251277059
На строке 29107   в файле   80-249592788
На строке 29108   в файле   80-252321585
На строке 29109   в файле   80-252321984
На строке 29110   в файле   80-252322352
На строке 29111   в файле   80-251204599
На строке 29112   в файле   80-252313915
На строке 29113   в файле   80-251209375
На строке 29114   в файле   80-249602574
На строке 29115   в файле   80-252584231
На строке 29116   в файле   80-251018787
На строке 29117   в файле   80-249605745
На строке 29118   в файле   80-249606534
На строке 29119   в файле   80-249607105
На строке 29120   в файле   80-251224055
На строке 29121   в файле   80-252316660
На строке 29122   в файле   80-251299433
На строке 29123   в файле   80-249611406
На строке 29124   в файле   80-249612492
На строке 29125   в файле   80-249612926
На строке 29126   в файле   80-249613519
На строке 29127   в файле   80-249613482
На строке 29128   в файле   80-249613917
На строке 29129   в файле   80-249614473
На строке 29130   в файле   80-249614444
На строке 29131   в файле   80-249615446
На строке 29132   в файле   80-249615390
На строке 29133   в файле   80-249615943
На строке 29134   в файле   80-249616423
На строке 29135   в файле   80-249616345
На строке 29136   в файле   80-249616884
На строке 29137   в файле   80-252116431
На строке 29138   в файле   80-249617372
На строке 29139   в файле   80-249617860
На строке 29140   в файле   80-249618346
На строке 29141   в файле   80-249618361
На строке 29142   в файле   80-249619057
На строке 29143   в файле   80-249618438
На строке 29144   в файле   80-249619359
На строке 29145   в файле   80-249619841
На строке 29146   в файле   80-252116137
На строке 29147   в файле   80-251023588
На строке 29148   в файле   80-251022969
На строке 29149   в файле   80-252116717
На строке 29150   в файле   80-249622547
На строке 29151   в файле   80-249581470
На строке 29152   в файле   80-260525655
На строке 29153   в файле   80-260526054
На строке 29154   в файле   80-260526634
На строке 29155   в файле   80-249594085
На строке 29156   в файле   80-251316324
На строке 29157   в файле   80-252115359
На строке 29158   в файле   80-251023599
На строке 29159   в файле   80-249622400
На строке 29160   в файле   80-249622425
На строке 29161   в файле   80-249622861
На строке 29162   в файле   80-260526978
На строке 29163   в файле   80-260527400
На строке 29164   в файле   80-260527402
На строке 29165   в файле   80-260527395
На строке 29166   в файле   80-260527737
На строке 29167   в файле   80-260527484
На строке 29168   в файле   80-260527749
На строке 29169   в файле   80-260528212
На строке 29170   в файле   80-260528192
На строке 29171   в файле   80-252322738
На строке 29172   в файле   80-251018780
На строке 29173   в файле   80-251286764
На строке 29174   в файле   80-252313780
На строке 29175   в файле   80-251206505
На строке 29176   в файле   80-252314282
На строке 29177   в файле   80-249602019
На строке 29178   в файле   80-249602137
На строке 29179   в файле   80-249606768
На строке 29180   в файле   80-252115746
На строке 29181   в файле   80-249611915
На строке 29182   в файле   80-249612367
На строке 29183   в файле   80-249612525
На строке 29184   в файле   80-249613926
На строке 29185   в файле   80-249613526
На строке 29186   в файле   80-251022143
На строке 29187   в файле   80-249614498
На строке 29188   в файле   80-249614873
На строке 29189   в файле   80-249614863
На строке 29190   в файле   80-249615416
На строке 29191   в файле   80-249615889
На строке 29192   в файле   80-252584108
На строке 29193   в файле   80-249616419
На строке 29194   в файле   80-249616864
На строке 29195   в файле   80-249616442
На строке 29196   в файле   80-249617406
На строке 29197   в файле   80-249618042
На строке 29198   в файле   80-249617352
На строке 29199   в файле   80-249618823
На строке 29200   в файле   80-249618799
На строке 29201   в файле   80-249619351
На строке 29202   в файле   80-249619965
На строке 29203   в файле   80-249619737
На строке 29204   в файле   80-252116301
На строке 29205   в файле   80-249621996
На строке 29206   в файле   80-260526724
На строке 29207   в файле   80-260545800
На строке 29208   в файле   80-249665019
На строке 29209   в файле   80-249666116
На строке 29210   в файле   80-249669609
На строке 29211   в файле   80-249672514
На строке 29212   в файле   80-249675618
На строке 29213   в файле   80-249677510
На строке 29214   в файле   80-249677838
На строке 29215   в файле   80-249678472
На строке 29216   в файле   80-260546092
На строке 29217   в файле   80-260546425
На строке 29218   в файле   80-260546316
На строке 29219   в файле   80-260546626
На строке 29220   в файле   80-260546873
На строке 29221   в файле   80-260547175
На строке 29222   в файле   80-261269184
На строке 29223   в файле   80-260547380
На строке 29224   в файле   80-260547856
На строке 29225   в файле   80-260548165
На строке 29226   в файле   80-249664992
На строке 29227   в файле   80-249665063
На строке 29228   в файле   80-249665016
На строке 29229   в файле   80-249665017
На строке 29230   в файле   80-249665266
На строке 29231   в файле   80-252495583
На строке 29232   в файле   80-249665417
На строке 29233   в файле   80-252119781
На строке 29235   в файле   80-249665485
На строке 29236   в файле   80-249665681
На строке 29237   в файле   80-252119779
На строке 29238   в файле   80-249666505
На строке 29239   в файле   80-251039859
На строке 29240   в файле   80-249667376
На строке 29241   в файле   80-249667921
На строке 29242   в файле   80-249667885
На строке 29243   в файле   80-249668057
На строке 29244   в файле   80-249668193
На строке 29245   в файле   80-251040639
На строке 29246   в файле   80-252120139
На строке 29247   в файле   80-249669483
На строке 29248   в файле   80-251041424
На строке 29249   в файле   80-251042762
На строке 29250   в файле   80-249670629
На строке 29251   в файле   80-249670983
На строке 29252   в файле   80-249671462
На строке 29253   в файле   80-249671644
На строке 29254   в файле   80-249671673
На строке 29255   в файле   80-249671992
На строке 29256   в файле   80-249672147
На строке 29257   в файле   80-249672719
На строке 29258   в файле   80-249672905
На строке 29259   в файле   80-251044256
На строке 29260   в файле   80-249673882
На строке 29261   в файле   80-249674185
На строке 29262   в файле   80-249674193
На строке 29263   в файле   80-249674360
На строке 29264   в файле   80-249674675
На строке 29265   в файле   80-249674869
На строке 29266   в файле   80-249675032
На строке 29267   в файле   80-249676622
На строке 29268   в файле   80-249676960
На строке 29269   в файле   80-249676795
На строке 29270   в файле   80-249677187
На строке 29271   в файле   80-249677163
На строке 29272   в файле   80-249664754
На строке 29273   в файле   80-260545622
На строке 29274   в файле   80-249663166
На строке 29275   в файле   80-249663509
На строке 29276   в файле   80-260545242
На строке 29277   в файле   80-249663581
На строке 29278   в файле   80-260545427
На строке 29279   в файле   80-249663600
На строке 29280   в файле   80-260545162
На строке 29281   в файле   80-251038395
На строке 29282   в файле   80-260545397
На строке 29283   в файле   80-251038419
На строке 29284   в файле   80-260545640
На строке 29285   в файле   80-251038462
На строке 29286   в файле   80-260545407
На строке 29287   в файле   80-251039103
На строке 29288   в файле   80-261228857
На строке 29289   в файле   80-261275611
На строке 29290   в файле   80-260765268
На строке 29291   в файле   80-260545876
На строке 29292   в файле   80-260546173
На строке 29293   в файле   80-249666154
На строке 29294   в файле   80-249666539
На строке 29295   в файле   80-249670614
На строке 29296   в файле   80-249670611
На строке 29297   в файле   80-249673872
На строке 29298   в файле   80-249674023
На строке 29299   в файле   80-249677670
На строке 29300   в файле   80-249678182
На строке 29301   в файле   80-249678374
На строке 29302   в файле   80-249678505
На строке 29303   в файле   80-249678911
На строке 29304   в файле   80-249678824
На строке 29305   в файле   80-249678992
На строке 29306   в файле   80-249678746
На строке 29307   в файле   80-260546107
На строке 29308   в файле   80-260546451
На строке 29309   в файле   80-260546745
На строке 29310   в файле   80-260547294
На строке 29311   в файле   80-260547527
На строке 29312   в файле   80-260547703
На строке 29313   в файле   80-260548028
На строке 29314   в файле   80-260548410
На строке 29315   в файле   80-260548403
На строке 29316   в файле   80-260548465
На строке 29317   в файле   80-249666591
На строке 29318   в файле   80-249667084
На строке 29319   в файле   80-249667109
На строке 29320   в файле   80-249667097
На строке 29321   в файле   80-249667507
На строке 29322   в файле   80-249667511
На строке 29323   в файле   80-249667804
На строке 29324   в файле   80-249667783
На строке 29325   в файле   80-249667913
На строке 29326   в файле   80-249668074
На строке 29327   в файле   80-249668235
На строке 29328   в файле   80-249669222
На строке 29329   в файле   80-249669126
На строке 29330   в файле   80-249669506
На строке 29331   в файле   80-249669547
На строке 29332   в файле   80-251041386
На строке 29333   в файле   80-249670948
На строке 29334   в файле   80-249671010
На строке 29335   в файле   80-249671140
На строке 29336   в файле   80-249671329
На строке 29337   в файле   80-249671333
На строке 29338   в файле   80-249671475
На строке 29339   в файле   80-249671664
На строке 29340   в файле   80-249672033
На строке 29341   в файле   80-249672039
На строке 29342   в файле   80-249672193
На строке 29343   в файле   80-249672360
На строке 29344   в файле   80-249672346
На строке 29345   в файле   80-249672511
На строке 29346   в файле   80-249672791
На строке 29347   в файле   80-249672860
На строке 29348   в файле   80-251043494
На строке 29349   в файле   80-249673910
На строке 29350   в файле   80-249674195
На строке 29351   в файле   80-249674535
На строке 29352   в файле   80-249674543
На строке 29353   в файле   80-249674682
На строке 29354   в файле   80-249674904
На строке 29355   в файле   80-249674894
На строке 29356   в файле   80-249675236
На строке 29357   в файле   80-249675043
На строке 29358   в файле   80-249675048
На строке 29359   в файле   80-249675434
На строке 29360   в файле   80-249675659
На строке 29361   в файле   80-249675658
На строке 29362   в файле   80-249676085
На строке 29363   в файле   80-249675851
На строке 29364   в файле   80-249676216
На строке 29365   в файле   80-249676468
На строке 29366   в файле   80-249676192
На строке 29367   в файле   80-249676767
На строке 29368   в файле   80-249676926
На строке 29369   в файле   80-249677826
На строке 29370   в файле   80-260545893
На строке 29371   в файле   80-249667882
На строке 29372   в файле   80-249671649
На строке 29373   в файле   80-249674509
На строке 29374   в файле   80-249677501
На строке 29375   в файле   80-249680145
На строке 29376   в файле   80-249681489
На строке 29377   в файле   80-249681504
На строке 29378   в файле   80-260549166
На строке 29379   в файле   80-260549319
На строке 29380   в файле   80-261229123
На строке 29381   в файле   80-260549434
На строке 29382   в файле   80-260549400
На строке 29383   в файле   80-260549773
На строке 29384   в файле   80-260549777
На строке 29385   в файле   80-260550034
На строке 29386   в файле   80-260549928
На строке 29387   в файле   80-260550209
На строке 29388   в файле   80-249665666
На строке 29389   в файле   80-249665923
На строке 29390   в файле   80-249666121
На строке 29391   в файле   80-249666097
На строке 29392   в файле   80-249666354
На строке 29393   в файле   80-249666534
На строке 29394   в файле   80-249667087
На строке 29395   в файле   80-249667391
На строке 29396   в файле   80-249667515
На строке 29397   в файле   80-249667533
На строке 29398   в файле   80-251039971
На строке 29399   в файле   80-251039891
На строке 29400   в файле   80-249669177
На строке 29401   в файле   80-249669144
На строке 29402   в файле   80-249669338
На строке 29403   в файле   80-249669612
На строке 29404   в файле   80-251042085
На строке 29405   в файле   80-249670593
На строке 29406   в файле   80-249670761
На строке 29407   в файле   80-249670951
На строке 29408   в файле   80-251043463
На строке 29409   в файле   80-252120267
На строке 29410   в файле   80-249672029
На строке 29411   в файле   80-249672341
На строке 29412   в файле   80-249672712
На строке 29413   в файле   80-251044331
На строке 29414   в файле   80-249673679
На строке 29415   в файле   80-249673863
На строке 29416   в файле   80-249674246
На строке 29417   в файле   80-249674230
На строке 29418   в файле   80-251045683
На строке 29419   в файле   80-249675270
На строке 29420   в файле   80-249675232
На строке 29421   в файле   80-249675488
На строке 29422   в файле   80-249675888
На строке 29423   в файле   80-249676090
На строке 29424   в файле   80-251044916
На строке 29425   в файле   80-249676540
На строке 29426   в файле   80-249676676
На строке 29427   в файле   80-249677178
На строке 29428   в файле   80-249678180
На строке 29429   в файле   80-249678200
На строке 29430   в файле   80-249678488
На строке 29431   в файле   80-249678367
На строке 29432   в файле   80-249678844
На строке 29433   в файле   80-249679239
На строке 29434   в файле   80-249679173
На строке 29435   в файле   80-249679252
На строке 29436   в файле   80-251046422
На строке 29437   в файле   80-251045761
На строке 29438   в файле   80-249680317
На строке 29439   в файле   80-249680340
На строке 29440   в файле   80-249680333
На строке 29441   в файле   80-249680655
На строке 29442   в файле   80-249680691
На строке 29443   в файле   80-249680646
На строке 29444   в файле   80-249681002
На строке 29445   в файле   80-249681068
На строке 29446   в файле   80-249681171
На строке 29447   в файле   80-249681326
На строке 29448   в файле   80-249681436
На строке 29449   в файле   80-260548942
На строке 29450   в файле   80-261229236
На строке 29451   в файле   80-260547901
На строке 29452   в файле   80-249669648
На строке 29453   в файле   80-249675481
На строке 29454   в файле   80-249678552
На строке 29455   в файле   80-249680843
На строке 29456   в файле   80-249681018
На строке 29457   в файле   80-249681035
На строке 29458   в файле   80-249681334
На строке 29459   в файле   80-249681369
На строке 29460   в файле   80-260547646
На строке 29461   в файле   80-260548226
На строке 29462   в файле   80-260548098
На строке 29463   в файле   80-260548810
На строке 29464   в файле   80-261228778
На строке 29465   в файле   80-260548742
На строке 29466   в файле   80-260548859
На строке 29467   в файле   80-260548669
На строке 29468   в файле   80-260548863
На строке 29469   в файле   80-260549342
На строке 29470   в файле   80-251042884
На строке 29471   в файле   80-249670622
На строке 29472   в файле   80-249670988
На строке 29473   в файле   80-249671291
На строке 29474   в файле   80-249670411
На строке 29475   в файле   80-249671325
На строке 29476   в файле   80-249671841
На строке 29477   в файле   80-252120123
На строке 29478   в файле   80-249672380
На строке 29479   в файле   80-249672740
На строке 29480   в файле   80-251045152
На строке 29481   в файле   80-249673873
На строке 29482   в файле   80-249674506
На строке 29483   в файле   80-249676057
На строке 29484   в файле   80-249676284
На строке 29485   в файле   80-249676438
На строке 29486   в файле   80-252120465
На строке 29487   в файле   80-249677006
На строке 29488   в файле   80-252120444
На строке 29489   в файле   80-249677535
На строке 29490   в файле   80-249677502
На строке 29491   в файле   80-249677647
На строке 29492   в файле   80-249678185
На строке 29493   в файле   80-249678887
На строке 29494   в файле   80-252120568
На строке 29495   в файле   80-249679371
На строке 29496   в файле   80-249679151
На строке 29497   в файле   80-249679308
На строке 29498   в файле   80-252120759
На строке 29499   в файле   80-249680353
На строке 29500   в файле   80-249680346
На строке 29501   в файле   80-252121049
На строке 29502   в файле   80-252495293
На строке 29503   в файле   80-249680512
На строке 29504   в файле   80-249680645
На строке 29505   в файле   80-249680676
На строке 29506   в файле   80-249681022
На строке 29507   в файле   80-249668989
На строке 29508   в файле   80-260546868
На строке 29509   в файле   80-249669178
На строке 29510   в файле   80-260547214
На строке 29511   в файле   80-251041376
На строке 29512   в файле   80-260547078
На строке 29513   в файле   80-260546715
На строке 29514   в файле   80-260549841
На строке 29515   в файле   80-249681654
На строке 29516   в файле   80-249681839
На строке 29517   в файле   80-249681784
На строке 29518   в файле   80-249681854
На строке 29519   в файле   80-249682110
На строке 29520   в файле   80-249682095
На строке 29521   в файле   80-249682086
На строке 29522   в файле   80-249682295
На строке 29523   в файле   80-260550238
На строке 29524   в файле   80-260550483
На строке 29525   в файле   80-260550385
На строке 29526   в файле   80-260550431
На строке 29527   в файле   80-260550635
На строке 29528   в файле   80-260550606
На строке 29529   в файле   80-260550653
На строке 29530   в файле   80-260549771
На строке 29531   в файле   80-260550206
На строке 29532   в файле   80-260574383
На строке 29533   в файле   80-261231306
На строке 29534   в файле   80-249690203
На строке 29535   в файле   80-249770728
На строке 29536   в файле   80-249810267
На строке 29537   в файле   80-249815246
На строке 29538   в файле   80-249818922
На строке 29539   в файле   80-249821625
На строке 29540   в файле   80-249824739
На строке 29541   в файле   80-249826945
На строке 29542   в файле   80-261269151
На строке 29543   в файле   80-260582840
На строке 29544   в файле   80-260587656
На строке 29545   в файле   80-260596777
На строке 29546   в файле   80-260605354
На строке 29547   в файле   80-261233842
На строке 29548   в файле   80-260614599
На строке 29549   в файле   80-260620035
На строке 29550   в файле   80-261235221
На строке 29551   в файле   80-249690500
На строке 29552   в файле   80-249695117
На строке 29553   в файле   80-249703163
На строке 29554   в файле   80-249713806
На строке 29555   в файле   80-251067057
На строке 29556   в файле   80-249731828
На строке 29557   в файле   80-249742216
На строке 29558   в файле   80-249746240
На строке 29559   в файле   80-251072400
На строке 29560   в файле   80-249760278
На строке 29561   в файле   80-249774160
На строке 29562   в файле   80-249779098
На строке 29563   в файле   80-249784015
На строке 29564   в файле   80-252125517
На строке 29565   в файле   80-249794604
На строке 29566   в файле   80-249800613
На строке 29567   в файле   80-249805631
На строке 29568   в файле   80-249807683
На строке 29569   в файле   80-249808670
На строке 29570   в файле   80-249809051
На строке 29571   в файле   80-249810427
На строке 29572   в файле   80-249810888
На строке 29573   в файле   80-249811095
На строке 29574   в файле   80-249811329
На строке 29575   в файле   80-249811462
На строке 29576   в файле   80-249811893
На строке 29577   в файле   80-249812618
На строке 29578   в файле   80-249812990
На строке 29579   в файле   80-249812991
На строке 29580   в файле   80-249813584
На строке 29581   в файле   80-251094744
На строке 29582   в файле   80-249815450
На строке 29583   в файле   80-249815658
На строке 29584   в файле   80-249816009
На строке 29585   в файле   80-249816392
На строке 29586   в файле   80-249816751
На строке 29587   в файле   80-252127209
На строке 29588   в файле   80-252497013
На строке 29589   в файле   80-252128044
На строке 29590   в файле   80-249818051
На строке 29591   в файле   80-249818556
На строке 29592   в файле   80-249819246
На строке 29593   в файле   80-249819600
На строке 29594   в файле   80-252497306
На строке 29595   в файле   80-249819892
На строке 29596   в файле   80-249820004
На строке 29597   в файле   80-249820025
На строке 29598   в файле   80-249820360
На строке 29599   в файле   80-249820414
На строке 29600   в файле   80-249820746
На строке 29601   в файле   80-249821030
На строке 29602   в файле   80-249821910
На строке 29603   в файле   80-249822076
На строке 29604   в файле   80-249823160
На строке 29605   в файле   80-249823158
На строке 29606   в файле   80-249823535
На строке 29607   в файле   80-249823628
На строке 29608   в файле   80-252497513
На строке 29609   в файле   80-249823892
На строке 29610   в файле   80-249824206
На строке 29611   в файле   80-249824375
На строке 29612   в файле   80-249824954
На строке 29613   в файле   80-249825069
На строке 29614   в файле   80-249825290
На строке 29615   в файле   80-249825424
На строке 29616   в файле   80-249825604
На строке 29617   в файле   80-249825764
На строке 29618   в файле   80-249826012
На строке 29619   в файле   80-249826134
На строке 29620   в файле   80-249826654
На строке 29621   в файле   80-249826619
На строке 29622   в файле   80-249827074
На строке 29623   в файле   80-249827395
На строке 29624   в файле   80-249827315
На строке 29625   в файле   80-249827441
На строке 29626   в файле   80-252128814
На строке 29627   в файле   80-252129091
На строке 29628   в файле   80-249828170
На строке 29629   в файле   80-249828178
На строке 29630   в файле   80-249828444
На строке 29631   в файле   80-249828453
На строке 29632   в файле   80-261231751
На строке 29633   в файле   80-261231865
На строке 29634   в файле   80-261232199
На строке 29635   в файле   80-261232419
На строке 29636   в файле   80-261232439
На строке 29637   в файле   80-260581711
На строке 29638   в файле   80-260581649
На строке 29639   в файле   80-260582456
На строке 29640   в файле   80-260582701
На строке 29641   в файле   80-261232767
На строке 29642   в файле   80-260583554
На строке 29643   в файле   80-260583926
На строке 29644   в файле   80-260584707
На строке 29645   в файле   80-260585750
На строке 29646   в файле   80-260585672
На строке 29647   в файле   80-260585756
На строке 29648   в файле   80-260586614
На строке 29649   в файле   80-260586775
На строке 29650   в файле   80-260587137
На строке 29651   в файле   80-260587803
На строке 29652   в файле   80-260588113
На строке 29653   в файле   80-260588865
На строке 29654   в файле   80-260588843
На строке 29655   в файле   80-260589839
На строке 29656   в файле   80-260590946
На строке 29657   в файле   80-260590896
На строке 29658   в файле   80-260592586
На строке 29659   в файле   80-260592933
На строке 29660   в файле   80-260593679
На строке 29661   в файле   80-260594091
На строке 29662   в файле   80-260595989
На строке 29663   в файле   80-260597066
На строке 29664   в файле   80-260598314
На строке 29665   в файле   80-260599921
На строке 29666   в файле   80-260601102
На строке 29667   в файле   80-260600343
На строке 29668   в файле   80-261233496
На строке 29669   в файле   80-260602139
На строке 29670   в файле   80-260602666
На строке 29671   в файле   80-260603207
На строке 29672   в файле   80-260603850
На строке 29673   в файле   80-261233721
На строке 29674   в файле   80-260606772
На строке 29675   в файле   80-261233861
На строке 29676   в файле   80-260606501
На строке 29677   в файле   80-260608405
На строке 29678   в файле   80-260608899
На строке 29679   в файле   80-260608165
На строке 29680   в файле   80-260609929
На строке 29681   в файле   80-260609963
На строке 29682   в файле   80-260609988
На строке 29683   в файле   80-260611486
На строке 29684   в файле   80-260610671
На строке 29685   в файле   80-260611373
На строке 29686   в файле   80-260613042
На строке 29687   в файле   80-260613164
На строке 29688   в файле   80-260612856
На строке 29689   в файле   80-260614479
На строке 29690   в файле   80-260613882
На строке 29691   в файле   80-260615477
На строке 29692   в файле   80-260616632
На строке 29693   в файле   80-260616218
На строке 29694   в файле   80-261234131
На строке 29695   в файле   80-260617345
На строке 29696   в файле   80-261234167
На строке 29697   в файле   80-260617536
На строке 29698   в файле   80-260618042
На строке 29699   в файле   80-260619254
На строке 29700   в файле   80-261234089
На строке 29701   в файле   80-260620516
На строке 29702   в файле   80-261234350
На строке 29703   в файле   80-260620689
На строке 29704   в файле   80-260621766
На строке 29705   в файле   80-260622491
На строке 29706   в файле   80-261269787
На строке 29707   в файле   80-261231308
На строке 29708   в файле   80-261234867
На строке 29709   в файле   80-260623333
На строке 29710   в файле   80-261235087
На строке 29711   в файле   80-260623331
На строке 29712   в файле   80-261235096
На строке 29713   в файле   80-261235382
На строке 29714   в файле   80-260623908
На строке 29715   в файле   80-261235394
На строке 29716   в файле   80-261235356
На строке 29717   в файле   80-261235649
На строке 29718   в файле   80-260624769
На строке 29719   в файле   80-261235665
На строке 29720   в файле   80-261235891
На строке 29721   в файле   80-261235893
На строке 29722   в файле   80-261235903
На строке 29723   в файле   80-260625335
На строке 29724   в файле   80-260626684
На строке 29725   в файле   80-260625515
На строке 29726   в файле   80-260625623
На строке 29727   в файле   80-249690824
На строке 29728   в файле   80-249691116
На строке 29729   в файле   80-249691671
На строке 29730   в файле   80-249692054
На строке 29731   в файле   80-249692406
На строке 29732   в файле   80-249692661
На строке 29733   в файле   80-249692725
На строке 29734   в файле   80-249693053
На строке 29735   в файле   80-249694044
На строке 29736   в файле   80-249694448
На строке 29737   в файле   80-249695894
На строке 29738   в файле   80-249695943
На строке 29739   в файле   80-249696724
На строке 29740   в файле   80-252122390
На строке 29741   в файле   80-251058327
На строке 29742   в файле   80-251058370
На строке 29743   в файле   80-252122377
На строке 29744   в файле   80-249700808
На строке 29745   в файле   80-249701224
На строке 29746   в файле   80-249702310
На строке 29747   в файле   80-249703904
На строке 29748   в файле   80-249704350
На строке 29749   в файле   80-249704485
На строке 29750   в файле   80-249705713
На строке 29751   в файле   80-252122730
На строке 29752   в файле   80-249709301
На строке 29753   в файле   80-249710448
На строке 29754   в файле   80-249711054
На строке 29755   в файле   80-252123112
На строке 29756   в файле   80-249712415
На строке 29757   в файле   80-249715083
На строке 29758   в файле   80-249715785
На строке 29759   в файле   80-249716003
На строке 29760   в файле   80-249717955
На строке 29761   в файле   80-249719277
На строке 29762   в файле   80-249719892
На строке 29763   в файле   80-249720506
На строке 29764   в файле   80-249722397
На строке 29765   в файле   80-249723637
На строке 29766   в файле   80-251066490
На строке 29767   в файле   80-252123811
На строке 29768   в файле   80-249727583
На строке 29769   в файле   80-249728839
На строке 29770   в файле   80-249728862
На строке 29771   в файле   80-249730620
На строке 29772   в файле   80-249730078
На строке 29773   в файле   80-249730022
На строке 29774   в файле   80-249731228
На строке 29775   в файле   80-249732569
На строке 29776   в файле   80-249733248
На строке 29777   в файле   80-249735036
На строке 29778   в файле   80-251067079
На строке 29779   в файле   80-251068347
На строке 29780   в файле   80-249739191
На строке 29781   в файле   80-249739796
На строке 29782   в файле   80-249739843
На строке 29783   в файле   80-249741047
На строке 29784   в файле   80-249741521
На строке 29785   в файле   80-249741531
На строке 29786   в файле   80-249742261
На строке 29787   в файле   80-249743236
На строке 29788   в файле   80-249743809
На строке 29789   в файле   80-249743025
На строке 29790   в файле   80-249744446
На строке 29791   в файле   80-249744279
На строке 29792   в файле   80-249744931
На строке 29793   в файле   80-249745716
На строке 29794   в файле   80-251071136
На строке 29795   в файле   80-249746807
На строке 29796   в файле   80-249747321
На строке 29797   в файле   80-249748006
На строке 29798   в файле   80-249748352
На строке 29799   в файле   80-249748951
На строке 29800   в файле   80-249748339
На строке 29801   в файле   80-252124014
На строке 29802   в файле   80-249749497
На строке 29803   в файле   80-249749510
На строке 29804   в файле   80-249752562
На строке 29805   в файле   80-249752477
На строке 29806   в файле   80-249753620
На строке 29807   в файле   80-249753815
На строке 29808   в файле   80-251073081
На строке 29809   в файле   80-249755403
На строке 29810   в файле   80-249755422
На строке 29811   в файле   80-251074963
На строке 29812   в файле   80-251076316
На строке 29813   в файле   80-249759845
На строке 29814   в файле   80-249760981
На строке 29815   в файле   80-249762167
На строке 29816   в файле   80-249762162
На строке 29817   в файле   80-249763231
На строке 29818   в файле   80-249763196
На строке 29819   в файле   80-249764324
На строке 29820   в файле   80-249764333
На строке 29821   в файле   80-249766245
На строке 29822   в файле   80-249766745
На строке 29823   в файле   80-252124922
На строке 29824   в файле   80-249774365
На строке 29825   в файле   80-249775454
На строке 29826   в файле   80-249775641
На строке 29827   в файле   80-249776706
На строке 29828   в файле   80-249777342
На строке 29829   в файле   80-249776787
На строке 29830   в файле   80-249777773
На строке 29831   в файле   80-249778379
На строке 29832   в файле   80-249778351
На строке 29833   в файле   80-249779678
На строке 29834   в файле   80-249780243
На строке 29835   в файле   80-249780227
На строке 29836   в файле   80-249781267
На строке 29837   в файле   80-249780749
На строке 29838   в файле   80-249781880
На строке 29839   в файле   80-249782360
На строке 29840   в файле   80-249782318
На строке 29841   в файле   80-249782898
На строке 29842   в файле   80-249784511
На строке 29843   в файле   80-249785041
На строке 29844   в файле   80-249784981
На строке 29845   в файле   80-249786036
На строке 29846   в файле   80-249785596
На строке 29847   в файле   80-249786042
На строке 29848   в файле   80-249786978
На строке 29849   в файле   80-249786510
На строке 29850   в файле   80-252125210
На строке 29851   в файле   80-249787442
На строке 29852   в файле   80-252125824
На строке 29853   в файле   80-249790104
На строке 29854   в файле   80-249790729
На строке 29855   в файле   80-249791111
На строке 29856   в файле   80-249791565
На строке 29857   в файле   80-249792531
На строке 29858   в файле   80-249793447
На строке 29859   в файле   80-249793735
На строке 29860   в файле   80-249794136
На строке 29861   в файле   80-249794509
На строке 29862   в файле   80-249795381
На строке 29863   в файле   80-252125863
На строке 29864   в файле   80-249797539
На строке 29865   в файле   80-249798278
На строке 29866   в файле   80-249798916
На строке 29867   в файле   80-249799955
На строке 29868   в файле   80-249800193
На строке 29869   в файле   80-249800930
На строке 29870   в файле   80-249801587
На строке 29871   в файле   80-249801208
На строке 29872   в файле   80-249802096
На строке 29873   в файле   80-249802665
На строке 29874   в файле   80-249804116
На строке 29875   в файле   80-249804142
На строке 29876   в файле   80-249804642
На строке 29877   в файле   80-249805195
На строке 29878   в файле   80-249805671
На строке 29879   в файле   80-249806133
На строке 29880   в файле   80-249806626
На строке 29881   в файле   80-249807195
На строке 29882   в файле   80-251081423
На строке 29883   в файле   80-249807618
На строке 29884   в файле   80-249688792
На строке 29885   в файле   80-261230152
На строке 29886   в файле   80-249689372
На строке 29887   в файле   80-261230841
На строке 29888   в файле   80-249682285
На строке 29889   в файле   80-260567186
На строке 29890   в файле   80-249682273
На строке 29891   в файле   80-260567749
На строке 29892   в файле   80-249682437
На строке 29893   в файле   80-260569012
На строке 29894   в файле   80-249682485
На строке 29895   в файле   80-260568580
На строке 29896   в файле   80-249682676
На строке 29897   в файле   80-260569293
На строке 29898   в файле   80-249683024
На строке 29899   в файле   80-260569879
На строке 29900   в файле   80-249684697
На строке 29901   в файле   80-260570444
На строке 29902   в файле   80-249685160
На строке 29903   в файле   80-260570452
На строке 29904   в файле   80-249685297
На строке 29905   в файле   80-260571028
На строке 29906   в файле   80-249686940
На строке 29907   в файле   80-260571402
На строке 29908   в файле   80-249688787
На строке 29909   в файле   80-260572344
На строке 29910   в файле   80-251051709
На строке 29911   в файле   80-261230040
На строке 29912   в файле   80-251052447
На строке 29913   в файле   80-252121371
На строке 29914   в файле   80-260569757
На строке 29915   в файле   80-252121375
На строке 29916   в файле   80-260569784
На строке 29917   в файле   80-252121711
На строке 29918   в файле   80-260571834
На строке 29919   в файле   80-260572777
На строке 29920   в файле   80-261230403
На строке 29921   в файле   80-261230555
На строке 29922   в файле   80-261231136
На строке 29923   в файле   80-260574681
На строке 29924   в файле   80-260575012
На строке 29925   в файле   80-261234855
На строке 29926   в файле   80-251083645
На строке 29927   в файле   80-260551092
На строке 29928   в файле   80-249684701
На строке 29929   в файле   80-249688783
На строке 29930   в файле   80-249693356
На строке 29931   в файле   80-249704635
На строке 29932   в файле   80-251065139
На строке 29933   в файле   80-249720621
На строке 29934   в файле   80-249721903
На строке 29935   в файле   80-249723594
На строке 29936   в файле   80-260551094
На строке 29937   в файле   80-260551038
На строке 29938   в файле   80-260551334
На строке 29939   в файле   80-260551484
На строке 29940   в файле   80-260551555
На строке 29941   в файле   80-261229018
На строке 29942   в файле   80-260551586
На строке 29943   в файле   80-260551896
На строке 29944   в файле   80-260552103
На строке 29945   в файле   80-260551960
На строке 29946   в файле   80-249684870
На строке 29947   в файле   80-249685101
На строке 29948   в файле   80-249685077
На строке 29949   в файле   80-251050256
На строке 29950   в файле   80-249685504
На строке 29951   в файле   80-252121586
На строке 29952   в файле   80-249686856
На строке 29953   в файле   80-249686817
На строке 29954   в файле   80-251050957
На строке 29955   в файле   80-249687364
На строке 29956   в файле   80-249689173
На строке 29957   в файле   80-252121710
На строке 29958   в файле   80-249690008
На строке 29959   в файле   80-249689935
На строке 29960   в файле   80-249689954
На строке 29961   в файле   80-249690499
На строке 29962   в файле   80-249690773
На строке 29963   в файле   80-249691148
На строке 29964   в файле   80-249691658
На строке 29965   в файле   80-249691712
На строке 29966   в файле   80-251053170
На строке 29967   в файле   80-249693323
На строке 29968   в файле   80-249693676
На строке 29969   в файле   80-249694374
На строке 29970   в файле   80-249694804
На строке 29971   в файле   80-249696704
На строке 29972   в файле   80-249697212
На строке 29973   в файле   80-251058982
На строке 29974   в файле   80-249700771
На строке 29975   в файле   80-249701846
На строке 29976   в файле   80-249702622
На строке 29977   в файле   80-249705645
На строке 29978   в файле   80-251059755
На строке 29979   в файле   80-251059760
На строке 29980   в файле   80-251060491
На строке 29981   в файле   80-252123023
На строке 29982   в файле   80-249709250
На строке 29983   в файле   80-249709899
На строке 29984   в файле   80-249710547
На строке 29985   в файле   80-249713597
На строке 29986   в файле   80-249714381
На строке 29987   в файле   80-249716840
На строке 29988   в файле   80-249716396
На строке 29989   в файле   80-249718089
На строке 29990   в файле   80-251065150
На строке 29991   в файле   80-249718612
На строке 29992   в файле   80-249682469
На строке 29993   в файле   80-260550838
На строке 29994   в файле   80-249682825
На строке 29995   в файле   80-260550932
На строке 29996   в файле   80-249683008
На строке 29997   в файле   80-260551042
На строке 29998   в файле   80-261228955
На строке 29999   в файле   80-260551548
На строке 30000   в файле   80-252495556
На строке 30001   в файле   80-260553691
На строке 30002   в файле   80-249684682
На строке 30003   в файле   80-252120919
На строке 30004   в файле   80-249694091
На строке 30005   в файле   80-249695579
На строке 30006   в файле   80-249709162
На строке 30007   в файле   80-249711932
На строке 30008   в файле   80-249712969
На строке 30009   в файле   80-249711208
На строке 30010   в файле   80-251061302
На строке 30011   в файле   80-252123411
На строке 30012   в файле   80-249733197
На строке 30013   в файле   80-249734568
На строке 30014   в файле   80-249741735
На строке 30015   в файле   80-249742594
На строке 30016   в файле   80-249746838
На строке 30017   в файле   80-249752506
На строке 30018   в файле   80-249753122
На строке 30019   в файле   80-260554261
На строке 30020   в файле   80-260555593
На строке 30021   в файле   80-260555802
На строке 30022   в файле   80-260556886
На строке 30023   в файле   80-260556830
На строке 30024   в файле   80-260557730
На строке 30025   в файле   80-260558951
На строке 30026   в файле   80-260561816
На строке 30027   в файле   80-260562342
На строке 30028   в файле   80-261229875
На строке 30029   в файле   80-260562408
На строке 30030   в файле   80-260562617
На строке 30031   в файле   80-260562824
На строке 30032   в файле   80-260563187
На строке 30033   в файле   80-260562994
На строке 30034   в файле   80-261229950
На строке 30035   в файле   80-249685091
На строке 30036   в файле   80-251049538
На строке 30037   в файле   80-252495637
На строке 30038   в файле   80-249686848
На строке 30039   в файле   80-249687331
На строке 30040   в файле   80-251051603
На строке 30041   в файле   80-251053272
На строке 30042   в файле   80-249688842
На строке 30043   в файле   80-249689330
На строке 30044   в файле   80-249689682
На строке 30045   в файле   80-252121947
На строке 30046   в файле   80-249690589
На строке 30047   в файле   80-249691078
На строке 30048   в файле   80-252122029
На строке 30049   в файле   80-249692703
На строке 30050   в файле   80-252122073
На строке 30051   в файле   80-249695936
На строке 30052   в файле   80-249696416
На строке 30053   в файле   80-249696766
На строке 30054   в файле   80-249697084
На строке 30055   в файле   80-249697875
На строке 30056   в файле   80-249700699
На строке 30057   в файле   80-249701708
На строке 30058   в файле   80-249701724
На строке 30059   в файле   80-249702717
На строке 30060   в файле   80-249703975
На строке 30061   в файле   80-249705228
На строке 30062   в файле   80-252495812
На строке 30063   в файле   80-249714164
На строке 30064   в файле   80-249715031
На строке 30065   в файле   80-249716780
На строке 30066   в файле   80-249718074
На строке 30067   в файле   80-249719257
На строке 30068   в файле   80-249721266
На строке 30069   в файле   80-251065119
На строке 30070   в файле   80-251065772
На строке 30071   в файле   80-249727495
На строке 30072   в файле   80-249729265
На строке 30073   в файле   80-251067102
На строке 30074   в файле   80-249735302
На строке 30075   в файле   80-251069024
На строке 30076   в файле   80-249739226
На строке 30077   в файле   80-249740469
На строке 30078   в файле   80-251069790
На строке 30079   в файле   80-249743637
На строке 30080   в файле   80-249743250
На строке 30081   в файле   80-249743856
На строке 30082   в файле   80-249745710
На строке 30083   в файле   80-249747293
На строке 30084   в файле   80-249747800
На строке 30085   в файле   80-249747888
На строке 30086   в файле   80-249747811
На строке 30087   в файле   80-249748882
На строке 30088   в файле   80-251071752
На строке 30089   в файле   80-252124281
На строке 30090   в файле   80-251074953
На строке 30091   в файле   80-249754815
На строке 30092   в файле   80-249755445
На строке 30093   в файле   80-251074934
На строке 30094   в файле   80-251076472
На строке 30095   в файле   80-249760949
На строке 30096   в файле   80-249761374
На строке 30097   в файле   80-249762111
На строке 30098   в файле   80-260554249
На строке 30099   в файле   80-260554150
На строке 30100   в файле   80-260554144
На строке 30101   в файле   80-260554260
На строке 30102   в файле   80-260554844
На строке 30103   в файле   80-260554709
На строке 30104   в файле   80-260555453
На строке 30105   в файле   80-261268777
На строке 30106   в файле   80-260555918
На строке 30107   в файле   80-260555862
На строке 30108   в файле   80-260556257
На строке 30109   в файле   80-260556058
На строке 30110   в файле   80-260556367
На строке 30111   в файле   80-260556399
На строке 30112   в файле   80-260556818
На строке 30113   в файле   80-260557152
На строке 30114   в файле   80-261229578
На строке 30115   в файле   80-260556984
На строке 30116   в файле   80-260557344
На строке 30117   в файле   80-260557372
На строке 30118   в файле   80-260557675
На строке 30119   в файле   80-260558168
На строке 30120   в файле   80-260558147
На строке 30121   в файле   80-260558354
На строке 30122   в файле   80-260558281
На строке 30123   в файле   80-260558119
На строке 30124   в файле   80-260558468
На строке 30125   в файле   80-260558635
На строке 30126   в файле   80-260559370
На строке 30127   в файле   80-260559559
На строке 30128   в файле   80-260560421
На строке 30129   в файле   80-260561025
На строке 30130   в файле   80-260561557
На строке 30131   в файле   80-260561983
На строке 30132   в файле   80-249682633
На строке 30133   в файле   80-260553350
На строке 30134   в файле   80-249682796
На строке 30135   в файле   80-260553344
На строке 30136   в файле   80-249683206
На строке 30137   в файле   80-260553713
На строке 30138   в файле   80-249683512
На строке 30139   в файле   80-260553680
На строке 30140   в файле   80-251046528
На строке 30141   в файле   80-260553545
На строке 30142   в файле   80-260553787
На строке 30143   в файле   80-260553769
На строке 30144   в файле   80-260555377
На строке 30145   в файле   80-260555783
На строке 30146   в файле   80-260561614
На строке 30147   в файле   80-260563266
На строке 30148   в файле   80-249719432
На строке 30149   в файле   80-249720559
На строке 30150   в файле   80-249744456
На строке 30151   в файле   80-251070399
На строке 30152   в файле   80-249746254
На строке 30153   в файле   80-252124320
На строке 30154   в файле   80-260552152
На строке 30155   в файле   80-249684452
На строке 30156   в файле   80-252121234
На строке 30157   в файле   80-249688564
На строке 30158   в файле   80-249692342
На строке 30159   в файле   80-251058291
На строке 30160   в файле   80-252122784
На строке 30161   в файле   80-249716724
На строке 30162   в файле   80-249728824
На строке 30163   в файле   80-251070988
На строке 30164   в файле   80-260552633
На строке 30165   в файле   80-261229612
На строке 30166   в файле   80-260552524
На строке 30167   в файле   80-260552662
На строке 30168   в файле   80-260552923
На строке 30169   в файле   80-260552715
На строке 30170   в файле   80-260553066
На строке 30171   в файле   80-260552897
На строке 30172   в файле   80-260553184
На строке 30173   в файле   80-260553217
На строке 30174   в файле   80-249684667
На строке 30175   в файле   80-249684852
На строке 30176   в файле   80-249685267
На строке 30177   в файле   80-251050265
На строке 30178   в файле   80-249685567
На строке 30179   в файле   80-251050343
На строке 30180   в файле   80-249686593
На строке 30181   в файле   80-249686816
На строке 30182   в файле   80-249687104
На строке 30183   в файле   80-251051869
На строке 30184   в файле   80-249688853
На строке 30185   в файле   80-249689340
На строке 30186   в файле   80-249689382
На строке 30187   в файле   80-251053256
На строке 30188   в файле   80-249689727
На строке 30189   в файле   80-249689937
На строке 30190   в файле   80-249690532
На строке 30191   в файле   80-249691087
На строке 30192   в файле   80-249691382
На строке 30193   в файле   80-249691733
На строке 30194   в файле   80-249693307
На строке 30195   в файле   80-249693694
На строке 30196   в файле   80-249693986
На строке 30197   в файле   80-249694450
На строке 30198   в файле   80-249695205
На строке 30199   в файле   80-249695177
На строке 30200   в файле   80-249695960
На строке 30201   в файле   80-249696294
На строке 30202   в файле   80-249697763
На строке 30203   в файле   80-249697823
На строке 30204   в файле   80-252585671
На строке 30205   в файле   80-249700751
На строке 30206   в файле   80-249700769
На строке 30207   в файле   80-249701691
На строке 30208   в файле   80-249702144
На строке 30209   в файле   80-249702777
На строке 30210   в файле   80-252122710
На строке 30211   в файле   80-249703187
На строке 30212   в файле   80-249704431
На строке 30213   в файле   80-249705541
На строке 30214   в файле   80-251061148
На строке 30215   в файле   80-249708586
На строке 30216   в файле   80-249709160
На строке 30217   в файле   80-249711740
На строке 30218   в файле   80-249711889
На строке 30219   в файле   80-249713102
На строке 30220   в файле   80-249713177
На строке 30221   в файле   80-252585784
На строке 30222   в файле   80-249714866
На строке 30223   в файле   80-249715529
На строке 30224   в файле   80-249717404
На строке 30225   в файле   80-249718068
На строке 30226   в файле   80-249720693
На строке 30227   в файле   80-249721794
На строке 30228   в файле   80-249722718
На строке 30229   в файле   80-249722534
На строке 30230   в файле   80-252123348
На строке 30231   в файле   80-249726614
На строке 30232   в файле   80-249727431
На строке 30233   в файле   80-249727950
На строке 30234   в файле   80-249730523
На строке 30235   в файле   80-249731813
На строке 30236   в файле   80-249731894
На строке 30237   в файле   80-249731792
На строке 30238   в файле   80-249733170
На строке 30239   в файле   80-249733902
На строке 30240   в файле   80-249734380
На строке 30241   в файле   80-251067754
На строке 30242   в файле   80-251068322
На строке 30243   в файле   80-249738407
На строке 30244   в файле   80-249739224
На строке 30245   в файле   80-249740406
На строке 30246   в файле   80-249682851
На строке 30247   в файле   80-261229096
На строке 30248   в файле   80-249683112
На строке 30249   в файле   80-260551754
На строке 30250   в файле   80-249683242
На строке 30251   в файле   80-260552058
На строке 30252   в файле   80-252120873
На строке 30253   в файле   80-260552469
На строке 30254   в файле   80-261229172
На строке 30255   в файле   80-260552486
На строке 30256   в файле   80-260552329
На строке 30257   в файле   80-260562765
На строке 30258   в файле   80-260563046
На строке 30259   в файле   80-260563276
На строке 30260   в файле   80-260563551
На строке 30261   в файле   80-249700157
На строке 30262   в файле   80-251059822
На строке 30263   в файле   80-249781781
На строке 30264   в файле   80-249781841
На строке 30265   в файле   80-249782956
На строке 30266   в файле   80-249793749
На строке 30267   в файле   80-249800893
На строке 30268   в файле   80-249801480
На строке 30269   в файле   80-249801781
На строке 30270   в файле   80-249806729
На строке 30271   в файле   80-249807101
На строке 30272   в файле   80-249807600
На строке 30273   в файле   80-249811739
На строке 30274   в файле   80-249812761
На строке 30275   в файле   80-249813571
На строке 30276   в файле   80-249818396
На строке 30277   в файле   80-249819098
На строке 30278   в файле   80-249818197
На строке 30279   в файле   80-252497505
На строке 30280   в файле   80-252622527
На строке 30281   в файле   80-260564298
На строке 30282   в файле   80-260564233
На строке 30283   в файле   80-260566957
На строке 30284   в файле   80-260567047
На строке 30285   в файле   80-260570361
На строке 30286   в файле   80-260570609
На строке 30287   в файле   80-261230594
На строке 30288   в файле   80-261230879
На строке 30289   в файле   80-261230266
На строке 30290   в файле   80-260581569
На строке 30291   в файле   80-260582507
На строке 30292   в файле   80-260589795
На строке 30293   в файле   80-260590024
На строке 30294   в файле   80-260591306
На строке 30295   в файле   80-260599702
На строке 30296   в файле   80-261233427
На строке 30297   в файле   80-261233308
На строке 30298   в файле   80-260607346
На строке 30299   в файле   80-260607449
На строке 30300   в файле   80-260608197
На строке 30301   в файле   80-260613177
На строке 30302   в файле   80-260613395
На строке 30303   в файле   80-260614917
На строке 30304   в файле   80-260619106
На строке 30305   в файле   80-260620865
На строке 30306   в файле   80-249703472
На строке 30307   в файле   80-249705717
На строке 30308   в файле   80-249719292
На строке 30309   в файле   80-249721192
На строке 30310   в файле   80-249731270
На строке 30311   в файле   80-249732564
На строке 30312   в файле   80-249742724
На строке 30313   в файле   80-249742000
На строке 30314   в файле   80-249751976
На строке 30315   в файле   80-249753633
На строке 30316   в файле   80-249763359
На строке 30317   в файле   80-249764329
На строке 30318   в файле   80-249768724
На строке 30319   в файле   80-249768912
На строке 30320   в файле   80-249778608
На строке 30321   в файле   80-251084355
На строке 30322   в файле   80-249777939
На строке 30323   в файле   80-252125204
На строке 30324   в файле   80-249779073
На строке 30325   в файле   80-249779628
На строке 30326   в файле   80-249783392
На строке 30327   в файле   80-249783935
На строке 30328   в файле   80-249783870
На строке 30329   в файле   80-249785011
На строке 30330   в файле   80-249785988
На строке 30331   в файле   80-252125510
На строке 30332   в файле   80-249785511
На строке 30333   в файле   80-251085060
На строке 30334   в файле   80-249786514
На строке 30335   в файле   80-251085841
На строке 30336   в файле   80-249787433
На строке 30337   в файле   80-251085898
На строке 30338   в файле   80-249790705
На строке 30339   в файле   80-249790692
На строке 30340   в файле   80-249791509
На строке 30341   в файле   80-249791608
На строке 30342   в файле   80-249792466
На строке 30343   в файле   80-251087904
На строке 30344   в файле   80-249792884
На строке 30345   в файле   80-249795362
На строке 30346   в файле   80-252125676
На строке 30347   в файле   80-251087812
На строке 30348   в файле   80-249797589
На строке 30349   в файле   80-249797560
На строке 30350   в файле   80-249798331
На строке 30351   в файле   80-249798944
На строке 30352   в файле   80-249798946
На строке 30353   в файле   80-249799563
На строке 30354   в файле   80-249799571
На строке 30355   в файле   80-249802378
На строке 30356   в файле   80-249802966
На строке 30357   в файле   80-249803835
На строке 30358   в файле   80-249804113
На строке 30359   в файле   80-249804643
На строке 30360   в файле   80-249804632
На строке 30362   в файле   80-249805118
На строке 30363   в файле   80-249805154
На строке 30364   в файле   80-249805669
На строке 30365   в файле   80-249806615
На строке 30366   в файле   80-251090801
На строке 30367   в файле   80-252126335
На строке 30368   в файле   80-249808886
На строке 30369   в файле   80-249809300
На строке 30370   в файле   80-252497076
На строке 30371   в файле   80-252126546
На строке 30372   в файле   80-249810426
На строке 30373   в файле   80-249810683
На строке 30374   в файле   80-249810880
На строке 30375   в файле   80-249811667
На строке 30376   в файле   80-249813812
На строке 30377   в файле   80-251094658
На строке 30378   в файле   80-252126689
На строке 30379   в файле   80-249814917
На строке 30380   в файле   80-249815244
На строке 30381   в файле   80-249816027
На строке 30382   в файле   80-249816503
На строке 30383   в файле   80-249816725
На строке 30384   в файле   80-249817068
На строке 30385   в файле   80-252127580
На строке 30386   в файле   80-249819085
На строке 30387   в файле   80-249819524
На строке 30388   в файле   80-249819617
На строке 30389   в файле   80-249820016
На строке 30390   в файле   80-249820357
На строке 30391   в файле   80-249820394
На строке 30392   в файле   80-249820744
На строке 30393   в файле   80-249821156
На строке 30394   в файле   80-249821161
На строке 30395   в файле   80-249821394
На строке 30396   в файле   80-252128448
На строке 30397   в файле   80-249823181
На строке 30398   в файле   80-249823269
На строке 30399   в файле   80-249823513
На строке 30400   в файле   80-249823639
На строке 30401   в файле   80-249824008
На строке 30402   в файле   80-249824031
На строке 30403   в файле   80-249824394
На строке 30404   в файле   80-249824722
На строке 30405   в файле   80-249824946
На строке 30406   в файле   80-260564782
На строке 30407   в файле   80-260565042
На строке 30408   в файле   80-260565139
На строке 30409   в файле   80-260564964
На строке 30410   в файле   80-261229961
На строке 30411   в файле   80-260565879
На строке 30412   в файле   80-260566148
На строке 30413   в файле   80-260566338
На строке 30414   в файле   80-260566412
На строке 30415   в файле   80-260566713
На строке 30416   в файле   80-260567212
На строке 30417   в файле   80-260567477
На строке 30418   в файле   80-260567889
На строке 30419   в файле   80-260568056
На строке 30420   в файле   80-260568102
На строке 30421   в файле   80-260569185
На строке 30422   в файле   80-260569102
На строке 30423   в файле   80-260569844
На строке 30424   в файле   80-260569824
На строке 30425   в файле   80-260570031
На строке 30426   в файле   80-260570313
На строке 30427   в файле   80-260571204
На строке 30428   в файле   80-261229812
На строке 30429   в файле   80-260570927
На строке 30430   в файле   80-260571708
На строке 30431   в файле   80-260571737
На строке 30432   в файле   80-260571700
На строке 30433   в файле   80-260572333
На строке 30434   в файле   80-260572571
На строке 30435   в файле   80-260572894
На строке 30436   в файле   80-261230956
На строке 30437   в файле   80-260573693
На строке 30438   в файле   80-260573706
На строке 30439   в файле   80-261231565
На строке 30440   в файле   80-261231619
На строке 30441   в файле   80-260575637
На строке 30442   в файле   80-261269216
На строке 30443   в файле   80-261232078
На строке 30444   в файле   80-260580766
На строке 30445   в файле   80-260580795
На строке 30446   в файле   80-260582753
На строке 30447   в файле   80-260583138
На строке 30448   в файле   80-260583665
На строке 30449   в файле   80-261232775
На строке 30450   в файле   80-260584764
На строке 30451   в файле   80-260585543
На строке 30452   в файле   80-261232809
На строке 30453   в файле   80-261233024
На строке 30454   в файле   80-260587686
На строке 30455   в файле   80-260587744
На строке 30456   в файле   80-260592126
На строке 30457   в файле   80-260593999
На строке 30458   в файле   80-260594326
На строке 30459   в файле   80-260595354
На строке 30460   в файле   80-260595367
На строке 30461   в файле   80-260596684
На строке 30462   в файле   80-260597555
На строке 30463   в файле   80-260597434
На строке 30464   в файле   80-260598180
На строке 30465   в файле   80-260599506
На строке 30466   в файле   80-260601491
На строке 30467   в файле   80-260602099
На строке 30468   в файле   80-261233643
На строке 30469   в файле   80-261233616
На строке 30470   в файле   80-260603722
На строке 30471   в файле   80-260605288
На строке 30472   в файле   80-260604684
На строке 30473   в файле   80-260605216
На строке 30474   в файле   80-261233704
На строке 30475   в файле   80-260606760
На строке 30476   в файле   80-260608403
На строке 30477   в файле   80-261233953
На строке 30478   в файле   80-260609914
На строке 30479   в файле   80-261233886
На строке 30480   в файле   80-260609922
На строке 30481   в файле   80-260611362
На строке 30482   в файле   80-260611520
На строке 30483   в файле   80-260611458
На строке 30484   в файле   80-261234014
На строке 30485   в файле   80-260612189
На строке 30486   в файле   80-260614804
На строке 30487   в файле   80-260616016
На строке 30488   в файле   80-260615847
На строке 30489   в файле   80-260617004
На строке 30490   в файле   80-261234092
На строке 30491   в файле   80-261269529
На строке 30492   в файле   80-260617691
На строке 30493   в файле   80-260617589
На строке 30494   в файле   80-260619205
На строке 30495   в файле   80-260618875
На строке 30496   в файле   80-261234283
На строке 30497   в файле   80-260620001
На строке 30498   в файле   80-261277425
На строке 30499   в файле   80-260620716
На строке 30500   в файле   80-261234368
На строке 30501   в файле   80-261234490
На строке 30502   в файле   80-261234608
На строке 30503   в файле   80-260621926
На строке 30504   в файле   80-261234612
На строке 30505   в файле   80-261234873
На строке 30506   в файле   80-249709175
На строке 30507   в файле   80-249710525
На строке 30508   в файле   80-249710528
На строке 30509   в файле   80-249711784
На строке 30510   в файле   80-249712474
На строке 30511   в файле   80-249713716
На строке 30512   в файле   80-249714360
На строке 30513   в файле   80-249715442
На строке 30514   в файле   80-251064380
На строке 30515   в файле   80-249718013
На строке 30516   в файле   80-249722100
На строке 30517   в файле   80-249722996
На строке 30518   в файле   80-252123497
На строке 30519   в файле   80-252123220
На строке 30520   в файле   80-249727448
На строке 30521   в файле   80-249727423
На строке 30522   в файле   80-249729301
На строке 30523   в файле   80-249728736
На строке 30524   в файле   80-249730003
На строке 30525   в файле   80-249730624
На строке 30526   в файле   80-249733250
На строке 30527   в файле   80-249733816
На строке 30528   в файле   80-249734452
На строке 30529   в файле   80-251068311
На строке 30530   в файле   80-252123836
На строке 30531   в файле   80-251069650
На строке 30532   в файле   80-249740653
На строке 30533   в файле   80-249740402
На строке 30534   в файле   80-251069681
На строке 30535   в файле   80-252123715
На строке 30536   в файле   80-249744811
На строке 30537   в файле   80-249744958
На строке 30538   в файле   80-252586497
На строке 30539   в файле   80-249745702
На строке 30540   в файле   80-249746247
На строке 30541   в файле   80-249746829
На строке 30542   в файле   80-249748877
На строке 30543   в файле   80-249749002
На строке 30544   в файле   80-251070995
На строке 30545   в файле   80-251072530
На строке 30546   в файле   80-249753740
На строке 30547   в файле   80-249754848
На строке 30548   в файле   80-251076300
На строке 30549   в файле   80-252124606
На строке 30550   в файле   80-252585757
На строке 30551   в файле   80-249759816
На строке 30552   в файле   80-249759917
На строке 30553   в файле   80-249761015
На строке 30554   в файле   80-249762210
На строке 30555   в файле   80-249762511
На строке 30556   в файле   80-249764955
На строке 30557   в файле   80-249765539
На строке 30558   в файле   80-249765536
На строке 30559   в файле   80-249765493
На строке 30560   в файле   80-251080627
На строке 30561   в файле   80-249766829
На строке 30562   в файле   80-249767476
На строке 30563   в файле   80-249767177
На строке 30564   в файле   80-249767890
На строке 30565   в файле   80-249768254
На строке 30566   в файле   80-249769794
На строке 30567   в файле   80-251081258
На строке 30568   в файле   80-251082192
На строке 30569   в файле   80-252124917
На строке 30570   в файле   80-249774152
На строке 30571   в файле   80-249774251
На строке 30572   в файле   80-249775440
На строке 30573   в файле   80-249776209
На строке 30574   в файле   80-249776778
На строке 30575   в файле   80-249776626
На строке 30576   в файле   80-249691446
На строке 30577   в файле   80-260559785
На строке 30578   в файле   80-249692084
На строке 30579   в файле   80-260560334
На строке 30580   в файле   80-249692322
На строке 30581   в файле   80-260560731
На строке 30582   в файле   80-249693018
На строке 30583   в файле   80-260560895
На строке 30584   в файле   80-249695175
На строке 30585   в файле   80-260561416
На строке 30586   в файле   80-249695537
На строке 30587   в файле   80-261229627
На строке 30588   в файле   80-249697773
На строке 30589   в файле   80-260562098
На строке 30590   в файле   80-249694789
На строке 30591   в файле   80-261229488
На строке 30592   в файле   80-251057435
На строке 30593   в файле   80-260562511
На строке 30594   в файле   80-252122393
На строке 30595   в файле   80-260561826
На строке 30596   в файле   80-260559897
На строке 30597   в файле   80-260560004
На строке 30598   в файле   80-260563779
На строке 30599   в файле   80-260563954
На строке 30600   в файле   80-260564482
На строке 30601   в файле   80-260570678
На строке 30602   в файле   80-261234710
На строке 30603   в файле   80-249794977
На строке 30604   в файле   80-260555371
На строке 30605   в файле   80-251076495
На строке 30606   в файле   80-249764340
На строке 30607   в файле   80-249769013
На строке 30608   в файле   80-252586421
На строке 30609   в файле   80-249773589
На строке 30610   в файле   80-251082753
На строке 30611   в файле   80-249775010
На строке 30612   в файле   80-249775006
На строке 30613   в файле   80-260556392
На строке 30614   в файле   80-260556705
На строке 30615   в файле   80-260556829
На строке 30616   в файле   80-260557300
На строке 30617   в файле   80-260557288
На строке 30618   в файле   80-261229601
На строке 30619   в файле   80-260557527
На строке 30620   в файле   80-260557830
На строке 30621   в файле   80-260557843
На строке 30622   в файле   80-260558042
На строке 30623   в файле   80-252124656
На строке 30624   в файле   80-249759167
На строке 30625   в файле   80-249759799
На строке 30626   в файле   80-249759878
На строке 30627   в файле   80-249760894
На строке 30628   в файле   80-249760910
На строке 30629   в файле   80-249762201
На строке 30630   в файле   80-249763250
На строке 30631   в файле   80-249763265
На строке 30632   в файле   80-252124607
На строке 30633   в файле   80-249763933
На строке 30634   в файле   80-249765744
На строке 30635   в файле   80-249765522
На строке 30636   в файле   80-249766665
На строке 30637   в файле   80-249766730
На строке 30638   в файле   80-249767936
На строке 30639   в файле   80-251081328
На строке 30640   в файле   80-249768465
На строке 30641   в файле   80-249768352
На строке 30642   в файле   80-249752512
На строке 30643   в файле   80-260554329
На строке 30644   в файле   80-249752608
На строке 30645   в файле   80-260554874
На строке 30646   в файле   80-249754161
На строке 30647   в файле   80-260554686
На строке 30648   в файле   80-249755407
На строке 30649   в файле   80-260555164
На строке 30650   в файле   80-249753711
На строке 30651   в файле   80-260554688
На строке 30652   в файле   80-251074943
На строке 30653   в файле   80-260554828
На строке 30654   в файле   80-252124185
На строке 30655   в файле   80-261229282
На строке 30656   в файле   80-260555289
На строке 30657   в файле   80-261229513
На строке 30658   в файле   80-260555914
На строке 30659   в файле   80-260556218
На строке 30660   в файле   80-260556450
На строке 30661   в файле   80-260523750
На строке 30662   в файле   80-251282308
На строке 30663   в файле   80-249602440
На строке 30664   в файле   80-252115602
На строке 30665   в файле   80-249606587
На строке 30666   в файле   80-251021689
На строке 30667   в файле   80-251236328
На строке 30668   в файле   80-251232948
На строке 30669   в файле   80-249612453
На строке 30670   в файле   80-260523842
На строке 30671   в файле   80-261275493
На строке 30672   в файле   80-261268775
На строке 30673   в файле   80-261227794
На строке 30674   в файле   80-261227540
На строке 30675   в файле   80-261227698
На строке 30676   в файле   80-261268644
На строке 30677   в файле   80-261227628
На строке 30678   в файле   80-260524405
На строке 30679   в файле   80-260524505
На строке 30680   в файле   80-251017949
На строке 30681   в файле   80-252115218
На строке 30682   в файле   80-252313466
На строке 30683   в файле   80-252313791
На строке 30684   в файле   80-251211508
На строке 30685   в файле   80-252321374
На строке 30686   в файле   80-261227824
На строке 30687   в файле   80-260523743
На строке 30688   в файле   80-260571466
На строке 30689   в файле   80-260571937
На строке 30690   в файле   80-260572270
На строке 30691   в файле   80-260572772
На строке 30692   в файле   80-249775556
На строке 30693   в файле   80-249787125
На строке 30694   в файле   80-249797963
На строке 30695   в файле   80-249798318
На строке 30696   в файле   80-249797546
На строке 30697   в файле   80-249810421
На строке 30698   в файле   80-251093127
На строке 30699   в файле   80-252126173
На строке 30700   в файле   80-249814736
На строке 30701   в файле   80-249820732
На строке 30702   в файле   80-249824011
На строке 30703   в файле   80-249824270
На строке 30704   в файле   80-249828785
На строке 30705   в файле   80-261230162
На строке 30706   в файле   80-260581939
На строке 30707   в файле   80-260588318
На строке 30708   в файле   80-260590882
На строке 30709   в файле   80-260592169
На строке 30710   в файле   80-260592505
На строке 30711   в файле   80-260593534
На строке 30712   в файле   80-261233077
На строке 30713   в файле   80-260595357
На строке 30714   в файле   80-260595935
На строке 30715   в файле   80-260596589
На строке 30716   в файле   80-261233045
На строке 30717   в файле   80-260598860
На строке 30718   в файле   80-261233159
На строке 30719   в файле   80-249777371
На строке 30720   в файле   80-249777895
На строке 30721   в файле   80-249779085
На строке 30722   в файле   80-249779611
На строке 30723   в файле   80-249780183
На строке 30724   в файле   80-249780661
На строке 30725   в файле   80-249780774
На строке 30726   в файле   80-249781242
На строке 30727   в файле   80-249781769
На строке 30728   в файле   80-251084278
На строке 30729   в файле   80-249782868
На строке 30730   в файле   80-249782917
На строке 30731   в файле   80-252125072
На строке 30732   в файле   80-249783398
На строке 30733   в файле   80-249784204
На строке 30734   в файле   80-249784513
На строке 30735   в файле   80-249785609
На строке 30736   в файле   80-249786556
На строке 30737   в файле   80-252125349
На строке 30738   в файле   80-251085139
На строке 30739   в файле   80-251086461
На строке 30740   в файле   80-251086451
На строке 30741   в файле   80-249790648
На строке 30742   в файле   80-249790678
На строке 30743   в файле   80-249791665
На строке 30744   в файле   80-249791940
На строке 30745   в файле   80-249792475
На строке 30746   в файле   80-249792493
На строке 30747   в файле   80-249791602
На строке 30748   в файле   80-249792869
На строке 30749   в файле   80-249793353
На строке 30750   в файле   80-249794131
На строке 30751   в файле   80-249793416
На строке 30752   в файле   80-249794270
На строке 30753   в файле   80-251087162
На строке 30754   в файле   80-249799630
На строке 30755   в файле   80-249800200
На строке 30756   в файле   80-249800253
На строке 30757   в файле   80-251087916
На строке 30758   в файле   80-249801477
На строке 30759   в файле   80-249802098
На строке 30760   в файле   80-249802362
На строке 30761   в файле   80-249804390
На строке 30762   в файле   80-249805114
На строке 30763   в файле   80-249805633
На строке 30764   в файле   80-249805723
На строке 30765   в файле   80-249806602
На строке 30766   в файле   80-249807093
На строке 30767   в файле   80-249806444
На строке 30768   в файле   80-249810906
На строке 30769   в файле   80-249811324
На строке 30770   в файле   80-249811735
На строке 30771   в файле   80-259199647
На строке 30772   в файле   80-249812163
На строке 30773   в файле   80-249812320
На строке 30774   в файле   80-249812588
На строке 30775   в файле   80-249812587
На строке 30776   в файле   80-249812973
На строке 30777   в файле   80-249813398
На строке 30778   в файле   80-249813457
На строке 30779   в файле   80-249814987
На строке 30780   в файле   80-249815273
На строке 30781   в файле   80-249815309
На строке 30782   в файле   80-249815620
На строке 30783   в файле   80-249815665
На строке 30784   в файле   80-249815983
На строке 30785   в файле   80-249816391
На строке 30786   в файле   80-249816758
На строке 30787   в файле   80-249816817
На строке 30788   в файле   80-252127583
На строке 30789   в файле   80-249818398
На строке 30790   в файле   80-249818780
На строке 30791   в файле   80-252127587
На строке 30792   в файле   80-252128043
На строке 30793   в файле   80-249821002
На строке 30794   в файле   80-249821164
На строке 30795   в файле   80-252128182
На строке 30796   в файле   80-249821448
На строке 30797   в файле   80-249821588
На строке 30798   в файле   80-249821773
На строке 30799   в файле   80-249821812
На строке 30800   в файле   80-249822008
На строке 30801   в файле   80-252128315
На строке 30802   в файле   80-249822914
На строке 30803   в файле   80-249823165
На строке 30804   в файле   80-249823565
На строке 30805   в файле   80-249824581
На строке 30806   в файле   80-249824751
На строке 30807   в файле   80-249825068
На строке 30808   в файле   80-249825080
На строке 30809   в файле   80-249825419
На строке 30810   в файле   80-249825643
На строке 30811   в файле   80-249826218
На строке 30812   в файле   80-249826326
На строке 30813   в файле   80-249826441
На строке 30814   в файле   80-249826529
На строке 30815   в файле   80-249826651
На строке 30816   в файле   80-249826975
На строке 30817   в файле   80-249827321
На строке 30818   в файле   80-249827378
На строке 30819   в файле   80-252128829
На строке 30820   в файле   80-249828162
На строке 30821   в файле   80-252128958
На строке 30822   в файле   80-249828165
На строке 30823   в файле   80-249828446
На строке 30824   в файле   80-249828472
На строке 30825   в файле   80-249828784
На строке 30826   в файле   80-249828798
На строке 30827   в файле   80-249829140
На строке 30828   в файле   80-249829098
На строке 30829   в файле   80-249829404
На строке 30830   в файле   80-249829447
На строке 30831   в файле   80-249829099
На строке 30832   в файле   80-249829611
На строке 30833   в файле   80-249829763
На строке 30834   в файле   80-249829925
На строке 30835   в файле   80-249829796
На строке 30836   в файле   80-249830087
На строке 30837   в файле   80-249830143
На строке 30838   в файле   80-249830368
На строке 30839   в файле   80-249830445
На строке 30840   в файле   80-249830576
На строке 30841   в файле   80-249830546
На строке 30842   в файле   80-249830849
На строке 30843   в файле   80-249830863
На строке 30844   в файле   80-261230368
На строке 30845   в файле   80-261230525
На строке 30846   в файле   80-261230817
На строке 30847   в файле   80-261268922
На строке 30848   в файле   80-261230994
На строке 30849   в файле   80-260573246
На строке 30850   в файле   80-261231187
На строке 30851   в файле   80-261231520
На строке 30852   в файле   80-260574213
На строке 30853   в файле   80-260574454
На строке 30854   в файле   80-261269303
На строке 30855   в файле   80-260575101
На строке 30856   в файле   80-261231635
На строке 30857   в файле   80-261231773
На строке 30858   в файле   80-261269506
На строке 30859   в файле   80-261231874
На строке 30860   в файле   80-261231654
На строке 30861   в файле   80-260580769
На строке 30862   в файле   80-260581564
На строке 30863   в файле   80-260581152
На строке 30864   в файле   80-261232154
На строке 30865   в файле   80-261232697
На строке 30866   в файле   80-260582297
На строке 30867   в файле   80-261232784
На строке 30868   в файле   80-260583166
На строке 30869   в файле   80-260583461
На строке 30870   в файле   80-260583586
На строке 30871   в файле   80-260583918
На строке 30872   в файле   80-260584308
На строке 30873   в файле   80-260584813
На строке 30874   в файле   80-260585241
На строке 30875   в файле   80-261232856
На строке 30876   в файле   80-260586229
На строке 30877   в файле   80-260586659
На строке 30879   в файле   80-260587226
На строке 30880   в файле   80-260588697
На строке 30881   в файле   80-260588875
На строке 30882   в файле   80-260589391
На строке 30883   в файле   80-260590055
На строке 30884   в файле   80-251082870
На строке 30885   в файле   80-261229993
На строке 30886   в файле   80-252496815
На строке 30887   в файле   80-260571133
На строке 30888   в файле   80-260571168
На строке 30889   в файле   80-260563711
На строке 30890   в файле   80-249795002
На строке 30891   в файле   80-249801891
На строке 30892   в файле   80-249806629
На строке 30893   в файле   80-249811278
На строке 30894   в файле   80-252126876
На строке 30895   в файле   80-249818889
На строке 30896   в файле   80-249821547
На строке 30897   в файле   80-249824552
На строке 30898   в файле   80-260564239
На строке 30899   в файле   80-260565760
На строке 30900   в файле   80-260567914
На строке 30901   в файле   80-260568529
На строке 30902   в файле   80-260568445
На строке 30903   в файле   80-260568405
На строке 30904   в файле   80-260568509
На строке 30905   в файле   80-260568609
На строке 30906   в файле   80-260569072
На строке 30907   в файле   80-260569195
На строке 30908   в файле   80-249795358
На строке 30909   в файле   80-251089336
На строке 30910   в файле   80-249797521
На строке 30911   в файле   80-249798321
На строке 30912   в файле   80-249798960
На строке 30913   в файле   80-249799301
На строке 30914   в файле   80-249799564
На строке 30915   в файле   80-249800190
На строке 30916   в файле   80-249800528
На строке 30917   в файле   80-249800920
На строке 30918   в файле   80-251089338
На строке 30919   в файле   80-249802520
На строке 30920   в файле   80-249802797
На строке 30921   в файле   80-252126035
На строке 30922   в файле   80-251089222
На строке 30923   в файле   80-251090122
На строке 30924   в файле   80-249804890
На строке 30925   в файле   80-249805110
На строке 30926   в файле   80-249806113
На строке 30927   в файле   80-249806126
На строке 30928   в файле   80-249807369
На строке 30929   в файле   80-251090947
На строке 30930   в файле   80-251091761
На строке 30931   в файле   80-249808877
На строке 30932   в файле   80-249808941
На строке 30933   в файле   80-249809374
На строке 30934   в файле   80-251092469
На строке 30935   в файле   80-251093160
На строке 30936   в файле   80-249810424
На строке 30937   в файле   80-249811723
На строке 30938   в файле   80-249811746
На строке 30939   в файле   80-249812147
На строке 30940   в файле   80-249812592
На строке 30941   в файле   80-249813047
На строке 30942   в файле   80-252127218
На строке 30943   в файле   80-249813580
На строке 30944   в файле   80-252127226
На строке 30945   в файле   80-249814934
На строке 30946   в файле   80-249815628
На строке 30947   в файле   80-249816397
На строке 30948   в файле   80-249816499
На строке 30949   в файле   80-249816811
На строке 30950   в файле   80-249817105
На строке 30951   в файле   80-249818019
На строке 30952   в файле   80-249818046
На строке 30953   в файле   80-249818047
На строке 30955   в файле   80-249818543
На строке 30956   в файле   80-249818425
На строке 30957   в файле   80-252497088
На строке 30958   в файле   80-249818742
На строке 30959   в файле   80-249819109
На строке 30960   в файле   80-249819263
На строке 30961   в файле   80-249819507
На строке 30962   в файле   80-249819868
На строке 30963   в файле   80-249820038
На строке 30964   в файле   80-249820268
На строке 30965   в файле   80-249820432
На строке 30966   в файле   80-249820663
На строке 30967   в файле   80-249820760
На строке 30968   в файле   80-249821150
На строке 30969   в файле   80-249821543
На строке 30970   в файле   80-249821947
На строке 30971   в файле   80-249822129
На строке 30972   в файле   80-252128320
На строке 30973   в файле   80-252128562
На строке 30974   в файле   80-249823157
На строке 30975   в файле   80-252128558
На строке 30976   в файле   80-249823523
На строке 30977   в файле   80-249823900
На строке 30978   в файле   80-249823927
На строке 30979   в файле   80-249824601
На строке 30980   в файле   80-249824922
На строке 30981   в файле   80-249825258
На строке 30982   в файле   80-249825409
На строке 30983   в файле   80-249825756
На строке 30984   в файле   80-249825785
На строке 30985   в файле   80-249825928
На строке 30986   в файле   80-249826107
На строке 30987   в файле   80-249826293
На строке 30988   в файле   80-249826993
На строке 30989   в файле   80-260564313
На строке 30990   в файле   80-260564256
На строке 30991   в файле   80-260564770
На строке 30992   в файле   80-260564957
На строке 30993   в файле   80-260565273
На строке 30994   в файле   80-260565308
На строке 30995   в файле   80-260565524
На строке 30996   в файле   80-260565614
На строке 30997   в файле   80-260565640
На строке 30998   в файле   80-260565776
На строке 30999   в файле   80-260566158
На строке 31000   в файле   80-260566415
На строке 31001   в файле   80-260566417
На строке 31002   в файле   80-260566705
На строке 31003   в файле   80-260566937
На строке 31004   в файле   80-260566972
На строке 31005   в файле   80-260567455
На строке 31006   в файле   80-260567508
На строке 31007   в файле   80-260567611
На строке 31008   в файле   80-260567942
На строке 31009   в файле   80-249793375
На строке 31010   в файле   80-260563479
На строке 31011   в файле   80-260563429
На строке 31012   в файле   80-260563816
На строке 31013   в файле   80-260763772
На строке 31014   в файле   80-252516939
На строке 31015   в файле   80-252518159
На строке 31016   в файле   80-252632369
На строке 31017   в файле   80-252520565
На строке 31018   в файле   80-252605342
На строке 31019   в файле   80-252522941
На строке 31020   в файле   80-252522861
На строке 31021   в файле   80-252523135
На строке 31022   в файле   80-260763778
На строке 31023   в файле   80-260764187
На строке 31024   в файле   80-260764464
На строке 31025   в файле   80-260764528
На строке 31026   в файле   80-260764468
На строке 31027   в файле   80-260764705
На строке 31028   в файле   80-260764711
На строке 31029   в файле   80-252517370
На строке 31030   в файле   80-252517530
На строке 31031   в файле   80-252517331
На строке 31032   в файле   80-252517332
На строке 31033   в файле   80-252517446
На строке 31034   в файле   80-252517761
На строке 31035   в файле   80-252633150
На строке 31036   в файле   80-252517775
На строке 31037   в файле   80-252517831
На строке 31038   в файле   80-252517967
На строке 31039   в файле   80-252517993
На строке 31040   в файле   80-252518258
На строке 31041   в файле   80-252518367
На строке 31042   в файле   80-252518355
На строке 31043   в файле   80-252632376
На строке 31044   в файле   80-252518422
На строке 31045   в файле   80-252603985
На строке 31046   в файле   80-252603967
На строке 31047   в файле   80-252603989
На строке 31048   в файле   80-252518594
На строке 31049   в файле   80-252519511
На строке 31050   в файле   80-252519680
На строке 31051   в файле   80-252519689
На строке 31052   в файле   80-252519701
На строке 31053   в файле   80-252519707
На строке 31054   в файле   80-252519922
На строке 31055   в файле   80-252520152
На строке 31056   в файле   80-252520107
На строке 31057   в файле   80-252520125
На строке 31058   в файле   80-252520118
На строке 31059   в файле   80-252520328
На строке 31060   в файле   80-252520598
На строке 31061   в файле   80-252520613
На строке 31062   в файле   80-252520618
На строке 31063   в файле   80-252520779
На строке 31064   в файле   80-252521007
На строке 31065   в файле   80-252521028
На строке 31066   в файле   80-252521029
На строке 31067   в файле   80-252521112
На строке 31068   в файле   80-252521202
На строке 31069   в файле   80-252604629
На строке 31070   в файле   80-252605352
На строке 31071   в файле   80-252605298
На строке 31072   в файле   80-252605317
На строке 31073   в файле   80-252522208
На строке 31074   в файле   80-252522419
На строке 31075   в файле   80-252522417
На строке 31076   в файле   80-252522440
На строке 31077   в файле   80-252522450
На строке 31078   в файле   80-252522658
На строке 31079   в файле   80-252522865
На строке 31080   в файле   80-252606138
На строке 31081   в файле   80-252516958
На строке 31082   в файле   80-260763728
На строке 31083   в файле   80-260763415
На строке 31084   в файле   80-260559239
На строке 31085   в файле   80-260559062
На строке 31086   в файле   80-252497077
На строке 31087   в файле   80-252126284
На строке 31088   в файле   80-251092353
На строке 31089   в файле   80-251093963
На строке 31090   в файле   80-249817849
На строке 31091   в файле   80-249819221
На строке 31092   в файле   80-249819457
На строке 31093   в файле   80-249819633
На строке 31094   в файле   80-260559403
На строке 31095   в файле   80-260559737
На строке 31096   в файле   80-260559556
На строке 31097   в файле   80-260559900
На строке 31098   в файле   80-260560264
На строке 31099   в файле   80-260560072
На строке 31100   в файле   80-260560376
На строке 31101   в файле   80-260560519
На строке 31102   в файле   80-260560619
На строке 31103   в файле   80-260560889
На строке 31104   в файле   80-260560801
На строке 31105   в файле   80-260561284
На строке 31106   в файле   80-260561647
На строке 31107   в файле   80-260561226
На строке 31108   в файле   80-260562256
На строке 31109   в файле   80-260562124
На строке 31110   в файле   80-249797193
На строке 31111   в файле   80-249798231
На строке 31112   в файле   80-249798625
На строке 31113   в файле   80-249798934
На строке 31114   в файле   80-249799593
На строке 31115   в файле   80-249800899
На строке 31116   в файле   80-249801286
На строке 31117   в файле   80-249801882
На строке 31118   в файле   80-249802647
На строке 31119   в файле   80-251088566
На строке 31120   в файле   80-249804143
На строке 31121   в файле   80-249804112
На строке 31122   в файле   80-249804649
На строке 31123   в файле   80-249805375
На строке 31124   в файле   80-249805986
На строке 31125   в файле   80-249806128
На строке 31126   в файле   80-249806247
На строке 31127   в файле   80-249806880
На строке 31128   в файле   80-249807117
На строке 31129   в файле   80-249807200
На строке 31130   в файле   80-249807647
На строке 31131   в файле   80-249807696
На строке 31132   в файле   80-251090777
На строке 31133   в файле   80-249808868
На строке 31134   в файле   80-249808881
На строке 31135   в файле   80-249809293
На строке 31136   в файле   80-249810422
На строке 31137   в файле   80-249810879
На строке 31138   в файле   80-249810884
На строке 31139   в файле   80-249811323
На строке 31140   в файле   80-249811335
На строке 31141   в файле   80-249812088
На строке 31142   в файле   80-249812171
На строке 31143   в файле   80-249812567
На строке 31144   в файле   80-249813171
На строке 31145   в файле   80-249813163
На строке 31146   в файле   80-249813378
На строке 31147   в файле   80-251094779
На строке 31148   в файле   80-249814931
На строке 31150   в файле   80-249815091
На строке 31151   в файле   80-249815275
На строке 31152   в файле   80-249815653
На строке 31153   в файле   80-249815802
На строке 31154   в файле   80-249815981
На строке 31155   в файле   80-252126810
На строке 31156   в файле   80-249816409
На строке 31157   в файле   80-249816710
На строке 31158   в файле   80-249818391
На строке 31159   в файле   80-249818767
На строке 31160   в файле   80-249818773
На строке 31161   в файле   80-249794566
На строке 31162   в файле   80-260558756
На строке 31163   в файле   80-260558582
На строке 31164   в файле   80-260558676
На строке 31165   в файле   80-260558789
На строке 31166   в файле   80-260559269
На строке 31167   в файле   80-260559113
На строке 31168   в файле   80-249828789
На строке 31169   в файле   80-249830784
На строке 31170   в файле   80-249830789
На строке 31171   в файле   80-249831131
На строке 31172   в файле   80-249831277
На строке 31173   в файле   80-261231172
На строке 31174   в файле   80-261231494
На строке 31175   в файле   80-260574267
На строке 31176   в файле   80-260574094
На строке 31177   в файле   80-260575068
На строке 31178   в файле   80-260575414
На строке 31179   в файле   80-260575673
На строке 31180   в файле   80-260575702
На строке 31181   в файле   80-261269530
На строке 31182   в файле   80-261231820
На строке 31183   в файле   80-249826647
На строке 31184   в файле   80-249826769
На строке 31185   в файле   80-249827010
На строке 31186   в файле   80-249826978
На строке 31187   в файле   80-249827327
На строке 31188   в файле   80-252128690
На строке 31189   в файле   80-249828056
На строке 31190   в файле   80-249828183
На строке 31191   в файле   80-249828358
На строке 31192   в файле   80-249828468
На строке 31193   в файле   80-259199125
На строке 31194   в файле   80-249828796
На строке 31195   в файле   80-249829141
На строке 31196   в файле   80-260766293
На строке 31197   в файле   80-259171949
На строке 31198   в файле   80-249829449
На строке 31199   в файле   80-249829460
На строке 31200   в файле   80-249829735
На строке 31201   в файле   80-249830255
На строке 31202   в файле   80-249830251
На строке 31203   в файле   80-249830793
На строке 31204   в файле   80-249830720
На строке 31205   в файле   80-249825297
На строке 31206   в файле   80-260572267
На строке 31207   в файле   80-249825635
На строке 31208   в файле   80-260572888
На строке 31209   в файле   80-249826005
На строке 31210   в файле   80-261230335
На строке 31211   в файле   80-249826361
На строке 31212   в файле   80-260573239
На строке 31213   в файле   80-260572566
На строке 31214   в файле   80-261230816
На строке 31215   в файле   80-261231515
На строке 31216   в файле   80-261232054
На строке 31217   в файле   80-259155917
На строке 31218   в файле   80-249829414
На строке 31219   в файле   80-249829730
На строке 31220   в файле   80-260574070
На строке 31221   в файле   80-249831152
На строке 31222   в файле   80-249832517
На строке 31223   в файле   80-249833611
На строке 31224   в файле   80-249833985
На строке 31225   в файле   80-249833959
На строке 31226   в файле   80-249834243
На строке 31227   в файле   80-249834235
На строке 31228   в файле   80-252497521
На строке 31229   в файле   80-260575157
На строке 31230   в файле   80-261268989
На строке 31231   в файле   80-261269294
На строке 31232   в файле   80-261232048
На строке 31233   в файле   80-261232138
На строке 31234   в файле   80-261232396
На строке 31235   в файле   80-261232404
На строке 31236   в файле   80-261232475
На строке 31237   в файле   80-261232474
На строке 31238   в файле   80-260581867
На строке 31239   в файле   80-249831432
На строке 31240   в файле   80-249831592
На строке 31241   в файле   80-249831769
На строке 31242   в файле   80-249831962
На строке 31243   в файле   80-249831771
На строке 31244   в файле   80-249831948
На строке 31245   в файле   80-252129367
На строке 31246   в файле   80-252129373
На строке 31247   в файле   80-249832056
На строке 31248   в файле   80-249832196
На строке 31249   в файле   80-249832392
На строке 31250   в файле   80-249832766
На строке 31251   в файле   80-249832636
На строке 31252   в файле   80-249832769
На строке 31253   в файле   80-249833060
На строке 31254   в файле   80-249833061
На строке 31255   в файле   80-249833065
На строке 31256   в файле   80-249833336
На строке 31257   в файле   80-249833333
На строке 31258   в файле   80-249833574
На строке 31259   в файле   80-249833606
На строке 31260   в файле   80-252129518
На строке 31261   в файле   80-249831115
На строке 31262   в файле   80-260573287
На строке 31263   в файле   80-260573511
На строке 31264   в файле   80-261231191
На строке 31265   в файле   80-260574844
На строке 31266   в файле   80-260594729
На строке 31267   в файле   80-260595352
На строке 31268   в файле   80-252497757
На строке 31269   в файле   80-249833675
На строке 31270   в файле   80-249835216
На строке 31271   в файле   80-249835459
На строке 31272   в файле   80-249835490
На строке 31273   в файле   80-252130225
На строке 31274   в файле   80-252130232
На строке 31275   в файле   80-252130584
На строке 31276   в файле   80-261233189
На строке 31277   в файле   80-261233431
На строке 31278   в файле   80-261233366
На строке 31279   в файле   80-260601540
На строке 31280   в файле   80-260603029
На строке 31281   в файле   80-261233459
На строке 31282   в файле   80-261269522
На строке 31283   в файле   80-260604488
На строке 31284   в файле   80-260606698
На строке 31285   в файле   80-260605369
На строке 31286   в файле   80-249832333
На строке 31287   в файле   80-249832467
На строке 31288   в файле   80-249832773
На строке 31289   в файле   80-252129638
На строке 31290   в файле   80-249832770
На строке 31291   в файле   80-249833063
На строке 31292   в файле   80-249833331
На строке 31293   в файле   80-249833329
На строке 31294   в файле   80-249833700
На строке 31295   в файле   80-249833841
На строке 31296   в файле   80-249833929
На строке 31297   в файле   80-249834080
На строке 31298   в файле   80-249834184
На строке 31299   в файле   80-249834244
На строке 31300   в файле   80-252129781
На строке 31301   в файле   80-249834844
На строке 31302   в файле   80-249834974
На строке 31303   в файле   80-249834995
На строке 31304   в файле   80-249835101
На строке 31305   в файле   80-249835238
На строке 31306   в файле   80-249835243
На строке 31307   в файле   80-249831161
На строке 31308   в файле   80-260584910
На строке 31309   в файле   80-249831451
На строке 31310   в файле   80-260585779
На строке 31311   в файле   80-249832202
На строке 31312   в файле   80-260592291
На строке 31313   в файле   80-249832211
На строке 31314   в файле   80-260591035
На строке 31315   в файле   80-252129237
На строке 31316   в файле   80-260591206
На строке 31317   в файле   80-260584492
На строке 31318   в файле   80-260589855
На строке 31319   в файле   80-260593495
На строке 31320   в файле   80-261233125
На строке 31321   в файле   80-260598218
На строке 31322   в файле   80-260598526
На строке 31323   в файле   80-260598874
На строке 31324   в файле   80-261234970
На строке 31325   в файле   80-249832323
На строке 31326   в файле   80-249834135
На строке 31327   в файле   80-249835532
На строке 31328   в файле   80-252130585
На строке 31329   в файле   80-252497970
На строке 31330   в файле   80-249835887
На строке 31331   в файле   80-252497963
На строке 31332   в файле   80-252497992
На строке 31333   в файле   80-261235082
На строке 31334   в файле   80-261269785
На строке 31335   в файле   80-261235259
На строке 31336   в файле   80-261235378
На строке 31337   в файле   80-261235470
На строке 31338   в файле   80-261235521
На строке 31339   в файле   80-261269976
На строке 31340   в файле   80-261269968
На строке 31341   в файле   80-261235780
На строке 31342   в файле   80-249832484
На строке 31343   в файле   80-249832672
На строке 31344   в файле   80-249832896
На строке 31345   в файле   80-249833058
На строке 31346   в файле   80-249833171
На строке 31347   в файле   80-249833327
На строке 31348   в файле   80-249833439
На строке 31349   в файле   80-249833634
На строке 31350   в файле   80-249833848
На строке 31351   в файле   80-249833873
На строке 31352   в файле   80-252129651
На строке 31353   в файле   80-252129914
На строке 31354   в файле   80-252129910
На строке 31355   в файле   80-252130089
На строке 31356   в файле   80-249834938
На строке 31357   в файле   80-249834969
На строке 31358   в файле   80-249834970
На строке 31359   в файле   80-249835231
На строке 31360   в файле   80-249835280
На строке 31361   в файле   80-249835359
На строке 31362   в файле   80-249835548
На строке 31363   в файле   80-249831427
На строке 31364   в файле   80-261234282
На строке 31365   в файле   80-249831460
На строке 31366   в файле   80-260622327
На строке 31367   в файле   80-249831641
На строке 31368   в файле   80-261234624
На строке 31369   в файле   80-249831772
На строке 31370   в файле   80-261234851
На строке 31371   в файле   80-249831821
На строке 31372   в файле   80-249832047
На строке 31373   в файле   80-261234842
На строке 31374   в файле   80-249832097
На строке 31375   в файле   80-261235103
На строке 31376   в файле   80-261234359
На строке 31377   в файле   80-260628693
На строке 31378   в файле   80-252131448
На строке 31379   в файле   80-249837051
На строке 31380   в файле   80-249837869
На строке 31381   в файле   80-249839555
На строке 31382   в файле   80-249840577
На строке 31383   в файле   80-249840639
На строке 31384   в файле   80-252132512
На строке 31385   в файле   80-252133096
На строке 31386   в файле   80-260631722
На строке 31387   в файле   80-260632631
На строке 31388   в файле   80-260632330
На строке 31389   в файле   80-260631451
На строке 31390   в файле   80-260631536
На строке 31391   в файле   80-261236039
На строке 31392   в файле   80-261236122
На строке 31393   в файле   80-261236382
На строке 31394   в файле   80-261236395
На строке 31395   в файле   80-261236248
На строке 31396   в файле   80-252131442
На строке 31397   в файле   80-249836685
На строке 31398   в файле   80-249836804
На строке 31399   в файле   80-249836815
На строке 31400   в файле   80-249836784
На строке 31401   в файле   80-249836823
На строке 31402   в файле   80-249836821
На строке 31403   в файле   80-249836940
На строке 31404   в файле   80-249837015
На строке 31405   в файле   80-249837027
На строке 31406   в файле   80-249837076
На строке 31407   в файле   80-249837206
На строке 31408   в файле   80-249837332
На строке 31409   в файле   80-249837330
На строке 31410   в файле   80-249837383
На строке 31411   в файле   80-249837365
На строке 31412   в файле   80-249837585
На строке 31413   в файле   80-249837614
На строке 31414   в файле   80-249837739
На строке 31415   в файле   80-249837875
На строке 31416   в файле   80-249838099
На строке 31417   в файле   80-249838268
На строке 31418   в файле   80-249838216
На строке 31419   в файле   80-249838372
На строке 31420   в файле   80-249838522
На строке 31421   в файле   80-252498395
На строке 31422   в файле   80-249839121
На строке 31423   в файле   80-249839504
На строке 31424   в файле   80-249839705
На строке 31425   в файле   80-249839631
На строке 31426   в файле   80-249839805
На строке 31427   в файле   80-249839909
На строке 31428   в файле   80-252132184
На строке 31429   в файле   80-249840290
На строке 31430   в файле   80-249840398
На строке 31431   в файле   80-252131296
На строке 31432   в файле   80-261236118
На строке 31433   в файле   80-252587373
На строке 31434   в файле   80-261236103
На строке 31435   в файле   80-260626734
На строке 31436   в файле   80-260628039
На строке 31437   в файле   80-261269940
На строке 31438   в файле   80-260631084
На строке 31439   в файле   80-260629983
На строке 31440   в файле   80-260630745
На строке 31441   в файле   80-249837061
На строке 31442   в файле   80-252132551
На строке 31443   в файле   80-252132911
На строке 31444   в файле   80-261235931
На строке 31445   в файле   80-249837323
На строке 31446   в файле   80-249839284
На строке 31447   в файле   80-249840288
На строке 31448   в файле   80-249840564
На строке 31449   в файле   80-249840805
На строке 31450   в файле   80-249840808
На строке 31451   в файле   80-249841512
На строке 31452   в файле   80-249841529
На строке 31453   в файле   80-260627358
На строке 31454   в файле   80-260627625
На строке 31455   в файле   80-260628727
На строке 31456   в файле   80-260628332
На строке 31457   в файле   80-260629237
На строке 31458   в файле   80-261236020
На строке 31459   в файле   80-260629406
На строке 31460   в файле   80-260630357
На строке 31461   в файле   80-260630688
На строке 31462   в файле   80-260630127
На строке 31463   в файле   80-249837479
На строке 31464   в файле   80-249837581
На строке 31465   в файле   80-249837633
На строке 31466   в файле   80-249837843
На строке 31467   в файле   80-249837986
На строке 31468   в файле   80-249838100
На строке 31469   в файле   80-249838230
На строке 31470   в файле   80-249838413
На строке 31471   в файле   80-252131778
На строке 31472   в файле   80-252132152
На строке 31473   в файле   80-249839293
На строке 31474   в файле   80-249839272
На строке 31475   в файле   80-249839541
На строке 31476   в файле   80-249839788
На строке 31477   в файле   80-249839808
На строке 31478   в файле   80-249839964
На строке 31479   в файле   80-249840066
На строке 31480   в файле   80-249840062
На строке 31481   в файле   80-249840072
На строке 31482   в файле   80-249840172
На строке 31483   в файле   80-249840277
На строке 31484   в файле   80-260625470
На строке 31485   в файле   80-260627159
На строке 31486   в файле   80-260626804
На строке 31487   в файле   80-260634299
На строке 31488   в файле   80-249837987
На строке 31489   в файле   80-249839799
На строке 31490   в файле   80-249841346
На строке 31491   в файле   80-249841899
На строке 31492   в файле   80-249842257
На строке 31493   в файле   80-249842255
На строке 31494   в файле   80-249842289
На строке 31495   в файле   80-249842290
На строке 31496   в файле   80-260633953
На строке 31497   в файле   80-260634160
На строке 31498   в файле   80-260634818
На строке 31499   в файле   80-260634709
На строке 31500   в файле   80-260634850
На строке 31501   в файле   80-260635703
На строке 31502   в файле   80-260635979
На строке 31503   в файле   80-260636266
На строке 31504   в файле   80-260637463
На строке 31505   в файле   80-249838116
На строке 31506   в файле   80-249838367
На строке 31507   в файле   80-252497966
На строке 31508   в файле   80-252131807
На строке 31509   в файле   80-252131617
На строке 31510   в файле   80-249839266
На строке 31511   в файле   80-249839309
На строке 31512   в файле   80-249839424
На строке 31513   в файле   80-252131985
На строке 31514   в файле   80-249839531
На строке 31515   в файле   80-249840063
На строке 31516   в файле   80-249840151
На строке 31517   в файле   80-249840316
На строке 31518   в файле   80-249840401
На строке 31519   в файле   80-252498561
На строке 31520   в файле   80-249840694
На строке 31521   в файле   80-249840553
На строке 31522   в файле   80-249840637
На строке 31523   в файле   80-252132339
На строке 31524   в файле   80-252132729
На строке 31525   в файле   80-249841536
На строке 31526   в файле   80-249841550
На строке 31527   в файле   80-249841515
На строке 31528   в файле   80-249841632
На строке 31529   в файле   80-249841766
На строке 31530   в файле   80-249841762
На строке 31531   в файле   80-249841769
На строке 31532   в файле   80-249841791
На строке 31533   в файле   80-249841796
На строке 31534   в файле   80-249842049
На строке 31535   в файле   80-249842033
На строке 31536   в файле   80-249842028
На строке 31537   в файле   80-249842055
На строке 31538   в файле   80-249842072
На строке 31539   в файле   80-249842139
На строке 31540   в файле   80-249842256
На строке 31541   в файле   80-249837611
На строке 31542   в файле   80-260633365
На строке 31543   в файле   80-249837807
На строке 31544   в файле   80-260633314
На строке 31545   в файле   80-260633266
На строке 31546   в файле   80-261236931
На строке 31547   в файле   80-249842536
На строке 31548   в файле   80-252133117
На строке 31549   в файле   80-249843656
На строке 31550   в файле   80-249845112
На строке 31551   в файле   80-249847118
На строке 31552   в файле   80-249848185
На строке 31553   в файле   80-252137337
На строке 31554   в файле   80-249850967
На строке 31555   в файле   80-249851125
На строке 31556   в файле   80-260648055
На строке 31557   в файле   80-260651877
На строке 31558   в файле   80-261237735
На строке 31559   в файле   80-260658399
На строке 31560   в файле   80-260661315
На строке 31561   в файле   80-261237970
На строке 31562   в файле   80-261237948
На строке 31563   в файле   80-261237934
На строке 31564   в файле   80-260663324
На строке 31565   в файле   80-260662627
На строке 31566   в файле   80-249842539
На строке 31567   в файле   80-249842560
На строке 31568   в файле   80-249842556
На строке 31569   в файле   80-249842652
На строке 31570   в файле   80-249842815
На строке 31571   в файле   80-249842821
На строке 31572   в файле   80-249842845
На строке 31573   в файле   80-249842838
На строке 31574   в файле   80-249842827
На строке 31575   в файле   80-249842912
На строке 31576   в файле   80-252498393
На строке 31577   в файле   80-252133256
На строке 31578   в файле   80-252133489
На строке 31579   в файле   80-252133492
На строке 31580   в файле   80-252498177
На строке 31581   в файле   80-249843530
На строке 31582   в файле   80-249843638
На строке 31583   в файле   80-249843626
На строке 31584   в файле   80-249843635
На строке 31585   в файле   80-249843646
На строке 31586   в файле   80-249843771
На строке 31587   в файле   80-249843868
На строке 31588   в файле   80-252133894
На строке 31589   в файле   80-249844191
На строке 31590   в файле   80-249844363
На строке 31591   в файле   80-249844321
На строке 31592   в файле   80-249844452
На строке 31593   в файле   80-252133927
На строке 31594   в файле   80-252133676
На строке 31595   в файле   80-249845009
На строке 31596   в файле   80-252498381
На строке 31597   в файле   80-252134814
На строке 31598   в файле   80-249846081
На строке 31599   в файле   80-249846250
На строке 31600   в файле   80-249846269
На строке 31601   в файле   80-249846361
На строке 31602   в файле   80-249846540
На строке 31603   в файле   80-249846533
На строке 31604   в файле   80-249846675
На строке 31605   в файле   80-249846797
На строке 31606   в файле   80-249846809
На строке 31607   в файле   80-249847198
На строке 31608   в файле   80-252135051
На строке 31609   в файле   80-249847407
На строке 31610   в файле   80-249847528
На строке 31611   в файле   80-249847683
На строке 31612   в файле   80-252587987
На строке 31613   в файле   80-249847907
На строке 31614   в файле   80-252135779
На строке 31615   в файле   80-249847939
На строке 31617   в файле   80-249847888
На строке 31618   в файле   80-249848017
На строке 31619   в файле   80-249848280
На строке 31620   в файле   80-249848413
На строке 31621   в файле   80-249848622
На строке 31622   в файле   80-249848723
На строке 31623   в файле   80-252498783
На строке 31624   в файле   80-249848859
На строке 31625   в файле   80-249848972
На строке 31626   в файле   80-249849119
На строке 31627   в файле   80-249849100
На строке 31628   в файле   80-249849041
На строке 31629   в файле   80-252136742
На строке 31630   в файле   80-249849305
На строке 31631   в файле   80-249850239
На строке 31632   в файле   80-249850394
На строке 31633   в файле   80-249850382
На строке 31634   в файле   80-249850508
На строке 31635   в файле   80-249850642
На строке 31636   в файле   80-249850637
На строке 31637   в файле   80-249850766
На строке 31638   в файле   80-249850747
На строке 31639   в файле   80-249850889
На строке 31640   в файле   80-249850859
На строке 31641   в файле   80-249851237
На строке 31642   в файле   80-249851242
На строке 31643   в файле   80-249851381
На строке 31644   в файле   80-249851373
На строке 31645   в файле   80-249851502
На строке 31646   в файле   80-249851500
На строке 31647   в файле   80-249851623
На строке 31648   в файле   80-249851605
На строке 31649   в файле   80-249851744
На строке 31650   в файле   80-249851795
На строке 31651   в файле   80-260648729
На строке 31652   в файле   80-261237117
На строке 31653   в файле   80-261237130
На строке 31654   в файле   80-261236972
На строке 31655   в файле   80-261275545
На строке 31656   в файле   80-260649629
На строке 31657   в файле   80-260650371
На строке 31658   в файле   80-260649716
На строке 31659   в файле   80-261237224
На строке 31660   в файле   80-260650376
На строке 31661   в файле   80-260651101
На строке 31662   в файле   80-260650914
На строке 31663   в файле   80-260651035
На строке 31664   в файле   80-260651577
На строке 31665   в файле   80-260652445
На строке 31666   в файле   80-261237235
На строке 31667   в файле   80-260653244
На строке 31668   в файле   80-260653621
На строке 31669   в файле   80-260654502
На строке 31670   в файле   80-260654834
На строке 31671   в файле   80-260655744
На строке 31672   в файле   80-260655664
На строке 31673   в файле   80-261237298
На строке 31674   в файле   80-261277222
На строке 31675   в файле   80-261237530
На строке 31676   в файле   80-260656345
На строке 31677   в файле   80-261237414
На строке 31678   в файле   80-261237538
На строке 31679   в файле   80-261237645
На строке 31680   в файле   80-260657168
На строке 31681   в файле   80-261237693
На строке 31682   в файле   80-260657390
На строке 31683   в файле   80-260657416
На строке 31684   в файле   80-260657503
На строке 31685   в файле   80-261237686
На строке 31686   в файле   80-260657981
На строке 31687   в файле   80-260658010
На строке 31688   в файле   80-260658636
На строке 31689   в файле   80-260658593
На строке 31690   в файле   80-260658588
На строке 31691   в файле   80-260659279
На строке 31692   в файле   80-260659704
На строке 31693   в файле   80-260659409
На строке 31694   в файле   80-260660225
На строке 31695   в файле   80-260660012
На строке 31696   в файле   80-260660163
На строке 31697   в файле   80-260660896
На строке 31698   в файле   80-261237910
На строке 31699   в файле   80-260661544
На строке 31700   в файле   80-260661618
На строке 31701   в файле   80-260662042
На строке 31702   в файле   80-261237945
На строке 31703   в файле   80-261237723
На строке 31704   в файле   80-249842387
На строке 31705   в файле   80-261270169
На строке 31706   в файле   80-249842551
На строке 31707   в файле   80-260647289
На строке 31708   в файле   80-260645862
На строке 31709   в файле   80-260646298
На строке 31710   в файле   80-261236919
На строке 31711   в файле   80-260639192
На строке 31712   в файле   80-249844568
На строке 31713   в файле   80-249845126
На строке 31714   в файле   80-249845158
На строке 31715   в файле   80-249845389
На строке 31716   в файле   80-249845371
На строке 31717   в файле   80-252134342
На строке 31718   в файле   80-252134137
На строке 31719   в файле   80-260639152
На строке 31720   в файле   80-260640050
На строке 31721   в файле   80-261236335
На строке 31722   в файле   80-260640849
На строке 31723   в файле   80-261236399
На строке 31724   в файле   80-261236479
На строке 31725   в файле   80-260640803
На строке 31726   в файле   80-260641525
На строке 31727   в файле   80-249844836
На строке 31728   в файле   80-249844848
На строке 31729   в файле   80-249843883
На строке 31730   в файле   80-260638042
На строке 31731   в файле   80-249843905
На строке 31732   в файле   80-249843906
На строке 31733   в файле   80-260637689
На строке 31734   в файле   80-249844052
На строке 31735   в файле   80-249844173
На строке 31736   в файле   80-260637803
На строке 31737   в файле   80-260635780
На строке 31738   в файле   80-260636212
На строке 31739   в файле   80-260636347
На строке 31740   в файле   80-260637550
На строке 31741   в файле   80-260637624
На строке 31742   в файле   80-260645631
На строке 31743   в файле   80-249846528
На строке 31744   в файле   80-252135755
На строке 31745   в файле   80-249848947
На строке 31746   в файле   80-252136680
На строке 31747   в файле   80-252136884
На строке 31748   в файле   80-252137344
На строке 31749   в файле   80-249850379
На строке 31750   в файле   80-252498849
На строке 31751   в файле   80-260646014
На строке 31752   в файле   80-260646481
На строке 31753   в файле   80-261236850
На строке 31754   в файле   80-260648044
На строке 31755   в файле   80-260647547
На строке 31756   в файле   80-260648640
На строке 31757   в файле   80-260648218
На строке 31758   в файле   80-260649560
На строке 31759   в файле   80-261237040
На строке 31760   в файле   80-260650174
На строке 31761   в файле   80-249846790
На строке 31762   в файле   80-249846814
На строке 31763   в файле   80-249846946
На строке 31764   в файле   80-249847115
На строке 31765   в файле   80-249847194
На строке 31766   в файле   80-249847423
На строке 31767   в файле   80-249847377
На строке 31768   в файле   80-252135302
На строке 31769   в файле   80-252135531
На строке 31770   в файле   80-249847751
На строке 31771   в файле   80-249847913
На строке 31772   в файле   80-252136238
На строке 31773   в файле   80-249848180
На строке 31774   в файле   80-249848402
На строке 31775   в файле   80-249848379
На строке 31776   в файле   80-249848507
На строке 31777   в файле   80-249848642
На строке 31778   в файле   80-249848644
На строке 31779   в файле   80-249848710
На строке 31780   в файле   80-249848953
На строке 31781   в файле   80-252136452
На строке 31782   в файле   80-249849193
На строке 31783   в файле   80-249849163
На строке 31784   в файле   80-249843887
На строке 31785   в файле   80-260643867
На строке 31786   в файле   80-249844433
На строке 31787   в файле   80-260644058
На строке 31788   в файле   80-249844615
На строке 31789   в файле   80-260643564
На строке 31790   в файле   80-249844686
На строке 31791   в файле   80-260644355
На строке 31792   в файле   80-249844714
На строке 31793   в файле   80-261269989
На строке 31794   в файле   80-249844835
На строке 31795   в файле   80-260645276
На строке 31796   в файле   80-249844982
На строке 31797   в файле   80-261236748
На строке 31798   в файле   80-249845269
На строке 31799   в файле   80-260645585
На строке 31800   в файле   80-249845403
На строке 31801   в файле   80-252134353
На строке 31802   в файле   80-260644801
На строке 31803   в файле   80-260644062
На строке 31804   в файле   80-260641189
На строке 31805   в файле   80-249845114
На строке 31806   в файле   80-249847099
На строке 31807   в файле   80-249848283
На строке 31808   в файле   80-249848518
На строке 31809   в файле   80-249848597
На строке 31810   в файле   80-249848885
На строке 31811   в файле   80-249848832
На строке 31812   в файле   80-252498589
На строке 31813   в файле   80-260642212
На строке 31814   в файле   80-261236685
На строке 31815   в файле   80-260642901
На строке 31816   в файле   80-260641774
На строке 31817   в файле   80-260642134
На строке 31818   в файле   80-261236627
На строке 31819   в файле   80-260642532
На строке 31820   в файле   80-261236695
На строке 31821   в файле   80-261236628
На строке 31822   в файле   80-261236495
На строке 31823   в файле   80-249845411
На строке 31824   в файле   80-249845452
На строке 31825   в файле   80-252134582
На строке 31826   в файле   80-249846219
На строке 31827   в файле   80-249846255
На строке 31828   в файле   80-249846260
На строке 31829   в файле   80-249846522
На строке 31830   в файле   80-249846524
На строке 31831   в файле   80-252134877
На строке 31832   в файле   80-249846937
На строке 31833   в файле   80-249847202
На строке 31834   в файле   80-249847521
На строке 31835   в файле   80-249847500
На строке 31836   в файле   80-249847681
На строке 31837   в файле   80-252135281
На строке 31838   в файле   80-252587186
На строке 31839   в файле   80-252135987
На строке 31840   в файле   80-249848009
На строке 31841   в файле   80-249848187
На строке 31842   в файле   80-249848434
На строке 31843   в файле   80-249844156
На строке 31844   в файле   80-260639392
На строке 31845   в файле   80-249844160
На строке 31846   в файле   80-260639226
На строке 31847   в файле   80-249844449
На строке 31848   в файле   80-261236254
На строке 31849   в файле   80-249844712
На строке 31850   в файле   80-260640619
На строке 31851   в файле   80-260639521
На строке 31852   в файле   80-260666118
На строке 31853   в файле   80-249852285
На строке 31854   в файле   80-249853414
На строке 31855   в файле   80-252139144
На строке 31856   в файле   80-249858713
На строке 31857   в файле   80-249860739
На строке 31858   в файле   80-252142663
На строке 31859   в файле   80-260666694
На строке 31860   в файле   80-260667609
На строке 31861   в файле   80-260669047
На строке 31862   в файле   80-260669997
На строке 31863   в файле   80-261238138
На строке 31864   в файле   80-261238169
На строке 31865   в файле   80-261238661
На строке 31866   в файле   80-261238379
На строке 31867   в файле   80-261238434
На строке 31868   в файле   80-260671233
На строке 31869   в файле   80-261238862
На строке 31870   в файле   80-249852411
На строке 31871   в файле   80-252138052
На строке 31872   в файле   80-249852596
На строке 31873   в файле   80-252138556
На строке 31874   в файле   80-252138911
На строке 31875   в файле   80-249852876
На строке 31876   в файле   80-249852857
На строке 31877   в файле   80-249853143
На строке 31878   в файле   80-249853135
На строке 31879   в файле   80-249853112
На строке 31880   в файле   80-252138323
На строке 31881   в файле   80-249853567
На строке 31882   в файле   80-249853711
На строке 31883   в файле   80-249853859
На строке 31884   в файле   80-249854014
На строке 31885   в файле   80-252139156
На строке 31886   в файле   80-249854311
На строке 31887   в файле   80-249854308
На строке 31888   в файле   80-249854323
На строке 31889   в файле   80-249854565
На строке 31890   в файле   80-252499309
На строке 31891   в файле   80-252139744
На строке 31892   в файле   80-249855269
На строке 31893   в файле   80-249855399
На строке 31894   в файле   80-249855754
На строке 31895   в файле   80-249855749
На строке 31896   в файле   80-249856192
На строке 31897   в файле   80-249856202
На строке 31898   в файле   80-252140377
На строке 31899   в файле   80-252140985
На строке 31900   в файле   80-252140670
На строке 31901   в файле   80-252140963
На строке 31902   в файле   80-252499067
На строке 31903   в файле   80-249857561
На строке 31904   в файле   80-249857706
На строке 31905   в файле   80-249857703
На строке 31906   в файле   80-249857767
На строке 31907   в файле   80-249857923
На строке 31908   в файле   80-249858021
На строке 31909   в файле   80-249858238
На строке 31910   в файле   80-249858270
На строке 31911   в файле   80-249858405
На строке 31912   в файле   80-249858613
На строке 31913   в файле   80-249859074
На строке 31914   в файле   80-249858932
На строке 31915   в файле   80-249859059
На строке 31916   в файле   80-252141294
На строке 31917   в файле   80-252141601
На строке 31918   в файле   80-252142011
На строке 31919   в файле   80-249860142
На строке 31920   в файле   80-252141956
На строке 31921   в файле   80-249860094
На строке 31922   в файле   80-249860244
На строке 31923   в файле   80-249860467
На строке 31924   в файле   80-249860764
На строке 31925   в файле   80-249852052
На строке 31926   в файле   80-260663366
На строке 31927   в файле   80-249852282
На строке 31928   в файле   80-260664577
На строке 31929   в файле   80-260662924
На строке 31930   в файле   80-260653282
На строке 31931   в файле   80-260653693
На строке 31932   в файле   80-249850384
На строке 31933   в файле   80-249851514
На строке 31934   в файле   80-249852595
На строке 31935   в файле   80-252138620
На строке 31936   в файле   80-249854305
На строке 31937   в файле   80-249855874
На строке 31938   в файле   80-252140079
На строке 31939   в файле   80-260655050
На строке 31940   в файле   80-260655009
На строке 31941   в файле   80-260654696
На строке 31942   в файле   80-261237431
На строке 31943   в файле   80-260655974
На строке 31944   в файле   80-260656112
На строке 31945   в файле   80-260656257
На строке 31946   в файле   80-261237438
На строке 31947   в файле   80-261237417
На строке 31948   в файле   80-261237721
На строке 31949   в файле   80-249850380
На строке 31950   в файле   80-249850645
На строке 31951   в файле   80-249850627
На строке 31952   в файле   80-249850893
На строке 31953   в файле   80-249850862
На строке 31954   в файле   80-249850999
На строке 31955   в файле   80-252498844
На строке 31956   в файле   80-249851240
На строке 31957   в файле   80-249851133
На строке 31958   в файле   80-249851236
На строке 31959   в файле   80-249851516
На строке 31960   в файле   80-249851791
На строке 31961   в файле   80-249851745
На строке 31962   в файле   80-252138050
На строке 31963   в файле   80-249851884
На строке 31964   в файле   80-249851870
На строке 31965   в файле   80-249852006
На строке 31966   в файле   80-249852030
На строке 31967   в файле   80-249852283
На строке 31968   в файле   80-249852288
На строке 31969   в файле   80-249852593
На строке 31970   в файле   80-249852600
На строке 31971   в файле   80-249852592
На строке 31972   в файле   80-249852896
На строке 31973   в файле   80-249852871
На строке 31974   в файле   80-249852703
На строке 31975   в файле   80-249852860
На строке 31976   в файле   80-249853124
На строке 31977   в файле   80-249852984
На строке 31978   в файле   80-249853125
На строке 31979   в файле   80-249853428
На строке 31980   в файле   80-249853432
На строке 31981   в файле   80-249853253
На строке 31982   в файле   80-249853444
На строке 31983   в файле   80-249853713
На строке 31984   в файле   80-249853674
На строке 31985   в файле   80-249853748
На строке 31986   в файле   80-249853673
На строке 31987   в файле   80-249854000
На строке 31988   в файле   80-249854022
На строке 31989   в файле   80-249854027
На строке 31990   в файле   80-249854258
На строке 31991   в файле   80-249854578
На строке 31992   в файле   80-249854603
На строке 31993   в файле   80-249854504
На строке 31994   в файле   80-252139508
На строке 31995   в файле   80-249855430
На строке 31996   в файле   80-249855425
На строке 31997   в файле   80-249855436
На строке 31998   в файле   80-249855597
На строке 31999   в файле   80-249855729
На строке 32000   в файле   80-249856028
На строке 32001   в файле   80-249856066
На строке 32002   в файле   80-249856097
На строке 32003   в файле   80-252140360
На строке 32004   в файле   80-249856727
На строке 32005   в файле   80-252136229
На строке 32006   в файле   80-260652600
На строке 32007   в файле   80-252137168
На строке 32008   в файле   80-260652516
На строке 32009   в файле   80-260652356
На строке 32010   в файле   80-260654020
На строке 32011   в файле   80-259830329
На строке 32012   в файле   80-251615913
На строке 32013   в файле   80-261261814
На строке 32014   в файле   80-261237221
На строке 32015   в файле   80-249853965
На строке 32016   в файле   80-249854098
На строке 32017   в файле   80-249854381
На строке 32018   в файле   80-252499006
На строке 32019   в файле   80-252139767
На строке 32020   в файле   80-249855443
На строке 32021   в файле   80-249855735
На строке 32022   в файле   80-249855730
На строке 32023   в файле   80-249856026
На строке 32024   в файле   80-249853394
На строке 32025   в файле   80-260647048
На строке 32026   в файле   80-261236815
На строке 32027   в файле   80-261238825
На строке 32028   в файле   80-249859068
На строке 32029   в файле   80-252143616
На строке 32030   в файле   80-249866219
На строке 32031   в файле   80-249868768
На строке 32032   в файле   80-249871068
На строке 32033   в файле   80-249873382
На строке 32034   в файле   80-249874784
На строке 32035   в файле   80-249874937
На строке 32036   в файле   80-260671728
На строке 32037   в файле   80-260672581
На строке 32038   в файле   80-260672991
На строке 32039   в файле   80-260673030
На строке 32040   в файле   80-261239093
На строке 32041   в файле   80-260676273
На строке 32042   в файле   80-260676134
На строке 32043   в файле   80-260675795
На строке 32044   в файле   80-260676820
На строке 32045   в файле   80-260677672
На строке 32046   в файле   80-249859076
На строке 32047   в файле   80-249859223
На строке 32048   в файле   80-249860134
На строке 32049   в файле   80-249860096
На строке 32050   в файле   80-249860576
На строке 32051   в файле   80-249860481
На строке 32052   в файле   80-249860641
На строке 32053   в файле   80-249860947
На строке 32054   в файле   80-249860906
На строке 32055   в файле   80-249862261
На строке 32056   в файле   80-252499530
На строке 32057   в файле   80-249863546
На строке 32058   в файле   80-249863958
На строке 32059   в файле   80-249864187
На строке 32060   в файле   80-249864270
На строке 32061   в файле   80-252144370
На строке 32062   в файле   80-249865442
На строке 32063   в файле   80-249865585
На строке 32064   в файле   80-249865743
На строке 32065   в файле   80-249865931
На строке 32066   в файле   80-249866397
На строке 32067   в файле   80-249866731
На строке 32068   в файле   80-249866618
На строке 32069   в файле   80-249867001
На строке 32070   в файле   80-249867111
На строке 32071   в файле   80-252146504
На строке 32072   в файле   80-249867490
На строке 32073   в файле   80-252146524
На строке 32074   в файле   80-249867933
На строке 32075   в файле   80-249868165
На строке 32076   в файле   80-249868851
На строке 32077   в файле   80-249869133
На строке 32078   в файле   80-252500099
На строке 32079   в файле   80-249869982
На строке 32080   в файле   80-252148808
На строке 32081   в файле   80-249870196
На строке 32082   в файле   80-249870511
На строке 32083   в файле   80-249870523
На строке 32084   в файле   80-249870816
На строке 32085   в файле   80-249871063
На строке 32086   в файле   80-249871200
На строке 32087   в файле   80-249871387
На строке 32088   в файле   80-249871670
На строке 32089   в файле   80-252149798
На строке 32090   в файле   80-249872387
На строке 32091   в файле   80-249872388
На строке 32092   в файле   80-249872532
На строке 32093   в файле   80-249872709
На строке 32094   в файле   80-249872940
На строке 32095   в файле   80-249873221
На строке 32096   в файле   80-249874027
На строке 32097   в файле   80-249874201
На строке 32099   в файле   80-249874507
На строке 32100   в файле   80-249858029
На строке 32101   в файле   80-260665091
На строке 32102   в файле   80-249858060
На строке 32103   в файле   80-260666154
На строке 32104   в файле   80-249858372
На строке 32105   в файле   80-260668478
На строке 32106   в файле   80-249858390
На строке 32107   в файле   80-260668649
На строке 32108   в файле   80-249858548
На строке 32109   в файле   80-261238244
На строке 32110   в файле   80-249858711
На строке 32111   в файле   80-261238469
На строке 32112   в файле   80-249858725
На строке 32113   в файле   80-261270403
На строке 32114   в файле   80-249858594
На строке 32115   в файле   80-261238662
На строке 32116   в файле   80-260669075
На строке 32117   в файле   80-259838782
На строке 32118   в файле   80-252526951
На строке 32119   в файле   80-246751573
На строке 32120   в файле   80-261120142
На строке 32121   в файле   80-261120250
На строке 32122   в файле   80-251618032
На строке 32123   в файле   80-261119652
На строке 32124   в файле   80-261119729
На строке 32125   в файле   80-261119760
На строке 32126   в файле   ;;Долевая собственность, № 54:36:020115:18-54/007/2019-7 от 30.10.2019, 4/8;4;8;https://yadi.sk/d/us-vTYUjMcb3qQ;https://yadi.sk/d/xf5RMj1g5TMAkg;;2022-08-29 11:42:08
На строке 32127   в файле   80-261119772
На строке 32128   в файле   ;;Долевая собственность, № 54:36:020115:18-54/007/2019-7 от 30.10.2019, 4/8;4;8;https://yadi.sk/d/PI6wNczboTAqsw;https://yadi.sk/d/4Pt6t9e0fsHaQw;;2022-08-29 11:42:08
На строке 32129   в файле   80-260667330
На строке 32130   в файле   80-249860425
На строке 32131   в файле   80-252499234
На строке 32132   в файле   80-249865253
На строке 32133   в файле   80-249865618
На строке 32134   в файле   80-249865936
На строке 32135   в файле   80-249866383
На строке 32136   в файле   80-249866628
На строке 32137   в файле   80-249866783
На строке 32138   в файле   80-249867341
На строке 32139   в файле   80-261238168
На строке 32140   в файле   80-261238366
На строке 32141   в файле   80-261238571
На строке 32142   в файле   80-261238637
На строке 32143   в файле   80-261238819
На строке 32144   в файле   80-261238861
На строке 32145   в файле   80-261238920
На строке 32146   в файле   80-260673133
На строке 32147   в файле   80-260674420
На строке 32148   в файле   80-261239067
На строке 32149   в файле   80-249860584
На строке 32150   в файле   80-252142307
На строке 32151   в файле   80-252142282
На строке 32152   в файле   80-252142607
На строке 32153   в файле   80-252142949
На строке 32154   в файле   80-249861919
На строке 32155   в файле   80-249861868
На строке 32156   в файле   80-252499459
На строке 32157   в файле   80-252143719
На строке 32158   в файле   80-249863522
На строке 32159   в файле   80-249863505
На строке 32160   в файле   80-249863515
На строке 32161   в файле   80-249863844
На строке 32162   в файле   80-249863846
На строке 32163   в файле   80-252143982
На строке 32164   в файле   80-249864173
На строке 32165   в файле   80-252499478
На строке 32166   в файле   80-252499969
На строке 32167   в файле   80-249865611
На строке 32168   в файле   80-249858937
На строке 32169   в файле   80-260662598
На строке 32170   в файле   80-249859935
На строке 32171   в файле   80-260664508
На строке 32172   в файле   80-249860111
На строке 32173   в файле   80-260665344
На строке 32174   в файле   80-252141015
На строке 32175   в файле   80-261237946
На строке 32176   в файле   80-252141574
На строке 32177   в файле   80-260664776
На строке 32178   в файле   80-260663341
На строке 32179   в файле   80-260668113
На строке 32180   в файле   80-260669044
На строке 32181   в файле   80-260669765
На строке 32182   в файле   80-260674135
На строке 32183   в файле   80-249862431
На строке 32184   в файле   80-260680880
На строке 32185   в файле   80-249863671
На строке 32186   в файле   80-249870258
На строке 32187   в файле   80-249872427
На строке 32188   в файле   80-249874901
На строке 32189   в файле   80-249875018
На строке 32190   в файле   80-252157724
На строке 32191   в файле   80-249879532
На строке 32192   в файле   80-249882136
На строке 32193   в файле   80-249884343
На строке 32194   в файле   80-260681263
На строке 32195   в файле   80-260683892
На строке 32196   в файле   80-260686141
На строке 32197   в файле   80-260687848
На строке 32198   в файле   80-261276018
На строке 32199   в файле   80-261239610
На строке 32200   в файле   80-260707064
На строке 32201   в файле   80-261239826
На строке 32202   в файле   80-260722702
На строке 32203   в файле   80-260726535
На строке 32204   в файле   80-249863964
На строке 32205   в файле   80-249866938
На строке 32206   в файле   80-249868481
На строке 32207   в файле   80-249868587
На строке 32208   в файле   80-249869015
На строке 32209   в файле   80-249869052
На строке 32210   в файле   80-252147428
На строке 32211   в файле   80-252147836
На строке 32212   в файле   80-252148409
На строке 32213   в файле   80-249869958
На строке 32214   в файле   80-252148819
На строке 32215   в файле   80-249870520
На строке 32216   в файле   80-249870614
На строке 32217   в файле   80-249870819
На строке 32218   в файле   80-249871083
На строке 32219   в файле   80-249871369
На строке 32220   в файле   80-252149759
На строке 32221   в файле   80-252149852
На строке 32222   в файле   80-252150820
На строке 32223   в файле   80-249872659
На строке 32224   в файле   80-249872703
На строке 32225   в файле   80-249872846
На строке 32226   в файле   80-252150980
На строке 32227   в файле   80-249873216
На строке 32228   в файле   80-249873364
На строке 32229   в файле   80-252151941
На строке 32230   в файле   80-249874242
На строке 32231   в файле   80-249874487
На строке 32232   в файле   80-249874611
На строке 32233   в файле   80-249875170
На строке 32234   в файле   80-249875169
На строке 32235   в файле   80-249875329
На строке 32236   в файле   80-252154023
На строке 32237   в файле   80-252154276
На строке 32238   в файле   80-252155345
На строке 32239   в файле   80-252156585
На строке 32240   в файле   80-249877574
На строке 32241   в файле   80-249877727
На строке 32242   в файле   80-249877830
На строке 32243   в файле   80-249878122
На строке 32244   в файле   80-252157727
На строке 32245   в файле   80-249878399
На строке 32246   в файле   80-249878635
На строке 32247   в файле   80-249878631
На строке 32248   в файле   80-249878646
На строке 32249   в файле   80-249878889
На строке 32250   в файле   80-249879057
На строке 32251   в файле   80-249879177
На строке 32252   в файле   80-249879334
На строке 32253   в файле   80-249879862
На строке 32254   в файле   80-249879879
На строке 32255   в файле   80-249880448
На строке 32256   в файле   80-249880581
На строке 32257   в файле   80-249880557
На строке 32258   в файле   80-249880813
На строке 32259   в файле   80-249880947
На строке 32260   в файле   80-252159748
На строке 32261   в файле   80-252161725
На строке 32262   в файле   80-249881899
На строке 32263   в файле   80-249882242
На строке 32264   в файле   80-249882352
На строке 32265   в файле   80-249882385
На строке 32266   в файле   80-249882349
На строке 32267   в файле   80-249882651
На строке 32268   в файле   80-249883012
На строке 32269   в файле   80-249883211
На строке 32270   в файле   80-249883272
На строке 32271   в файле   80-252163038
На строке 32272   в файле   80-249884138
На строке 32273   в файле   80-249884575
На строке 32274   в файле   80-249885168
На строке 32275   в файле   80-249885262
На строке 32276   в файле   80-249885525
На строке 32277   в файле   80-252167215
На строке 32278   в файле   80-249887072
На строке 32279   в файле   80-249887495
На строке 32280   в файле   80-249887675
На строке 32281   в файле   80-252170579
На строке 32282   в файле   80-249887766
На строке 32283   в файле   80-260680601
На строке 32284   в файле   80-260681830
На строке 32285   в файле   80-260681493
На строке 32286   в файле   80-261239211
На строке 32287   в файле   80-260682227
На строке 32288   в файле   80-260681862
На строке 32289   в файле   80-260682627
На строке 32290   в файле   80-260683543
На строке 32291   в файле   80-260683089
На строке 32292   в файле   80-260682491
На строке 32293   в файле   80-260683659
На строке 32294   в файле   80-260683511
На строке 32295   в файле   80-261239288
На строке 32296   в файле   80-260684623
На строке 32297   в файле   80-260684241
На строке 32298   в файле   80-260685465
На строке 32299   в файле   80-260685777
На строке 32300   в файле   80-261239240
На строке 32301   в файле   80-260684900
На строке 32302   в файле   80-260686368
На строке 32303   в файле   80-261239286
На строке 32304   в файле   80-260687227
На строке 32305   в файле   80-260686170
На строке 32306   в файле   80-260686417
На строке 32307   в файле   80-261239340
На строке 32308   в файле   80-260687387
На строке 32309   в файле   80-260686946
На строке 32310   в файле   80-261239464
На строке 32311   в файле   80-260687561
На строке 32312   в файле   80-260687835
На строке 32313   в файле   80-260688817
На строке 32314   в файле   80-260688322
На строке 32315   в файле   80-260688685
На строке 32316   в файле   80-260689365
На строке 32317   в файле   80-261239343
На строке 32318   в файле   80-260690088
На строке 32319   в файле   80-260690778
На строке 32320   в файле   80-260690476
На строке 32321   в файле   80-260691998
На строке 32322   в файле   80-260691564
На строке 32323   в файле   80-260691990
На строке 32324   в файле   80-261239574
На строке 32325   в файле   80-260693884
На строке 32326   в файле   80-260694311
На строке 32327   в файле   80-260694739
На строке 32328   в файле   80-260696172
На строке 32329   в файле   80-261239573
На строке 32330   в файле   80-260697157
На строке 32331   в файле   80-260697687
На строке 32332   в файле   80-260698281
На строке 32333   в файле   80-260697733
На строке 32334   в файле   80-260699805
На строке 32335   в файле   80-260701413
На строке 32336   в файле   80-260702615
На строке 32337   в файле   80-260702556
На строке 32338   в файле   80-260703782
На строке 32339   в файле   80-260703740
На строке 32340   в файле   80-261239470
На строке 32341   в файле   80-260705073
На строке 32342   в файле   80-260705342
На строке 32343   в файле   80-261270214
На строке 32344   в файле   80-260706507
На строке 32345   в файле   80-260707496
На строке 32346   в файле   80-260709552
На строке 32347   в файле   80-261239752
На строке 32348   в файле   80-260710744
На строке 32349   в файле   80-260713910
На строке 32350   в файле   80-260714208
На строке 32351   в файле   80-260714238
На строке 32352   в файле   80-260715126
На строке 32353   в файле   80-260715659
На строке 32354   в файле   80-260715912
На строке 32355   в файле   80-260717557
На строке 32356   в файле   80-260718021
На строке 32357   в файле   80-260718329
На строке 32358   в файле   80-260718735
На строке 32359   в файле   80-260720771
На строке 32360   в файле   80-260720287
На строке 32361   в файле   80-261239739
На строке 32362   в файле   80-260721837
На строке 32363   в файле   80-260722050
На строке 32364   в файле   80-260722062
На строке 32365   в файле   80-260723308
На строке 32366   в файле   80-260723408
На строке 32367   в файле   80-260723544
На строке 32368   в файле   80-260723940
На строке 32369   в файле   80-260723958
На строке 32370   в файле   80-260724438
На строке 32371   в файле   80-260724425
На строке 32372   в файле   80-260725217
На строке 32373   в файле   80-260725870
На строке 32374   в файле   80-260726539
На строке 32375   в файле   80-260726550
На строке 32376   в файле   80-260727217
На строке 32377   в файле   80-260727779
На строке 32378   в файле   80-260728699
На строке 32379   в файле   80-260729419
На строке 32380   в файле   80-260730216
На строке 32381   в файле   80-260730269
На строке 32382   в файле   80-260730841
На строке 32383   в файле   80-261239930
На строке 32384   в файле   80-260731532
На строке 32385   в файле   80-249864273
На строке 32386   в файле   80-252587311
На строке 32387   в файле   80-249865104
На строке 32388   в файле   80-249865275
На строке 32389   в файле   80-249865557
На строке 32390   в файле   80-249865898
На строке 32391   в файле   80-249865913
На строке 32392   в файле   80-249866284
На строке 32393   в файле   80-249866378
На строке 32394   в файле   80-249866756
На строке 32395   в файле   80-249867101
На строке 32396   в файле   80-249867445
На строке 32397   в файле   80-249867483
На строке 32398   в файле   80-249867801
На строке 32399   в файле   80-249867946
На строке 32400   в файле   80-249868166
На строке 32401   в файле   80-249868573
На строке 32402   в файле   80-249861701
На строке 32403   в файле   80-260675810
На строке 32404   в файле   80-249861890
На строке 32405   в файле   80-260678599
На строке 32406   в файле   80-249862195
На строке 32407   в файле   80-260679916
На строке 32408   в файле   80-249862576
На строке 32409   в файле   80-260680005
На строке 32410   в файле   80-260678025
На строке 32411   в файле   80-260677890
На строке 32412   в файле   80-260680947
На строке 32413   в файле   80-260733788
На строке 32414   в файле   80-249882886
На строке 32415   в файле   80-252587876
На строке 32416   в файле   80-252169857
На строке 32417   в файле   80-249888819
На строке 32418   в файле   80-249890934
На строке 32419   в файле   80-249893008
На строке 32420   в файле   80-249894804
На строке 32421   в файле   80-249896694
На строке 32422   в файле   80-260734143
На строке 32423   в файле   80-260735691
На строке 32424   в файле   80-261241556
На строке 32425   в файле   80-260738064
На строке 32426   в файле   80-260741176
На строке 32427   в файле   80-260742408
На строке 32428   в файле   80-260742863
На строке 32429   в файле   80-260742646
На строке 32430   в файле   80-260742552
На строке 32431   в файле   80-249883130
На строке 32432   в файле   80-249883460
На строке 32433   в файле   80-252162986
На строке 32434   в файле   80-252163626
На строке 32435   в файле   80-249884133
На строке 32436   в файле   80-249884342
На строке 32437   в файле   80-249884671
На строке 32438   в файле   80-249884874
На строке 32439   в файле   80-249884868
На строке 32440   в файле   80-249885453
На строке 32441   в файле   80-249886470
На строке 32442   в файле   80-249886468
На строке 32443   в файле   80-249886739
На строке 32444   в файле   80-249886779
На строке 32445   в файле   80-249886910
На строке 32446   в файле   80-249887063
На строке 32447   в файле   80-252169230
На строке 32448   в файле   80-252169291
На строке 32449   в файле   80-252168018
На строке 32450   в файле   80-249887492
На строке 32451   в файле   80-249887769
На строке 32452   в файле   80-252170707
На строке 32453   в файле   80-249888074
На строке 32454   в файле   80-249888310
На строке 32455   в файле   80-249888198
На строке 32456   в файле   80-249888432
На строке 32457   в файле   80-249888442
На строке 32458   в файле   80-249888319
На строке 32459   в файле   80-249888517
На строке 32460   в файле   80-252171131
На строке 32461   в файле   80-249889012
На строке 32462   в файле   80-249889327
На строке 32463   в файле   80-249889329
На строке 32464   в файле   80-252174798
На строке 32465   в файле   80-249890130
На строке 32466   в файле   80-249890417
На строке 32467   в файле   80-249890415
На строке 32468   в файле   80-249890696
На строке 32469   в файле   80-249890684
На строке 32470   в файле   80-249890773
На строке 32471   в файле   80-249891056
На строке 32472   в файле   80-249891227
На строке 32473   в файле   80-249891553
На строке 32474   в файле   80-249891658
На строке 32475   в файле   80-249891797
На строке 32476   в файле   80-249891813
На строке 32477   в файле   80-249891889
На строке 32478   в файле   80-249892081
На строке 32479   в файле   80-249892065
На строке 32480   в файле   80-249892344
На строке 32481   в файле   80-252178299
На строке 32482   в файле   80-249892914
На строке 32483   в файле   80-249893040
На строке 32484   в файле   80-249893243
На строке 32485   в файле   80-249893140
На строке 32486   в файле   80-249893461
На строке 32487   в файле   80-252180025
На строке 32488   в файле   80-249894153
На строке 32489   в файле   80-249894151
На строке 32490   в файле   80-252181516
На строке 32491   в файле   80-249894520
На строке 32492   в файле   80-249894894
На строке 32493   в файле   80-249895061
На строке 32494   в файле   80-249895130
На строке 32495   в файле   80-249895280
На строке 32496   в файле   80-249895289
На строке 32497   в файле   80-249895479
На строке 32498   в файле   80-249895651
На строке 32499   в файле   80-249896038
На строке 32500   в файле   80-249896147
На строке 32501   в файле   80-249896342
На строке 32502   в файле   80-249896700
На строке 32503   в файле   80-249896877
На строке 32504   в файле   80-249897067
На строке 32505   в файле   80-252186523
На строке 32506   в файле   80-249897295
На строке 32507   в файле   80-249897224
На строке 32508   в файле   80-249897478
На строке 32509   в файле   80-252191061
На строке 32510   в файле   80-252190988
На строке 32511   в файле   80-252192451
На строке 32512   в файле   80-260734157
На строке 32513   в файле   80-260734136
На строке 32514   в файле   80-261240000
На строке 32515   в файле   80-260734543
На строке 32516   в файле   80-260734645
На строке 32517   в файле   80-261270522
На строке 32518   в файле   80-261240403
На строке 32519   в файле   80-261240468
На строке 32520   в файле   80-261240627
На строке 32521   в файле   80-260735275
На строке 32522   в файле   80-261270623
На строке 32523   в файле   80-261240943
На строке 32524   в файле   80-261240952
На строке 32525   в файле   80-260736353
На строке 32526   в файле   80-260736343
На строке 32527   в файле   80-260736415
На строке 32528   в файле   80-261275924
На строке 32529   в файле   80-261241085
На строке 32530   в файле   80-261270898
На строке 32531   в файле   80-261241341
На строке 32532   в файле   80-260737407
На строке 32533   в файле   80-261241628
На строке 32534   в файле   80-261241630
На строке 32535   в файле   80-261241712
На строке 32536   в файле   80-260737404
На строке 32537   в файле   80-260737826
На строке 32538   в файле   80-260737986
На строке 32539   в файле   80-260737708
На строке 32540   в файле   80-260737995
На строке 32541   в файле   80-260738389
На строке 32542   в файле   80-260738600
На строке 32543   в файле   80-260738942
На строке 32544   в файле   80-260739192
На строке 32545   в файле   80-260739536
На строке 32546   в файле   80-260739915
На строке 32547   в файле   80-260739980
На строке 32548   в файле   80-260740352
На строке 32549   в файле   80-260740731
На строке 32550   в файле   80-260740441
На строке 32551   в файле   80-260740945
На строке 32552   в файле   80-260741492
На строке 32553   в файле   80-260741559
На строке 32554   в файле   80-260741759
На строке 32555   в файле   80-260742044
На строке 32556   в файле   80-260742020
На строке 32557   в файле   80-249882653
На строке 32558   в файле   80-260732666
На строке 32559   в файле   80-249881894
На строке 32560   в файле   80-260732225
На строке 32561   в файле   80-260732091
На строке 32562   в файле   80-260664519
На строке 32563   в файле   80-252142943
На строке 32564   в файле   80-249863811
На строке 32565   в файле   80-249866270
На строке 32566   в файле   80-249868426
На строке 32567   в файле   80-249870924
На строке 32568   в файле   80-252151339
На строке 32569   в файле   80-249874782
На строке 32570   в файле   80-249874781
На строке 32571   в файле   80-260665998
На строке 32572   в файле   80-260666200
На строке 32573   в файле   80-260666663
На строке 32574   в файле   80-260667576
На строке 32575   в файле   80-260667720
На строке 32576   в файле   80-261238175
На строке 32577   в файле   80-260669828
На строке 32578   в файле   80-261238353
На строке 32579   в файле   80-261238563
На строке 32580   в файле   80-260670916
На строке 32581   в файле   80-249861892
На строке 32582   в файле   80-249861901
На строке 32583   в файле   80-249862053
На строке 32584   в файле   80-249862293
На строке 32585   в файле   80-249862234
На строке 32586   в файле   80-249862338
На строке 32587   в файле   80-252143301
На строке 32588   в файле   80-252143952
На строке 32589   в файле   80-249863351
На строке 32590   в файле   80-249863512
На строке 32591   в файле   80-249863835
На строке 32592   в файле   80-249864123
На строке 32593   в файле   80-249864345
На строке 32594   в файле   80-252146054
На строке 32595   в файле   80-249865263
На строке 32596   в файле   80-249865247
На строке 32597   в файле   80-249865301
На строке 32598   в файле   80-249865575
На строке 32599   в файле   80-249866073
На строке 32600   в файле   80-249866064
На строке 32601   в файле   80-249866768
На строке 32602   в файле   80-249867118
На строке 32603   в файле   80-249867121
На строке 32604   в файле   80-249867458
На строке 32605   в файле   80-249867590
На строке 32606   в файле   80-249867821
На строке 32607   в файле   80-249867758
На строке 32608   в файле   80-249868176
На строке 32609   в файле   80-249868135
На строке 32610   в файле   80-249868264
На строке 32611   в файле   80-252146938
На строке 32612   в файле   80-249868709
На строке 32613   в файле   80-249868875
На строке 32614   в файле   80-249869023
На строке 32615   в файле   80-252147387
На строке 32616   в файле   80-249869794
На строке 32617   в файле   80-249869954
На строке 32618   в файле   80-249870255
На строке 32619   в файле   80-249870383
На строке 32620   в файле   80-249870688
На строке 32621   в файле   80-252148855
На строке 32622   в файле   80-249871321
На строке 32623   в файле   80-249871323
На строке 32624   в файле   80-249871576
На строке 32625   в файле   80-252150308
На строке 32626   в файле   80-249872413
На строке 32627   в файле   80-249872668
На строке 32628   в файле   80-249872785
На строке 32629   в файле   80-249872958
На строке 32630   в файле   80-249873131
На строке 32631   в файле   80-252152427
На строке 32632   в файле   80-252152980
На строке 32633   в файле   80-252153108
На строке 32634   в файле   80-249860886
На строке 32635   в файле   80-260663881
На строке 32636   в файле   80-261238235
На строке 32637   в файле   80-260693210
На строке 32638   в файле   80-260693268
На строке 32639   в файле   80-249874502
На строке 32640   в файле   80-249879849
На строке 32641   в файле   80-249882387
На строке 32642   в файле   80-249885144
На строке 32643   в файле   80-249887938
На строке 32644   в файле   80-252173989
На строке 32645   в файле   80-249891241
На строке 32646   в файле   80-249894152
На строке 32647   в файле   80-260692552
На строке 32648   в файле   80-260693703
На строке 32649   в файле   80-260703132
На строке 32650   в файле   80-260711598
На строке 32651   в файле   80-260715994
На строке 32652   в файле   80-260721216
На строке 32653   в файле   80-260721096
На строке 32654   в файле   80-261270337
На строке 32655   в файле   80-261270451
На строке 32656   в файле   80-260727832
На строке 32657   в файле   80-260727836
На строке 32658   в файле   80-260731610
На строке 32659   в файле   80-260732081
На строке 32660   в файле   80-261240149
На строке 32661   в файле   80-249874608
На строке 32662   в файле   80-249877538
На строке 32663   в файле   80-249878772
На строке 32664   в файле   80-249878779
На строке 32665   в файле   80-249878903
На строке 32666   в файле   80-252157985
На строке 32667   в файле   80-249879171
На строке 32668   в файле   80-249879417
На строке 32669   в файле   80-249879424
На строке 32670   в файле   80-252158428
На строке 32671   в файле   80-249879956
На строке 32672   в файле   80-249880123
На строке 32673   в файле   80-249880462
На строке 32674   в файле   80-249880777
На строке 32675   в файле   80-249880809
На строке 32676   в файле   80-252159144
На строке 32677   в файле   80-249880951
На строке 32678   в файле   80-249881247
На строке 32679   в файле   80-252160295
На строке 32680   в файле   80-252161097
На строке 32681   в файле   80-249881869
На строке 32682   в файле   80-249882148
На строке 32683   в файле   80-249882748
На строке 32684   в файле   80-249882879
На строке 32685   в файле   80-249883005
На строке 32686   в файле   80-249883274
На строке 32687   в файле   80-252500324
На строке 32688   в файле   80-249884136
На строке 32689   в файле   80-249884145
На строке 32690   в файле   80-249884355
На строке 32691   в файле   80-249884595
На строке 32692   в файле   80-249884579
На строке 32693   в файле   80-249885435
На строке 32694   в файле   80-249885535
На строке 32695   в файле   80-252499681
На строке 32696   в файле   80-252589372
На строке 32697   в файле   80-249886741
На строке 32698   в файле   80-249886738
На строке 32699   в файле   80-249887057
На строке 32700   в файле   80-252167959
На строке 32701   в файле   80-252167929
На строке 32702   в файле   80-249887497
На строке 32703   в файле   80-249887904
На строке 32704   в файле   80-249888181
На строке 32705   в файле   80-252172047
На строке 32706   в файле   80-249888437
На строке 32707   в файле   80-252170806
На строке 32708   в файле   80-252171840
На строке 32709   в файле   80-252172184
На строке 32710   в файле   80-249888816
На строке 32711   в файле   80-249888834
На строке 32712   в файле   80-249888829
На строке 32713   в файле   80-252174670
На строке 32714   в файле   80-252175412
На строке 32715   в файле   80-249890128
На строке 32717   в файле   80-249890134
На строке 32718   в файле   80-249890233
На строке 32719   в файле   80-249890403
На строке 32720   в файле   80-249890511
На строке 32721   в файле   80-249890680
На строке 32722   в файле   80-249890687
На строке 32723   в файле   80-249891053
На строке 32724   в файле   80-252500694
На строке 32725   в файле   80-249891511
На строке 32726   в файле   80-249892070
На строке 32727   в файле   80-252176731
На строке 32728   в файле   80-252176773
На строке 32729   в файле   80-249892653
На строке 32730   в файле   80-249892715
На строке 32731   в файле   80-249893017
На строке 32732   в файле   80-249893245
На строке 32733   в файле   80-249893347
На строке 32734   в файле   80-249894148
На строке 32735   в файле   80-252181622
На строке 32736   в файле   80-249894604
На строке 32737   в файле   80-249894641
На строке 32738   в файле   80-249894719
На строке 32739   в файле   80-249894919
На строке 32740   в файле   80-252184299
На строке 32741   в файле   80-249894970
На строке 32742   в файле   80-249895133
На строке 32743   в файле   80-252183055
На строке 32744   в файле   80-249895305
На строке 32745   в файле   80-249895473
На строке 32746   в файле   80-249895487
На строке 32747   в файле   80-260693509
На строке 32748   в файле   80-260694582
На строке 32749   в файле   80-260694643
На строке 32750   в файле   80-260695226
На строке 32751   в файле   80-260694913
На строке 32752   в файле   80-260695868
На строке 32753   в файле   80-260696247
На строке 32754   в файле   80-260695907
На строке 32755   в файле   80-260696528
На строке 32756   в файле   80-260697706
На строке 32757   в файле   80-260697102
На строке 32758   в файле   80-260698271
На строке 32759   в файле   80-260698866
На строке 32760   в файле   80-260698389
На строке 32761   в файле   80-260699068
На строке 32762   в файле   80-260698908
На строке 32763   в файле   80-260699508
На строке 32764   в файле   80-260699993
На строке 32765   в файле   80-260700433
На строке 32766   в файле   80-260701419
На строке 32767   в файле   80-260701958
На строке 32768   в файле   80-260702563
На строке 32769   в файле   80-260702601
На строке 32770   в файле   80-260703737
На строке 32771   в файле   80-260704944
На строке 32772   в файле   80-260704975
На строке 32773   в файле   80-260706715
На строке 32774   в файле   80-260706034
На строке 32775   в файле   80-260706462
На строке 32776   в файле   80-260707162
На строке 32777   в файле   80-260707093
На строке 32778   в файле   80-260708568
На строке 32779   в файле   80-260707729
На строке 32780   в файле   80-260708106
На строке 32781   в файле   80-260709000
На строке 32782   в файле   80-260708575
На строке 32783   в файле   80-260708577
На строке 32784   в файле   80-260709789
На строке 32785   в файле   80-260710774
На строке 32786   в файле   80-260710324
На строке 32787   в файле   80-260710557
На строке 32788   в файле   80-260711249
На строке 32789   в файле   80-260711613
На строке 32790   в файле   80-260711642
На строке 32791   в файле   80-260712535
На строке 32792   в файле   80-260712479
На строке 32793   в файле   80-260713298
На строке 32794   в файле   80-260713387
На строке 32795   в файле   80-260713083
На строке 32796   в файле   80-260713850
На строке 32797   в файле   80-260715065
На строке 32798   в файле   80-260715932
На строке 32799   в файле   80-260715409
На строке 32800   в файле   80-260716019
На строке 32801   в файле   80-260717707
На строке 32802   в файле   80-260718273
На строке 32803   в файле   80-260718335
На строке 32804   в файле   80-260718950
На строке 32805   в файле   80-260718989
На строке 32806   в файле   80-260719849
На строке 32807   в файле   80-260719691
На строке 32808   в файле   80-260719325
На строке 32809   в файле   80-260720445
На строке 32810   в файле   80-260720174
На строке 32811   в файле   80-260720367
На строке 32812   в файле   80-260721081
На строке 32813   в файле   80-260720781
На строке 32814   в файле   80-260721400
На строке 32815   в файле   80-260721437
На строке 32816   в файле   80-260721680
На строке 32817   в файле   80-260722100
На строке 32818   в файле   80-260721902
На строке 32819   в файле   80-260722475
На строке 32820   в файле   80-260722755
На строке 32821   в файле   80-260722947
На строке 32822   в файле   80-260722648
На строке 32823   в файле   80-260723450
На строке 32824   в файле   80-260722738
На строке 32825   в файле   80-260723668
На строке 32826   в файле   80-260723430
На строке 32827   в файле   80-260724033
На строке 32828   в файле   80-260724093
На строке 32829   в файле   80-260725185
На строке 32830   в файле   80-260724703
На строке 32831   в файле   80-260725350
На строке 32832   в файле   80-260725867
На строке 32833   в файле   80-260724944
На строке 32834   в файле   80-260725865
На строке 32835   в файле   80-260725860
На строке 32836   в файле   80-260726553
На строке 32837   в файле   80-260727151
На строке 32838   в файле   80-260727198
На строке 32839   в файле   80-260727411
На строке 32840   в файле   80-260727998
На строке 32841   в файле   80-260727825
На строке 32842   в файле   80-260728044
На строке 32843   в файле   80-260728702
На строке 32844   в файле   80-260728739
На строке 32845   в файле   80-260728709
На строке 32846   в файле   80-260728983
На строке 32847   в файле   80-260729381
На строке 32848   в файле   80-260729388
На строке 32849   в файле   80-260729622
На строке 32850   в файле   80-260730018
На строке 32851   в файле   80-260730153
На строке 32852   в файле   80-260730707
На строке 32853   в файле   80-260730864
На строке 32854   в файле   80-260731480
На строке 32855   в файле   80-260730934
На строке 32856   в файле   80-260731506
На строке 32857   в файле   80-260731519
На строке 32858   в файле   80-260731968
На строке 32859   в файле   80-260732055
На строке 32860   в файле   80-260732634
На строке 32861   в файле   80-260732072
На строке 32862   в файле   80-260732701
На строке 32863   в файле   80-260733143
На строке 32864   в файле   80-260732780
На строке 32865   в файле   80-260732961
На строке 32866   в файле   80-260733014
На строке 32867   в файле   80-260733389
На строке 32868   в файле   80-260733433
На строке 32869   в файле   80-260733489
На строке 32870   в файле   80-260733491
На строке 32871   в файле   80-260733603
На строке 32872   в файле   80-261239909
На строке 32873   в файле   80-261239931
На строке 32874   в файле   80-260734329
На строке 32875   в файле   80-260734644
На строке 32876   в файле   80-260734546
На строке 32877   в файле   80-261239993
На строке 32878   в файле   80-261240007
На строке 32879   в файле   80-261240145
На строке 32880   в файле   80-261240347
На строке 32881   в файле   80-261240372
На строке 32882   в файле   80-261240676
На строке 32883   в файле   80-261240679
На строке 32884   в файле   80-260735124
На строке 32885   в файле   80-260735624
На строке 32886   в файле   80-260735713
На строке 32887   в файле   80-260735669
На строке 32888   в файле   80-261240719
На строке 32889   в файле   80-260735861
На строке 32890   в файле   80-260736142
На строке 32891   в файле   80-260736678
На строке 32892   в файле   80-261240836
На строке 32893   в файле   80-260737015
На строке 32894   в файле   80-260736726
На строке 32895   в файле   80-261241053
На строке 32896   в файле   80-261241500
На строке 32897   в файле   80-260737033
На строке 32898   в файле   80-260738327
На строке 32899   в файле   80-260737750
На строке 32900   в файле   80-260739761
На строке 32901   в файле   80-249875080
На строке 32902   в файле   80-249875223
На строке 32903   в файле   80-249875290
На строке 32904   в файле   80-252153496
На строке 32905   в файле   80-249875819
На строке 32906   в файле   80-252155332
На строке 32907   в файле   80-252155449
На строке 32908   в файле   80-252156590
На строке 32909   в файле   80-252156666
На строке 32910   в файле   80-249877532
На строке 32911   в файле   80-249877826
На строке 32912   в файле   80-249877842
На строке 32913   в файле   80-249877947
На строке 32914   в файле   80-249878129
На строке 32915   в файле   80-249878114
На строке 32916   в файле   80-249878385
На строке 32917   в файле   80-249878416
На строке 32918   в файле   80-249873069
На строке 32919   в файле   80-260689547
На строке 32920   в файле   80-260690624
На строке 32921   в файле   80-252151841
На строке 32922   в файле   80-260691808
На строке 32923   в файле   80-260692145
На строке 32924   в файле   80-260689998
На строке 32925   в файле   80-260690842
На строке 32926   в файле   80-260702560
На строке 32927   в файле   80-249880197
На строке 32928   в файле   80-249880226
На строке 32929   в файле   80-252161704
На строке 32930   в файле   80-249884954
На строке 32931   в файле   80-249887924
На строке 32932   в файле   80-249889939
На строке 32933   в файле   80-252500464
На строке 32934   в файле   80-249894596
На строке 32935   в файле   80-249896156
На строке 32936   в файле   80-260703819
На строке 32937   в файле   80-260715191
На строке 32938   в файле   80-260716655
На строке 32939   в файле   80-260716368
На строке 32940   в файле   80-260716866
На строке 32941   в файле   80-260716873
На строке 32942   в файле   80-260716724
На строке 32943   в файле   80-260717061
На строке 32944   в файле   80-260717319
На строке 32945   в файле   80-260717584
На строке 32946   в файле   80-260717516
На строке 32947   в файле   80-260718619
На строке 32948   в файле   80-260718947
На строке 32949   в файле   80-260719853
На строке 32950   в файле   80-260719718
На строке 32951   в файле   80-249880322
На строке 32952   в файле   80-249880477
На строке 32953   в файле   80-249880679
На строке 32954   в файле   80-249880791
На строке 32955   в файле   80-249881039
На строке 32956   в файле   80-249881163
На строке 32957   в файле   80-249881217
На строке 32958   в файле   80-249881773
На строке 32959   в файле   80-249882028
На строке 32960   в файле   80-249882130
На строке 32961   в файле   80-249882640
На строке 32962   в файле   80-249882771
На строке 32963   в файле   80-249883146
На строке 32964   в файле   80-249883359
На строке 32965   в файле   80-252162367
На строке 32966   в файле   80-252163160
На строке 32967   в файле   80-249884144
На строке 32968   в файле   80-249884360
На строке 32969   в файле   80-249884348
На строке 32970   в файле   80-249884602
На строке 32971   в файле   80-249885154
На строке 32972   в файле   80-252499929
На строке 32973   в файле   80-249885724
На строке 32974   в файле   80-249886319
На строке 32975   в файле   80-249886464
На строке 32976   в файле   80-249886787
На строке 32977   в файле   80-249887064
На строке 32978   в файле   80-252169309
На строке 32979   в файле   80-249887498
На строке 32980   в файле   80-249887504
На строке 32981   в файле   80-249887761
На строке 32982   в файле   80-249888053
На строке 32983   в файле   80-249888208
На строке 32984   в файле   80-249888692
На строке 32985   в файле   80-252173188
На строке 32986   в файле   80-252172487
На строке 32987   в файле   80-252173310
На строке 32988   в файле   80-249888825
На строке 32989   в файле   80-249889336
На строке 32990   в файле   80-252173547
На строке 32991   в файле   80-252174889
На строке 32992   в файле   80-249890139
На строке 32993   в файле   80-249890404
На строке 32994   в файле   80-249890681
На строке 32995   в файле   80-249890409
На строке 32996   в файле   80-249890970
На строке 32997   в файле   80-249890984
На строке 32998   в файле   80-249891341
На строке 32999   в файле   80-252176049
На строке 33000   в файле   80-249891240
На строке 33001   в файле   80-249891353
На строке 33002   в файле   80-249891513
На строке 33003   в файле   80-249891637
На строке 33004   в файле   80-252500289
На строке 33005   в файле   80-249892340
На строке 33006   в файле   80-249892348
На строке 33007   в файле   80-249892446
На строке 33008   в файле   80-249892444
На строке 33009   в файле   80-249892630
На строке 33010   в файле   80-249893022
На строке 33011   в файле   80-252177890
На строке 33012   в файле   80-249893239
На строке 33013   в файле   80-249893223
На строке 33014   в файле   80-249893437
На строке 33015   в файле   80-252180708
На строке 33016   в файле   80-252500666
На строке 33017   в файле   80-249894157
На строке 33018   в файле   80-249894602
На строке 33019   в файле   80-249894967
На строке 33020   в файле   80-249894977
На строке 33021   в файле   80-249895121
На строке 33022   в файле   80-249895300
На строке 33023   в файле   80-249895471
На строке 33024   в файле   80-249895670
На строке 33025   в файле   80-249895622
На строке 33026   в файле   80-249895640
На строке 33027   в файле   80-252185759
На строке 33028   в файле   80-252186141
На строке 33029   в файле   80-249896326
На строке 33030   в файле   80-249896397
На строке 33031   в файле   80-249896527
На строке 33032   в файле   80-249896520
На строке 33033   в файле   80-249896573
На строке 33034   в файле   80-249896698
На строке 33035   в файле   80-249896768
На строке 33036   в файле   80-249896753
На строке 33037   в файле   80-249896871
На строке 33038   в файле   80-249897142
На строке 33039   в файле   80-249896946
На строке 33040   в файле   80-249897228
На строке 33041   в файле   80-260704422
На строке 33042   в файле   80-260706027
На строке 33043   в файле   80-260706107
На строке 33044   в файле   80-260707440
На строке 33045   в файле   80-260708913
На строке 33046   в файле   80-260709445
На строке 33047   в файле   80-260710315
На строке 33048   в файле   80-260711405
На строке 33049   в файле   80-260711667
На строке 33050   в файле   80-260712344
На строке 33051   в файле   80-260712473
На строке 33052   в файле   80-260712498
На строке 33053   в файле   80-260713463
На строке 33054   в файле   80-260714204
На строке 33055   в файле   80-260714765
На строке 33056   в файле   80-260714726
На строке 33057   в файле   80-249879992
На строке 33058   в файле   80-260701405
На строке 33059   в файле   80-260701403
На строке 33060   в файле   80-260701409
На строке 33061   в файле   80-260699426
На строке 33062   в файле   80-261128633
На строке 33063   в файле   80-261131270
На строке 33064   в файле   80-251655731
На строке 33065   в файле   80-252390941
На строке 33066   в файле   80-251668330
На строке 33067   в файле   80-246860477
На строке 33068   в файле   80-251688311
На строке 33069   в файле   80-246868934
На строке 33070   в файле   80-251707160
На строке 33071   в файле   80-246886128
На строке 33072   в файле   80-251723977
На строке 33073   в файле   80-259936029
На строке 33074   в файле   80-259943214
На строке 33075   в файле   80-259948348
На строке 33076   в файле   80-259947787
На строке 33077   в файле   80-261262621
На строке 33078   в файле   80-261262728
На строке 33079   в файле   80-261262814
На строке 33080   в файле   80-261262968
На строке 33081   в файле   80-261130759
На строке 33082   в файле   80-259949413
На строке 33083   в файле   80-251655734
На строке 33084   в файле   80-246841542
На строке 33085   в файле   80-246841790
На строке 33086   в файле   80-246842511
На строке 33087   в файле   80-246843715
На строке 33088   в файле   80-251660115
На строке 33089   в файле   80-246844496
На строке 33090   в файле   80-252537616
На строке 33091   в файле   80-246845944
На строке 33092   в файле   80-252537478
На строке 33093   в файле   80-251669885
На строке 33094   в файле   80-251671394
На строке 33095   в файле   80-251672815
На строке 33096   в файле   80-251674369
На строке 33097   в файле   80-251674956
На строке 33098   в файле   80-246857708
На строке 33099   в файле   80-246858824
На строке 33100   в файле   80-252392413
На строке 33101   в файле   80-246859818
На строке 33102   в файле   80-252537942
На строке 33103   в файле   80-251681838
На строке 33104   в файле   80-246861251
На строке 33105   в файле   80-251682379
На строке 33106   в файле   80-251682925
На строке 33107   в файле   80-252392991
На строке 33108   в файле   80-246862316
На строке 33109   в файле   80-252394361
На строке 33110   в файле   80-246863169
На строке 33111   в файле   80-251687141
На строке 33112   в файле   80-246864197
На строке 33113   в файле   80-246865064
На строке 33114   в файле   80-251689636
На строке 33115   в файле   80-246865577
На строке 33116   в файле   80-246865943
На строке 33117   в файле   80-246866274
На строке 33118   в файле   80-251692481
На строке 33119   в файле   80-251692547
На строке 33120   в файле   80-246867386
На строке 33121   в файле   80-246867564
На строке 33122   в файле   80-251694015
На строке 33123   в файле   80-251696343
На строке 33124   в файле   80-251697309
На строке 33125   в файле   80-246870165
На строке 33126   в файле   80-251700924
На строке 33127   в файле   80-251701703
На строке 33128   в файле   80-246871738
На строке 33129   в файле   80-246871957
На строке 33130   в файле   80-251703470
На строке 33131   в файле   80-252396453
На строке 33132   в файле   80-246873889
На строке 33133   в файле   80-252397353
На строке 33134   в файле   80-251710689
На строке 33135   в файле   80-251712914
На строке 33136   в файле   80-246879389
На строке 33137   в файле   80-246880451
На строке 33138   в файле   80-246881417
На строке 33139   в файле   80-246882482
На строке 33140   в файле   80-251718809
На строке 33141   в файле   80-246883438
На строке 33142   в файле   80-251719433
На строке 33143   в файле   80-246886919
На строке 33144   в файле   80-251719994
На строке 33145   в файле   80-246888586
На строке 33146   в файле   80-246888997
На строке 33147   в файле   80-252539804
На строке 33148   в файле   80-251722077
На строке 33149   в файле   80-246890285
На строке 33150   в файле   80-246891388
На строке 33151   в файле   80-252401392
На строке 33152   в файле   80-246892413
На строке 33153   в файле   80-246895087
На строке 33154   в файле   80-246896167
На строке 33155   в файле   80-246897301
На строке 33156   в файле   80-251728449
На строке 33157   в файле   80-251726470
На строке 33158   в файле   80-251727261
На строке 33159   в файле   80-251729745
На строке 33160   в файле   80-251729314
На строке 33161   в файле   80-251732223
На строке 33162   в файле   80-251733130
На строке 33163   в файле   80-261129179
На строке 33164   в файле   80-259937177
На строке 33165   в файле   80-259938481
На строке 33166   в файле   80-259939255
На строке 33167   в файле   80-259939670
На строке 33168   в файле   80-259940408
На строке 33169   в файле   80-261129403
На строке 33170   в файле   80-261262503
На строке 33171   в файле   80-259941579
На строке 33172   в файле   80-259942043
На строке 33173   в файле   80-259942091
На строке 33174   в файле   80-261273715
На строке 33175   в файле   80-259943464
На строке 33176   в файле   80-259944457
На строке 33177   в файле   80-259945098
На строке 33178   в файле   80-259945735
На строке 33179   в файле   80-259945793
На строке 33180   в файле   80-259946317
На строке 33181   в файле   80-259946308
На строке 33182   в файле   80-261262737
На строке 33183   в файле   80-261130164
На строке 33184   в файле   80-246838559
На строке 33185   в файле   80-261128636
На строке 33186   в файле   80-251654126
На строке 33187   в файле   80-259930779
На строке 33188   в файле   80-259932280
На строке 33189   в файле   80-259932468
На строке 33190   в файле   80-259931054
На строке 33191   в файле   80-252386218
На строке 33192   в файле   80-251667517
На строке 33193   в файле   80-251676815
На строке 33194   в файле   80-252538826
На строке 33195   в файле   80-251690306
На строке 33196   в файле   80-246870655
На строке 33197   в файле   80-251716122
На строке 33198   в файле   80-246887797
На строке 33199   в файле   80-259931361
На строке 33200   в файле   80-261128350
На строке 33201   в файле   80-259934231
На строке 33202   в файле   80-259935428
На строке 33203   в файле   80-261128977
На строке 33204   в файле   80-261129167
На строке 33205   в файле   80-259936756
На строке 33206   в файле   80-259937902
На строке 33207   в файле   80-259939774
На строке 33208   в файле   80-261129640
На строке 33209   в файле   80-251658475
На строке 33210   в файле   80-251658384
На строке 33211   в файле   80-246842273
На строке 33212   в файле   80-251660251
На строке 33213   в файле   80-246844225
На строке 33214   в файле   80-251661917
На строке 33215   в файле   80-252388758
На строке 33216   в файле   80-251661692
На строке 33217   в файле   80-251665719
На строке 33218   в файле   80-246846675
На строке 33219   в файле   80-251668470
На строке 33220   в файле   80-251669953
На строке 33221   в файле   80-252390198
На строке 33222   в файле   80-251671346
На строке 33223   в файле   80-252391033
На строке 33224   в файле   80-251672934
На строке 33225   в файле   80-246855677
На строке 33226   в файле   80-246855906
На строке 33227   в файле   80-251673591
На строке 33228   в файле   80-246856070
На строке 33229   в файле   80-251674463
На строке 33230   в файле   80-251676404
На строке 33231   в файле   80-252391690
На строке 33232   в файле   80-252538441
На строке 33234   в файле   80-252391785
На строке 33235   в файле   80-252392940
На строке 33236   в файле   80-251681358
На строке 33237   в файле   80-246860129
На строке 33238   в файле   80-246860316
На строке 33239   в файле   80-251681134
На строке 33240   в файле   80-246861609
На строке 33241   в файле   80-252538500
На строке 33242   в файле   80-246862845
На строке 33243   в файле   80-251687164
На строке 33244   в файле   80-251687021
На строке 33245   в файле   80-251687698
На строке 33246   в файле   80-251688335
На строке 33247   в файле   80-246864718
На строке 33248   в файле   80-251688948
На строке 33249   в файле   80-252393603
На строке 33250   в файле   80-246865377
На строке 33251   в файле   80-251691044
На строке 33252   в файле   80-251691737
На строке 33253   в файле   80-246866641
На строке 33254   в файле   80-251693286
На строке 33255   в файле   80-246867865
На строке 33256   в файле   80-251694065
На строке 33257   в файле   80-251694807
На строке 33258   в файле   80-246868580
На строке 33259   в файле   80-251696217
На строке 33260   в файле   80-251696930
На строке 33261   в файле   80-246870851
На строке 33262   в файле   80-246871309
На строке 33263   в файле   80-246873492
На строке 33264   в файле   80-252397321
На строке 33265   в файле   80-251708137
На строке 33266   в файле   80-252398330
На строке 33267   в файле   80-252397791
На строке 33268   в файле   80-251712237
На строке 33269   в файле   80-252398775
На строке 33270   в файле   80-251713859
На строке 33271   в файле   80-246881130
На строке 33272   в файле   80-251717466
На строке 33273   в файле   80-246882087
На строке 33274   в файле   80-246882830
На строке 33275   в файле   80-251718826
На строке 33276   в файле   80-246884658
На строке 33277   в файле   80-251718151
На строке 33278   в файле   80-246884983
На строке 33279   в файле   80-246886465
На строке 33280   в файле   80-246887265
На строке 33281   в файле   80-251721361
На строке 33282   в файле   80-246839065
На строке 33283   в файле   80-259927340
На строке 33284   в файле   80-261262470
На строке 33285   в файле   80-261131949
На строке 33286   в файле   80-246856321
На строке 33287   в файле   80-251681156
На строке 33288   в файле   80-246864010
На строке 33289   в файле   80-246866828
На строке 33290   в файле   80-251701835
На строке 33291   в файле   80-251706741
На строке 33292   в файле   80-251718189
На строке 33293   в файле   80-246893508
На строке 33294   в файле   80-261132451
На строке 33295   в файле   80-261133536
На строке 33296   в файле   80-259957967
На строке 33297   в файле   80-261133793
На строке 33298   в файле   80-261134116
На строке 33299   в файле   80-259959687
На строке 33300   в файле   80-259959538
На строке 33301   в файле   80-259960893
На строке 33302   в файле   80-259961180
На строке 33303   в файле   80-259963164
На строке 33304   в файле   80-246856499
На строке 33305   в файле   80-252391731
На строке 33306   в файле   80-251675726
На строке 33307   в файле   80-246857900
На строке 33308   в файле   80-246858659
На строке 33309   в файле   80-251676829
На строке 33310   в файле   80-251677440
На строке 33311   в файле   80-246859644
На строке 33312   в файле   80-246859971
На строке 33313   в файле   80-251680509
На строке 33314   в файле   80-252538438
На строке 33315   в файле   80-246860637
На строке 33316   в файле   80-251683043
На строке 33317   в файле   80-251682511
На строке 33318   в файле   80-246861977
На строке 33319   в файле   80-246862323
На строке 33320   в файле   80-251683689
На строке 33321   в файле   80-246862683
На строке 33322   в файле   80-251686498
На строке 33323   в файле   80-246863056
На строке 33324   в файле   80-246864371
На строке 33325   в файле   80-251688894
На строке 33326   в файле   80-246864538
На строке 33327   в файле   80-246864871
На строке 33328   в файле   80-251689602
На строке 33329   в файле   80-246865208
На строке 33330   в файле   80-251690361
На строке 33331   в файле   80-251691105
На строке 33332   в файле   80-246866109
На строке 33333   в файле   80-246866481
На строке 33334   в файле   80-251693193
На строке 33335   в файле   80-246867741
На строке 33336   в файле   80-246868199
На строке 33337   в файле   80-246868765
На строке 33338   в файле   80-251695475
На строке 33339   в файле   80-246869563
На строке 33340   в файле   80-246869752
На строке 33341   в файле   80-252393588
На строке 33343   в файле   80-252539289
На строке 33344   в файле   80-252539491
На строке 33345   в файле   80-251702560
На строке 33346   в файле   80-251703357
На строке 33347   в файле   80-246872844
На строке 33348   в файле   80-251704854
На строке 33349   в файле   80-252539355
На строке 33350   в файле   80-246873708
На строке 33351   в файле   80-251705120
На строке 33352   в файле   80-251706439
На строке 33353   в файле   80-246874356
На строке 33354   в файле   80-252396446
На строке 33355   в файле   80-251707477
На строке 33356   в файле   80-246875623
На строке 33357   в файле   80-251712015
На строке 33358   в файле   80-251712738
На строке 33359   в файле   80-251714612
На строке 33360   в файле   80-251715289
На строке 33361   в файле   80-251716132
На строке 33362   в файле   80-251716137
На строке 33363   в файле   80-246881751
На строке 33364   в файле   80-252540734
На строке 33365   в файле   80-246884344
На строке 33366   в файле   80-246885349
На строке 33367   в файле   80-252539364
На строке 33368   в файле   80-251720698
На строке 33369   в файле   80-251721441
На строке 33370   в файле   80-251722044
На строке 33371   в файле   80-246889517
На строке 33372   в файле   80-251722683
На строке 33373   в файле   80-251723969
На строке 33374   в файле   80-252401244
На строке 33375   в файле   80-251725350
На строке 33376   в файле   80-246894479
На строке 33377   в файле   80-251724606
На строке 33378   в файле   80-251727805
На строке 33379   в файле   80-246897853
На строке 33380   в файле   80-251730980
На строке 33381   в файле   80-246901927
На строке 33382   в файле   80-251731961
На строке 33383   в файле   80-246902454
На строке 33384   в файле   80-246903438
На строке 33385   в файле   80-261132477
На строке 33386   в файле   80-261132518
На строке 33387   в файле   80-261133042
На строке 33388   в файле   80-261133048
На строке 33389   в файле   80-261263345
На строке 33390   в файле   80-259952832
На строке 33391   в файле   80-261133445
На строке 33392   в файле   80-261133227
На строке 33393   в файле   80-259953080
На строке 33394   в файле   80-259953617
На строке 33395   в файле   80-259954311
На строке 33396   в файле   80-259954320
На строке 33397   в файле   80-259955442
На строке 33398   в файле   80-259954757
На строке 33399   в файле   80-259955429
На строке 33400   в файле   80-259955649
На строке 33401   в файле   80-259955923
На строке 33402   в файле   80-259955976
На строке 33403   в файле   80-259957622
На строке 33404   в файле   80-259958790
На строке 33405   в файле   80-246854770
На строке 33406   в файле   80-259949627
На строке 33407   в файле   80-252390205
На строке 33408   в файле   80-261131386
На строке 33409   в файле   80-252388743
На строке 33410   в файле   80-261131200
На строке 33411   в файле   80-261131844
На строке 33412   в файле   80-259960746
На строке 33413   в файле   80-259961761
На строке 33414   в файле   80-259961646
На строке 33415   в файле   80-259962416
На строке 33416   в файле   80-259963752
На строке 33417   в файле   80-259963095
На строке 33418   в файле   80-259964780
На строке 33419   в файле   80-259965026
На строке 33420   в файле   80-259965627
На строке 33421   в файле   80-259965515
На строке 33422   в файле   80-259967001
На строке 33423   в файле   80-259966730
На строке 33424   в файле   80-259967906
На строке 33425   в файле   80-259968063
На строке 33426   в файле   80-259967892
На строке 33427   в файле   80-259968358
На строке 33428   в файле   80-259968608
На строке 33429   в файле   80-259968380
На строке 33430   в файле   80-259969381
На строке 33431   в файле   80-259968739
На строке 33432   в файле   80-259969385
На строке 33433   в файле   80-261134564
На строке 33434   в файле   80-261134386
На строке 33435   в файле   80-259970270
На строке 33436   в файле   80-261134577
На строке 33437   в файле   80-246865744
На строке 33438   в файле   80-251691726
На строке 33439   в файле   80-246867168
На строке 33440   в файле   80-246868374
На строке 33441   в файле   80-246869172
На строке 33442   в файле   80-246869364
На строке 33443   в файле   80-252394418
На строке 33444   в файле   80-246871097
На строке 33445   в файле   80-251701794
На строке 33446   в файле   80-246872193
На строке 33447   в файле   80-251703225
На строке 33448   в файле   80-246872623
На строке 33449   в файле   80-246873239
На строке 33450   в файле   80-251704182
На строке 33451   в файле   80-251704965
На строке 33452   в файле   80-251705829
На строке 33453   в файле   80-246874732
На строке 33454   в файле   80-252397178
На строке 33455   в файле   80-251711425
На строке 33456   в файле   80-251711446
На строке 33457   в файле   80-246878800
На строке 33458   в файле   80-252398705
На строке 33459   в файле   80-246879418
На строке 33460   в файле   80-246879919
На строке 33461   в файле   80-246879915
На строке 33462   в файле   80-246880515
На строке 33463   в файле   80-252398549
На строке 33464   в файле   80-252399889
На строке 33465   в файле   80-251717516
На строке 33466   в файле   80-252399907
На строке 33467   в файле   80-251720048
На строке 33468   в файле   80-246885689
На строке 33469   в файле   80-251719361
На строке 33470   в файле   80-251720676
На строке 33471   в файле   80-246888193
На строке 33472   в файле   80-251722734
На строке 33473   в файле   80-246889900
На строке 33474   в файле   80-246890658
На строке 33475   в файле   80-251723259
На строке 33476   в файле   80-251723533
На строке 33477   в файле   80-246891931
На строке 33478   в файле   80-246892971
На строке 33479   в файле   80-246893983
На строке 33480   в файле   80-251725214
На строке 33481   в файле   80-252400561
На строке 33482   в файле   80-251725852
На строке 33483   в файле   80-246896701
На строке 33484   в файле   80-251726435
На строке 33485   в файле   80-246898437
На строке 33486   в файле   80-251727847
На строке 33487   в файле   80-251727915
На строке 33488   в файле   80-246899984
На строке 33489   в файле   80-251729131
На строке 33490   в файле   80-252540349
На строке 33491   в файле   80-251729306
На строке 33492   в файле   80-246902876
На строке 33493   в файле   80-251733896
На строке 33494   в файле   80-252540731
На строке 33495   в файле   80-252540580
На строке 33496   в файле   80-251734643
На строке 33497   в файле   80-251734543
На строке 33498   в файле   80-251735162
На строке 33499   в файле   80-251734538
На строке 33500   в файле   80-246904803
На строке 33501   в файле   80-246905563
На строке 33502   в файле   80-246907747
На строке 33503   в файле   80-251735887
На строке 33504   в файле   80-251737126
На строке 33505   в файле   80-251737199
На строке 33506   в файле   80-252610463
На строке 33507   в файле   80-251738659
На строке 33508   в файле   80-251738674
На строке 33509   в файле   80-246913148
На строке 33510   в файле   80-251739753
На строке 33511   в файле   80-251740624
На строке 33512   в файле   80-251739785
На строке 33513   в файле   80-246914627
На строке 33514   в файле   80-251741106
На строке 33515   в файле   80-251741616
На строке 33516   в файле   80-246922368
На строке 33517   в файле   80-251741926
На строке 33518   в файле   80-252610360
На строке 33519   в файле   80-259959294
На строке 33520   в файле   80-259850235
На строке 33521   в файле   80-251658400
На строке 33522   в файле   80-252386962
На строке 33523   в файле   80-251659303
На строке 33524   в файле   80-246843981
На строке 33525   в файле   80-252388737
На строке 33526   в файле   80-252389565
На строке 33527   в файле   80-246846449
На строке 33528   в файле   80-251671442
На строке 33529   в файле   80-261122512
На строке 33530   в файле   80-261123169
На строке 33531   в файле   80-261123063
На строке 33532   в файле   80-259854275
На строке 33533   в файле   80-259856908
На строке 33534   в файле   80-259856832
На строке 33535   в файле   80-259856829
На строке 33536   в файле   80-259857959
На строке 33537   в файле   80-261123596
На строке 33538   в файле   80-261123670
На строке 33539   в файле   80-261124227
На строке 33540   в файле   80-246842060
На строке 33541   в файле   80-246841173
На строке 33542   в файле   80-261122305
На строке 33543   в файле   80-259848980
На строке 33544   в файле   80-259849014
На строке 33545   в файле   80-260761293
На строке 33546   в файле   80-252213753
На строке 33547   в файле   80-249905504
На строке 33548   в файле   80-249905757
На строке 33549   в файле   80-249905942
На строке 33550   в файле   80-249906153
На строке 33551   в файле   80-249906406
На строке 33552   в файле   80-249906693
На строке 33553   в файле   80-252218408
На строке 33554   в файле   80-260761323
На строке 33555   в файле   80-260761469
На строке 33556   в файле   80-260761548
На строке 33557   в файле   80-260761542
На строке 33558   в файле   80-260761880
На строке 33559   в файле   80-260761898
На строке 33560   в файле   80-260762053
На строке 33561   в файле   80-260762064
На строке 33562   в файле   80-260762092
На строке 33563   в файле   80-249905319
На строке 33564   в файле   80-249905372
На строке 33565   в файле   80-249905373
На строке 33566   в файле   80-249905371
На строке 33567   в файле   80-249905370
На строке 33568   в файле   80-249905405
На строке 33569   в файле   80-249905449
На строке 33570   в файле   80-249905496
На строке 33571   в файле   80-249905492
На строке 33572   в файле   80-249905491
На строке 33573   в файле   80-249905507
На строке 33574   в файле   80-249905574
На строке 33575   в файле   80-249905620
На строке 33576   в файле   80-249905628
На строке 33577   в файле   80-249905625
На строке 33578   в файле   80-249905647
На строке 33579   в файле   80-249905622
На строке 33580   в файле   80-249905697
На строке 33581   в файле   80-249905756
На строке 33582   в файле   80-249905767
На строке 33583   в файле   80-249905830
На строке 33584   в файле   80-249905775
На строке 33585   в файле   80-249905808
На строке 33586   в файле   80-252214413
На строке 33587   в файле   80-252214385
На строке 33588   в файле   80-249905896
На строке 33589   в файле   80-249905961
На строке 33590   в файле   80-249905948
На строке 33591   в файле   80-249905960
На строке 33592   в файле   80-249905895
На строке 33593   в файле   80-249906028
На строке 33594   в файле   80-252215358
На строке 33595   в файле   80-249906089
На строке 33596   в файле   80-249906085
На строке 33597   в файле   80-249906035
На строке 33598   в файле   80-249906098
На строке 33599   в файле   80-249906161
На строке 33600   в файле   80-249906086
На строке 33601   в файле   80-249906217
На строке 33602   в файле   80-249906231
На строке 33603   в файле   80-249906224
На строке 33604   в файле   80-249906274
На строке 33605   в файле   80-249906220
На строке 33606   в файле   80-252502893
На строке 33607   в файле   80-252502898
На строке 33608   в файле   80-249906273
На строке 33609   в файле   80-249906356
На строке 33610   в файле   80-249906413
На строке 33611   в файле   80-249906401
На строке 33612   в файле   80-249906343
На строке 33613   в файле   80-249906409
На строке 33614   в файле   80-249906533
На строке 33615   в файле   80-252502895
На строке 33616   в файле   80-249906541
На строке 33617   в файле   80-249906491
На строке 33618   в файле   80-249906553
На строке 33619   в файле   80-249906560
На строке 33620   в файле   80-249906713
На строке 33621   в файле   80-249906592
На строке 33622   в файле   80-249906721
На строке 33623   в файле   80-249906705
На строке 33624   в файле   80-249906695
На строке 33625   в файле   80-249906847
На строке 33626   в файле   80-249906751
На строке 33627   в файле   80-249906901
На строке 33628   в файле   80-249906853
На строке 33629   в файле   80-249906844
На строке 33630   в файле   80-249906848
На строке 33631   в файле   80-252503288
На строке 33632   в файле   80-249906896
На строке 33633   в файле   80-249906959
На строке 33634   в файле   80-249906986
На строке 33635   в файле   80-249907046
На строке 33636   в файле   80-216548139
На строке 33637   в файле   80-249896873
На строке 33638   в файле   80-260751051
На строке 33639   в файле   80-216546141
На строке 33640   в файле   80-249901021
На строке 33641   в файле   80-260755762
На строке 33642   в файле   80-216548678
На строке 33643   в файле   80-249899244
На строке 33644   в файле   80-260753567
На строке 33645   в файле   80-216701032
На строке 33646   в файле   80-252210401
На строке 33647   в файле   80-260759104
На строке 33648   в файле   80-216700945
На строке 33649   в файле   80-259201174
На строке 33650   в файле   80-216701550
На строке 33651   в файле   80-252502892
На строке 33652   в файле   80-260760953
На строке 33653   в файле   80-216702713
На строке 33654   в файле   80-249896399
На строке 33655   в файле   80-260751112
На строке 33656   в файле   80-216838384
На строке 33657   в файле   80-216824647
На строке 33658   в файле   80-249896949
На строке 33659   в файле   80-260751476
На строке 33660   в файле   80-216858669
На строке 33661   в файле   80-249898286
На строке 33662   в файле   80-260752030
На строке 33663   в файле   80-216858853
На строке 33664   в файле   80-249899160
На строке 33665   в файле   80-260753707
На строке 33666   в файле   80-216858857
На строке 33667   в файле   80-259172522
На строке 33668   в файле   80-216858844
На строке 33669   в файле   80-249890967
На строке 33670   в файле   80-260747349
На строке 33671   в файле   80-216858984
На строке 33672   в файле   80-249897054
На строке 33673   в файле   80-260751272
На строке 33674   в файле   80-216858630
На строке 33675   в файле   80-249903635
На строке 33676   в файле   80-260758068
На строке 33677   в файле   80-216868798
На строке 33678   в файле   80-249899472
На строке 33679   в файле   80-260754206
На строке 33680   в файле   80-216877751
На строке 33681   в файле   80-252200148
На строке 33682   в файле   80-261271028
На строке 33683   в файле   80-216839419
На строке 33684   в файле   80-249899633
На строке 33685   в файле   80-260754489
На строке 33686   в файле   80-249891373
На строке 33687   в файле   80-249891808
На строке 33688   в файле   80-260747888
На строке 33689   в файле   80-249891898
На строке 33690   в файле   80-260747883
На строке 33691   в файле   80-249892162
На строке 33692   в файле   80-260748167
На строке 33693   в файле   80-249892163
На строке 33694   в файле   80-260748371
На строке 33695   в файле   80-249892170
На строке 33696   в файле   80-260748388
На строке 33697   в файле   80-249892727
На строке 33698   в файле   80-260748832
На строке 33699   в файле   80-249893654
На строке 33700   в файле   80-260749372
На строке 33701   в файле   80-249894068
На строке 33702   в файле   80-260749797
На строке 33703   в файле   80-249894787
На строке 33704   в файле   80-249894800
На строке 33705   в файле   80-260750114
На строке 33706   в файле   80-249895042
На строке 33707   в файле   80-260750530
На строке 33708   в файле   80-249895488
На строке 33709   в файле   80-261242647
На строке 33710   в файле   80-249895649
На строке 33711   в файле   80-260750598
На строке 33712   в файле   80-249896149
На строке 33713   в файле   80-260751100
На строке 33714   в файле   80-249896142
На строке 33715   в файле   80-261242488
На строке 33716   в файле   80-249896359
На строке 33717   в файле   80-260750824
На строке 33718   в файле   80-249896574
На строке 33719   в файле   80-260751233
На строке 33720   в файле   80-249896701
На строке 33721   в файле   80-260751247
На строке 33722   в файле   80-249897232
На строке 33723   в файле   80-249897567
На строке 33724   в файле   80-261270862
На строке 33725   в файле   80-249897951
На строке 33726   в файле   80-261242756
На строке 33727   в файле   80-249898052
На строке 33728   в файле   80-260751851
На строке 33729   в файле   80-249898128
На строке 33730   в файле   80-249898221
На строке 33731   в файле   80-260752130
На строке 33732   в файле   80-249898287
На строке 33733   в файле   80-249898290
На строке 33734   в файле   80-260752251
На строке 33735   в файле   80-249898455
На строке 33736   в файле   80-260752555
На строке 33737   в файле   80-249898533
На строке 33738   в файле   80-260752953
На строке 33739   в файле   80-249898615
На строке 33740   в файле   80-260752951
На строке 33741   в файле   80-249898681
На строке 33742   в файле   80-260752818
На строке 33743   в файле   80-249898725
На строке 33744   в файле   80-260752992
На строке 33745   в файле   80-249898756
На строке 33746   в файле   80-260753016
На строке 33747   в файле   80-249898832
На строке 33748   в файле   80-260753370
На строке 33749   в файле   80-249898837
На строке 33750   в файле   80-260753170
На строке 33751   в файле   80-249898977
На строке 33752   в файле   80-261242693
На строке 33753   в файле   80-249898998
На строке 33754   в файле   80-249899087
На строке 33755   в файле   80-260753450
На строке 33756   в файле   80-249899167
На строке 33757   в файле   80-260753437
На строке 33758   в файле   80-249899243
На строке 33759   в файле   80-260753871
На строке 33760   в файле   80-249899304
На строке 33761   в файле   80-260753995
На строке 33762   в файле   80-249899308
На строке 33763   в файле   80-260753864
На строке 33764   в файле   80-249899310
На строке 33765   в файле   80-260753865
На строке 33766   в файле   80-249899386
На строке 33767   в файле   80-260754257
На строке 33768   в файле   80-249899465
На строке 33769   в файле   80-260754436
На строке 33770   в файле   80-249899550
На строке 33771   в файле   80-249899576
На строке 33772   в файле   80-260754351
На строке 33773   в файле   80-249899694
На строке 33774   в файле   80-260755090
На строке 33775   в файле   80-249900376
На строке 33776   в файле   80-261242731
На строке 33777   в файле   80-249900526
На строке 33778   в файле   80-260755051
На строке 33779   в файле   80-249900852
На строке 33780   в файле   80-260755304
На строке 33781   в файле   80-249900953
На строке 33782   в файле   80-260755499
На строке 33783   в файле   80-249901094
На строке 33784   в файле   80-249901163
На строке 33785   в файле   80-260755542
На строке 33786   в файле   80-249901685
На строке 33787   в файле   80-260756042
На строке 33788   в файле   80-249901704
На строке 33789   в файле   80-260756272
На строке 33790   в файле   80-249901715
На строке 33791   в файле   80-260756004
На строке 33792   в файле   80-249901899
На строке 33793   в файле   80-260755986
На строке 33794   в файле   80-249902370
На строке 33795   в файле   80-261243122
На строке 33796   в файле   80-249902524
На строке 33797   в файле   80-260756753
На строке 33798   в файле   80-249902593
На строке 33799   в файле   80-260756524
На строке 33800   в файле   80-249902621
На строке 33801   в файле   80-260757281
На строке 33802   в файле   80-249902755
На строке 33803   в файле   80-260756798
На строке 33804   в файле   80-249902829
На строке 33805   в файле   80-261271205
На строке 33806   в файле   80-249902879
На строке 33807   в файле   80-260757114
На строке 33808   в файле   80-249902931
На строке 33809   в файле   80-260757244
На строке 33810   в файле   80-249903322
На строке 33811   в файле   80-249903325
На строке 33812   в файле   80-260757270
На строке 33813   в файле   80-249903318
На строке 33814   в файле   80-260757578
На строке 33815   в файле   80-249903467
На строке 33816   в файле   80-261243022
На строке 33817   в файле   80-249903476
На строке 33818   в файле   80-260757776
На строке 33819   в файле   80-249903486
На строке 33820   в файле   80-260757423
На строке 33821   в файле   80-249903609
На строке 33822   в файле   80-260757710
На строке 33823   в файле   80-249903610
На строке 33824   в файле   80-260757761
На строке 33825   в файле   80-249903626
На строке 33826   в файле   80-260757432
На строке 33827   в файле   80-249903681
На строке 33828   в файле   80-260757943
На строке 33829   в файле   80-249903741
На строке 33830   в файле   80-260758178
На строке 33831   в файле   80-249903888
На строке 33832   в файле   80-260758247
На строке 33833   в файле   80-249904074
На строке 33834   в файле   80-260758442
На строке 33835   в файле   80-249904144
На строке 33836   в файле   80-260758713
На строке 33837   в файле   80-249904187
На строке 33838   в файле   80-260758655
На строке 33839   в файле   80-249904239
На строке 33840   в файле   80-260759039
На строке 33841   в файле   80-249895193
На строке 33842   в файле   80-249904293
На строке 33843   в файле   80-261243217
На строке 33844   в файле   80-249904370
На строке 33845   в файле   80-260759338
На строке 33846   в файле   80-249904404
На строке 33847   в файле   80-260759705
На строке 33848   в файле   80-249904450
На строке 33849   в файле   80-260758992
На строке 33850   в файле   80-249904459
На строке 33851   в файле   80-260759275
На строке 33852   в файле   80-249904662
На строке 33853   в файле   80-260759719
На строке 33854   в файле   80-249904709
На строке 33855   в файле   80-261243355
На строке 33856   в файле   80-249904788
На строке 33857   в файле   80-260759709
На строке 33858   в файле   80-249904794
На строке 33859   в файле   80-260759934
На строке 33860   в файле   80-249904845
На строке 33861   в файле   80-261243324
На строке 33862   в файле   80-249904848
На строке 33863   в файле   80-260760251
На строке 33864   в файле   80-249904858
На строке 33865   в файле   80-260759903
На строке 33866   в файле   80-249904903
На строке 33867   в файле   80-260760444
На строке 33868   в файле   80-249905004
На строке 33869   в файле   80-260760753
На строке 33870   в файле   80-249905032
На строке 33871   в файле   80-249897059
На строке 33872   в файле   80-260751541
На строке 33873   в файле   80-249897128
На строке 33874   в файле   80-260751600
На строке 33875   в файле   80-249897406
На строке 33876   в файле   80-260751856
На строке 33877   в файле   80-249897558
На строке 33878   в файле   80-261242705
На строке 33879   в файле   80-249899693
На строке 33880   в файле   80-260754804
На строке 33881   в файле   80-249902483
На строке 33882   в файле   80-260756478
На строке 33883   в файле   80-249903744
На строке 33884   в файле   80-261243099
На строке 33885   в файле   80-249903885
На строке 33886   в файле   80-261243023
На строке 33887   в файле   80-249904002
На строке 33888   в файле   80-260758291
На строке 33889   в файле   80-249904307
На строке 33890   в файле   80-260758857
На строке 33891   в файле   80-249904945
На строке 33892   в файле   80-261243507
На строке 33893   в файле   80-249901742
На строке 33894   в файле   80-260756155
На строке 33895   в файле   80-252176401
На строке 33896   в файле   80-260747784
На строке 33897   в файле   80-252180023
На строке 33898   в файле   80-260749413
На строке 33899   в файле   80-252184500
На строке 33900   в файле   80-252185045
На строке 33901   в файле   80-260750805
На строке 33902   в файле   80-252195465
На строке 33903   в файле   80-260754896
На строке 33904   в файле   80-252200220
На строке 33905   в файле   80-260755374
На строке 33906   в файле   80-252211683
На строке 33907   в файле   80-261243506
На строке 33908   в файле   80-252213907
На строке 33909   в файле   80-260761263
На строке 33910   в файле   80-252196813
На строке 33911   в файле   80-260754906
На строке 33912   в файле   80-252204718
На строке 33913   в файле   80-260756991
На строке 33914   в файле   80-252209676
На строке 33915   в файле   80-252211178
На строке 33916   в файле   80-260760942
На строке 33917   в файле   80-252212323
На строке 33918   в файле   80-260760231
На строке 33919   в файле   80-252212509
На строке 33920   в файле   80-260760461
На строке 33921   в файле   80-252204187
На строке 33922   в файле   80-252211144
На строке 33923   в файле   80-260759924
На строке 33924   в файле   80-252193498
На строке 33925   в файле   80-260752361
На строке 33926   в файле   80-252194307
На строке 33927   в файле   80-252197483
На строке 33928   в файле   80-260755123
На строке 33929   в файле   80-252202116
На строке 33930   в файле   80-260756560
На строке 33931   в файле   80-252500466
На строке 33932   в файле   80-252500832
На строке 33933   в файле   80-260750148
На строке 33934   в файле   80-252501208
На строке 33935   в файле   80-260752485
На строке 33936   в файле   80-252501516
На строке 33937   в файле   80-260752576
На строке 33938   в файле   80-252501930
На строке 33939   в файле   80-260755878
На строке 33940   в файле   80-252502890
На строке 33941   в файле   80-260760796
На строке 33942   в файле   80-252502413
На строке 33943   в файле   80-260758541
На строке 33944   в файле   80-252622752
На строке 33945   в файле   80-260751784
На строке 33946   в файле   80-259171901
На строке 33947   в файле   80-260760797
На строке 33948   в файле   80-259200300
На строке 33949   в файле   80-259200545
На строке 33950   в файле   80-259200960
На строке 33951   в файле   80-259173261
На строке 33952   в файле   80-259201093
На строке 33953   в файле   80-260528193
На строке 33954   в файле   80-249626568
На строке 33955   в файле   80-252116897
На строке 33956   в файле   80-249631296
На строке 33957   в файле   80-249631607
На строке 33958   в файле   80-249631918
На строке 33959   в файле   80-249632270
На строке 33960   в файле   80-249633608
На строке 33961   в файле   80-249633722
На строке 33962   в файле   80-260528454
На строке 33963   в файле   80-260528810
На строке 33964   в файле   80-260528777
На строке 33965   в файле   80-260528828
На строке 33966   в файле   80-261228007
На строке 33967   в файле   80-260528740
На строке 33968   в файле   80-260529055
На строке 33969   в файле   80-260529358
На строке 33970   в файле   80-260529342
На строке 33971   в файле   80-249626949
На строке 33972   в файле   80-249627862
На строке 33973   в файле   80-249628165
На строке 33974   в файле   80-252116746
На строке 33975   в файле   80-249625777
На строке 33976   в файле   80-260528460
На строке 33977   в файле   80-260528196
На строке 33978   в файле   80-261228246
На строке 33979   в файле   80-260529060
